[2025-03-19T13:33:37.661+0000][0.004s][info][gc] Using G1
[2025-03-19T13:33:37.665+0000][0.007s][info][gc,init] Version: 17.0.13+11-Debian-2deb12u1 (release)
[2025-03-19T13:33:37.665+0000][0.007s][info][gc,init] CPUs: 4 total, 4 available
[2025-03-19T13:33:37.665+0000][0.007s][info][gc,init] Memory: 7213M
[2025-03-19T13:33:37.665+0000][0.007s][info][gc,init] Large Page Support: Disabled
[2025-03-19T13:33:37.665+0000][0.008s][info][gc,init] NUMA Support: Disabled
[2025-03-19T13:33:37.665+0000][0.008s][info][gc,init] Compressed Oops: Enabled (32-bit)
[2025-03-19T13:33:37.665+0000][0.008s][info][gc,init] Heap Region Size: 1M
[2025-03-19T13:33:37.665+0000][0.008s][info][gc,init] Heap Min Capacity: 8M
[2025-03-19T13:33:37.665+0000][0.008s][info][gc,init] Heap Initial Capacity: 114M
[2025-03-19T13:33:37.665+0000][0.008s][info][gc,init] Heap Max Capacity: 1804M
[2025-03-19T13:33:37.665+0000][0.008s][info][gc,init] Pre-touch: Disabled
[2025-03-19T13:33:37.665+0000][0.008s][info][gc,init] Parallel Workers: 4
[2025-03-19T13:33:37.665+0000][0.008s][info][gc,init] Concurrent Workers: 1
[2025-03-19T13:33:37.665+0000][0.008s][info][gc,init] Concurrent Refinement Workers: 4
[2025-03-19T13:33:37.665+0000][0.008s][info][gc,init] Periodic GC: Disabled
[2025-03-19T13:33:37.674+0000][0.016s][info][gc,metaspace] CDS archive(s) mapped at: [0x0000769f7b000000-0x0000769f7bbc9000-0x0000769f7bbc9000), size 12357632, SharedBaseAddress: 0x0000769f7b000000, ArchiveRelocationMode: 1.
[2025-03-19T13:33:37.674+0000][0.016s][info][gc,metaspace] Compressed class space mapped at: 0x0000769f7c000000-0x0000769fbc000000, reserved size: 1073741824
[2025-03-19T13:33:37.674+0000][0.016s][info][gc,metaspace] Narrow klass base: 0x0000769f7b000000, Narrow klass shift: 0, Narrow klass range: 0x100000000
[2025-03-19T13:33:37.682+0000][0.025s][info][cds,heap    ] initialize_from_archived_subgraph java.lang.Module$ArchivedData 0x0000769f7b183388 (early)
[2025-03-19T13:33:37.683+0000][0.026s][info][cds,heap    ] initialize_from_archived_subgraph java.util.ImmutableCollections 0x0000769f7b070cd8 (early)
[2025-03-19T13:33:37.686+0000][0.029s][info][cds,heap    ] initialize_from_archived_subgraph java.lang.Integer$IntegerCache 0x0000769f7b036060 (early)
[2025-03-19T13:33:37.690+0000][0.033s][info][cds,heap    ] initialize_from_archived_subgraph java.lang.module.Configuration 0x0000769f7b171308 (early)
[2025-03-19T13:33:37.690+0000][0.033s][info][cds,heap    ] initialize_from_archived_subgraph java.lang.ModuleLayer 0x0000769f7b145c58 (early)
[2025-03-19T13:33:37.691+0000][0.034s][info][cds,heap    ] initialize_from_archived_subgraph jdk.internal.loader.ArchivedClassLoaders 0x0000769f7b1a79f0 (early)
[2025-03-19T13:33:37.691+0000][0.034s][info][cds,heap    ] initialize_from_archived_subgraph jdk.internal.module.ArchivedBootLayer 0x0000769f7b177f48 (early)
[2025-03-19T13:33:37.693+0000][0.035s][info][cds,heap    ] initialize_from_archived_subgraph sun.util.locale.BaseLocale 0x0000769f7b26bb10
[2025-03-19T13:33:37.706+0000][0.049s][info][cds,heap    ] initialize_from_archived_subgraph java.util.jar.Attributes$Name 0x0000769f7b199468
[2025-03-19T13:33:37.752+0000][0.094s][info][cds,heap    ] initialize_from_archived_subgraph java.lang.Long$LongCache 0x0000769f7b01f998
[2025-03-19T13:33:37.876+0000][0.219s][info][cds,heap    ] initialize_from_archived_subgraph java.lang.Character$CharacterCache 0x0000769f7b0393e8
[2025-03-19T13:33:38.683+0000][1.025s][debug][safepoint   ] Safepoint synchronization initiated using futex wait barrier. (13 threads)
[2025-03-19T13:33:38.683+0000][1.025s][info ][gc,start    ] GC(0) Pause Young (Normal) (G1 Evacuation Pause)
[2025-03-19T13:33:38.683+0000][1.026s][info ][gc,task     ] GC(0) Using 2 workers of 4 for evacuation
[2025-03-19T13:33:38.690+0000][1.033s][info ][gc,phases   ] GC(0)   Pre Evacuate Collection Set: 0.1ms
[2025-03-19T13:33:38.690+0000][1.033s][info ][gc,phases   ] GC(0)   Merge Heap Roots: 0.1ms
[2025-03-19T13:33:38.690+0000][1.033s][info ][gc,phases   ] GC(0)   Evacuate Collection Set: 6.1ms
[2025-03-19T13:33:38.690+0000][1.033s][info ][gc,phases   ] GC(0)   Post Evacuate Collection Set: 0.7ms
[2025-03-19T13:33:38.690+0000][1.033s][info ][gc,phases   ] GC(0)   Other: 0.2ms
[2025-03-19T13:33:38.690+0000][1.033s][info ][gc,heap     ] GC(0) Eden regions: 37->0(48)
[2025-03-19T13:33:38.690+0000][1.033s][info ][gc,heap     ] GC(0) Survivor regions: 0->5(5)
[2025-03-19T13:33:38.690+0000][1.033s][info ][gc,heap     ] GC(0) Old regions: 0->2
[2025-03-19T13:33:38.690+0000][1.033s][info ][gc,heap     ] GC(0) Archive regions: 2->2
[2025-03-19T13:33:38.690+0000][1.033s][info ][gc,heap     ] GC(0) Humongous regions: 0->0
[2025-03-19T13:33:38.690+0000][1.033s][info ][gc,metaspace] GC(0) Metaspace: 2074K(2304K)->2074K(2304K) NonClass: 1868K(1984K)->1868K(1984K) Class: 205K(320K)->205K(320K)
[2025-03-19T13:33:38.690+0000][1.033s][info ][gc          ] GC(0) Pause Young (Normal) (G1 Evacuation Pause) 37M->7M(116M) 7.251ms
[2025-03-19T13:33:38.690+0000][1.033s][info ][gc,cpu      ] GC(0) User=0.02s Sys=0.01s Real=0.01s
[2025-03-19T13:33:38.690+0000][1.033s][info ][safepoint   ] Safepoint "G1CollectForAllocation", Time since last: 1001029102 ns, Reaching safepoint: 37849 ns, Cleanup: 73527 ns, At safepoint: 7311521 ns, Total: 7422897 ns
[2025-03-19T13:33:39.464+0000][1.807s][debug][safepoint   ] Safepoint synchronization initiated using futex wait barrier. (13 threads)
[2025-03-19T13:33:39.464+0000][1.807s][info ][gc,start    ] GC(1) Pause Young (Normal) (G1 Evacuation Pause)
[2025-03-19T13:33:39.464+0000][1.807s][info ][gc,task     ] GC(1) Using 2 workers of 4 for evacuation
[2025-03-19T13:33:39.479+0000][1.822s][info ][gc,phases   ] GC(1)   Pre Evacuate Collection Set: 0.1ms
[2025-03-19T13:33:39.479+0000][1.822s][info ][gc,phases   ] GC(1)   Merge Heap Roots: 0.1ms
[2025-03-19T13:33:39.479+0000][1.822s][info ][gc,phases   ] GC(1)   Evacuate Collection Set: 13.7ms
[2025-03-19T13:33:39.479+0000][1.822s][info ][gc,phases   ] GC(1)   Post Evacuate Collection Set: 1.1ms
[2025-03-19T13:33:39.479+0000][1.822s][info ][gc,phases   ] GC(1)   Other: 0.1ms
[2025-03-19T13:33:39.479+0000][1.822s][info ][gc,heap     ] GC(1) Eden regions: 48->0(62)
[2025-03-19T13:33:39.479+0000][1.822s][info ][gc,heap     ] GC(1) Survivor regions: 5->4(7)
[2025-03-19T13:33:39.479+0000][1.822s][info ][gc,heap     ] GC(1) Old regions: 2->7
[2025-03-19T13:33:39.479+0000][1.822s][info ][gc,heap     ] GC(1) Archive regions: 2->2
[2025-03-19T13:33:39.479+0000][1.822s][info ][gc,heap     ] GC(1) Humongous regions: 0->0
[2025-03-19T13:33:39.479+0000][1.822s][info ][gc,metaspace] GC(1) Metaspace: 3607K(3904K)->3607K(3904K) NonClass: 3231K(3392K)->3231K(3392K) Class: 376K(512K)->376K(512K)
[2025-03-19T13:33:39.479+0000][1.822s][info ][gc          ] GC(1) Pause Young (Normal) (G1 Evacuation Pause) 55M->11M(116M) 15.184ms
[2025-03-19T13:33:39.479+0000][1.822s][info ][gc,cpu      ] GC(1) User=0.03s Sys=0.01s Real=0.01s
[2025-03-19T13:33:39.479+0000][1.822s][info ][safepoint   ] Safepoint "G1CollectForAllocation", Time since last: 773842801 ns, Reaching safepoint: 44107 ns, Cleanup: 75318 ns, At safepoint: 15242001 ns, Total: 15361426 ns
[2025-03-19T13:33:40.226+0000][2.568s][debug][safepoint   ] Safepoint synchronization initiated using futex wait barrier. (14 threads)
[2025-03-19T13:33:40.226+0000][2.569s][info ][gc,start    ] GC(2) Pause Young (Normal) (G1 Evacuation Pause)
[2025-03-19T13:33:40.226+0000][2.569s][info ][gc,task     ] GC(2) Using 2 workers of 4 for evacuation
[2025-03-19T13:33:40.239+0000][2.582s][info ][gc,phases   ] GC(2)   Pre Evacuate Collection Set: 0.1ms
[2025-03-19T13:33:40.239+0000][2.582s][info ][gc,phases   ] GC(2)   Merge Heap Roots: 0.1ms
[2025-03-19T13:33:40.239+0000][2.582s][info ][gc,phases   ] GC(2)   Evacuate Collection Set: 10.6ms
[2025-03-19T13:33:40.239+0000][2.582s][info ][gc,phases   ] GC(2)   Post Evacuate Collection Set: 2.5ms
[2025-03-19T13:33:40.239+0000][2.582s][info ][gc,phases   ] GC(2)   Other: 0.1ms
[2025-03-19T13:33:40.239+0000][2.582s][info ][gc,heap     ] GC(2) Eden regions: 62->0(63)
[2025-03-19T13:33:40.239+0000][2.582s][info ][gc,heap     ] GC(2) Survivor regions: 4->5(9)
[2025-03-19T13:33:40.239+0000][2.582s][info ][gc,heap     ] GC(2) Old regions: 7->7
[2025-03-19T13:33:40.240+0000][2.582s][info ][gc,heap     ] GC(2) Archive regions: 2->2
[2025-03-19T13:33:40.240+0000][2.582s][info ][gc,heap     ] GC(2) Humongous regions: 0->0
[2025-03-19T13:33:40.240+0000][2.582s][info ][gc,metaspace] GC(2) Metaspace: 6200K(6528K)->6200K(6528K) NonClass: 5442K(5568K)->5442K(5568K) Class: 758K(960K)->758K(960K)
[2025-03-19T13:33:40.240+0000][2.582s][info ][gc          ] GC(2) Pause Young (Normal) (G1 Evacuation Pause) 73M->12M(116M) 13.492ms
[2025-03-19T13:33:40.240+0000][2.582s][info ][gc,cpu      ] GC(2) User=0.03s Sys=0.01s Real=0.01s
[2025-03-19T13:33:40.240+0000][2.582s][info ][safepoint   ] Safepoint "G1CollectForAllocation", Time since last: 746551604 ns, Reaching safepoint: 51050 ns, Cleanup: 131570 ns, At safepoint: 13557576 ns, Total: 13740196 ns
[2025-03-19T13:33:40.811+0000][3.153s][debug][safepoint   ] Safepoint synchronization initiated using futex wait barrier. (14 threads)
[2025-03-19T13:33:40.811+0000][3.154s][info ][gc,start    ] GC(3) Pause Young (Normal) (G1 Evacuation Pause)
[2025-03-19T13:33:40.811+0000][3.154s][info ][gc,task     ] GC(3) Using 2 workers of 4 for evacuation
[2025-03-19T13:33:40.817+0000][3.160s][info ][gc,phases   ] GC(3)   Pre Evacuate Collection Set: 0.1ms
[2025-03-19T13:33:40.817+0000][3.160s][info ][gc,phases   ] GC(3)   Merge Heap Roots: 0.0ms
[2025-03-19T13:33:40.817+0000][3.160s][info ][gc,phases   ] GC(3)   Evacuate Collection Set: 5.4ms
[2025-03-19T13:33:40.817+0000][3.160s][info ][gc,phases   ] GC(3)   Post Evacuate Collection Set: 0.7ms
[2025-03-19T13:33:40.817+0000][3.160s][info ][gc,phases   ] GC(3)   Other: 0.1ms
[2025-03-19T13:33:40.817+0000][3.160s][info ][gc,heap     ] GC(3) Eden regions: 63->0(65)
[2025-03-19T13:33:40.817+0000][3.160s][info ][gc,heap     ] GC(3) Survivor regions: 5->3(9)
[2025-03-19T13:33:40.817+0000][3.160s][info ][gc,heap     ] GC(3) Old regions: 7->10
[2025-03-19T13:33:40.817+0000][3.160s][info ][gc,heap     ] GC(3) Archive regions: 2->2
[2025-03-19T13:33:40.817+0000][3.160s][info ][gc,heap     ] GC(3) Humongous regions: 0->0
[2025-03-19T13:33:40.817+0000][3.160s][info ][gc,metaspace] GC(3) Metaspace: 9618K(9984K)->9618K(9984K) NonClass: 8388K(8576K)->8388K(8576K) Class: 1230K(1408K)->1230K(1408K)
[2025-03-19T13:33:40.817+0000][3.160s][info ][gc          ] GC(3) Pause Young (Normal) (G1 Evacuation Pause) 75M->13M(116M) 6.409ms
[2025-03-19T13:33:40.817+0000][3.160s][info ][gc,cpu      ] GC(3) User=0.01s Sys=0.00s Real=0.00s
[2025-03-19T13:33:40.817+0000][3.160s][info ][safepoint   ] Safepoint "G1CollectForAllocation", Time since last: 571223872 ns, Reaching safepoint: 60272 ns, Cleanup: 63620 ns, At safepoint: 6448787 ns, Total: 6572679 ns
[2025-03-19T13:33:41.110+0000][3.452s][debug][safepoint   ] Safepoint synchronization initiated using futex wait barrier. (14 threads)
[2025-03-19T13:33:41.110+0000][3.452s][info ][gc,start    ] GC(4) Pause Young (Normal) (G1 Evacuation Pause)
[2025-03-19T13:33:41.110+0000][3.452s][info ][gc,task     ] GC(4) Using 2 workers of 4 for evacuation
[2025-03-19T13:33:41.114+0000][3.457s][info ][gc,phases   ] GC(4)   Pre Evacuate Collection Set: 0.0ms
[2025-03-19T13:33:41.114+0000][3.457s][info ][gc,phases   ] GC(4)   Merge Heap Roots: 0.0ms
[2025-03-19T13:33:41.114+0000][3.457s][info ][gc,phases   ] GC(4)   Evacuate Collection Set: 3.8ms
[2025-03-19T13:33:41.114+0000][3.457s][info ][gc,phases   ] GC(4)   Post Evacuate Collection Set: 0.5ms
[2025-03-19T13:33:41.114+0000][3.457s][info ][gc,phases   ] GC(4)   Other: 0.1ms
[2025-03-19T13:33:41.114+0000][3.457s][info ][gc,heap     ] GC(4) Eden regions: 65->0(64)
[2025-03-19T13:33:41.114+0000][3.457s][info ][gc,heap     ] GC(4) Survivor regions: 3->4(9)
[2025-03-19T13:33:41.114+0000][3.457s][info ][gc,heap     ] GC(4) Old regions: 10->10
[2025-03-19T13:33:41.114+0000][3.457s][info ][gc,heap     ] GC(4) Archive regions: 2->2
[2025-03-19T13:33:41.114+0000][3.457s][info ][gc,heap     ] GC(4) Humongous regions: 0->0
[2025-03-19T13:33:41.114+0000][3.457s][info ][gc,metaspace] GC(4) Metaspace: 11252K(11520K)->11252K(11520K) NonClass: 9770K(9920K)->9770K(9920K) Class: 1481K(1600K)->1481K(1600K)
[2025-03-19T13:33:41.114+0000][3.457s][info ][gc          ] GC(4) Pause Young (Normal) (G1 Evacuation Pause) 78M->13M(116M) 4.507ms
[2025-03-19T13:33:41.114+0000][3.457s][info ][gc,cpu      ] GC(4) User=0.01s Sys=0.00s Real=0.01s
[2025-03-19T13:33:41.114+0000][3.457s][info ][safepoint   ] Safepoint "G1CollectForAllocation", Time since last: 292301012 ns, Reaching safepoint: 40697 ns, Cleanup: 39199 ns, At safepoint: 4546353 ns, Total: 4626249 ns
[2025-03-19T13:33:41.242+0000][3.585s][debug][safepoint   ] Safepoint synchronization initiated using futex wait barrier. (14 threads)
[2025-03-19T13:33:41.242+0000][3.585s][info ][safepoint   ] Safepoint "ICBufferFull", Time since last: 127811069 ns, Reaching safepoint: 67705 ns, Cleanup: 135358 ns, At safepoint: 5089 ns, Total: 208152 ns
[2025-03-19T13:33:41.668+0000][4.011s][debug][safepoint   ] Safepoint synchronization initiated using futex wait barrier. (15 threads)
[2025-03-19T13:33:41.668+0000][4.011s][info ][gc,start    ] GC(5) Pause Young (Normal) (G1 Evacuation Pause)
[2025-03-19T13:33:41.668+0000][4.011s][info ][gc,task     ] GC(5) Using 4 workers of 4 for evacuation
[2025-03-19T13:33:41.676+0000][4.018s][info ][gc,phases   ] GC(5)   Pre Evacuate Collection Set: 0.0ms
[2025-03-19T13:33:41.676+0000][4.018s][info ][gc,phases   ] GC(5)   Merge Heap Roots: 0.1ms
[2025-03-19T13:33:41.676+0000][4.018s][info ][gc,phases   ] GC(5)   Evacuate Collection Set: 6.2ms
[2025-03-19T13:33:41.676+0000][4.018s][info ][gc,phases   ] GC(5)   Post Evacuate Collection Set: 0.8ms
[2025-03-19T13:33:41.676+0000][4.018s][info ][gc,phases   ] GC(5)   Other: 0.1ms
[2025-03-19T13:33:41.676+0000][4.018s][info ][gc,heap     ] GC(5) Eden regions: 64->0(78)
[2025-03-19T13:33:41.676+0000][4.018s][info ][gc,heap     ] GC(5) Survivor regions: 4->6(9)
[2025-03-19T13:33:41.676+0000][4.018s][info ][gc,heap     ] GC(5) Old regions: 10->10
[2025-03-19T13:33:41.676+0000][4.018s][info ][gc,heap     ] GC(5) Archive regions: 2->2
[2025-03-19T13:33:41.676+0000][4.018s][info ][gc,heap     ] GC(5) Humongous regions: 0->0
[2025-03-19T13:33:41.676+0000][4.018s][info ][gc,metaspace] GC(5) Metaspace: 13765K(14144K)->13765K(14144K) NonClass: 11978K(12160K)->11978K(12160K) Class: 1787K(1984K)->1787K(1984K)
[2025-03-19T13:33:41.676+0000][4.018s][info ][gc          ] GC(5) Pause Young (Normal) (G1 Evacuation Pause) 77M->15M(140M) 7.319ms
[2025-03-19T13:33:41.676+0000][4.018s][info ][gc,cpu      ] GC(5) User=0.02s Sys=0.00s Real=0.01s
[2025-03-19T13:33:41.676+0000][4.018s][info ][safepoint   ] Safepoint "G1CollectForAllocation", Time since last: 425874511 ns, Reaching safepoint: 115566 ns, Cleanup: 109304 ns, At safepoint: 7364063 ns, Total: 7588933 ns
[2025-03-19T13:33:42.088+0000][4.431s][debug][safepoint   ] Safepoint synchronization initiated using futex wait barrier. (15 threads)
[2025-03-19T13:33:42.089+0000][4.431s][info ][gc,start    ] GC(6) Pause Young (Normal) (G1 Evacuation Pause)
[2025-03-19T13:33:42.089+0000][4.431s][info ][gc,task     ] GC(6) Using 4 workers of 4 for evacuation
[2025-03-19T13:33:42.095+0000][4.437s][info ][gc,phases   ] GC(6)   Pre Evacuate Collection Set: 0.1ms
[2025-03-19T13:33:42.095+0000][4.437s][info ][gc,phases   ] GC(6)   Merge Heap Roots: 0.0ms
[2025-03-19T13:33:42.095+0000][4.437s][info ][gc,phases   ] GC(6)   Evacuate Collection Set: 5.1ms
[2025-03-19T13:33:42.095+0000][4.437s][info ][gc,phases   ] GC(6)   Post Evacuate Collection Set: 0.9ms
[2025-03-19T13:33:42.095+0000][4.437s][info ][gc,phases   ] GC(6)   Other: 0.1ms
[2025-03-19T13:33:42.095+0000][4.437s][info ][gc,heap     ] GC(6) Eden regions: 78->0(77)
[2025-03-19T13:33:42.095+0000][4.437s][info ][gc,heap     ] GC(6) Survivor regions: 6->7(11)
[2025-03-19T13:33:42.095+0000][4.437s][info ][gc,heap     ] GC(6) Old regions: 10->10
[2025-03-19T13:33:42.095+0000][4.437s][info ][gc,heap     ] GC(6) Archive regions: 2->2
[2025-03-19T13:33:42.095+0000][4.437s][info ][gc,heap     ] GC(6) Humongous regions: 0->0
[2025-03-19T13:33:42.095+0000][4.437s][info ][gc,metaspace] GC(6) Metaspace: 15833K(16128K)->15833K(16128K) NonClass: 13670K(13824K)->13670K(13824K) Class: 2163K(2304K)->2163K(2304K)
[2025-03-19T13:33:42.095+0000][4.437s][info ][gc          ] GC(6) Pause Young (Normal) (G1 Evacuation Pause) 93M->16M(140M) 6.261ms
[2025-03-19T13:33:42.095+0000][4.437s][info ][gc,cpu      ] GC(6) User=0.01s Sys=0.00s Real=0.01s
[2025-03-19T13:33:42.095+0000][4.437s][info ][safepoint   ] Safepoint "G1CollectForAllocation", Time since last: 412543394 ns, Reaching safepoint: 108850 ns, Cleanup: 64605 ns, At safepoint: 6304291 ns, Total: 6477746 ns
[2025-03-19T13:33:42.108+0000][4.450s][info ][cds,heap    ] initialize_from_archived_subgraph java.lang.Byte$ByteCache 0x0000769f7b0395f8
[2025-03-19T13:33:42.108+0000][4.450s][info ][cds,heap    ] initialize_from_archived_subgraph java.lang.Short$ShortCache 0x0000769f7b03fce8
[2025-03-19T13:33:42.319+0000][4.661s][debug][safepoint   ] ... found polling page loop exception at pc = 0x0000769fdd87c4ad, stub =0x0000769fe498f400
[2025-03-19T13:33:42.459+0000][4.801s][debug][safepoint   ] Safepoint synchronization initiated using futex wait barrier. (15 threads)
[2025-03-19T13:33:42.459+0000][4.801s][info ][gc,start    ] GC(7) Pause Young (Normal) (G1 Evacuation Pause)
[2025-03-19T13:33:42.459+0000][4.801s][info ][gc,task     ] GC(7) Using 4 workers of 4 for evacuation
[2025-03-19T13:33:42.469+0000][4.811s][info ][gc,phases   ] GC(7)   Pre Evacuate Collection Set: 0.1ms
[2025-03-19T13:33:42.469+0000][4.811s][info ][gc,phases   ] GC(7)   Merge Heap Roots: 0.1ms
[2025-03-19T13:33:42.469+0000][4.811s][info ][gc,phases   ] GC(7)   Evacuate Collection Set: 8.9ms
[2025-03-19T13:33:42.469+0000][4.811s][info ][gc,phases   ] GC(7)   Post Evacuate Collection Set: 0.7ms
[2025-03-19T13:33:42.469+0000][4.811s][info ][gc,phases   ] GC(7)   Other: 0.1ms
[2025-03-19T13:33:42.469+0000][4.811s][info ][gc,heap     ] GC(7) Eden regions: 77->0(76)
[2025-03-19T13:33:42.469+0000][4.811s][info ][gc,heap     ] GC(7) Survivor regions: 7->8(11)
[2025-03-19T13:33:42.469+0000][4.811s][info ][gc,heap     ] GC(7) Old regions: 10->12
[2025-03-19T13:33:42.469+0000][4.811s][info ][gc,heap     ] GC(7) Archive regions: 2->2
[2025-03-19T13:33:42.469+0000][4.811s][info ][gc,heap     ] GC(7) Humongous regions: 0->0
[2025-03-19T13:33:42.469+0000][4.811s][info ][gc,metaspace] GC(7) Metaspace: 18026K(18304K)->18026K(18304K) NonClass: 15609K(15744K)->15609K(15744K) Class: 2417K(2560K)->2417K(2560K)
[2025-03-19T13:33:42.469+0000][4.811s][info ][gc          ] GC(7) Pause Young (Normal) (G1 Evacuation Pause) 93M->19M(140M) 9.908ms
[2025-03-19T13:33:42.469+0000][4.811s][info ][gc,cpu      ] GC(7) User=0.03s Sys=0.00s Real=0.01s
[2025-03-19T13:33:42.469+0000][4.811s][info ][safepoint   ] Safepoint "G1CollectForAllocation", Time since last: 363809488 ns, Reaching safepoint: 41126 ns, Cleanup: 56311 ns, At safepoint: 9963550 ns, Total: 10060987 ns
[2025-03-19T13:33:42.809+0000][5.151s][debug][safepoint   ] Safepoint synchronization initiated using futex wait barrier. (15 threads)
[2025-03-19T13:33:42.809+0000][5.151s][info ][gc,start    ] GC(8) Pause Young (Concurrent Start) (Metadata GC Threshold)
[2025-03-19T13:33:42.809+0000][5.151s][info ][gc,task     ] GC(8) Using 4 workers of 4 for evacuation
[2025-03-19T13:33:42.818+0000][5.160s][info ][gc,phases   ] GC(8)   Pre Evacuate Collection Set: 0.1ms
[2025-03-19T13:33:42.818+0000][5.160s][info ][gc,phases   ] GC(8)   Merge Heap Roots: 0.1ms
[2025-03-19T13:33:42.818+0000][5.160s][info ][gc,phases   ] GC(8)   Evacuate Collection Set: 7.8ms
[2025-03-19T13:33:42.818+0000][5.160s][info ][gc,phases   ] GC(8)   Post Evacuate Collection Set: 0.7ms
[2025-03-19T13:33:42.818+0000][5.160s][info ][gc,phases   ] GC(8)   Other: 0.2ms
[2025-03-19T13:33:42.818+0000][5.160s][info ][gc,heap     ] GC(8) Eden regions: 47->0(78)
[2025-03-19T13:33:42.818+0000][5.160s][info ][gc,heap     ] GC(8) Survivor regions: 8->6(11)
[2025-03-19T13:33:42.818+0000][5.160s][info ][gc,heap     ] GC(8) Old regions: 12->15
[2025-03-19T13:33:42.818+0000][5.160s][info ][gc,heap     ] GC(8) Archive regions: 2->2
[2025-03-19T13:33:42.818+0000][5.160s][info ][gc,heap     ] GC(8) Humongous regions: 0->0
[2025-03-19T13:33:42.818+0000][5.160s][info ][gc,metaspace] GC(8) Metaspace: 21160K(21504K)->21160K(21504K) NonClass: 18390K(18560K)->18390K(18560K) Class: 2770K(2944K)->2770K(2944K)
[2025-03-19T13:33:42.818+0000][5.160s][info ][gc          ] GC(8) Pause Young (Concurrent Start) (Metadata GC Threshold) 65M->20M(140M) 9.068ms
[2025-03-19T13:33:42.818+0000][5.160s][info ][gc,cpu      ] GC(8) User=0.02s Sys=0.00s Real=0.01s
[2025-03-19T13:33:42.818+0000][5.160s][info ][gc          ] GC(9) Concurrent Mark Cycle
[2025-03-19T13:33:42.818+0000][5.161s][info ][gc,marking  ] GC(9) Concurrent Clear Claimed Marks
[2025-03-19T13:33:42.818+0000][5.161s][info ][safepoint   ] Safepoint "CollectForMetadataAllocation", Time since last: 339892857 ns, Reaching safepoint: 112028 ns, Cleanup: 83029 ns, At safepoint: 9178378 ns, Total: 9373435 ns
[2025-03-19T13:33:42.818+0000][5.161s][info ][gc,marking  ] GC(9) Concurrent Clear Claimed Marks 0.033ms
[2025-03-19T13:33:42.818+0000][5.161s][info ][gc,marking  ] GC(9) Concurrent Scan Root Regions
[2025-03-19T13:33:42.821+0000][5.163s][debug][safepoint   ] Safepoint synchronization initiated using futex wait barrier. (15 threads)
[2025-03-19T13:33:42.821+0000][5.163s][info ][safepoint   ] Safepoint "CollectForMetadataAllocation", Time since last: 2890475 ns, Reaching safepoint: 28807 ns, Cleanup: 3621 ns, At safepoint: 7605 ns, Total: 40033 ns
[2025-03-19T13:33:42.824+0000][5.167s][info ][gc,marking  ] GC(9) Concurrent Scan Root Regions 6.435ms
[2025-03-19T13:33:42.824+0000][5.167s][info ][gc,marking  ] GC(9) Concurrent Mark
[2025-03-19T13:33:42.824+0000][5.167s][info ][gc,marking  ] GC(9) Concurrent Mark From Roots
[2025-03-19T13:33:42.824+0000][5.167s][info ][gc,task     ] GC(9) Using 1 workers of 1 for marking
[2025-03-19T13:33:42.841+0000][5.183s][info ][gc,marking  ] GC(9) Concurrent Mark From Roots 16.272ms
[2025-03-19T13:33:42.841+0000][5.183s][info ][gc,marking  ] GC(9) Concurrent Preclean
[2025-03-19T13:33:42.841+0000][5.184s][info ][gc,marking  ] GC(9) Concurrent Preclean 0.246ms
[2025-03-19T13:33:42.841+0000][5.184s][debug][safepoint   ] Safepoint synchronization initiated using futex wait barrier. (15 threads)
[2025-03-19T13:33:42.841+0000][5.184s][info ][gc,start    ] GC(9) Pause Remark
[2025-03-19T13:33:42.844+0000][5.187s][info ][gc          ] GC(9) Pause Remark 21M->21M(84M) 3.218ms
[2025-03-19T13:33:42.844+0000][5.187s][info ][gc,cpu      ] GC(9) User=0.01s Sys=0.01s Real=0.00s
[2025-03-19T13:33:42.844+0000][5.187s][info ][safepoint   ] Safepoint "G1PauseRemark", Time since last: 20184319 ns, Reaching safepoint: 92775 ns, Cleanup: 14240 ns, At safepoint: 3294648 ns, Total: 3401663 ns
[2025-03-19T13:33:42.845+0000][5.187s][info ][gc,marking  ] GC(9) Concurrent Mark 20.307ms
[2025-03-19T13:33:42.845+0000][5.187s][info ][gc,marking  ] GC(9) Concurrent Rebuild Remembered Sets
[2025-03-19T13:33:42.868+0000][5.210s][info ][gc,marking  ] GC(9) Concurrent Rebuild Remembered Sets 22.993ms
[2025-03-19T13:33:42.868+0000][5.210s][debug][safepoint   ] Safepoint synchronization initiated using futex wait barrier. (15 threads)
[2025-03-19T13:33:42.868+0000][5.210s][info ][gc,start    ] GC(9) Pause Cleanup
[2025-03-19T13:33:42.868+0000][5.211s][info ][gc          ] GC(9) Pause Cleanup 24M->24M(84M) 0.060ms
[2025-03-19T13:33:42.868+0000][5.211s][info ][gc,cpu      ] GC(9) User=0.00s Sys=0.00s Real=0.00s
[2025-03-19T13:33:42.868+0000][5.211s][info ][safepoint   ] Safepoint "G1PauseCleanup", Time since last: 23366194 ns, Reaching safepoint: 14424 ns, Cleanup: 12176 ns, At safepoint: 88636 ns, Total: 115236 ns
[2025-03-19T13:33:42.868+0000][5.211s][info ][gc,marking  ] GC(9) Concurrent Cleanup for Next Mark
[2025-03-19T13:33:42.869+0000][5.211s][info ][gc,marking  ] GC(9) Concurrent Cleanup for Next Mark 0.707ms
[2025-03-19T13:33:42.869+0000][5.211s][info ][gc          ] GC(9) Concurrent Mark Cycle 50.784ms
[2025-03-19T13:33:43.158+0000][5.501s][debug][safepoint   ] Safepoint synchronization initiated using futex wait barrier. (15 threads)
[2025-03-19T13:33:43.158+0000][5.501s][info ][gc,start    ] GC(10) Pause Young (Normal) (G1 Evacuation Pause)
[2025-03-19T13:33:43.158+0000][5.501s][info ][gc,task     ] GC(10) Using 4 workers of 4 for evacuation
[2025-03-19T13:33:43.166+0000][5.508s][info ][gc,phases   ] GC(10)   Pre Evacuate Collection Set: 0.1ms
[2025-03-19T13:33:43.166+0000][5.508s][info ][gc,phases   ] GC(10)   Merge Heap Roots: 0.1ms
[2025-03-19T13:33:43.166+0000][5.508s][info ][gc,phases   ] GC(10)   Evacuate Collection Set: 6.5ms
[2025-03-19T13:33:43.166+0000][5.508s][info ][gc,phases   ] GC(10)   Post Evacuate Collection Set: 0.6ms
[2025-03-19T13:33:43.166+0000][5.508s][info ][gc,phases   ] GC(10)   Other: 0.1ms
[2025-03-19T13:33:43.166+0000][5.508s][info ][gc,heap     ] GC(10) Eden regions: 44->0(43)
[2025-03-19T13:33:43.166+0000][5.508s][info ][gc,heap     ] GC(10) Survivor regions: 6->4(7)
[2025-03-19T13:33:43.166+0000][5.508s][info ][gc,heap     ] GC(10) Old regions: 15->19
[2025-03-19T13:33:43.166+0000][5.508s][info ][gc,heap     ] GC(10) Archive regions: 2->2
[2025-03-19T13:33:43.166+0000][5.508s][info ][gc,heap     ] GC(10) Humongous regions: 0->0
[2025-03-19T13:33:43.166+0000][5.508s][info ][gc,metaspace] GC(10) Metaspace: 22997K(23360K)->22997K(23360K) NonClass: 19971K(20160K)->19971K(20160K) Class: 3025K(3200K)->3025K(3200K)
[2025-03-19T13:33:43.166+0000][5.508s][info ][gc          ] GC(10) Pause Young (Normal) (G1 Evacuation Pause) 64M->22M(84M) 7.457ms
[2025-03-19T13:33:43.166+0000][5.508s][info ][gc,cpu      ] GC(10) User=0.02s Sys=0.01s Real=0.01s
[2025-03-19T13:33:43.166+0000][5.508s][info ][safepoint   ] Safepoint "G1CollectForAllocation", Time since last: 290234884 ns, Reaching safepoint: 53897 ns, Cleanup: 87822 ns, At safepoint: 7497544 ns, Total: 7639263 ns
[2025-03-19T13:33:43.388+0000][5.731s][debug][safepoint   ] Safepoint synchronization initiated using futex wait barrier. (15 threads)
[2025-03-19T13:33:43.388+0000][5.731s][debug][safepoint   ] ... found polling page loop exception at pc = 0x0000769fdd8ea0a3, stub =0x0000769fe498f400
[2025-03-19T13:33:43.388+0000][5.731s][info ][gc,start    ] GC(11) Pause Young (Normal) (G1 Evacuation Pause)
[2025-03-19T13:33:43.388+0000][5.731s][info ][gc,task     ] GC(11) Using 4 workers of 4 for evacuation
[2025-03-19T13:33:43.396+0000][5.738s][info ][gc,phases   ] GC(11)   Pre Evacuate Collection Set: 0.1ms
[2025-03-19T13:33:43.396+0000][5.738s][info ][gc,phases   ] GC(11)   Merge Heap Roots: 0.0ms
[2025-03-19T13:33:43.396+0000][5.739s][info ][gc,phases   ] GC(11)   Evacuate Collection Set: 6.4ms
[2025-03-19T13:33:43.396+0000][5.739s][info ][gc,phases   ] GC(11)   Post Evacuate Collection Set: 0.9ms
[2025-03-19T13:33:43.396+0000][5.739s][info ][gc,phases   ] GC(11)   Other: 0.1ms
[2025-03-19T13:33:43.396+0000][5.739s][info ][gc,heap     ] GC(11) Eden regions: 43->0(54)
[2025-03-19T13:33:43.396+0000][5.739s][info ][gc,heap     ] GC(11) Survivor regions: 4->6(6)
[2025-03-19T13:33:43.396+0000][5.739s][info ][gc,heap     ] GC(11) Old regions: 19->19
[2025-03-19T13:33:43.396+0000][5.739s][info ][gc,heap     ] GC(11) Archive regions: 2->2
[2025-03-19T13:33:43.396+0000][5.739s][info ][gc,heap     ] GC(11) Humongous regions: 0->0
[2025-03-19T13:33:43.396+0000][5.739s][info ][gc,metaspace] GC(11) Metaspace: 23846K(24192K)->23846K(24192K) NonClass: 20735K(20928K)->20735K(20928K) Class: 3110K(3264K)->3110K(3264K)
[2025-03-19T13:33:43.396+0000][5.739s][info ][gc          ] GC(11) Pause Young (Normal) (G1 Evacuation Pause) 65M->24M(101M) 7.512ms
[2025-03-19T13:33:43.396+0000][5.739s][info ][gc,cpu      ] GC(11) User=0.02s Sys=0.00s Real=0.01s
[2025-03-19T13:33:43.396+0000][5.739s][info ][safepoint   ] Safepoint "G1CollectForAllocation", Time since last: 222391406 ns, Reaching safepoint: 176236 ns, Cleanup: 60120 ns, At safepoint: 7558417 ns, Total: 7794773 ns
[2025-03-19T13:33:43.689+0000][6.032s][debug][safepoint   ] Safepoint synchronization initiated using futex wait barrier. (14 threads)
[2025-03-19T13:33:43.689+0000][6.032s][info ][gc,start    ] GC(12) Pause Young (Normal) (G1 Evacuation Pause)
[2025-03-19T13:33:43.689+0000][6.032s][info ][gc,task     ] GC(12) Using 3 workers of 4 for evacuation
[2025-03-19T13:33:43.715+0000][6.058s][info ][gc,phases   ] GC(12)   Pre Evacuate Collection Set: 0.1ms
[2025-03-19T13:33:43.715+0000][6.058s][info ][gc,phases   ] GC(12)   Merge Heap Roots: 0.1ms
[2025-03-19T13:33:43.715+0000][6.058s][info ][gc,phases   ] GC(12)   Evacuate Collection Set: 24.3ms
[2025-03-19T13:33:43.715+0000][6.058s][info ][gc,phases   ] GC(12)   Post Evacuate Collection Set: 1.5ms
[2025-03-19T13:33:43.715+0000][6.058s][info ][gc,phases   ] GC(12)   Other: 0.1ms
[2025-03-19T13:33:43.715+0000][6.058s][info ][gc,heap     ] GC(12) Eden regions: 54->0(48)
[2025-03-19T13:33:43.715+0000][6.058s][info ][gc,heap     ] GC(12) Survivor regions: 6->8(8)
[2025-03-19T13:33:43.715+0000][6.058s][info ][gc,heap     ] GC(12) Old regions: 19->22
[2025-03-19T13:33:43.715+0000][6.058s][info ][gc,heap     ] GC(12) Archive regions: 2->2
[2025-03-19T13:33:43.715+0000][6.058s][info ][gc,heap     ] GC(12) Humongous regions: 0->0
[2025-03-19T13:33:43.715+0000][6.058s][info ][gc,metaspace] GC(12) Metaspace: 24479K(24896K)->24479K(24896K) NonClass: 21282K(21504K)->21282K(21504K) Class: 3197K(3392K)->3197K(3392K)
[2025-03-19T13:33:43.715+0000][6.058s][info ][gc          ] GC(12) Pause Young (Normal) (G1 Evacuation Pause) 78M->30M(101M) 26.226ms
[2025-03-19T13:33:43.715+0000][6.058s][info ][gc,cpu      ] GC(12) User=0.05s Sys=0.00s Real=0.03s
[2025-03-19T13:33:43.715+0000][6.058s][info ][safepoint   ] Safepoint "G1CollectForAllocation", Time since last: 292918092 ns, Reaching safepoint: 77077 ns, Cleanup: 56509 ns, At safepoint: 26312126 ns, Total: 26445712 ns
[2025-03-19T13:33:43.881+0000][6.223s][debug][safepoint   ] Safepoint synchronization initiated using futex wait barrier. (14 threads)
[2025-03-19T13:33:43.881+0000][6.223s][info ][gc,start    ] GC(13) Pause Young (Normal) (G1 Evacuation Pause)
[2025-03-19T13:33:43.881+0000][6.224s][info ][gc,task     ] GC(13) Using 2 workers of 4 for evacuation
[2025-03-19T13:33:43.909+0000][6.252s][info ][gc,phases   ] GC(13)   Pre Evacuate Collection Set: 0.1ms
[2025-03-19T13:33:43.909+0000][6.252s][info ][gc,phases   ] GC(13)   Merge Heap Roots: 0.1ms
[2025-03-19T13:33:43.909+0000][6.252s][info ][gc,phases   ] GC(13)   Evacuate Collection Set: 26.2ms
[2025-03-19T13:33:43.909+0000][6.252s][info ][gc,phases   ] GC(13)   Post Evacuate Collection Set: 2.0ms
[2025-03-19T13:33:43.909+0000][6.252s][info ][gc,phases   ] GC(13)   Other: 0.1ms
[2025-03-19T13:33:43.909+0000][6.252s][info ][gc,heap     ] GC(13) Eden regions: 48->0(40)
[2025-03-19T13:33:43.909+0000][6.252s][info ][gc,heap     ] GC(13) Survivor regions: 8->7(7)
[2025-03-19T13:33:43.910+0000][6.252s][info ][gc,heap     ] GC(13) Old regions: 22->30
[2025-03-19T13:33:43.910+0000][6.252s][info ][gc,heap     ] GC(13) Archive regions: 2->2
[2025-03-19T13:33:43.910+0000][6.252s][info ][gc,heap     ] GC(13) Humongous regions: 0->0
[2025-03-19T13:33:43.910+0000][6.252s][info ][gc,metaspace] GC(13) Metaspace: 24487K(24896K)->24487K(24896K) NonClass: 21287K(21504K)->21287K(21504K) Class: 3199K(3392K)->3199K(3392K)
[2025-03-19T13:33:43.910+0000][6.252s][info ][gc          ] GC(13) Pause Young (Normal) (G1 Evacuation Pause) 78M->36M(101M) 28.628ms
[2025-03-19T13:33:43.910+0000][6.252s][info ][gc,cpu      ] GC(13) User=0.06s Sys=0.01s Real=0.02s
[2025-03-19T13:33:43.910+0000][6.252s][info ][safepoint   ] Safepoint "G1CollectForAllocation", Time since last: 165444351 ns, Reaching safepoint: 61727 ns, Cleanup: 14327 ns, At safepoint: 28677169 ns, Total: 28753223 ns
[2025-03-19T13:33:43.975+0000][6.318s][debug][safepoint   ] ... found polling page loop exception at pc = 0x0000769fe5111946, stub =0x0000769fe498f400
[2025-03-19T13:33:44.194+0000][6.536s][debug][safepoint   ] Safepoint synchronization initiated using futex wait barrier. (14 threads)
[2025-03-19T13:33:44.194+0000][6.536s][info ][gc,start    ] GC(14) Pause Young (Normal) (G1 Evacuation Pause)
[2025-03-19T13:33:44.194+0000][6.536s][info ][gc,task     ] GC(14) Using 2 workers of 4 for evacuation
[2025-03-19T13:33:44.209+0000][6.552s][info ][gc,phases   ] GC(14)   Pre Evacuate Collection Set: 0.1ms
[2025-03-19T13:33:44.209+0000][6.552s][info ][gc,phases   ] GC(14)   Merge Heap Roots: 0.1ms
[2025-03-19T13:33:44.209+0000][6.552s][info ][gc,phases   ] GC(14)   Evacuate Collection Set: 14.5ms
[2025-03-19T13:33:44.209+0000][6.552s][info ][gc,phases   ] GC(14)   Post Evacuate Collection Set: 0.9ms
[2025-03-19T13:33:44.210+0000][6.552s][info ][gc,phases   ] GC(14)   Other: 0.1ms
[2025-03-19T13:33:44.210+0000][6.552s][info ][gc,heap     ] GC(14) Eden regions: 40->0(37)
[2025-03-19T13:33:44.210+0000][6.552s][info ][gc,heap     ] GC(14) Survivor regions: 7->4(6)
[2025-03-19T13:33:44.210+0000][6.552s][info ][gc,heap     ] GC(14) Old regions: 30->37
[2025-03-19T13:33:44.210+0000][6.552s][info ][gc,heap     ] GC(14) Archive regions: 2->2
[2025-03-19T13:33:44.210+0000][6.552s][info ][gc,heap     ] GC(14) Humongous regions: 0->0
[2025-03-19T13:33:44.210+0000][6.552s][info ][gc,metaspace] GC(14) Metaspace: 24616K(24960K)->24616K(24960K) NonClass: 21403K(21568K)->21403K(21568K) Class: 3213K(3392K)->3213K(3392K)
[2025-03-19T13:33:44.210+0000][6.552s][info ][gc          ] GC(14) Pause Young (Normal) (G1 Evacuation Pause) 76M->40M(101M) 15.815ms
[2025-03-19T13:33:44.210+0000][6.552s][info ][gc,cpu      ] GC(14) User=0.03s Sys=0.00s Real=0.01s
[2025-03-19T13:33:44.210+0000][6.552s][info ][safepoint   ] Safepoint "G1CollectForAllocation", Time since last: 283987736 ns, Reaching safepoint: 65146 ns, Cleanup: 79325 ns, At safepoint: 15886408 ns, Total: 16030879 ns
[2025-03-19T13:33:44.398+0000][6.741s][debug][safepoint   ] Safepoint synchronization initiated using futex wait barrier. (14 threads)
[2025-03-19T13:33:44.398+0000][6.741s][info ][gc,start    ] GC(15) Pause Young (Normal) (G1 Evacuation Pause)
[2025-03-19T13:33:44.398+0000][6.741s][info ][gc,task     ] GC(15) Using 2 workers of 4 for evacuation
[2025-03-19T13:33:44.415+0000][6.758s][info ][gc,phases   ] GC(15)   Pre Evacuate Collection Set: 0.1ms
[2025-03-19T13:33:44.415+0000][6.758s][info ][gc,phases   ] GC(15)   Merge Heap Roots: 0.1ms
[2025-03-19T13:33:44.415+0000][6.758s][info ][gc,phases   ] GC(15)   Evacuate Collection Set: 14.4ms
[2025-03-19T13:33:44.415+0000][6.758s][info ][gc,phases   ] GC(15)   Post Evacuate Collection Set: 2.3ms
[2025-03-19T13:33:44.415+0000][6.758s][info ][gc,phases   ] GC(15)   Other: 0.2ms
[2025-03-19T13:33:44.415+0000][6.758s][info ][gc,heap     ] GC(15) Eden regions: 37->0(98)
[2025-03-19T13:33:44.415+0000][6.758s][info ][gc,heap     ] GC(15) Survivor regions: 4->4(6)
[2025-03-19T13:33:44.415+0000][6.758s][info ][gc,heap     ] GC(15) Old regions: 37->41
[2025-03-19T13:33:44.415+0000][6.758s][info ][gc,heap     ] GC(15) Archive regions: 2->2
[2025-03-19T13:33:44.415+0000][6.758s][info ][gc,heap     ] GC(15) Humongous regions: 0->0
[2025-03-19T13:33:44.415+0000][6.758s][info ][gc,metaspace] GC(15) Metaspace: 24753K(25152K)->24753K(25152K) NonClass: 21511K(21696K)->21511K(21696K) Class: 3242K(3456K)->3242K(3456K)
[2025-03-19T13:33:44.415+0000][6.758s][info ][gc          ] GC(15) Pause Young (Normal) (G1 Evacuation Pause) 77M->44M(191M) 17.164ms
[2025-03-19T13:33:44.415+0000][6.758s][info ][gc,cpu      ] GC(15) User=0.04s Sys=0.00s Real=0.02s
[2025-03-19T13:33:44.415+0000][6.758s][info ][safepoint   ] Safepoint "G1CollectForAllocation", Time since last: 188446259 ns, Reaching safepoint: 111611 ns, Cleanup: 12733 ns, At safepoint: 17284914 ns, Total: 17409258 ns
[2025-03-19T13:33:44.420+0000][6.763s][debug][safepoint   ] ... found polling page loop exception at pc = 0x0000769fe4ee62ec, stub =0x0000769fe498f400
[2025-03-19T13:33:45.061+0000][7.404s][debug][safepoint   ] Safepoint synchronization initiated using futex wait barrier. (14 threads)
[2025-03-19T13:33:45.061+0000][7.404s][info ][safepoint   ] Safepoint "ICBufferFull", Time since last: 645645402 ns, Reaching safepoint: 114548 ns, Cleanup: 129003 ns, At safepoint: 3580 ns, Total: 247131 ns
[2025-03-19T13:33:45.340+0000][7.683s][debug][safepoint   ] Safepoint synchronization initiated using futex wait barrier. (14 threads)
[2025-03-19T13:33:45.340+0000][7.683s][info ][gc,start    ] GC(16) Pause Young (Normal) (G1 Evacuation Pause)
[2025-03-19T13:33:45.340+0000][7.683s][info ][gc,task     ] GC(16) Using 4 workers of 4 for evacuation
[2025-03-19T13:33:45.352+0000][7.695s][info ][gc,phases   ] GC(16)   Pre Evacuate Collection Set: 0.1ms
[2025-03-19T13:33:45.352+0000][7.695s][info ][gc,phases   ] GC(16)   Merge Heap Roots: 0.1ms
[2025-03-19T13:33:45.353+0000][7.695s][info ][gc,phases   ] GC(16)   Evacuate Collection Set: 11.0ms
[2025-03-19T13:33:45.353+0000][7.695s][info ][gc,phases   ] GC(16)   Post Evacuate Collection Set: 1.0ms
[2025-03-19T13:33:45.353+0000][7.695s][info ][gc,phases   ] GC(16)   Other: 0.1ms
[2025-03-19T13:33:45.353+0000][7.695s][info ][gc,heap     ] GC(16) Eden regions: 98->0(92)
[2025-03-19T13:33:45.353+0000][7.695s][info ][gc,heap     ] GC(16) Survivor regions: 4->10(13)
[2025-03-19T13:33:45.353+0000][7.695s][info ][gc,heap     ] GC(16) Old regions: 41->41
[2025-03-19T13:33:45.353+0000][7.695s][info ][gc,heap     ] GC(16) Archive regions: 2->2
[2025-03-19T13:33:45.353+0000][7.695s][info ][gc,heap     ] GC(16) Humongous regions: 0->0
[2025-03-19T13:33:45.353+0000][7.695s][info ][gc,metaspace] GC(16) Metaspace: 25130K(25472K)->25130K(25472K) NonClass: 21862K(22016K)->21862K(22016K) Class: 3267K(3456K)->3267K(3456K)
[2025-03-19T13:33:45.353+0000][7.695s][info ][gc          ] GC(16) Pause Young (Normal) (G1 Evacuation Pause) 142M->50M(191M) 12.513ms
[2025-03-19T13:33:45.353+0000][7.695s][info ][gc,cpu      ] GC(16) User=0.04s Sys=0.00s Real=0.01s
[2025-03-19T13:33:45.353+0000][7.695s][info ][safepoint   ] Safepoint "G1CollectForAllocation", Time since last: 278641462 ns, Reaching safepoint: 53061 ns, Cleanup: 37810 ns, At safepoint: 12569323 ns, Total: 12660194 ns
[2025-03-19T13:33:45.974+0000][8.316s][debug][safepoint   ] Safepoint synchronization initiated using futex wait barrier. (14 threads)
[2025-03-19T13:33:45.974+0000][8.317s][info ][gc,start    ] GC(17) Pause Young (Normal) (G1 Evacuation Pause)
[2025-03-19T13:33:45.974+0000][8.317s][info ][gc,task     ] GC(17) Using 4 workers of 4 for evacuation
[2025-03-19T13:33:45.995+0000][8.337s][info ][gc,phases   ] GC(17)   Pre Evacuate Collection Set: 2.8ms
[2025-03-19T13:33:45.995+0000][8.337s][info ][gc,phases   ] GC(17)   Merge Heap Roots: 0.1ms
[2025-03-19T13:33:45.995+0000][8.337s][info ][gc,phases   ] GC(17)   Evacuate Collection Set: 16.3ms
[2025-03-19T13:33:45.995+0000][8.337s][info ][gc,phases   ] GC(17)   Post Evacuate Collection Set: 1.4ms
[2025-03-19T13:33:45.995+0000][8.337s][info ][gc,phases   ] GC(17)   Other: 0.1ms
[2025-03-19T13:33:45.995+0000][8.337s][info ][gc,heap     ] GC(17) Eden regions: 92->0(93)
[2025-03-19T13:33:45.995+0000][8.337s][info ][gc,heap     ] GC(17) Survivor regions: 10->10(13)
[2025-03-19T13:33:45.995+0000][8.337s][info ][gc,heap     ] GC(17) Old regions: 41->44
[2025-03-19T13:33:45.995+0000][8.337s][info ][gc,heap     ] GC(17) Archive regions: 2->2
[2025-03-19T13:33:45.995+0000][8.337s][info ][gc,heap     ] GC(17) Humongous regions: 0->0
[2025-03-19T13:33:45.995+0000][8.337s][info ][gc,metaspace] GC(17) Metaspace: 25238K(25536K)->25238K(25536K) NonClass: 21954K(22080K)->21954K(22080K) Class: 3283K(3456K)->3283K(3456K)
[2025-03-19T13:33:45.995+0000][8.337s][info ][gc          ] GC(17) Pause Young (Normal) (G1 Evacuation Pause) 142M->53M(191M) 20.761ms
[2025-03-19T13:33:45.995+0000][8.337s][info ][gc,cpu      ] GC(17) User=0.05s Sys=0.00s Real=0.02s
[2025-03-19T13:33:45.995+0000][8.337s][info ][safepoint   ] Safepoint "G1CollectForAllocation", Time since last: 621224581 ns, Reaching safepoint: 46867 ns, Cleanup: 83654 ns, At safepoint: 20815518 ns, Total: 20946039 ns
[2025-03-19T13:33:46.353+0000][8.695s][debug][safepoint   ] Safepoint synchronization initiated using futex wait barrier. (15 threads)
[2025-03-19T13:33:46.353+0000][8.696s][info ][gc,start    ] GC(18) Pause Young (Normal) (G1 Evacuation Pause)
[2025-03-19T13:33:46.353+0000][8.696s][info ][gc,task     ] GC(18) Using 4 workers of 4 for evacuation
[2025-03-19T13:33:46.364+0000][8.707s][info ][gc,phases   ] GC(18)   Pre Evacuate Collection Set: 0.1ms
[2025-03-19T13:33:46.364+0000][8.707s][info ][gc,phases   ] GC(18)   Merge Heap Roots: 0.1ms
[2025-03-19T13:33:46.364+0000][8.707s][info ][gc,phases   ] GC(18)   Evacuate Collection Set: 10.0ms
[2025-03-19T13:33:46.364+0000][8.707s][info ][gc,phases   ] GC(18)   Post Evacuate Collection Set: 1.0ms
[2025-03-19T13:33:46.364+0000][8.707s][info ][gc,phases   ] GC(18)   Other: 0.1ms
[2025-03-19T13:33:46.364+0000][8.707s][info ][gc,heap     ] GC(18) Eden regions: 93->0(95)
[2025-03-19T13:33:46.364+0000][8.707s][info ][gc,heap     ] GC(18) Survivor regions: 10->6(13)
[2025-03-19T13:33:46.364+0000][8.707s][info ][gc,heap     ] GC(18) Old regions: 44->50
[2025-03-19T13:33:46.364+0000][8.707s][info ][gc,heap     ] GC(18) Archive regions: 2->2
[2025-03-19T13:33:46.364+0000][8.707s][info ][gc,heap     ] GC(18) Humongous regions: 0->0
[2025-03-19T13:33:46.364+0000][8.707s][info ][gc,metaspace] GC(18) Metaspace: 26656K(27008K)->26656K(27008K) NonClass: 23273K(23424K)->23273K(23424K) Class: 3383K(3584K)->3383K(3584K)
[2025-03-19T13:33:46.364+0000][8.707s][info ][gc          ] GC(18) Pause Young (Normal) (G1 Evacuation Pause) 146M->55M(191M) 11.347ms
[2025-03-19T13:33:46.364+0000][8.707s][info ][gc,cpu      ] GC(18) User=0.02s Sys=0.00s Real=0.01s
[2025-03-19T13:33:46.364+0000][8.707s][info ][safepoint   ] Safepoint "G1CollectForAllocation", Time since last: 358105780 ns, Reaching safepoint: 36054 ns, Cleanup: 48336 ns, At safepoint: 11394926 ns, Total: 11479316 ns
[2025-03-19T13:33:46.616+0000][8.958s][debug][safepoint   ] Safepoint synchronization initiated using futex wait barrier. (14 threads)
[2025-03-19T13:33:46.616+0000][8.958s][info ][gc,start    ] GC(19) Pause Young (Normal) (G1 Evacuation Pause)
[2025-03-19T13:33:46.616+0000][8.958s][info ][gc,task     ] GC(19) Using 4 workers of 4 for evacuation
[2025-03-19T13:33:46.622+0000][8.965s][info ][gc,phases   ] GC(19)   Pre Evacuate Collection Set: 0.1ms
[2025-03-19T13:33:46.622+0000][8.965s][info ][gc,phases   ] GC(19)   Merge Heap Roots: 0.0ms
[2025-03-19T13:33:46.622+0000][8.965s][info ][gc,phases   ] GC(19)   Evacuate Collection Set: 4.8ms
[2025-03-19T13:33:46.622+0000][8.965s][info ][gc,phases   ] GC(19)   Post Evacuate Collection Set: 1.6ms
[2025-03-19T13:33:46.622+0000][8.965s][info ][gc,phases   ] GC(19)   Other: 0.1ms
[2025-03-19T13:33:46.622+0000][8.965s][info ][gc,heap     ] GC(19) Eden regions: 95->0(97)
[2025-03-19T13:33:46.623+0000][8.965s][info ][gc,heap     ] GC(19) Survivor regions: 6->7(13)
[2025-03-19T13:33:46.623+0000][8.965s][info ][gc,heap     ] GC(19) Old regions: 50->50
[2025-03-19T13:33:46.623+0000][8.965s][info ][gc,heap     ] GC(19) Archive regions: 2->2
[2025-03-19T13:33:46.623+0000][8.965s][info ][gc,heap     ] GC(19) Humongous regions: 0->0
[2025-03-19T13:33:46.623+0000][8.965s][info ][gc,metaspace] GC(19) Metaspace: 26945K(27328K)->26945K(27328K) NonClass: 23526K(23744K)->23526K(23744K) Class: 3419K(3584K)->3419K(3584K)
[2025-03-19T13:33:46.623+0000][8.965s][info ][gc          ] GC(19) Pause Young (Normal) (G1 Evacuation Pause) 150M->56M(191M) 6.688ms
[2025-03-19T13:33:46.623+0000][8.965s][info ][gc,cpu      ] GC(19) User=0.01s Sys=0.01s Real=0.01s
[2025-03-19T13:33:46.623+0000][8.965s][info ][safepoint   ] Safepoint "G1CollectForAllocation", Time since last: 251378577 ns, Reaching safepoint: 34414 ns, Cleanup: 28387 ns, At safepoint: 6734484 ns, Total: 6797285 ns
[2025-03-19T13:33:47.204+0000][9.546s][debug][safepoint   ] Safepoint synchronization initiated using futex wait barrier. (14 threads)
[2025-03-19T13:33:47.204+0000][9.547s][info ][gc,start    ] GC(20) Pause Young (Normal) (G1 Evacuation Pause)
[2025-03-19T13:33:47.204+0000][9.547s][info ][gc,task     ] GC(20) Using 4 workers of 4 for evacuation
[2025-03-19T13:33:47.217+0000][9.560s][info ][gc,phases   ] GC(20)   Pre Evacuate Collection Set: 0.1ms
[2025-03-19T13:33:47.217+0000][9.560s][info ][gc,phases   ] GC(20)   Merge Heap Roots: 0.2ms
[2025-03-19T13:33:47.217+0000][9.560s][info ][gc,phases   ] GC(20)   Evacuate Collection Set: 9.5ms
[2025-03-19T13:33:47.217+0000][9.560s][info ][gc,phases   ] GC(20)   Post Evacuate Collection Set: 3.0ms
[2025-03-19T13:33:47.217+0000][9.560s][info ][gc,phases   ] GC(20)   Other: 0.1ms
[2025-03-19T13:33:47.217+0000][9.560s][info ][gc,heap     ] GC(20) Eden regions: 97->0(147)
[2025-03-19T13:33:47.217+0000][9.560s][info ][gc,heap     ] GC(20) Survivor regions: 7->7(13)
[2025-03-19T13:33:47.217+0000][9.560s][info ][gc,heap     ] GC(20) Old regions: 50->50
[2025-03-19T13:33:47.217+0000][9.560s][info ][gc,heap     ] GC(20) Archive regions: 2->2
[2025-03-19T13:33:47.217+0000][9.560s][info ][gc,heap     ] GC(20) Humongous regions: 0->0
[2025-03-19T13:33:47.217+0000][9.560s][info ][gc,metaspace] GC(20) Metaspace: 33103K(33472K)->33103K(33472K) NonClass: 29009K(29184K)->29009K(29184K) Class: 4093K(4288K)->4093K(4288K)
[2025-03-19T13:33:47.217+0000][9.560s][info ][gc          ] GC(20) Pause Young (Normal) (G1 Evacuation Pause) 153M->57M(257M) 13.041ms
[2025-03-19T13:33:47.217+0000][9.560s][info ][gc,cpu      ] GC(20) User=0.03s Sys=0.00s Real=0.01s
[2025-03-19T13:33:47.217+0000][9.560s][info ][safepoint   ] Safepoint "G1CollectForAllocation", Time since last: 581307091 ns, Reaching safepoint: 47970 ns, Cleanup: 91814 ns, At safepoint: 13099744 ns, Total: 13239528 ns
[2025-03-19T13:33:48.274+0000][10.616s][debug][safepoint   ] ... found polling page loop exception at pc = 0x0000769fe51be82d, stub =0x0000769fe498f400
[2025-03-19T13:33:48.274+0000][10.616s][debug][safepoint   ] Safepoint synchronization initiated using futex wait barrier. (14 threads)
[2025-03-19T13:33:48.274+0000][10.617s][info ][safepoint   ] Safepoint "Cleanup", Time since last: 1056632229 ns, Reaching safepoint: 51394 ns, Cleanup: 142760 ns, At safepoint: 21235 ns, Total: 215389 ns
[2025-03-19T13:33:48.287+0000][10.629s][debug][safepoint   ] Safepoint synchronization initiated using futex wait barrier. (14 threads)
[2025-03-19T13:33:48.287+0000][10.629s][info ][gc,start    ] GC(21) Pause Young (Normal) (G1 Evacuation Pause)
[2025-03-19T13:33:48.287+0000][10.629s][info ][gc,task     ] GC(21) Using 4 workers of 4 for evacuation
[2025-03-19T13:33:48.299+0000][10.642s][info ][gc,phases   ] GC(21)   Pre Evacuate Collection Set: 0.1ms
[2025-03-19T13:33:48.299+0000][10.642s][info ][gc,phases   ] GC(21)   Merge Heap Roots: 0.2ms
[2025-03-19T13:33:48.299+0000][10.642s][info ][gc,phases   ] GC(21)   Evacuate Collection Set: 10.7ms
[2025-03-19T13:33:48.299+0000][10.642s][info ][gc,phases   ] GC(21)   Post Evacuate Collection Set: 0.9ms
[2025-03-19T13:33:48.299+0000][10.642s][info ][gc,phases   ] GC(21)   Other: 0.2ms
[2025-03-19T13:33:48.299+0000][10.642s][info ][gc,heap     ] GC(21) Eden regions: 147->0(146)
[2025-03-19T13:33:48.299+0000][10.642s][info ][gc,heap     ] GC(21) Survivor regions: 7->8(20)
[2025-03-19T13:33:48.299+0000][10.642s][info ][gc,heap     ] GC(21) Old regions: 50->50
[2025-03-19T13:33:48.299+0000][10.642s][info ][gc,heap     ] GC(21) Archive regions: 2->2
[2025-03-19T13:33:48.299+0000][10.642s][info ][gc,heap     ] GC(21) Humongous regions: 0->0
[2025-03-19T13:33:48.299+0000][10.642s][info ][gc,metaspace] GC(21) Metaspace: 34768K(35200K)->34768K(35200K) NonClass: 30438K(30656K)->30438K(30656K) Class: 4330K(4544K)->4330K(4544K)
[2025-03-19T13:33:48.299+0000][10.642s][info ][gc          ] GC(21) Pause Young (Normal) (G1 Evacuation Pause) 204M->58M(257M) 12.252ms
[2025-03-19T13:33:48.299+0000][10.642s][info ][gc,cpu      ] GC(21) User=0.03s Sys=0.01s Real=0.01s
[2025-03-19T13:33:48.299+0000][10.642s][info ][safepoint   ] Safepoint "G1CollectForAllocation", Time since last: 12703688 ns, Reaching safepoint: 67901 ns, Cleanup: 53038 ns, At safepoint: 12307880 ns, Total: 12428819 ns
[2025-03-19T13:33:48.737+0000][11.079s][debug][safepoint   ] Safepoint synchronization initiated using futex wait barrier. (14 threads)
[2025-03-19T13:33:48.737+0000][11.080s][info ][gc,start    ] GC(22) Pause Young (Concurrent Start) (Metadata GC Threshold)
[2025-03-19T13:33:48.737+0000][11.080s][info ][gc,task     ] GC(22) Using 4 workers of 4 for evacuation
[2025-03-19T13:33:48.750+0000][11.093s][info ][gc,phases   ] GC(22)   Pre Evacuate Collection Set: 0.2ms
[2025-03-19T13:33:48.750+0000][11.093s][info ][gc,phases   ] GC(22)   Merge Heap Roots: 0.2ms
[2025-03-19T13:33:48.750+0000][11.093s][info ][gc,phases   ] GC(22)   Evacuate Collection Set: 10.6ms
[2025-03-19T13:33:48.750+0000][11.093s][info ][gc,phases   ] GC(22)   Post Evacuate Collection Set: 1.8ms
[2025-03-19T13:33:48.750+0000][11.093s][info ][gc,phases   ] GC(22)   Other: 0.3ms
[2025-03-19T13:33:48.750+0000][11.093s][info ][gc,heap     ] GC(22) Eden regions: 50->0(146)
[2025-03-19T13:33:48.750+0000][11.093s][info ][gc,heap     ] GC(22) Survivor regions: 8->8(20)
[2025-03-19T13:33:48.750+0000][11.093s][info ][gc,heap     ] GC(22) Old regions: 50->50
[2025-03-19T13:33:48.750+0000][11.093s][info ][gc,heap     ] GC(22) Archive regions: 2->2
[2025-03-19T13:33:48.750+0000][11.093s][info ][gc,heap     ] GC(22) Humongous regions: 0->0
[2025-03-19T13:33:48.750+0000][11.093s][info ][gc,metaspace] GC(22) Metaspace: 35708K(36096K)->35708K(36096K) NonClass: 31269K(31488K)->31269K(31488K) Class: 4439K(4608K)->4439K(4608K)
[2025-03-19T13:33:48.750+0000][11.093s][info ][gc          ] GC(22) Pause Young (Concurrent Start) (Metadata GC Threshold) 107M->58M(257M) 13.268ms
[2025-03-19T13:33:48.750+0000][11.093s][info ][gc,cpu      ] GC(22) User=0.03s Sys=0.00s Real=0.02s
[2025-03-19T13:33:48.750+0000][11.093s][info ][gc          ] GC(23) Concurrent Mark Cycle
[2025-03-19T13:33:48.750+0000][11.093s][info ][gc,marking  ] GC(23) Concurrent Clear Claimed Marks
[2025-03-19T13:33:48.750+0000][11.093s][info ][gc,marking  ] GC(23) Concurrent Clear Claimed Marks 0.115ms
[2025-03-19T13:33:48.750+0000][11.093s][info ][gc,marking  ] GC(23) Concurrent Scan Root Regions
[2025-03-19T13:33:48.750+0000][11.093s][info ][safepoint   ] Safepoint "CollectForMetadataAllocation", Time since last: 437514240 ns, Reaching safepoint: 82823 ns, Cleanup: 190642 ns, At safepoint: 13511401 ns, Total: 13784866 ns
[2025-03-19T13:33:48.783+0000][11.126s][info ][gc,marking  ] GC(23) Concurrent Scan Root Regions 32.754ms
[2025-03-19T13:33:48.783+0000][11.126s][info ][gc,marking  ] GC(23) Concurrent Mark
[2025-03-19T13:33:48.783+0000][11.126s][info ][gc,marking  ] GC(23) Concurrent Mark From Roots
[2025-03-19T13:33:48.783+0000][11.126s][info ][gc,task     ] GC(23) Using 1 workers of 1 for marking
[2025-03-19T13:33:48.954+0000][11.296s][info ][gc,marking  ] GC(23) Concurrent Mark From Roots 170.387ms
[2025-03-19T13:33:48.954+0000][11.296s][info ][gc,marking  ] GC(23) Concurrent Preclean
[2025-03-19T13:33:48.954+0000][11.297s][info ][gc,marking  ] GC(23) Concurrent Preclean 0.297ms
[2025-03-19T13:33:48.954+0000][11.297s][debug][safepoint   ] Safepoint synchronization initiated using futex wait barrier. (14 threads)
[2025-03-19T13:33:48.956+0000][11.298s][debug][safepoint   ] ... found polling page loop exception at pc = 0x0000769fe5159b96, stub =0x0000769fe498eb80
[2025-03-19T13:33:48.957+0000][11.299s][info ][gc,start    ] GC(23) Pause Remark
[2025-03-19T13:33:48.970+0000][11.313s][info ][gc          ] GC(23) Pause Remark 66M->66M(227M) 13.429ms
[2025-03-19T13:33:48.970+0000][11.313s][info ][gc,cpu      ] GC(23) User=0.02s Sys=0.00s Real=0.02s
[2025-03-19T13:33:48.970+0000][11.313s][info ][safepoint   ] Safepoint "G1PauseRemark", Time since last: 203596675 ns, Reaching safepoint: 2844735 ns, Cleanup: 41134 ns, At safepoint: 13513292 ns, Total: 16399161 ns
[2025-03-19T13:33:48.971+0000][11.313s][info ][gc,marking  ] GC(23) Concurrent Mark 187.350ms
[2025-03-19T13:33:48.971+0000][11.313s][info ][gc,marking  ] GC(23) Concurrent Rebuild Remembered Sets
[2025-03-19T13:33:49.098+0000][11.441s][info ][gc,marking  ] GC(23) Concurrent Rebuild Remembered Sets 127.405ms
[2025-03-19T13:33:49.098+0000][11.441s][debug][safepoint   ] Safepoint synchronization initiated using futex wait barrier. (14 threads)
[2025-03-19T13:33:49.099+0000][11.441s][info ][gc,start    ] GC(23) Pause Cleanup
[2025-03-19T13:33:49.099+0000][11.441s][info ][gc          ] GC(23) Pause Cleanup 68M->68M(227M) 0.202ms
[2025-03-19T13:33:49.099+0000][11.441s][info ][gc,cpu      ] GC(23) User=0.00s Sys=0.00s Real=0.00s
[2025-03-19T13:33:49.099+0000][11.441s][info ][safepoint   ] Safepoint "G1PauseCleanup", Time since last: 127725742 ns, Reaching safepoint: 452002 ns, Cleanup: 8747 ns, At safepoint: 266871 ns, Total: 727620 ns
[2025-03-19T13:33:49.099+0000][11.441s][info ][gc,marking  ] GC(23) Concurrent Cleanup for Next Mark
[2025-03-19T13:33:49.103+0000][11.446s][info ][gc,marking  ] GC(23) Concurrent Cleanup for Next Mark 4.497ms
[2025-03-19T13:33:49.104+0000][11.446s][info ][gc          ] GC(23) Concurrent Mark Cycle 353.260ms
[2025-03-19T13:33:50.215+0000][12.558s][debug][safepoint   ] Safepoint synchronization initiated using futex wait barrier. (14 threads)
[2025-03-19T13:33:50.215+0000][12.558s][info ][gc,start    ] GC(24) Pause Young (Prepare Mixed) (G1 Evacuation Pause)
[2025-03-19T13:33:50.215+0000][12.558s][info ][gc,task     ] GC(24) Using 4 workers of 4 for evacuation
[2025-03-19T13:33:50.231+0000][12.574s][info ][gc,phases   ] GC(24)   Pre Evacuate Collection Set: 0.1ms
[2025-03-19T13:33:50.231+0000][12.574s][info ][gc,phases   ] GC(24)   Merge Heap Roots: 0.2ms
[2025-03-19T13:33:50.231+0000][12.574s][info ][gc,phases   ] GC(24)   Evacuate Collection Set: 14.4ms
[2025-03-19T13:33:50.231+0000][12.574s][info ][gc,phases   ] GC(24)   Post Evacuate Collection Set: 1.6ms
[2025-03-19T13:33:50.231+0000][12.574s][info ][gc,phases   ] GC(24)   Other: 0.1ms
[2025-03-19T13:33:50.231+0000][12.574s][info ][gc,heap     ] GC(24) Eden regions: 128->0(1)
[2025-03-19T13:33:50.231+0000][12.574s][info ][gc,heap     ] GC(24) Survivor regions: 8->10(17)
[2025-03-19T13:33:50.231+0000][12.574s][info ][gc,heap     ] GC(24) Old regions: 50->50
[2025-03-19T13:33:50.231+0000][12.574s][info ][gc,heap     ] GC(24) Archive regions: 2->2
[2025-03-19T13:33:50.231+0000][12.574s][info ][gc,heap     ] GC(24) Humongous regions: 0->0
[2025-03-19T13:33:50.231+0000][12.574s][info ][gc,metaspace] GC(24) Metaspace: 38933K(39360K)->38933K(39360K) NonClass: 34017K(34240K)->34017K(34240K) Class: 4915K(5120K)->4915K(5120K)
[2025-03-19T13:33:50.232+0000][12.574s][info ][gc          ] GC(24) Pause Young (Prepare Mixed) (G1 Evacuation Pause) 186M->59M(227M) 16.426ms
[2025-03-19T13:33:50.232+0000][12.574s][info ][gc,cpu      ] GC(24) User=0.04s Sys=0.00s Real=0.02s
[2025-03-19T13:33:50.232+0000][12.575s][info ][safepoint   ] Safepoint "G1CollectForAllocation", Time since last: 1116084055 ns, Reaching safepoint: 41427 ns, Cleanup: 89547 ns, At safepoint: 17415728 ns, Total: 17546702 ns
[2025-03-19T13:33:50.251+0000][12.593s][debug][safepoint   ] Safepoint synchronization initiated using futex wait barrier. (14 threads)
[2025-03-19T13:33:50.251+0000][12.593s][info ][gc,start    ] GC(25) Pause Young (Mixed) (G1 Evacuation Pause)
[2025-03-19T13:33:50.251+0000][12.593s][info ][gc,task     ] GC(25) Using 4 workers of 4 for evacuation
[2025-03-19T13:33:50.272+0000][12.614s][info ][gc,phases   ] GC(25)   Pre Evacuate Collection Set: 0.1ms
[2025-03-19T13:33:50.272+0000][12.614s][info ][gc,phases   ] GC(25)   Merge Heap Roots: 0.1ms
[2025-03-19T13:33:50.272+0000][12.614s][info ][gc,phases   ] GC(25)   Evacuate Collection Set: 19.1ms
[2025-03-19T13:33:50.272+0000][12.614s][info ][gc,phases   ] GC(25)   Post Evacuate Collection Set: 1.7ms
[2025-03-19T13:33:50.272+0000][12.614s][info ][gc,phases   ] GC(25)   Other: 0.1ms
[2025-03-19T13:33:50.272+0000][12.615s][info ][gc,heap     ] GC(25) Eden regions: 1->0(133)
[2025-03-19T13:33:50.272+0000][12.615s][info ][gc,heap     ] GC(25) Survivor regions: 10->2(2)
[2025-03-19T13:33:50.272+0000][12.615s][info ][gc,heap     ] GC(25) Old regions: 50->57
[2025-03-19T13:33:50.272+0000][12.615s][info ][gc,heap     ] GC(25) Archive regions: 2->2
[2025-03-19T13:33:50.272+0000][12.615s][info ][gc,heap     ] GC(25) Humongous regions: 0->0
[2025-03-19T13:33:50.272+0000][12.615s][info ][gc,metaspace] GC(25) Metaspace: 38937K(39360K)->38937K(39360K) NonClass: 34021K(34240K)->34021K(34240K) Class: 4915K(5120K)->4915K(5120K)
[2025-03-19T13:33:50.272+0000][12.615s][info ][gc          ] GC(25) Pause Young (Mixed) (G1 Evacuation Pause) 60M->59M(227M) 21.098ms
[2025-03-19T13:33:50.272+0000][12.615s][info ][gc,cpu      ] GC(25) User=0.05s Sys=0.01s Real=0.02s
[2025-03-19T13:33:50.275+0000][12.618s][info ][safepoint   ] Safepoint "G1CollectForAllocation", Time since last: 18257992 ns, Reaching safepoint: 117253 ns, Cleanup: 3894 ns, At safepoint: 24187411 ns, Total: 24308558 ns
[2025-03-19T13:33:51.275+0000][13.618s][debug][safepoint   ] Safepoint synchronization initiated using futex wait barrier. (14 threads)
[2025-03-19T13:33:51.275+0000][13.618s][debug][safepoint   ] ... found polling page loop exception at pc = 0x0000769fe51be6d0, stub =0x0000769fe498f400
[2025-03-19T13:33:51.276+0000][13.618s][info ][safepoint   ] Safepoint "Cleanup", Time since last: 1000190588 ns, Reaching safepoint: 170180 ns, Cleanup: 151201 ns, At safepoint: 5504 ns, Total: 326885 ns
[2025-03-19T13:33:51.850+0000][14.193s][debug][safepoint   ] Safepoint synchronization initiated using futex wait barrier. (15 threads)
[2025-03-19T13:33:51.850+0000][14.193s][info ][gc,start    ] GC(26) Pause Young (Normal) (G1 Evacuation Pause)
[2025-03-19T13:33:51.850+0000][14.193s][info ][gc,task     ] GC(26) Using 4 workers of 4 for evacuation
[2025-03-19T13:33:51.858+0000][14.201s][info ][gc,phases   ] GC(26)   Pre Evacuate Collection Set: 0.1ms
[2025-03-19T13:33:51.858+0000][14.201s][info ][gc,phases   ] GC(26)   Merge Heap Roots: 0.1ms
[2025-03-19T13:33:51.858+0000][14.201s][info ][gc,phases   ] GC(26)   Evacuate Collection Set: 6.6ms
[2025-03-19T13:33:51.858+0000][14.201s][info ][gc,phases   ] GC(26)   Post Evacuate Collection Set: 1.0ms
[2025-03-19T13:33:51.858+0000][14.201s][info ][gc,phases   ] GC(26)   Other: 0.1ms
[2025-03-19T13:33:51.858+0000][14.201s][info ][gc,heap     ] GC(26) Eden regions: 133->0(133)
[2025-03-19T13:33:51.858+0000][14.201s][info ][gc,heap     ] GC(26) Survivor regions: 2->3(17)
[2025-03-19T13:33:51.858+0000][14.201s][info ][gc,heap     ] GC(26) Old regions: 57->57
[2025-03-19T13:33:51.858+0000][14.201s][info ][gc,heap     ] GC(26) Archive regions: 2->2
[2025-03-19T13:33:51.858+0000][14.201s][info ][gc,heap     ] GC(26) Humongous regions: 0->0
[2025-03-19T13:33:51.858+0000][14.201s][info ][gc,metaspace] GC(26) Metaspace: 41339K(41728K)->41339K(41728K) NonClass: 36095K(36288K)->36095K(36288K) Class: 5244K(5440K)->5244K(5440K)
[2025-03-19T13:33:51.858+0000][14.201s][info ][gc          ] GC(26) Pause Young (Normal) (G1 Evacuation Pause) 192M->60M(227M) 8.085ms
[2025-03-19T13:33:51.858+0000][14.201s][info ][gc,cpu      ] GC(26) User=0.02s Sys=0.00s Real=0.00s
[2025-03-19T13:33:51.858+0000][14.201s][info ][safepoint   ] Safepoint "G1CollectForAllocation", Time since last: 574645597 ns, Reaching safepoint: 38660 ns, Cleanup: 53144 ns, At safepoint: 8182212 ns, Total: 8274016 ns
[2025-03-19T13:33:52.866+0000][15.209s][debug][safepoint   ] Safepoint synchronization initiated using futex wait barrier. (15 threads)
[2025-03-19T13:33:52.866+0000][15.209s][info ][safepoint   ] Safepoint "Cleanup", Time since last: 1007689642 ns, Reaching safepoint: 120134 ns, Cleanup: 156116 ns, At safepoint: 29024 ns, Total: 305274 ns
[2025-03-19T13:33:53.127+0000][15.469s][debug][safepoint   ] Safepoint synchronization initiated using futex wait barrier. (15 threads)
[2025-03-19T13:33:53.127+0000][15.469s][info ][gc,start    ] GC(27) Pause Young (Normal) (G1 Evacuation Pause)
[2025-03-19T13:33:53.127+0000][15.469s][info ][gc,task     ] GC(27) Using 4 workers of 4 for evacuation
[2025-03-19T13:33:53.141+0000][15.483s][info ][gc,phases   ] GC(27)   Pre Evacuate Collection Set: 0.1ms
[2025-03-19T13:33:53.141+0000][15.483s][info ][gc,phases   ] GC(27)   Merge Heap Roots: 0.2ms
[2025-03-19T13:33:53.141+0000][15.483s][info ][gc,phases   ] GC(27)   Evacuate Collection Set: 12.0ms
[2025-03-19T13:33:53.141+0000][15.483s][info ][gc,phases   ] GC(27)   Post Evacuate Collection Set: 1.3ms
[2025-03-19T13:33:53.141+0000][15.483s][info ][gc,phases   ] GC(27)   Other: 0.1ms
[2025-03-19T13:33:53.141+0000][15.483s][info ][gc,heap     ] GC(27) Eden regions: 133->0(131)
[2025-03-19T13:33:53.141+0000][15.483s][info ][gc,heap     ] GC(27) Survivor regions: 3->5(17)
[2025-03-19T13:33:53.141+0000][15.483s][info ][gc,heap     ] GC(27) Old regions: 57->57
[2025-03-19T13:33:53.141+0000][15.483s][info ][gc,heap     ] GC(27) Archive regions: 2->2
[2025-03-19T13:33:53.141+0000][15.483s][info ][gc,heap     ] GC(27) Humongous regions: 0->0
[2025-03-19T13:33:53.141+0000][15.483s][info ][gc,metaspace] GC(27) Metaspace: 44465K(44864K)->44465K(44864K) NonClass: 38779K(38976K)->38779K(38976K) Class: 5685K(5888K)->5685K(5888K)
[2025-03-19T13:33:53.141+0000][15.483s][info ][gc          ] GC(27) Pause Young (Normal) (G1 Evacuation Pause) 193M->61M(227M) 13.816ms
[2025-03-19T13:33:53.141+0000][15.483s][info ][gc,cpu      ] GC(27) User=0.03s Sys=0.00s Real=0.02s
[2025-03-19T13:33:53.141+0000][15.483s][info ][safepoint   ] Safepoint "G1CollectForAllocation", Time since last: 260274888 ns, Reaching safepoint: 43737 ns, Cleanup: 50063 ns, At safepoint: 13871103 ns, Total: 13964903 ns
[2025-03-19T13:33:54.340+0000][16.682s][debug][safepoint   ] Safepoint synchronization initiated using futex wait barrier. (15 threads)
[2025-03-19T13:33:54.340+0000][16.682s][info ][safepoint   ] Safepoint "Cleanup", Time since last: 1198902944 ns, Reaching safepoint: 54697 ns, Cleanup: 130505 ns, At safepoint: 3045 ns, Total: 188247 ns
[2025-03-19T13:33:54.771+0000][17.114s][debug][safepoint   ] Safepoint synchronization initiated using futex wait barrier. (15 threads)
[2025-03-19T13:33:54.771+0000][17.114s][info ][gc,start    ] GC(28) Pause Young (Normal) (G1 Evacuation Pause)
[2025-03-19T13:33:54.771+0000][17.114s][info ][gc,task     ] GC(28) Using 4 workers of 4 for evacuation
[2025-03-19T13:33:54.790+0000][17.132s][info ][gc,phases   ] GC(28)   Pre Evacuate Collection Set: 0.1ms
[2025-03-19T13:33:54.790+0000][17.132s][info ][gc,phases   ] GC(28)   Merge Heap Roots: 0.2ms
[2025-03-19T13:33:54.790+0000][17.132s][info ][gc,phases   ] GC(28)   Evacuate Collection Set: 15.4ms
[2025-03-19T13:33:54.790+0000][17.132s][info ][gc,phases   ] GC(28)   Post Evacuate Collection Set: 2.5ms
[2025-03-19T13:33:54.790+0000][17.132s][info ][gc,phases   ] GC(28)   Other: 0.1ms
[2025-03-19T13:33:54.790+0000][17.132s][info ][gc,heap     ] GC(28) Eden regions: 131->0(128)
[2025-03-19T13:33:54.790+0000][17.132s][info ][gc,heap     ] GC(28) Survivor regions: 5->7(17)
[2025-03-19T13:33:54.790+0000][17.132s][info ][gc,heap     ] GC(28) Old regions: 57->57
[2025-03-19T13:33:54.790+0000][17.132s][info ][gc,heap     ] GC(28) Archive regions: 2->2
[2025-03-19T13:33:54.790+0000][17.132s][info ][gc,heap     ] GC(28) Humongous regions: 0->0
[2025-03-19T13:33:54.790+0000][17.132s][info ][gc,metaspace] GC(28) Metaspace: 48944K(49408K)->48944K(49408K) NonClass: 42661K(42880K)->42661K(42880K) Class: 6283K(6528K)->6283K(6528K)
[2025-03-19T13:33:54.790+0000][17.132s][info ][gc          ] GC(28) Pause Young (Normal) (G1 Evacuation Pause) 192M->64M(227M) 18.349ms
[2025-03-19T13:33:54.790+0000][17.132s][info ][gc,cpu      ] GC(28) User=0.05s Sys=0.01s Real=0.01s
[2025-03-19T13:33:54.790+0000][17.132s][info ][safepoint   ] Safepoint "G1CollectForAllocation", Time since last: 431389345 ns, Reaching safepoint: 39239 ns, Cleanup: 52502 ns, At safepoint: 18410324 ns, Total: 18502065 ns
[2025-03-19T13:33:56.461+0000][18.804s][debug][safepoint   ] Safepoint synchronization initiated using futex wait barrier. (17 threads)
[2025-03-19T13:33:56.461+0000][18.804s][info ][safepoint   ] Safepoint "Cleanup", Time since last: 1671317118 ns, Reaching safepoint: 40437 ns, Cleanup: 102946 ns, At safepoint: 2427 ns, Total: 145810 ns
[2025-03-19T13:33:57.476+0000][19.818s][debug][safepoint   ] Safepoint synchronization initiated using futex wait barrier. (17 threads)
[2025-03-19T13:33:57.476+0000][19.819s][info ][gc,start    ] GC(29) Pause Young (Normal) (G1 Evacuation Pause)
[2025-03-19T13:33:57.476+0000][19.819s][info ][gc,task     ] GC(29) Using 4 workers of 4 for evacuation
[2025-03-19T13:33:57.497+0000][19.840s][info ][gc,phases   ] GC(29)   Pre Evacuate Collection Set: 0.1ms
[2025-03-19T13:33:57.498+0000][19.840s][info ][gc,phases   ] GC(29)   Merge Heap Roots: 0.2ms
[2025-03-19T13:33:57.498+0000][19.840s][info ][gc,phases   ] GC(29)   Evacuate Collection Set: 19.0ms
[2025-03-19T13:33:57.498+0000][19.840s][info ][gc,phases   ] GC(29)   Post Evacuate Collection Set: 2.1ms
[2025-03-19T13:33:57.498+0000][19.840s][info ][gc,phases   ] GC(29)   Other: 0.1ms
[2025-03-19T13:33:57.498+0000][19.840s][info ][gc,heap     ] GC(29) Eden regions: 128->0(125)
[2025-03-19T13:33:57.498+0000][19.840s][info ][gc,heap     ] GC(29) Survivor regions: 7->10(17)
[2025-03-19T13:33:57.498+0000][19.840s][info ][gc,heap     ] GC(29) Old regions: 57->57
[2025-03-19T13:33:57.498+0000][19.840s][info ][gc,heap     ] GC(29) Archive regions: 2->2
[2025-03-19T13:33:57.498+0000][19.840s][info ][gc,heap     ] GC(29) Humongous regions: 0->0
[2025-03-19T13:33:57.498+0000][19.840s][info ][gc,metaspace] GC(29) Metaspace: 55000K(55424K)->55000K(55424K) NonClass: 48009K(48256K)->48009K(48256K) Class: 6991K(7168K)->6991K(7168K)
[2025-03-19T13:33:57.498+0000][19.840s][info ][gc          ] GC(29) Pause Young (Normal) (G1 Evacuation Pause) 192M->67M(227M) 21.546ms
[2025-03-19T13:33:57.498+0000][19.840s][info ][gc,cpu      ] GC(29) User=0.05s Sys=0.00s Real=0.02s
[2025-03-19T13:33:57.498+0000][19.840s][info ][safepoint   ] Safepoint "G1CollectForAllocation", Time since last: 1014700593 ns, Reaching safepoint: 45441 ns, Cleanup: 158161 ns, At safepoint: 21623921 ns, Total: 21827523 ns
[2025-03-19T13:33:58.757+0000][21.100s][debug][safepoint   ] Safepoint synchronization initiated using futex wait barrier. (17 threads)
[2025-03-19T13:33:58.758+0000][21.100s][info ][safepoint   ] Safepoint "Cleanup", Time since last: 1259699610 ns, Reaching safepoint: 182310 ns, Cleanup: 25855 ns, At safepoint: 4321 ns, Total: 212486 ns
[2025-03-19T13:33:59.065+0000][21.408s][debug][safepoint   ] Safepoint synchronization initiated using futex wait barrier. (17 threads)
[2025-03-19T13:33:59.065+0000][21.408s][info ][gc,start    ] GC(30) Pause Young (Normal) (G1 Evacuation Pause)
[2025-03-19T13:33:59.065+0000][21.408s][info ][gc,task     ] GC(30) Using 4 workers of 4 for evacuation
[2025-03-19T13:33:59.083+0000][21.426s][info ][gc,phases   ] GC(30)   Pre Evacuate Collection Set: 0.1ms
[2025-03-19T13:33:59.083+0000][21.426s][info ][gc,phases   ] GC(30)   Merge Heap Roots: 0.1ms
[2025-03-19T13:33:59.083+0000][21.426s][info ][gc,phases   ] GC(30)   Evacuate Collection Set: 16.1ms
[2025-03-19T13:33:59.083+0000][21.426s][info ][gc,phases   ] GC(30)   Post Evacuate Collection Set: 1.6ms
[2025-03-19T13:33:59.083+0000][21.426s][info ][gc,phases   ] GC(30)   Other: 0.1ms
[2025-03-19T13:33:59.083+0000][21.426s][info ][gc,heap     ] GC(30) Eden regions: 125->0(125)
[2025-03-19T13:33:59.083+0000][21.426s][info ][gc,heap     ] GC(30) Survivor regions: 10->9(17)
[2025-03-19T13:33:59.083+0000][21.426s][info ][gc,heap     ] GC(30) Old regions: 57->59
[2025-03-19T13:33:59.083+0000][21.426s][info ][gc,heap     ] GC(30) Archive regions: 2->2
[2025-03-19T13:33:59.083+0000][21.426s][info ][gc,heap     ] GC(30) Humongous regions: 0->0
[2025-03-19T13:33:59.083+0000][21.426s][info ][gc,metaspace] GC(30) Metaspace: 58418K(58816K)->58418K(58816K) NonClass: 50926K(51136K)->50926K(51136K) Class: 7491K(7680K)->7491K(7680K)
[2025-03-19T13:33:59.083+0000][21.426s][info ][gc          ] GC(30) Pause Young (Normal) (G1 Evacuation Pause) 192M->68M(227M) 18.077ms
[2025-03-19T13:33:59.083+0000][21.426s][info ][gc,cpu      ] GC(30) User=0.05s Sys=0.00s Real=0.02s
[2025-03-19T13:33:59.083+0000][21.426s][info ][safepoint   ] Safepoint "G1CollectForAllocation", Time since last: 307390508 ns, Reaching safepoint: 60343 ns, Cleanup: 39348 ns, At safepoint: 18123785 ns, Total: 18223476 ns
[2025-03-19T13:33:59.336+0000][21.679s][debug][safepoint   ] Safepoint synchronization initiated using futex wait barrier. (18 threads)
[2025-03-19T13:33:59.337+0000][21.679s][info ][gc,start    ] GC(31) Pause Young (Concurrent Start) (Metadata GC Threshold)
[2025-03-19T13:33:59.337+0000][21.679s][info ][gc,task     ] GC(31) Using 4 workers of 4 for evacuation
[2025-03-19T13:33:59.356+0000][21.699s][info ][gc,phases   ] GC(31)   Pre Evacuate Collection Set: 0.1ms
[2025-03-19T13:33:59.356+0000][21.699s][info ][gc,phases   ] GC(31)   Merge Heap Roots: 0.2ms
[2025-03-19T13:33:59.356+0000][21.699s][info ][gc,phases   ] GC(31)   Evacuate Collection Set: 16.8ms
[2025-03-19T13:33:59.356+0000][21.699s][info ][gc,phases   ] GC(31)   Post Evacuate Collection Set: 2.3ms
[2025-03-19T13:33:59.356+0000][21.699s][info ][gc,phases   ] GC(31)   Other: 0.1ms
[2025-03-19T13:33:59.356+0000][21.699s][info ][gc,heap     ] GC(31) Eden regions: 24->0(125)
[2025-03-19T13:33:59.356+0000][21.699s][info ][gc,heap     ] GC(31) Survivor regions: 9->8(17)
[2025-03-19T13:33:59.356+0000][21.699s][info ][gc,heap     ] GC(31) Old regions: 59->61
[2025-03-19T13:33:59.356+0000][21.699s][info ][gc,heap     ] GC(31) Archive regions: 2->2
[2025-03-19T13:33:59.356+0000][21.699s][info ][gc,heap     ] GC(31) Humongous regions: 0->0
[2025-03-19T13:33:59.356+0000][21.699s][info ][gc,metaspace] GC(31) Metaspace: 60295K(60736K)->60295K(60736K) NonClass: 52594K(52800K)->52594K(52800K) Class: 7701K(7936K)->7701K(7936K)
[2025-03-19T13:33:59.356+0000][21.699s][info ][gc          ] GC(31) Pause Young (Concurrent Start) (Metadata GC Threshold) 92M->69M(227M) 19.948ms
[2025-03-19T13:33:59.357+0000][21.699s][info ][gc,cpu      ] GC(31) User=0.03s Sys=0.01s Real=0.02s
[2025-03-19T13:33:59.357+0000][21.699s][info ][gc          ] GC(32) Concurrent Mark Cycle
[2025-03-19T13:33:59.357+0000][21.699s][info ][gc,marking  ] GC(32) Concurrent Clear Claimed Marks
[2025-03-19T13:33:59.357+0000][21.699s][info ][safepoint   ] Safepoint "CollectForMetadataAllocation", Time since last: 253179937 ns, Reaching safepoint: 67134 ns, Cleanup: 48955 ns, At safepoint: 20122920 ns, Total: 20239009 ns
[2025-03-19T13:33:59.357+0000][21.699s][info ][gc,marking  ] GC(32) Concurrent Clear Claimed Marks 0.106ms
[2025-03-19T13:33:59.357+0000][21.699s][info ][gc,marking  ] GC(32) Concurrent Scan Root Regions
[2025-03-19T13:33:59.371+0000][21.713s][info ][gc,marking  ] GC(32) Concurrent Scan Root Regions 14.172ms
[2025-03-19T13:33:59.371+0000][21.714s][info ][gc,marking  ] GC(32) Concurrent Mark
[2025-03-19T13:33:59.371+0000][21.714s][info ][gc,marking  ] GC(32) Concurrent Mark From Roots
[2025-03-19T13:33:59.371+0000][21.714s][info ][gc,task     ] GC(32) Using 1 workers of 1 for marking
[2025-03-19T13:33:59.417+0000][21.759s][debug][safepoint   ] Safepoint synchronization initiated using futex wait barrier. (18 threads)
[2025-03-19T13:33:59.417+0000][21.760s][info ][safepoint   ] Safepoint "CollectForMetadataAllocation", Time since last: 59927512 ns, Reaching safepoint: 149634 ns, Cleanup: 69706 ns, At safepoint: 167034 ns, Total: 386374 ns
[2025-03-19T13:33:59.513+0000][21.856s][info ][gc,marking  ] GC(32) Concurrent Mark From Roots 142.286ms
[2025-03-19T13:33:59.513+0000][21.856s][info ][gc,marking  ] GC(32) Concurrent Preclean
[2025-03-19T13:33:59.514+0000][21.856s][info ][gc,marking  ] GC(32) Concurrent Preclean 0.448ms
[2025-03-19T13:33:59.514+0000][21.856s][debug][safepoint   ] Safepoint synchronization initiated using futex wait barrier. (19 threads)
[2025-03-19T13:33:59.514+0000][21.857s][info ][gc,start    ] GC(32) Pause Remark
[2025-03-19T13:33:59.523+0000][21.866s][info ][gc          ] GC(32) Pause Remark 78M->78M(227M) 8.974ms
[2025-03-19T13:33:59.523+0000][21.866s][info ][gc,cpu      ] GC(32) User=0.01s Sys=0.00s Real=0.01s
[2025-03-19T13:33:59.523+0000][21.866s][info ][safepoint   ] Safepoint "G1PauseRemark", Time since last: 96916385 ns, Reaching safepoint: 107633 ns, Cleanup: 20569 ns, At safepoint: 9054267 ns, Total: 9182469 ns
[2025-03-19T13:33:59.523+0000][21.866s][info ][gc,marking  ] GC(32) Concurrent Mark 152.151ms
[2025-03-19T13:33:59.523+0000][21.866s][info ][gc,marking  ] GC(32) Concurrent Rebuild Remembered Sets
[2025-03-19T13:33:59.598+0000][21.941s][info ][gc,marking  ] GC(32) Concurrent Rebuild Remembered Sets 75.130ms
[2025-03-19T13:33:59.598+0000][21.941s][debug][safepoint   ] Safepoint synchronization initiated using futex wait barrier. (19 threads)
[2025-03-19T13:33:59.598+0000][21.941s][info ][gc,start    ] GC(32) Pause Cleanup
[2025-03-19T13:33:59.599+0000][21.941s][info ][gc          ] GC(32) Pause Cleanup 83M->83M(227M) 0.127ms
[2025-03-19T13:33:59.599+0000][21.941s][info ][gc,cpu      ] GC(32) User=0.00s Sys=0.00s Real=0.00s
[2025-03-19T13:33:59.599+0000][21.941s][info ][safepoint   ] Safepoint "G1PauseCleanup", Time since last: 75291144 ns, Reaching safepoint: 84417 ns, Cleanup: 11156 ns, At safepoint: 176247 ns, Total: 271820 ns
[2025-03-19T13:33:59.599+0000][21.941s][info ][gc,marking  ] GC(32) Concurrent Cleanup for Next Mark
[2025-03-19T13:33:59.600+0000][21.942s][info ][gc,marking  ] GC(32) Concurrent Cleanup for Next Mark 1.119ms
[2025-03-19T13:33:59.600+0000][21.942s][info ][gc          ] GC(32) Concurrent Mark Cycle 243.205ms
[2025-03-19T13:34:00.649+0000][22.992s][debug][safepoint   ] Safepoint synchronization initiated using futex wait barrier. (20 threads)
[2025-03-19T13:34:00.649+0000][22.992s][debug][safepoint   ] ... found polling page loop exception at pc = 0x0000769fdd9d064f, stub =0x0000769fe498f400
[2025-03-19T13:34:00.649+0000][22.992s][info ][safepoint   ] Safepoint "Cleanup", Time since last: 1050447316 ns, Reaching safepoint: 118467 ns, Cleanup: 130526 ns, At safepoint: 3931 ns, Total: 252924 ns
[2025-03-19T13:34:00.975+0000][23.317s][debug][safepoint   ] Safepoint synchronization initiated using futex wait barrier. (20 threads)
[2025-03-19T13:34:00.978+0000][23.320s][info ][gc,start    ] GC(33) Pause Young (Prepare Mixed) (G1 Evacuation Pause)
[2025-03-19T13:34:00.978+0000][23.320s][info ][gc,task     ] GC(33) Using 4 workers of 4 for evacuation
[2025-03-19T13:34:01.001+0000][23.344s][info ][gc,phases   ] GC(33)   Pre Evacuate Collection Set: 0.1ms
[2025-03-19T13:34:01.001+0000][23.344s][info ][gc,phases   ] GC(33)   Merge Heap Roots: 0.2ms
[2025-03-19T13:34:01.001+0000][23.344s][info ][gc,phases   ] GC(33)   Evacuate Collection Set: 19.9ms
[2025-03-19T13:34:01.001+0000][23.344s][info ][gc,phases   ] GC(33)   Post Evacuate Collection Set: 3.1ms
[2025-03-19T13:34:01.001+0000][23.344s][info ][gc,phases   ] GC(33)   Other: 0.1ms
[2025-03-19T13:34:01.001+0000][23.344s][info ][gc,heap     ] GC(33) Eden regions: 125->0(2)
[2025-03-19T13:34:01.001+0000][23.344s][info ][gc,heap     ] GC(33) Survivor regions: 8->9(17)
[2025-03-19T13:34:01.001+0000][23.344s][info ][gc,heap     ] GC(33) Old regions: 61->61
[2025-03-19T13:34:01.001+0000][23.344s][info ][gc,heap     ] GC(33) Archive regions: 2->2
[2025-03-19T13:34:01.001+0000][23.344s][info ][gc,heap     ] GC(33) Humongous regions: 0->0
[2025-03-19T13:34:01.001+0000][23.344s][info ][gc,metaspace] GC(33) Metaspace: 63260K(63744K)->63260K(63744K) NonClass: 55191K(55424K)->55191K(55424K) Class: 8068K(8320K)->8068K(8320K)
[2025-03-19T13:34:01.001+0000][23.344s][info ][gc          ] GC(33) Pause Young (Prepare Mixed) (G1 Evacuation Pause) 194M->69M(227M) 23.469ms
[2025-03-19T13:34:01.001+0000][23.344s][info ][gc,cpu      ] GC(33) User=0.04s Sys=0.00s Real=0.03s
[2025-03-19T13:34:01.001+0000][23.344s][info ][safepoint   ] Safepoint "G1CollectForAllocation", Time since last: 325289248 ns, Reaching safepoint: 49629 ns, Cleanup: 3199506 ns, At safepoint: 23539639 ns, Total: 26788774 ns
[2025-03-19T13:34:01.017+0000][23.359s][debug][safepoint   ] Safepoint synchronization initiated using futex wait barrier. (20 threads)
[2025-03-19T13:34:01.017+0000][23.360s][info ][gc,start    ] GC(34) Pause Young (Mixed) (G1 Evacuation Pause)
[2025-03-19T13:34:01.017+0000][23.360s][info ][gc,task     ] GC(34) Using 4 workers of 4 for evacuation
[2025-03-19T13:34:01.034+0000][23.377s][info ][gc,phases   ] GC(34)   Pre Evacuate Collection Set: 0.1ms
[2025-03-19T13:34:01.034+0000][23.377s][info ][gc,phases   ] GC(34)   Merge Heap Roots: 0.4ms
[2025-03-19T13:34:01.034+0000][23.377s][info ][gc,phases   ] GC(34)   Evacuate Collection Set: 13.9ms
[2025-03-19T13:34:01.034+0000][23.377s][info ][gc,phases   ] GC(34)   Post Evacuate Collection Set: 2.6ms
[2025-03-19T13:34:01.034+0000][23.377s][info ][gc,phases   ] GC(34)   Other: 0.1ms
[2025-03-19T13:34:01.034+0000][23.377s][info ][gc,heap     ] GC(34) Eden regions: 2->0(125)
[2025-03-19T13:34:01.034+0000][23.377s][info ][gc,heap     ] GC(34) Survivor regions: 9->2(2)
[2025-03-19T13:34:01.034+0000][23.377s][info ][gc,heap     ] GC(34) Old regions: 61->68
[2025-03-19T13:34:01.034+0000][23.377s][info ][gc,heap     ] GC(34) Archive regions: 2->2
[2025-03-19T13:34:01.034+0000][23.377s][info ][gc,heap     ] GC(34) Humongous regions: 0->0
[2025-03-19T13:34:01.034+0000][23.377s][info ][gc,metaspace] GC(34) Metaspace: 63319K(63744K)->63319K(63744K) NonClass: 55245K(55424K)->55245K(55424K) Class: 8074K(8320K)->8074K(8320K)
[2025-03-19T13:34:01.034+0000][23.377s][info ][gc          ] GC(34) Pause Young (Mixed) (G1 Evacuation Pause) 71M->69M(227M) 17.277ms
[2025-03-19T13:34:01.034+0000][23.377s][info ][gc,cpu      ] GC(34) User=0.04s Sys=0.00s Real=0.02s
[2025-03-19T13:34:01.034+0000][23.377s][info ][safepoint   ] Safepoint "G1CollectForAllocation", Time since last: 15492164 ns, Reaching safepoint: 47042 ns, Cleanup: 11312 ns, At safepoint: 17339309 ns, Total: 17397663 ns
[2025-03-19T13:34:01.771+0000][24.113s][debug][safepoint   ] Safepoint synchronization initiated using futex wait barrier. (20 threads)
[2025-03-19T13:34:01.771+0000][24.114s][info ][gc,start    ] GC(35) Pause Young (Concurrent Start) (G1 Evacuation Pause)
[2025-03-19T13:34:01.771+0000][24.114s][info ][gc,task     ] GC(35) Using 4 workers of 4 for evacuation
[2025-03-19T13:34:01.779+0000][24.121s][info ][gc,phases   ] GC(35)   Pre Evacuate Collection Set: 0.4ms
[2025-03-19T13:34:01.779+0000][24.121s][info ][gc,phases   ] GC(35)   Merge Heap Roots: 0.1ms
[2025-03-19T13:34:01.779+0000][24.122s][info ][gc,phases   ] GC(35)   Evacuate Collection Set: 5.2ms
[2025-03-19T13:34:01.779+0000][24.122s][info ][gc,phases   ] GC(35)   Post Evacuate Collection Set: 2.0ms
[2025-03-19T13:34:01.779+0000][24.122s][info ][gc,phases   ] GC(35)   Other: 0.1ms
[2025-03-19T13:34:01.779+0000][24.122s][info ][gc,heap     ] GC(35) Eden regions: 125->0(127)
[2025-03-19T13:34:01.779+0000][24.122s][info ][gc,heap     ] GC(35) Survivor regions: 2->1(16)
[2025-03-19T13:34:01.779+0000][24.122s][info ][gc,heap     ] GC(35) Old regions: 68->68
[2025-03-19T13:34:01.779+0000][24.122s][info ][gc,heap     ] GC(35) Archive regions: 2->2
[2025-03-19T13:34:01.779+0000][24.122s][info ][gc,heap     ] GC(35) Humongous regions: 0->0
[2025-03-19T13:34:01.779+0000][24.122s][info ][gc,metaspace] GC(35) Metaspace: 66699K(67200K)->66699K(67200K) NonClass: 58112K(58368K)->58112K(58368K) Class: 8587K(8832K)->8587K(8832K)
[2025-03-19T13:34:01.779+0000][24.122s][info ][gc          ] GC(35) Pause Young (Concurrent Start) (G1 Evacuation Pause) 194M->69M(227M) 7.895ms
[2025-03-19T13:34:01.779+0000][24.122s][info ][gc,cpu      ] GC(35) User=0.01s Sys=0.00s Real=0.00s
[2025-03-19T13:34:01.779+0000][24.122s][info ][gc          ] GC(36) Concurrent Mark Cycle
[2025-03-19T13:34:01.779+0000][24.122s][info ][gc,marking  ] GC(36) Concurrent Clear Claimed Marks
[2025-03-19T13:34:01.779+0000][24.122s][info ][gc,marking  ] GC(36) Concurrent Clear Claimed Marks 0.046ms
[2025-03-19T13:34:01.779+0000][24.122s][info ][gc,marking  ] GC(36) Concurrent Scan Root Regions
[2025-03-19T13:34:01.780+0000][24.123s][info ][safepoint   ] Safepoint "G1CollectForAllocation", Time since last: 736606969 ns, Reaching safepoint: 133758 ns, Cleanup: 62867 ns, At safepoint: 9099685 ns, Total: 9296310 ns
[2025-03-19T13:34:01.782+0000][24.124s][info ][gc,marking  ] GC(36) Concurrent Scan Root Regions 2.734ms
[2025-03-19T13:34:01.782+0000][24.124s][info ][gc,marking  ] GC(36) Concurrent Mark
[2025-03-19T13:34:01.782+0000][24.124s][info ][gc,marking  ] GC(36) Concurrent Mark From Roots
[2025-03-19T13:34:01.782+0000][24.124s][info ][gc,task     ] GC(36) Using 1 workers of 1 for marking
[2025-03-19T13:34:01.951+0000][24.293s][info ][gc,marking  ] GC(36) Concurrent Mark From Roots 168.756ms
[2025-03-19T13:34:01.951+0000][24.293s][info ][gc,marking  ] GC(36) Concurrent Preclean
[2025-03-19T13:34:01.951+0000][24.294s][info ][gc,marking  ] GC(36) Concurrent Preclean 0.719ms
[2025-03-19T13:34:01.952+0000][24.294s][debug][safepoint   ] Safepoint synchronization initiated using futex wait barrier. (21 threads)
[2025-03-19T13:34:01.952+0000][24.295s][info ][gc,start    ] GC(36) Pause Remark
[2025-03-19T13:34:01.963+0000][24.306s][info ][gc          ] GC(36) Pause Remark 90M->90M(227M) 10.590ms
[2025-03-19T13:34:01.963+0000][24.306s][info ][gc,cpu      ] GC(36) User=0.02s Sys=0.00s Real=0.01s
[2025-03-19T13:34:01.963+0000][24.306s][info ][safepoint   ] Safepoint "G1PauseRemark", Time since last: 171447386 ns, Reaching safepoint: 725195 ns, Cleanup: 36497 ns, At safepoint: 10694140 ns, Total: 11455832 ns
[2025-03-19T13:34:01.964+0000][24.306s][info ][gc,marking  ] GC(36) Concurrent Mark 181.900ms
[2025-03-19T13:34:01.964+0000][24.306s][info ][gc,marking  ] GC(36) Concurrent Rebuild Remembered Sets
[2025-03-19T13:34:02.044+0000][24.387s][info ][gc,marking  ] GC(36) Concurrent Rebuild Remembered Sets 80.586ms
[2025-03-19T13:34:02.045+0000][24.387s][debug][safepoint   ] Safepoint synchronization initiated using futex wait barrier. (21 threads)
[2025-03-19T13:34:02.047+0000][24.389s][info ][gc,start    ] GC(36) Pause Cleanup
[2025-03-19T13:34:02.048+0000][24.390s][info ][gc          ] GC(36) Pause Cleanup 99M->99M(227M) 1.116ms
[2025-03-19T13:34:02.048+0000][24.390s][info ][gc,cpu      ] GC(36) User=0.00s Sys=0.00s Real=0.00s
[2025-03-19T13:34:02.048+0000][24.390s][info ][safepoint   ] Safepoint "G1PauseCleanup", Time since last: 81436219 ns, Reaching safepoint: 2113051 ns, Cleanup: 29164 ns, At safepoint: 1197769 ns, Total: 3339984 ns
[2025-03-19T13:34:02.048+0000][24.390s][info ][gc,marking  ] GC(36) Concurrent Cleanup for Next Mark
[2025-03-19T13:34:02.053+0000][24.396s][info ][gc,marking  ] GC(36) Concurrent Cleanup for Next Mark 5.496ms
[2025-03-19T13:34:02.053+0000][24.396s][info ][gc          ] GC(36) Concurrent Mark Cycle 274.425ms
[2025-03-19T13:34:03.048+0000][25.391s][debug][safepoint   ] Safepoint synchronization initiated using futex wait barrier. (21 threads)
[2025-03-19T13:34:03.048+0000][25.391s][info ][safepoint   ] Safepoint "Cleanup", Time since last: 1000136161 ns, Reaching safepoint: 153934 ns, Cleanup: 129565 ns, At safepoint: 49439 ns, Total: 332938 ns
[2025-03-19T13:34:03.382+0000][25.725s][debug][safepoint   ] Safepoint synchronization initiated using futex wait barrier. (21 threads)
[2025-03-19T13:34:03.384+0000][25.726s][info ][gc,start    ] GC(37) Pause Young (Prepare Mixed) (G1 Evacuation Pause)
[2025-03-19T13:34:03.384+0000][25.726s][info ][gc,task     ] GC(37) Using 4 workers of 4 for evacuation
[2025-03-19T13:34:03.400+0000][25.743s][info ][gc,phases   ] GC(37)   Pre Evacuate Collection Set: 0.2ms
[2025-03-19T13:34:03.400+0000][25.743s][info ][gc,phases   ] GC(37)   Merge Heap Roots: 0.2ms
[2025-03-19T13:34:03.400+0000][25.743s][info ][gc,phases   ] GC(37)   Evacuate Collection Set: 14.1ms
[2025-03-19T13:34:03.400+0000][25.743s][info ][gc,phases   ] GC(37)   Post Evacuate Collection Set: 2.0ms
[2025-03-19T13:34:03.400+0000][25.743s][info ][gc,phases   ] GC(37)   Other: 0.8ms
[2025-03-19T13:34:03.400+0000][25.743s][info ][gc,heap     ] GC(37) Eden regions: 127->0(6)
[2025-03-19T13:34:03.400+0000][25.743s][info ][gc,heap     ] GC(37) Survivor regions: 1->5(16)
[2025-03-19T13:34:03.400+0000][25.743s][info ][gc,heap     ] GC(37) Old regions: 68->68
[2025-03-19T13:34:03.400+0000][25.743s][info ][gc,heap     ] GC(37) Archive regions: 2->2
[2025-03-19T13:34:03.400+0000][25.743s][info ][gc,heap     ] GC(37) Humongous regions: 0->0
[2025-03-19T13:34:03.400+0000][25.743s][info ][gc,metaspace] GC(37) Metaspace: 68725K(69248K)->68725K(69248K) NonClass: 59872K(60160K)->59872K(60160K) Class: 8853K(9088K)->8853K(9088K)
[2025-03-19T13:34:03.400+0000][25.743s][info ][gc          ] GC(37) Pause Young (Prepare Mixed) (G1 Evacuation Pause) 196M->72M(227M) 16.902ms
[2025-03-19T13:34:03.400+0000][25.743s][info ][gc,cpu      ] GC(37) User=0.03s Sys=0.00s Real=0.02s
[2025-03-19T13:34:03.400+0000][25.743s][info ][safepoint   ] Safepoint "G1CollectForAllocation", Time since last: 334041760 ns, Reaching safepoint: 69447 ns, Cleanup: 454898 ns, At safepoint: 17543180 ns, Total: 18067525 ns
[2025-03-19T13:34:03.520+0000][25.862s][debug][safepoint   ] Safepoint synchronization initiated using futex wait barrier. (21 threads)
[2025-03-19T13:34:03.520+0000][25.862s][info ][gc,start    ] GC(38) Pause Young (Mixed) (G1 Evacuation Pause)
[2025-03-19T13:34:03.520+0000][25.862s][info ][gc,task     ] GC(38) Using 4 workers of 4 for evacuation
[2025-03-19T13:34:03.541+0000][25.884s][info ][gc,phases   ] GC(38)   Pre Evacuate Collection Set: 0.1ms
[2025-03-19T13:34:03.541+0000][25.884s][info ][gc,phases   ] GC(38)   Merge Heap Roots: 0.1ms
[2025-03-19T13:34:03.541+0000][25.884s][info ][gc,phases   ] GC(38)   Evacuate Collection Set: 17.9ms
[2025-03-19T13:34:03.541+0000][25.884s][info ][gc,phases   ] GC(38)   Post Evacuate Collection Set: 3.1ms
[2025-03-19T13:34:03.541+0000][25.884s][info ][gc,phases   ] GC(38)   Other: 0.1ms
[2025-03-19T13:34:03.541+0000][25.884s][info ][gc,heap     ] GC(38) Eden regions: 6->0(162)
[2025-03-19T13:34:03.541+0000][25.884s][info ][gc,heap     ] GC(38) Survivor regions: 5->1(2)
[2025-03-19T13:34:03.541+0000][25.884s][info ][gc,heap     ] GC(38) Old regions: 68->71
[2025-03-19T13:34:03.541+0000][25.884s][info ][gc,heap     ] GC(38) Archive regions: 2->2
[2025-03-19T13:34:03.541+0000][25.884s][info ][gc,heap     ] GC(38) Humongous regions: 0->0
[2025-03-19T13:34:03.541+0000][25.884s][info ][gc,metaspace] GC(38) Metaspace: 69100K(69632K)->69100K(69632K) NonClass: 60212K(60480K)->60212K(60480K) Class: 8888K(9152K)->8888K(9152K)
[2025-03-19T13:34:03.541+0000][25.884s][info ][gc          ] GC(38) Pause Young (Mixed) (G1 Evacuation Pause) 78M->71M(273M) 21.389ms
[2025-03-19T13:34:03.541+0000][25.884s][info ][gc,cpu      ] GC(38) User=0.03s Sys=0.00s Real=0.03s
[2025-03-19T13:34:03.541+0000][25.884s][info ][safepoint   ] Safepoint "G1CollectForAllocation", Time since last: 119175887 ns, Reaching safepoint: 44048 ns, Cleanup: 33231 ns, At safepoint: 21454826 ns, Total: 21532105 ns
[2025-03-19T13:34:04.339+0000][26.681s][debug][safepoint   ] Safepoint synchronization initiated using futex wait barrier. (21 threads)
[2025-03-19T13:34:04.339+0000][26.682s][info ][safepoint   ] Safepoint "ICBufferFull", Time since last: 797408552 ns, Reaching safepoint: 244939 ns, Cleanup: 136693 ns, At safepoint: 4192 ns, Total: 385824 ns
[2025-03-19T13:34:05.340+0000][27.682s][debug][safepoint   ] Safepoint synchronization initiated using futex wait barrier. (19 threads)
[2025-03-19T13:34:05.340+0000][27.683s][info ][safepoint   ] Safepoint "Cleanup", Time since last: 1000909362 ns, Reaching safepoint: 59031 ns, Cleanup: 70579 ns, At safepoint: 3220 ns, Total: 132830 ns
[2025-03-19T13:34:05.403+0000][27.745s][debug][safepoint   ] Safepoint synchronization initiated using futex wait barrier. (19 threads)
[2025-03-19T13:34:05.403+0000][27.745s][info ][gc,start    ] GC(39) Pause Young (Normal) (G1 Evacuation Pause)
[2025-03-19T13:34:05.403+0000][27.745s][info ][gc,task     ] GC(39) Using 4 workers of 4 for evacuation
[2025-03-19T13:34:05.431+0000][27.774s][info ][gc,phases   ] GC(39)   Pre Evacuate Collection Set: 0.1ms
[2025-03-19T13:34:05.431+0000][27.774s][info ][gc,phases   ] GC(39)   Merge Heap Roots: 0.1ms
[2025-03-19T13:34:05.431+0000][27.774s][info ][gc,phases   ] GC(39)   Evacuate Collection Set: 23.8ms
[2025-03-19T13:34:05.431+0000][27.774s][info ][gc,phases   ] GC(39)   Post Evacuate Collection Set: 4.5ms
[2025-03-19T13:34:05.431+0000][27.774s][info ][gc,phases   ] GC(39)   Other: 0.1ms
[2025-03-19T13:34:05.431+0000][27.774s][info ][gc,heap     ] GC(39) Eden regions: 162->0(161)
[2025-03-19T13:34:05.431+0000][27.774s][info ][gc,heap     ] GC(39) Survivor regions: 1->2(21)
[2025-03-19T13:34:05.431+0000][27.774s][info ][gc,heap     ] GC(39) Old regions: 71->71
[2025-03-19T13:34:05.432+0000][27.774s][info ][gc,heap     ] GC(39) Archive regions: 2->2
[2025-03-19T13:34:05.432+0000][27.774s][info ][gc,heap     ] GC(39) Humongous regions: 0->0
[2025-03-19T13:34:05.432+0000][27.774s][info ][gc,metaspace] GC(39) Metaspace: 75625K(76096K)->75625K(76096K) NonClass: 65827K(66048K)->65827K(66048K) Class: 9797K(10048K)->9797K(10048K)
[2025-03-19T13:34:05.432+0000][27.774s][info ][gc          ] GC(39) Pause Young (Normal) (G1 Evacuation Pause) 233M->73M(273M) 28.846ms
[2025-03-19T13:34:05.432+0000][27.774s][info ][gc,cpu      ] GC(39) User=0.02s Sys=0.00s Real=0.03s
[2025-03-19T13:34:05.432+0000][27.774s][info ][safepoint   ] Safepoint "G1CollectForAllocation", Time since last: 62634663 ns, Reaching safepoint: 52705 ns, Cleanup: 4437 ns, At safepoint: 28903286 ns, Total: 28960428 ns
[2025-03-19T13:34:06.449+0000][28.792s][debug][safepoint   ] Safepoint synchronization initiated using futex wait barrier. (19 threads)
[2025-03-19T13:34:06.449+0000][28.792s][info ][gc,start    ] GC(40) Pause Young (Normal) (G1 Evacuation Pause)
[2025-03-19T13:34:06.449+0000][28.792s][info ][gc,task     ] GC(40) Using 4 workers of 4 for evacuation
[2025-03-19T13:34:06.464+0000][28.806s][info ][gc,phases   ] GC(40)   Pre Evacuate Collection Set: 0.1ms
[2025-03-19T13:34:06.464+0000][28.806s][info ][gc,phases   ] GC(40)   Merge Heap Roots: 0.1ms
[2025-03-19T13:34:06.464+0000][28.806s][info ][gc,phases   ] GC(40)   Evacuate Collection Set: 12.1ms
[2025-03-19T13:34:06.464+0000][28.806s][info ][gc,phases   ] GC(40)   Post Evacuate Collection Set: 1.8ms
[2025-03-19T13:34:06.464+0000][28.806s][info ][gc,phases   ] GC(40)   Other: 0.2ms
[2025-03-19T13:34:06.464+0000][28.806s][info ][gc,heap     ] GC(40) Eden regions: 161->0(160)
[2025-03-19T13:34:06.464+0000][28.806s][info ][gc,heap     ] GC(40) Survivor regions: 2->3(21)
[2025-03-19T13:34:06.464+0000][28.806s][info ][gc,heap     ] GC(40) Old regions: 71->71
[2025-03-19T13:34:06.464+0000][28.806s][info ][gc,heap     ] GC(40) Archive regions: 2->2
[2025-03-19T13:34:06.464+0000][28.806s][info ][gc,heap     ] GC(40) Humongous regions: 0->0
[2025-03-19T13:34:06.464+0000][28.806s][info ][gc,metaspace] GC(40) Metaspace: 78549K(79040K)->78549K(79040K) NonClass: 68222K(68480K)->68222K(68480K) Class: 10326K(10560K)->10326K(10560K)
[2025-03-19T13:34:06.464+0000][28.806s][info ][gc          ] GC(40) Pause Young (Normal) (G1 Evacuation Pause) 234M->74M(273M) 14.468ms
[2025-03-19T13:34:06.464+0000][28.806s][info ][gc,cpu      ] GC(40) User=0.01s Sys=0.00s Real=0.02s
[2025-03-19T13:34:06.464+0000][28.806s][info ][safepoint   ] Safepoint "G1CollectForAllocation", Time since last: 1017522969 ns, Reaching safepoint: 54072 ns, Cleanup: 123533 ns, At safepoint: 14634055 ns, Total: 14811660 ns
[2025-03-19T13:34:06.831+0000][29.174s][debug][safepoint   ] Safepoint synchronization initiated using futex wait barrier. (20 threads)
[2025-03-19T13:34:06.831+0000][29.174s][info ][safepoint   ] Safepoint "ICBufferFull", Time since last: 367012223 ns, Reaching safepoint: 178310 ns, Cleanup: 251339 ns, At safepoint: 4904 ns, Total: 434553 ns
[2025-03-19T13:34:07.051+0000][29.393s][debug][safepoint   ] Safepoint synchronization initiated using futex wait barrier. (20 threads)
[2025-03-19T13:34:07.051+0000][29.394s][info ][safepoint   ] Safepoint "ICBufferFull", Time since last: 219512258 ns, Reaching safepoint: 44698 ns, Cleanup: 95297 ns, At safepoint: 2210 ns, Total: 142205 ns
[2025-03-19T13:34:07.259+0000][29.601s][debug][safepoint   ] Safepoint synchronization initiated using futex wait barrier. (20 threads)
[2025-03-19T13:34:07.259+0000][29.601s][info ][safepoint   ] Safepoint "ICBufferFull", Time since last: 207650230 ns, Reaching safepoint: 115003 ns, Cleanup: 108159 ns, At safepoint: 5804 ns, Total: 228966 ns
[2025-03-19T13:34:07.564+0000][29.906s][debug][safepoint   ] Safepoint synchronization initiated using futex wait barrier. (20 threads)
[2025-03-19T13:34:07.564+0000][29.907s][info ][safepoint   ] Safepoint "ICBufferFull", Time since last: 304798727 ns, Reaching safepoint: 179108 ns, Cleanup: 136835 ns, At safepoint: 88132 ns, Total: 404075 ns
[2025-03-19T13:34:07.837+0000][30.179s][debug][safepoint   ] Safepoint synchronization initiated using futex wait barrier. (20 threads)
[2025-03-19T13:34:07.837+0000][30.179s][info ][safepoint   ] Safepoint "ICBufferFull", Time since last: 272636727 ns, Reaching safepoint: 45506 ns, Cleanup: 120851 ns, At safepoint: 2541 ns, Total: 168898 ns
[2025-03-19T13:34:08.536+0000][30.878s][debug][safepoint   ] Safepoint synchronization initiated using futex wait barrier. (20 threads)
[2025-03-19T13:34:08.536+0000][30.878s][info ][gc,start    ] GC(41) Pause Young (Normal) (G1 Evacuation Pause)
[2025-03-19T13:34:08.536+0000][30.879s][info ][gc,task     ] GC(41) Using 4 workers of 4 for evacuation
[2025-03-19T13:34:08.549+0000][30.892s][info ][gc,phases   ] GC(41)   Pre Evacuate Collection Set: 0.1ms
[2025-03-19T13:34:08.549+0000][30.892s][info ][gc,phases   ] GC(41)   Merge Heap Roots: 0.1ms
[2025-03-19T13:34:08.549+0000][30.892s][info ][gc,phases   ] GC(41)   Evacuate Collection Set: 11.7ms
[2025-03-19T13:34:08.549+0000][30.892s][info ][gc,phases   ] GC(41)   Post Evacuate Collection Set: 1.5ms
[2025-03-19T13:34:08.549+0000][30.892s][info ][gc,phases   ] GC(41)   Other: 0.1ms
[2025-03-19T13:34:08.549+0000][30.892s][info ][gc,heap     ] GC(41) Eden regions: 160->0(157)
[2025-03-19T13:34:08.549+0000][30.892s][info ][gc,heap     ] GC(41) Survivor regions: 3->6(21)
[2025-03-19T13:34:08.549+0000][30.892s][info ][gc,heap     ] GC(41) Old regions: 71->71
[2025-03-19T13:34:08.549+0000][30.892s][info ][gc,heap     ] GC(41) Archive regions: 2->2
[2025-03-19T13:34:08.549+0000][30.892s][info ][gc,heap     ] GC(41) Humongous regions: 0->0
[2025-03-19T13:34:08.549+0000][30.892s][info ][gc,metaspace] GC(41) Metaspace: 82660K(83200K)->82660K(83200K) NonClass: 71794K(72064K)->71794K(72064K) Class: 10865K(11136K)->10865K(11136K)
[2025-03-19T13:34:08.550+0000][30.892s][info ][gc          ] GC(41) Pause Young (Normal) (G1 Evacuation Pause) 234M->76M(273M) 13.603ms
[2025-03-19T13:34:08.550+0000][30.892s][info ][gc,cpu      ] GC(41) User=0.02s Sys=0.00s Real=0.01s
[2025-03-19T13:34:08.550+0000][30.892s][info ][safepoint   ] Safepoint "G1CollectForAllocation", Time since last: 698832231 ns, Reaching safepoint: 43671 ns, Cleanup: 120696 ns, At safepoint: 13655172 ns, Total: 13819539 ns
[2025-03-19T13:34:09.036+0000][31.378s][debug][safepoint   ] Safepoint synchronization initiated using futex wait barrier. (20 threads)
[2025-03-19T13:34:09.036+0000][31.379s][info ][safepoint   ] Safepoint "ICBufferFull", Time since last: 486354044 ns, Reaching safepoint: 341481 ns, Cleanup: 202784 ns, At safepoint: 10057 ns, Total: 554322 ns
[2025-03-19T13:34:09.522+0000][31.864s][debug][safepoint   ] Safepoint synchronization initiated using futex wait barrier. (20 threads)
[2025-03-19T13:34:09.522+0000][31.865s][info ][safepoint   ] Safepoint "ICBufferFull", Time since last: 485383569 ns, Reaching safepoint: 53784 ns, Cleanup: 162566 ns, At safepoint: 2611 ns, Total: 218961 ns
[2025-03-19T13:34:10.046+0000][32.388s][debug][safepoint   ] Safepoint synchronization initiated using futex wait barrier. (20 threads)
[2025-03-19T13:34:10.046+0000][32.389s][info ][gc,start    ] GC(42) Pause Young (Normal) (G1 Evacuation Pause)
[2025-03-19T13:34:10.046+0000][32.389s][info ][gc,task     ] GC(42) Using 4 workers of 4 for evacuation
[2025-03-19T13:34:10.064+0000][32.407s][info ][gc,phases   ] GC(42)   Pre Evacuate Collection Set: 0.1ms
[2025-03-19T13:34:10.064+0000][32.407s][info ][gc,phases   ] GC(42)   Merge Heap Roots: 0.1ms
[2025-03-19T13:34:10.064+0000][32.407s][info ][gc,phases   ] GC(42)   Evacuate Collection Set: 15.1ms
[2025-03-19T13:34:10.064+0000][32.407s][info ][gc,phases   ] GC(42)   Post Evacuate Collection Set: 3.0ms
[2025-03-19T13:34:10.064+0000][32.407s][info ][gc,phases   ] GC(42)   Other: 0.1ms
[2025-03-19T13:34:10.064+0000][32.407s][info ][gc,heap     ] GC(42) Eden regions: 157->0(154)
[2025-03-19T13:34:10.064+0000][32.407s][info ][gc,heap     ] GC(42) Survivor regions: 6->9(21)
[2025-03-19T13:34:10.064+0000][32.407s][info ][gc,heap     ] GC(42) Old regions: 71->71
[2025-03-19T13:34:10.064+0000][32.407s][info ][gc,heap     ] GC(42) Archive regions: 2->2
[2025-03-19T13:34:10.064+0000][32.407s][info ][gc,heap     ] GC(42) Humongous regions: 0->0
[2025-03-19T13:34:10.064+0000][32.407s][info ][gc,metaspace] GC(42) Metaspace: 84905K(85440K)->84905K(85440K) NonClass: 73836K(74112K)->73836K(74112K) Class: 11069K(11328K)->11069K(11328K)
[2025-03-19T13:34:10.064+0000][32.407s][info ][gc          ] GC(42) Pause Young (Normal) (G1 Evacuation Pause) 233M->79M(273M) 18.447ms
[2025-03-19T13:34:10.064+0000][32.407s][info ][gc,cpu      ] GC(42) User=0.06s Sys=0.00s Real=0.02s
[2025-03-19T13:34:10.064+0000][32.407s][info ][safepoint   ] Safepoint "G1CollectForAllocation", Time since last: 523788133 ns, Reaching safepoint: 48513 ns, Cleanup: 78719 ns, At safepoint: 18501598 ns, Total: 18628830 ns
[2025-03-19T13:34:11.066+0000][33.408s][debug][safepoint   ] Safepoint synchronization initiated using futex wait barrier. (20 threads)
[2025-03-19T13:34:11.067+0000][33.409s][debug][safepoint   ] ... found polling page loop exception at pc = 0x0000769fe4fad03d, stub =0x0000769fe498f400
[2025-03-19T13:34:11.067+0000][33.410s][info ][safepoint   ] Safepoint "Cleanup", Time since last: 1001389195 ns, Reaching safepoint: 1086260 ns, Cleanup: 115902 ns, At safepoint: 11267 ns, Total: 1213429 ns
[2025-03-19T13:34:12.067+0000][34.410s][debug][safepoint   ] Safepoint synchronization initiated using futex wait barrier. (21 threads)
[2025-03-19T13:34:12.068+0000][34.411s][info ][safepoint   ] Safepoint "Cleanup", Time since last: 1000094126 ns, Reaching safepoint: 1081432 ns, Cleanup: 90898 ns, At safepoint: 11563 ns, Total: 1183893 ns
[2025-03-19T13:34:12.324+0000][34.667s][debug][safepoint   ] Safepoint synchronization initiated using futex wait barrier. (25 threads)
[2025-03-19T13:34:12.325+0000][34.667s][info ][gc,start    ] GC(43) Pause Young (Normal) (G1 Evacuation Pause)
[2025-03-19T13:34:12.325+0000][34.667s][info ][gc,task     ] GC(43) Using 4 workers of 4 for evacuation
[2025-03-19T13:34:12.344+0000][34.686s][info ][gc,phases   ] GC(43)   Pre Evacuate Collection Set: 0.9ms
[2025-03-19T13:34:12.344+0000][34.686s][info ][gc,phases   ] GC(43)   Merge Heap Roots: 0.2ms
[2025-03-19T13:34:12.344+0000][34.686s][info ][gc,phases   ] GC(43)   Evacuate Collection Set: 16.6ms
[2025-03-19T13:34:12.344+0000][34.686s][info ][gc,phases   ] GC(43)   Post Evacuate Collection Set: 1.5ms
[2025-03-19T13:34:12.344+0000][34.686s][info ][gc,phases   ] GC(43)   Other: 0.1ms
[2025-03-19T13:34:12.344+0000][34.686s][info ][gc,heap     ] GC(43) Eden regions: 154->0(146)
[2025-03-19T13:34:12.344+0000][34.686s][info ][gc,heap     ] GC(43) Survivor regions: 9->13(21)
[2025-03-19T13:34:12.344+0000][34.686s][info ][gc,heap     ] GC(43) Old regions: 71->71
[2025-03-19T13:34:12.344+0000][34.686s][info ][gc,heap     ] GC(43) Archive regions: 2->2
[2025-03-19T13:34:12.344+0000][34.686s][info ][gc,heap     ] GC(43) Humongous regions: 0->0
[2025-03-19T13:34:12.344+0000][34.686s][info ][gc,metaspace] GC(43) Metaspace: 87791K(88448K)->87791K(88448K) NonClass: 76502K(76864K)->76502K(76864K) Class: 11288K(11584K)->11288K(11584K)
[2025-03-19T13:34:12.344+0000][34.687s][info ][gc          ] GC(43) Pause Young (Normal) (G1 Evacuation Pause) 233M->83M(273M) 19.328ms
[2025-03-19T13:34:12.344+0000][34.687s][info ][gc,cpu      ] GC(43) User=0.05s Sys=0.00s Real=0.02s
[2025-03-19T13:34:12.345+0000][34.687s][info ][safepoint   ] Safepoint "G1CollectForAllocation", Time since last: 256138805 ns, Reaching safepoint: 44916 ns, Cleanup: 37728 ns, At safepoint: 20305137 ns, Total: 20387781 ns
[2025-03-19T13:34:13.442+0000][35.785s][debug][safepoint   ] Safepoint synchronization initiated using futex wait barrier. (25 threads)
[2025-03-19T13:34:13.443+0000][35.785s][info ][safepoint   ] Safepoint "Cleanup", Time since last: 1097265893 ns, Reaching safepoint: 336685 ns, Cleanup: 72163 ns, At safepoint: 7187 ns, Total: 416035 ns
[2025-03-19T13:34:14.212+0000][36.554s][debug][safepoint   ] Safepoint synchronization initiated using futex wait barrier. (25 threads)
[2025-03-19T13:34:14.212+0000][36.555s][info ][safepoint   ] Safepoint "ICBufferFull", Time since last: 769291909 ns, Reaching safepoint: 84951 ns, Cleanup: 270062 ns, At safepoint: 4968 ns, Total: 359981 ns
[2025-03-19T13:34:14.379+0000][36.721s][debug][safepoint   ] Safepoint synchronization initiated using futex wait barrier. (25 threads)
[2025-03-19T13:34:14.379+0000][36.721s][info ][gc,start    ] GC(44) Pause Young (Normal) (G1 Evacuation Pause)
[2025-03-19T13:34:14.379+0000][36.721s][info ][gc,task     ] GC(44) Using 4 workers of 4 for evacuation
[2025-03-19T13:34:14.416+0000][36.758s][info ][gc,phases   ] GC(44)   Pre Evacuate Collection Set: 0.4ms
[2025-03-19T13:34:14.416+0000][36.758s][info ][gc,phases   ] GC(44)   Merge Heap Roots: 0.6ms
[2025-03-19T13:34:14.416+0000][36.758s][info ][gc,phases   ] GC(44)   Evacuate Collection Set: 30.9ms
[2025-03-19T13:34:14.416+0000][36.758s][info ][gc,phases   ] GC(44)   Post Evacuate Collection Set: 4.6ms
[2025-03-19T13:34:14.416+0000][36.758s][info ][gc,phases   ] GC(44)   Other: 0.2ms
[2025-03-19T13:34:14.416+0000][36.758s][info ][gc,heap     ] GC(44) Eden regions: 146->0(142)
[2025-03-19T13:34:14.416+0000][36.758s][info ][gc,heap     ] GC(44) Survivor regions: 13->14(20)
[2025-03-19T13:34:14.416+0000][36.758s][info ][gc,heap     ] GC(44) Old regions: 71->73
[2025-03-19T13:34:14.416+0000][36.758s][info ][gc,heap     ] GC(44) Archive regions: 2->2
[2025-03-19T13:34:14.416+0000][36.758s][info ][gc,heap     ] GC(44) Humongous regions: 0->0
[2025-03-19T13:34:14.416+0000][36.758s][info ][gc,metaspace] GC(44) Metaspace: 91320K(91904K)->91320K(91904K) NonClass: 79628K(79936K)->79628K(79936K) Class: 11692K(11968K)->11692K(11968K)
[2025-03-19T13:34:14.416+0000][36.758s][info ][gc          ] GC(44) Pause Young (Normal) (G1 Evacuation Pause) 229M->87M(273M) 36.885ms
[2025-03-19T13:34:14.416+0000][36.758s][info ][gc,cpu      ] GC(44) User=0.08s Sys=0.00s Real=0.04s
[2025-03-19T13:34:14.416+0000][36.758s][info ][safepoint   ] Safepoint "G1CollectForAllocation", Time since last: 166327912 ns, Reaching safepoint: 137680 ns, Cleanup: 57320 ns, At safepoint: 36956173 ns, Total: 37151173 ns
[2025-03-19T13:34:15.350+0000][37.693s][debug][safepoint   ] Safepoint synchronization initiated using futex wait barrier. (25 threads)
[2025-03-19T13:34:15.351+0000][37.693s][info ][safepoint   ] Safepoint "ICBufferFull", Time since last: 934789207 ns, Reaching safepoint: 44814 ns, Cleanup: 127561 ns, At safepoint: 2603 ns, Total: 174978 ns
[2025-03-19T13:34:15.812+0000][38.155s][debug][safepoint   ] Safepoint synchronization initiated using futex wait barrier. (25 threads)
[2025-03-19T13:34:15.812+0000][38.155s][info ][gc,start    ] GC(45) Pause Young (Normal) (G1 Evacuation Pause)
[2025-03-19T13:34:15.812+0000][38.155s][info ][gc,task     ] GC(45) Using 4 workers of 4 for evacuation
[2025-03-19T13:34:15.852+0000][38.195s][info ][gc,phases   ] GC(45)   Pre Evacuate Collection Set: 0.1ms
[2025-03-19T13:34:15.852+0000][38.195s][info ][gc,phases   ] GC(45)   Merge Heap Roots: 0.1ms
[2025-03-19T13:34:15.852+0000][38.195s][info ][gc,phases   ] GC(45)   Evacuate Collection Set: 33.0ms
[2025-03-19T13:34:15.852+0000][38.195s][info ][gc,phases   ] GC(45)   Post Evacuate Collection Set: 6.6ms
[2025-03-19T13:34:15.852+0000][38.195s][info ][gc,phases   ] GC(45)   Other: 0.1ms
[2025-03-19T13:34:15.852+0000][38.195s][info ][gc,heap     ] GC(45) Eden regions: 142->0(140)
[2025-03-19T13:34:15.852+0000][38.195s][info ][gc,heap     ] GC(45) Survivor regions: 14->12(20)
[2025-03-19T13:34:15.852+0000][38.195s][info ][gc,heap     ] GC(45) Old regions: 73->79
[2025-03-19T13:34:15.852+0000][38.195s][info ][gc,heap     ] GC(45) Archive regions: 2->2
[2025-03-19T13:34:15.852+0000][38.195s][info ][gc,heap     ] GC(45) Humongous regions: 0->0
[2025-03-19T13:34:15.852+0000][38.195s][info ][gc,metaspace] GC(45) Metaspace: 95567K(96128K)->95567K(96128K) NonClass: 83074K(83392K)->83074K(83392K) Class: 12492K(12736K)->12492K(12736K)
[2025-03-19T13:34:15.852+0000][38.195s][info ][gc          ] GC(45) Pause Young (Normal) (G1 Evacuation Pause) 229M->90M(273M) 40.105ms
[2025-03-19T13:34:15.852+0000][38.195s][info ][gc,cpu      ] GC(45) User=0.08s Sys=0.01s Real=0.04s
[2025-03-19T13:34:15.852+0000][38.195s][info ][safepoint   ] Safepoint "G1CollectForAllocation", Time since last: 461404416 ns, Reaching safepoint: 39218 ns, Cleanup: 56923 ns, At safepoint: 40179012 ns, Total: 40275153 ns
[2025-03-19T13:34:16.989+0000][39.331s][debug][safepoint   ] Safepoint synchronization initiated using futex wait barrier. (25 threads)
[2025-03-19T13:34:16.989+0000][39.332s][info ][gc,start    ] GC(46) Pause Young (Normal) (G1 Evacuation Pause)
[2025-03-19T13:34:16.989+0000][39.332s][info ][gc,task     ] GC(46) Using 4 workers of 4 for evacuation
[2025-03-19T13:34:17.025+0000][39.368s][info ][gc,phases   ] GC(46)   Pre Evacuate Collection Set: 0.1ms
[2025-03-19T13:34:17.025+0000][39.368s][info ][gc,phases   ] GC(46)   Merge Heap Roots: 0.2ms
[2025-03-19T13:34:17.025+0000][39.368s][info ][gc,phases   ] GC(46)   Evacuate Collection Set: 33.1ms
[2025-03-19T13:34:17.025+0000][39.368s][info ][gc,phases   ] GC(46)   Post Evacuate Collection Set: 2.8ms
[2025-03-19T13:34:17.026+0000][39.368s][info ][gc,phases   ] GC(46)   Other: 0.1ms
[2025-03-19T13:34:17.026+0000][39.368s][info ][gc,heap     ] GC(46) Eden regions: 140->0(140)
[2025-03-19T13:34:17.026+0000][39.368s][info ][gc,heap     ] GC(46) Survivor regions: 12->10(19)
[2025-03-19T13:34:17.026+0000][39.368s][info ][gc,heap     ] GC(46) Old regions: 79->83
[2025-03-19T13:34:17.026+0000][39.368s][info ][gc,heap     ] GC(46) Archive regions: 2->2
[2025-03-19T13:34:17.026+0000][39.368s][info ][gc,heap     ] GC(46) Humongous regions: 0->0
[2025-03-19T13:34:17.026+0000][39.368s][info ][gc,metaspace] GC(46) Metaspace: 98632K(99200K)->98632K(99200K) NonClass: 85695K(86016K)->85695K(86016K) Class: 12936K(13184K)->12936K(13184K)
[2025-03-19T13:34:17.026+0000][39.368s][info ][gc          ] GC(46) Pause Young (Normal) (G1 Evacuation Pause) 230M->92M(273M) 36.562ms
[2025-03-19T13:34:17.026+0000][39.368s][info ][gc,cpu      ] GC(46) User=0.09s Sys=0.00s Real=0.04s
[2025-03-19T13:34:17.026+0000][39.368s][info ][safepoint   ] Safepoint "G1CollectForAllocation", Time since last: 1136500966 ns, Reaching safepoint: 55502 ns, Cleanup: 128128 ns, At safepoint: 36647396 ns, Total: 36831026 ns
[2025-03-19T13:34:18.237+0000][40.580s][debug][safepoint   ] Safepoint synchronization initiated using futex wait barrier. (26 threads)
[2025-03-19T13:34:18.238+0000][40.580s][info ][safepoint   ] Safepoint "Cleanup", Time since last: 1211547219 ns, Reaching safepoint: 245192 ns, Cleanup: 218639 ns, At safepoint: 7073 ns, Total: 470904 ns
[2025-03-19T13:34:19.123+0000][41.466s][debug][safepoint   ] Safepoint synchronization initiated using futex wait barrier. (28 threads)
[2025-03-19T13:34:19.123+0000][41.466s][info ][gc,start    ] GC(47) Pause Young (Normal) (G1 Evacuation Pause)
[2025-03-19T13:34:19.123+0000][41.466s][info ][gc,task     ] GC(47) Using 4 workers of 4 for evacuation
[2025-03-19T13:34:19.150+0000][41.492s][info ][gc,phases   ] GC(47)   Pre Evacuate Collection Set: 0.1ms
[2025-03-19T13:34:19.150+0000][41.492s][info ][gc,phases   ] GC(47)   Merge Heap Roots: 0.2ms
[2025-03-19T13:34:19.150+0000][41.492s][info ][gc,phases   ] GC(47)   Evacuate Collection Set: 22.0ms
[2025-03-19T13:34:19.150+0000][41.492s][info ][gc,phases   ] GC(47)   Post Evacuate Collection Set: 3.9ms
[2025-03-19T13:34:19.150+0000][41.492s][info ][gc,phases   ] GC(47)   Other: 0.1ms
[2025-03-19T13:34:19.150+0000][41.492s][info ][gc,heap     ] GC(47) Eden regions: 140->0(136)
[2025-03-19T13:34:19.150+0000][41.492s][info ][gc,heap     ] GC(47) Survivor regions: 10->12(19)
[2025-03-19T13:34:19.150+0000][41.492s][info ][gc,heap     ] GC(47) Old regions: 83->83
[2025-03-19T13:34:19.150+0000][41.492s][info ][gc,heap     ] GC(47) Archive regions: 2->2
[2025-03-19T13:34:19.150+0000][41.492s][info ][gc,heap     ] GC(47) Humongous regions: 0->0
[2025-03-19T13:34:19.150+0000][41.492s][info ][gc,metaspace] GC(47) Metaspace: 103289K(103936K)->103289K(103936K) NonClass: 89699K(90048K)->89699K(90048K) Class: 13590K(13888K)->13590K(13888K)
[2025-03-19T13:34:19.150+0000][41.492s][info ][gc          ] GC(47) Pause Young (Normal) (G1 Evacuation Pause) 232M->95M(273M) 26.422ms
[2025-03-19T13:34:19.150+0000][41.492s][info ][gc,cpu      ] GC(47) User=0.06s Sys=0.00s Real=0.02s
[2025-03-19T13:34:19.150+0000][41.492s][info ][safepoint   ] Safepoint "G1CollectForAllocation", Time since last: 885412668 ns, Reaching safepoint: 48882 ns, Cleanup: 68633 ns, At safepoint: 26485356 ns, Total: 26602871 ns
[2025-03-19T13:34:20.256+0000][42.598s][debug][safepoint   ] Safepoint synchronization initiated using futex wait barrier. (28 threads)
[2025-03-19T13:34:20.256+0000][42.599s][info ][safepoint   ] Safepoint "Cleanup", Time since last: 1106126548 ns, Reaching safepoint: 230722 ns, Cleanup: 99020 ns, At safepoint: 4251 ns, Total: 333993 ns
[2025-03-19T13:34:21.336+0000][43.679s][debug][safepoint   ] Safepoint synchronization initiated using futex wait barrier. (31 threads)
[2025-03-19T13:34:21.337+0000][43.679s][info ][gc,start    ] GC(48) Pause Young (Normal) (G1 Evacuation Pause)
[2025-03-19T13:34:21.337+0000][43.679s][info ][gc,task     ] GC(48) Using 4 workers of 4 for evacuation
[2025-03-19T13:34:21.386+0000][43.729s][info ][gc,phases   ] GC(48)   Pre Evacuate Collection Set: 0.3ms
[2025-03-19T13:34:21.386+0000][43.729s][info ][gc,phases   ] GC(48)   Merge Heap Roots: 0.3ms
[2025-03-19T13:34:21.386+0000][43.729s][info ][gc,phases   ] GC(48)   Evacuate Collection Set: 42.5ms
[2025-03-19T13:34:21.386+0000][43.729s][info ][gc,phases   ] GC(48)   Post Evacuate Collection Set: 6.4ms
[2025-03-19T13:34:21.386+0000][43.729s][info ][gc,phases   ] GC(48)   Other: 0.3ms
[2025-03-19T13:34:21.386+0000][43.729s][info ][gc,heap     ] GC(48) Eden regions: 136->0(133)
[2025-03-19T13:34:21.386+0000][43.729s][info ][gc,heap     ] GC(48) Survivor regions: 12->12(19)
[2025-03-19T13:34:21.386+0000][43.729s][info ][gc,heap     ] GC(48) Old regions: 83->86
[2025-03-19T13:34:21.387+0000][43.729s][info ][gc,heap     ] GC(48) Archive regions: 2->2
[2025-03-19T13:34:21.387+0000][43.729s][info ][gc,heap     ] GC(48) Humongous regions: 0->0
[2025-03-19T13:34:21.387+0000][43.729s][info ][gc,metaspace] GC(48) Metaspace: 106590K(107264K)->106590K(107264K) NonClass: 92649K(92992K)->92649K(92992K) Class: 13940K(14272K)->13940K(14272K)
[2025-03-19T13:34:21.387+0000][43.729s][info ][gc          ] GC(48) Pause Young (Normal) (G1 Evacuation Pause) 231M->98M(273M) 49.869ms
[2025-03-19T13:34:21.387+0000][43.729s][info ][gc,cpu      ] GC(48) User=0.09s Sys=0.00s Real=0.05s
[2025-03-19T13:34:21.387+0000][43.729s][info ][safepoint   ] Safepoint "G1CollectForAllocation", Time since last: 1080128131 ns, Reaching safepoint: 124401 ns, Cleanup: 140533 ns, At safepoint: 50033298 ns, Total: 50298232 ns
[2025-03-19T13:34:22.389+0000][44.732s][debug][safepoint   ] Safepoint synchronization initiated using futex wait barrier. (31 threads)
[2025-03-19T13:34:22.389+0000][44.732s][info ][safepoint   ] Safepoint "Cleanup", Time since last: 1002449982 ns, Reaching safepoint: 134349 ns, Cleanup: 76318 ns, At safepoint: 4164 ns, Total: 214831 ns
[2025-03-19T13:34:23.395+0000][45.738s][debug][safepoint   ] Safepoint synchronization initiated using futex wait barrier. (37 threads)
[2025-03-19T13:34:23.395+0000][45.738s][info ][gc,start    ] GC(49) Pause Young (Normal) (G1 Evacuation Pause)
[2025-03-19T13:34:23.395+0000][45.738s][info ][gc,task     ] GC(49) Using 4 workers of 4 for evacuation
[2025-03-19T13:34:23.433+0000][45.776s][info ][gc,phases   ] GC(49)   Pre Evacuate Collection Set: 0.1ms
[2025-03-19T13:34:23.433+0000][45.776s][info ][gc,phases   ] GC(49)   Merge Heap Roots: 0.2ms
[2025-03-19T13:34:23.433+0000][45.776s][info ][gc,phases   ] GC(49)   Evacuate Collection Set: 32.9ms
[2025-03-19T13:34:23.433+0000][45.776s][info ][gc,phases   ] GC(49)   Post Evacuate Collection Set: 4.7ms
[2025-03-19T13:34:23.433+0000][45.776s][info ][gc,phases   ] GC(49)   Other: 0.1ms
[2025-03-19T13:34:23.433+0000][45.776s][info ][gc,heap     ] GC(49) Eden regions: 133->0(130)
[2025-03-19T13:34:23.433+0000][45.776s][info ][gc,heap     ] GC(49) Survivor regions: 12->12(19)
[2025-03-19T13:34:23.433+0000][45.776s][info ][gc,heap     ] GC(49) Old regions: 86->89
[2025-03-19T13:34:23.433+0000][45.776s][info ][gc,heap     ] GC(49) Archive regions: 2->2
[2025-03-19T13:34:23.433+0000][45.776s][info ][gc,heap     ] GC(49) Humongous regions: 0->0
[2025-03-19T13:34:23.433+0000][45.776s][info ][gc,metaspace] GC(49) Metaspace: 108866K(109504K)->108866K(109504K) NonClass: 94718K(95040K)->94718K(95040K) Class: 14148K(14464K)->14148K(14464K)
[2025-03-19T13:34:23.433+0000][45.776s][info ][gc          ] GC(49) Pause Young (Normal) (G1 Evacuation Pause) 231M->101M(273M) 38.245ms
[2025-03-19T13:34:23.433+0000][45.776s][info ][gc,cpu      ] GC(49) User=0.08s Sys=0.00s Real=0.04s
[2025-03-19T13:34:23.433+0000][45.776s][info ][safepoint   ] Safepoint "G1CollectForAllocation", Time since last: 1005667775 ns, Reaching safepoint: 61800 ns, Cleanup: 25937 ns, At safepoint: 38331404 ns, Total: 38419141 ns
[2025-03-19T13:34:24.433+0000][46.776s][debug][safepoint   ] Safepoint synchronization initiated using futex wait barrier. (38 threads)
[2025-03-19T13:34:24.434+0000][46.776s][info ][safepoint   ] Safepoint "Cleanup", Time since last: 1000089010 ns, Reaching safepoint: 64870 ns, Cleanup: 130712 ns, At safepoint: 97799 ns, Total: 293381 ns
[2025-03-19T13:34:25.240+0000][47.582s][debug][safepoint   ] Safepoint synchronization initiated using futex wait barrier. (41 threads)
[2025-03-19T13:34:25.240+0000][47.583s][info ][gc,start    ] GC(50) Pause Young (Normal) (G1 Evacuation Pause)
[2025-03-19T13:34:25.240+0000][47.583s][info ][gc,task     ] GC(50) Using 4 workers of 4 for evacuation
[2025-03-19T13:34:25.267+0000][47.609s][info ][gc,phases   ] GC(50)   Pre Evacuate Collection Set: 0.1ms
[2025-03-19T13:34:25.267+0000][47.609s][info ][gc,phases   ] GC(50)   Merge Heap Roots: 0.1ms
[2025-03-19T13:34:25.267+0000][47.609s][info ][gc,phases   ] GC(50)   Evacuate Collection Set: 22.7ms
[2025-03-19T13:34:25.267+0000][47.609s][info ][gc,phases   ] GC(50)   Post Evacuate Collection Set: 3.7ms
[2025-03-19T13:34:25.267+0000][47.609s][info ][gc,phases   ] GC(50)   Other: 0.1ms
[2025-03-19T13:34:25.267+0000][47.609s][info ][gc,heap     ] GC(50) Eden regions: 130->0(126)
[2025-03-19T13:34:25.267+0000][47.609s][info ][gc,heap     ] GC(50) Survivor regions: 12->13(18)
[2025-03-19T13:34:25.267+0000][47.609s][info ][gc,heap     ] GC(50) Old regions: 89->91
[2025-03-19T13:34:25.267+0000][47.609s][info ][gc,heap     ] GC(50) Archive regions: 2->2
[2025-03-19T13:34:25.267+0000][47.609s][info ][gc,heap     ] GC(50) Humongous regions: 0->0
[2025-03-19T13:34:25.267+0000][47.609s][info ][gc,metaspace] GC(50) Metaspace: 111794K(112448K)->111794K(112448K) NonClass: 97329K(97664K)->97329K(97664K) Class: 14464K(14784K)->14464K(14784K)
[2025-03-19T13:34:25.267+0000][47.609s][info ][gc          ] GC(50) Pause Young (Normal) (G1 Evacuation Pause) 231M->104M(273M) 26.807ms
[2025-03-19T13:34:25.267+0000][47.609s][info ][gc,cpu      ] GC(50) User=0.06s Sys=0.00s Real=0.02s
[2025-03-19T13:34:25.267+0000][47.610s][info ][safepoint   ] Safepoint "G1CollectForAllocation", Time since last: 806153793 ns, Reaching safepoint: 42995 ns, Cleanup: 52697 ns, At safepoint: 26949215 ns, Total: 27044907 ns
[2025-03-19T13:34:25.375+0000][47.718s][debug][safepoint   ] Safepoint synchronization initiated using futex wait barrier. (40 threads)
[2025-03-19T13:34:25.375+0000][47.718s][info ][gc,start    ] GC(51) Pause Young (Concurrent Start) (Metadata GC Threshold)
[2025-03-19T13:34:25.375+0000][47.718s][info ][gc,task     ] GC(51) Using 4 workers of 4 for evacuation
[2025-03-19T13:34:25.401+0000][47.743s][info ][gc,phases   ] GC(51)   Pre Evacuate Collection Set: 0.2ms
[2025-03-19T13:34:25.401+0000][47.743s][info ][gc,phases   ] GC(51)   Merge Heap Roots: 0.1ms
[2025-03-19T13:34:25.401+0000][47.743s][info ][gc,phases   ] GC(51)   Evacuate Collection Set: 22.4ms
[2025-03-19T13:34:25.401+0000][47.743s][info ][gc,phases   ] GC(51)   Post Evacuate Collection Set: 2.8ms
[2025-03-19T13:34:25.401+0000][47.743s][info ][gc,phases   ] GC(51)   Other: 0.1ms
[2025-03-19T13:34:25.401+0000][47.743s][info ][gc,heap     ] GC(51) Eden regions: 8->0(130)
[2025-03-19T13:34:25.401+0000][47.743s][info ][gc,heap     ] GC(51) Survivor regions: 13->8(18)
[2025-03-19T13:34:25.401+0000][47.743s][info ][gc,heap     ] GC(51) Old regions: 91->97
[2025-03-19T13:34:25.401+0000][47.743s][info ][gc,heap     ] GC(51) Archive regions: 2->2
[2025-03-19T13:34:25.401+0000][47.743s][info ][gc,heap     ] GC(51) Humongous regions: 0->0
[2025-03-19T13:34:25.401+0000][47.743s][info ][gc,metaspace] GC(51) Metaspace: 112309K(112960K)->112309K(112960K) NonClass: 97801K(98112K)->97801K(98112K) Class: 14508K(14848K)->14508K(14848K)
[2025-03-19T13:34:25.401+0000][47.743s][info ][gc          ] GC(51) Pause Young (Concurrent Start) (Metadata GC Threshold) 111M->105M(273M) 25.724ms
[2025-03-19T13:34:25.401+0000][47.743s][info ][gc,cpu      ] GC(51) User=0.06s Sys=0.00s Real=0.03s
[2025-03-19T13:34:25.402+0000][47.744s][info ][gc          ] GC(52) Concurrent Mark Cycle
[2025-03-19T13:34:25.402+0000][47.744s][info ][gc,marking  ] GC(52) Concurrent Clear Claimed Marks
[2025-03-19T13:34:25.402+0000][47.744s][info ][gc,marking  ] GC(52) Concurrent Clear Claimed Marks 0.170ms
[2025-03-19T13:34:25.402+0000][47.744s][info ][gc,marking  ] GC(52) Concurrent Scan Root Regions
[2025-03-19T13:34:25.402+0000][47.745s][info ][safepoint   ] Safepoint "CollectForMetadataAllocation", Time since last: 108095294 ns, Reaching safepoint: 48133 ns, Cleanup: 5459 ns, At safepoint: 26936300 ns, Total: 26989892 ns
[2025-03-19T13:34:25.428+0000][47.771s][info ][gc,marking  ] GC(52) Concurrent Scan Root Regions 26.124ms
[2025-03-19T13:34:25.428+0000][47.771s][info ][gc,marking  ] GC(52) Concurrent Mark
[2025-03-19T13:34:25.428+0000][47.771s][info ][gc,marking  ] GC(52) Concurrent Mark From Roots
[2025-03-19T13:34:25.428+0000][47.771s][info ][gc,task     ] GC(52) Using 1 workers of 1 for marking
[2025-03-19T13:34:25.637+0000][47.979s][info ][gc,marking  ] GC(52) Concurrent Mark From Roots 208.569ms
[2025-03-19T13:34:25.637+0000][47.979s][info ][gc,marking  ] GC(52) Concurrent Preclean
[2025-03-19T13:34:25.637+0000][47.980s][info ][gc,marking  ] GC(52) Concurrent Preclean 0.317ms
[2025-03-19T13:34:25.638+0000][47.980s][debug][safepoint   ] Safepoint synchronization initiated using futex wait barrier. (40 threads)
[2025-03-19T13:34:25.639+0000][47.982s][info ][gc,start    ] GC(52) Pause Remark
[2025-03-19T13:34:25.655+0000][47.997s][info ][gc          ] GC(52) Pause Remark 121M->121M(273M) 15.698ms
[2025-03-19T13:34:25.655+0000][47.997s][info ][gc,cpu      ] GC(52) User=0.03s Sys=0.00s Real=0.02s
[2025-03-19T13:34:25.655+0000][47.998s][info ][safepoint   ] Safepoint "G1PauseRemark", Time since last: 235897811 ns, Reaching safepoint: 1001933 ns, Cleanup: 48510 ns, At safepoint: 15986515 ns, Total: 17036958 ns
[2025-03-19T13:34:25.655+0000][47.998s][info ][gc,marking  ] GC(52) Concurrent Mark 227.002ms
[2025-03-19T13:34:25.655+0000][47.998s][info ][gc,marking  ] GC(52) Concurrent Rebuild Remembered Sets
[2025-03-19T13:34:25.783+0000][48.125s][info ][gc,marking  ] GC(52) Concurrent Rebuild Remembered Sets 127.423ms
[2025-03-19T13:34:25.784+0000][48.127s][debug][safepoint   ] Safepoint synchronization initiated using futex wait barrier. (40 threads)
[2025-03-19T13:34:25.785+0000][48.128s][info ][gc,start    ] GC(52) Pause Cleanup
[2025-03-19T13:34:25.785+0000][48.128s][info ][gc          ] GC(52) Pause Cleanup 131M->131M(273M) 0.139ms
[2025-03-19T13:34:25.785+0000][48.128s][info ][gc,cpu      ] GC(52) User=0.00s Sys=0.00s Real=0.00s
[2025-03-19T13:34:25.785+0000][48.128s][info ][safepoint   ] Safepoint "G1PauseCleanup", Time since last: 129122853 ns, Reaching safepoint: 1106319 ns, Cleanup: 28402 ns, At safepoint: 189737 ns, Total: 1324458 ns
[2025-03-19T13:34:25.785+0000][48.128s][info ][gc,marking  ] GC(52) Concurrent Cleanup for Next Mark
[2025-03-19T13:34:25.786+0000][48.129s][info ][gc,marking  ] GC(52) Concurrent Cleanup for Next Mark 0.859ms
[2025-03-19T13:34:25.786+0000][48.129s][info ][gc          ] GC(52) Concurrent Mark Cycle 384.642ms
[2025-03-19T13:34:26.655+0000][48.997s][debug][safepoint   ] Safepoint synchronization initiated using futex wait barrier. (40 threads)
[2025-03-19T13:34:26.656+0000][48.999s][info ][safepoint   ] Safepoint "ICBufferFull", Time since last: 869131390 ns, Reaching safepoint: 267053 ns, Cleanup: 675759 ns, At safepoint: 754725 ns, Total: 1697537 ns
[2025-03-19T13:34:27.785+0000][50.127s][debug][safepoint   ] Safepoint synchronization initiated using futex wait barrier. (40 threads)
[2025-03-19T13:34:27.785+0000][50.128s][info ][gc,start    ] GC(53) Pause Young (Prepare Mixed) (G1 Evacuation Pause)
[2025-03-19T13:34:27.785+0000][50.128s][info ][gc,task     ] GC(53) Using 4 workers of 4 for evacuation
[2025-03-19T13:34:27.813+0000][50.156s][info ][gc,phases   ] GC(53)   Pre Evacuate Collection Set: 1.0ms
[2025-03-19T13:34:27.813+0000][50.156s][info ][gc,phases   ] GC(53)   Merge Heap Roots: 0.7ms
[2025-03-19T13:34:27.813+0000][50.156s][info ][gc,phases   ] GC(53)   Evacuate Collection Set: 22.9ms
[2025-03-19T13:34:27.813+0000][50.156s][info ][gc,phases   ] GC(53)   Post Evacuate Collection Set: 3.3ms
[2025-03-19T13:34:27.813+0000][50.156s][info ][gc,phases   ] GC(53)   Other: 0.1ms
[2025-03-19T13:34:27.813+0000][50.156s][info ][gc,heap     ] GC(53) Eden regions: 130->0(3)
[2025-03-19T13:34:27.813+0000][50.156s][info ][gc,heap     ] GC(53) Survivor regions: 8->10(18)
[2025-03-19T13:34:27.813+0000][50.156s][info ][gc,heap     ] GC(53) Old regions: 97->97
[2025-03-19T13:34:27.813+0000][50.156s][info ][gc,heap     ] GC(53) Archive regions: 2->2
[2025-03-19T13:34:27.813+0000][50.156s][info ][gc,heap     ] GC(53) Humongous regions: 0->0
[2025-03-19T13:34:27.813+0000][50.156s][info ][gc,metaspace] GC(53) Metaspace: 114874K(115584K)->114874K(115584K) NonClass: 100057K(100416K)->100057K(100416K) Class: 14817K(15168K)->14817K(15168K)
[2025-03-19T13:34:27.813+0000][50.156s][info ][gc          ] GC(53) Pause Young (Prepare Mixed) (G1 Evacuation Pause) 235M->107M(273M) 28.172ms
[2025-03-19T13:34:27.813+0000][50.156s][info ][gc,cpu      ] GC(53) User=0.06s Sys=0.00s Real=0.03s
[2025-03-19T13:34:27.813+0000][50.156s][info ][safepoint   ] Safepoint "G1CollectForAllocation", Time since last: 1128544089 ns, Reaching safepoint: 53139 ns, Cleanup: 160989 ns, At safepoint: 28280230 ns, Total: 28494358 ns
[2025-03-19T13:34:27.862+0000][50.205s][debug][safepoint   ] Safepoint synchronization initiated using futex wait barrier. (40 threads)
[2025-03-19T13:34:27.862+0000][50.205s][info ][gc,start    ] GC(54) Pause Young (Mixed) (G1 Evacuation Pause)
[2025-03-19T13:34:27.862+0000][50.205s][info ][gc,task     ] GC(54) Using 4 workers of 4 for evacuation
[2025-03-19T13:34:27.898+0000][50.241s][info ][gc,phases   ] GC(54)   Pre Evacuate Collection Set: 0.1ms
[2025-03-19T13:34:27.898+0000][50.241s][info ][gc,phases   ] GC(54)   Merge Heap Roots: 0.3ms
[2025-03-19T13:34:27.898+0000][50.241s][info ][gc,phases   ] GC(54)   Evacuate Collection Set: 33.0ms
[2025-03-19T13:34:27.898+0000][50.241s][info ][gc,phases   ] GC(54)   Post Evacuate Collection Set: 2.3ms
[2025-03-19T13:34:27.898+0000][50.241s][info ][gc,phases   ] GC(54)   Other: 0.2ms
[2025-03-19T13:34:27.898+0000][50.241s][info ][gc,heap     ] GC(54) Eden regions: 3->0(128)
[2025-03-19T13:34:27.898+0000][50.241s][info ][gc,heap     ] GC(54) Survivor regions: 10->2(2)
[2025-03-19T13:34:27.898+0000][50.241s][info ][gc,heap     ] GC(54) Old regions: 97->104
[2025-03-19T13:34:27.898+0000][50.241s][info ][gc,heap     ] GC(54) Archive regions: 2->2
[2025-03-19T13:34:27.898+0000][50.241s][info ][gc,heap     ] GC(54) Humongous regions: 0->0
[2025-03-19T13:34:27.899+0000][50.241s][info ][gc,metaspace] GC(54) Metaspace: 114954K(115648K)->114954K(115648K) NonClass: 100132K(100480K)->100132K(100480K) Class: 14822K(15168K)->14822K(15168K)
[2025-03-19T13:34:27.899+0000][50.241s][info ][gc          ] GC(54) Pause Young (Mixed) (G1 Evacuation Pause) 110M->106M(273M) 36.093ms
[2025-03-19T13:34:27.899+0000][50.241s][info ][gc,cpu      ] GC(54) User=0.08s Sys=0.00s Real=0.03s
[2025-03-19T13:34:27.899+0000][50.241s][info ][safepoint   ] Safepoint "G1CollectForAllocation", Time since last: 48919571 ns, Reaching safepoint: 146495 ns, Cleanup: 44221 ns, At safepoint: 36360186 ns, Total: 36550902 ns
[2025-03-19T13:34:28.900+0000][51.242s][debug][safepoint   ] Safepoint synchronization initiated using futex wait barrier. (41 threads)
[2025-03-19T13:34:28.901+0000][51.243s][info ][safepoint   ] Safepoint "Cleanup", Time since last: 1001112550 ns, Reaching safepoint: 160881 ns, Cleanup: 329769 ns, At safepoint: 423926 ns, Total: 914576 ns
[2025-03-19T13:34:29.214+0000][51.557s][debug][safepoint   ] Safepoint synchronization initiated using futex wait barrier. (41 threads)
[2025-03-19T13:34:29.215+0000][51.557s][info ][gc,start    ] GC(55) Pause Young (Normal) (G1 Evacuation Pause)
[2025-03-19T13:34:29.215+0000][51.557s][info ][gc,task     ] GC(55) Using 4 workers of 4 for evacuation
[2025-03-19T13:34:29.233+0000][51.575s][info ][gc,phases   ] GC(55)   Pre Evacuate Collection Set: 0.1ms
[2025-03-19T13:34:29.233+0000][51.575s][info ][gc,phases   ] GC(55)   Merge Heap Roots: 0.2ms
[2025-03-19T13:34:29.233+0000][51.575s][info ][gc,phases   ] GC(55)   Evacuate Collection Set: 13.6ms
[2025-03-19T13:34:29.233+0000][51.575s][info ][gc,phases   ] GC(55)   Post Evacuate Collection Set: 4.3ms
[2025-03-19T13:34:29.233+0000][51.575s][info ][gc,phases   ] GC(55)   Other: 0.1ms
[2025-03-19T13:34:29.233+0000][51.575s][info ][gc,heap     ] GC(55) Eden regions: 128->0(127)
[2025-03-19T13:34:29.233+0000][51.575s][info ][gc,heap     ] GC(55) Survivor regions: 2->3(17)
[2025-03-19T13:34:29.233+0000][51.575s][info ][gc,heap     ] GC(55) Old regions: 104->104
[2025-03-19T13:34:29.233+0000][51.575s][info ][gc,heap     ] GC(55) Archive regions: 2->2
[2025-03-19T13:34:29.233+0000][51.575s][info ][gc,heap     ] GC(55) Humongous regions: 0->0
[2025-03-19T13:34:29.233+0000][51.575s][info ][gc,metaspace] GC(55) Metaspace: 116390K(117120K)->116390K(117120K) NonClass: 101405K(101760K)->101405K(101760K) Class: 14984K(15360K)->14984K(15360K)
[2025-03-19T13:34:29.233+0000][51.576s][info ][gc          ] GC(55) Pause Young (Normal) (G1 Evacuation Pause) 234M->107M(273M) 18.423ms
[2025-03-19T13:34:29.233+0000][51.576s][info ][gc,cpu      ] GC(55) User=0.04s Sys=0.00s Real=0.02s
[2025-03-19T13:34:29.233+0000][51.576s][info ][safepoint   ] Safepoint "G1CollectForAllocation", Time since last: 313552143 ns, Reaching safepoint: 84531 ns, Cleanup: 69184 ns, At safepoint: 18518333 ns, Total: 18672048 ns
[2025-03-19T13:34:30.266+0000][52.609s][debug][safepoint   ] Safepoint synchronization initiated using futex wait barrier. (44 threads)
[2025-03-19T13:34:30.267+0000][52.610s][info ][safepoint   ] Safepoint "Cleanup", Time since last: 1033492652 ns, Reaching safepoint: 321876 ns, Cleanup: 128875 ns, At safepoint: 13892 ns, Total: 464643 ns
[2025-03-19T13:34:30.523+0000][52.866s][debug][safepoint   ] Safepoint synchronization initiated using futex wait barrier. (44 threads)
[2025-03-19T13:34:30.523+0000][52.866s][info ][gc,start    ] GC(56) Pause Young (Normal) (G1 Evacuation Pause)
[2025-03-19T13:34:30.523+0000][52.866s][info ][gc,task     ] GC(56) Using 4 workers of 4 for evacuation
[2025-03-19T13:34:30.550+0000][52.892s][info ][gc,phases   ] GC(56)   Pre Evacuate Collection Set: 0.1ms
[2025-03-19T13:34:30.550+0000][52.892s][info ][gc,phases   ] GC(56)   Merge Heap Roots: 0.2ms
[2025-03-19T13:34:30.550+0000][52.892s][info ][gc,phases   ] GC(56)   Evacuate Collection Set: 23.1ms
[2025-03-19T13:34:30.550+0000][52.892s][info ][gc,phases   ] GC(56)   Post Evacuate Collection Set: 2.8ms
[2025-03-19T13:34:30.550+0000][52.892s][info ][gc,phases   ] GC(56)   Other: 0.1ms
[2025-03-19T13:34:30.550+0000][52.892s][info ][gc,heap     ] GC(56) Eden regions: 127->0(120)
[2025-03-19T13:34:30.550+0000][52.892s][info ][gc,heap     ] GC(56) Survivor regions: 3->8(17)
[2025-03-19T13:34:30.550+0000][52.892s][info ][gc,heap     ] GC(56) Old regions: 104->104
[2025-03-19T13:34:30.550+0000][52.892s][info ][gc,heap     ] GC(56) Archive regions: 2->2
[2025-03-19T13:34:30.550+0000][52.892s][info ][gc,heap     ] GC(56) Humongous regions: 0->0
[2025-03-19T13:34:30.550+0000][52.892s][info ][gc,metaspace] GC(56) Metaspace: 121231K(121984K)->121231K(121984K) NonClass: 105719K(106112K)->105719K(106112K) Class: 15511K(15872K)->15511K(15872K)
[2025-03-19T13:34:30.550+0000][52.892s][info ][gc          ] GC(56) Pause Young (Normal) (G1 Evacuation Pause) 234M->112M(273M) 26.477ms
[2025-03-19T13:34:30.550+0000][52.892s][info ][gc,cpu      ] GC(56) User=0.06s Sys=0.00s Real=0.02s
[2025-03-19T13:34:30.550+0000][52.892s][info ][safepoint   ] Safepoint "G1CollectForAllocation", Time since last: 256119227 ns, Reaching safepoint: 66523 ns, Cleanup: 76794 ns, At safepoint: 26579998 ns, Total: 26723315 ns
[2025-03-19T13:34:31.254+0000][53.597s][debug][safepoint   ] ... found polling page loop exception at pc = 0x0000769fe5121a5c, stub =0x0000769fe498eb80
[2025-03-19T13:34:31.276+0000][53.618s][debug][safepoint   ] Safepoint synchronization initiated using futex wait barrier. (44 threads)
[2025-03-19T13:34:31.276+0000][53.619s][info ][safepoint   ] Safepoint "ICBufferFull", Time since last: 725774465 ns, Reaching safepoint: 351198 ns, Cleanup: 276447 ns, At safepoint: 10477 ns, Total: 638122 ns
[2025-03-19T13:34:31.361+0000][53.704s][debug][safepoint   ] ... found polling page loop exception at pc = 0x0000769fe5121a5c, stub =0x0000769fe498eb80
[2025-03-19T13:34:31.781+0000][54.123s][debug][safepoint   ] Safepoint synchronization initiated using futex wait barrier. (52 threads)
[2025-03-19T13:34:31.781+0000][54.124s][info ][gc,start    ] GC(57) Pause Young (Normal) (G1 Evacuation Pause)
[2025-03-19T13:34:31.781+0000][54.124s][info ][gc,task     ] GC(57) Using 4 workers of 4 for evacuation
[2025-03-19T13:34:31.807+0000][54.150s][info ][gc,phases   ] GC(57)   Pre Evacuate Collection Set: 0.1ms
[2025-03-19T13:34:31.807+0000][54.150s][info ][gc,phases   ] GC(57)   Merge Heap Roots: 0.1ms
[2025-03-19T13:34:31.807+0000][54.150s][info ][gc,phases   ] GC(57)   Evacuate Collection Set: 21.5ms
[2025-03-19T13:34:31.807+0000][54.150s][info ][gc,phases   ] GC(57)   Post Evacuate Collection Set: 4.3ms
[2025-03-19T13:34:31.807+0000][54.150s][info ][gc,phases   ] GC(57)   Other: 0.2ms
[2025-03-19T13:34:31.807+0000][54.150s][info ][gc,heap     ] GC(57) Eden regions: 120->0(119)
[2025-03-19T13:34:31.807+0000][54.150s][info ][gc,heap     ] GC(57) Survivor regions: 8->10(16)
[2025-03-19T13:34:31.807+0000][54.150s][info ][gc,heap     ] GC(57) Old regions: 104->104
[2025-03-19T13:34:31.807+0000][54.150s][info ][gc,heap     ] GC(57) Archive regions: 2->2
[2025-03-19T13:34:31.807+0000][54.150s][info ][gc,heap     ] GC(57) Humongous regions: 0->0
[2025-03-19T13:34:31.807+0000][54.150s][info ][gc,metaspace] GC(57) Metaspace: 127587K(128576K)->127587K(128576K) NonClass: 111278K(111808K)->111278K(111808K) Class: 16308K(16768K)->16308K(16768K)
[2025-03-19T13:34:31.807+0000][54.150s][info ][gc          ] GC(57) Pause Young (Normal) (G1 Evacuation Pause) 232M->114M(273M) 26.367ms
[2025-03-19T13:34:31.807+0000][54.150s][info ][gc,cpu      ] GC(57) User=0.04s Sys=0.00s Real=0.02s
[2025-03-19T13:34:31.807+0000][54.150s][info ][safepoint   ] Safepoint "G1CollectForAllocation", Time since last: 504543082 ns, Reaching safepoint: 126668 ns, Cleanup: 50537 ns, At safepoint: 26434357 ns, Total: 26611562 ns
[2025-03-19T13:34:32.911+0000][55.253s][debug][safepoint   ] Safepoint synchronization initiated using futex wait barrier. (52 threads)
[2025-03-19T13:34:32.911+0000][55.253s][info ][gc,start    ] GC(58) Pause Young (Normal) (G1 Evacuation Pause)
[2025-03-19T13:34:32.911+0000][55.253s][info ][gc,task     ] GC(58) Using 4 workers of 4 for evacuation
[2025-03-19T13:34:32.939+0000][55.281s][info ][gc,phases   ] GC(58)   Pre Evacuate Collection Set: 0.1ms
[2025-03-19T13:34:32.939+0000][55.281s][info ][gc,phases   ] GC(58)   Merge Heap Roots: 0.2ms
[2025-03-19T13:34:32.939+0000][55.282s][info ][gc,phases   ] GC(58)   Evacuate Collection Set: 21.9ms
[2025-03-19T13:34:32.939+0000][55.282s][info ][gc,phases   ] GC(58)   Post Evacuate Collection Set: 5.8ms
[2025-03-19T13:34:32.939+0000][55.282s][info ][gc,phases   ] GC(58)   Other: 0.2ms
[2025-03-19T13:34:32.939+0000][55.282s][info ][gc,heap     ] GC(58) Eden regions: 119->0(118)
[2025-03-19T13:34:32.939+0000][55.282s][info ][gc,heap     ] GC(58) Survivor regions: 10->9(17)
[2025-03-19T13:34:32.939+0000][55.282s][info ][gc,heap     ] GC(58) Old regions: 104->107
[2025-03-19T13:34:32.939+0000][55.282s][info ][gc,heap     ] GC(58) Archive regions: 2->2
[2025-03-19T13:34:32.939+0000][55.282s][info ][gc,heap     ] GC(58) Humongous regions: 1->0
[2025-03-19T13:34:32.939+0000][55.282s][info ][gc,metaspace] GC(58) Metaspace: 131641K(132672K)->131641K(132672K) NonClass: 115003K(115520K)->115003K(115520K) Class: 16638K(17152K)->16638K(17152K)
[2025-03-19T13:34:32.939+0000][55.282s][info ][gc          ] GC(58) Pause Young (Normal) (G1 Evacuation Pause) 234M->116M(273M) 28.331ms
[2025-03-19T13:34:32.939+0000][55.282s][info ][gc,cpu      ] GC(58) User=0.06s Sys=0.00s Real=0.02s
[2025-03-19T13:34:32.939+0000][55.282s][info ][safepoint   ] Safepoint "G1CollectForAllocation", Time since last: 1103262355 ns, Reaching safepoint: 58399 ns, Cleanup: 53658 ns, At safepoint: 28544389 ns, Total: 28656446 ns
[2025-03-19T13:34:33.665+0000][56.008s][debug][safepoint   ] Safepoint synchronization initiated using futex wait barrier. (53 threads)
[2025-03-19T13:34:33.666+0000][56.008s][info ][gc,start    ] GC(59) Pause Young (Normal) (G1 Evacuation Pause)
[2025-03-19T13:34:33.666+0000][56.008s][info ][gc,task     ] GC(59) Using 4 workers of 4 for evacuation
[2025-03-19T13:34:33.689+0000][56.031s][info ][gc,phases   ] GC(59)   Pre Evacuate Collection Set: 0.1ms
[2025-03-19T13:34:33.689+0000][56.031s][info ][gc,phases   ] GC(59)   Merge Heap Roots: 0.3ms
[2025-03-19T13:34:33.689+0000][56.031s][info ][gc,phases   ] GC(59)   Evacuate Collection Set: 17.9ms
[2025-03-19T13:34:33.689+0000][56.031s][info ][gc,phases   ] GC(59)   Post Evacuate Collection Set: 4.6ms
[2025-03-19T13:34:33.689+0000][56.031s][info ][gc,phases   ] GC(59)   Other: 0.1ms
[2025-03-19T13:34:33.689+0000][56.031s][info ][gc,heap     ] GC(59) Eden regions: 118->0(118)
[2025-03-19T13:34:33.689+0000][56.031s][info ][gc,heap     ] GC(59) Survivor regions: 9->5(16)
[2025-03-19T13:34:33.689+0000][56.031s][info ][gc,heap     ] GC(59) Old regions: 107->112
[2025-03-19T13:34:33.689+0000][56.031s][info ][gc,heap     ] GC(59) Archive regions: 2->2
[2025-03-19T13:34:33.689+0000][56.031s][info ][gc,heap     ] GC(59) Humongous regions: 0->0
[2025-03-19T13:34:33.689+0000][56.031s][info ][gc,metaspace] GC(59) Metaspace: 134202K(135232K)->134202K(135232K) NonClass: 117233K(117760K)->117233K(117760K) Class: 16969K(17472K)->16969K(17472K)
[2025-03-19T13:34:33.689+0000][56.031s][info ][gc          ] GC(59) Pause Young (Normal) (G1 Evacuation Pause) 234M->117M(273M) 23.158ms
[2025-03-19T13:34:33.689+0000][56.031s][info ][gc,cpu      ] GC(59) User=0.05s Sys=0.00s Real=0.02s
[2025-03-19T13:34:33.689+0000][56.031s][info ][safepoint   ] Safepoint "G1CollectForAllocation", Time since last: 726192775 ns, Reaching safepoint: 53289 ns, Cleanup: 48157 ns, At safepoint: 23346913 ns, Total: 23448359 ns
[2025-03-19T13:34:34.650+0000][56.993s][debug][safepoint   ] Safepoint synchronization initiated using futex wait barrier. (53 threads)
[2025-03-19T13:34:34.650+0000][56.993s][info ][gc,start    ] GC(60) Pause Young (Normal) (G1 Evacuation Pause)
[2025-03-19T13:34:34.650+0000][56.993s][info ][gc,task     ] GC(60) Using 4 workers of 4 for evacuation
[2025-03-19T13:34:34.679+0000][57.022s][info ][gc,phases   ] GC(60)   Pre Evacuate Collection Set: 0.2ms
[2025-03-19T13:34:34.679+0000][57.022s][info ][gc,phases   ] GC(60)   Merge Heap Roots: 0.6ms
[2025-03-19T13:34:34.679+0000][57.022s][info ][gc,phases   ] GC(60)   Evacuate Collection Set: 24.7ms
[2025-03-19T13:34:34.679+0000][57.022s][info ][gc,phases   ] GC(60)   Post Evacuate Collection Set: 3.5ms
[2025-03-19T13:34:34.679+0000][57.022s][info ][gc,phases   ] GC(60)   Other: 0.2ms
[2025-03-19T13:34:34.680+0000][57.022s][info ][gc,heap     ] GC(60) Eden regions: 118->0(111)
[2025-03-19T13:34:34.680+0000][57.022s][info ][gc,heap     ] GC(60) Survivor regions: 5->10(16)
[2025-03-19T13:34:34.680+0000][57.022s][info ][gc,heap     ] GC(60) Old regions: 112->112
[2025-03-19T13:34:34.680+0000][57.022s][info ][gc,heap     ] GC(60) Archive regions: 2->2
[2025-03-19T13:34:34.680+0000][57.022s][info ][gc,heap     ] GC(60) Humongous regions: 0->0
[2025-03-19T13:34:34.681+0000][57.024s][info ][gc,metaspace] GC(60) Metaspace: 136355K(137408K)->136355K(137408K) NonClass: 119259K(119808K)->119259K(119808K) Class: 17095K(17600K)->17095K(17600K)
[2025-03-19T13:34:34.681+0000][57.024s][info ][gc          ] GC(60) Pause Young (Normal) (G1 Evacuation Pause) 235M->121M(273M) 30.843ms
[2025-03-19T13:34:34.681+0000][57.024s][info ][gc,cpu      ] GC(60) User=0.05s Sys=0.00s Real=0.03s
[2025-03-19T13:34:34.682+0000][57.024s][info ][safepoint   ] Safepoint "G1CollectForAllocation", Time since last: 961013501 ns, Reaching safepoint: 54696 ns, Cleanup: 121472 ns, At safepoint: 31484154 ns, Total: 31660322 ns
[2025-03-19T13:34:35.382+0000][57.725s][debug][safepoint   ] Safepoint synchronization initiated using futex wait barrier. (53 threads)
[2025-03-19T13:34:35.382+0000][57.725s][info ][gc,start    ] GC(61) Pause Young (Normal) (G1 Evacuation Pause)
[2025-03-19T13:34:35.382+0000][57.725s][info ][gc,task     ] GC(61) Using 4 workers of 4 for evacuation
[2025-03-19T13:34:35.416+0000][57.758s][info ][gc,phases   ] GC(61)   Pre Evacuate Collection Set: 0.1ms
[2025-03-19T13:34:35.416+0000][57.758s][info ][gc,phases   ] GC(61)   Merge Heap Roots: 0.2ms
[2025-03-19T13:34:35.416+0000][57.758s][info ][gc,phases   ] GC(61)   Evacuate Collection Set: 26.6ms
[2025-03-19T13:34:35.416+0000][57.758s][info ][gc,phases   ] GC(61)   Post Evacuate Collection Set: 6.4ms
[2025-03-19T13:34:35.416+0000][57.758s][info ][gc,phases   ] GC(61)   Other: 0.1ms
[2025-03-19T13:34:35.416+0000][57.758s][info ][gc,heap     ] GC(61) Eden regions: 111->0(316)
[2025-03-19T13:34:35.416+0000][57.758s][info ][gc,heap     ] GC(61) Survivor regions: 10->11(16)
[2025-03-19T13:34:35.416+0000][57.758s][info ][gc,heap     ] GC(61) Old regions: 112->113
[2025-03-19T13:34:35.416+0000][57.758s][info ][gc,heap     ] GC(61) Archive regions: 2->2
[2025-03-19T13:34:35.416+0000][57.758s][info ][gc,heap     ] GC(61) Humongous regions: 0->0
[2025-03-19T13:34:35.416+0000][57.758s][info ][gc,metaspace] GC(61) Metaspace: 138253K(139264K)->138253K(139264K) NonClass: 121073K(121600K)->121073K(121600K) Class: 17179K(17664K)->17179K(17664K)
[2025-03-19T13:34:35.416+0000][57.758s][info ][gc          ] GC(61) Pause Young (Normal) (G1 Evacuation Pause) 232M->124M(546M) 33.600ms
[2025-03-19T13:34:35.416+0000][57.758s][info ][gc,cpu      ] GC(61) User=0.08s Sys=0.01s Real=0.03s
[2025-03-19T13:34:35.416+0000][57.759s][info ][safepoint   ] Safepoint "G1CollectForAllocation", Time since last: 700376222 ns, Reaching safepoint: 53593 ns, Cleanup: 40161 ns, At safepoint: 33866483 ns, Total: 33960237 ns
[2025-03-19T13:34:36.416+0000][58.759s][debug][safepoint   ] Safepoint synchronization initiated using futex wait barrier. (57 threads)
[2025-03-19T13:34:36.417+0000][58.759s][debug][safepoint   ] ... found polling page loop exception at pc = 0x0000769fe52c8b31, stub =0x0000769fe498f400
[2025-03-19T13:34:36.417+0000][58.759s][info ][safepoint   ] Safepoint "Cleanup", Time since last: 1000145386 ns, Reaching safepoint: 508009 ns, Cleanup: 167143 ns, At safepoint: 5939 ns, Total: 681091 ns
[2025-03-19T13:34:37.327+0000][59.670s][info ][cds,heap    ] initialize_from_archived_subgraph jdk.internal.math.FDBigInteger 0x0000769f7b14d8f0
[2025-03-19T13:34:37.418+0000][59.761s][debug][safepoint   ] Safepoint synchronization initiated using futex wait barrier. (63 threads)
[2025-03-19T13:34:37.418+0000][59.761s][info ][safepoint   ] Safepoint "Cleanup", Time since last: 1001516140 ns, Reaching safepoint: 48532 ns, Cleanup: 51990 ns, At safepoint: 5617 ns, Total: 106139 ns
[2025-03-19T13:34:38.274+0000][60.616s][debug][safepoint   ] Safepoint synchronization initiated using futex wait barrier. (78 threads)
[2025-03-19T13:34:38.274+0000][60.616s][info ][gc,start    ] GC(62) Pause Young (Normal) (G1 Evacuation Pause)
[2025-03-19T13:34:38.274+0000][60.616s][info ][gc,task     ] GC(62) Using 4 workers of 4 for evacuation
[2025-03-19T13:34:38.310+0000][60.653s][info ][gc,phases   ] GC(62)   Pre Evacuate Collection Set: 0.1ms
[2025-03-19T13:34:38.310+0000][60.653s][info ][gc,phases   ] GC(62)   Merge Heap Roots: 0.2ms
[2025-03-19T13:34:38.310+0000][60.653s][info ][gc,phases   ] GC(62)   Evacuate Collection Set: 31.4ms
[2025-03-19T13:34:38.310+0000][60.653s][info ][gc,phases   ] GC(62)   Post Evacuate Collection Set: 4.5ms
[2025-03-19T13:34:38.310+0000][60.653s][info ][gc,phases   ] GC(62)   Other: 0.2ms
[2025-03-19T13:34:38.310+0000][60.653s][info ][gc,heap     ] GC(62) Eden regions: 316->0(308)
[2025-03-19T13:34:38.310+0000][60.653s][info ][gc,heap     ] GC(62) Survivor regions: 11->19(41)
[2025-03-19T13:34:38.310+0000][60.653s][info ][gc,heap     ] GC(62) Old regions: 113->113
[2025-03-19T13:34:38.310+0000][60.653s][info ][gc,heap     ] GC(62) Archive regions: 2->2
[2025-03-19T13:34:38.310+0000][60.653s][info ][gc,heap     ] GC(62) Humongous regions: 0->0
[2025-03-19T13:34:38.310+0000][60.653s][info ][gc,metaspace] GC(62) Metaspace: 149127K(150144K)->149127K(150144K) NonClass: 130863K(131392K)->130863K(131392K) Class: 18264K(18752K)->18264K(18752K)
[2025-03-19T13:34:38.310+0000][60.653s][info ][gc          ] GC(62) Pause Young (Normal) (G1 Evacuation Pause) 440M->132M(546M) 36.572ms
[2025-03-19T13:34:38.310+0000][60.653s][info ][gc,cpu      ] GC(62) User=0.08s Sys=0.00s Real=0.04s
[2025-03-19T13:34:38.311+0000][60.653s][info ][safepoint   ] Safepoint "G1CollectForAllocation", Time since last: 855145359 ns, Reaching safepoint: 67784 ns, Cleanup: 78775 ns, At safepoint: 37190222 ns, Total: 37336781 ns
[2025-03-19T13:34:39.672+0000][62.015s][debug][safepoint   ] Safepoint synchronization initiated using futex wait barrier. (80 threads)
[2025-03-19T13:34:39.672+0000][62.015s][info ][safepoint   ] Safepoint "Cleanup", Time since last: 1361144933 ns, Reaching safepoint: 40777 ns, Cleanup: 57666 ns, At safepoint: 3099 ns, Total: 101542 ns
[2025-03-19T13:34:40.542+0000][62.884s][debug][safepoint   ] Safepoint synchronization initiated using futex wait barrier. (80 threads)
[2025-03-19T13:34:40.542+0000][62.884s][info ][gc,start    ] GC(63) Pause Young (Normal) (G1 Evacuation Pause)
[2025-03-19T13:34:40.542+0000][62.884s][info ][gc,task     ] GC(63) Using 4 workers of 4 for evacuation
[2025-03-19T13:34:40.585+0000][62.928s][info ][gc,phases   ] GC(63)   Pre Evacuate Collection Set: 0.1ms
[2025-03-19T13:34:40.585+0000][62.928s][info ][gc,phases   ] GC(63)   Merge Heap Roots: 0.2ms
[2025-03-19T13:34:40.585+0000][62.928s][info ][gc,phases   ] GC(63)   Evacuate Collection Set: 39.0ms
[2025-03-19T13:34:40.585+0000][62.928s][info ][gc,phases   ] GC(63)   Post Evacuate Collection Set: 4.0ms
[2025-03-19T13:34:40.585+0000][62.928s][info ][gc,phases   ] GC(63)   Other: 0.1ms
[2025-03-19T13:34:40.585+0000][62.928s][info ][gc,heap     ] GC(63) Eden regions: 308->0(300)
[2025-03-19T13:34:40.585+0000][62.928s][info ][gc,heap     ] GC(63) Survivor regions: 19->27(41)
[2025-03-19T13:34:40.585+0000][62.928s][info ][gc,heap     ] GC(63) Old regions: 113->113
[2025-03-19T13:34:40.585+0000][62.928s][info ][gc,heap     ] GC(63) Archive regions: 2->2
[2025-03-19T13:34:40.585+0000][62.928s][info ][gc,heap     ] GC(63) Humongous regions: 0->0
[2025-03-19T13:34:40.585+0000][62.928s][info ][gc,metaspace] GC(63) Metaspace: 152663K(153728K)->152663K(153728K) NonClass: 133927K(134464K)->133927K(134464K) Class: 18736K(19264K)->18736K(19264K)
[2025-03-19T13:34:40.585+0000][62.928s][info ][gc          ] GC(63) Pause Young (Normal) (G1 Evacuation Pause) 440M->140M(546M) 43.541ms
[2025-03-19T13:34:40.585+0000][62.928s][info ][gc,cpu      ] GC(63) User=0.10s Sys=0.00s Real=0.04s
[2025-03-19T13:34:40.585+0000][62.928s][info ][safepoint   ] Safepoint "G1CollectForAllocation", Time since last: 869409168 ns, Reaching safepoint: 70496 ns, Cleanup: 141398 ns, At safepoint: 43720689 ns, Total: 43932583 ns
[2025-03-19T13:34:42.082+0000][64.424s][debug][safepoint   ] Safepoint synchronization initiated using futex wait barrier. (81 threads)
[2025-03-19T13:34:42.083+0000][64.425s][info ][safepoint   ] Safepoint "Cleanup", Time since last: 1496270398 ns, Reaching safepoint: 656414 ns, Cleanup: 151576 ns, At safepoint: 10101 ns, Total: 818091 ns
[2025-03-19T13:34:43.447+0000][65.790s][debug][safepoint   ] Safepoint synchronization initiated using futex wait barrier. (81 threads)
[2025-03-19T13:34:43.448+0000][65.790s][info ][gc,start    ] GC(64) Pause Young (Normal) (G1 Evacuation Pause)
[2025-03-19T13:34:43.448+0000][65.790s][info ][gc,task     ] GC(64) Using 4 workers of 4 for evacuation
[2025-03-19T13:34:43.507+0000][65.850s][info ][gc,phases   ] GC(64)   Pre Evacuate Collection Set: 0.2ms
[2025-03-19T13:34:43.507+0000][65.850s][info ][gc,phases   ] GC(64)   Merge Heap Roots: 0.4ms
[2025-03-19T13:34:43.507+0000][65.850s][info ][gc,phases   ] GC(64)   Evacuate Collection Set: 53.4ms
[2025-03-19T13:34:43.507+0000][65.850s][info ][gc,phases   ] GC(64)   Post Evacuate Collection Set: 5.5ms
[2025-03-19T13:34:43.507+0000][65.850s][info ][gc,phases   ] GC(64)   Other: 0.2ms
[2025-03-19T13:34:43.508+0000][65.850s][info ][gc,heap     ] GC(64) Eden regions: 300->0(300)
[2025-03-19T13:34:43.508+0000][65.850s][info ][gc,heap     ] GC(64) Survivor regions: 27->27(41)
[2025-03-19T13:34:43.508+0000][65.850s][info ][gc,heap     ] GC(64) Old regions: 113->119
[2025-03-19T13:34:43.508+0000][65.850s][info ][gc,heap     ] GC(64) Archive regions: 2->2
[2025-03-19T13:34:43.508+0000][65.850s][info ][gc,heap     ] GC(64) Humongous regions: 0->0
[2025-03-19T13:34:43.508+0000][65.850s][info ][gc,metaspace] GC(64) Metaspace: 156225K(157312K)->156225K(157312K) NonClass: 136977K(137536K)->136977K(137536K) Class: 19248K(19776K)->19248K(19776K)
[2025-03-19T13:34:43.508+0000][65.850s][info ][gc          ] GC(64) Pause Young (Normal) (G1 Evacuation Pause) 440M->145M(546M) 59.786ms
[2025-03-19T13:34:43.508+0000][65.850s][info ][gc,cpu      ] GC(64) User=0.16s Sys=0.01s Real=0.06s
[2025-03-19T13:34:43.508+0000][65.850s][info ][safepoint   ] Safepoint "G1CollectForAllocation", Time since last: 1364885455 ns, Reaching safepoint: 142299 ns, Cleanup: 132043 ns, At safepoint: 60124158 ns, Total: 60398500 ns
[2025-03-19T13:34:44.814+0000][67.156s][debug][safepoint   ] Safepoint synchronization initiated using futex wait barrier. (87 threads)
[2025-03-19T13:34:44.817+0000][67.160s][info ][safepoint   ] Safepoint "Cleanup", Time since last: 1305691202 ns, Reaching safepoint: 3339553 ns, Cleanup: 215857 ns, At safepoint: 119482 ns, Total: 3674892 ns
[2025-03-19T13:34:45.817+0000][68.160s][debug][safepoint   ] Safepoint synchronization initiated using futex wait barrier. (87 threads)
[2025-03-19T13:34:45.818+0000][68.160s][info ][safepoint   ] Safepoint "Cleanup", Time since last: 1000159501 ns, Reaching safepoint: 206596 ns, Cleanup: 41734 ns, At safepoint: 7555 ns, Total: 255885 ns
[2025-03-19T13:34:46.722+0000][69.064s][debug][safepoint   ] Safepoint synchronization initiated using futex wait barrier. (110 threads)
[2025-03-19T13:34:46.722+0000][69.065s][info ][gc,start    ] GC(65) Pause Young (Normal) (G1 Evacuation Pause)
[2025-03-19T13:34:46.722+0000][69.065s][info ][gc,task     ] GC(65) Using 4 workers of 4 for evacuation
[2025-03-19T13:34:46.818+0000][69.160s][info ][gc,phases   ] GC(65)   Pre Evacuate Collection Set: 0.2ms
[2025-03-19T13:34:46.818+0000][69.160s][info ][gc,phases   ] GC(65)   Merge Heap Roots: 0.5ms
[2025-03-19T13:34:46.818+0000][69.160s][info ][gc,phases   ] GC(65)   Evacuate Collection Set: 88.7ms
[2025-03-19T13:34:46.818+0000][69.160s][info ][gc,phases   ] GC(65)   Post Evacuate Collection Set: 6.0ms
[2025-03-19T13:34:46.818+0000][69.160s][info ][gc,phases   ] GC(65)   Other: 0.2ms
[2025-03-19T13:34:46.818+0000][69.160s][info ][gc,heap     ] GC(65) Eden regions: 300->0(306)
[2025-03-19T13:34:46.818+0000][69.160s][info ][gc,heap     ] GC(65) Survivor regions: 27->21(41)
[2025-03-19T13:34:46.818+0000][69.160s][info ][gc,heap     ] GC(65) Old regions: 119->130
[2025-03-19T13:34:46.818+0000][69.160s][info ][gc,heap     ] GC(65) Archive regions: 2->2
[2025-03-19T13:34:46.818+0000][69.160s][info ][gc,heap     ] GC(65) Humongous regions: 0->0
[2025-03-19T13:34:46.818+0000][69.160s][info ][gc,metaspace] GC(65) Metaspace: 160214K(161408K)->160214K(161408K) NonClass: 140288K(140928K)->140288K(140928K) Class: 19926K(20480K)->19926K(20480K)
[2025-03-19T13:34:46.818+0000][69.160s][info ][gc          ] GC(65) Pause Young (Normal) (G1 Evacuation Pause) 445M->151M(546M) 95.708ms
[2025-03-19T13:34:46.818+0000][69.160s][info ][gc,cpu      ] GC(65) User=0.21s Sys=0.00s Real=0.09s
[2025-03-19T13:34:46.818+0000][69.161s][info ][safepoint   ] Safepoint "G1CollectForAllocation", Time since last: 902539274 ns, Reaching safepoint: 1875783 ns, Cleanup: 130920 ns, At safepoint: 96039784 ns, Total: 98046487 ns
[2025-03-19T13:34:47.615+0000][69.958s][debug][safepoint   ] Safepoint synchronization initiated using futex wait barrier. (152 threads)
[2025-03-19T13:34:47.622+0000][69.965s][info ][safepoint   ] Safepoint "ICBufferFull", Time since last: 797149432 ns, Reaching safepoint: 3245711 ns, Cleanup: 186111 ns, At safepoint: 3401636 ns, Total: 6833458 ns
[2025-03-19T13:34:48.625+0000][70.968s][debug][safepoint   ] Safepoint synchronization initiated using futex wait barrier. (186 threads)
[2025-03-19T13:34:48.629+0000][70.972s][info ][safepoint   ] Safepoint "Cleanup", Time since last: 1002117806 ns, Reaching safepoint: 4438716 ns, Cleanup: 192837 ns, At safepoint: 69999 ns, Total: 4701552 ns
[2025-03-19T13:34:48.788+0000][71.130s][debug][safepoint   ] Safepoint synchronization initiated using futex wait barrier. (191 threads)
[2025-03-19T13:34:48.788+0000][71.131s][info ][gc,start    ] GC(66) Pause Young (Normal) (G1 Evacuation Pause)
[2025-03-19T13:34:48.788+0000][71.131s][info ][gc,task     ] GC(66) Using 4 workers of 4 for evacuation
[2025-03-19T13:34:48.861+0000][71.203s][info ][gc,phases   ] GC(66)   Pre Evacuate Collection Set: 0.3ms
[2025-03-19T13:34:48.861+0000][71.203s][info ][gc,phases   ] GC(66)   Merge Heap Roots: 0.4ms
[2025-03-19T13:34:48.861+0000][71.203s][info ][gc,phases   ] GC(66)   Evacuate Collection Set: 68.0ms
[2025-03-19T13:34:48.861+0000][71.203s][info ][gc,phases   ] GC(66)   Post Evacuate Collection Set: 3.2ms
[2025-03-19T13:34:48.861+0000][71.203s][info ][gc,phases   ] GC(66)   Other: 0.4ms
[2025-03-19T13:34:48.861+0000][71.203s][info ][gc,heap     ] GC(66) Eden regions: 306->0(291)
[2025-03-19T13:34:48.861+0000][71.203s][info ][gc,heap     ] GC(66) Survivor regions: 21->34(41)
[2025-03-19T13:34:48.861+0000][71.203s][info ][gc,heap     ] GC(66) Old regions: 130->130
[2025-03-19T13:34:48.861+0000][71.203s][info ][gc,heap     ] GC(66) Archive regions: 2->2
[2025-03-19T13:34:48.861+0000][71.203s][info ][gc,heap     ] GC(66) Humongous regions: 0->0
[2025-03-19T13:34:48.861+0000][71.203s][info ][gc,metaspace] GC(66) Metaspace: 165283K(166464K)->165283K(166464K) NonClass: 144792K(145408K)->144792K(145408K) Class: 20490K(21056K)->20490K(21056K)
[2025-03-19T13:34:48.861+0000][71.204s][info ][gc          ] GC(66) Pause Young (Normal) (G1 Evacuation Pause) 457M->164M(546M) 72.744ms
[2025-03-19T13:34:48.861+0000][71.204s][info ][gc,cpu      ] GC(66) User=0.15s Sys=0.00s Real=0.08s
[2025-03-19T13:34:48.866+0000][71.209s][info ][safepoint   ] Safepoint "G1CollectForAllocation", Time since last: 158766925 ns, Reaching safepoint: 386830 ns, Cleanup: 16564 ns, At safepoint: 77867485 ns, Total: 78270879 ns
[2025-03-19T13:34:49.506+0000][71.849s][debug][safepoint   ] ... found polling page loop exception at pc = 0x0000769fe58aacf0, stub =0x0000769fe498f400
[2025-03-19T13:34:49.568+0000][71.910s][debug][safepoint   ] Safepoint synchronization initiated using futex wait barrier. (196 threads)
[2025-03-19T13:34:49.568+0000][71.911s][info ][safepoint   ] Safepoint "ICBufferFull", Time since last: 701728920 ns, Reaching safepoint: 588347 ns, Cleanup: 110880 ns, At safepoint: 35878 ns, Total: 735105 ns
[2025-03-19T13:34:50.232+0000][72.575s][debug][safepoint   ] ... found polling page loop exception at pc = 0x0000769fe55b20ae, stub =0x0000769fe498f400
[2025-03-19T13:34:50.399+0000][72.742s][debug][safepoint   ] Safepoint synchronization initiated using futex wait barrier. (201 threads)
[2025-03-19T13:34:50.400+0000][72.743s][info ][safepoint   ] Safepoint "ICBufferFull", Time since last: 830610501 ns, Reaching safepoint: 1107714 ns, Cleanup: 164125 ns, At safepoint: 30490 ns, Total: 1302329 ns
[2025-03-19T13:34:51.440+0000][73.783s][debug][safepoint   ] Safepoint synchronization initiated using futex wait barrier. (224 threads)
[2025-03-19T13:34:51.441+0000][73.784s][info ][gc,start    ] GC(67) Pause Young (Normal) (G1 Evacuation Pause)
[2025-03-19T13:34:51.441+0000][73.784s][info ][gc,task     ] GC(67) Using 4 workers of 4 for evacuation
[2025-03-19T13:34:51.563+0000][73.905s][info ][gc,phases   ] GC(67)   Pre Evacuate Collection Set: 0.7ms
[2025-03-19T13:34:51.563+0000][73.905s][info ][gc,phases   ] GC(67)   Merge Heap Roots: 2.1ms
[2025-03-19T13:34:51.563+0000][73.905s][info ][gc,phases   ] GC(67)   Evacuate Collection Set: 110.2ms
[2025-03-19T13:34:51.563+0000][73.905s][info ][gc,phases   ] GC(67)   Post Evacuate Collection Set: 8.2ms
[2025-03-19T13:34:51.563+0000][73.905s][info ][gc,phases   ] GC(67)   Other: 0.3ms
[2025-03-19T13:34:51.563+0000][73.905s][info ][gc,heap     ] GC(67) Eden regions: 291->0(293)
[2025-03-19T13:34:51.563+0000][73.905s][info ][gc,heap     ] GC(67) Survivor regions: 34->23(41)
[2025-03-19T13:34:51.563+0000][73.905s][info ][gc,heap     ] GC(67) Old regions: 130->144
[2025-03-19T13:34:51.563+0000][73.905s][info ][gc,heap     ] GC(67) Archive regions: 2->2
[2025-03-19T13:34:51.563+0000][73.905s][info ][gc,heap     ] GC(67) Humongous regions: 0->0
[2025-03-19T13:34:51.563+0000][73.905s][info ][gc,metaspace] GC(67) Metaspace: 173421K(174656K)->173421K(174656K) NonClass: 151938K(152576K)->151938K(152576K) Class: 21482K(22080K)->21482K(22080K)
[2025-03-19T13:34:51.563+0000][73.905s][info ][gc          ] GC(67) Pause Young (Normal) (G1 Evacuation Pause) 455M->166M(546M) 121.607ms
[2025-03-19T13:34:51.563+0000][73.905s][info ][gc,cpu      ] GC(67) User=0.26s Sys=0.00s Real=0.12s
[2025-03-19T13:34:51.564+0000][73.907s][info ][safepoint   ] Safepoint "G1CollectForAllocation", Time since last: 1039816760 ns, Reaching safepoint: 650598 ns, Cleanup: 189160 ns, At safepoint: 122937549 ns, Total: 123777307 ns
[2025-03-19T13:34:52.782+0000][75.124s][debug][safepoint   ] Safepoint synchronization initiated using futex wait barrier. (227 threads)
[2025-03-19T13:34:52.782+0000][75.125s][info ][safepoint   ] Safepoint "Cleanup", Time since last: 1217916120 ns, Reaching safepoint: 339510 ns, Cleanup: 75481 ns, At safepoint: 14021 ns, Total: 429012 ns
[2025-03-19T13:34:53.782+0000][76.125s][debug][safepoint   ] Safepoint synchronization initiated using futex wait barrier. (226 threads)
[2025-03-19T13:34:53.783+0000][76.125s][info ][safepoint   ] Safepoint "Cleanup", Time since last: 1000078652 ns, Reaching safepoint: 58700 ns, Cleanup: 47352 ns, At safepoint: 4370 ns, Total: 110422 ns
[2025-03-19T13:34:54.783+0000][77.125s][debug][safepoint   ] Safepoint synchronization initiated using futex wait barrier. (227 threads)
[2025-03-19T13:34:54.783+0000][77.125s][info ][safepoint   ] Safepoint "Cleanup", Time since last: 1000087485 ns, Reaching safepoint: 76209 ns, Cleanup: 57308 ns, At safepoint: 5243 ns, Total: 138760 ns
[2025-03-19T13:34:55.813+0000][78.155s][debug][safepoint   ] Safepoint synchronization initiated using futex wait barrier. (228 threads)
[2025-03-19T13:34:55.813+0000][78.156s][info ][safepoint   ] Safepoint "ICBufferFull", Time since last: 1029877576 ns, Reaching safepoint: 130495 ns, Cleanup: 163184 ns, At safepoint: 6704 ns, Total: 300383 ns
[2025-03-19T13:34:55.848+0000][78.190s][debug][safepoint   ] Safepoint synchronization initiated using futex wait barrier. (228 threads)
[2025-03-19T13:34:55.848+0000][78.190s][info ][gc,start    ] GC(68) Pause Young (Concurrent Start) (G1 Humongous Allocation)
[2025-03-19T13:34:55.848+0000][78.190s][info ][gc,task     ] GC(68) Using 4 workers of 4 for evacuation
[2025-03-19T13:34:55.892+0000][78.234s][info ][gc,phases   ] GC(68)   Pre Evacuate Collection Set: 0.3ms
[2025-03-19T13:34:55.892+0000][78.234s][info ][gc,phases   ] GC(68)   Merge Heap Roots: 0.2ms
[2025-03-19T13:34:55.892+0000][78.235s][info ][gc,phases   ] GC(68)   Evacuate Collection Set: 37.3ms
[2025-03-19T13:34:55.892+0000][78.235s][info ][gc,phases   ] GC(68)   Post Evacuate Collection Set: 6.0ms
[2025-03-19T13:34:55.892+0000][78.235s][info ][gc,phases   ] GC(68)   Other: 0.3ms
[2025-03-19T13:34:55.892+0000][78.235s][info ][gc,heap     ] GC(68) Eden regions: 126->0(293)
[2025-03-19T13:34:55.892+0000][78.235s][info ][gc,heap     ] GC(68) Survivor regions: 23->18(40)
[2025-03-19T13:34:55.892+0000][78.235s][info ][gc,heap     ] GC(68) Old regions: 144->150
[2025-03-19T13:34:55.892+0000][78.235s][info ][gc,heap     ] GC(68) Archive regions: 2->2
[2025-03-19T13:34:55.892+0000][78.235s][info ][gc,heap     ] GC(68) Humongous regions: 42->3
[2025-03-19T13:34:55.892+0000][78.235s][info ][gc,metaspace] GC(68) Metaspace: 178511K(179776K)->178511K(179776K) NonClass: 156436K(157120K)->156436K(157120K) Class: 22074K(22656K)->22074K(22656K)
[2025-03-19T13:34:55.892+0000][78.235s][info ][gc          ] GC(68) Pause Young (Concurrent Start) (G1 Humongous Allocation) 334M->171M(546M) 44.157ms
[2025-03-19T13:34:55.892+0000][78.235s][info ][gc,cpu      ] GC(68) User=0.10s Sys=0.00s Real=0.05s
[2025-03-19T13:34:55.892+0000][78.235s][info ][gc          ] GC(69) Concurrent Undo Cycle
[2025-03-19T13:34:55.892+0000][78.235s][info ][gc,marking  ] GC(69) Concurrent Cleanup for Next Mark
[2025-03-19T13:34:55.892+0000][78.235s][info ][safepoint   ] Safepoint "G1TryInitiateConcMark", Time since last: 34712257 ns, Reaching safepoint: 64704 ns, Cleanup: 97684 ns, At safepoint: 44660945 ns, Total: 44823333 ns
[2025-03-19T13:34:55.901+0000][78.243s][info ][gc,marking  ] GC(69) Concurrent Cleanup for Next Mark 8.506ms
[2025-03-19T13:34:55.901+0000][78.243s][info ][gc          ] GC(69) Concurrent Undo Cycle 8.727ms
[2025-03-19T13:34:56.873+0000][79.215s][debug][safepoint   ] Safepoint synchronization initiated using futex wait barrier. (230 threads)
[2025-03-19T13:34:56.877+0000][79.220s][info ][safepoint   ] Safepoint "ICBufferFull", Time since last: 980270168 ns, Reaching safepoint: 4319241 ns, Cleanup: 150899 ns, At safepoint: 73196 ns, Total: 4543336 ns
[2025-03-19T13:34:57.517+0000][79.860s][debug][safepoint   ] Safepoint synchronization initiated using futex wait barrier. (232 threads)
[2025-03-19T13:34:57.518+0000][79.860s][info ][safepoint   ] Safepoint "ICBufferFull", Time since last: 640015437 ns, Reaching safepoint: 272672 ns, Cleanup: 250584 ns, At safepoint: 29249 ns, Total: 552505 ns
[2025-03-19T13:34:58.016+0000][80.359s][debug][safepoint   ] Safepoint synchronization initiated using futex wait barrier. (232 threads)
[2025-03-19T13:34:58.016+0000][80.359s][info ][safepoint   ] Safepoint "ICBufferFull", Time since last: 498174697 ns, Reaching safepoint: 104163 ns, Cleanup: 188704 ns, At safepoint: 16008 ns, Total: 308875 ns
[2025-03-19T13:34:59.018+0000][81.361s][debug][safepoint   ] Safepoint synchronization initiated using futex wait barrier. (231 threads)
[2025-03-19T13:34:59.018+0000][81.361s][info ][safepoint   ] Safepoint "Cleanup", Time since last: 1001751353 ns, Reaching safepoint: 65366 ns, Cleanup: 21129 ns, At safepoint: 3779 ns, Total: 90274 ns
[2025-03-19T13:35:00.018+0000][82.361s][debug][safepoint   ] Safepoint synchronization initiated using futex wait barrier. (234 threads)
[2025-03-19T13:35:00.018+0000][82.361s][info ][safepoint   ] Safepoint "Cleanup", Time since last: 1000077364 ns, Reaching safepoint: 60425 ns, Cleanup: 108055 ns, At safepoint: 3528 ns, Total: 172008 ns
[2025-03-19T13:35:00.736+0000][83.079s][debug][safepoint   ] Safepoint synchronization initiated using futex wait barrier. (234 threads)
[2025-03-19T13:35:00.736+0000][83.079s][info ][gc,start    ] GC(70) Pause Young (Normal) (G1 Evacuation Pause)
[2025-03-19T13:35:00.736+0000][83.079s][info ][gc,task     ] GC(70) Using 4 workers of 4 for evacuation
[2025-03-19T13:35:00.774+0000][83.117s][info ][gc,phases   ] GC(70)   Pre Evacuate Collection Set: 0.2ms
[2025-03-19T13:35:00.774+0000][83.117s][info ][gc,phases   ] GC(70)   Merge Heap Roots: 0.2ms
[2025-03-19T13:35:00.774+0000][83.117s][info ][gc,phases   ] GC(70)   Evacuate Collection Set: 35.1ms
[2025-03-19T13:35:00.774+0000][83.117s][info ][gc,phases   ] GC(70)   Post Evacuate Collection Set: 2.3ms
[2025-03-19T13:35:00.774+0000][83.117s][info ][gc,phases   ] GC(70)   Other: 0.3ms
[2025-03-19T13:35:00.774+0000][83.117s][info ][gc,heap     ] GC(70) Eden regions: 293->0(281)
[2025-03-19T13:35:00.774+0000][83.117s][info ][gc,heap     ] GC(70) Survivor regions: 18->28(39)
[2025-03-19T13:35:00.774+0000][83.117s][info ][gc,heap     ] GC(70) Old regions: 150->150
[2025-03-19T13:35:00.774+0000][83.117s][info ][gc,heap     ] GC(70) Archive regions: 2->2
[2025-03-19T13:35:00.774+0000][83.117s][info ][gc,heap     ] GC(70) Humongous regions: 15->2
[2025-03-19T13:35:00.774+0000][83.117s][info ][gc,metaspace] GC(70) Metaspace: 183607K(184960K)->183607K(184960K) NonClass: 161032K(161728K)->161032K(161728K) Class: 22575K(23232K)->22575K(23232K)
[2025-03-19T13:35:00.774+0000][83.117s][info ][gc          ] GC(70) Pause Young (Normal) (G1 Evacuation Pause) 476M->179M(546M) 38.182ms
[2025-03-19T13:35:00.775+0000][83.117s][info ][gc,cpu      ] GC(70) User=0.11s Sys=0.00s Real=0.04s
[2025-03-19T13:35:00.775+0000][83.117s][info ][safepoint   ] Safepoint "G1CollectForAllocation", Time since last: 717551477 ns, Reaching safepoint: 143751 ns, Cleanup: 61027 ns, At safepoint: 38622624 ns, Total: 38827402 ns
[2025-03-19T13:35:01.189+0000][83.532s][debug][safepoint   ] ... found polling page loop exception at pc = 0x0000769fe4f90dcd, stub =0x0000769fe498f400
[2025-03-19T13:35:02.190+0000][84.532s][debug][safepoint   ] Safepoint synchronization initiated using futex wait barrier. (234 threads)
[2025-03-19T13:35:02.190+0000][84.533s][info ][safepoint   ] Safepoint "Cleanup", Time since last: 1414858073 ns, Reaching safepoint: 72071 ns, Cleanup: 476606 ns, At safepoint: 8908 ns, Total: 557585 ns
[2025-03-19T13:35:03.265+0000][85.607s][debug][safepoint   ] Safepoint synchronization initiated using futex wait barrier. (234 threads)
[2025-03-19T13:35:03.266+0000][85.609s][info ][safepoint   ] Safepoint "Cleanup", Time since last: 1074487000 ns, Reaching safepoint: 60328 ns, Cleanup: 262522 ns, At safepoint: 1297242 ns, Total: 1620092 ns
[2025-03-19T13:35:04.266+0000][86.609s][debug][safepoint   ] Safepoint synchronization initiated using futex wait barrier. (233 threads)
[2025-03-19T13:35:04.267+0000][86.609s][info ][safepoint   ] Safepoint "Cleanup", Time since last: 1000117917 ns, Reaching safepoint: 64464 ns, Cleanup: 47040 ns, At safepoint: 3427 ns, Total: 114931 ns
[2025-03-19T13:35:06.267+0000][88.609s][debug][safepoint   ] Safepoint synchronization initiated using futex wait barrier. (232 threads)
[2025-03-19T13:35:06.267+0000][88.609s][info ][safepoint   ] Safepoint "Cleanup", Time since last: 2000142391 ns, Reaching safepoint: 66306 ns, Cleanup: 31951 ns, At safepoint: 3750 ns, Total: 102007 ns
[2025-03-19T13:35:09.267+0000][91.610s][debug][safepoint   ] Safepoint synchronization initiated using futex wait barrier. (233 threads)
[2025-03-19T13:35:09.267+0000][91.610s][info ][safepoint   ] Safepoint "Cleanup", Time since last: 3000184196 ns, Reaching safepoint: 81458 ns, Cleanup: 27316 ns, At safepoint: 6616 ns, Total: 115390 ns
[2025-03-19T13:35:10.432+0000][92.774s][debug][safepoint   ] Safepoint synchronization initiated using futex wait barrier. (233 threads)
[2025-03-19T13:35:10.432+0000][92.775s][info ][safepoint   ] Safepoint "ICBufferFull", Time since last: 1164567505 ns, Reaching safepoint: 151230 ns, Cleanup: 253268 ns, At safepoint: 13224 ns, Total: 417722 ns
[2025-03-19T13:35:10.764+0000][93.107s][debug][safepoint   ] Safepoint synchronization initiated using futex wait barrier. (233 threads)
[2025-03-19T13:35:10.765+0000][93.108s][info ][gc,start    ] GC(71) Pause Young (Normal) (G1 Evacuation Pause)
[2025-03-19T13:35:10.765+0000][93.108s][info ][gc,task     ] GC(71) Using 4 workers of 4 for evacuation
[2025-03-19T13:35:10.826+0000][93.169s][info ][gc,phases   ] GC(71)   Pre Evacuate Collection Set: 0.2ms
[2025-03-19T13:35:10.826+0000][93.169s][info ][gc,phases   ] GC(71)   Merge Heap Roots: 0.6ms
[2025-03-19T13:35:10.826+0000][93.169s][info ][gc,phases   ] GC(71)   Evacuate Collection Set: 56.8ms
[2025-03-19T13:35:10.826+0000][93.169s][info ][gc,phases   ] GC(71)   Post Evacuate Collection Set: 3.3ms
[2025-03-19T13:35:10.826+0000][93.169s][info ][gc,phases   ] GC(71)   Other: 0.2ms
[2025-03-19T13:35:10.826+0000][93.169s][info ][gc,heap     ] GC(71) Eden regions: 281->0(276)
[2025-03-19T13:35:10.826+0000][93.169s][info ][gc,heap     ] GC(71) Survivor regions: 28->27(39)
[2025-03-19T13:35:10.826+0000][93.169s][info ][gc,heap     ] GC(71) Old regions: 150->157
[2025-03-19T13:35:10.826+0000][93.169s][info ][gc,heap     ] GC(71) Archive regions: 2->2
[2025-03-19T13:35:10.826+0000][93.169s][info ][gc,heap     ] GC(71) Humongous regions: 9->2
[2025-03-19T13:35:10.826+0000][93.169s][info ][gc,metaspace] GC(71) Metaspace: 186484K(187776K)->186484K(187776K) NonClass: 163570K(164224K)->163570K(164224K) Class: 22913K(23552K)->22913K(23552K)
[2025-03-19T13:35:10.826+0000][93.169s][info ][gc          ] GC(71) Pause Young (Normal) (G1 Evacuation Pause) 467M->185M(546M) 61.122ms
[2025-03-19T13:35:10.826+0000][93.169s][info ][gc,cpu      ] GC(71) User=0.15s Sys=0.00s Real=0.06s
[2025-03-19T13:35:10.827+0000][93.169s][info ][safepoint   ] Safepoint "G1CollectForAllocation", Time since last: 332148494 ns, Reaching safepoint: 667067 ns, Cleanup: 89375 ns, At safepoint: 61556291 ns, Total: 62312733 ns
[2025-03-19T13:35:11.827+0000][94.169s][debug][safepoint   ] Safepoint synchronization initiated using futex wait barrier. (232 threads)
[2025-03-19T13:35:11.827+0000][94.169s][debug][safepoint   ] ... found polling page loop exception at pc = 0x0000769fe51be6d0, stub =0x0000769fe498f400
[2025-03-19T13:35:11.827+0000][94.170s][info ][safepoint   ] Safepoint "Cleanup", Time since last: 1000101949 ns, Reaching safepoint: 335092 ns, Cleanup: 84482 ns, At safepoint: 10621 ns, Total: 430195 ns
[2025-03-19T13:35:12.827+0000][95.170s][debug][safepoint   ] Safepoint synchronization initiated using futex wait barrier. (234 threads)
[2025-03-19T13:35:12.828+0000][95.170s][info ][safepoint   ] Safepoint "Cleanup", Time since last: 1000195086 ns, Reaching safepoint: 80204 ns, Cleanup: 140426 ns, At safepoint: 10268 ns, Total: 230898 ns
[2025-03-19T13:35:13.104+0000][95.447s][debug][safepoint   ] Safepoint synchronization initiated using futex wait barrier. (234 threads)
[2025-03-19T13:35:13.105+0000][95.447s][info ][gc,start    ] GC(72) Pause Young (Concurrent Start) (Metadata GC Threshold)
[2025-03-19T13:35:13.105+0000][95.447s][info ][gc,task     ] GC(72) Using 4 workers of 4 for evacuation
[2025-03-19T13:35:13.151+0000][95.494s][info ][gc,phases   ] GC(72)   Pre Evacuate Collection Set: 0.4ms
[2025-03-19T13:35:13.151+0000][95.494s][info ][gc,phases   ] GC(72)   Merge Heap Roots: 0.2ms
[2025-03-19T13:35:13.151+0000][95.494s][info ][gc,phases   ] GC(72)   Evacuate Collection Set: 42.2ms
[2025-03-19T13:35:13.151+0000][95.494s][info ][gc,phases   ] GC(72)   Post Evacuate Collection Set: 3.3ms
[2025-03-19T13:35:13.151+0000][95.494s][info ][gc,phases   ] GC(72)   Other: 0.2ms
[2025-03-19T13:35:13.151+0000][95.494s][info ][gc,heap     ] GC(72) Eden regions: 121->0(276)
[2025-03-19T13:35:13.151+0000][95.494s][info ][gc,heap     ] GC(72) Survivor regions: 27->23(38)
[2025-03-19T13:35:13.151+0000][95.494s][info ][gc,heap     ] GC(72) Old regions: 157->165
[2025-03-19T13:35:13.151+0000][95.494s][info ][gc,heap     ] GC(72) Archive regions: 2->2
[2025-03-19T13:35:13.151+0000][95.494s][info ][gc,heap     ] GC(72) Humongous regions: 10->2
[2025-03-19T13:35:13.151+0000][95.494s][info ][gc,metaspace] GC(72) Metaspace: 187451K(188736K)->187451K(188736K) NonClass: 164448K(165120K)->164448K(165120K) Class: 23002K(23616K)->23002K(23616K)
[2025-03-19T13:35:13.151+0000][95.494s][info ][gc          ] GC(72) Pause Young (Concurrent Start) (Metadata GC Threshold) 314M->189M(546M) 46.362ms
[2025-03-19T13:35:13.151+0000][95.494s][info ][gc,cpu      ] GC(72) User=0.10s Sys=0.01s Real=0.05s
[2025-03-19T13:35:13.151+0000][95.494s][info ][gc          ] GC(73) Concurrent Mark Cycle
[2025-03-19T13:35:13.151+0000][95.494s][info ][gc,marking  ] GC(73) Concurrent Clear Claimed Marks
[2025-03-19T13:35:13.152+0000][95.495s][info ][safepoint   ] Safepoint "CollectForMetadataAllocation", Time since last: 276974833 ns, Reaching safepoint: 239189 ns, Cleanup: 74359 ns, At safepoint: 47588686 ns, Total: 47902234 ns
[2025-03-19T13:35:13.153+0000][95.495s][info ][gc,marking  ] GC(73) Concurrent Clear Claimed Marks 1.297ms
[2025-03-19T13:35:13.153+0000][95.495s][info ][gc,marking  ] GC(73) Concurrent Scan Root Regions
[2025-03-19T13:35:13.259+0000][95.601s][info ][gc,marking  ] GC(73) Concurrent Scan Root Regions 106.204ms
[2025-03-19T13:35:13.259+0000][95.601s][info ][gc,marking  ] GC(73) Concurrent Mark
[2025-03-19T13:35:13.259+0000][95.601s][info ][gc,marking  ] GC(73) Concurrent Mark From Roots
[2025-03-19T13:35:13.259+0000][95.601s][info ][gc,task     ] GC(73) Using 1 workers of 1 for marking
[2025-03-19T13:35:13.458+0000][95.801s][debug][safepoint   ] Safepoint synchronization initiated using futex wait barrier. (235 threads)
[2025-03-19T13:35:13.458+0000][95.801s][info ][safepoint   ] Safepoint "CollectForMetadataAllocation", Time since last: 305867121 ns, Reaching safepoint: 135673 ns, Cleanup: 61890 ns, At safepoint: 52817 ns, Total: 250380 ns
[2025-03-19T13:35:13.681+0000][96.023s][info ][gc,marking  ] GC(73) Concurrent Mark From Roots 421.667ms
[2025-03-19T13:35:13.681+0000][96.023s][info ][gc,marking  ] GC(73) Concurrent Preclean
[2025-03-19T13:35:13.681+0000][96.024s][info ][gc,marking  ] GC(73) Concurrent Preclean 0.340ms
[2025-03-19T13:35:13.682+0000][96.024s][debug][safepoint   ] Safepoint synchronization initiated using futex wait barrier. (238 threads)
[2025-03-19T13:35:13.683+0000][96.025s][info ][gc,start    ] GC(73) Pause Remark
[2025-03-19T13:35:13.771+0000][96.114s][info ][gc          ] GC(73) Pause Remark 229M->227M(546M) 88.250ms
[2025-03-19T13:35:13.771+0000][96.114s][info ][gc,cpu      ] GC(73) User=0.08s Sys=0.00s Real=0.09s
[2025-03-19T13:35:13.774+0000][96.116s][info ][safepoint   ] Safepoint "G1PauseRemark", Time since last: 223382749 ns, Reaching safepoint: 864610 ns, Cleanup: 80917 ns, At safepoint: 91018606 ns, Total: 91964133 ns
[2025-03-19T13:35:13.774+0000][96.116s][info ][gc,marking  ] GC(73) Concurrent Mark 515.009ms
[2025-03-19T13:35:13.774+0000][96.116s][info ][gc,marking  ] GC(73) Concurrent Rebuild Remembered Sets
[2025-03-19T13:35:14.004+0000][96.347s][info ][gc,marking  ] GC(73) Concurrent Rebuild Remembered Sets 230.117ms
[2025-03-19T13:35:14.004+0000][96.347s][debug][safepoint   ] Safepoint synchronization initiated using futex wait barrier. (238 threads)
[2025-03-19T13:35:14.026+0000][96.369s][info ][gc,start    ] GC(73) Pause Cleanup
[2025-03-19T13:35:14.027+0000][96.369s][info ][gc          ] GC(73) Pause Cleanup 227M->227M(546M) 0.298ms
[2025-03-19T13:35:14.027+0000][96.369s][info ][gc,cpu      ] GC(73) User=0.00s Sys=0.00s Real=0.00s
[2025-03-19T13:35:14.027+0000][96.370s][info ][safepoint   ] Safepoint "G1PauseCleanup", Time since last: 230251036 ns, Reaching safepoint: 22299423 ns, Cleanup: 23804 ns, At safepoint: 660514 ns, Total: 22983741 ns
[2025-03-19T13:35:14.027+0000][96.370s][info ][gc,marking  ] GC(73) Concurrent Cleanup for Next Mark
[2025-03-19T13:35:14.034+0000][96.377s][info ][gc,marking  ] GC(73) Concurrent Cleanup for Next Mark 7.103ms
[2025-03-19T13:35:14.034+0000][96.377s][info ][gc          ] GC(73) Concurrent Mark Cycle 883.033ms
[2025-03-19T13:35:15.931+0000][98.273s][debug][safepoint   ] Safepoint synchronization initiated using futex wait barrier. (239 threads)
[2025-03-19T13:35:15.931+0000][98.273s][info ][safepoint   ] Safepoint "Cleanup", Time since last: 1903452051 ns, Reaching safepoint: 59297 ns, Cleanup: 116089 ns, At safepoint: 3544 ns, Total: 178930 ns
[2025-03-19T13:35:27.932+0000][110.274s][debug][safepoint   ] Safepoint synchronization initiated using futex wait barrier. (239 threads)
[2025-03-19T13:35:27.932+0000][110.274s][info ][safepoint   ] Safepoint "Cleanup", Time since last: 12001046581 ns, Reaching safepoint: 78965 ns, Cleanup: 13829 ns, At safepoint: 4255 ns, Total: 97049 ns
[2025-03-19T13:35:28.304+0000][110.646s][debug][safepoint   ] ... found polling page loop exception at pc = 0x0000769fe51be82d, stub =0x0000769fe498f400
[2025-03-19T13:35:29.314+0000][111.656s][debug][safepoint   ] Safepoint synchronization initiated using futex wait barrier. (239 threads)
[2025-03-19T13:35:29.314+0000][111.657s][info ][safepoint   ] Safepoint "Cleanup", Time since last: 1382056516 ns, Reaching safepoint: 62763 ns, Cleanup: 90376 ns, At safepoint: 4242 ns, Total: 157381 ns
[2025-03-19T13:35:30.314+0000][112.657s][debug][safepoint   ] Safepoint synchronization initiated using futex wait barrier. (239 threads)
[2025-03-19T13:35:30.314+0000][112.657s][info ][safepoint   ] Safepoint "Cleanup", Time since last: 1000084718 ns, Reaching safepoint: 77200 ns, Cleanup: 53207 ns, At safepoint: 3988 ns, Total: 134395 ns
[2025-03-19T13:35:31.315+0000][113.658s][debug][safepoint   ] Safepoint synchronization initiated using futex wait barrier. (239 threads)
[2025-03-19T13:35:31.315+0000][113.658s][info ][safepoint   ] Safepoint "Cleanup", Time since last: 1000980189 ns, Reaching safepoint: 68863 ns, Cleanup: 14290 ns, At safepoint: 3860 ns, Total: 87013 ns
[2025-03-19T13:35:32.316+0000][114.658s][debug][safepoint   ] Safepoint synchronization initiated using futex wait barrier. (239 threads)
[2025-03-19T13:35:32.316+0000][114.659s][info ][safepoint   ] Safepoint "Cleanup", Time since last: 1000556484 ns, Reaching safepoint: 83642 ns, Cleanup: 55277 ns, At safepoint: 4203 ns, Total: 143122 ns
[2025-03-19T13:35:33.316+0000][115.659s][debug][safepoint   ] Safepoint synchronization initiated using futex wait barrier. (239 threads)
[2025-03-19T13:35:33.316+0000][115.659s][info ][safepoint   ] Safepoint "Cleanup", Time since last: 1000040727 ns, Reaching safepoint: 63582 ns, Cleanup: 24098 ns, At safepoint: 4123 ns, Total: 91803 ns
[2025-03-19T13:35:37.316+0000][119.659s][debug][safepoint   ] Safepoint synchronization initiated using futex wait barrier. (239 threads)
[2025-03-19T13:35:37.316+0000][119.659s][info ][safepoint   ] Safepoint "Cleanup", Time since last: 4000132688 ns, Reaching safepoint: 62934 ns, Cleanup: 14987 ns, At safepoint: 4175 ns, Total: 82096 ns
[2025-03-19T13:35:39.874+0000][122.217s][debug][safepoint   ] Safepoint synchronization initiated using futex wait barrier. (239 threads)
[2025-03-19T13:35:39.874+0000][122.217s][info ][safepoint   ] Safepoint "Cleanup", Time since last: 2557976344 ns, Reaching safepoint: 78544 ns, Cleanup: 14557 ns, At safepoint: 3823 ns, Total: 96924 ns
[2025-03-19T13:35:40.875+0000][123.217s][debug][safepoint   ] Safepoint synchronization initiated using futex wait barrier. (239 threads)
[2025-03-19T13:35:40.875+0000][123.217s][info ][safepoint   ] Safepoint "Cleanup", Time since last: 1000097523 ns, Reaching safepoint: 89903 ns, Cleanup: 24734 ns, At safepoint: 4548 ns, Total: 119185 ns
[2025-03-19T13:35:46.875+0000][129.218s][debug][safepoint   ] Safepoint synchronization initiated using futex wait barrier. (239 threads)
[2025-03-19T13:35:46.875+0000][129.218s][info ][safepoint   ] Safepoint "Cleanup", Time since last: 6000355603 ns, Reaching safepoint: 97123 ns, Cleanup: 43553 ns, At safepoint: 5267 ns, Total: 145943 ns
[2025-03-19T13:35:47.875+0000][130.218s][debug][safepoint   ] Safepoint synchronization initiated using futex wait barrier. (236 threads)
[2025-03-19T13:35:47.875+0000][130.218s][info ][safepoint   ] Safepoint "Cleanup", Time since last: 1000046806 ns, Reaching safepoint: 64111 ns, Cleanup: 13827 ns, At safepoint: 4069 ns, Total: 82007 ns
[2025-03-19T13:35:48.875+0000][131.218s][debug][safepoint   ] Safepoint synchronization initiated using futex wait barrier. (235 threads)
[2025-03-19T13:35:48.875+0000][131.218s][info ][safepoint   ] Safepoint "Cleanup", Time since last: 1000045507 ns, Reaching safepoint: 85218 ns, Cleanup: 12203 ns, At safepoint: 4640 ns, Total: 102061 ns
[2025-03-19T13:35:49.876+0000][132.218s][debug][safepoint   ] Safepoint synchronization initiated using futex wait barrier. (234 threads)
[2025-03-19T13:35:49.876+0000][132.218s][info ][safepoint   ] Safepoint "Cleanup", Time since last: 1000071872 ns, Reaching safepoint: 61189 ns, Cleanup: 11439 ns, At safepoint: 3361 ns, Total: 75989 ns
[2025-03-19T13:35:51.876+0000][134.218s][debug][safepoint   ] Safepoint synchronization initiated using futex wait barrier. (233 threads)
[2025-03-19T13:35:51.876+0000][134.218s][info ][safepoint   ] Safepoint "Cleanup", Time since last: 2000096116 ns, Reaching safepoint: 62684 ns, Cleanup: 15646 ns, At safepoint: 4162 ns, Total: 82492 ns
[2025-03-19T13:35:53.876+0000][136.218s][debug][safepoint   ] Safepoint synchronization initiated using futex wait barrier. (232 threads)
[2025-03-19T13:35:53.876+0000][136.219s][info ][safepoint   ] Safepoint "Cleanup", Time since last: 2000108477 ns, Reaching safepoint: 61321 ns, Cleanup: 11381 ns, At safepoint: 4350 ns, Total: 77052 ns
[2025-03-19T13:35:55.876+0000][138.219s][debug][safepoint   ] Safepoint synchronization initiated using futex wait barrier. (233 threads)
[2025-03-19T13:35:55.876+0000][138.219s][info ][safepoint   ] Safepoint "Cleanup", Time since last: 2000095428 ns, Reaching safepoint: 77514 ns, Cleanup: 41819 ns, At safepoint: 3851 ns, Total: 123184 ns
[2025-03-19T13:35:56.876+0000][139.219s][debug][safepoint   ] Safepoint synchronization initiated using futex wait barrier. (233 threads)
[2025-03-19T13:35:56.876+0000][139.219s][info ][safepoint   ] Safepoint "Cleanup", Time since last: 1000054014 ns, Reaching safepoint: 63462 ns, Cleanup: 24026 ns, At safepoint: 3256 ns, Total: 90744 ns
[2025-03-19T13:35:58.876+0000][141.219s][debug][safepoint   ] Safepoint synchronization initiated using futex wait barrier. (234 threads)
[2025-03-19T13:35:58.877+0000][141.219s][info ][safepoint   ] Safepoint "Cleanup", Time since last: 2000077850 ns, Reaching safepoint: 97598 ns, Cleanup: 76342 ns, At safepoint: 5176 ns, Total: 179116 ns
[2025-03-19T13:35:59.877+0000][142.219s][debug][safepoint   ] Safepoint synchronization initiated using futex wait barrier. (234 threads)
[2025-03-19T13:35:59.877+0000][142.219s][info ][safepoint   ] Safepoint "Cleanup", Time since last: 1000042551 ns, Reaching safepoint: 62473 ns, Cleanup: 18361 ns, At safepoint: 3742 ns, Total: 84576 ns
[2025-03-19T13:36:00.877+0000][143.219s][debug][safepoint   ] Safepoint synchronization initiated using futex wait barrier. (234 threads)
[2025-03-19T13:36:00.877+0000][143.219s][info ][safepoint   ] Safepoint "Cleanup", Time since last: 1000035874 ns, Reaching safepoint: 67679 ns, Cleanup: 17507 ns, At safepoint: 3796 ns, Total: 88982 ns
[2025-03-19T13:36:01.877+0000][144.219s][debug][safepoint   ] Safepoint synchronization initiated using futex wait barrier. (234 threads)
[2025-03-19T13:36:01.877+0000][144.220s][info ][safepoint   ] Safepoint "Cleanup", Time since last: 1000051869 ns, Reaching safepoint: 62270 ns, Cleanup: 15973 ns, At safepoint: 3623 ns, Total: 81866 ns
[2025-03-19T13:36:02.877+0000][145.220s][debug][safepoint   ] Safepoint synchronization initiated using futex wait barrier. (234 threads)
[2025-03-19T13:36:02.877+0000][145.220s][info ][safepoint   ] Safepoint "Cleanup", Time since last: 1000074694 ns, Reaching safepoint: 62898 ns, Cleanup: 13319 ns, At safepoint: 3402 ns, Total: 79619 ns
[2025-03-19T13:36:03.877+0000][146.220s][debug][safepoint   ] Safepoint synchronization initiated using futex wait barrier. (234 threads)
[2025-03-19T13:36:03.877+0000][146.220s][info ][safepoint   ] Safepoint "Cleanup", Time since last: 1000061439 ns, Reaching safepoint: 63041 ns, Cleanup: 12721 ns, At safepoint: 4100 ns, Total: 79862 ns
[2025-03-19T13:36:05.877+0000][148.220s][debug][safepoint   ] Safepoint synchronization initiated using futex wait barrier. (234 threads)
[2025-03-19T13:36:05.878+0000][148.220s][info ][safepoint   ] Safepoint "Cleanup", Time since last: 2000129621 ns, Reaching safepoint: 77981 ns, Cleanup: 15287 ns, At safepoint: 3605 ns, Total: 96873 ns
[2025-03-19T13:36:06.878+0000][149.220s][debug][safepoint   ] Safepoint synchronization initiated using futex wait barrier. (234 threads)
[2025-03-19T13:36:06.878+0000][149.220s][info ][safepoint   ] Safepoint "Cleanup", Time since last: 1000072857 ns, Reaching safepoint: 70692 ns, Cleanup: 31837 ns, At safepoint: 3804 ns, Total: 106333 ns
[2025-03-19T13:36:08.879+0000][151.221s][debug][safepoint   ] Safepoint synchronization initiated using futex wait barrier. (234 threads)
[2025-03-19T13:36:08.879+0000][151.221s][info ][safepoint   ] Safepoint "Cleanup", Time since last: 2000870745 ns, Reaching safepoint: 73763 ns, Cleanup: 42870 ns, At safepoint: 4007 ns, Total: 120640 ns
[2025-03-19T13:36:09.879+0000][152.221s][debug][safepoint   ] Safepoint synchronization initiated using futex wait barrier. (234 threads)
[2025-03-19T13:36:09.879+0000][152.221s][info ][safepoint   ] Safepoint "Cleanup", Time since last: 1000067780 ns, Reaching safepoint: 62163 ns, Cleanup: 25178 ns, At safepoint: 4061 ns, Total: 91402 ns
[2025-03-19T13:36:10.879+0000][153.221s][debug][safepoint   ] Safepoint synchronization initiated using futex wait barrier. (234 threads)
[2025-03-19T13:36:10.879+0000][153.222s][info ][safepoint   ] Safepoint "Cleanup", Time since last: 1000068346 ns, Reaching safepoint: 54313 ns, Cleanup: 14787 ns, At safepoint: 3087 ns, Total: 72187 ns
[2025-03-19T13:36:14.879+0000][157.222s][debug][safepoint   ] Safepoint synchronization initiated using futex wait barrier. (234 threads)
[2025-03-19T13:36:14.879+0000][157.222s][info ][safepoint   ] Safepoint "Cleanup", Time since last: 4000226615 ns, Reaching safepoint: 73714 ns, Cleanup: 42894 ns, At safepoint: 10678 ns, Total: 127286 ns
[2025-03-19T13:36:16.879+0000][159.222s][debug][safepoint   ] Safepoint synchronization initiated using futex wait barrier. (234 threads)
[2025-03-19T13:36:16.880+0000][159.222s][info ][safepoint   ] Safepoint "Cleanup", Time since last: 2000144402 ns, Reaching safepoint: 77760 ns, Cleanup: 14182 ns, At safepoint: 32522 ns, Total: 124464 ns
[2025-03-19T13:36:18.880+0000][161.222s][debug][safepoint   ] Safepoint synchronization initiated using futex wait barrier. (234 threads)
[2025-03-19T13:36:18.880+0000][161.222s][info ][safepoint   ] Safepoint "Cleanup", Time since last: 2000087746 ns, Reaching safepoint: 66167 ns, Cleanup: 15256 ns, At safepoint: 3942 ns, Total: 85365 ns
[2025-03-19T13:36:20.880+0000][163.222s][debug][safepoint   ] Safepoint synchronization initiated using futex wait barrier. (234 threads)
[2025-03-19T13:36:20.880+0000][163.223s][info ][safepoint   ] Safepoint "Cleanup", Time since last: 2000139255 ns, Reaching safepoint: 75426 ns, Cleanup: 12713 ns, At safepoint: 4529 ns, Total: 92668 ns
[2025-03-19T13:36:25.880+0000][168.223s][debug][safepoint   ] Safepoint synchronization initiated using futex wait barrier. (234 threads)
[2025-03-19T13:36:25.880+0000][168.223s][info ][safepoint   ] Safepoint "Cleanup", Time since last: 5000253552 ns, Reaching safepoint: 82759 ns, Cleanup: 13290 ns, At safepoint: 4754 ns, Total: 100803 ns
[2025-03-19T13:36:28.880+0000][171.223s][debug][safepoint   ] Safepoint synchronization initiated using futex wait barrier. (234 threads)
[2025-03-19T13:36:28.881+0000][171.223s][info ][safepoint   ] Safepoint "Cleanup", Time since last: 3000115945 ns, Reaching safepoint: 62610 ns, Cleanup: 17483 ns, At safepoint: 3703 ns, Total: 83796 ns
[2025-03-19T13:36:31.881+0000][174.223s][debug][safepoint   ] Safepoint synchronization initiated using futex wait barrier. (234 threads)
[2025-03-19T13:36:31.881+0000][174.223s][info ][safepoint   ] Safepoint "Cleanup", Time since last: 3000143235 ns, Reaching safepoint: 67984 ns, Cleanup: 12795 ns, At safepoint: 4428 ns, Total: 85207 ns
[2025-03-19T13:36:33.881+0000][176.223s][debug][safepoint   ] Safepoint synchronization initiated using futex wait barrier. (234 threads)
[2025-03-19T13:36:33.881+0000][176.224s][info ][safepoint   ] Safepoint "Cleanup", Time since last: 2000125392 ns, Reaching safepoint: 87851 ns, Cleanup: 18974 ns, At safepoint: 4594 ns, Total: 111419 ns
[2025-03-19T13:36:34.881+0000][177.224s][debug][safepoint   ] Safepoint synchronization initiated using futex wait barrier. (234 threads)
[2025-03-19T13:36:34.881+0000][177.224s][info ][safepoint   ] Safepoint "Cleanup", Time since last: 1000054000 ns, Reaching safepoint: 57608 ns, Cleanup: 17117 ns, At safepoint: 3196 ns, Total: 77921 ns
[2025-03-19T13:36:36.881+0000][179.224s][debug][safepoint   ] Safepoint synchronization initiated using futex wait barrier. (234 threads)
[2025-03-19T13:36:36.881+0000][179.224s][info ][safepoint   ] Safepoint "Cleanup", Time since last: 2000136145 ns, Reaching safepoint: 65708 ns, Cleanup: 14245 ns, At safepoint: 3697 ns, Total: 83650 ns
[2025-03-19T13:36:38.894+0000][181.237s][debug][safepoint   ] Safepoint synchronization initiated using futex wait barrier. (234 threads)
[2025-03-19T13:36:38.895+0000][181.237s][info ][safepoint   ] Safepoint "Cleanup", Time since last: 2013062585 ns, Reaching safepoint: 56369 ns, Cleanup: 20392 ns, At safepoint: 3323 ns, Total: 80084 ns
[2025-03-19T13:36:40.895+0000][183.237s][debug][safepoint   ] Safepoint synchronization initiated using futex wait barrier. (234 threads)
[2025-03-19T13:36:40.895+0000][183.237s][info ][safepoint   ] Safepoint "Cleanup", Time since last: 2000141437 ns, Reaching safepoint: 116894 ns, Cleanup: 23880 ns, At safepoint: 15072 ns, Total: 155846 ns
[2025-03-19T13:36:43.895+0000][186.238s][debug][safepoint   ] Safepoint synchronization initiated using futex wait barrier. (234 threads)
[2025-03-19T13:36:43.895+0000][186.238s][info ][safepoint   ] Safepoint "Cleanup", Time since last: 3000204560 ns, Reaching safepoint: 70143 ns, Cleanup: 21152 ns, At safepoint: 4780 ns, Total: 96075 ns
[2025-03-19T13:36:46.895+0000][189.238s][debug][safepoint   ] Safepoint synchronization initiated using futex wait barrier. (234 threads)
[2025-03-19T13:36:46.895+0000][189.238s][info ][safepoint   ] Safepoint "Cleanup", Time since last: 3000114818 ns, Reaching safepoint: 67605 ns, Cleanup: 27196 ns, At safepoint: 4388 ns, Total: 99189 ns
[2025-03-19T13:36:47.567+0000][189.910s][debug][safepoint   ] Safepoint synchronization initiated using futex wait barrier. (233 threads)
[2025-03-19T13:36:47.567+0000][189.910s][info ][gc,start    ] GC(74) Pause Young (Prepare Mixed) (G1 Evacuation Pause)
[2025-03-19T13:36:47.568+0000][189.910s][info ][gc,task     ] GC(74) Using 4 workers of 4 for evacuation
[2025-03-19T13:36:47.606+0000][189.948s][info ][gc,phases   ] GC(74)   Pre Evacuate Collection Set: 0.1ms
[2025-03-19T13:36:47.606+0000][189.948s][info ][gc,phases   ] GC(74)   Merge Heap Roots: 0.3ms
[2025-03-19T13:36:47.606+0000][189.948s][info ][gc,phases   ] GC(74)   Evacuate Collection Set: 33.0ms
[2025-03-19T13:36:47.606+0000][189.948s][info ][gc,phases   ] GC(74)   Post Evacuate Collection Set: 4.5ms
[2025-03-19T13:36:47.606+0000][189.948s][info ][gc,phases   ] GC(74)   Other: 0.2ms
[2025-03-19T13:36:47.606+0000][189.948s][info ][gc,heap     ] GC(74) Eden regions: 276->0(2)
[2025-03-19T13:36:47.606+0000][189.948s][info ][gc,heap     ] GC(74) Survivor regions: 23->25(38)
[2025-03-19T13:36:47.606+0000][189.948s][info ][gc,heap     ] GC(74) Old regions: 165->167
[2025-03-19T13:36:47.606+0000][189.948s][info ][gc,heap     ] GC(74) Archive regions: 2->2
[2025-03-19T13:36:47.606+0000][189.948s][info ][gc,heap     ] GC(74) Humongous regions: 0->0
[2025-03-19T13:36:47.606+0000][189.948s][info ][gc,metaspace] GC(74) Metaspace: 189414K(190848K)->189414K(190848K) NonClass: 166218K(166976K)->166218K(166976K) Class: 23195K(23872K)->23195K(23872K)
[2025-03-19T13:36:47.606+0000][189.948s][info ][gc          ] GC(74) Pause Young (Prepare Mixed) (G1 Evacuation Pause) 463M->192M(546M) 38.208ms
[2025-03-19T13:36:47.606+0000][189.948s][info ][gc,cpu      ] GC(74) User=0.10s Sys=0.00s Real=0.04s
[2025-03-19T13:36:47.608+0000][189.951s][info ][safepoint   ] Safepoint "G1CollectForAllocation", Time since last: 672043941 ns, Reaching safepoint: 67836 ns, Cleanup: 4716 ns, At safepoint: 41019982 ns, Total: 41092534 ns
[2025-03-19T13:36:48.609+0000][190.951s][debug][safepoint   ] Safepoint synchronization initiated using futex wait barrier. (233 threads)
[2025-03-19T13:36:48.609+0000][190.951s][info ][safepoint   ] Safepoint "Cleanup", Time since last: 1000071053 ns, Reaching safepoint: 57795 ns, Cleanup: 18572 ns, At safepoint: 3267 ns, Total: 79634 ns
[2025-03-19T13:36:48.634+0000][190.976s][debug][safepoint   ] Safepoint synchronization initiated using futex wait barrier. (233 threads)
[2025-03-19T13:36:48.634+0000][190.976s][info ][gc,start    ] GC(75) Pause Young (Mixed) (G1 Evacuation Pause)
[2025-03-19T13:36:48.634+0000][190.976s][info ][gc,task     ] GC(75) Using 4 workers of 4 for evacuation
[2025-03-19T13:36:48.669+0000][191.011s][info ][gc,phases   ] GC(75)   Pre Evacuate Collection Set: 0.1ms
[2025-03-19T13:36:48.669+0000][191.011s][info ][gc,phases   ] GC(75)   Merge Heap Roots: 2.1ms
[2025-03-19T13:36:48.669+0000][191.011s][info ][gc,phases   ] GC(75)   Evacuate Collection Set: 30.2ms
[2025-03-19T13:36:48.669+0000][191.011s][info ][gc,phases   ] GC(75)   Post Evacuate Collection Set: 2.4ms
[2025-03-19T13:36:48.669+0000][191.011s][info ][gc,phases   ] GC(75)   Other: 0.1ms
[2025-03-19T13:36:48.669+0000][191.011s][info ][gc,heap     ] GC(75) Eden regions: 2->0(286)
[2025-03-19T13:36:48.669+0000][191.011s][info ][gc,heap     ] GC(75) Survivor regions: 25->2(4)
[2025-03-19T13:36:48.669+0000][191.011s][info ][gc,heap     ] GC(75) Old regions: 167->179
[2025-03-19T13:36:48.669+0000][191.011s][info ][gc,heap     ] GC(75) Archive regions: 2->2
[2025-03-19T13:36:48.669+0000][191.011s][info ][gc,heap     ] GC(75) Humongous regions: 0->0
[2025-03-19T13:36:48.669+0000][191.011s][info ][gc,metaspace] GC(75) Metaspace: 189433K(190848K)->189433K(190848K) NonClass: 166235K(166976K)->166235K(166976K) Class: 23198K(23872K)->23198K(23872K)
[2025-03-19T13:36:48.669+0000][191.011s][info ][gc          ] GC(75) Pause Young (Mixed) (G1 Evacuation Pause) 194M->181M(546M) 35.141ms
[2025-03-19T13:36:48.669+0000][191.011s][info ][gc,cpu      ] GC(75) User=0.10s Sys=0.00s Real=0.03s
[2025-03-19T13:36:48.669+0000][191.012s][info ][safepoint   ] Safepoint "G1CollectForAllocation", Time since last: 24894524 ns, Reaching safepoint: 65417 ns, Cleanup: 4559 ns, At safepoint: 35884483 ns, Total: 35954459 ns
[2025-03-19T13:36:49.670+0000][192.012s][debug][safepoint   ] Safepoint synchronization initiated using futex wait barrier. (233 threads)
[2025-03-19T13:36:49.670+0000][192.012s][info ][safepoint   ] Safepoint "Cleanup", Time since last: 1000069661 ns, Reaching safepoint: 64355 ns, Cleanup: 14007 ns, At safepoint: 3981 ns, Total: 82343 ns
[2025-03-19T13:36:52.670+0000][195.012s][debug][safepoint   ] Safepoint synchronization initiated using futex wait barrier. (232 threads)
[2025-03-19T13:36:52.670+0000][195.013s][info ][safepoint   ] Safepoint "Cleanup", Time since last: 3000229732 ns, Reaching safepoint: 60770 ns, Cleanup: 13573 ns, At safepoint: 4294 ns, Total: 78637 ns
[2025-03-19T13:36:53.670+0000][196.013s][debug][safepoint   ] Safepoint synchronization initiated using futex wait barrier. (232 threads)
[2025-03-19T13:36:53.670+0000][196.013s][info ][safepoint   ] Safepoint "Cleanup", Time since last: 1000090783 ns, Reaching safepoint: 97746 ns, Cleanup: 35036 ns, At safepoint: 3990 ns, Total: 136772 ns
[2025-03-19T13:36:56.670+0000][199.013s][debug][safepoint   ] Safepoint synchronization initiated using futex wait barrier. (232 threads)
[2025-03-19T13:36:56.670+0000][199.013s][info ][safepoint   ] Safepoint "Cleanup", Time since last: 3000166978 ns, Reaching safepoint: 73735 ns, Cleanup: 30903 ns, At safepoint: 5062 ns, Total: 109700 ns
[2025-03-19T13:36:57.671+0000][200.013s][debug][safepoint   ] Safepoint synchronization initiated using futex wait barrier. (232 threads)
[2025-03-19T13:36:57.671+0000][200.013s][info ][safepoint   ] Safepoint "Cleanup", Time since last: 1000078843 ns, Reaching safepoint: 70523 ns, Cleanup: 11844 ns, At safepoint: 3626 ns, Total: 85993 ns
[2025-03-19T13:36:58.671+0000][201.013s][debug][safepoint   ] Safepoint synchronization initiated using futex wait barrier. (227 threads)
[2025-03-19T13:36:58.671+0000][201.013s][info ][safepoint   ] Safepoint "Cleanup", Time since last: 1000103632 ns, Reaching safepoint: 70708 ns, Cleanup: 19264 ns, At safepoint: 3996 ns, Total: 93968 ns
[2025-03-19T13:36:59.671+0000][202.013s][debug][safepoint   ] Safepoint synchronization initiated using futex wait barrier. (227 threads)
[2025-03-19T13:36:59.671+0000][202.014s][info ][safepoint   ] Safepoint "Cleanup", Time since last: 1000052011 ns, Reaching safepoint: 61886 ns, Cleanup: 18692 ns, At safepoint: 4598 ns, Total: 85176 ns
[2025-03-19T13:37:01.671+0000][204.014s][debug][safepoint   ] Safepoint synchronization initiated using futex wait barrier. (226 threads)
[2025-03-19T13:37:01.671+0000][204.014s][info ][safepoint   ] Safepoint "Cleanup", Time since last: 2000146943 ns, Reaching safepoint: 65154 ns, Cleanup: 15158 ns, At safepoint: 3873 ns, Total: 84185 ns
[2025-03-19T13:37:03.671+0000][206.014s][debug][safepoint   ] Safepoint synchronization initiated using futex wait barrier. (226 threads)
[2025-03-19T13:37:03.671+0000][206.014s][info ][safepoint   ] Safepoint "Cleanup", Time since last: 2000132288 ns, Reaching safepoint: 60038 ns, Cleanup: 13765 ns, At safepoint: 4918 ns, Total: 78721 ns
[2025-03-19T13:37:04.672+0000][207.015s][debug][safepoint   ] Safepoint synchronization initiated using futex wait barrier. (226 threads)
[2025-03-19T13:37:04.672+0000][207.015s][info ][safepoint   ] Safepoint "Cleanup", Time since last: 1000584658 ns, Reaching safepoint: 61931 ns, Cleanup: 14513 ns, At safepoint: 4085 ns, Total: 80529 ns
[2025-03-19T13:37:06.672+0000][209.015s][debug][safepoint   ] Safepoint synchronization initiated using futex wait barrier. (226 threads)
[2025-03-19T13:37:06.672+0000][209.015s][info ][safepoint   ] Safepoint "Cleanup", Time since last: 2000101126 ns, Reaching safepoint: 64908 ns, Cleanup: 14518 ns, At safepoint: 3481 ns, Total: 82907 ns
[2025-03-19T13:37:08.672+0000][211.015s][debug][safepoint   ] Safepoint synchronization initiated using futex wait barrier. (226 threads)
[2025-03-19T13:37:08.672+0000][211.015s][info ][safepoint   ] Safepoint "Cleanup", Time since last: 2000110377 ns, Reaching safepoint: 63383 ns, Cleanup: 13951 ns, At safepoint: 7134 ns, Total: 84468 ns
[2025-03-19T13:37:13.673+0000][216.015s][debug][safepoint   ] Safepoint synchronization initiated using futex wait barrier. (226 threads)
[2025-03-19T13:37:13.673+0000][216.015s][info ][safepoint   ] Safepoint "Cleanup", Time since last: 5000288536 ns, Reaching safepoint: 97145 ns, Cleanup: 15360 ns, At safepoint: 13762 ns, Total: 126267 ns
[2025-03-19T13:37:14.673+0000][217.016s][debug][safepoint   ] Safepoint synchronization initiated using futex wait barrier. (226 threads)
[2025-03-19T13:37:14.673+0000][217.016s][info ][safepoint   ] Safepoint "Cleanup", Time since last: 1000100375 ns, Reaching safepoint: 136984 ns, Cleanup: 41122 ns, At safepoint: 4481 ns, Total: 182587 ns
[2025-03-19T13:37:15.673+0000][218.016s][debug][safepoint   ] Safepoint synchronization initiated using futex wait barrier. (226 threads)
[2025-03-19T13:37:15.673+0000][218.016s][info ][safepoint   ] Safepoint "Cleanup", Time since last: 1000131290 ns, Reaching safepoint: 64023 ns, Cleanup: 13671 ns, At safepoint: 4098 ns, Total: 81792 ns
[2025-03-19T13:37:16.673+0000][219.016s][debug][safepoint   ] Safepoint synchronization initiated using futex wait barrier. (226 threads)
[2025-03-19T13:37:16.673+0000][219.016s][info ][safepoint   ] Safepoint "Cleanup", Time since last: 1000039154 ns, Reaching safepoint: 70612 ns, Cleanup: 32697 ns, At safepoint: 4115 ns, Total: 107424 ns
[2025-03-19T13:37:18.674+0000][221.016s][debug][safepoint   ] Safepoint synchronization initiated using futex wait barrier. (226 threads)
[2025-03-19T13:37:18.674+0000][221.016s][info ][safepoint   ] Safepoint "Cleanup", Time since last: 2000097053 ns, Reaching safepoint: 61768 ns, Cleanup: 11493 ns, At safepoint: 3938 ns, Total: 77199 ns
[2025-03-19T13:37:23.674+0000][226.017s][debug][safepoint   ] Safepoint synchronization initiated using futex wait barrier. (226 threads)
[2025-03-19T13:37:23.674+0000][226.017s][info ][safepoint   ] Safepoint "Cleanup", Time since last: 5000319264 ns, Reaching safepoint: 61743 ns, Cleanup: 13816 ns, At safepoint: 3568 ns, Total: 79127 ns
[2025-03-19T13:37:26.674+0000][229.017s][debug][safepoint   ] Safepoint synchronization initiated using futex wait barrier. (226 threads)
[2025-03-19T13:37:26.674+0000][229.017s][info ][safepoint   ] Safepoint "Cleanup", Time since last: 3000201024 ns, Reaching safepoint: 60681 ns, Cleanup: 15513 ns, At safepoint: 4155 ns, Total: 80349 ns
[2025-03-19T13:37:28.674+0000][231.017s][debug][safepoint   ] Safepoint synchronization initiated using futex wait barrier. (226 threads)
[2025-03-19T13:37:28.675+0000][231.017s][info ][safepoint   ] Safepoint "Cleanup", Time since last: 2000118212 ns, Reaching safepoint: 62756 ns, Cleanup: 13068 ns, At safepoint: 3477 ns, Total: 79301 ns
[2025-03-19T13:37:34.675+0000][237.018s][debug][safepoint   ] Safepoint synchronization initiated using futex wait barrier. (226 threads)
[2025-03-19T13:37:34.675+0000][237.018s][info ][safepoint   ] Safepoint "Cleanup", Time since last: 6000496591 ns, Reaching safepoint: 78274 ns, Cleanup: 14319 ns, At safepoint: 5372 ns, Total: 97965 ns
[2025-03-19T13:37:36.675+0000][239.018s][debug][safepoint   ] Safepoint synchronization initiated using futex wait barrier. (226 threads)
[2025-03-19T13:37:36.675+0000][239.018s][info ][safepoint   ] Safepoint "Cleanup", Time since last: 2000142538 ns, Reaching safepoint: 61619 ns, Cleanup: 12644 ns, At safepoint: 3941 ns, Total: 78204 ns
[2025-03-19T13:37:38.909+0000][241.252s][debug][safepoint   ] Safepoint synchronization initiated using futex wait barrier. (226 threads)
[2025-03-19T13:37:38.909+0000][241.252s][info ][safepoint   ] Safepoint "Cleanup", Time since last: 2233912190 ns, Reaching safepoint: 62922 ns, Cleanup: 19456 ns, At safepoint: 3620 ns, Total: 85998 ns
[2025-03-19T13:37:40.909+0000][243.252s][debug][safepoint   ] Safepoint synchronization initiated using futex wait barrier. (226 threads)
[2025-03-19T13:37:40.910+0000][243.252s][info ][safepoint   ] Safepoint "Cleanup", Time since last: 2000101772 ns, Reaching safepoint: 69803 ns, Cleanup: 15182 ns, At safepoint: 4250 ns, Total: 89235 ns
[2025-03-19T13:37:43.910+0000][246.252s][debug][safepoint   ] Safepoint synchronization initiated using futex wait barrier. (226 threads)
[2025-03-19T13:37:43.910+0000][246.252s][info ][safepoint   ] Safepoint "Cleanup", Time since last: 3000137018 ns, Reaching safepoint: 62811 ns, Cleanup: 17810 ns, At safepoint: 4206 ns, Total: 84827 ns
[2025-03-19T13:37:46.910+0000][249.252s][debug][safepoint   ] Safepoint synchronization initiated using futex wait barrier. (225 threads)
[2025-03-19T13:37:46.910+0000][249.253s][info ][safepoint   ] Safepoint "Cleanup", Time since last: 3000155261 ns, Reaching safepoint: 63317 ns, Cleanup: 11007 ns, At safepoint: 3147 ns, Total: 77471 ns
[2025-03-19T13:37:48.910+0000][251.253s][debug][safepoint   ] Safepoint synchronization initiated using futex wait barrier. (225 threads)
[2025-03-19T13:37:48.910+0000][251.253s][info ][safepoint   ] Safepoint "Cleanup", Time since last: 2000107349 ns, Reaching safepoint: 126969 ns, Cleanup: 127753 ns, At safepoint: 5334 ns, Total: 260056 ns
[2025-03-19T13:37:49.910+0000][252.253s][debug][safepoint   ] Safepoint synchronization initiated using futex wait barrier. (225 threads)
[2025-03-19T13:37:49.911+0000][252.253s][info ][safepoint   ] Safepoint "Cleanup", Time since last: 1000076849 ns, Reaching safepoint: 60662 ns, Cleanup: 13948 ns, At safepoint: 4362 ns, Total: 78972 ns
[2025-03-19T13:37:52.911+0000][255.253s][debug][safepoint   ] Safepoint synchronization initiated using futex wait barrier. (224 threads)
[2025-03-19T13:37:52.911+0000][255.253s][info ][safepoint   ] Safepoint "Cleanup", Time since last: 3000136286 ns, Reaching safepoint: 82425 ns, Cleanup: 14948 ns, At safepoint: 4388 ns, Total: 101761 ns
[2025-03-19T13:37:53.911+0000][256.253s][debug][safepoint   ] Safepoint synchronization initiated using futex wait barrier. (224 threads)
[2025-03-19T13:37:53.911+0000][256.254s][info ][safepoint   ] Safepoint "Cleanup", Time since last: 1000100407 ns, Reaching safepoint: 67225 ns, Cleanup: 13148 ns, At safepoint: 3411 ns, Total: 83784 ns
[2025-03-19T13:37:55.911+0000][258.254s][debug][safepoint   ] Safepoint synchronization initiated using futex wait barrier. (224 threads)
[2025-03-19T13:37:55.911+0000][258.254s][info ][safepoint   ] Safepoint "Cleanup", Time since last: 2000178089 ns, Reaching safepoint: 98363 ns, Cleanup: 16661 ns, At safepoint: 8358 ns, Total: 123382 ns
[2025-03-19T13:37:56.911+0000][259.254s][debug][safepoint   ] Safepoint synchronization initiated using futex wait barrier. (224 threads)
[2025-03-19T13:37:56.911+0000][259.254s][info ][safepoint   ] Safepoint "Cleanup", Time since last: 1000087456 ns, Reaching safepoint: 65396 ns, Cleanup: 19275 ns, At safepoint: 3474 ns, Total: 88145 ns
[2025-03-19T13:37:58.912+0000][261.254s][debug][safepoint   ] Safepoint synchronization initiated using futex wait barrier. (221 threads)
[2025-03-19T13:37:58.912+0000][261.254s][info ][safepoint   ] Safepoint "Cleanup", Time since last: 2000093220 ns, Reaching safepoint: 75239 ns, Cleanup: 28059 ns, At safepoint: 4569 ns, Total: 107867 ns
[2025-03-19T13:37:59.912+0000][262.254s][debug][safepoint   ] Safepoint synchronization initiated using futex wait barrier. (221 threads)
[2025-03-19T13:37:59.912+0000][262.254s][info ][safepoint   ] Safepoint "Cleanup", Time since last: 1000050995 ns, Reaching safepoint: 83316 ns, Cleanup: 28035 ns, At safepoint: 4236 ns, Total: 115587 ns
[2025-03-19T13:38:01.912+0000][264.254s][debug][safepoint   ] Safepoint synchronization initiated using futex wait barrier. (220 threads)
[2025-03-19T13:38:01.912+0000][264.255s][info ][safepoint   ] Safepoint "Cleanup", Time since last: 2000126939 ns, Reaching safepoint: 79189 ns, Cleanup: 29872 ns, At safepoint: 4169 ns, Total: 113230 ns
[2025-03-19T13:38:03.912+0000][266.255s][debug][safepoint   ] Safepoint synchronization initiated using futex wait barrier. (220 threads)
[2025-03-19T13:38:03.912+0000][266.255s][info ][safepoint   ] Safepoint "Cleanup", Time since last: 2000138757 ns, Reaching safepoint: 111862 ns, Cleanup: 22898 ns, At safepoint: 8105 ns, Total: 142865 ns
[2025-03-19T13:38:04.912+0000][267.255s][debug][safepoint   ] Safepoint synchronization initiated using futex wait barrier. (220 threads)
[2025-03-19T13:38:04.912+0000][267.255s][info ][safepoint   ] Safepoint "Cleanup", Time since last: 1000085079 ns, Reaching safepoint: 68114 ns, Cleanup: 24205 ns, At safepoint: 6307 ns, Total: 98626 ns
[2025-03-19T13:38:08.913+0000][271.255s][debug][safepoint   ] Safepoint synchronization initiated using futex wait barrier. (220 threads)
[2025-03-19T13:38:08.913+0000][271.255s][info ][safepoint   ] Safepoint "Cleanup", Time since last: 4000211465 ns, Reaching safepoint: 93166 ns, Cleanup: 17072 ns, At safepoint: 3968 ns, Total: 114206 ns
[2025-03-19T13:38:10.913+0000][273.255s][debug][safepoint   ] Safepoint synchronization initiated using futex wait barrier. (220 threads)
[2025-03-19T13:38:10.913+0000][273.256s][info ][safepoint   ] Safepoint "Cleanup", Time since last: 2000097605 ns, Reaching safepoint: 64910 ns, Cleanup: 11920 ns, At safepoint: 3266 ns, Total: 80096 ns
[2025-03-19T13:38:13.913+0000][276.256s][debug][safepoint   ] Safepoint synchronization initiated using futex wait barrier. (220 threads)
[2025-03-19T13:38:13.913+0000][276.256s][info ][safepoint   ] Safepoint "Cleanup", Time since last: 3000218381 ns, Reaching safepoint: 77251 ns, Cleanup: 22314 ns, At safepoint: 4269 ns, Total: 103834 ns
[2025-03-19T13:38:14.913+0000][277.256s][debug][safepoint   ] Safepoint synchronization initiated using futex wait barrier. (220 threads)
[2025-03-19T13:38:14.913+0000][277.256s][info ][safepoint   ] Safepoint "Cleanup", Time since last: 1000051917 ns, Reaching safepoint: 87738 ns, Cleanup: 24149 ns, At safepoint: 5206 ns, Total: 117093 ns
[2025-03-19T13:38:19.914+0000][282.256s][debug][safepoint   ] Safepoint synchronization initiated using futex wait barrier. (220 threads)
[2025-03-19T13:38:19.914+0000][282.257s][info ][safepoint   ] Safepoint "Cleanup", Time since last: 5000428488 ns, Reaching safepoint: 63914 ns, Cleanup: 12562 ns, At safepoint: 3432 ns, Total: 79908 ns
[2025-03-19T13:38:25.914+0000][288.257s][debug][safepoint   ] Safepoint synchronization initiated using futex wait barrier. (220 threads)
[2025-03-19T13:38:25.914+0000][288.257s][info ][safepoint   ] Safepoint "Cleanup", Time since last: 6000257454 ns, Reaching safepoint: 70873 ns, Cleanup: 47311 ns, At safepoint: 54861 ns, Total: 173045 ns
[2025-03-19T13:38:26.915+0000][289.257s][debug][safepoint   ] Safepoint synchronization initiated using futex wait barrier. (220 threads)
[2025-03-19T13:38:26.915+0000][289.257s][info ][safepoint   ] Safepoint "Cleanup", Time since last: 1000173781 ns, Reaching safepoint: 71145 ns, Cleanup: 14268 ns, At safepoint: 3641 ns, Total: 89054 ns
[2025-03-19T13:38:28.915+0000][291.257s][debug][safepoint   ] Safepoint synchronization initiated using futex wait barrier. (220 threads)
[2025-03-19T13:38:28.915+0000][291.257s][info ][safepoint   ] Safepoint "Cleanup", Time since last: 2000110652 ns, Reaching safepoint: 65580 ns, Cleanup: 14248 ns, At safepoint: 3633 ns, Total: 83461 ns
[2025-03-19T13:38:29.915+0000][292.258s][debug][safepoint   ] Safepoint synchronization initiated using futex wait barrier. (220 threads)
[2025-03-19T13:38:29.915+0000][292.258s][info ][safepoint   ] Safepoint "Cleanup", Time since last: 1000077266 ns, Reaching safepoint: 73278 ns, Cleanup: 13601 ns, At safepoint: 3549 ns, Total: 90428 ns
[2025-03-19T13:38:31.915+0000][294.258s][debug][safepoint   ] Safepoint synchronization initiated using futex wait barrier. (220 threads)
[2025-03-19T13:38:31.915+0000][294.258s][info ][safepoint   ] Safepoint "Cleanup", Time since last: 2000093162 ns, Reaching safepoint: 69649 ns, Cleanup: 14410 ns, At safepoint: 4495 ns, Total: 88554 ns
[2025-03-19T13:38:38.916+0000][301.258s][debug][safepoint   ] Safepoint synchronization initiated using futex wait barrier. (220 threads)
[2025-03-19T13:38:38.916+0000][301.258s][info ][safepoint   ] Safepoint "Cleanup", Time since last: 7000414358 ns, Reaching safepoint: 76876 ns, Cleanup: 16169 ns, At safepoint: 4267 ns, Total: 97312 ns
[2025-03-19T13:38:40.916+0000][303.258s][debug][safepoint   ] Safepoint synchronization initiated using futex wait barrier. (220 threads)
[2025-03-19T13:38:40.916+0000][303.259s][info ][safepoint   ] Safepoint "Cleanup", Time since last: 2000112618 ns, Reaching safepoint: 65111 ns, Cleanup: 22220 ns, At safepoint: 3604 ns, Total: 90935 ns
[2025-03-19T13:38:43.916+0000][306.259s][debug][safepoint   ] Safepoint synchronization initiated using futex wait barrier. (220 threads)
[2025-03-19T13:38:43.916+0000][306.259s][info ][safepoint   ] Safepoint "Cleanup", Time since last: 3000217421 ns, Reaching safepoint: 92161 ns, Cleanup: 29013 ns, At safepoint: 3776 ns, Total: 124950 ns
[2025-03-19T13:38:44.916+0000][307.259s][debug][safepoint   ] Safepoint synchronization initiated using futex wait barrier. (220 threads)
[2025-03-19T13:38:44.916+0000][307.259s][info ][safepoint   ] Safepoint "Cleanup", Time since last: 1000080848 ns, Reaching safepoint: 71861 ns, Cleanup: 11892 ns, At safepoint: 3500 ns, Total: 87253 ns
[2025-03-19T13:38:46.917+0000][309.259s][debug][safepoint   ] Safepoint synchronization initiated using futex wait barrier. (220 threads)
[2025-03-19T13:38:46.917+0000][309.259s][info ][safepoint   ] Safepoint "Cleanup", Time since last: 2000135274 ns, Reaching safepoint: 61477 ns, Cleanup: 22360 ns, At safepoint: 3748 ns, Total: 87585 ns
[2025-03-19T13:38:48.917+0000][311.259s][debug][safepoint   ] Safepoint synchronization initiated using futex wait barrier. (220 threads)
[2025-03-19T13:38:48.917+0000][311.259s][info ][safepoint   ] Safepoint "Cleanup", Time since last: 2000117660 ns, Reaching safepoint: 68873 ns, Cleanup: 15356 ns, At safepoint: 4004 ns, Total: 88233 ns
[2025-03-19T13:38:49.917+0000][312.260s][debug][safepoint   ] Safepoint synchronization initiated using futex wait barrier. (220 threads)
[2025-03-19T13:38:49.917+0000][312.260s][info ][safepoint   ] Safepoint "Cleanup", Time since last: 1000081793 ns, Reaching safepoint: 108436 ns, Cleanup: 14875 ns, At safepoint: 4353 ns, Total: 127664 ns
[2025-03-19T13:38:50.917+0000][313.260s][debug][safepoint   ] Safepoint synchronization initiated using futex wait barrier. (220 threads)
[2025-03-19T13:38:50.917+0000][313.260s][info ][safepoint   ] Safepoint "Cleanup", Time since last: 1000062018 ns, Reaching safepoint: 58924 ns, Cleanup: 13671 ns, At safepoint: 3653 ns, Total: 76248 ns
[2025-03-19T13:38:51.917+0000][314.260s][debug][safepoint   ] Safepoint synchronization initiated using futex wait barrier. (219 threads)
[2025-03-19T13:38:51.917+0000][314.260s][info ][safepoint   ] Safepoint "Cleanup", Time since last: 1000083750 ns, Reaching safepoint: 77178 ns, Cleanup: 16219 ns, At safepoint: 5497 ns, Total: 98894 ns
[2025-03-19T13:38:54.918+0000][317.260s][debug][safepoint   ] Safepoint synchronization initiated using futex wait barrier. (219 threads)
[2025-03-19T13:38:54.918+0000][317.260s][info ][safepoint   ] Safepoint "Cleanup", Time since last: 3000116771 ns, Reaching safepoint: 76573 ns, Cleanup: 14054 ns, At safepoint: 4394 ns, Total: 95021 ns
[2025-03-19T13:38:55.918+0000][318.260s][debug][safepoint   ] Safepoint synchronization initiated using futex wait barrier. (219 threads)
[2025-03-19T13:38:55.918+0000][318.260s][info ][safepoint   ] Safepoint "Cleanup", Time since last: 1000051351 ns, Reaching safepoint: 62033 ns, Cleanup: 14275 ns, At safepoint: 4010 ns, Total: 80318 ns
[2025-03-19T13:38:56.918+0000][319.260s][debug][safepoint   ] Safepoint synchronization initiated using futex wait barrier. (219 threads)
[2025-03-19T13:38:56.918+0000][319.261s][info ][safepoint   ] Safepoint "Cleanup", Time since last: 1000097418 ns, Reaching safepoint: 74804 ns, Cleanup: 27236 ns, At safepoint: 4509 ns, Total: 106549 ns
[2025-03-19T13:38:58.918+0000][321.261s][debug][safepoint   ] Safepoint synchronization initiated using futex wait barrier. (216 threads)
[2025-03-19T13:38:58.918+0000][321.261s][info ][safepoint   ] Safepoint "Cleanup", Time since last: 2000134680 ns, Reaching safepoint: 67223 ns, Cleanup: 19772 ns, At safepoint: 4610 ns, Total: 91605 ns
[2025-03-19T13:38:59.918+0000][322.261s][debug][safepoint   ] Safepoint synchronization initiated using futex wait barrier. (216 threads)
[2025-03-19T13:38:59.918+0000][322.261s][info ][safepoint   ] Safepoint "Cleanup", Time since last: 1000039166 ns, Reaching safepoint: 74200 ns, Cleanup: 16161 ns, At safepoint: 4467 ns, Total: 94828 ns
[2025-03-19T13:39:03.919+0000][326.262s][debug][safepoint   ] Safepoint synchronization initiated using futex wait barrier. (215 threads)
[2025-03-19T13:39:03.919+0000][326.262s][info ][safepoint   ] Safepoint "Cleanup", Time since last: 4000883707 ns, Reaching safepoint: 68594 ns, Cleanup: 14449 ns, At safepoint: 4095 ns, Total: 87138 ns
[2025-03-19T13:39:05.919+0000][328.262s][debug][safepoint   ] Safepoint synchronization initiated using futex wait barrier. (215 threads)
[2025-03-19T13:39:05.920+0000][328.262s][info ][safepoint   ] Safepoint "Cleanup", Time since last: 2000135534 ns, Reaching safepoint: 154384 ns, Cleanup: 14600 ns, At safepoint: 4694 ns, Total: 173678 ns
[2025-03-19T13:39:13.920+0000][336.263s][debug][safepoint   ] Safepoint synchronization initiated using futex wait barrier. (215 threads)
[2025-03-19T13:39:13.920+0000][336.263s][info ][safepoint   ] Safepoint "Cleanup", Time since last: 8000366909 ns, Reaching safepoint: 69349 ns, Cleanup: 17171 ns, At safepoint: 5213 ns, Total: 91733 ns
[2025-03-19T13:39:14.920+0000][337.263s][debug][safepoint   ] Safepoint synchronization initiated using futex wait barrier. (215 threads)
[2025-03-19T13:39:14.920+0000][337.263s][info ][safepoint   ] Safepoint "Cleanup", Time since last: 1000083727 ns, Reaching safepoint: 78710 ns, Cleanup: 32819 ns, At safepoint: 5504 ns, Total: 117033 ns
[2025-03-19T13:39:16.920+0000][339.263s][debug][safepoint   ] Safepoint synchronization initiated using futex wait barrier. (216 threads)
[2025-03-19T13:39:16.920+0000][339.263s][info ][safepoint   ] Safepoint "Cleanup", Time since last: 2000095564 ns, Reaching safepoint: 66133 ns, Cleanup: 15238 ns, At safepoint: 4118 ns, Total: 85489 ns
[2025-03-19T13:39:23.921+0000][346.264s][debug][safepoint   ] Safepoint synchronization initiated using futex wait barrier. (216 threads)
[2025-03-19T13:39:23.921+0000][346.264s][info ][safepoint   ] Safepoint "Cleanup", Time since last: 7000611026 ns, Reaching safepoint: 76752 ns, Cleanup: 22022 ns, At safepoint: 4837 ns, Total: 103611 ns
[2025-03-19T13:39:25.921+0000][348.264s][debug][safepoint   ] Safepoint synchronization initiated using futex wait barrier. (216 threads)
[2025-03-19T13:39:25.921+0000][348.264s][info ][safepoint   ] Safepoint "Cleanup", Time since last: 2000088829 ns, Reaching safepoint: 57353 ns, Cleanup: 14287 ns, At safepoint: 4027 ns, Total: 75667 ns
[2025-03-19T13:39:26.921+0000][349.264s][debug][safepoint   ] Safepoint synchronization initiated using futex wait barrier. (216 threads)
[2025-03-19T13:39:26.922+0000][349.264s][info ][safepoint   ] Safepoint "Cleanup", Time since last: 1000089895 ns, Reaching safepoint: 65521 ns, Cleanup: 25707 ns, At safepoint: 4410 ns, Total: 95638 ns
[2025-03-19T13:39:30.922+0000][353.264s][debug][safepoint   ] Safepoint synchronization initiated using futex wait barrier. (216 threads)
[2025-03-19T13:39:30.922+0000][353.264s][info ][safepoint   ] Safepoint "Cleanup", Time since last: 4000247129 ns, Reaching safepoint: 60675 ns, Cleanup: 20483 ns, At safepoint: 4172 ns, Total: 85330 ns
[2025-03-19T13:39:32.922+0000][355.265s][debug][safepoint   ] Safepoint synchronization initiated using futex wait barrier. (216 threads)
[2025-03-19T13:39:32.922+0000][355.265s][info ][safepoint   ] Safepoint "Cleanup", Time since last: 2000132622 ns, Reaching safepoint: 70494 ns, Cleanup: 41781 ns, At safepoint: 3784 ns, Total: 116059 ns
[2025-03-19T13:39:33.922+0000][356.265s][debug][safepoint   ] Safepoint synchronization initiated using futex wait barrier. (216 threads)
[2025-03-19T13:39:33.922+0000][356.265s][info ][safepoint   ] Safepoint "Cleanup", Time since last: 1000050848 ns, Reaching safepoint: 63317 ns, Cleanup: 15951 ns, At safepoint: 3844 ns, Total: 83112 ns
[2025-03-19T13:39:34.922+0000][357.265s][debug][safepoint   ] Safepoint synchronization initiated using futex wait barrier. (216 threads)
[2025-03-19T13:39:34.923+0000][357.265s][info ][safepoint   ] Safepoint "Cleanup", Time since last: 1000115371 ns, Reaching safepoint: 129240 ns, Cleanup: 88264 ns, At safepoint: 36048 ns, Total: 253552 ns
[2025-03-19T13:39:36.184+0000][358.527s][debug][safepoint   ] Safepoint synchronization initiated using futex wait barrier. (217 threads)
[2025-03-19T13:39:36.185+0000][358.527s][info ][safepoint   ] Safepoint "Cleanup", Time since last: 1261894869 ns, Reaching safepoint: 59369 ns, Cleanup: 74028 ns, At safepoint: 6058 ns, Total: 139455 ns
[2025-03-19T13:39:37.185+0000][359.527s][debug][safepoint   ] Safepoint synchronization initiated using futex wait barrier. (217 threads)
[2025-03-19T13:39:37.185+0000][359.527s][info ][safepoint   ] Safepoint "Cleanup", Time since last: 1000087218 ns, Reaching safepoint: 73123 ns, Cleanup: 23216 ns, At safepoint: 4962 ns, Total: 101301 ns
[2025-03-19T13:39:38.941+0000][361.283s][debug][safepoint   ] Safepoint synchronization initiated using futex wait barrier. (217 threads)
[2025-03-19T13:39:38.941+0000][361.283s][info ][safepoint   ] Safepoint "Cleanup", Time since last: 1755696695 ns, Reaching safepoint: 61345 ns, Cleanup: 14372 ns, At safepoint: 4019 ns, Total: 79736 ns
[2025-03-19T13:39:39.941+0000][362.283s][debug][safepoint   ] Safepoint synchronization initiated using futex wait barrier. (217 threads)
[2025-03-19T13:39:39.941+0000][362.283s][info ][safepoint   ] Safepoint "Cleanup", Time since last: 1000086190 ns, Reaching safepoint: 96881 ns, Cleanup: 17648 ns, At safepoint: 6078 ns, Total: 120607 ns
[2025-03-19T13:39:43.941+0000][366.284s][debug][safepoint   ] Safepoint synchronization initiated using futex wait barrier. (217 threads)
[2025-03-19T13:39:43.941+0000][366.284s][info ][safepoint   ] Safepoint "Cleanup", Time since last: 4000274116 ns, Reaching safepoint: 158781 ns, Cleanup: 21873 ns, At safepoint: 5318 ns, Total: 185972 ns
[2025-03-19T13:39:44.941+0000][367.284s][debug][safepoint   ] Safepoint synchronization initiated using futex wait barrier. (217 threads)
[2025-03-19T13:39:44.941+0000][367.284s][info ][safepoint   ] Safepoint "Cleanup", Time since last: 1000078778 ns, Reaching safepoint: 84684 ns, Cleanup: 16076 ns, At safepoint: 4550 ns, Total: 105310 ns
[2025-03-19T13:39:46.942+0000][369.284s][debug][safepoint   ] Safepoint synchronization initiated using futex wait barrier. (217 threads)
[2025-03-19T13:39:46.942+0000][369.284s][info ][safepoint   ] Safepoint "Cleanup", Time since last: 2000107481 ns, Reaching safepoint: 58465 ns, Cleanup: 23627 ns, At safepoint: 3939 ns, Total: 86031 ns
[2025-03-19T13:39:48.531+0000][370.874s][debug][safepoint   ] Safepoint synchronization initiated using futex wait barrier. (217 threads)
[2025-03-19T13:39:48.531+0000][370.874s][info ][gc,start    ] GC(76) Pause Young (Concurrent Start) (G1 Evacuation Pause)
[2025-03-19T13:39:48.531+0000][370.874s][info ][gc,task     ] GC(76) Using 4 workers of 4 for evacuation
[2025-03-19T13:39:48.553+0000][370.896s][info ][gc,phases   ] GC(76)   Pre Evacuate Collection Set: 0.7ms
[2025-03-19T13:39:48.553+0000][370.896s][info ][gc,phases   ] GC(76)   Merge Heap Roots: 0.9ms
[2025-03-19T13:39:48.553+0000][370.896s][info ][gc,phases   ] GC(76)   Evacuate Collection Set: 17.2ms
[2025-03-19T13:39:48.553+0000][370.896s][info ][gc,phases   ] GC(76)   Post Evacuate Collection Set: 2.8ms
[2025-03-19T13:39:48.553+0000][370.896s][info ][gc,phases   ] GC(76)   Other: 0.3ms
[2025-03-19T13:39:48.553+0000][370.896s][info ][gc,heap     ] GC(76) Eden regions: 286->0(288)
[2025-03-19T13:39:48.553+0000][370.896s][info ][gc,heap     ] GC(76) Survivor regions: 2->3(36)
[2025-03-19T13:39:48.553+0000][370.896s][info ][gc,heap     ] GC(76) Old regions: 179->179
[2025-03-19T13:39:48.553+0000][370.896s][info ][gc,heap     ] GC(76) Archive regions: 2->2
[2025-03-19T13:39:48.553+0000][370.896s][info ][gc,heap     ] GC(76) Humongous regions: 0->0
[2025-03-19T13:39:48.553+0000][370.896s][info ][gc,metaspace] GC(76) Metaspace: 190535K(192000K)->190535K(192000K) NonClass: 167299K(168064K)->167299K(168064K) Class: 23236K(23936K)->23236K(23936K)
[2025-03-19T13:39:48.553+0000][370.896s][info ][gc          ] GC(76) Pause Young (Concurrent Start) (G1 Evacuation Pause) 467M->182M(546M) 22.095ms
[2025-03-19T13:39:48.553+0000][370.896s][info ][gc,cpu      ] GC(76) User=0.05s Sys=0.00s Real=0.02s
[2025-03-19T13:39:48.554+0000][370.896s][info ][gc          ] GC(77) Concurrent Mark Cycle
[2025-03-19T13:39:48.554+0000][370.896s][info ][gc,marking  ] GC(77) Concurrent Clear Claimed Marks
[2025-03-19T13:39:48.554+0000][370.897s][info ][gc,marking  ] GC(77) Concurrent Clear Claimed Marks 0.531ms
[2025-03-19T13:39:48.554+0000][370.897s][info ][gc,marking  ] GC(77) Concurrent Scan Root Regions
[2025-03-19T13:39:48.554+0000][370.897s][info ][safepoint   ] Safepoint "G1CollectForAllocation", Time since last: 1589376664 ns, Reaching safepoint: 198282 ns, Cleanup: 67268 ns, At safepoint: 22852995 ns, Total: 23118545 ns
[2025-03-19T13:39:48.567+0000][370.910s][info ][gc,marking  ] GC(77) Concurrent Scan Root Regions 13.142ms
[2025-03-19T13:39:48.568+0000][370.910s][info ][gc,marking  ] GC(77) Concurrent Mark
[2025-03-19T13:39:48.568+0000][370.910s][info ][gc,marking  ] GC(77) Concurrent Mark From Roots
[2025-03-19T13:39:48.568+0000][370.910s][info ][gc,task     ] GC(77) Using 1 workers of 1 for marking
[2025-03-19T13:39:49.026+0000][371.368s][info ][gc,marking  ] GC(77) Concurrent Mark From Roots 458.108ms
[2025-03-19T13:39:49.026+0000][371.368s][info ][gc,marking  ] GC(77) Concurrent Preclean
[2025-03-19T13:39:49.026+0000][371.369s][info ][gc,marking  ] GC(77) Concurrent Preclean 0.347ms
[2025-03-19T13:39:49.026+0000][371.369s][debug][safepoint   ] Safepoint synchronization initiated using futex wait barrier. (217 threads)
[2025-03-19T13:39:49.027+0000][371.369s][info ][gc,start    ] GC(77) Pause Remark
[2025-03-19T13:39:49.068+0000][371.411s][info ][gc          ] GC(77) Pause Remark 262M->262M(546M) 41.681ms
[2025-03-19T13:39:49.068+0000][371.411s][info ][gc,cpu      ] GC(77) User=0.08s Sys=0.01s Real=0.04s
[2025-03-19T13:39:49.069+0000][371.411s][info ][safepoint   ] Safepoint "G1PauseRemark", Time since last: 472247339 ns, Reaching safepoint: 35694 ns, Cleanup: 138622 ns, At safepoint: 42069779 ns, Total: 42244095 ns
[2025-03-19T13:39:49.069+0000][371.411s][info ][gc,marking  ] GC(77) Concurrent Mark 500.990ms
[2025-03-19T13:39:49.069+0000][371.411s][info ][gc,marking  ] GC(77) Concurrent Rebuild Remembered Sets
[2025-03-19T13:39:49.274+0000][371.616s][info ][gc,marking  ] GC(77) Concurrent Rebuild Remembered Sets 205.112ms
[2025-03-19T13:39:49.274+0000][371.616s][debug][safepoint   ] Safepoint synchronization initiated using futex wait barrier. (217 threads)
[2025-03-19T13:39:49.274+0000][371.616s][info ][gc,start    ] GC(77) Pause Cleanup
[2025-03-19T13:39:49.274+0000][371.617s][info ][gc          ] GC(77) Pause Cleanup 262M->262M(546M) 0.164ms
[2025-03-19T13:39:49.274+0000][371.617s][info ][gc,cpu      ] GC(77) User=0.00s Sys=0.00s Real=0.00s
[2025-03-19T13:39:49.274+0000][371.617s][info ][safepoint   ] Safepoint "G1PauseCleanup", Time since last: 205234073 ns, Reaching safepoint: 23451 ns, Cleanup: 3553 ns, At safepoint: 228652 ns, Total: 255656 ns
[2025-03-19T13:39:49.274+0000][371.617s][info ][gc,marking  ] GC(77) Concurrent Cleanup for Next Mark
[2025-03-19T13:39:49.275+0000][371.617s][info ][gc,marking  ] GC(77) Concurrent Cleanup for Next Mark 0.482ms
[2025-03-19T13:39:49.275+0000][371.617s][info ][gc          ] GC(77) Concurrent Mark Cycle 721.113ms
[2025-03-19T13:39:50.274+0000][372.617s][debug][safepoint   ] Safepoint synchronization initiated using futex wait barrier. (217 threads)
[2025-03-19T13:39:50.274+0000][372.617s][info ][safepoint   ] Safepoint "Cleanup", Time since last: 1000069329 ns, Reaching safepoint: 87443 ns, Cleanup: 32089 ns, At safepoint: 6074 ns, Total: 125606 ns
[2025-03-19T13:39:51.274+0000][373.617s][debug][safepoint   ] Safepoint synchronization initiated using futex wait barrier. (219 threads)
[2025-03-19T13:39:51.275+0000][373.617s][info ][safepoint   ] Safepoint "Cleanup", Time since last: 1000138168 ns, Reaching safepoint: 70471 ns, Cleanup: 75429 ns, At safepoint: 4065 ns, Total: 149965 ns
[2025-03-19T13:39:52.706+0000][375.049s][debug][safepoint   ] Safepoint synchronization initiated using futex wait barrier. (219 threads)
[2025-03-19T13:39:52.706+0000][375.049s][info ][safepoint   ] Safepoint "Cleanup", Time since last: 1431541437 ns, Reaching safepoint: 64330 ns, Cleanup: 39658 ns, At safepoint: 5446 ns, Total: 109434 ns
[2025-03-19T13:39:53.706+0000][376.049s][debug][safepoint   ] Safepoint synchronization initiated using futex wait barrier. (219 threads)
[2025-03-19T13:39:53.706+0000][376.049s][info ][safepoint   ] Safepoint "Cleanup", Time since last: 1000065855 ns, Reaching safepoint: 62555 ns, Cleanup: 34844 ns, At safepoint: 4616 ns, Total: 102015 ns
[2025-03-19T13:39:55.707+0000][378.049s][debug][safepoint   ] Safepoint synchronization initiated using futex wait barrier. (219 threads)
[2025-03-19T13:39:55.707+0000][378.049s][info ][safepoint   ] Safepoint "Cleanup", Time since last: 2000126665 ns, Reaching safepoint: 65881 ns, Cleanup: 13303 ns, At safepoint: 3811 ns, Total: 82995 ns
[2025-03-19T13:39:56.707+0000][379.049s][debug][safepoint   ] Safepoint synchronization initiated using futex wait barrier. (219 threads)
[2025-03-19T13:39:56.707+0000][379.049s][info ][safepoint   ] Safepoint "Cleanup", Time since last: 1000052817 ns, Reaching safepoint: 64924 ns, Cleanup: 14973 ns, At safepoint: 4084 ns, Total: 83981 ns
[2025-03-19T13:39:57.707+0000][380.049s][debug][safepoint   ] Safepoint synchronization initiated using futex wait barrier. (219 threads)
[2025-03-19T13:39:57.707+0000][380.050s][info ][safepoint   ] Safepoint "Cleanup", Time since last: 1000093526 ns, Reaching safepoint: 56464 ns, Cleanup: 46453 ns, At safepoint: 3595 ns, Total: 106512 ns
[2025-03-19T13:39:58.707+0000][381.050s][debug][safepoint   ] Safepoint synchronization initiated using futex wait barrier. (217 threads)
[2025-03-19T13:39:58.707+0000][381.050s][info ][safepoint   ] Safepoint "Cleanup", Time since last: 1000079830 ns, Reaching safepoint: 73987 ns, Cleanup: 11984 ns, At safepoint: 3461 ns, Total: 89432 ns
[2025-03-19T13:39:59.707+0000][382.050s][debug][safepoint   ] Safepoint synchronization initiated using futex wait barrier. (217 threads)
[2025-03-19T13:39:59.707+0000][382.050s][info ][safepoint   ] Safepoint "Cleanup", Time since last: 1000060824 ns, Reaching safepoint: 59888 ns, Cleanup: 31822 ns, At safepoint: 3876 ns, Total: 95586 ns
[2025-03-19T13:40:03.707+0000][386.050s][debug][safepoint   ] Safepoint synchronization initiated using futex wait barrier. (217 threads)
[2025-03-19T13:40:03.708+0000][386.050s][info ][safepoint   ] Safepoint "Cleanup", Time since last: 4000196584 ns, Reaching safepoint: 67414 ns, Cleanup: 23725 ns, At safepoint: 3889 ns, Total: 95028 ns
[2025-03-19T13:40:08.708+0000][391.050s][debug][safepoint   ] Safepoint synchronization initiated using futex wait barrier. (217 threads)
[2025-03-19T13:40:08.708+0000][391.050s][info ][safepoint   ] Safepoint "Cleanup", Time since last: 5000187487 ns, Reaching safepoint: 80076 ns, Cleanup: 15024 ns, At safepoint: 3927 ns, Total: 99027 ns
[2025-03-19T13:40:10.708+0000][393.051s][debug][safepoint   ] Safepoint synchronization initiated using futex wait barrier. (217 threads)
[2025-03-19T13:40:10.708+0000][393.051s][info ][safepoint   ] Safepoint "Cleanup", Time since last: 2000115122 ns, Reaching safepoint: 78481 ns, Cleanup: 18469 ns, At safepoint: 4742 ns, Total: 101692 ns
[2025-03-19T13:40:13.708+0000][396.051s][debug][safepoint   ] Safepoint synchronization initiated using futex wait barrier. (217 threads)
[2025-03-19T13:40:13.708+0000][396.051s][info ][safepoint   ] Safepoint "Cleanup", Time since last: 3000164275 ns, Reaching safepoint: 65480 ns, Cleanup: 14969 ns, At safepoint: 4335 ns, Total: 84784 ns
[2025-03-19T13:40:15.708+0000][398.051s][debug][safepoint   ] Safepoint synchronization initiated using futex wait barrier. (217 threads)
[2025-03-19T13:40:15.708+0000][398.051s][info ][safepoint   ] Safepoint "Cleanup", Time since last: 2000082156 ns, Reaching safepoint: 57817 ns, Cleanup: 11771 ns, At safepoint: 3187 ns, Total: 72775 ns
[2025-03-19T13:40:16.709+0000][399.051s][debug][safepoint   ] Safepoint synchronization initiated using futex wait barrier. (216 threads)
[2025-03-19T13:40:16.709+0000][399.051s][info ][safepoint   ] Safepoint "Cleanup", Time since last: 1000075925 ns, Reaching safepoint: 66129 ns, Cleanup: 13506 ns, At safepoint: 5181 ns, Total: 84816 ns
[2025-03-19T13:40:18.709+0000][401.051s][debug][safepoint   ] Safepoint synchronization initiated using futex wait barrier. (216 threads)
[2025-03-19T13:40:18.709+0000][401.051s][info ][safepoint   ] Safepoint "Cleanup", Time since last: 2000056053 ns, Reaching safepoint: 69614 ns, Cleanup: 14767 ns, At safepoint: 4673 ns, Total: 89054 ns
[2025-03-19T13:40:19.709+0000][402.051s][debug][safepoint   ] Safepoint synchronization initiated using futex wait barrier. (216 threads)
[2025-03-19T13:40:19.709+0000][402.052s][info ][safepoint   ] Safepoint "Cleanup", Time since last: 1000065120 ns, Reaching safepoint: 64378 ns, Cleanup: 12136 ns, At safepoint: 3519 ns, Total: 80033 ns
[2025-03-19T13:40:21.709+0000][404.052s][debug][safepoint   ] Safepoint synchronization initiated using futex wait barrier. (216 threads)
[2025-03-19T13:40:21.709+0000][404.052s][info ][safepoint   ] Safepoint "Cleanup", Time since last: 2000133676 ns, Reaching safepoint: 58807 ns, Cleanup: 68973 ns, At safepoint: 3357 ns, Total: 131137 ns
[2025-03-19T13:40:23.709+0000][406.052s][debug][safepoint   ] Safepoint synchronization initiated using futex wait barrier. (216 threads)
[2025-03-19T13:40:23.709+0000][406.052s][info ][safepoint   ] Safepoint "Cleanup", Time since last: 2000181338 ns, Reaching safepoint: 73820 ns, Cleanup: 16052 ns, At safepoint: 4401 ns, Total: 94273 ns
[2025-03-19T13:40:28.710+0000][411.052s][debug][safepoint   ] Safepoint synchronization initiated using futex wait barrier. (216 threads)
[2025-03-19T13:40:28.710+0000][411.052s][info ][safepoint   ] Safepoint "Cleanup", Time since last: 5000231329 ns, Reaching safepoint: 62232 ns, Cleanup: 24599 ns, At safepoint: 3465 ns, Total: 90296 ns
[2025-03-19T13:40:31.710+0000][414.053s][debug][safepoint   ] Safepoint synchronization initiated using futex wait barrier. (216 threads)
[2025-03-19T13:40:31.710+0000][414.053s][info ][safepoint   ] Safepoint "Cleanup", Time since last: 3000171691 ns, Reaching safepoint: 58477 ns, Cleanup: 18422 ns, At safepoint: 3866 ns, Total: 80765 ns
[2025-03-19T13:40:33.710+0000][416.053s][debug][safepoint   ] Safepoint synchronization initiated using futex wait barrier. (216 threads)
[2025-03-19T13:40:33.710+0000][416.053s][info ][safepoint   ] Safepoint "Cleanup", Time since last: 2000088395 ns, Reaching safepoint: 58454 ns, Cleanup: 12307 ns, At safepoint: 3168 ns, Total: 73929 ns
[2025-03-19T13:40:34.710+0000][417.053s][debug][safepoint   ] Safepoint synchronization initiated using futex wait barrier. (216 threads)
[2025-03-19T13:40:34.710+0000][417.053s][info ][safepoint   ] Safepoint "Cleanup", Time since last: 1000078862 ns, Reaching safepoint: 63884 ns, Cleanup: 22513 ns, At safepoint: 3879 ns, Total: 90276 ns
[2025-03-19T13:40:38.966+0000][421.308s][debug][safepoint   ] Safepoint synchronization initiated using futex wait barrier. (216 threads)
[2025-03-19T13:40:38.966+0000][421.308s][info ][safepoint   ] Safepoint "Cleanup", Time since last: 4255146894 ns, Reaching safepoint: 85497 ns, Cleanup: 23954 ns, At safepoint: 4833 ns, Total: 114284 ns
[2025-03-19T13:40:40.966+0000][423.308s][debug][safepoint   ] Safepoint synchronization initiated using futex wait barrier. (216 threads)
[2025-03-19T13:40:40.966+0000][423.309s][info ][safepoint   ] Safepoint "Cleanup", Time since last: 2000175197 ns, Reaching safepoint: 180674 ns, Cleanup: 32943 ns, At safepoint: 26472 ns, Total: 240089 ns
[2025-03-19T13:40:43.966+0000][426.309s][debug][safepoint   ] Safepoint synchronization initiated using futex wait barrier. (216 threads)
[2025-03-19T13:40:43.966+0000][426.309s][info ][safepoint   ] Safepoint "Cleanup", Time since last: 3000201088 ns, Reaching safepoint: 59745 ns, Cleanup: 20714 ns, At safepoint: 3502 ns, Total: 83961 ns
[2025-03-19T13:40:45.966+0000][428.309s][debug][safepoint   ] Safepoint synchronization initiated using futex wait barrier. (216 threads)
[2025-03-19T13:40:45.967+0000][428.309s][info ][safepoint   ] Safepoint "Cleanup", Time since last: 2000061717 ns, Reaching safepoint: 75014 ns, Cleanup: 22240 ns, At safepoint: 5405 ns, Total: 102659 ns
[2025-03-19T13:40:46.967+0000][429.309s][debug][safepoint   ] Safepoint synchronization initiated using futex wait barrier. (216 threads)
[2025-03-19T13:40:46.967+0000][429.309s][info ][safepoint   ] Safepoint "Cleanup", Time since last: 1000087538 ns, Reaching safepoint: 95133 ns, Cleanup: 46541 ns, At safepoint: 15683 ns, Total: 157357 ns
[2025-03-19T13:40:47.967+0000][430.309s][debug][safepoint   ] Safepoint synchronization initiated using futex wait barrier. (216 threads)
[2025-03-19T13:40:47.967+0000][430.309s][info ][safepoint   ] Safepoint "Cleanup", Time since last: 1000059519 ns, Reaching safepoint: 69398 ns, Cleanup: 15514 ns, At safepoint: 3721 ns, Total: 88633 ns
[2025-03-19T13:40:48.967+0000][431.310s][debug][safepoint   ] Safepoint synchronization initiated using futex wait barrier. (216 threads)
[2025-03-19T13:40:48.967+0000][431.310s][info ][safepoint   ] Safepoint "Cleanup", Time since last: 1000165471 ns, Reaching safepoint: 83321 ns, Cleanup: 16932 ns, At safepoint: 4708 ns, Total: 104961 ns
[2025-03-19T13:40:51.967+0000][434.310s][debug][safepoint   ] Safepoint synchronization initiated using futex wait barrier. (216 threads)
[2025-03-19T13:40:51.967+0000][434.310s][info ][safepoint   ] Safepoint "Cleanup", Time since last: 3000203008 ns, Reaching safepoint: 68080 ns, Cleanup: 12287 ns, At safepoint: 3526 ns, Total: 83893 ns
[2025-03-19T13:40:52.968+0000][435.310s][debug][safepoint   ] Safepoint synchronization initiated using futex wait barrier. (216 threads)
[2025-03-19T13:40:52.968+0000][435.310s][info ][safepoint   ] Safepoint "Cleanup", Time since last: 1000066603 ns, Reaching safepoint: 64949 ns, Cleanup: 12144 ns, At safepoint: 4628 ns, Total: 81721 ns
[2025-03-19T13:40:53.968+0000][436.310s][debug][safepoint   ] Safepoint synchronization initiated using futex wait barrier. (216 threads)
[2025-03-19T13:40:53.968+0000][436.310s][info ][safepoint   ] Safepoint "Cleanup", Time since last: 1000036089 ns, Reaching safepoint: 56260 ns, Cleanup: 14788 ns, At safepoint: 3758 ns, Total: 74806 ns
[2025-03-19T13:40:56.968+0000][439.311s][debug][safepoint   ] Safepoint synchronization initiated using futex wait barrier. (216 threads)
[2025-03-19T13:40:56.968+0000][439.311s][info ][safepoint   ] Safepoint "Cleanup", Time since last: 3000219207 ns, Reaching safepoint: 77551 ns, Cleanup: 14667 ns, At safepoint: 4197 ns, Total: 96415 ns
[2025-03-19T13:41:03.969+0000][446.312s][debug][safepoint   ] Safepoint synchronization initiated using futex wait barrier. (215 threads)
[2025-03-19T13:41:03.969+0000][446.312s][info ][safepoint   ] Safepoint "Cleanup", Time since last: 7001110535 ns, Reaching safepoint: 64900 ns, Cleanup: 12103 ns, At safepoint: 3556 ns, Total: 80559 ns
[2025-03-19T13:41:05.969+0000][448.312s][debug][safepoint   ] Safepoint synchronization initiated using futex wait barrier. (215 threads)
[2025-03-19T13:41:05.969+0000][448.312s][info ][safepoint   ] Safepoint "Cleanup", Time since last: 2000089519 ns, Reaching safepoint: 63385 ns, Cleanup: 13615 ns, At safepoint: 3997 ns, Total: 80997 ns
[2025-03-19T13:41:13.970+0000][456.312s][debug][safepoint   ] Safepoint synchronization initiated using futex wait barrier. (215 threads)
[2025-03-19T13:41:13.970+0000][456.312s][info ][safepoint   ] Safepoint "Cleanup", Time since last: 8000314406 ns, Reaching safepoint: 62722 ns, Cleanup: 13062 ns, At safepoint: 3151 ns, Total: 78935 ns
[2025-03-19T13:41:16.970+0000][459.313s][debug][safepoint   ] Safepoint synchronization initiated using futex wait barrier. (215 threads)
[2025-03-19T13:41:16.970+0000][459.313s][info ][safepoint   ] Safepoint "Cleanup", Time since last: 3000186128 ns, Reaching safepoint: 60474 ns, Cleanup: 11926 ns, At safepoint: 3310 ns, Total: 75710 ns
[2025-03-19T13:41:18.970+0000][461.313s][debug][safepoint   ] Safepoint synchronization initiated using futex wait barrier. (215 threads)
[2025-03-19T13:41:18.970+0000][461.313s][info ][safepoint   ] Safepoint "Cleanup", Time since last: 2000078731 ns, Reaching safepoint: 63719 ns, Cleanup: 11511 ns, At safepoint: 3286 ns, Total: 78516 ns
[2025-03-19T13:41:19.970+0000][462.313s][debug][safepoint   ] Safepoint synchronization initiated using futex wait barrier. (215 threads)
[2025-03-19T13:41:19.970+0000][462.313s][info ][safepoint   ] Safepoint "Cleanup", Time since last: 1000026611 ns, Reaching safepoint: 73777 ns, Cleanup: 11778 ns, At safepoint: 3321 ns, Total: 88876 ns
[2025-03-19T13:41:23.970+0000][466.313s][debug][safepoint   ] Safepoint synchronization initiated using futex wait barrier. (215 threads)
[2025-03-19T13:41:23.971+0000][466.313s][info ][safepoint   ] Safepoint "Cleanup", Time since last: 4000148012 ns, Reaching safepoint: 71603 ns, Cleanup: 15905 ns, At safepoint: 4128 ns, Total: 91636 ns
[2025-03-19T13:41:26.971+0000][469.313s][debug][safepoint   ] Safepoint synchronization initiated using futex wait barrier. (215 threads)
[2025-03-19T13:41:26.971+0000][469.313s][info ][safepoint   ] Safepoint "Cleanup", Time since last: 3000189397 ns, Reaching safepoint: 55126 ns, Cleanup: 13029 ns, At safepoint: 3723 ns, Total: 71878 ns
[2025-03-19T13:41:30.971+0000][473.314s][debug][safepoint   ] Safepoint synchronization initiated using futex wait barrier. (215 threads)
[2025-03-19T13:41:30.971+0000][473.314s][info ][safepoint   ] Safepoint "Cleanup", Time since last: 4000238432 ns, Reaching safepoint: 102220 ns, Cleanup: 15154 ns, At safepoint: 4846 ns, Total: 122220 ns
[2025-03-19T13:41:31.971+0000][474.314s][debug][safepoint   ] Safepoint synchronization initiated using futex wait barrier. (215 threads)
[2025-03-19T13:41:31.971+0000][474.314s][info ][safepoint   ] Safepoint "Cleanup", Time since last: 1000057675 ns, Reaching safepoint: 58236 ns, Cleanup: 13349 ns, At safepoint: 3439 ns, Total: 75024 ns
[2025-03-19T13:41:32.971+0000][475.314s][debug][safepoint   ] Safepoint synchronization initiated using futex wait barrier. (215 threads)
[2025-03-19T13:41:32.971+0000][475.314s][info ][safepoint   ] Safepoint "Cleanup", Time since last: 1000060756 ns, Reaching safepoint: 76745 ns, Cleanup: 12296 ns, At safepoint: 16772 ns, Total: 105813 ns
[2025-03-19T13:41:34.972+0000][477.314s][debug][safepoint   ] Safepoint synchronization initiated using futex wait barrier. (215 threads)
[2025-03-19T13:41:34.972+0000][477.314s][info ][safepoint   ] Safepoint "Cleanup", Time since last: 2000116097 ns, Reaching safepoint: 64005 ns, Cleanup: 11657 ns, At safepoint: 3181 ns, Total: 78843 ns
[2025-03-19T13:41:40.986+0000][483.329s][debug][safepoint   ] Safepoint synchronization initiated using futex wait barrier. (215 threads)
[2025-03-19T13:41:40.986+0000][483.329s][info ][safepoint   ] Safepoint "Cleanup", Time since last: 6014645561 ns, Reaching safepoint: 68807 ns, Cleanup: 12475 ns, At safepoint: 3390 ns, Total: 84672 ns
[2025-03-19T13:41:42.986+0000][485.329s][debug][safepoint   ] Safepoint synchronization initiated using futex wait barrier. (215 threads)
[2025-03-19T13:41:42.987+0000][485.329s][info ][safepoint   ] Safepoint "Cleanup", Time since last: 2000082179 ns, Reaching safepoint: 64034 ns, Cleanup: 11170 ns, At safepoint: 3649 ns, Total: 78853 ns
[2025-03-19T13:41:43.987+0000][486.329s][debug][safepoint   ] Safepoint synchronization initiated using futex wait barrier. (215 threads)
[2025-03-19T13:41:43.987+0000][486.329s][info ][safepoint   ] Safepoint "Cleanup", Time since last: 1000059674 ns, Reaching safepoint: 86905 ns, Cleanup: 20489 ns, At safepoint: 4831 ns, Total: 112225 ns
[2025-03-19T13:41:45.987+0000][488.330s][debug][safepoint   ] Safepoint synchronization initiated using futex wait barrier. (215 threads)
[2025-03-19T13:41:45.987+0000][488.330s][info ][safepoint   ] Safepoint "Cleanup", Time since last: 2000174306 ns, Reaching safepoint: 74848 ns, Cleanup: 11509 ns, At safepoint: 4076 ns, Total: 90433 ns
[2025-03-19T13:41:46.987+0000][489.330s][debug][safepoint   ] Safepoint synchronization initiated using futex wait barrier. (214 threads)
[2025-03-19T13:41:46.987+0000][489.330s][info ][safepoint   ] Safepoint "Cleanup", Time since last: 1000053032 ns, Reaching safepoint: 66806 ns, Cleanup: 20299 ns, At safepoint: 4297 ns, Total: 91402 ns
[2025-03-19T13:41:48.987+0000][491.330s][debug][safepoint   ] Safepoint synchronization initiated using futex wait barrier. (214 threads)
[2025-03-19T13:41:48.987+0000][491.330s][info ][safepoint   ] Safepoint "Cleanup", Time since last: 2000157970 ns, Reaching safepoint: 81699 ns, Cleanup: 16242 ns, At safepoint: 4557 ns, Total: 102498 ns
[2025-03-19T13:41:49.987+0000][492.330s][debug][safepoint   ] Safepoint synchronization initiated using futex wait barrier. (214 threads)
[2025-03-19T13:41:49.988+0000][492.330s][info ][safepoint   ] Safepoint "Cleanup", Time since last: 1000082185 ns, Reaching safepoint: 69656 ns, Cleanup: 13829 ns, At safepoint: 4407 ns, Total: 87892 ns
[2025-03-19T13:41:51.988+0000][494.330s][debug][safepoint   ] Safepoint synchronization initiated using futex wait barrier. (214 threads)
[2025-03-19T13:41:51.988+0000][494.331s][info ][safepoint   ] Safepoint "Cleanup", Time since last: 2000332292 ns, Reaching safepoint: 79989 ns, Cleanup: 17271 ns, At safepoint: 3641 ns, Total: 100901 ns
[2025-03-19T13:41:56.988+0000][499.331s][debug][safepoint   ] Safepoint synchronization initiated using futex wait barrier. (214 threads)
[2025-03-19T13:41:56.988+0000][499.331s][info ][safepoint   ] Safepoint "Cleanup", Time since last: 5000342562 ns, Reaching safepoint: 78950 ns, Cleanup: 15509 ns, At safepoint: 4223 ns, Total: 98682 ns
[2025-03-19T13:41:58.989+0000][501.331s][debug][safepoint   ] Safepoint synchronization initiated using futex wait barrier. (213 threads)
[2025-03-19T13:41:58.989+0000][501.331s][info ][safepoint   ] Safepoint "Cleanup", Time since last: 2000101587 ns, Reaching safepoint: 68404 ns, Cleanup: 16545 ns, At safepoint: 3692 ns, Total: 88641 ns
[2025-03-19T13:41:59.989+0000][502.331s][debug][safepoint   ] Safepoint synchronization initiated using futex wait barrier. (213 threads)
[2025-03-19T13:41:59.989+0000][502.331s][info ][safepoint   ] Safepoint "Cleanup", Time since last: 1000105917 ns, Reaching safepoint: 91423 ns, Cleanup: 21249 ns, At safepoint: 4291 ns, Total: 116963 ns
[2025-03-19T13:42:01.989+0000][504.332s][debug][safepoint   ] Safepoint synchronization initiated using futex wait barrier. (213 threads)
[2025-03-19T13:42:01.989+0000][504.332s][info ][safepoint   ] Safepoint "Cleanup", Time since last: 2000117897 ns, Reaching safepoint: 107468 ns, Cleanup: 14194 ns, At safepoint: 4687 ns, Total: 126349 ns
[2025-03-19T13:42:03.989+0000][506.332s][debug][safepoint   ] Safepoint synchronization initiated using futex wait barrier. (213 threads)
[2025-03-19T13:42:03.989+0000][506.332s][info ][safepoint   ] Safepoint "Cleanup", Time since last: 2000155083 ns, Reaching safepoint: 65643 ns, Cleanup: 15215 ns, At safepoint: 4048 ns, Total: 84906 ns
[2025-03-19T13:42:06.990+0000][509.332s][debug][safepoint   ] Safepoint synchronization initiated using futex wait barrier. (213 threads)
[2025-03-19T13:42:06.990+0000][509.332s][info ][safepoint   ] Safepoint "Cleanup", Time since last: 3000209836 ns, Reaching safepoint: 168986 ns, Cleanup: 19637 ns, At safepoint: 5011 ns, Total: 193634 ns
[2025-03-19T13:42:08.991+0000][511.334s][debug][safepoint   ] Safepoint synchronization initiated using futex wait barrier. (213 threads)
[2025-03-19T13:42:08.991+0000][511.334s][info ][safepoint   ] Safepoint "Cleanup", Time since last: 2001472077 ns, Reaching safepoint: 74895 ns, Cleanup: 52814 ns, At safepoint: 4029 ns, Total: 131738 ns
[2025-03-19T13:42:10.992+0000][513.334s][debug][safepoint   ] Safepoint synchronization initiated using futex wait barrier. (213 threads)
[2025-03-19T13:42:10.992+0000][513.334s][info ][safepoint   ] Safepoint "Cleanup", Time since last: 2000193564 ns, Reaching safepoint: 81583 ns, Cleanup: 23259 ns, At safepoint: 5787 ns, Total: 110629 ns
[2025-03-19T13:42:13.992+0000][516.334s][debug][safepoint   ] Safepoint synchronization initiated using futex wait barrier. (213 threads)
[2025-03-19T13:42:13.992+0000][516.335s][info ][safepoint   ] Safepoint "Cleanup", Time since last: 3000200620 ns, Reaching safepoint: 86540 ns, Cleanup: 18243 ns, At safepoint: 4759 ns, Total: 109542 ns
[2025-03-19T13:42:16.992+0000][519.335s][debug][safepoint   ] Safepoint synchronization initiated using futex wait barrier. (213 threads)
[2025-03-19T13:42:16.992+0000][519.335s][info ][safepoint   ] Safepoint "Cleanup", Time since last: 3000158567 ns, Reaching safepoint: 66252 ns, Cleanup: 16971 ns, At safepoint: 3640 ns, Total: 86863 ns
[2025-03-19T13:42:18.992+0000][521.335s][debug][safepoint   ] Safepoint synchronization initiated using futex wait barrier. (213 threads)
[2025-03-19T13:42:18.992+0000][521.335s][info ][safepoint   ] Safepoint "Cleanup", Time since last: 2000167961 ns, Reaching safepoint: 81721 ns, Cleanup: 22557 ns, At safepoint: 4462 ns, Total: 108740 ns
[2025-03-19T13:42:20.993+0000][523.335s][debug][safepoint   ] Safepoint synchronization initiated using futex wait barrier. (213 threads)
[2025-03-19T13:42:20.993+0000][523.335s][info ][safepoint   ] Safepoint "Cleanup", Time since last: 2000121889 ns, Reaching safepoint: 64784 ns, Cleanup: 12267 ns, At safepoint: 3385 ns, Total: 80436 ns
[2025-03-19T13:42:21.209+0000][523.551s][debug][safepoint   ] Safepoint synchronization initiated using futex wait barrier. (213 threads)
[2025-03-19T13:42:21.209+0000][523.552s][info ][gc,start    ] GC(78) Pause Young (Prepare Mixed) (G1 Evacuation Pause)
[2025-03-19T13:42:21.209+0000][523.552s][info ][gc,task     ] GC(78) Using 4 workers of 4 for evacuation
[2025-03-19T13:42:21.226+0000][523.569s][info ][gc,phases   ] GC(78)   Pre Evacuate Collection Set: 0.2ms
[2025-03-19T13:42:21.226+0000][523.569s][info ][gc,phases   ] GC(78)   Merge Heap Roots: 0.3ms
[2025-03-19T13:42:21.226+0000][523.569s][info ][gc,phases   ] GC(78)   Evacuate Collection Set: 14.6ms
[2025-03-19T13:42:21.226+0000][523.569s][info ][gc,phases   ] GC(78)   Post Evacuate Collection Set: 1.9ms
[2025-03-19T13:42:21.226+0000][523.569s][info ][gc,phases   ] GC(78)   Other: 0.2ms
[2025-03-19T13:42:21.226+0000][523.569s][info ][gc,heap     ] GC(78) Eden regions: 288->0(22)
[2025-03-19T13:42:21.226+0000][523.569s][info ][gc,heap     ] GC(78) Survivor regions: 3->5(37)
[2025-03-19T13:42:21.226+0000][523.569s][info ][gc,heap     ] GC(78) Old regions: 179->179
[2025-03-19T13:42:21.226+0000][523.569s][info ][gc,heap     ] GC(78) Archive regions: 2->2
[2025-03-19T13:42:21.226+0000][523.569s][info ][gc,heap     ] GC(78) Humongous regions: 0->0
[2025-03-19T13:42:21.226+0000][523.569s][info ][gc,metaspace] GC(78) Metaspace: 191559K(192960K)->191559K(192960K) NonClass: 168247K(168960K)->168247K(168960K) Class: 23311K(24000K)->23311K(24000K)
[2025-03-19T13:42:21.226+0000][523.569s][info ][gc          ] GC(78) Pause Young (Prepare Mixed) (G1 Evacuation Pause) 470M->184M(546M) 17.185ms
[2025-03-19T13:42:21.226+0000][523.569s][info ][gc,cpu      ] GC(78) User=0.03s Sys=0.00s Real=0.02s
[2025-03-19T13:42:21.226+0000][523.569s][info ][safepoint   ] Safepoint "G1CollectForAllocation", Time since last: 216119066 ns, Reaching safepoint: 150794 ns, Cleanup: 5908 ns, At safepoint: 17518962 ns, Total: 17675664 ns
[2025-03-19T13:42:24.227+0000][526.569s][debug][safepoint   ] Safepoint synchronization initiated using futex wait barrier. (213 threads)
[2025-03-19T13:42:24.227+0000][526.569s][info ][safepoint   ] Safepoint "Cleanup", Time since last: 3000163208 ns, Reaching safepoint: 62560 ns, Cleanup: 17837 ns, At safepoint: 3575 ns, Total: 83972 ns
[2025-03-19T13:42:25.227+0000][527.569s][debug][safepoint   ] Safepoint synchronization initiated using futex wait barrier. (213 threads)
[2025-03-19T13:42:25.227+0000][527.569s][info ][safepoint   ] Safepoint "Cleanup", Time since last: 1000062087 ns, Reaching safepoint: 71986 ns, Cleanup: 12965 ns, At safepoint: 3430 ns, Total: 88381 ns
[2025-03-19T13:42:26.227+0000][528.570s][debug][safepoint   ] Safepoint synchronization initiated using futex wait barrier. (213 threads)
[2025-03-19T13:42:26.227+0000][528.570s][info ][safepoint   ] Safepoint "Cleanup", Time since last: 1000077666 ns, Reaching safepoint: 68933 ns, Cleanup: 12291 ns, At safepoint: 3862 ns, Total: 85086 ns
[2025-03-19T13:42:29.227+0000][531.570s][debug][safepoint   ] Safepoint synchronization initiated using futex wait barrier. (213 threads)
[2025-03-19T13:42:29.227+0000][531.570s][info ][safepoint   ] Safepoint "Cleanup", Time since last: 3000212974 ns, Reaching safepoint: 62335 ns, Cleanup: 13063 ns, At safepoint: 3521 ns, Total: 78919 ns
[2025-03-19T13:42:31.228+0000][533.570s][debug][safepoint   ] Safepoint synchronization initiated using futex wait barrier. (213 threads)
[2025-03-19T13:42:31.228+0000][533.570s][info ][safepoint   ] Safepoint "Cleanup", Time since last: 2000249654 ns, Reaching safepoint: 96532 ns, Cleanup: 16529 ns, At safepoint: 3758 ns, Total: 116819 ns
[2025-03-19T13:42:33.228+0000][535.570s][debug][safepoint   ] Safepoint synchronization initiated using futex wait barrier. (213 threads)
[2025-03-19T13:42:33.228+0000][535.571s][info ][safepoint   ] Safepoint "Cleanup", Time since last: 2000132311 ns, Reaching safepoint: 75459 ns, Cleanup: 14329 ns, At safepoint: 4256 ns, Total: 94044 ns
[2025-03-19T13:42:37.177+0000][539.520s][debug][safepoint   ] Safepoint synchronization initiated using futex wait barrier. (213 threads)
[2025-03-19T13:42:37.177+0000][539.520s][info ][gc,start    ] GC(79) Pause Young (Mixed) (G1 Evacuation Pause)
[2025-03-19T13:42:37.177+0000][539.520s][info ][gc,task     ] GC(79) Using 4 workers of 4 for evacuation
[2025-03-19T13:42:37.199+0000][539.541s][info ][gc,phases   ] GC(79)   Pre Evacuate Collection Set: 0.1ms
[2025-03-19T13:42:37.199+0000][539.541s][info ][gc,phases   ] GC(79)   Merge Heap Roots: 0.3ms
[2025-03-19T13:42:37.199+0000][539.541s][info ][gc,phases   ] GC(79)   Evacuate Collection Set: 18.2ms
[2025-03-19T13:42:37.199+0000][539.541s][info ][gc,phases   ] GC(79)   Post Evacuate Collection Set: 2.7ms
[2025-03-19T13:42:37.199+0000][539.541s][info ][gc,phases   ] GC(79)   Other: 0.2ms
[2025-03-19T13:42:37.199+0000][539.541s][info ][gc,heap     ] GC(79) Eden regions: 22->0(294)
[2025-03-19T13:42:37.199+0000][539.541s][info ][gc,heap     ] GC(79) Survivor regions: 5->1(4)
[2025-03-19T13:42:37.199+0000][539.541s][info ][gc,heap     ] GC(79) Old regions: 179->177
[2025-03-19T13:42:37.199+0000][539.541s][info ][gc,heap     ] GC(79) Archive regions: 2->2
[2025-03-19T13:42:37.199+0000][539.541s][info ][gc,heap     ] GC(79) Humongous regions: 0->0
[2025-03-19T13:42:37.199+0000][539.541s][info ][gc,metaspace] GC(79) Metaspace: 191578K(192960K)->191578K(192960K) NonClass: 168266K(168960K)->168266K(168960K) Class: 23311K(24000K)->23311K(24000K)
[2025-03-19T13:42:37.199+0000][539.541s][info ][gc          ] GC(79) Pause Young (Mixed) (G1 Evacuation Pause) 206M->177M(546M) 21.648ms
[2025-03-19T13:42:37.199+0000][539.542s][info ][gc,cpu      ] GC(79) User=0.05s Sys=0.00s Real=0.02s
[2025-03-19T13:42:37.201+0000][539.543s][info ][safepoint   ] Safepoint "G1CollectForAllocation", Time since last: 3949225937 ns, Reaching safepoint: 60603 ns, Cleanup: 4147 ns, At safepoint: 23649284 ns, Total: 23714034 ns
[2025-03-19T13:42:38.201+0000][540.544s][debug][safepoint   ] Safepoint synchronization initiated using futex wait barrier. (213 threads)
[2025-03-19T13:42:38.201+0000][540.544s][info ][safepoint   ] Safepoint "Cleanup", Time since last: 1000138781 ns, Reaching safepoint: 60264 ns, Cleanup: 14877 ns, At safepoint: 3415 ns, Total: 78556 ns
[2025-03-19T13:42:39.201+0000][541.544s][debug][safepoint   ] Safepoint synchronization initiated using futex wait barrier. (213 threads)
[2025-03-19T13:42:39.201+0000][541.544s][info ][safepoint   ] Safepoint "Cleanup", Time since last: 1000038184 ns, Reaching safepoint: 65360 ns, Cleanup: 12424 ns, At safepoint: 3788 ns, Total: 81572 ns
[2025-03-19T13:42:40.201+0000][542.544s][debug][safepoint   ] Safepoint synchronization initiated using futex wait barrier. (213 threads)
[2025-03-19T13:42:40.201+0000][542.544s][info ][safepoint   ] Safepoint "Cleanup", Time since last: 1000082097 ns, Reaching safepoint: 74554 ns, Cleanup: 14485 ns, At safepoint: 3787 ns, Total: 92826 ns
[2025-03-19T13:42:44.202+0000][546.544s][debug][safepoint   ] Safepoint synchronization initiated using futex wait barrier. (213 threads)
[2025-03-19T13:42:44.202+0000][546.544s][info ][safepoint   ] Safepoint "Cleanup", Time since last: 4000424494 ns, Reaching safepoint: 85076 ns, Cleanup: 16464 ns, At safepoint: 4876 ns, Total: 106416 ns
[2025-03-19T13:42:46.202+0000][548.545s][debug][safepoint   ] Safepoint synchronization initiated using futex wait barrier. (213 threads)
[2025-03-19T13:42:46.202+0000][548.545s][info ][safepoint   ] Safepoint "Cleanup", Time since last: 2000109524 ns, Reaching safepoint: 61607 ns, Cleanup: 13719 ns, At safepoint: 3663 ns, Total: 78989 ns
[2025-03-19T13:42:47.202+0000][549.545s][debug][safepoint   ] Safepoint synchronization initiated using futex wait barrier. (213 threads)
[2025-03-19T13:42:47.202+0000][549.545s][info ][safepoint   ] Safepoint "Cleanup", Time since last: 1000098332 ns, Reaching safepoint: 119184 ns, Cleanup: 25322 ns, At safepoint: 16357 ns, Total: 160863 ns
[2025-03-19T13:42:56.203+0000][558.545s][debug][safepoint   ] Safepoint synchronization initiated using futex wait barrier. (213 threads)
[2025-03-19T13:42:56.203+0000][558.545s][info ][safepoint   ] Safepoint "Cleanup", Time since last: 9000343550 ns, Reaching safepoint: 73410 ns, Cleanup: 13590 ns, At safepoint: 3589 ns, Total: 90589 ns
[2025-03-19T13:42:59.203+0000][561.546s][debug][safepoint   ] Safepoint synchronization initiated using futex wait barrier. (213 threads)
[2025-03-19T13:42:59.203+0000][561.546s][info ][safepoint   ] Safepoint "Cleanup", Time since last: 3000159397 ns, Reaching safepoint: 63002 ns, Cleanup: 18926 ns, At safepoint: 3774 ns, Total: 85702 ns
[2025-03-19T13:43:00.203+0000][562.546s][debug][safepoint   ] Safepoint synchronization initiated using futex wait barrier. (212 threads)
[2025-03-19T13:43:00.203+0000][562.546s][info ][safepoint   ] Safepoint "Cleanup", Time since last: 1000029929 ns, Reaching safepoint: 60358 ns, Cleanup: 12504 ns, At safepoint: 3554 ns, Total: 76416 ns
[2025-03-19T13:43:01.203+0000][563.546s][debug][safepoint   ] Safepoint synchronization initiated using futex wait barrier. (212 threads)
[2025-03-19T13:43:01.203+0000][563.546s][info ][safepoint   ] Safepoint "Cleanup", Time since last: 1000030157 ns, Reaching safepoint: 60987 ns, Cleanup: 13582 ns, At safepoint: 3129 ns, Total: 77698 ns
[2025-03-19T13:43:03.203+0000][565.546s][debug][safepoint   ] Safepoint synchronization initiated using futex wait barrier. (212 threads)
[2025-03-19T13:43:03.203+0000][565.546s][info ][safepoint   ] Safepoint "Cleanup", Time since last: 2000107573 ns, Reaching safepoint: 69902 ns, Cleanup: 12773 ns, At safepoint: 4143 ns, Total: 86818 ns
[2025-03-19T13:43:04.203+0000][566.546s][debug][safepoint   ] Safepoint synchronization initiated using futex wait barrier. (212 threads)
[2025-03-19T13:43:04.204+0000][566.546s][info ][safepoint   ] Safepoint "Cleanup", Time since last: 1000034536 ns, Reaching safepoint: 64245 ns, Cleanup: 18502 ns, At safepoint: 5310 ns, Total: 88057 ns
[2025-03-19T13:43:05.204+0000][567.546s][debug][safepoint   ] Safepoint synchronization initiated using futex wait barrier. (212 threads)
[2025-03-19T13:43:05.204+0000][567.546s][info ][safepoint   ] Safepoint "Cleanup", Time since last: 1000058889 ns, Reaching safepoint: 62410 ns, Cleanup: 11194 ns, At safepoint: 4258 ns, Total: 77862 ns
[2025-03-19T13:43:09.204+0000][571.546s][debug][safepoint   ] Safepoint synchronization initiated using futex wait barrier. (212 threads)
[2025-03-19T13:43:09.204+0000][571.547s][info ][safepoint   ] Safepoint "Cleanup", Time since last: 4000198566 ns, Reaching safepoint: 66655 ns, Cleanup: 16173 ns, At safepoint: 3487 ns, Total: 86315 ns
[2025-03-19T13:43:10.204+0000][572.547s][debug][safepoint   ] Safepoint synchronization initiated using futex wait barrier. (212 threads)
[2025-03-19T13:43:10.204+0000][572.547s][info ][safepoint   ] Safepoint "Cleanup", Time since last: 1000096141 ns, Reaching safepoint: 67273 ns, Cleanup: 11692 ns, At safepoint: 4180 ns, Total: 83145 ns
[2025-03-19T13:43:12.204+0000][574.547s][debug][safepoint   ] Safepoint synchronization initiated using futex wait barrier. (212 threads)
[2025-03-19T13:43:12.204+0000][574.547s][info ][safepoint   ] Safepoint "Cleanup", Time since last: 2000131378 ns, Reaching safepoint: 64834 ns, Cleanup: 14817 ns, At safepoint: 3780 ns, Total: 83431 ns
[2025-03-19T13:43:14.205+0000][576.547s][debug][safepoint   ] Safepoint synchronization initiated using futex wait barrier. (212 threads)
[2025-03-19T13:43:14.205+0000][576.547s][info ][safepoint   ] Safepoint "Cleanup", Time since last: 2000130686 ns, Reaching safepoint: 60540 ns, Cleanup: 9724 ns, At safepoint: 3607 ns, Total: 73871 ns
[2025-03-19T13:43:16.205+0000][578.547s][debug][safepoint   ] Safepoint synchronization initiated using futex wait barrier. (212 threads)
[2025-03-19T13:43:16.205+0000][578.547s][info ][safepoint   ] Safepoint "Cleanup", Time since last: 2000086189 ns, Reaching safepoint: 58696 ns, Cleanup: 11137 ns, At safepoint: 3318 ns, Total: 73151 ns
[2025-03-19T13:43:37.206+0000][599.548s][debug][safepoint   ] Safepoint synchronization initiated using futex wait barrier. (212 threads)
[2025-03-19T13:43:37.206+0000][599.548s][info ][safepoint   ] Safepoint "Cleanup", Time since last: 21000990626 ns, Reaching safepoint: 71994 ns, Cleanup: 18049 ns, At safepoint: 4130 ns, Total: 94173 ns
[2025-03-19T13:43:39.019+0000][601.362s][debug][safepoint   ] Safepoint synchronization initiated using futex wait barrier. (212 threads)
[2025-03-19T13:43:39.019+0000][601.362s][info ][safepoint   ] Safepoint "Cleanup", Time since last: 1813159892 ns, Reaching safepoint: 83453 ns, Cleanup: 23194 ns, At safepoint: 4695 ns, Total: 111342 ns
[2025-03-19T13:43:40.019+0000][602.362s][debug][safepoint   ] Safepoint synchronization initiated using futex wait barrier. (212 threads)
[2025-03-19T13:43:40.019+0000][602.362s][info ][safepoint   ] Safepoint "Cleanup", Time since last: 1000050443 ns, Reaching safepoint: 56767 ns, Cleanup: 12989 ns, At safepoint: 3429 ns, Total: 73185 ns
[2025-03-19T13:43:44.020+0000][606.362s][debug][safepoint   ] Safepoint synchronization initiated using futex wait barrier. (212 threads)
[2025-03-19T13:43:44.020+0000][606.362s][info ][safepoint   ] Safepoint "Cleanup", Time since last: 4000392876 ns, Reaching safepoint: 67013 ns, Cleanup: 20375 ns, At safepoint: 4092 ns, Total: 91480 ns
[2025-03-19T13:43:47.021+0000][609.363s][debug][safepoint   ] Safepoint synchronization initiated using futex wait barrier. (212 threads)
[2025-03-19T13:43:47.021+0000][609.363s][info ][safepoint   ] Safepoint "Cleanup", Time since last: 3000961847 ns, Reaching safepoint: 76387 ns, Cleanup: 23026 ns, At safepoint: 4165 ns, Total: 103578 ns
[2025-03-19T13:43:49.021+0000][611.363s][debug][safepoint   ] Safepoint synchronization initiated using futex wait barrier. (212 threads)
[2025-03-19T13:43:49.021+0000][611.364s][info ][safepoint   ] Safepoint "Cleanup", Time since last: 2000121144 ns, Reaching safepoint: 60380 ns, Cleanup: 15791 ns, At safepoint: 3413 ns, Total: 79584 ns
[2025-03-19T13:43:50.021+0000][612.364s][debug][safepoint   ] Safepoint synchronization initiated using futex wait barrier. (212 threads)
[2025-03-19T13:43:50.021+0000][612.364s][info ][safepoint   ] Safepoint "Cleanup", Time since last: 1000084451 ns, Reaching safepoint: 69514 ns, Cleanup: 16081 ns, At safepoint: 4060 ns, Total: 89655 ns
[2025-03-19T13:43:51.021+0000][613.364s][debug][safepoint   ] Safepoint synchronization initiated using futex wait barrier. (212 threads)
[2025-03-19T13:43:51.021+0000][613.364s][info ][safepoint   ] Safepoint "Cleanup", Time since last: 1000068149 ns, Reaching safepoint: 73036 ns, Cleanup: 15649 ns, At safepoint: 3691 ns, Total: 92376 ns
[2025-03-19T13:43:53.021+0000][615.364s][debug][safepoint   ] Safepoint synchronization initiated using futex wait barrier. (212 threads)
[2025-03-19T13:43:53.022+0000][615.364s][info ][safepoint   ] Safepoint "Cleanup", Time since last: 2000136460 ns, Reaching safepoint: 109476 ns, Cleanup: 14247 ns, At safepoint: 26115 ns, Total: 149838 ns
[2025-03-19T13:43:54.022+0000][616.364s][debug][safepoint   ] Safepoint synchronization initiated using futex wait barrier. (212 threads)
[2025-03-19T13:43:54.022+0000][616.364s][info ][safepoint   ] Safepoint "Cleanup", Time since last: 1000054800 ns, Reaching safepoint: 62266 ns, Cleanup: 12094 ns, At safepoint: 3141 ns, Total: 77501 ns
[2025-03-19T13:43:56.022+0000][618.364s][debug][safepoint   ] Safepoint synchronization initiated using futex wait barrier. (212 threads)
[2025-03-19T13:43:56.022+0000][618.365s][info ][safepoint   ] Safepoint "Cleanup", Time since last: 2000116428 ns, Reaching safepoint: 254342 ns, Cleanup: 18725 ns, At safepoint: 5086 ns, Total: 278153 ns
[2025-03-19T13:43:59.024+0000][621.366s][debug][safepoint   ] Safepoint synchronization initiated using futex wait barrier. (211 threads)
[2025-03-19T13:43:59.024+0000][621.367s][info ][safepoint   ] Safepoint "Cleanup", Time since last: 3001732373 ns, Reaching safepoint: 81766 ns, Cleanup: 22445 ns, At safepoint: 4609 ns, Total: 108820 ns
[2025-03-19T13:44:00.024+0000][622.367s][debug][safepoint   ] Safepoint synchronization initiated using futex wait barrier. (210 threads)
[2025-03-19T13:44:00.024+0000][622.367s][info ][safepoint   ] Safepoint "Cleanup", Time since last: 1000079695 ns, Reaching safepoint: 75143 ns, Cleanup: 14590 ns, At safepoint: 3610 ns, Total: 93343 ns
[2025-03-19T13:44:02.024+0000][624.367s][debug][safepoint   ] Safepoint synchronization initiated using futex wait barrier. (210 threads)
[2025-03-19T13:44:02.024+0000][624.367s][info ][safepoint   ] Safepoint "Cleanup", Time since last: 2000086999 ns, Reaching safepoint: 77420 ns, Cleanup: 19263 ns, At safepoint: 4059 ns, Total: 100742 ns
[2025-03-19T13:44:19.026+0000][641.368s][debug][safepoint   ] Safepoint synchronization initiated using futex wait barrier. (211 threads)
[2025-03-19T13:44:19.026+0000][641.368s][info ][safepoint   ] Safepoint "Cleanup", Time since last: 17001411509 ns, Reaching safepoint: 59478 ns, Cleanup: 11131 ns, At safepoint: 3222 ns, Total: 73831 ns
[2025-03-19T13:44:24.028+0000][646.371s][debug][safepoint   ] Safepoint synchronization initiated using futex wait barrier. (211 threads)
[2025-03-19T13:44:24.028+0000][646.371s][info ][safepoint   ] Safepoint "Cleanup", Time since last: 5002163819 ns, Reaching safepoint: 59067 ns, Cleanup: 13324 ns, At safepoint: 3642 ns, Total: 76033 ns
[2025-03-19T13:44:26.028+0000][648.371s][debug][safepoint   ] Safepoint synchronization initiated using futex wait barrier. (211 threads)
[2025-03-19T13:44:26.028+0000][648.371s][info ][safepoint   ] Safepoint "Cleanup", Time since last: 2000292368 ns, Reaching safepoint: 53935 ns, Cleanup: 14707 ns, At safepoint: 4411 ns, Total: 73053 ns
[2025-03-19T13:44:34.029+0000][656.371s][debug][safepoint   ] Safepoint synchronization initiated using futex wait barrier. (211 threads)
[2025-03-19T13:44:34.029+0000][656.372s][info ][safepoint   ] Safepoint "Cleanup", Time since last: 8000419303 ns, Reaching safepoint: 77586 ns, Cleanup: 15155 ns, At safepoint: 4526 ns, Total: 97267 ns
[2025-03-19T13:44:41.037+0000][663.379s][debug][safepoint   ] Safepoint synchronization initiated using futex wait barrier. (211 threads)
[2025-03-19T13:44:41.037+0000][663.379s][info ][safepoint   ] Safepoint "Cleanup", Time since last: 7007584178 ns, Reaching safepoint: 65681 ns, Cleanup: 10184 ns, At safepoint: 3581 ns, Total: 79446 ns
[2025-03-19T13:44:45.037+0000][667.379s][debug][safepoint   ] Safepoint synchronization initiated using futex wait barrier. (211 threads)
[2025-03-19T13:44:45.037+0000][667.379s][info ][safepoint   ] Safepoint "Cleanup", Time since last: 4000157366 ns, Reaching safepoint: 71078 ns, Cleanup: 13474 ns, At safepoint: 3680 ns, Total: 88232 ns
[2025-03-19T13:44:49.037+0000][671.380s][debug][safepoint   ] Safepoint synchronization initiated using futex wait barrier. (211 threads)
[2025-03-19T13:44:49.037+0000][671.380s][info ][safepoint   ] Safepoint "Cleanup", Time since last: 4000229623 ns, Reaching safepoint: 51867 ns, Cleanup: 12935 ns, At safepoint: 3228 ns, Total: 68030 ns
[2025-03-19T13:44:50.037+0000][672.380s][debug][safepoint   ] Safepoint synchronization initiated using futex wait barrier. (211 threads)
[2025-03-19T13:44:50.037+0000][672.380s][info ][safepoint   ] Safepoint "Cleanup", Time since last: 1000029519 ns, Reaching safepoint: 62999 ns, Cleanup: 15113 ns, At safepoint: 4512 ns, Total: 82624 ns
[2025-03-19T13:44:54.037+0000][676.380s][debug][safepoint   ] Safepoint synchronization initiated using futex wait barrier. (211 threads)
[2025-03-19T13:44:54.037+0000][676.380s][info ][safepoint   ] Safepoint "Cleanup", Time since last: 4000140193 ns, Reaching safepoint: 65003 ns, Cleanup: 11553 ns, At safepoint: 3395 ns, Total: 79951 ns
[2025-03-19T13:44:56.038+0000][678.380s][debug][safepoint   ] Safepoint synchronization initiated using futex wait barrier. (211 threads)
[2025-03-19T13:44:56.038+0000][678.380s][info ][safepoint   ] Safepoint "Cleanup", Time since last: 2000113936 ns, Reaching safepoint: 62516 ns, Cleanup: 15402 ns, At safepoint: 3481 ns, Total: 81399 ns
[2025-03-19T13:45:00.038+0000][682.380s][debug][safepoint   ] Safepoint synchronization initiated using futex wait barrier. (209 threads)
[2025-03-19T13:45:00.038+0000][682.381s][info ][safepoint   ] Safepoint "Cleanup", Time since last: 4000230771 ns, Reaching safepoint: 71792 ns, Cleanup: 19129 ns, At safepoint: 4019 ns, Total: 94940 ns
[2025-03-19T13:45:04.038+0000][686.381s][debug][safepoint   ] Safepoint synchronization initiated using futex wait barrier. (209 threads)
[2025-03-19T13:45:04.038+0000][686.381s][info ][safepoint   ] Safepoint "Cleanup", Time since last: 4000249625 ns, Reaching safepoint: 63506 ns, Cleanup: 11488 ns, At safepoint: 4030 ns, Total: 79024 ns
[2025-03-19T13:45:05.038+0000][687.381s][debug][safepoint   ] Safepoint synchronization initiated using futex wait barrier. (209 threads)
[2025-03-19T13:45:05.038+0000][687.381s][info ][safepoint   ] Safepoint "Cleanup", Time since last: 1000041903 ns, Reaching safepoint: 60179 ns, Cleanup: 13329 ns, At safepoint: 4571 ns, Total: 78079 ns
[2025-03-19T13:45:06.039+0000][688.381s][debug][safepoint   ] Safepoint synchronization initiated using futex wait barrier. (209 threads)
[2025-03-19T13:45:06.039+0000][688.381s][info ][safepoint   ] Safepoint "Cleanup", Time since last: 1000076727 ns, Reaching safepoint: 60603 ns, Cleanup: 11462 ns, At safepoint: 3176 ns, Total: 75241 ns
[2025-03-19T13:45:07.039+0000][689.381s][debug][safepoint   ] Safepoint synchronization initiated using futex wait barrier. (209 threads)
[2025-03-19T13:45:07.039+0000][689.381s][info ][safepoint   ] Safepoint "Cleanup", Time since last: 1000051626 ns, Reaching safepoint: 64146 ns, Cleanup: 12639 ns, At safepoint: 3678 ns, Total: 80463 ns
[2025-03-19T13:45:14.039+0000][696.382s][debug][safepoint   ] Safepoint synchronization initiated using futex wait barrier. (208 threads)
[2025-03-19T13:45:14.039+0000][696.382s][info ][safepoint   ] Safepoint "Cleanup", Time since last: 7000399426 ns, Reaching safepoint: 61119 ns, Cleanup: 12098 ns, At safepoint: 3292 ns, Total: 76509 ns
[2025-03-19T13:45:19.039+0000][701.382s][debug][safepoint   ] Safepoint synchronization initiated using futex wait barrier. (208 threads)
[2025-03-19T13:45:19.040+0000][701.382s][info ][safepoint   ] Safepoint "Cleanup", Time since last: 5000225527 ns, Reaching safepoint: 52516 ns, Cleanup: 14275 ns, At safepoint: 3983 ns, Total: 70774 ns
[2025-03-19T13:45:20.040+0000][702.382s][debug][safepoint   ] Safepoint synchronization initiated using futex wait barrier. (208 threads)
[2025-03-19T13:45:20.040+0000][702.382s][info ][safepoint   ] Safepoint "Cleanup", Time since last: 1000040872 ns, Reaching safepoint: 63650 ns, Cleanup: 12981 ns, At safepoint: 3663 ns, Total: 80294 ns
[2025-03-19T13:45:24.040+0000][706.382s][debug][safepoint   ] Safepoint synchronization initiated using futex wait barrier. (208 threads)
[2025-03-19T13:45:24.040+0000][706.382s][info ][safepoint   ] Safepoint "Cleanup", Time since last: 4000179604 ns, Reaching safepoint: 61667 ns, Cleanup: 11188 ns, At safepoint: 3642 ns, Total: 76497 ns
[2025-03-19T13:45:29.040+0000][711.383s][debug][safepoint   ] Safepoint synchronization initiated using futex wait barrier. (208 threads)
[2025-03-19T13:45:29.040+0000][711.383s][info ][safepoint   ] Safepoint "Cleanup", Time since last: 5000306358 ns, Reaching safepoint: 55926 ns, Cleanup: 14173 ns, At safepoint: 3169 ns, Total: 73268 ns
[2025-03-19T13:45:32.040+0000][714.383s][debug][safepoint   ] Safepoint synchronization initiated using futex wait barrier. (208 threads)
[2025-03-19T13:45:32.041+0000][714.383s][info ][safepoint   ] Safepoint "Cleanup", Time since last: 3000202958 ns, Reaching safepoint: 61687 ns, Cleanup: 11915 ns, At safepoint: 3469 ns, Total: 77071 ns
[2025-03-19T13:45:34.041+0000][716.383s][debug][safepoint   ] Safepoint synchronization initiated using futex wait barrier. (208 threads)
[2025-03-19T13:45:34.041+0000][716.383s][info ][safepoint   ] Safepoint "Cleanup", Time since last: 2000103762 ns, Reaching safepoint: 60350 ns, Cleanup: 11681 ns, At safepoint: 3049 ns, Total: 75080 ns
[2025-03-19T13:45:35.041+0000][717.383s][debug][safepoint   ] Safepoint synchronization initiated using futex wait barrier. (208 threads)
[2025-03-19T13:45:35.041+0000][717.384s][info ][safepoint   ] Safepoint "Cleanup", Time since last: 1000131472 ns, Reaching safepoint: 155110 ns, Cleanup: 24676 ns, At safepoint: 7077 ns, Total: 186863 ns
[2025-03-19T13:45:39.050+0000][721.393s][debug][safepoint   ] Safepoint synchronization initiated using futex wait barrier. (208 threads)
[2025-03-19T13:45:39.050+0000][721.393s][info ][safepoint   ] Safepoint "Cleanup", Time since last: 4009305024 ns, Reaching safepoint: 59543 ns, Cleanup: 13200 ns, At safepoint: 3332 ns, Total: 76075 ns
[2025-03-19T13:45:41.050+0000][723.393s][debug][safepoint   ] Safepoint synchronization initiated using futex wait barrier. (208 threads)
[2025-03-19T13:45:41.051+0000][723.393s][info ][safepoint   ] Safepoint "Cleanup", Time since last: 2000053929 ns, Reaching safepoint: 62070 ns, Cleanup: 13156 ns, At safepoint: 3892 ns, Total: 79118 ns
[2025-03-19T13:45:44.051+0000][726.393s][debug][safepoint   ] Safepoint synchronization initiated using futex wait barrier. (208 threads)
[2025-03-19T13:45:44.051+0000][726.393s][info ][safepoint   ] Safepoint "Cleanup", Time since last: 3000142580 ns, Reaching safepoint: 60776 ns, Cleanup: 13465 ns, At safepoint: 4621 ns, Total: 78862 ns
[2025-03-19T13:45:46.051+0000][728.394s][debug][safepoint   ] Safepoint synchronization initiated using futex wait barrier. (208 threads)
[2025-03-19T13:45:46.051+0000][728.394s][info ][safepoint   ] Safepoint "Cleanup", Time since last: 2000189190 ns, Reaching safepoint: 68678 ns, Cleanup: 8437 ns, At safepoint: 3604 ns, Total: 80719 ns
[2025-03-19T13:45:47.051+0000][729.394s][debug][safepoint   ] Safepoint synchronization initiated using futex wait barrier. (208 threads)
[2025-03-19T13:45:47.051+0000][729.394s][info ][safepoint   ] Safepoint "Cleanup", Time since last: 1000034336 ns, Reaching safepoint: 65137 ns, Cleanup: 14019 ns, At safepoint: 4221 ns, Total: 83377 ns
[2025-03-19T13:45:49.051+0000][731.394s][debug][safepoint   ] Safepoint synchronization initiated using futex wait barrier. (208 threads)
[2025-03-19T13:45:49.051+0000][731.394s][info ][safepoint   ] Safepoint "Cleanup", Time since last: 2000074980 ns, Reaching safepoint: 59009 ns, Cleanup: 9409 ns, At safepoint: 3849 ns, Total: 72267 ns
[2025-03-19T13:45:50.051+0000][732.394s][debug][safepoint   ] Safepoint synchronization initiated using futex wait barrier. (208 threads)
[2025-03-19T13:45:50.051+0000][732.394s][info ][safepoint   ] Safepoint "Cleanup", Time since last: 1000039249 ns, Reaching safepoint: 73052 ns, Cleanup: 14441 ns, At safepoint: 3956 ns, Total: 91449 ns
[2025-03-19T13:45:56.052+0000][738.394s][debug][safepoint   ] Safepoint synchronization initiated using futex wait barrier. (208 threads)
[2025-03-19T13:45:56.052+0000][738.394s][info ][safepoint   ] Safepoint "Cleanup", Time since last: 6000331410 ns, Reaching safepoint: 82030 ns, Cleanup: 11800 ns, At safepoint: 3644 ns, Total: 97474 ns
[2025-03-19T13:46:02.052+0000][744.395s][debug][safepoint   ] Safepoint synchronization initiated using futex wait barrier. (207 threads)
[2025-03-19T13:46:02.052+0000][744.395s][info ][safepoint   ] Safepoint "Cleanup", Time since last: 6000213775 ns, Reaching safepoint: 64577 ns, Cleanup: 12119 ns, At safepoint: 3040 ns, Total: 79736 ns
[2025-03-19T13:46:04.052+0000][746.395s][debug][safepoint   ] Safepoint synchronization initiated using futex wait barrier. (207 threads)
[2025-03-19T13:46:04.052+0000][746.395s][info ][safepoint   ] Safepoint "Cleanup", Time since last: 2000135769 ns, Reaching safepoint: 62660 ns, Cleanup: 9982 ns, At safepoint: 3436 ns, Total: 76078 ns
[2025-03-19T13:46:09.053+0000][751.395s][debug][safepoint   ] Safepoint synchronization initiated using futex wait barrier. (207 threads)
[2025-03-19T13:46:09.053+0000][751.395s][info ][safepoint   ] Safepoint "Cleanup", Time since last: 5000195326 ns, Reaching safepoint: 65005 ns, Cleanup: 16851 ns, At safepoint: 3970 ns, Total: 85826 ns
[2025-03-19T13:46:10.053+0000][752.395s][debug][safepoint   ] Safepoint synchronization initiated using futex wait barrier. (207 threads)
[2025-03-19T13:46:10.053+0000][752.395s][info ][safepoint   ] Safepoint "Cleanup", Time since last: 1000072574 ns, Reaching safepoint: 63668 ns, Cleanup: 9010 ns, At safepoint: 3473 ns, Total: 76151 ns
[2025-03-19T13:46:16.053+0000][758.396s][debug][safepoint   ] Safepoint synchronization initiated using futex wait barrier. (207 threads)
[2025-03-19T13:46:16.053+0000][758.396s][info ][safepoint   ] Safepoint "Cleanup", Time since last: 6000324097 ns, Reaching safepoint: 48994 ns, Cleanup: 8429 ns, At safepoint: 3763 ns, Total: 61186 ns
[2025-03-19T13:46:24.054+0000][766.396s][debug][safepoint   ] Safepoint synchronization initiated using futex wait barrier. (207 threads)
[2025-03-19T13:46:24.054+0000][766.396s][info ][safepoint   ] Safepoint "Cleanup", Time since last: 8000392209 ns, Reaching safepoint: 70247 ns, Cleanup: 18748 ns, At safepoint: 3748 ns, Total: 92743 ns
[2025-03-19T13:46:29.054+0000][771.397s][debug][safepoint   ] Safepoint synchronization initiated using futex wait barrier. (207 threads)
[2025-03-19T13:46:29.054+0000][771.397s][info ][safepoint   ] Safepoint "Cleanup", Time since last: 5000289307 ns, Reaching safepoint: 67095 ns, Cleanup: 16748 ns, At safepoint: 2886 ns, Total: 86729 ns
[2025-03-19T13:46:34.054+0000][776.397s][debug][safepoint   ] Safepoint synchronization initiated using futex wait barrier. (207 threads)
[2025-03-19T13:46:34.054+0000][776.397s][info ][safepoint   ] Safepoint "Cleanup", Time since last: 5000313462 ns, Reaching safepoint: 70568 ns, Cleanup: 11969 ns, At safepoint: 4583 ns, Total: 87120 ns
[2025-03-19T13:46:34.564+0000][776.907s][debug][safepoint   ] Safepoint synchronization initiated using futex wait barrier. (207 threads)
[2025-03-19T13:46:34.564+0000][776.907s][info ][gc,start    ] GC(80) Pause Young (Normal) (G1 Evacuation Pause)
[2025-03-19T13:46:34.564+0000][776.907s][info ][gc,task     ] GC(80) Using 4 workers of 4 for evacuation
[2025-03-19T13:46:34.569+0000][776.912s][info ][gc,phases   ] GC(80)   Pre Evacuate Collection Set: 0.2ms
[2025-03-19T13:46:34.569+0000][776.912s][info ][gc,phases   ] GC(80)   Merge Heap Roots: 0.1ms
[2025-03-19T13:46:34.569+0000][776.912s][info ][gc,phases   ] GC(80)   Evacuate Collection Set: 3.3ms
[2025-03-19T13:46:34.569+0000][776.912s][info ][gc,phases   ] GC(80)   Post Evacuate Collection Set: 1.3ms
[2025-03-19T13:46:34.569+0000][776.912s][info ][gc,phases   ] GC(80)   Other: 0.1ms
[2025-03-19T13:46:34.569+0000][776.912s][info ][gc,heap     ] GC(80) Eden regions: 294->0(297)
[2025-03-19T13:46:34.569+0000][776.912s][info ][gc,heap     ] GC(80) Survivor regions: 1->1(37)
[2025-03-19T13:46:34.569+0000][776.912s][info ][gc,heap     ] GC(80) Old regions: 177->177
[2025-03-19T13:46:34.569+0000][776.912s][info ][gc,heap     ] GC(80) Archive regions: 2->2
[2025-03-19T13:46:34.569+0000][776.912s][info ][gc,heap     ] GC(80) Humongous regions: 0->0
[2025-03-19T13:46:34.569+0000][776.912s][info ][gc,metaspace] GC(80) Metaspace: 192055K(193536K)->192055K(193536K) NonClass: 168744K(169536K)->168744K(169536K) Class: 23311K(24000K)->23311K(24000K)
[2025-03-19T13:46:34.569+0000][776.912s][info ][gc          ] GC(80) Pause Young (Normal) (G1 Evacuation Pause) 471M->177M(546M) 5.116ms
[2025-03-19T13:46:34.569+0000][776.912s][info ][gc,cpu      ] GC(80) User=0.01s Sys=0.00s Real=0.00s
[2025-03-19T13:46:34.569+0000][776.912s][info ][safepoint   ] Safepoint "G1CollectForAllocation", Time since last: 509690781 ns, Reaching safepoint: 63961 ns, Cleanup: 4885 ns, At safepoint: 5243720 ns, Total: 5312566 ns
[2025-03-19T13:46:35.570+0000][777.912s][debug][safepoint   ] Safepoint synchronization initiated using futex wait barrier. (207 threads)
[2025-03-19T13:46:35.570+0000][777.912s][info ][safepoint   ] Safepoint "Cleanup", Time since last: 1000054410 ns, Reaching safepoint: 59460 ns, Cleanup: 15691 ns, At safepoint: 3656 ns, Total: 78807 ns
[2025-03-19T13:46:47.062+0000][789.405s][debug][safepoint   ] Safepoint synchronization initiated using futex wait barrier. (207 threads)
[2025-03-19T13:46:47.063+0000][789.405s][info ][safepoint   ] Safepoint "Cleanup", Time since last: 11492768386 ns, Reaching safepoint: 472400 ns, Cleanup: 18533 ns, At safepoint: 6856 ns, Total: 497789 ns
[2025-03-19T13:46:48.063+0000][790.406s][debug][safepoint   ] Safepoint synchronization initiated using futex wait barrier. (207 threads)
[2025-03-19T13:46:48.063+0000][790.406s][info ][safepoint   ] Safepoint "Cleanup", Time since last: 1000098323 ns, Reaching safepoint: 55210 ns, Cleanup: 12532 ns, At safepoint: 3438 ns, Total: 71180 ns
[2025-03-19T13:46:49.063+0000][791.406s][debug][safepoint   ] Safepoint synchronization initiated using futex wait barrier. (207 threads)
[2025-03-19T13:46:49.063+0000][791.406s][info ][safepoint   ] Safepoint "Cleanup", Time since last: 1000094523 ns, Reaching safepoint: 66759 ns, Cleanup: 15522 ns, At safepoint: 4184 ns, Total: 86465 ns
[2025-03-19T13:46:53.063+0000][795.406s][debug][safepoint   ] Safepoint synchronization initiated using futex wait barrier. (207 threads)
[2025-03-19T13:46:53.063+0000][795.406s][info ][safepoint   ] Safepoint "Cleanup", Time since last: 4000189547 ns, Reaching safepoint: 59321 ns, Cleanup: 13024 ns, At safepoint: 3946 ns, Total: 76291 ns
[2025-03-19T13:46:56.064+0000][798.407s][debug][safepoint   ] Safepoint synchronization initiated using futex wait barrier. (207 threads)
[2025-03-19T13:46:56.064+0000][798.407s][info ][safepoint   ] Safepoint "Cleanup", Time since last: 3000885937 ns, Reaching safepoint: 62057 ns, Cleanup: 18560 ns, At safepoint: 4371 ns, Total: 84988 ns
[2025-03-19T13:46:59.065+0000][801.407s][debug][safepoint   ] Safepoint synchronization initiated using futex wait barrier. (207 threads)
[2025-03-19T13:46:59.065+0000][801.407s][info ][safepoint   ] Safepoint "Cleanup", Time since last: 3000163286 ns, Reaching safepoint: 61454 ns, Cleanup: 14796 ns, At safepoint: 3606 ns, Total: 79856 ns
[2025-03-19T13:47:02.065+0000][804.407s][debug][safepoint   ] Safepoint synchronization initiated using futex wait barrier. (207 threads)
[2025-03-19T13:47:02.065+0000][804.407s][info ][safepoint   ] Safepoint "Cleanup", Time since last: 3000111666 ns, Reaching safepoint: 72944 ns, Cleanup: 11658 ns, At safepoint: 3566 ns, Total: 88168 ns
[2025-03-19T13:47:06.065+0000][808.408s][debug][safepoint   ] Safepoint synchronization initiated using futex wait barrier. (207 threads)
[2025-03-19T13:47:06.065+0000][808.408s][info ][safepoint   ] Safepoint "Cleanup", Time since last: 4000203558 ns, Reaching safepoint: 82152 ns, Cleanup: 20245 ns, At safepoint: 4277 ns, Total: 106674 ns
[2025-03-19T13:47:09.065+0000][811.408s][debug][safepoint   ] Safepoint synchronization initiated using futex wait barrier. (207 threads)
[2025-03-19T13:47:09.065+0000][811.408s][info ][safepoint   ] Safepoint "Cleanup", Time since last: 3000117508 ns, Reaching safepoint: 66061 ns, Cleanup: 12514 ns, At safepoint: 3662 ns, Total: 82237 ns
[2025-03-19T13:47:12.066+0000][814.408s][debug][safepoint   ] Safepoint synchronization initiated using futex wait barrier. (207 threads)
[2025-03-19T13:47:12.066+0000][814.408s][info ][safepoint   ] Safepoint "Cleanup", Time since last: 3000174666 ns, Reaching safepoint: 60953 ns, Cleanup: 13818 ns, At safepoint: 3569 ns, Total: 78340 ns
[2025-03-19T13:47:16.066+0000][818.408s][debug][safepoint   ] Safepoint synchronization initiated using futex wait barrier. (210 threads)
[2025-03-19T13:47:16.066+0000][818.409s][info ][safepoint   ] Safepoint "Cleanup", Time since last: 4000200289 ns, Reaching safepoint: 53865 ns, Cleanup: 65654 ns, At safepoint: 3278 ns, Total: 122797 ns
[2025-03-19T13:47:21.066+0000][823.409s][debug][safepoint   ] Safepoint synchronization initiated using futex wait barrier. (211 threads)
[2025-03-19T13:47:21.066+0000][823.409s][info ][safepoint   ] Safepoint "Cleanup", Time since last: 5000264453 ns, Reaching safepoint: 63511 ns, Cleanup: 35208 ns, At safepoint: 3923 ns, Total: 102642 ns
[2025-03-19T13:47:22.066+0000][824.409s][debug][safepoint   ] Safepoint synchronization initiated using futex wait barrier. (213 threads)
[2025-03-19T13:47:22.067+0000][824.409s][info ][safepoint   ] Safepoint "Cleanup", Time since last: 1000082839 ns, Reaching safepoint: 76387 ns, Cleanup: 15668 ns, At safepoint: 4567 ns, Total: 96622 ns
[2025-03-19T13:47:25.067+0000][827.409s][debug][safepoint   ] Safepoint synchronization initiated using futex wait barrier. (213 threads)
[2025-03-19T13:47:25.079+0000][827.422s][info ][safepoint   ] Safepoint "Cleanup", Time since last: 3000203692 ns, Reaching safepoint: 12664720 ns, Cleanup: 16841 ns, At safepoint: 7007 ns, Total: 12688568 ns
[2025-03-19T13:47:26.079+0000][828.422s][debug][safepoint   ] Safepoint synchronization initiated using futex wait barrier. (213 threads)
[2025-03-19T13:47:26.080+0000][828.422s][info ][safepoint   ] Safepoint "Cleanup", Time since last: 1000071653 ns, Reaching safepoint: 59790 ns, Cleanup: 16166 ns, At safepoint: 4274 ns, Total: 80230 ns
[2025-03-19T13:47:36.080+0000][838.423s][debug][safepoint   ] Safepoint synchronization initiated using futex wait barrier. (213 threads)
[2025-03-19T13:47:36.080+0000][838.423s][info ][safepoint   ] Safepoint "Cleanup", Time since last: 10000465707 ns, Reaching safepoint: 119945 ns, Cleanup: 22479 ns, At safepoint: 4505 ns, Total: 146929 ns
[2025-03-19T13:47:39.076+0000][841.419s][debug][safepoint   ] Safepoint synchronization initiated using futex wait barrier. (213 threads)
[2025-03-19T13:47:39.076+0000][841.419s][info ][safepoint   ] Safepoint "Cleanup", Time since last: 2995886496 ns, Reaching safepoint: 80704 ns, Cleanup: 16371 ns, At safepoint: 4825 ns, Total: 101900 ns
[2025-03-19T13:47:42.076+0000][844.419s][debug][safepoint   ] Safepoint synchronization initiated using futex wait barrier. (213 threads)
[2025-03-19T13:47:42.077+0000][844.419s][info ][safepoint   ] Safepoint "Cleanup", Time since last: 3000303023 ns, Reaching safepoint: 81232 ns, Cleanup: 19214 ns, At safepoint: 5085 ns, Total: 105531 ns
[2025-03-19T13:47:47.077+0000][849.420s][debug][safepoint   ] Safepoint synchronization initiated using futex wait barrier. (213 threads)
[2025-03-19T13:47:47.077+0000][849.420s][info ][safepoint   ] Safepoint "Cleanup", Time since last: 5000735358 ns, Reaching safepoint: 128536 ns, Cleanup: 16795 ns, At safepoint: 7540 ns, Total: 152871 ns
[2025-03-19T13:48:00.078+0000][862.421s][debug][safepoint   ] Safepoint synchronization initiated using futex wait barrier. (213 threads)
[2025-03-19T13:48:00.079+0000][862.421s][info ][safepoint   ] Safepoint "Cleanup", Time since last: 13001015077 ns, Reaching safepoint: 68563 ns, Cleanup: 20023 ns, At safepoint: 3865 ns, Total: 92451 ns
[2025-03-19T13:48:02.079+0000][864.421s][debug][safepoint   ] Safepoint synchronization initiated using futex wait barrier. (213 threads)
[2025-03-19T13:48:02.079+0000][864.421s][info ][safepoint   ] Safepoint "Cleanup", Time since last: 2000173594 ns, Reaching safepoint: 104279 ns, Cleanup: 17313 ns, At safepoint: 4663 ns, Total: 126255 ns
[2025-03-19T13:48:12.079+0000][874.422s][debug][safepoint   ] Safepoint synchronization initiated using futex wait barrier. (213 threads)
[2025-03-19T13:48:12.080+0000][874.422s][info ][safepoint   ] Safepoint "Cleanup", Time since last: 10000551950 ns, Reaching safepoint: 80901 ns, Cleanup: 12594 ns, At safepoint: 4517 ns, Total: 98012 ns
[2025-03-19T13:48:14.080+0000][876.422s][debug][safepoint   ] Safepoint synchronization initiated using futex wait barrier. (213 threads)
[2025-03-19T13:48:14.080+0000][876.422s][info ][safepoint   ] Safepoint "Cleanup", Time since last: 2000124267 ns, Reaching safepoint: 56911 ns, Cleanup: 8272 ns, At safepoint: 3694 ns, Total: 68877 ns
[2025-03-19T13:48:16.080+0000][878.422s][debug][safepoint   ] Safepoint synchronization initiated using futex wait barrier. (213 threads)
[2025-03-19T13:48:16.080+0000][878.422s][info ][safepoint   ] Safepoint "Cleanup", Time since last: 2000082709 ns, Reaching safepoint: 58090 ns, Cleanup: 11808 ns, At safepoint: 3707 ns, Total: 73605 ns
[2025-03-19T13:48:44.093+0000][906.436s][debug][safepoint   ] Safepoint synchronization initiated using futex wait barrier. (210 threads)
[2025-03-19T13:48:44.093+0000][906.436s][info ][safepoint   ] Safepoint "Cleanup", Time since last: 28013447270 ns, Reaching safepoint: 79089 ns, Cleanup: 14686 ns, At safepoint: 3820 ns, Total: 97595 ns
[2025-03-19T13:48:46.094+0000][908.437s][debug][safepoint   ] Safepoint synchronization initiated using futex wait barrier. (210 threads)
[2025-03-19T13:48:46.094+0000][908.437s][info ][safepoint   ] Safepoint "Cleanup", Time since last: 2000899772 ns, Reaching safepoint: 78730 ns, Cleanup: 24662 ns, At safepoint: 3913 ns, Total: 107305 ns
[2025-03-19T13:48:47.094+0000][909.437s][debug][safepoint   ] Safepoint synchronization initiated using futex wait barrier. (210 threads)
[2025-03-19T13:48:47.095+0000][909.437s][info ][safepoint   ] Safepoint "Cleanup", Time since last: 1000070849 ns, Reaching safepoint: 73149 ns, Cleanup: 19531 ns, At safepoint: 4183 ns, Total: 96863 ns
[2025-03-19T13:48:48.174+0000][910.516s][debug][safepoint   ] Safepoint synchronization initiated using futex wait barrier. (210 threads)
[2025-03-19T13:48:48.174+0000][910.516s][info ][safepoint   ] Safepoint "Cleanup", Time since last: 1079185083 ns, Reaching safepoint: 71486 ns, Cleanup: 60470 ns, At safepoint: 5581 ns, Total: 137537 ns
[2025-03-19T13:48:49.174+0000][911.517s][debug][safepoint   ] Safepoint synchronization initiated using futex wait barrier. (210 threads)
[2025-03-19T13:48:49.174+0000][911.517s][info ][safepoint   ] Safepoint "Cleanup", Time since last: 1000057151 ns, Reaching safepoint: 70550 ns, Cleanup: 12747 ns, At safepoint: 4658 ns, Total: 87955 ns
[2025-03-19T13:48:51.174+0000][913.517s][debug][safepoint   ] Safepoint synchronization initiated using futex wait barrier. (210 threads)
[2025-03-19T13:48:51.174+0000][913.517s][info ][safepoint   ] Safepoint "Cleanup", Time since last: 2000140583 ns, Reaching safepoint: 62460 ns, Cleanup: 10880 ns, At safepoint: 4276 ns, Total: 77616 ns
[2025-03-19T13:48:54.174+0000][916.517s][debug][safepoint   ] Safepoint synchronization initiated using futex wait barrier. (210 threads)
[2025-03-19T13:48:54.174+0000][916.517s][info ][safepoint   ] Safepoint "Cleanup", Time since last: 3000135094 ns, Reaching safepoint: 63518 ns, Cleanup: 16278 ns, At safepoint: 3287 ns, Total: 83083 ns
[2025-03-19T13:48:59.175+0000][921.517s][debug][safepoint   ] Safepoint synchronization initiated using futex wait barrier. (210 threads)
[2025-03-19T13:48:59.175+0000][921.517s][info ][safepoint   ] Safepoint "Cleanup", Time since last: 5000221797 ns, Reaching safepoint: 64512 ns, Cleanup: 16433 ns, At safepoint: 3686 ns, Total: 84631 ns
[2025-03-19T13:49:04.175+0000][926.518s][debug][safepoint   ] Safepoint synchronization initiated using futex wait barrier. (210 threads)
[2025-03-19T13:49:04.175+0000][926.518s][info ][safepoint   ] Safepoint "Cleanup", Time since last: 5000272427 ns, Reaching safepoint: 62545 ns, Cleanup: 14387 ns, At safepoint: 3614 ns, Total: 80546 ns
[2025-03-19T13:49:06.175+0000][928.518s][debug][safepoint   ] Safepoint synchronization initiated using futex wait barrier. (210 threads)
[2025-03-19T13:49:06.175+0000][928.518s][info ][safepoint   ] Safepoint "Cleanup", Time since last: 2000106026 ns, Reaching safepoint: 69974 ns, Cleanup: 12970 ns, At safepoint: 3971 ns, Total: 86915 ns
[2025-03-19T13:49:09.175+0000][931.518s][debug][safepoint   ] Safepoint synchronization initiated using futex wait barrier. (210 threads)
[2025-03-19T13:49:09.176+0000][931.518s][info ][safepoint   ] Safepoint "Cleanup", Time since last: 3000143397 ns, Reaching safepoint: 66208 ns, Cleanup: 15191 ns, At safepoint: 4142 ns, Total: 85541 ns
[2025-03-19T13:49:14.176+0000][936.518s][debug][safepoint   ] Safepoint synchronization initiated using futex wait barrier. (210 threads)
[2025-03-19T13:49:14.176+0000][936.519s][info ][safepoint   ] Safepoint "Cleanup", Time since last: 5000270415 ns, Reaching safepoint: 64922 ns, Cleanup: 13142 ns, At safepoint: 3879 ns, Total: 81943 ns
[2025-03-19T13:49:19.177+0000][941.519s][debug][safepoint   ] Safepoint synchronization initiated using futex wait barrier. (210 threads)
[2025-03-19T13:49:19.177+0000][941.519s][info ][safepoint   ] Safepoint "Cleanup", Time since last: 5000733125 ns, Reaching safepoint: 83047 ns, Cleanup: 18012 ns, At safepoint: 4495 ns, Total: 105554 ns
[2025-03-19T13:49:25.177+0000][947.520s][debug][safepoint   ] Safepoint synchronization initiated using futex wait barrier. (209 threads)
[2025-03-19T13:49:25.177+0000][947.520s][info ][safepoint   ] Safepoint "Cleanup", Time since last: 6000323854 ns, Reaching safepoint: 69648 ns, Cleanup: 16876 ns, At safepoint: 3472 ns, Total: 89996 ns
[2025-03-19T13:49:29.177+0000][951.520s][debug][safepoint   ] Safepoint synchronization initiated using futex wait barrier. (209 threads)
[2025-03-19T13:49:29.178+0000][951.520s][info ][safepoint   ] Safepoint "Cleanup", Time since last: 4000246159 ns, Reaching safepoint: 80829 ns, Cleanup: 13607 ns, At safepoint: 4351 ns, Total: 98787 ns
[2025-03-19T13:49:37.178+0000][959.521s][debug][safepoint   ] Safepoint synchronization initiated using futex wait barrier. (209 threads)
[2025-03-19T13:49:37.178+0000][959.521s][info ][safepoint   ] Safepoint "Cleanup", Time since last: 8000507509 ns, Reaching safepoint: 58045 ns, Cleanup: 12836 ns, At safepoint: 4328 ns, Total: 75209 ns
[2025-03-19T13:49:39.178+0000][961.521s][debug][safepoint   ] Safepoint synchronization initiated using futex wait barrier. (209 threads)
[2025-03-19T13:49:39.178+0000][961.521s][info ][safepoint   ] Safepoint "Cleanup", Time since last: 2000084355 ns, Reaching safepoint: 66562 ns, Cleanup: 11784 ns, At safepoint: 4354 ns, Total: 82700 ns
[2025-03-19T13:49:44.179+0000][966.521s][debug][safepoint   ] Safepoint synchronization initiated using futex wait barrier. (209 threads)
[2025-03-19T13:49:44.179+0000][966.521s][info ][safepoint   ] Safepoint "Cleanup", Time since last: 5000287857 ns, Reaching safepoint: 61773 ns, Cleanup: 13962 ns, At safepoint: 4105 ns, Total: 79840 ns
[2025-03-19T13:49:46.179+0000][968.521s][debug][safepoint   ] Safepoint synchronization initiated using futex wait barrier. (209 threads)
[2025-03-19T13:49:46.179+0000][968.521s][info ][safepoint   ] Safepoint "Cleanup", Time since last: 2000100333 ns, Reaching safepoint: 57600 ns, Cleanup: 11386 ns, At safepoint: 4385 ns, Total: 73371 ns
[2025-03-19T13:49:51.179+0000][973.522s][debug][safepoint   ] Safepoint synchronization initiated using futex wait barrier. (209 threads)
[2025-03-19T13:49:51.179+0000][973.522s][info ][safepoint   ] Safepoint "Cleanup", Time since last: 5000220054 ns, Reaching safepoint: 59334 ns, Cleanup: 16133 ns, At safepoint: 3527 ns, Total: 78994 ns
[2025-03-19T13:49:59.180+0000][981.522s][debug][safepoint   ] Safepoint synchronization initiated using futex wait barrier. (209 threads)
[2025-03-19T13:49:59.180+0000][981.522s][info ][safepoint   ] Safepoint "Cleanup", Time since last: 8000485019 ns, Reaching safepoint: 75821 ns, Cleanup: 15150 ns, At safepoint: 4110 ns, Total: 95081 ns
[2025-03-19T13:50:01.180+0000][983.522s][debug][safepoint   ] Safepoint synchronization initiated using futex wait barrier. (209 threads)
[2025-03-19T13:50:01.180+0000][983.522s][info ][safepoint   ] Safepoint "Cleanup", Time since last: 2000140615 ns, Reaching safepoint: 62917 ns, Cleanup: 14439 ns, At safepoint: 3537 ns, Total: 80893 ns
[2025-03-19T13:50:04.180+0000][986.523s][debug][safepoint   ] Safepoint synchronization initiated using futex wait barrier. (209 threads)
[2025-03-19T13:50:04.180+0000][986.523s][info ][safepoint   ] Safepoint "Cleanup", Time since last: 3000160029 ns, Reaching safepoint: 64425 ns, Cleanup: 11688 ns, At safepoint: 3865 ns, Total: 79978 ns
[2025-03-19T13:50:05.180+0000][987.523s][debug][safepoint   ] Safepoint synchronization initiated using futex wait barrier. (209 threads)
[2025-03-19T13:50:05.180+0000][987.523s][info ][safepoint   ] Safepoint "Cleanup", Time since last: 1000042319 ns, Reaching safepoint: 92088 ns, Cleanup: 14842 ns, At safepoint: 4057 ns, Total: 110987 ns
[2025-03-19T13:50:07.180+0000][989.523s][debug][safepoint   ] Safepoint synchronization initiated using futex wait barrier. (209 threads)
[2025-03-19T13:50:07.181+0000][989.523s][info ][safepoint   ] Safepoint "Cleanup", Time since last: 2000112838 ns, Reaching safepoint: 88906 ns, Cleanup: 12660 ns, At safepoint: 3787 ns, Total: 105353 ns
[2025-03-19T13:50:19.181+0000][1001.524s][debug][safepoint   ] Safepoint synchronization initiated using futex wait barrier. (209 threads)
[2025-03-19T13:50:19.181+0000][1001.524s][info ][safepoint   ] Safepoint "Cleanup", Time since last: 12000719255 ns, Reaching safepoint: 66596 ns, Cleanup: 12627 ns, At safepoint: 3521 ns, Total: 82744 ns
[2025-03-19T13:50:24.182+0000][1006.524s][debug][safepoint   ] Safepoint synchronization initiated using futex wait barrier. (209 threads)
[2025-03-19T13:50:24.182+0000][1006.524s][info ][safepoint   ] Safepoint "Cleanup", Time since last: 5000252889 ns, Reaching safepoint: 69769 ns, Cleanup: 12806 ns, At safepoint: 3844 ns, Total: 86419 ns
[2025-03-19T13:50:31.182+0000][1013.525s][debug][safepoint   ] Safepoint synchronization initiated using futex wait barrier. (209 threads)
[2025-03-19T13:50:31.182+0000][1013.525s][info ][safepoint   ] Safepoint "Cleanup", Time since last: 7000414949 ns, Reaching safepoint: 72427 ns, Cleanup: 14988 ns, At safepoint: 3399 ns, Total: 90814 ns
[2025-03-19T13:50:34.267+0000][1016.610s][debug][safepoint   ] Safepoint synchronization initiated using futex wait barrier. (209 threads)
[2025-03-19T13:50:34.267+0000][1016.610s][info ][gc,start    ] GC(81) Pause Young (Normal) (G1 Evacuation Pause)
[2025-03-19T13:50:34.267+0000][1016.610s][info ][gc,task     ] GC(81) Using 4 workers of 4 for evacuation
[2025-03-19T13:50:34.271+0000][1016.613s][info ][gc,phases   ] GC(81)   Pre Evacuate Collection Set: 0.2ms
[2025-03-19T13:50:34.271+0000][1016.613s][info ][gc,phases   ] GC(81)   Merge Heap Roots: 0.1ms
[2025-03-19T13:50:34.271+0000][1016.613s][info ][gc,phases   ] GC(81)   Evacuate Collection Set: 1.7ms
[2025-03-19T13:50:34.271+0000][1016.613s][info ][gc,phases   ] GC(81)   Post Evacuate Collection Set: 1.7ms
[2025-03-19T13:50:34.271+0000][1016.613s][info ][gc,phases   ] GC(81)   Other: 0.2ms
[2025-03-19T13:50:34.271+0000][1016.613s][info ][gc,heap     ] GC(81) Eden regions: 297->0(300)
[2025-03-19T13:50:34.271+0000][1016.613s][info ][gc,heap     ] GC(81) Survivor regions: 1->1(38)
[2025-03-19T13:50:34.271+0000][1016.613s][info ][gc,heap     ] GC(81) Old regions: 177->177
[2025-03-19T13:50:34.271+0000][1016.613s][info ][gc,heap     ] GC(81) Archive regions: 2->2
[2025-03-19T13:50:34.271+0000][1016.614s][info ][gc,heap     ] GC(81) Humongous regions: 0->0
[2025-03-19T13:50:34.271+0000][1016.614s][info ][gc,metaspace] GC(81) Metaspace: 192328K(193728K)->192328K(193728K) NonClass: 169013K(169728K)->169013K(169728K) Class: 23315K(24000K)->23315K(24000K)
[2025-03-19T13:50:34.271+0000][1016.614s][info ][gc          ] GC(81) Pause Young (Normal) (G1 Evacuation Pause) 474M->177M(546M) 3.894ms
[2025-03-19T13:50:34.271+0000][1016.614s][info ][gc,cpu      ] GC(81) User=0.01s Sys=0.01s Real=0.01s
[2025-03-19T13:50:34.271+0000][1016.614s][info ][safepoint   ] Safepoint "G1CollectForAllocation", Time since last: 3084750453 ns, Reaching safepoint: 74864 ns, Cleanup: 17317 ns, At safepoint: 4024344 ns, Total: 4116525 ns
[2025-03-19T13:50:40.126+0000][1022.468s][debug][safepoint   ] Safepoint synchronization initiated using futex wait barrier. (210 threads)
[2025-03-19T13:50:40.126+0000][1022.468s][info ][safepoint   ] Safepoint "Cleanup", Time since last: 5854681769 ns, Reaching safepoint: 63343 ns, Cleanup: 13637 ns, At safepoint: 3165 ns, Total: 80145 ns
[2025-03-19T13:50:46.127+0000][1028.470s][debug][safepoint   ] Safepoint synchronization initiated using futex wait barrier. (210 threads)
[2025-03-19T13:50:46.127+0000][1028.470s][info ][safepoint   ] Safepoint "Cleanup", Time since last: 6001256105 ns, Reaching safepoint: 209342 ns, Cleanup: 30255 ns, At safepoint: 18280 ns, Total: 257877 ns
[2025-03-19T13:50:47.127+0000][1029.470s][debug][safepoint   ] Safepoint synchronization initiated using futex wait barrier. (210 threads)
[2025-03-19T13:50:47.127+0000][1029.470s][info ][safepoint   ] Safepoint "Cleanup", Time since last: 1000060366 ns, Reaching safepoint: 61224 ns, Cleanup: 14154 ns, At safepoint: 3885 ns, Total: 79263 ns
[2025-03-19T13:50:50.128+0000][1032.470s][debug][safepoint   ] Safepoint synchronization initiated using futex wait barrier. (210 threads)
[2025-03-19T13:50:50.128+0000][1032.470s][info ][safepoint   ] Safepoint "Cleanup", Time since last: 3000229146 ns, Reaching safepoint: 80468 ns, Cleanup: 16650 ns, At safepoint: 4126 ns, Total: 101244 ns
[2025-03-19T13:50:52.128+0000][1034.471s][debug][safepoint   ] Safepoint synchronization initiated using futex wait barrier. (210 threads)
[2025-03-19T13:50:52.128+0000][1034.471s][info ][safepoint   ] Safepoint "Cleanup", Time since last: 2000138856 ns, Reaching safepoint: 79986 ns, Cleanup: 28054 ns, At safepoint: 3865 ns, Total: 111905 ns
[2025-03-19T13:50:56.128+0000][1038.471s][debug][safepoint   ] Safepoint synchronization initiated using futex wait barrier. (210 threads)
[2025-03-19T13:50:56.128+0000][1038.471s][info ][safepoint   ] Safepoint "Cleanup", Time since last: 4000156503 ns, Reaching safepoint: 60712 ns, Cleanup: 12555 ns, At safepoint: 3557 ns, Total: 76824 ns
[2025-03-19T13:50:57.128+0000][1039.471s][debug][safepoint   ] Safepoint synchronization initiated using futex wait barrier. (210 threads)
[2025-03-19T13:50:57.128+0000][1039.471s][info ][safepoint   ] Safepoint "Cleanup", Time since last: 1000074631 ns, Reaching safepoint: 59074 ns, Cleanup: 12884 ns, At safepoint: 3948 ns, Total: 75906 ns
[2025-03-19T13:51:00.129+0000][1042.471s][debug][safepoint   ] Safepoint synchronization initiated using futex wait barrier. (210 threads)
[2025-03-19T13:51:00.129+0000][1042.471s][info ][safepoint   ] Safepoint "Cleanup", Time since last: 3000231007 ns, Reaching safepoint: 64507 ns, Cleanup: 13475 ns, At safepoint: 3431 ns, Total: 81413 ns
[2025-03-19T13:51:06.129+0000][1048.472s][debug][safepoint   ] Safepoint synchronization initiated using futex wait barrier. (210 threads)
[2025-03-19T13:51:06.129+0000][1048.472s][info ][safepoint   ] Safepoint "Cleanup", Time since last: 6000282419 ns, Reaching safepoint: 62037 ns, Cleanup: 23837 ns, At safepoint: 4435 ns, Total: 90309 ns
[2025-03-19T13:51:09.301+0000][1051.644s][debug][safepoint   ] Safepoint synchronization initiated using futex wait barrier. (210 threads)
[2025-03-19T13:51:09.302+0000][1051.644s][info ][safepoint   ] Safepoint "Cleanup", Time since last: 3172363774 ns, Reaching safepoint: 161804 ns, Cleanup: 14658 ns, At safepoint: 7087 ns, Total: 183549 ns
[2025-03-19T13:51:10.302+0000][1052.644s][debug][safepoint   ] Safepoint synchronization initiated using futex wait barrier. (210 threads)
[2025-03-19T13:51:10.302+0000][1052.644s][info ][safepoint   ] Safepoint "Cleanup", Time since last: 1000088326 ns, Reaching safepoint: 62974 ns, Cleanup: 54714 ns, At safepoint: 3495 ns, Total: 121183 ns
[2025-03-19T13:51:11.302+0000][1053.645s][debug][safepoint   ] Safepoint synchronization initiated using futex wait barrier. (211 threads)
[2025-03-19T13:51:11.302+0000][1053.645s][info ][safepoint   ] Safepoint "Cleanup", Time since last: 1000079690 ns, Reaching safepoint: 99854 ns, Cleanup: 22149 ns, At safepoint: 8001 ns, Total: 130004 ns
[2025-03-19T13:51:28.303+0000][1070.646s][debug][safepoint   ] Safepoint synchronization initiated using futex wait barrier. (211 threads)
[2025-03-19T13:51:28.304+0000][1070.646s][info ][safepoint   ] Safepoint "Cleanup", Time since last: 17001420420 ns, Reaching safepoint: 67325 ns, Cleanup: 12363 ns, At safepoint: 4042 ns, Total: 83730 ns
[2025-03-19T13:51:33.304+0000][1075.646s][debug][safepoint   ] Safepoint synchronization initiated using futex wait barrier. (211 threads)
[2025-03-19T13:51:33.304+0000][1075.646s][info ][safepoint   ] Safepoint "Cleanup", Time since last: 5000266752 ns, Reaching safepoint: 62394 ns, Cleanup: 12141 ns, At safepoint: 4063 ns, Total: 78598 ns
[2025-03-19T13:51:37.304+0000][1079.647s][debug][safepoint   ] Safepoint synchronization initiated using futex wait barrier. (210 threads)
[2025-03-19T13:51:37.304+0000][1079.647s][info ][safepoint   ] Safepoint "Cleanup", Time since last: 4000201342 ns, Reaching safepoint: 62136 ns, Cleanup: 12089 ns, At safepoint: 3566 ns, Total: 77791 ns
[2025-03-19T13:51:46.140+0000][1088.483s][debug][safepoint   ] Safepoint synchronization initiated using futex wait barrier. (210 threads)
[2025-03-19T13:51:46.140+0000][1088.483s][info ][safepoint   ] Safepoint "Cleanup", Time since last: 8835877092 ns, Reaching safepoint: 69755 ns, Cleanup: 11798 ns, At safepoint: 3464 ns, Total: 85017 ns
[2025-03-19T13:51:50.140+0000][1092.483s][debug][safepoint   ] Safepoint synchronization initiated using futex wait barrier. (210 threads)
[2025-03-19T13:51:50.140+0000][1092.483s][info ][safepoint   ] Safepoint "Cleanup", Time since last: 4000192070 ns, Reaching safepoint: 79503 ns, Cleanup: 16111 ns, At safepoint: 5465 ns, Total: 101079 ns
[2025-03-19T13:51:55.141+0000][1097.483s][debug][safepoint   ] Safepoint synchronization initiated using futex wait barrier. (210 threads)
[2025-03-19T13:51:55.141+0000][1097.483s][info ][safepoint   ] Safepoint "Cleanup", Time since last: 5000256079 ns, Reaching safepoint: 60984 ns, Cleanup: 11493 ns, At safepoint: 3109 ns, Total: 75586 ns
[2025-03-19T13:51:56.141+0000][1098.483s][debug][safepoint   ] Safepoint synchronization initiated using futex wait barrier. (210 threads)
[2025-03-19T13:51:56.141+0000][1098.483s][info ][safepoint   ] Safepoint "Cleanup", Time since last: 1000055490 ns, Reaching safepoint: 58047 ns, Cleanup: 15075 ns, At safepoint: 3400 ns, Total: 76522 ns
[2025-03-19T13:51:59.141+0000][1101.484s][debug][safepoint   ] Safepoint synchronization initiated using futex wait barrier. (210 threads)
[2025-03-19T13:51:59.141+0000][1101.484s][info ][safepoint   ] Safepoint "Cleanup", Time since last: 3000133140 ns, Reaching safepoint: 78614 ns, Cleanup: 24573 ns, At safepoint: 4443 ns, Total: 107630 ns
[2025-03-19T13:52:02.141+0000][1104.484s][debug][safepoint   ] Safepoint synchronization initiated using futex wait barrier. (210 threads)
[2025-03-19T13:52:02.141+0000][1104.484s][info ][safepoint   ] Safepoint "Cleanup", Time since last: 3000158627 ns, Reaching safepoint: 77626 ns, Cleanup: 19611 ns, At safepoint: 4044 ns, Total: 101281 ns
[2025-03-19T13:52:03.142+0000][1105.485s][debug][safepoint   ] Safepoint synchronization initiated using futex wait barrier. (210 threads)
[2025-03-19T13:52:03.142+0000][1105.485s][info ][safepoint   ] Safepoint "Cleanup", Time since last: 1000741942 ns, Reaching safepoint: 61273 ns, Cleanup: 30699 ns, At safepoint: 3512 ns, Total: 95484 ns
[2025-03-19T13:52:05.142+0000][1107.485s][debug][safepoint   ] Safepoint synchronization initiated using futex wait barrier. (210 threads)
[2025-03-19T13:52:05.143+0000][1107.485s][info ][safepoint   ] Safepoint "Cleanup", Time since last: 2000136849 ns, Reaching safepoint: 125268 ns, Cleanup: 15250 ns, At safepoint: 4424 ns, Total: 144942 ns
[2025-03-19T13:52:11.143+0000][1113.486s][debug][safepoint   ] Safepoint synchronization initiated using futex wait barrier. (210 threads)
[2025-03-19T13:52:11.143+0000][1113.486s][info ][safepoint   ] Safepoint "Cleanup", Time since last: 6000381262 ns, Reaching safepoint: 84107 ns, Cleanup: 24457 ns, At safepoint: 6300 ns, Total: 114864 ns
[2025-03-19T13:52:12.246+0000][1114.589s][debug][safepoint   ] Safepoint synchronization initiated using futex wait barrier. (210 threads)
[2025-03-19T13:52:12.246+0000][1114.589s][info ][safepoint   ] Safepoint "Cleanup", Time since last: 1102930572 ns, Reaching safepoint: 64176 ns, Cleanup: 39062 ns, At safepoint: 5969 ns, Total: 109207 ns
[2025-03-19T13:52:16.246+0000][1118.589s][debug][safepoint   ] Safepoint synchronization initiated using futex wait barrier. (210 threads)
[2025-03-19T13:52:16.246+0000][1118.589s][info ][safepoint   ] Safepoint "Cleanup", Time since last: 4000180712 ns, Reaching safepoint: 60886 ns, Cleanup: 13213 ns, At safepoint: 4310 ns, Total: 78409 ns
[2025-03-19T13:52:19.247+0000][1121.589s][debug][safepoint   ] Safepoint synchronization initiated using futex wait barrier. (210 threads)
[2025-03-19T13:52:19.247+0000][1121.589s][info ][safepoint   ] Safepoint "Cleanup", Time since last: 3000187396 ns, Reaching safepoint: 73516 ns, Cleanup: 15923 ns, At safepoint: 3464 ns, Total: 92903 ns
[2025-03-19T13:52:25.247+0000][1127.589s][debug][safepoint   ] Safepoint synchronization initiated using futex wait barrier. (210 threads)
[2025-03-19T13:52:25.247+0000][1127.590s][info ][safepoint   ] Safepoint "Cleanup", Time since last: 6000236491 ns, Reaching safepoint: 61797 ns, Cleanup: 11991 ns, At safepoint: 3126 ns, Total: 76914 ns
[2025-03-19T13:52:30.248+0000][1132.590s][debug][safepoint   ] Safepoint synchronization initiated using futex wait barrier. (210 threads)
[2025-03-19T13:52:30.248+0000][1132.590s][info ][safepoint   ] Safepoint "Cleanup", Time since last: 5000692920 ns, Reaching safepoint: 57120 ns, Cleanup: 23544 ns, At safepoint: 3342 ns, Total: 84006 ns
[2025-03-19T13:52:42.248+0000][1144.591s][debug][safepoint   ] Safepoint synchronization initiated using futex wait barrier. (210 threads)
[2025-03-19T13:52:42.248+0000][1144.591s][info ][safepoint   ] Safepoint "Cleanup", Time since last: 12000603351 ns, Reaching safepoint: 71245 ns, Cleanup: 12558 ns, At safepoint: 3830 ns, Total: 87633 ns
[2025-03-19T13:52:44.248+0000][1146.591s][debug][safepoint   ] Safepoint synchronization initiated using futex wait barrier. (210 threads)
[2025-03-19T13:52:44.249+0000][1146.591s][info ][safepoint   ] Safepoint "Cleanup", Time since last: 2000083763 ns, Reaching safepoint: 60253 ns, Cleanup: 7090 ns, At safepoint: 2781 ns, Total: 70124 ns
[2025-03-19T13:52:47.249+0000][1149.591s][debug][safepoint   ] Safepoint synchronization initiated using futex wait barrier. (210 threads)
[2025-03-19T13:52:47.249+0000][1149.591s][info ][safepoint   ] Safepoint "Cleanup", Time since last: 3000127128 ns, Reaching safepoint: 65568 ns, Cleanup: 13562 ns, At safepoint: 3280 ns, Total: 82410 ns
[2025-03-19T13:52:53.249+0000][1155.592s][debug][safepoint   ] Safepoint synchronization initiated using futex wait barrier. (210 threads)
[2025-03-19T13:52:53.249+0000][1155.592s][info ][safepoint   ] Safepoint "Cleanup", Time since last: 6000312873 ns, Reaching safepoint: 77323 ns, Cleanup: 19474 ns, At safepoint: 4469 ns, Total: 101266 ns
