[2025-03-19T08:52:16.529+0000][0.003s][info][gc] Using G1
[2025-03-19T08:52:16.530+0000][0.005s][info][gc,init] Version: 17.0.13+11-Debian-2deb12u1 (release)
[2025-03-19T08:52:16.530+0000][0.005s][info][gc,init] CPUs: 4 total, 4 available
[2025-03-19T08:52:16.530+0000][0.005s][info][gc,init] Memory: 7213M
[2025-03-19T08:52:16.530+0000][0.005s][info][gc,init] Large Page Support: Disabled
[2025-03-19T08:52:16.530+0000][0.005s][info][gc,init] NUMA Support: Disabled
[2025-03-19T08:52:16.530+0000][0.005s][info][gc,init] Compressed Oops: Enabled (32-bit)
[2025-03-19T08:52:16.530+0000][0.005s][info][gc,init] Heap Region Size: 1M
[2025-03-19T08:52:16.530+0000][0.005s][info][gc,init] Heap Min Capacity: 8M
[2025-03-19T08:52:16.530+0000][0.005s][info][gc,init] Heap Initial Capacity: 114M
[2025-03-19T08:52:16.530+0000][0.005s][info][gc,init] Heap Max Capacity: 1804M
[2025-03-19T08:52:16.530+0000][0.005s][info][gc,init] Pre-touch: Disabled
[2025-03-19T08:52:16.530+0000][0.005s][info][gc,init] Parallel Workers: 4
[2025-03-19T08:52:16.530+0000][0.005s][info][gc,init] Concurrent Workers: 1
[2025-03-19T08:52:16.530+0000][0.005s][info][gc,init] Concurrent Refinement Workers: 4
[2025-03-19T08:52:16.530+0000][0.005s][info][gc,init] Periodic GC: Disabled
[2025-03-19T08:52:16.603+0000][0.078s][info][gc,metaspace] CDS archive(s) mapped at: [0x00007f8faf000000-0x00007f8fafbc9000-0x00007f8fafbc9000), size 12357632, SharedBaseAddress: 0x00007f8faf000000, ArchiveRelocationMode: 1.
[2025-03-19T08:52:16.603+0000][0.078s][info][gc,metaspace] Compressed class space mapped at: 0x00007f8fb0000000-0x00007f8ff0000000, reserved size: 1073741824
[2025-03-19T08:52:16.603+0000][0.078s][info][gc,metaspace] Narrow klass base: 0x00007f8faf000000, Narrow klass shift: 0, Narrow klass range: 0x100000000
[2025-03-19T08:52:16.612+0000][0.086s][info][cds,heap    ] initialize_from_archived_subgraph java.lang.Module$ArchivedData 0x00007f8faf183388 (early)
[2025-03-19T08:52:16.612+0000][0.087s][info][cds,heap    ] initialize_from_archived_subgraph java.util.ImmutableCollections 0x00007f8faf070cd8 (early)
[2025-03-19T08:52:16.614+0000][0.089s][info][cds,heap    ] initialize_from_archived_subgraph java.lang.Integer$IntegerCache 0x00007f8faf036060 (early)
[2025-03-19T08:52:16.617+0000][0.092s][info][cds,heap    ] initialize_from_archived_subgraph java.lang.module.Configuration 0x00007f8faf171308 (early)
[2025-03-19T08:52:16.617+0000][0.092s][info][cds,heap    ] initialize_from_archived_subgraph java.lang.ModuleLayer 0x00007f8faf145c58 (early)
[2025-03-19T08:52:16.618+0000][0.092s][info][cds,heap    ] initialize_from_archived_subgraph jdk.internal.loader.ArchivedClassLoaders 0x00007f8faf1a79f0 (early)
[2025-03-19T08:52:16.618+0000][0.092s][info][cds,heap    ] initialize_from_archived_subgraph jdk.internal.module.ArchivedBootLayer 0x00007f8faf177f48 (early)
[2025-03-19T08:52:16.619+0000][0.094s][info][cds,heap    ] initialize_from_archived_subgraph sun.util.locale.BaseLocale 0x00007f8faf26bb10
[2025-03-19T08:52:16.632+0000][0.106s][info][cds,heap    ] initialize_from_archived_subgraph java.util.jar.Attributes$Name 0x00007f8faf199468
[2025-03-19T08:52:16.661+0000][0.135s][info][cds,heap    ] initialize_from_archived_subgraph java.lang.Long$LongCache 0x00007f8faf01f998
[2025-03-19T08:52:16.762+0000][0.236s][info][cds,heap    ] initialize_from_archived_subgraph java.lang.Character$CharacterCache 0x00007f8faf0393e8
[2025-03-19T08:52:17.432+0000][0.907s][debug][safepoint   ] Safepoint synchronization initiated using futex wait barrier. (13 threads)
[2025-03-19T08:52:17.433+0000][0.907s][info ][gc,start    ] GC(0) Pause Young (Normal) (G1 Evacuation Pause)
[2025-03-19T08:52:17.433+0000][0.908s][info ][gc,task     ] GC(0) Using 2 workers of 4 for evacuation
[2025-03-19T08:52:17.441+0000][0.916s][info ][gc,phases   ] GC(0)   Pre Evacuate Collection Set: 0.1ms
[2025-03-19T08:52:17.441+0000][0.916s][info ][gc,phases   ] GC(0)   Merge Heap Roots: 0.1ms
[2025-03-19T08:52:17.441+0000][0.916s][info ][gc,phases   ] GC(0)   Evacuate Collection Set: 7.1ms
[2025-03-19T08:52:17.441+0000][0.916s][info ][gc,phases   ] GC(0)   Post Evacuate Collection Set: 0.6ms
[2025-03-19T08:52:17.441+0000][0.916s][info ][gc,phases   ] GC(0)   Other: 0.7ms
[2025-03-19T08:52:17.441+0000][0.916s][info ][gc,heap     ] GC(0) Eden regions: 37->0(48)
[2025-03-19T08:52:17.441+0000][0.916s][info ][gc,heap     ] GC(0) Survivor regions: 0->5(5)
[2025-03-19T08:52:17.441+0000][0.916s][info ][gc,heap     ] GC(0) Old regions: 0->2
[2025-03-19T08:52:17.441+0000][0.916s][info ][gc,heap     ] GC(0) Archive regions: 2->2
[2025-03-19T08:52:17.441+0000][0.916s][info ][gc,heap     ] GC(0) Humongous regions: 0->0
[2025-03-19T08:52:17.441+0000][0.916s][info ][gc,metaspace] GC(0) Metaspace: 2077K(2304K)->2077K(2304K) NonClass: 1871K(1984K)->1871K(1984K) Class: 205K(320K)->205K(320K)
[2025-03-19T08:52:17.441+0000][0.916s][info ][gc          ] GC(0) Pause Young (Normal) (G1 Evacuation Pause) 37M->7M(116M) 8.585ms
[2025-03-19T08:52:17.441+0000][0.916s][info ][gc,cpu      ] GC(0) User=0.01s Sys=0.00s Real=0.01s
[2025-03-19T08:52:17.441+0000][0.916s][info ][safepoint   ] Safepoint "G1CollectForAllocation", Time since last: 821144043 ns, Reaching safepoint: 59459 ns, Cleanup: 146893 ns, At safepoint: 8677154 ns, Total: 8883506 ns
[2025-03-19T08:52:18.293+0000][1.768s][debug][safepoint   ] Safepoint synchronization initiated using futex wait barrier. (13 threads)
[2025-03-19T08:52:18.294+0000][1.768s][info ][gc,start    ] GC(1) Pause Young (Normal) (G1 Evacuation Pause)
[2025-03-19T08:52:18.294+0000][1.768s][info ][gc,task     ] GC(1) Using 2 workers of 4 for evacuation
[2025-03-19T08:52:18.308+0000][1.783s][info ][gc,phases   ] GC(1)   Pre Evacuate Collection Set: 0.2ms
[2025-03-19T08:52:18.308+0000][1.783s][info ][gc,phases   ] GC(1)   Merge Heap Roots: 0.1ms
[2025-03-19T08:52:18.308+0000][1.783s][info ][gc,phases   ] GC(1)   Evacuate Collection Set: 12.9ms
[2025-03-19T08:52:18.308+0000][1.783s][info ][gc,phases   ] GC(1)   Post Evacuate Collection Set: 1.0ms
[2025-03-19T08:52:18.308+0000][1.783s][info ][gc,phases   ] GC(1)   Other: 0.2ms
[2025-03-19T08:52:18.308+0000][1.783s][info ][gc,heap     ] GC(1) Eden regions: 48->0(62)
[2025-03-19T08:52:18.308+0000][1.783s][info ][gc,heap     ] GC(1) Survivor regions: 5->4(7)
[2025-03-19T08:52:18.308+0000][1.783s][info ][gc,heap     ] GC(1) Old regions: 2->7
[2025-03-19T08:52:18.308+0000][1.783s][info ][gc,heap     ] GC(1) Archive regions: 2->2
[2025-03-19T08:52:18.308+0000][1.783s][info ][gc,heap     ] GC(1) Humongous regions: 0->0
[2025-03-19T08:52:18.308+0000][1.783s][info ][gc,metaspace] GC(1) Metaspace: 3596K(3904K)->3596K(3904K) NonClass: 3220K(3392K)->3220K(3392K) Class: 376K(512K)->376K(512K)
[2025-03-19T08:52:18.308+0000][1.783s][info ][gc          ] GC(1) Pause Young (Normal) (G1 Evacuation Pause) 55M->11M(116M) 14.524ms
[2025-03-19T08:52:18.308+0000][1.783s][info ][gc,cpu      ] GC(1) User=0.03s Sys=0.01s Real=0.02s
[2025-03-19T08:52:18.308+0000][1.783s][info ][safepoint   ] Safepoint "G1CollectForAllocation", Time since last: 851866144 ns, Reaching safepoint: 54059 ns, Cleanup: 731690 ns, At safepoint: 14577824 ns, Total: 15363573 ns
[2025-03-19T08:52:19.158+0000][2.632s][debug][safepoint   ] Safepoint synchronization initiated using futex wait barrier. (14 threads)
[2025-03-19T08:52:19.158+0000][2.633s][info ][gc,start    ] GC(2) Pause Young (Normal) (G1 Evacuation Pause)
[2025-03-19T08:52:19.158+0000][2.633s][info ][gc,task     ] GC(2) Using 2 workers of 4 for evacuation
[2025-03-19T08:52:19.166+0000][2.641s][info ][gc,phases   ] GC(2)   Pre Evacuate Collection Set: 0.1ms
[2025-03-19T08:52:19.166+0000][2.641s][info ][gc,phases   ] GC(2)   Merge Heap Roots: 0.0ms
[2025-03-19T08:52:19.166+0000][2.641s][info ][gc,phases   ] GC(2)   Evacuate Collection Set: 7.5ms
[2025-03-19T08:52:19.166+0000][2.641s][info ][gc,phases   ] GC(2)   Post Evacuate Collection Set: 0.6ms
[2025-03-19T08:52:19.166+0000][2.641s][info ][gc,phases   ] GC(2)   Other: 0.1ms
[2025-03-19T08:52:19.166+0000][2.641s][info ][gc,heap     ] GC(2) Eden regions: 62->0(63)
[2025-03-19T08:52:19.166+0000][2.641s][info ][gc,heap     ] GC(2) Survivor regions: 4->5(9)
[2025-03-19T08:52:19.166+0000][2.641s][info ][gc,heap     ] GC(2) Old regions: 7->7
[2025-03-19T08:52:19.166+0000][2.641s][info ][gc,heap     ] GC(2) Archive regions: 2->2
[2025-03-19T08:52:19.166+0000][2.641s][info ][gc,heap     ] GC(2) Humongous regions: 0->0
[2025-03-19T08:52:19.166+0000][2.641s][info ][gc,metaspace] GC(2) Metaspace: 6174K(6528K)->6174K(6528K) NonClass: 5416K(5568K)->5416K(5568K) Class: 757K(960K)->757K(960K)
[2025-03-19T08:52:19.166+0000][2.641s][info ][gc          ] GC(2) Pause Young (Normal) (G1 Evacuation Pause) 73M->12M(116M) 8.424ms
[2025-03-19T08:52:19.166+0000][2.641s][info ][gc,cpu      ] GC(2) User=0.01s Sys=0.01s Real=0.01s
[2025-03-19T08:52:19.167+0000][2.641s][info ][safepoint   ] Safepoint "G1CollectForAllocation", Time since last: 849386894 ns, Reaching safepoint: 44664 ns, Cleanup: 121844 ns, At safepoint: 8713719 ns, Total: 8880227 ns
[2025-03-19T08:52:19.745+0000][3.220s][debug][safepoint   ] Safepoint synchronization initiated using futex wait barrier. (14 threads)
[2025-03-19T08:52:19.745+0000][3.220s][info ][gc,start    ] GC(3) Pause Young (Normal) (G1 Evacuation Pause)
[2025-03-19T08:52:19.745+0000][3.220s][info ][gc,task     ] GC(3) Using 2 workers of 4 for evacuation
[2025-03-19T08:52:19.752+0000][3.227s][info ][gc,phases   ] GC(3)   Pre Evacuate Collection Set: 0.1ms
[2025-03-19T08:52:19.752+0000][3.227s][info ][gc,phases   ] GC(3)   Merge Heap Roots: 0.0ms
[2025-03-19T08:52:19.752+0000][3.227s][info ][gc,phases   ] GC(3)   Evacuate Collection Set: 6.1ms
[2025-03-19T08:52:19.752+0000][3.227s][info ][gc,phases   ] GC(3)   Post Evacuate Collection Set: 0.7ms
[2025-03-19T08:52:19.752+0000][3.227s][info ][gc,phases   ] GC(3)   Other: 0.1ms
[2025-03-19T08:52:19.752+0000][3.227s][info ][gc,heap     ] GC(3) Eden regions: 63->0(65)
[2025-03-19T08:52:19.752+0000][3.227s][info ][gc,heap     ] GC(3) Survivor regions: 5->3(9)
[2025-03-19T08:52:19.752+0000][3.227s][info ][gc,heap     ] GC(3) Old regions: 7->10
[2025-03-19T08:52:19.752+0000][3.227s][info ][gc,heap     ] GC(3) Archive regions: 2->2
[2025-03-19T08:52:19.752+0000][3.227s][info ][gc,heap     ] GC(3) Humongous regions: 0->0
[2025-03-19T08:52:19.752+0000][3.227s][info ][gc,metaspace] GC(3) Metaspace: 9594K(9920K)->9594K(9920K) NonClass: 8363K(8512K)->8363K(8512K) Class: 1230K(1408K)->1230K(1408K)
[2025-03-19T08:52:19.752+0000][3.227s][info ][gc          ] GC(3) Pause Young (Normal) (G1 Evacuation Pause) 75M->13M(116M) 7.122ms
[2025-03-19T08:52:19.752+0000][3.227s][info ][gc,cpu      ] GC(3) User=0.02s Sys=0.00s Real=0.00s
[2025-03-19T08:52:19.752+0000][3.227s][info ][safepoint   ] Safepoint "G1CollectForAllocation", Time since last: 578488107 ns, Reaching safepoint: 48599 ns, Cleanup: 81600 ns, At safepoint: 7164154 ns, Total: 7294353 ns
[2025-03-19T08:52:20.146+0000][3.621s][debug][safepoint   ] Safepoint synchronization initiated using futex wait barrier. (14 threads)
[2025-03-19T08:52:20.146+0000][3.621s][info ][gc,start    ] GC(4) Pause Young (Normal) (G1 Evacuation Pause)
[2025-03-19T08:52:20.146+0000][3.621s][info ][gc,task     ] GC(4) Using 2 workers of 4 for evacuation
[2025-03-19T08:52:20.151+0000][3.626s][info ][gc,phases   ] GC(4)   Pre Evacuate Collection Set: 0.1ms
[2025-03-19T08:52:20.151+0000][3.626s][info ][gc,phases   ] GC(4)   Merge Heap Roots: 0.0ms
[2025-03-19T08:52:20.151+0000][3.626s][info ][gc,phases   ] GC(4)   Evacuate Collection Set: 4.2ms
[2025-03-19T08:52:20.151+0000][3.626s][info ][gc,phases   ] GC(4)   Post Evacuate Collection Set: 0.5ms
[2025-03-19T08:52:20.151+0000][3.626s][info ][gc,phases   ] GC(4)   Other: 0.1ms
[2025-03-19T08:52:20.151+0000][3.626s][info ][gc,heap     ] GC(4) Eden regions: 65->0(64)
[2025-03-19T08:52:20.151+0000][3.626s][info ][gc,heap     ] GC(4) Survivor regions: 3->4(9)
[2025-03-19T08:52:20.151+0000][3.626s][info ][gc,heap     ] GC(4) Old regions: 10->10
[2025-03-19T08:52:20.151+0000][3.626s][info ][gc,heap     ] GC(4) Archive regions: 2->2
[2025-03-19T08:52:20.151+0000][3.626s][info ][gc,heap     ] GC(4) Humongous regions: 0->0
[2025-03-19T08:52:20.151+0000][3.626s][info ][gc,metaspace] GC(4) Metaspace: 11240K(11520K)->11240K(11520K) NonClass: 9758K(9920K)->9758K(9920K) Class: 1481K(1600K)->1481K(1600K)
[2025-03-19T08:52:20.151+0000][3.626s][info ][gc          ] GC(4) Pause Young (Normal) (G1 Evacuation Pause) 78M->13M(116M) 5.002ms
[2025-03-19T08:52:20.151+0000][3.626s][info ][gc,cpu      ] GC(4) User=0.01s Sys=0.00s Real=0.00s
[2025-03-19T08:52:20.151+0000][3.626s][info ][safepoint   ] Safepoint "G1CollectForAllocation", Time since last: 393565344 ns, Reaching safepoint: 48715 ns, Cleanup: 50040 ns, At safepoint: 5041358 ns, Total: 5140113 ns
[2025-03-19T08:52:20.324+0000][3.798s][debug][safepoint   ] Safepoint synchronization initiated using futex wait barrier. (14 threads)
[2025-03-19T08:52:20.324+0000][3.798s][debug][safepoint   ] ... found polling page loop exception at pc = 0x00007f901174dc56, stub =0x00007f901898f400
[2025-03-19T08:52:20.324+0000][3.798s][info ][safepoint   ] Safepoint "ICBufferFull", Time since last: 172421276 ns, Reaching safepoint: 112008 ns, Cleanup: 107709 ns, At safepoint: 8766 ns, Total: 228483 ns
[2025-03-19T08:52:20.659+0000][4.133s][debug][safepoint   ] Safepoint synchronization initiated using futex wait barrier. (15 threads)
[2025-03-19T08:52:20.659+0000][4.133s][debug][safepoint   ] ... found polling page loop exception at pc = 0x00007f901901c0fc, stub =0x00007f901898f400
[2025-03-19T08:52:20.659+0000][4.134s][info ][gc,start    ] GC(5) Pause Young (Normal) (G1 Evacuation Pause)
[2025-03-19T08:52:20.659+0000][4.134s][info ][gc,task     ] GC(5) Using 4 workers of 4 for evacuation
[2025-03-19T08:52:20.664+0000][4.139s][info ][gc,phases   ] GC(5)   Pre Evacuate Collection Set: 0.0ms
[2025-03-19T08:52:20.664+0000][4.139s][info ][gc,phases   ] GC(5)   Merge Heap Roots: 0.0ms
[2025-03-19T08:52:20.664+0000][4.139s][info ][gc,phases   ] GC(5)   Evacuate Collection Set: 4.6ms
[2025-03-19T08:52:20.664+0000][4.139s][info ][gc,phases   ] GC(5)   Post Evacuate Collection Set: 0.7ms
[2025-03-19T08:52:20.664+0000][4.139s][info ][gc,phases   ] GC(5)   Other: 0.1ms
[2025-03-19T08:52:20.664+0000][4.139s][info ][gc,heap     ] GC(5) Eden regions: 64->0(62)
[2025-03-19T08:52:20.664+0000][4.139s][info ][gc,heap     ] GC(5) Survivor regions: 4->6(9)
[2025-03-19T08:52:20.664+0000][4.139s][info ][gc,heap     ] GC(5) Old regions: 10->10
[2025-03-19T08:52:20.664+0000][4.139s][info ][gc,heap     ] GC(5) Archive regions: 2->2
[2025-03-19T08:52:20.664+0000][4.139s][info ][gc,heap     ] GC(5) Humongous regions: 0->0
[2025-03-19T08:52:20.664+0000][4.139s][info ][gc,metaspace] GC(5) Metaspace: 13689K(14016K)->13689K(14016K) NonClass: 11911K(12096K)->11911K(12096K) Class: 1777K(1920K)->1777K(1920K)
[2025-03-19T08:52:20.665+0000][4.139s][info ][gc          ] GC(5) Pause Young (Normal) (G1 Evacuation Pause) 77M->15M(116M) 5.548ms
[2025-03-19T08:52:20.665+0000][4.139s][info ][gc,cpu      ] GC(5) User=0.02s Sys=0.00s Real=0.01s
[2025-03-19T08:52:20.665+0000][4.139s][info ][safepoint   ] Safepoint "G1CollectForAllocation", Time since last: 334996718 ns, Reaching safepoint: 104331 ns, Cleanup: 83850 ns, At safepoint: 5591898 ns, Total: 5780079 ns
[2025-03-19T08:52:20.876+0000][4.351s][debug][safepoint   ] Safepoint synchronization initiated using futex wait barrier. (15 threads)
[2025-03-19T08:52:20.876+0000][4.351s][info ][gc,start    ] GC(6) Pause Young (Normal) (G1 Evacuation Pause)
[2025-03-19T08:52:20.876+0000][4.351s][info ][gc,task     ] GC(6) Using 4 workers of 4 for evacuation
[2025-03-19T08:52:20.885+0000][4.360s][info ][gc,phases   ] GC(6)   Pre Evacuate Collection Set: 0.1ms
[2025-03-19T08:52:20.885+0000][4.360s][info ][gc,phases   ] GC(6)   Merge Heap Roots: 0.1ms
[2025-03-19T08:52:20.885+0000][4.360s][info ][gc,phases   ] GC(6)   Evacuate Collection Set: 7.5ms
[2025-03-19T08:52:20.885+0000][4.360s][info ][gc,phases   ] GC(6)   Post Evacuate Collection Set: 1.1ms
[2025-03-19T08:52:20.885+0000][4.360s][info ][gc,phases   ] GC(6)   Other: 0.1ms
[2025-03-19T08:52:20.885+0000][4.360s][info ][gc,heap     ] GC(6) Eden regions: 62->0(79)
[2025-03-19T08:52:20.885+0000][4.360s][info ][gc,heap     ] GC(6) Survivor regions: 6->5(9)
[2025-03-19T08:52:20.885+0000][4.360s][info ][gc,heap     ] GC(6) Old regions: 10->12
[2025-03-19T08:52:20.885+0000][4.360s][info ][gc,heap     ] GC(6) Archive regions: 2->2
[2025-03-19T08:52:20.885+0000][4.360s][info ][gc,heap     ] GC(6) Humongous regions: 0->0
[2025-03-19T08:52:20.885+0000][4.360s][info ][gc,metaspace] GC(6) Metaspace: 15582K(15872K)->15582K(15872K) NonClass: 13499K(13632K)->13499K(13632K) Class: 2082K(2240K)->2082K(2240K)
[2025-03-19T08:52:20.885+0000][4.360s][info ][gc          ] GC(6) Pause Young (Normal) (G1 Evacuation Pause) 77M->16M(140M) 8.977ms
[2025-03-19T08:52:20.885+0000][4.360s][info ][gc,cpu      ] GC(6) User=0.03s Sys=0.00s Real=0.01s
[2025-03-19T08:52:20.885+0000][4.360s][info ][safepoint   ] Safepoint "G1CollectForAllocation", Time since last: 211587519 ns, Reaching safepoint: 182909 ns, Cleanup: 56545 ns, At safepoint: 9034671 ns, Total: 9274125 ns
[2025-03-19T08:52:20.904+0000][4.379s][info ][cds,heap    ] initialize_from_archived_subgraph java.lang.Byte$ByteCache 0x00007f8faf0395f8
[2025-03-19T08:52:20.904+0000][4.379s][info ][cds,heap    ] initialize_from_archived_subgraph java.lang.Short$ShortCache 0x00007f8faf03fce8
[2025-03-19T08:52:21.261+0000][4.736s][debug][safepoint   ] Safepoint synchronization initiated using futex wait barrier. (15 threads)
[2025-03-19T08:52:21.261+0000][4.736s][info ][gc,start    ] GC(7) Pause Young (Normal) (G1 Evacuation Pause)
[2025-03-19T08:52:21.261+0000][4.736s][info ][gc,task     ] GC(7) Using 4 workers of 4 for evacuation
[2025-03-19T08:52:21.271+0000][4.745s][info ][gc,phases   ] GC(7)   Pre Evacuate Collection Set: 0.1ms
[2025-03-19T08:52:21.271+0000][4.745s][info ][gc,phases   ] GC(7)   Merge Heap Roots: 0.1ms
[2025-03-19T08:52:21.271+0000][4.745s][info ][gc,phases   ] GC(7)   Evacuate Collection Set: 8.7ms
[2025-03-19T08:52:21.271+0000][4.745s][info ][gc,phases   ] GC(7)   Post Evacuate Collection Set: 0.7ms
[2025-03-19T08:52:21.271+0000][4.745s][info ][gc,phases   ] GC(7)   Other: 0.1ms
[2025-03-19T08:52:21.271+0000][4.745s][info ][gc,heap     ] GC(7) Eden regions: 79->0(76)
[2025-03-19T08:52:21.271+0000][4.745s][info ][gc,heap     ] GC(7) Survivor regions: 5->8(11)
[2025-03-19T08:52:21.271+0000][4.745s][info ][gc,heap     ] GC(7) Old regions: 12->12
[2025-03-19T08:52:21.271+0000][4.745s][info ][gc,heap     ] GC(7) Archive regions: 2->2
[2025-03-19T08:52:21.271+0000][4.745s][info ][gc,heap     ] GC(7) Humongous regions: 0->0
[2025-03-19T08:52:21.271+0000][4.745s][info ][gc,metaspace] GC(7) Metaspace: 17274K(17600K)->17274K(17600K) NonClass: 14926K(15104K)->14926K(15104K) Class: 2347K(2496K)->2347K(2496K)
[2025-03-19T08:52:21.271+0000][4.745s][info ][gc          ] GC(7) Pause Young (Normal) (G1 Evacuation Pause) 95M->19M(140M) 9.762ms
[2025-03-19T08:52:21.271+0000][4.745s][info ][gc,cpu      ] GC(7) User=0.02s Sys=0.01s Real=0.01s
[2025-03-19T08:52:21.271+0000][4.746s][info ][safepoint   ] Safepoint "G1CollectForAllocation", Time since last: 375524402 ns, Reaching safepoint: 79372 ns, Cleanup: 59549 ns, At safepoint: 9854654 ns, Total: 9993575 ns
[2025-03-19T08:52:22.073+0000][5.548s][debug][safepoint   ] Safepoint synchronization initiated using futex wait barrier. (15 threads)
[2025-03-19T08:52:22.074+0000][5.548s][info ][gc,start    ] GC(8) Pause Young (Concurrent Start) (Metadata GC Threshold)
[2025-03-19T08:52:22.074+0000][5.548s][info ][gc,task     ] GC(8) Using 4 workers of 4 for evacuation
[2025-03-19T08:52:22.090+0000][5.565s][info ][gc,phases   ] GC(8)   Pre Evacuate Collection Set: 0.1ms
[2025-03-19T08:52:22.091+0000][5.565s][info ][gc,phases   ] GC(8)   Merge Heap Roots: 0.0ms
[2025-03-19T08:52:22.091+0000][5.565s][info ][gc,phases   ] GC(8)   Evacuate Collection Set: 15.2ms
[2025-03-19T08:52:22.091+0000][5.565s][info ][gc,phases   ] GC(8)   Post Evacuate Collection Set: 1.4ms
[2025-03-19T08:52:22.091+0000][5.565s][info ][gc,phases   ] GC(8)   Other: 0.2ms
[2025-03-19T08:52:22.091+0000][5.565s][info ][gc,heap     ] GC(8) Eden regions: 66->0(78)
[2025-03-19T08:52:22.091+0000][5.565s][info ][gc,heap     ] GC(8) Survivor regions: 8->6(11)
[2025-03-19T08:52:22.091+0000][5.565s][info ][gc,heap     ] GC(8) Old regions: 12->15
[2025-03-19T08:52:22.091+0000][5.565s][info ][gc,heap     ] GC(8) Archive regions: 2->2
[2025-03-19T08:52:22.091+0000][5.565s][info ][gc,heap     ] GC(8) Humongous regions: 0->0
[2025-03-19T08:52:22.091+0000][5.565s][info ][gc,metaspace] GC(8) Metaspace: 21181K(21504K)->21181K(21504K) NonClass: 18417K(18560K)->18417K(18560K) Class: 2764K(2944K)->2764K(2944K)
[2025-03-19T08:52:22.091+0000][5.565s][info ][gc          ] GC(8) Pause Young (Concurrent Start) (Metadata GC Threshold) 85M->21M(140M) 17.027ms
[2025-03-19T08:52:22.091+0000][5.565s][info ][gc,cpu      ] GC(8) User=0.04s Sys=0.00s Real=0.02s
[2025-03-19T08:52:22.091+0000][5.565s][info ][gc          ] GC(9) Concurrent Mark Cycle
[2025-03-19T08:52:22.091+0000][5.565s][info ][gc,marking  ] GC(9) Concurrent Clear Claimed Marks
[2025-03-19T08:52:22.091+0000][5.565s][info ][gc,marking  ] GC(9) Concurrent Clear Claimed Marks 0.027ms
[2025-03-19T08:52:22.091+0000][5.565s][info ][gc,marking  ] GC(9) Concurrent Scan Root Regions
[2025-03-19T08:52:22.092+0000][5.566s][info ][safepoint   ] Safepoint "CollectForMetadataAllocation", Time since last: 802105871 ns, Reaching safepoint: 318503 ns, Cleanup: 232061 ns, At safepoint: 18222215 ns, Total: 18772779 ns
[2025-03-19T08:52:22.116+0000][5.591s][info ][gc,marking  ] GC(9) Concurrent Scan Root Regions 25.570ms
[2025-03-19T08:52:22.116+0000][5.591s][info ][gc,marking  ] GC(9) Concurrent Mark
[2025-03-19T08:52:22.116+0000][5.591s][info ][gc,marking  ] GC(9) Concurrent Mark From Roots
[2025-03-19T08:52:22.116+0000][5.591s][info ][gc,task     ] GC(9) Using 1 workers of 1 for marking
[2025-03-19T08:52:22.135+0000][5.610s][info ][gc,marking  ] GC(9) Concurrent Mark From Roots 18.788ms
[2025-03-19T08:52:22.135+0000][5.610s][info ][gc,marking  ] GC(9) Concurrent Preclean
[2025-03-19T08:52:22.136+0000][5.610s][info ][gc,marking  ] GC(9) Concurrent Preclean 0.258ms
[2025-03-19T08:52:22.136+0000][5.610s][debug][safepoint   ] Safepoint synchronization initiated using futex wait barrier. (15 threads)
[2025-03-19T08:52:22.136+0000][5.610s][info ][gc,start    ] GC(9) Pause Remark
[2025-03-19T08:52:22.142+0000][5.617s][info ][gc          ] GC(9) Pause Remark 23M->23M(87M) 6.505ms
[2025-03-19T08:52:22.142+0000][5.617s][info ][gc,cpu      ] GC(9) User=0.02s Sys=0.00s Real=0.00s
[2025-03-19T08:52:22.145+0000][5.619s][info ][safepoint   ] Safepoint "G1PauseRemark", Time since last: 43733368 ns, Reaching safepoint: 90780 ns, Cleanup: 17410 ns, At safepoint: 8918231 ns, Total: 9026421 ns
[2025-03-19T08:52:22.145+0000][5.619s][info ][gc,marking  ] GC(9) Concurrent Mark 28.227ms
[2025-03-19T08:52:22.145+0000][5.619s][info ][gc,marking  ] GC(9) Concurrent Rebuild Remembered Sets
[2025-03-19T08:52:22.173+0000][5.648s][info ][gc,marking  ] GC(9) Concurrent Rebuild Remembered Sets 28.542ms
[2025-03-19T08:52:22.173+0000][5.648s][debug][safepoint   ] Safepoint synchronization initiated using futex wait barrier. (15 threads)
[2025-03-19T08:52:22.174+0000][5.648s][debug][safepoint   ] ... found polling page loop exception at pc = 0x00007f9018f22e8b, stub =0x00007f901898f400
[2025-03-19T08:52:22.174+0000][5.649s][info ][gc,start    ] GC(9) Pause Cleanup
[2025-03-19T08:52:22.174+0000][5.649s][info ][gc          ] GC(9) Pause Cleanup 25M->25M(87M) 0.153ms
[2025-03-19T08:52:22.174+0000][5.649s][info ][gc,cpu      ] GC(9) User=0.00s Sys=0.00s Real=0.00s
[2025-03-19T08:52:22.175+0000][5.650s][info ][safepoint   ] Safepoint "G1PauseCleanup", Time since last: 28679457 ns, Reaching safepoint: 814535 ns, Cleanup: 18714 ns, At safepoint: 1177924 ns, Total: 2011173 ns
[2025-03-19T08:52:22.175+0000][5.650s][info ][gc,marking  ] GC(9) Concurrent Cleanup for Next Mark
[2025-03-19T08:52:22.177+0000][5.651s][info ][gc,marking  ] GC(9) Concurrent Cleanup for Next Mark 1.334ms
[2025-03-19T08:52:22.177+0000][5.651s][info ][gc          ] GC(9) Concurrent Mark Cycle 85.938ms
[2025-03-19T08:52:22.483+0000][5.957s][debug][safepoint   ] Safepoint synchronization initiated using futex wait barrier. (15 threads)
[2025-03-19T08:52:22.483+0000][5.958s][info ][gc,start    ] GC(10) Pause Young (Normal) (G1 Evacuation Pause)
[2025-03-19T08:52:22.483+0000][5.958s][info ][gc,task     ] GC(10) Using 4 workers of 4 for evacuation
[2025-03-19T08:52:22.490+0000][5.965s][info ][gc,phases   ] GC(10)   Pre Evacuate Collection Set: 0.1ms
[2025-03-19T08:52:22.490+0000][5.965s][info ][gc,phases   ] GC(10)   Merge Heap Roots: 0.1ms
[2025-03-19T08:52:22.490+0000][5.965s][info ][gc,phases   ] GC(10)   Evacuate Collection Set: 6.3ms
[2025-03-19T08:52:22.490+0000][5.965s][info ][gc,phases   ] GC(10)   Post Evacuate Collection Set: 0.7ms
[2025-03-19T08:52:22.490+0000][5.965s][info ][gc,phases   ] GC(10)   Other: 0.2ms
[2025-03-19T08:52:22.490+0000][5.965s][info ][gc,heap     ] GC(10) Eden regions: 46->0(45)
[2025-03-19T08:52:22.490+0000][5.965s][info ][gc,heap     ] GC(10) Survivor regions: 6->5(7)
[2025-03-19T08:52:22.490+0000][5.965s][info ][gc,heap     ] GC(10) Old regions: 15->19
[2025-03-19T08:52:22.490+0000][5.965s][info ][gc,heap     ] GC(10) Archive regions: 2->2
[2025-03-19T08:52:22.491+0000][5.965s][info ][gc,heap     ] GC(10) Humongous regions: 0->0
[2025-03-19T08:52:22.491+0000][5.965s][info ][gc,metaspace] GC(10) Metaspace: 22974K(23360K)->22974K(23360K) NonClass: 19954K(20160K)->19954K(20160K) Class: 3020K(3200K)->3020K(3200K)
[2025-03-19T08:52:22.491+0000][5.965s][info ][gc          ] GC(10) Pause Young (Normal) (G1 Evacuation Pause) 67M->23M(87M) 7.405ms
[2025-03-19T08:52:22.491+0000][5.965s][info ][gc,cpu      ] GC(10) User=0.02s Sys=0.00s Real=0.01s
[2025-03-19T08:52:22.491+0000][5.965s][info ][safepoint   ] Safepoint "G1CollectForAllocation", Time since last: 307548042 ns, Reaching safepoint: 95265 ns, Cleanup: 184476 ns, At safepoint: 7468818 ns, Total: 7748559 ns
[2025-03-19T08:52:22.743+0000][6.218s][debug][safepoint   ] Safepoint synchronization initiated using futex wait barrier. (15 threads)
[2025-03-19T08:52:22.743+0000][6.218s][debug][safepoint   ] ... found polling page loop exception at pc = 0x00007f9018f8ae8c, stub =0x00007f901898f400
[2025-03-19T08:52:22.743+0000][6.218s][info ][gc,start    ] GC(11) Pause Young (Normal) (G1 Evacuation Pause)
[2025-03-19T08:52:22.743+0000][6.218s][info ][gc,task     ] GC(11) Using 4 workers of 4 for evacuation
[2025-03-19T08:52:22.752+0000][6.227s][info ][gc,phases   ] GC(11)   Pre Evacuate Collection Set: 0.1ms
[2025-03-19T08:52:22.752+0000][6.227s][info ][gc,phases   ] GC(11)   Merge Heap Roots: 0.0ms
[2025-03-19T08:52:22.752+0000][6.227s][info ][gc,phases   ] GC(11)   Evacuate Collection Set: 8.2ms
[2025-03-19T08:52:22.752+0000][6.227s][info ][gc,phases   ] GC(11)   Post Evacuate Collection Set: 0.7ms
[2025-03-19T08:52:22.752+0000][6.227s][info ][gc,phases   ] GC(11)   Other: 0.1ms
[2025-03-19T08:52:22.752+0000][6.227s][info ][gc,heap     ] GC(11) Eden regions: 45->0(43)
[2025-03-19T08:52:22.752+0000][6.227s][info ][gc,heap     ] GC(11) Survivor regions: 5->5(7)
[2025-03-19T08:52:22.752+0000][6.227s][info ][gc,heap     ] GC(11) Old regions: 19->21
[2025-03-19T08:52:22.752+0000][6.227s][info ][gc,heap     ] GC(11) Archive regions: 2->2
[2025-03-19T08:52:22.752+0000][6.227s][info ][gc,heap     ] GC(11) Humongous regions: 0->0
[2025-03-19T08:52:22.752+0000][6.227s][info ][gc,metaspace] GC(11) Metaspace: 23913K(24256K)->23913K(24256K) NonClass: 20802K(20992K)->20802K(20992K) Class: 3110K(3264K)->3110K(3264K)
[2025-03-19T08:52:22.752+0000][6.227s][info ][gc          ] GC(11) Pause Young (Normal) (G1 Evacuation Pause) 68M->25M(87M) 9.131ms
[2025-03-19T08:52:22.752+0000][6.227s][info ][gc,cpu      ] GC(11) User=0.02s Sys=0.00s Real=0.01s
[2025-03-19T08:52:22.753+0000][6.227s][info ][safepoint   ] Safepoint "G1CollectForAllocation", Time since last: 252587845 ns, Reaching safepoint: 113862 ns, Cleanup: 66250 ns, At safepoint: 9182974 ns, Total: 9363086 ns
[2025-03-19T08:52:22.964+0000][6.439s][debug][safepoint   ] Safepoint synchronization initiated using futex wait barrier. (14 threads)
[2025-03-19T08:52:22.965+0000][6.439s][info ][gc,start    ] GC(12) Pause Young (Normal) (G1 Evacuation Pause)
[2025-03-19T08:52:22.965+0000][6.439s][info ][gc,task     ] GC(12) Using 3 workers of 4 for evacuation
[2025-03-19T08:52:22.976+0000][6.451s][info ][gc,phases   ] GC(12)   Pre Evacuate Collection Set: 0.1ms
[2025-03-19T08:52:22.976+0000][6.451s][info ][gc,phases   ] GC(12)   Merge Heap Roots: 0.1ms
[2025-03-19T08:52:22.976+0000][6.451s][info ][gc,phases   ] GC(12)   Evacuate Collection Set: 10.1ms
[2025-03-19T08:52:22.976+0000][6.451s][info ][gc,phases   ] GC(12)   Post Evacuate Collection Set: 1.1ms
[2025-03-19T08:52:22.976+0000][6.451s][info ][gc,phases   ] GC(12)   Other: 0.1ms
[2025-03-19T08:52:22.976+0000][6.451s][info ][gc,heap     ] GC(12) Eden regions: 43->0(55)
[2025-03-19T08:52:22.976+0000][6.451s][info ][gc,heap     ] GC(12) Survivor regions: 5->6(6)
[2025-03-19T08:52:22.976+0000][6.451s][info ][gc,heap     ] GC(12) Old regions: 21->25
[2025-03-19T08:52:22.976+0000][6.451s][info ][gc,heap     ] GC(12) Archive regions: 2->2
[2025-03-19T08:52:22.976+0000][6.451s][info ][gc,heap     ] GC(12) Humongous regions: 0->0
[2025-03-19T08:52:22.976+0000][6.451s][info ][gc,metaspace] GC(12) Metaspace: 24491K(24896K)->24491K(24896K) NonClass: 21297K(21504K)->21297K(21504K) Class: 3194K(3392K)->3194K(3392K)
[2025-03-19T08:52:22.976+0000][6.451s][info ][gc          ] GC(12) Pause Young (Normal) (G1 Evacuation Pause) 68M->30M(111M) 11.654ms
[2025-03-19T08:52:22.976+0000][6.451s][info ][gc,cpu      ] GC(12) User=0.04s Sys=0.00s Real=0.01s
[2025-03-19T08:52:22.976+0000][6.451s][info ][safepoint   ] Safepoint "G1CollectForAllocation", Time since last: 211979367 ns, Reaching safepoint: 45882 ns, Cleanup: 34639 ns, At safepoint: 11712468 ns, Total: 11792989 ns
[2025-03-19T08:52:23.107+0000][6.582s][debug][safepoint   ] Safepoint synchronization initiated using futex wait barrier. (14 threads)
[2025-03-19T08:52:23.107+0000][6.582s][info ][gc,start    ] GC(13) Pause Young (Normal) (G1 Evacuation Pause)
[2025-03-19T08:52:23.107+0000][6.582s][info ][gc,task     ] GC(13) Using 2 workers of 4 for evacuation
[2025-03-19T08:52:23.128+0000][6.602s][info ][gc,phases   ] GC(13)   Pre Evacuate Collection Set: 0.1ms
[2025-03-19T08:52:23.128+0000][6.602s][info ][gc,phases   ] GC(13)   Merge Heap Roots: 0.1ms
[2025-03-19T08:52:23.128+0000][6.602s][info ][gc,phases   ] GC(13)   Evacuate Collection Set: 19.3ms
[2025-03-19T08:52:23.128+0000][6.602s][info ][gc,phases   ] GC(13)   Post Evacuate Collection Set: 0.9ms
[2025-03-19T08:52:23.128+0000][6.602s][info ][gc,phases   ] GC(13)   Other: 0.1ms
[2025-03-19T08:52:23.128+0000][6.602s][info ][gc,heap     ] GC(13) Eden regions: 55->0(47)
[2025-03-19T08:52:23.128+0000][6.602s][info ][gc,heap     ] GC(13) Survivor regions: 6->8(8)
[2025-03-19T08:52:23.128+0000][6.602s][info ][gc,heap     ] GC(13) Old regions: 25->30
[2025-03-19T08:52:23.128+0000][6.602s][info ][gc,heap     ] GC(13) Archive regions: 2->2
[2025-03-19T08:52:23.128+0000][6.602s][info ][gc,heap     ] GC(13) Humongous regions: 0->0
[2025-03-19T08:52:23.128+0000][6.602s][info ][gc,metaspace] GC(13) Metaspace: 24532K(24896K)->24532K(24896K) NonClass: 21334K(21504K)->21334K(21504K) Class: 3198K(3392K)->3198K(3392K)
[2025-03-19T08:52:23.128+0000][6.602s][info ][gc          ] GC(13) Pause Young (Normal) (G1 Evacuation Pause) 85M->37M(111M) 20.468ms
[2025-03-19T08:52:23.128+0000][6.602s][info ][gc,cpu      ] GC(13) User=0.06s Sys=0.01s Real=0.02s
[2025-03-19T08:52:23.128+0000][6.602s][info ][safepoint   ] Safepoint "G1CollectForAllocation", Time since last: 131053132 ns, Reaching safepoint: 45802 ns, Cleanup: 26431 ns, At safepoint: 20510852 ns, Total: 20583085 ns
[2025-03-19T08:52:23.326+0000][6.801s][debug][safepoint   ] Safepoint synchronization initiated using futex wait barrier. (14 threads)
[2025-03-19T08:52:23.326+0000][6.801s][info ][gc,start    ] GC(14) Pause Young (Normal) (G1 Evacuation Pause)
[2025-03-19T08:52:23.326+0000][6.801s][info ][gc,task     ] GC(14) Using 2 workers of 4 for evacuation
[2025-03-19T08:52:23.343+0000][6.818s][info ][gc,phases   ] GC(14)   Pre Evacuate Collection Set: 0.1ms
[2025-03-19T08:52:23.344+0000][6.818s][info ][gc,phases   ] GC(14)   Merge Heap Roots: 0.1ms
[2025-03-19T08:52:23.344+0000][6.818s][info ][gc,phases   ] GC(14)   Evacuate Collection Set: 15.6ms
[2025-03-19T08:52:23.344+0000][6.818s][info ][gc,phases   ] GC(14)   Post Evacuate Collection Set: 1.3ms
[2025-03-19T08:52:23.344+0000][6.818s][info ][gc,phases   ] GC(14)   Other: 0.1ms
[2025-03-19T08:52:23.344+0000][6.818s][info ][gc,heap     ] GC(14) Eden regions: 47->0(43)
[2025-03-19T08:52:23.344+0000][6.818s][info ][gc,heap     ] GC(14) Survivor regions: 8->5(7)
[2025-03-19T08:52:23.344+0000][6.818s][info ][gc,heap     ] GC(14) Old regions: 30->38
[2025-03-19T08:52:23.344+0000][6.818s][info ][gc,heap     ] GC(14) Archive regions: 2->2
[2025-03-19T08:52:23.344+0000][6.818s][info ][gc,heap     ] GC(14) Humongous regions: 0->0
[2025-03-19T08:52:23.344+0000][6.818s][info ][gc,metaspace] GC(14) Metaspace: 24724K(25088K)->24724K(25088K) NonClass: 21501K(21696K)->21501K(21696K) Class: 3222K(3392K)->3222K(3392K)
[2025-03-19T08:52:23.344+0000][6.818s][info ][gc          ] GC(14) Pause Young (Normal) (G1 Evacuation Pause) 84M->42M(111M) 17.213ms
[2025-03-19T08:52:23.344+0000][6.818s][info ][gc,cpu      ] GC(14) User=0.05s Sys=0.00s Real=0.01s
[2025-03-19T08:52:23.344+0000][6.818s][info ][safepoint   ] Safepoint "G1CollectForAllocation", Time since last: 198316406 ns, Reaching safepoint: 48346 ns, Cleanup: 50771 ns, At safepoint: 17265532 ns, Total: 17364649 ns
[2025-03-19T08:52:23.486+0000][6.960s][debug][safepoint   ] Safepoint synchronization initiated using futex wait barrier. (14 threads)
[2025-03-19T08:52:23.486+0000][6.960s][info ][gc,start    ] GC(15) Pause Young (Normal) (G1 Evacuation Pause)
[2025-03-19T08:52:23.486+0000][6.960s][info ][gc,task     ] GC(15) Using 2 workers of 4 for evacuation
[2025-03-19T08:52:23.499+0000][6.973s][info ][gc,phases   ] GC(15)   Pre Evacuate Collection Set: 0.0ms
[2025-03-19T08:52:23.499+0000][6.974s][info ][gc,phases   ] GC(15)   Merge Heap Roots: 0.1ms
[2025-03-19T08:52:23.499+0000][6.974s][info ][gc,phases   ] GC(15)   Evacuate Collection Set: 12.1ms
[2025-03-19T08:52:23.499+0000][6.974s][info ][gc,phases   ] GC(15)   Post Evacuate Collection Set: 0.7ms
[2025-03-19T08:52:23.499+0000][6.974s][info ][gc,phases   ] GC(15)   Other: 0.1ms
[2025-03-19T08:52:23.499+0000][6.974s][info ][gc,heap     ] GC(15) Eden regions: 43->0(39)
[2025-03-19T08:52:23.499+0000][6.974s][info ][gc,heap     ] GC(15) Survivor regions: 5->5(6)
[2025-03-19T08:52:23.499+0000][6.974s][info ][gc,heap     ] GC(15) Old regions: 38->42
[2025-03-19T08:52:23.499+0000][6.974s][info ][gc,heap     ] GC(15) Archive regions: 2->2
[2025-03-19T08:52:23.499+0000][6.974s][info ][gc,heap     ] GC(15) Humongous regions: 0->0
[2025-03-19T08:52:23.499+0000][6.974s][info ][gc,metaspace] GC(15) Metaspace: 24778K(25088K)->24778K(25088K) NonClass: 21538K(21696K)->21538K(21696K) Class: 3239K(3392K)->3239K(3392K)
[2025-03-19T08:52:23.499+0000][6.974s][info ][gc          ] GC(15) Pause Young (Normal) (G1 Evacuation Pause) 85M->47M(111M) 13.082ms
[2025-03-19T08:52:23.499+0000][6.974s][info ][gc,cpu      ] GC(15) User=0.03s Sys=0.00s Real=0.01s
[2025-03-19T08:52:23.499+0000][6.974s][info ][safepoint   ] Safepoint "G1CollectForAllocation", Time since last: 142217516 ns, Reaching safepoint: 41381 ns, Cleanup: 20539 ns, At safepoint: 13140878 ns, Total: 13202798 ns
[2025-03-19T08:52:23.735+0000][7.209s][debug][safepoint   ] Safepoint synchronization initiated using futex wait barrier. (14 threads)
[2025-03-19T08:52:23.735+0000][7.210s][info ][gc,start    ] GC(16) Pause Young (Normal) (G1 Evacuation Pause)
[2025-03-19T08:52:23.735+0000][7.210s][info ][gc,task     ] GC(16) Using 2 workers of 4 for evacuation
[2025-03-19T08:52:23.750+0000][7.225s][info ][gc,phases   ] GC(16)   Pre Evacuate Collection Set: 0.0ms
[2025-03-19T08:52:23.751+0000][7.225s][info ][gc,phases   ] GC(16)   Merge Heap Roots: 0.1ms
[2025-03-19T08:52:23.751+0000][7.225s][info ][gc,phases   ] GC(16)   Evacuate Collection Set: 12.0ms
[2025-03-19T08:52:23.751+0000][7.225s][info ][gc,phases   ] GC(16)   Post Evacuate Collection Set: 3.3ms
[2025-03-19T08:52:23.751+0000][7.225s][info ][gc,phases   ] GC(16)   Other: 0.1ms
[2025-03-19T08:52:23.751+0000][7.225s][info ][gc,heap     ] GC(16) Eden regions: 39->0(118)
[2025-03-19T08:52:23.751+0000][7.225s][info ][gc,heap     ] GC(16) Survivor regions: 5->2(6)
[2025-03-19T08:52:23.751+0000][7.225s][info ][gc,heap     ] GC(16) Old regions: 42->47
[2025-03-19T08:52:23.751+0000][7.225s][info ][gc,heap     ] GC(16) Archive regions: 2->2
[2025-03-19T08:52:23.751+0000][7.225s][info ][gc,heap     ] GC(16) Humongous regions: 0->0
[2025-03-19T08:52:23.751+0000][7.225s][info ][gc,metaspace] GC(16) Metaspace: 24978K(25408K)->24978K(25408K) NonClass: 21725K(21952K)->21725K(21952K) Class: 3253K(3456K)->3253K(3456K)
[2025-03-19T08:52:23.751+0000][7.225s][info ][gc          ] GC(16) Pause Young (Normal) (G1 Evacuation Pause) 86M->49M(222M) 15.634ms
[2025-03-19T08:52:23.751+0000][7.225s][info ][gc,cpu      ] GC(16) User=0.05s Sys=0.01s Real=0.01s
[2025-03-19T08:52:23.751+0000][7.225s][info ][safepoint   ] Safepoint "G1CollectForAllocation", Time since last: 235817131 ns, Reaching safepoint: 35950 ns, Cleanup: 78710 ns, At safepoint: 15679028 ns, Total: 15793688 ns
[2025-03-19T08:52:23.788+0000][7.263s][debug][safepoint   ] ... found polling page loop exception at pc = 0x00007f9018fa1edd, stub =0x00007f901898f400
[2025-03-19T08:52:24.789+0000][8.263s][debug][safepoint   ] Safepoint synchronization initiated using futex wait barrier. (14 threads)
[2025-03-19T08:52:24.795+0000][8.269s][info ][safepoint   ] Safepoint "Cleanup", Time since last: 1037985373 ns, Reaching safepoint: 6144618 ns, Cleanup: 124152 ns, At safepoint: 11318 ns, Total: 6280088 ns
[2025-03-19T08:52:25.085+0000][8.560s][debug][safepoint   ] Safepoint synchronization initiated using futex wait barrier. (14 threads)
[2025-03-19T08:52:25.086+0000][8.560s][info ][gc,start    ] GC(17) Pause Young (Normal) (G1 Evacuation Pause)
[2025-03-19T08:52:25.086+0000][8.560s][info ][gc,task     ] GC(17) Using 4 workers of 4 for evacuation
[2025-03-19T08:52:25.095+0000][8.569s][info ][gc,phases   ] GC(17)   Pre Evacuate Collection Set: 0.1ms
[2025-03-19T08:52:25.095+0000][8.569s][info ][gc,phases   ] GC(17)   Merge Heap Roots: 0.1ms
[2025-03-19T08:52:25.095+0000][8.569s][info ][gc,phases   ] GC(17)   Evacuate Collection Set: 7.9ms
[2025-03-19T08:52:25.095+0000][8.569s][info ][gc,phases   ] GC(17)   Post Evacuate Collection Set: 0.9ms
[2025-03-19T08:52:25.095+0000][8.569s][info ][gc,phases   ] GC(17)   Other: 0.1ms
[2025-03-19T08:52:25.095+0000][8.569s][info ][gc,heap     ] GC(17) Eden regions: 118->0(117)
[2025-03-19T08:52:25.095+0000][8.569s][info ][gc,heap     ] GC(17) Survivor regions: 2->7(15)
[2025-03-19T08:52:25.095+0000][8.569s][info ][gc,heap     ] GC(17) Old regions: 47->47
[2025-03-19T08:52:25.095+0000][8.569s][info ][gc,heap     ] GC(17) Archive regions: 2->2
[2025-03-19T08:52:25.095+0000][8.569s][info ][gc,heap     ] GC(17) Humongous regions: 0->0
[2025-03-19T08:52:25.095+0000][8.569s][info ][gc,metaspace] GC(17) Metaspace: 25162K(25536K)->25162K(25536K) NonClass: 21895K(22080K)->21895K(22080K) Class: 3266K(3456K)->3266K(3456K)
[2025-03-19T08:52:25.095+0000][8.569s][info ][gc          ] GC(17) Pause Young (Normal) (G1 Evacuation Pause) 167M->54M(222M) 9.166ms
[2025-03-19T08:52:25.095+0000][8.569s][info ][gc,cpu      ] GC(17) User=0.02s Sys=0.00s Real=0.01s
[2025-03-19T08:52:25.095+0000][8.569s][info ][safepoint   ] Safepoint "G1CollectForAllocation", Time since last: 290604329 ns, Reaching safepoint: 45527 ns, Cleanup: 14954 ns, At safepoint: 9210226 ns, Total: 9270707 ns
[2025-03-19T08:52:25.627+0000][9.101s][debug][safepoint   ] Safepoint synchronization initiated using futex wait barrier. (15 threads)
[2025-03-19T08:52:25.627+0000][9.102s][info ][gc,start    ] GC(18) Pause Young (Normal) (G1 Evacuation Pause)
[2025-03-19T08:52:25.627+0000][9.102s][info ][gc,task     ] GC(18) Using 4 workers of 4 for evacuation
[2025-03-19T08:52:25.636+0000][9.110s][info ][gc,phases   ] GC(18)   Pre Evacuate Collection Set: 0.1ms
[2025-03-19T08:52:25.636+0000][9.110s][info ][gc,phases   ] GC(18)   Merge Heap Roots: 0.1ms
[2025-03-19T08:52:25.636+0000][9.110s][info ][gc,phases   ] GC(18)   Evacuate Collection Set: 7.5ms
[2025-03-19T08:52:25.636+0000][9.110s][info ][gc,phases   ] GC(18)   Post Evacuate Collection Set: 0.7ms
[2025-03-19T08:52:25.636+0000][9.110s][info ][gc,phases   ] GC(18)   Other: 0.1ms
[2025-03-19T08:52:25.636+0000][9.110s][info ][gc,heap     ] GC(18) Eden regions: 117->0(118)
[2025-03-19T08:52:25.636+0000][9.110s][info ][gc,heap     ] GC(18) Survivor regions: 7->10(16)
[2025-03-19T08:52:25.636+0000][9.110s][info ][gc,heap     ] GC(18) Old regions: 47->47
[2025-03-19T08:52:25.636+0000][9.110s][info ][gc,heap     ] GC(18) Archive regions: 2->2
[2025-03-19T08:52:25.636+0000][9.110s][info ][gc,heap     ] GC(18) Humongous regions: 0->0
[2025-03-19T08:52:25.636+0000][9.110s][info ][gc,metaspace] GC(18) Metaspace: 26853K(27264K)->26853K(27264K) NonClass: 23449K(23680K)->23449K(23680K) Class: 3403K(3584K)->3403K(3584K)
[2025-03-19T08:52:25.636+0000][9.110s][info ][gc          ] GC(18) Pause Young (Normal) (G1 Evacuation Pause) 171M->56M(222M) 8.540ms
[2025-03-19T08:52:25.636+0000][9.110s][info ][gc,cpu      ] GC(18) User=0.03s Sys=0.00s Real=0.01s
[2025-03-19T08:52:25.636+0000][9.110s][info ][safepoint   ] Safepoint "G1CollectForAllocation", Time since last: 532092314 ns, Reaching safepoint: 118524 ns, Cleanup: 93968 ns, At safepoint: 8589149 ns, Total: 8801641 ns
[2025-03-19T08:52:26.154+0000][9.629s][debug][safepoint   ] Safepoint synchronization initiated using futex wait barrier. (14 threads)
[2025-03-19T08:52:26.154+0000][9.629s][info ][gc,start    ] GC(19) Pause Young (Normal) (G1 Evacuation Pause)
[2025-03-19T08:52:26.154+0000][9.629s][info ][gc,task     ] GC(19) Using 4 workers of 4 for evacuation
[2025-03-19T08:52:26.166+0000][9.640s][info ][gc,phases   ] GC(19)   Pre Evacuate Collection Set: 0.1ms
[2025-03-19T08:52:26.166+0000][9.640s][info ][gc,phases   ] GC(19)   Merge Heap Roots: 0.1ms
[2025-03-19T08:52:26.166+0000][9.640s][info ][gc,phases   ] GC(19)   Evacuate Collection Set: 10.1ms
[2025-03-19T08:52:26.166+0000][9.640s][info ][gc,phases   ] GC(19)   Post Evacuate Collection Set: 1.3ms
[2025-03-19T08:52:26.166+0000][9.640s][info ][gc,phases   ] GC(19)   Other: 0.1ms
[2025-03-19T08:52:26.166+0000][9.640s][info ][gc,heap     ] GC(19) Eden regions: 118->0(121)
[2025-03-19T08:52:26.166+0000][9.640s][info ][gc,heap     ] GC(19) Survivor regions: 10->10(16)
[2025-03-19T08:52:26.166+0000][9.640s][info ][gc,heap     ] GC(19) Old regions: 47->49
[2025-03-19T08:52:26.166+0000][9.640s][info ][gc,heap     ] GC(19) Archive regions: 2->2
[2025-03-19T08:52:26.166+0000][9.640s][info ][gc,heap     ] GC(19) Humongous regions: 0->0
[2025-03-19T08:52:26.166+0000][9.640s][info ][gc,metaspace] GC(19) Metaspace: 29221K(29568K)->29221K(29568K) NonClass: 25553K(25728K)->25553K(25728K) Class: 3668K(3840K)->3668K(3840K)
[2025-03-19T08:52:26.166+0000][9.641s][info ][gc          ] GC(19) Pause Young (Normal) (G1 Evacuation Pause) 174M->58M(222M) 11.750ms
[2025-03-19T08:52:26.166+0000][9.641s][info ][gc,cpu      ] GC(19) User=0.03s Sys=0.01s Real=0.01s
[2025-03-19T08:52:26.166+0000][9.641s][info ][safepoint   ] Safepoint "G1CollectForAllocation", Time since last: 518372945 ns, Reaching safepoint: 40564 ns, Cleanup: 77496 ns, At safepoint: 11808758 ns, Total: 11926818 ns
[2025-03-19T08:52:26.818+0000][10.293s][debug][safepoint   ] Safepoint synchronization initiated using futex wait barrier. (14 threads)
[2025-03-19T08:52:26.818+0000][10.293s][info ][gc,start    ] GC(20) Pause Young (Normal) (G1 Evacuation Pause)
[2025-03-19T08:52:26.818+0000][10.293s][info ][gc,task     ] GC(20) Using 4 workers of 4 for evacuation
[2025-03-19T08:52:26.830+0000][10.304s][info ][gc,phases   ] GC(20)   Pre Evacuate Collection Set: 0.1ms
[2025-03-19T08:52:26.830+0000][10.305s][info ][gc,phases   ] GC(20)   Merge Heap Roots: 0.1ms
[2025-03-19T08:52:26.830+0000][10.305s][info ][gc,phases   ] GC(20)   Evacuate Collection Set: 9.6ms
[2025-03-19T08:52:26.830+0000][10.305s][info ][gc,phases   ] GC(20)   Post Evacuate Collection Set: 1.8ms
[2025-03-19T08:52:26.830+0000][10.305s][info ][gc,phases   ] GC(20)   Other: 0.1ms
[2025-03-19T08:52:26.830+0000][10.305s][info ][gc,heap     ] GC(20) Eden regions: 121->0(124)
[2025-03-19T08:52:26.830+0000][10.305s][info ][gc,heap     ] GC(20) Survivor regions: 10->9(17)
[2025-03-19T08:52:26.830+0000][10.305s][info ][gc,heap     ] GC(20) Old regions: 49->49
[2025-03-19T08:52:26.830+0000][10.305s][info ][gc,heap     ] GC(20) Archive regions: 2->2
[2025-03-19T08:52:26.830+0000][10.305s][info ][gc,heap     ] GC(20) Humongous regions: 0->0
[2025-03-19T08:52:26.830+0000][10.305s][info ][gc,metaspace] GC(20) Metaspace: 34139K(34560K)->34139K(34560K) NonClass: 29907K(30144K)->29907K(30144K) Class: 4231K(4416K)->4231K(4416K)
[2025-03-19T08:52:26.830+0000][10.305s][info ][gc          ] GC(20) Pause Young (Normal) (G1 Evacuation Pause) 179M->57M(222M) 11.743ms
[2025-03-19T08:52:26.830+0000][10.305s][info ][gc,cpu      ] GC(20) User=0.03s Sys=0.00s Real=0.01s
[2025-03-19T08:52:26.830+0000][10.305s][info ][safepoint   ] Safepoint "G1CollectForAllocation", Time since last: 652139578 ns, Reaching safepoint: 48796 ns, Cleanup: 136364 ns, At safepoint: 11806675 ns, Total: 11991835 ns
[2025-03-19T08:52:27.411+0000][10.885s][debug][safepoint   ] Safepoint synchronization initiated using futex wait barrier. (14 threads)
[2025-03-19T08:52:27.411+0000][10.886s][info ][gc,start    ] GC(21) Pause Young (Normal) (G1 Evacuation Pause)
[2025-03-19T08:52:27.411+0000][10.886s][info ][gc,task     ] GC(21) Using 4 workers of 4 for evacuation
[2025-03-19T08:52:27.425+0000][10.900s][info ][gc,phases   ] GC(21)   Pre Evacuate Collection Set: 0.1ms
[2025-03-19T08:52:27.425+0000][10.900s][info ][gc,phases   ] GC(21)   Merge Heap Roots: 0.1ms
[2025-03-19T08:52:27.425+0000][10.900s][info ][gc,phases   ] GC(21)   Evacuate Collection Set: 12.5ms
[2025-03-19T08:52:27.425+0000][10.900s][info ][gc,phases   ] GC(21)   Post Evacuate Collection Set: 1.4ms
[2025-03-19T08:52:27.425+0000][10.900s][info ][gc,phases   ] GC(21)   Other: 0.1ms
[2025-03-19T08:52:27.425+0000][10.900s][info ][gc,heap     ] GC(21) Eden regions: 124->0(123)
[2025-03-19T08:52:27.425+0000][10.900s][info ][gc,heap     ] GC(21) Survivor regions: 9->10(17)
[2025-03-19T08:52:27.425+0000][10.900s][info ][gc,heap     ] GC(21) Old regions: 49->49
[2025-03-19T08:52:27.425+0000][10.900s][info ][gc,heap     ] GC(21) Archive regions: 2->2
[2025-03-19T08:52:27.425+0000][10.900s][info ][gc,heap     ] GC(21) Humongous regions: 0->0
[2025-03-19T08:52:27.425+0000][10.900s][info ][gc,metaspace] GC(21) Metaspace: 35228K(35648K)->35228K(35648K) NonClass: 30839K(31040K)->30839K(31040K) Class: 4389K(4608K)->4389K(4608K)
[2025-03-19T08:52:27.425+0000][10.900s][info ][gc          ] GC(21) Pause Young (Normal) (G1 Evacuation Pause) 181M->59M(222M) 14.337ms
[2025-03-19T08:52:27.425+0000][10.900s][info ][gc,cpu      ] GC(21) User=0.05s Sys=0.00s Real=0.02s
[2025-03-19T08:52:27.425+0000][10.900s][info ][safepoint   ] Safepoint "G1CollectForAllocation", Time since last: 580622714 ns, Reaching safepoint: 47521 ns, Cleanup: 130232 ns, At safepoint: 14396947 ns, Total: 14574700 ns
[2025-03-19T08:52:27.529+0000][11.004s][debug][safepoint   ] Safepoint synchronization initiated using futex wait barrier. (14 threads)
[2025-03-19T08:52:27.529+0000][11.004s][info ][gc,start    ] GC(22) Pause Young (Concurrent Start) (Metadata GC Threshold)
[2025-03-19T08:52:27.529+0000][11.004s][info ][gc,task     ] GC(22) Using 4 workers of 4 for evacuation
[2025-03-19T08:52:27.547+0000][11.022s][info ][gc,phases   ] GC(22)   Pre Evacuate Collection Set: 0.1ms
[2025-03-19T08:52:27.547+0000][11.022s][info ][gc,phases   ] GC(22)   Merge Heap Roots: 0.1ms
[2025-03-19T08:52:27.547+0000][11.022s][info ][gc,phases   ] GC(22)   Evacuate Collection Set: 16.1ms
[2025-03-19T08:52:27.547+0000][11.022s][info ][gc,phases   ] GC(22)   Post Evacuate Collection Set: 1.2ms
[2025-03-19T08:52:27.547+0000][11.022s][info ][gc,phases   ] GC(22)   Other: 0.1ms
[2025-03-19T08:52:27.547+0000][11.022s][info ][gc,heap     ] GC(22) Eden regions: 20->0(127)
[2025-03-19T08:52:27.547+0000][11.022s][info ][gc,heap     ] GC(22) Survivor regions: 10->6(17)
[2025-03-19T08:52:27.547+0000][11.022s][info ][gc,heap     ] GC(22) Old regions: 49->52
[2025-03-19T08:52:27.547+0000][11.022s][info ][gc,heap     ] GC(22) Archive regions: 2->2
[2025-03-19T08:52:27.547+0000][11.022s][info ][gc,heap     ] GC(22) Humongous regions: 0->0
[2025-03-19T08:52:27.547+0000][11.022s][info ][gc,metaspace] GC(22) Metaspace: 35775K(36160K)->35775K(36160K) NonClass: 31331K(31552K)->31331K(31552K) Class: 4443K(4608K)->4443K(4608K)
[2025-03-19T08:52:27.547+0000][11.022s][info ][gc          ] GC(22) Pause Young (Concurrent Start) (Metadata GC Threshold) 78M->57M(222M) 17.689ms
[2025-03-19T08:52:27.547+0000][11.022s][info ][gc,cpu      ] GC(22) User=0.07s Sys=0.00s Real=0.02s
[2025-03-19T08:52:27.547+0000][11.022s][info ][gc          ] GC(23) Concurrent Mark Cycle
[2025-03-19T08:52:27.547+0000][11.022s][info ][gc,marking  ] GC(23) Concurrent Clear Claimed Marks
[2025-03-19T08:52:27.547+0000][11.022s][info ][safepoint   ] Safepoint "CollectForMetadataAllocation", Time since last: 104078857 ns, Reaching safepoint: 35975 ns, Cleanup: 23137 ns, At safepoint: 17779263 ns, Total: 17838375 ns
[2025-03-19T08:52:27.547+0000][11.022s][info ][gc,marking  ] GC(23) Concurrent Clear Claimed Marks 0.042ms
[2025-03-19T08:52:27.547+0000][11.022s][info ][gc,marking  ] GC(23) Concurrent Scan Root Regions
[2025-03-19T08:52:27.561+0000][11.036s][info ][gc,marking  ] GC(23) Concurrent Scan Root Regions 13.769ms
[2025-03-19T08:52:27.561+0000][11.036s][info ][gc,marking  ] GC(23) Concurrent Mark
[2025-03-19T08:52:27.561+0000][11.036s][info ][gc,marking  ] GC(23) Concurrent Mark From Roots
[2025-03-19T08:52:27.561+0000][11.036s][info ][gc,task     ] GC(23) Using 1 workers of 1 for marking
[2025-03-19T08:52:27.634+0000][11.108s][debug][safepoint   ] Safepoint synchronization initiated using futex wait barrier. (14 threads)
[2025-03-19T08:52:27.634+0000][11.109s][info ][safepoint   ] Safepoint "CollectForMetadataAllocation", Time since last: 86531992 ns, Reaching safepoint: 84323 ns, Cleanup: 26625 ns, At safepoint: 518452 ns, Total: 629400 ns
[2025-03-19T08:52:27.665+0000][11.140s][info ][gc,marking  ] GC(23) Concurrent Mark From Roots 104.281ms
[2025-03-19T08:52:27.665+0000][11.140s][info ][gc,marking  ] GC(23) Concurrent Preclean
[2025-03-19T08:52:27.666+0000][11.140s][info ][gc,marking  ] GC(23) Concurrent Preclean 0.251ms
[2025-03-19T08:52:27.666+0000][11.140s][debug][safepoint   ] Safepoint synchronization initiated using futex wait barrier. (14 threads)
[2025-03-19T08:52:27.666+0000][11.140s][info ][gc,start    ] GC(23) Pause Remark
[2025-03-19T08:52:27.672+0000][11.146s][info ][gc          ] GC(23) Pause Remark 66M->66M(222M) 5.949ms
[2025-03-19T08:52:27.672+0000][11.146s][info ][gc,cpu      ] GC(23) User=0.02s Sys=0.00s Real=0.00s
[2025-03-19T08:52:27.672+0000][11.146s][info ][safepoint   ] Safepoint "G1PauseRemark", Time since last: 31332192 ns, Reaching safepoint: 10976 ns, Cleanup: 17671 ns, At safepoint: 6038959 ns, Total: 6067606 ns
[2025-03-19T08:52:27.672+0000][11.146s][info ][gc,marking  ] GC(23) Concurrent Mark 110.822ms
[2025-03-19T08:52:27.672+0000][11.146s][info ][gc,marking  ] GC(23) Concurrent Rebuild Remembered Sets
[2025-03-19T08:52:27.719+0000][11.194s][info ][gc,marking  ] GC(23) Concurrent Rebuild Remembered Sets 47.455ms
[2025-03-19T08:52:27.719+0000][11.194s][debug][safepoint   ] Safepoint synchronization initiated using futex wait barrier. (14 threads)
[2025-03-19T08:52:27.720+0000][11.194s][info ][gc,start    ] GC(23) Pause Cleanup
[2025-03-19T08:52:27.720+0000][11.194s][info ][gc          ] GC(23) Pause Cleanup 70M->70M(222M) 0.099ms
[2025-03-19T08:52:27.720+0000][11.194s][info ][gc,cpu      ] GC(23) User=0.00s Sys=0.00s Real=0.00s
[2025-03-19T08:52:27.720+0000][11.194s][info ][safepoint   ] Safepoint "G1PauseCleanup", Time since last: 47654822 ns, Reaching safepoint: 83854 ns, Cleanup: 3302 ns, At safepoint: 121626 ns, Total: 208782 ns
[2025-03-19T08:52:27.720+0000][11.194s][info ][gc,marking  ] GC(23) Concurrent Cleanup for Next Mark
[2025-03-19T08:52:27.721+0000][11.196s][info ][gc,marking  ] GC(23) Concurrent Cleanup for Next Mark 1.762ms
[2025-03-19T08:52:27.721+0000][11.196s][info ][gc          ] GC(23) Concurrent Mark Cycle 174.298ms
[2025-03-19T08:52:28.505+0000][11.980s][debug][safepoint   ] Safepoint synchronization initiated using futex wait barrier. (14 threads)
[2025-03-19T08:52:28.505+0000][11.980s][info ][gc,start    ] GC(24) Pause Young (Prepare Mixed) (G1 Evacuation Pause)
[2025-03-19T08:52:28.505+0000][11.980s][info ][gc,task     ] GC(24) Using 4 workers of 4 for evacuation
[2025-03-19T08:52:28.537+0000][12.011s][info ][gc,phases   ] GC(24)   Pre Evacuate Collection Set: 1.1ms
[2025-03-19T08:52:28.537+0000][12.011s][info ][gc,phases   ] GC(24)   Merge Heap Roots: 0.2ms
[2025-03-19T08:52:28.537+0000][12.011s][info ][gc,phases   ] GC(24)   Evacuate Collection Set: 28.2ms
[2025-03-19T08:52:28.537+0000][12.011s][info ][gc,phases   ] GC(24)   Post Evacuate Collection Set: 1.9ms
[2025-03-19T08:52:28.537+0000][12.011s][info ][gc,phases   ] GC(24)   Other: 0.1ms
[2025-03-19T08:52:28.537+0000][12.011s][info ][gc,heap     ] GC(24) Eden regions: 127->0(3)
[2025-03-19T08:52:28.537+0000][12.011s][info ][gc,heap     ] GC(24) Survivor regions: 6->8(17)
[2025-03-19T08:52:28.537+0000][12.011s][info ][gc,heap     ] GC(24) Old regions: 52->52
[2025-03-19T08:52:28.537+0000][12.011s][info ][gc,heap     ] GC(24) Archive regions: 2->2
[2025-03-19T08:52:28.537+0000][12.011s][info ][gc,heap     ] GC(24) Humongous regions: 0->0
[2025-03-19T08:52:28.537+0000][12.011s][info ][gc,metaspace] GC(24) Metaspace: 38907K(39296K)->38907K(39296K) NonClass: 33994K(34176K)->33994K(34176K) Class: 4912K(5120K)->4912K(5120K)
[2025-03-19T08:52:28.537+0000][12.011s][info ][gc          ] GC(24) Pause Young (Prepare Mixed) (G1 Evacuation Pause) 184M->59M(222M) 31.652ms
[2025-03-19T08:52:28.537+0000][12.011s][info ][gc,cpu      ] GC(24) User=0.05s Sys=0.00s Real=0.03s
[2025-03-19T08:52:28.537+0000][12.011s][info ][safepoint   ] Safepoint "G1CollectForAllocation", Time since last: 785400499 ns, Reaching safepoint: 45159 ns, Cleanup: 93325 ns, At safepoint: 31730244 ns, Total: 31868728 ns
[2025-03-19T08:52:28.561+0000][12.036s][debug][safepoint   ] Safepoint synchronization initiated using futex wait barrier. (14 threads)
[2025-03-19T08:52:28.561+0000][12.036s][info ][gc,start    ] GC(25) Pause Young (Mixed) (G1 Evacuation Pause)
[2025-03-19T08:52:28.561+0000][12.036s][info ][gc,task     ] GC(25) Using 4 workers of 4 for evacuation
[2025-03-19T08:52:28.584+0000][12.058s][info ][gc,phases   ] GC(25)   Pre Evacuate Collection Set: 0.2ms
[2025-03-19T08:52:28.584+0000][12.058s][info ][gc,phases   ] GC(25)   Merge Heap Roots: 0.2ms
[2025-03-19T08:52:28.584+0000][12.058s][info ][gc,phases   ] GC(25)   Evacuate Collection Set: 18.1ms
[2025-03-19T08:52:28.584+0000][12.058s][info ][gc,phases   ] GC(25)   Post Evacuate Collection Set: 4.0ms
[2025-03-19T08:52:28.584+0000][12.058s][info ][gc,phases   ] GC(25)   Other: 0.1ms
[2025-03-19T08:52:28.584+0000][12.058s][info ][gc,heap     ] GC(25) Eden regions: 3->0(161)
[2025-03-19T08:52:28.584+0000][12.058s][info ][gc,heap     ] GC(25) Survivor regions: 8->2(2)
[2025-03-19T08:52:28.584+0000][12.058s][info ][gc,heap     ] GC(25) Old regions: 52->57
[2025-03-19T08:52:28.584+0000][12.058s][info ][gc,heap     ] GC(25) Archive regions: 2->2
[2025-03-19T08:52:28.584+0000][12.058s][info ][gc,heap     ] GC(25) Humongous regions: 0->0
[2025-03-19T08:52:28.584+0000][12.058s][info ][gc,metaspace] GC(25) Metaspace: 38915K(39296K)->38915K(39296K) NonClass: 34003K(34176K)->34003K(34176K) Class: 4912K(5120K)->4912K(5120K)
[2025-03-19T08:52:28.584+0000][12.058s][info ][gc          ] GC(25) Pause Young (Mixed) (G1 Evacuation Pause) 62M->58M(273M) 22.733ms
[2025-03-19T08:52:28.584+0000][12.058s][info ][gc,cpu      ] GC(25) User=0.04s Sys=0.00s Real=0.02s
[2025-03-19T08:52:28.585+0000][12.059s][info ][safepoint   ] Safepoint "G1CollectForAllocation", Time since last: 24172259 ns, Reaching safepoint: 40882 ns, Cleanup: 10871 ns, At safepoint: 23511484 ns, Total: 23563237 ns
[2025-03-19T08:52:29.585+0000][13.059s][debug][safepoint   ] Safepoint synchronization initiated using futex wait barrier. (14 threads)
[2025-03-19T08:52:29.585+0000][13.060s][info ][safepoint   ] Safepoint "Cleanup", Time since last: 1000125235 ns, Reaching safepoint: 119430 ns, Cleanup: 101286 ns, At safepoint: 4478 ns, Total: 225194 ns
[2025-03-19T08:52:30.251+0000][13.726s][debug][safepoint   ] Safepoint synchronization initiated using futex wait barrier. (13 threads)
[2025-03-19T08:52:30.251+0000][13.726s][info ][gc,start    ] GC(26) Pause Young (Concurrent Start) (G1 Evacuation Pause)
[2025-03-19T08:52:30.251+0000][13.726s][info ][gc,task     ] GC(26) Using 4 workers of 4 for evacuation
[2025-03-19T08:52:30.257+0000][13.731s][info ][gc,phases   ] GC(26)   Pre Evacuate Collection Set: 0.1ms
[2025-03-19T08:52:30.257+0000][13.731s][info ][gc,phases   ] GC(26)   Merge Heap Roots: 0.1ms
[2025-03-19T08:52:30.257+0000][13.731s][info ][gc,phases   ] GC(26)   Evacuate Collection Set: 4.3ms
[2025-03-19T08:52:30.257+0000][13.731s][info ][gc,phases   ] GC(26)   Post Evacuate Collection Set: 0.7ms
[2025-03-19T08:52:30.257+0000][13.731s][info ][gc,phases   ] GC(26)   Other: 0.1ms
[2025-03-19T08:52:30.257+0000][13.731s][info ][gc,heap     ] GC(26) Eden regions: 161->0(160)
[2025-03-19T08:52:30.257+0000][13.731s][info ][gc,heap     ] GC(26) Survivor regions: 2->3(21)
[2025-03-19T08:52:30.257+0000][13.731s][info ][gc,heap     ] GC(26) Old regions: 57->57
[2025-03-19T08:52:30.257+0000][13.731s][info ][gc,heap     ] GC(26) Archive regions: 2->2
[2025-03-19T08:52:30.257+0000][13.731s][info ][gc,heap     ] GC(26) Humongous regions: 0->0
[2025-03-19T08:52:30.257+0000][13.731s][info ][gc,metaspace] GC(26) Metaspace: 41726K(42112K)->41726K(42112K) NonClass: 36415K(36608K)->36415K(36608K) Class: 5310K(5504K)->5310K(5504K)
[2025-03-19T08:52:30.257+0000][13.731s][info ][gc          ] GC(26) Pause Young (Concurrent Start) (G1 Evacuation Pause) 219M->59M(273M) 5.392ms
[2025-03-19T08:52:30.257+0000][13.731s][info ][gc,cpu      ] GC(26) User=0.02s Sys=0.00s Real=0.01s
[2025-03-19T08:52:30.257+0000][13.731s][info ][gc          ] GC(27) Concurrent Mark Cycle
[2025-03-19T08:52:30.257+0000][13.731s][info ][safepoint   ] Safepoint "G1CollectForAllocation", Time since last: 666233456 ns, Reaching safepoint: 44446 ns, Cleanup: 53897 ns, At safepoint: 5439384 ns, Total: 5537727 ns
[2025-03-19T08:52:30.257+0000][13.731s][info ][gc,marking  ] GC(27) Concurrent Clear Claimed Marks
[2025-03-19T08:52:30.257+0000][13.732s][info ][gc,marking  ] GC(27) Concurrent Clear Claimed Marks 0.548ms
[2025-03-19T08:52:30.257+0000][13.732s][info ][gc,marking  ] GC(27) Concurrent Scan Root Regions
[2025-03-19T08:52:30.260+0000][13.735s][info ][gc,marking  ] GC(27) Concurrent Scan Root Regions 2.976ms
[2025-03-19T08:52:30.260+0000][13.735s][info ][gc,marking  ] GC(27) Concurrent Mark
[2025-03-19T08:52:30.260+0000][13.735s][info ][gc,marking  ] GC(27) Concurrent Mark From Roots
[2025-03-19T08:52:30.260+0000][13.735s][info ][gc,task     ] GC(27) Using 1 workers of 1 for marking
[2025-03-19T08:52:30.334+0000][13.808s][info ][gc,marking  ] GC(27) Concurrent Mark From Roots 73.224ms
[2025-03-19T08:52:30.334+0000][13.808s][info ][gc,marking  ] GC(27) Concurrent Preclean
[2025-03-19T08:52:30.334+0000][13.808s][info ][gc,marking  ] GC(27) Concurrent Preclean 0.176ms
[2025-03-19T08:52:30.334+0000][13.808s][debug][safepoint   ] Safepoint synchronization initiated using futex wait barrier. (13 threads)
[2025-03-19T08:52:30.334+0000][13.808s][info ][gc,start    ] GC(27) Pause Remark
[2025-03-19T08:52:30.338+0000][13.813s][info ][gc          ] GC(27) Pause Remark 68M->68M(237M) 4.277ms
[2025-03-19T08:52:30.338+0000][13.813s][info ][gc,cpu      ] GC(27) User=0.01s Sys=0.00s Real=0.01s
[2025-03-19T08:52:30.338+0000][13.813s][info ][safepoint   ] Safepoint "G1PauseRemark", Time since last: 77065044 ns, Reaching safepoint: 12387 ns, Cleanup: 18087 ns, At safepoint: 4366812 ns, Total: 4397286 ns
[2025-03-19T08:52:30.338+0000][13.813s][info ][gc,marking  ] GC(27) Concurrent Mark 77.913ms
[2025-03-19T08:52:30.338+0000][13.813s][info ][gc,marking  ] GC(27) Concurrent Rebuild Remembered Sets
[2025-03-19T08:52:30.391+0000][13.866s][info ][gc,marking  ] GC(27) Concurrent Rebuild Remembered Sets 52.997ms
[2025-03-19T08:52:30.391+0000][13.866s][debug][safepoint   ] Safepoint synchronization initiated using futex wait barrier. (13 threads)
[2025-03-19T08:52:30.391+0000][13.866s][debug][safepoint   ] ... found polling page loop exception at pc = 0x00007f90192c0637, stub =0x00007f901898f400
[2025-03-19T08:52:30.391+0000][13.866s][info ][gc,start    ] GC(27) Pause Cleanup
[2025-03-19T08:52:30.392+0000][13.866s][info ][gc          ] GC(27) Pause Cleanup 77M->77M(237M) 0.128ms
[2025-03-19T08:52:30.392+0000][13.866s][info ][gc,cpu      ] GC(27) User=0.00s Sys=0.00s Real=0.00s
[2025-03-19T08:52:30.392+0000][13.866s][info ][safepoint   ] Safepoint "G1PauseCleanup", Time since last: 53143258 ns, Reaching safepoint: 93891 ns, Cleanup: 11391 ns, At safepoint: 157396 ns, Total: 262678 ns
[2025-03-19T08:52:30.392+0000][13.866s][info ][gc,marking  ] GC(27) Concurrent Cleanup for Next Mark
[2025-03-19T08:52:30.393+0000][13.868s][info ][gc,marking  ] GC(27) Concurrent Cleanup for Next Mark 1.358ms
[2025-03-19T08:52:30.393+0000][13.868s][info ][gc          ] GC(27) Concurrent Mark Cycle 136.284ms
[2025-03-19T08:52:30.973+0000][14.448s][debug][safepoint   ] Safepoint synchronization initiated using futex wait barrier. (15 threads)
[2025-03-19T08:52:30.973+0000][14.448s][info ][safepoint   ] Safepoint "ICBufferFull", Time since last: 581452890 ns, Reaching safepoint: 47920 ns, Cleanup: 152301 ns, At safepoint: 1987 ns, Total: 202208 ns
[2025-03-19T08:52:31.275+0000][14.749s][debug][safepoint   ] Safepoint synchronization initiated using futex wait barrier. (15 threads)
[2025-03-19T08:52:31.275+0000][14.750s][info ][gc,start    ] GC(28) Pause Young (Prepare Mixed) (G1 Evacuation Pause)
[2025-03-19T08:52:31.275+0000][14.750s][info ][gc,task     ] GC(28) Using 4 workers of 4 for evacuation
[2025-03-19T08:52:31.283+0000][14.757s][info ][gc,phases   ] GC(28)   Pre Evacuate Collection Set: 0.1ms
[2025-03-19T08:52:31.283+0000][14.757s][info ][gc,phases   ] GC(28)   Merge Heap Roots: 0.1ms
[2025-03-19T08:52:31.283+0000][14.757s][info ][gc,phases   ] GC(28)   Evacuate Collection Set: 6.7ms
[2025-03-19T08:52:31.283+0000][14.757s][info ][gc,phases   ] GC(28)   Post Evacuate Collection Set: 0.8ms
[2025-03-19T08:52:31.283+0000][14.757s][info ][gc,phases   ] GC(28)   Other: 0.1ms
[2025-03-19T08:52:31.283+0000][14.757s][info ][gc,heap     ] GC(28) Eden regions: 139->0(5)
[2025-03-19T08:52:31.283+0000][14.757s][info ][gc,heap     ] GC(28) Survivor regions: 3->6(18)
[2025-03-19T08:52:31.283+0000][14.757s][info ][gc,heap     ] GC(28) Old regions: 57->57
[2025-03-19T08:52:31.283+0000][14.757s][info ][gc,heap     ] GC(28) Archive regions: 2->2
[2025-03-19T08:52:31.283+0000][14.757s][info ][gc,heap     ] GC(28) Humongous regions: 0->0
[2025-03-19T08:52:31.283+0000][14.757s][info ][gc,metaspace] GC(28) Metaspace: 45452K(45824K)->45452K(45824K) NonClass: 39614K(39808K)->39614K(39808K) Class: 5838K(6016K)->5838K(6016K)
[2025-03-19T08:52:31.283+0000][14.757s][info ][gc          ] GC(28) Pause Young (Prepare Mixed) (G1 Evacuation Pause) 198M->63M(237M) 7.925ms
[2025-03-19T08:52:31.283+0000][14.757s][info ][gc,cpu      ] GC(28) User=0.02s Sys=0.00s Real=0.00s
[2025-03-19T08:52:31.283+0000][14.757s][info ][safepoint   ] Safepoint "G1CollectForAllocation", Time since last: 301522919 ns, Reaching safepoint: 52291 ns, Cleanup: 47354 ns, At safepoint: 7972262 ns, Total: 8071907 ns
[2025-03-19T08:52:31.322+0000][14.796s][debug][safepoint   ] Safepoint synchronization initiated using futex wait barrier. (15 threads)
[2025-03-19T08:52:31.322+0000][14.796s][info ][gc,start    ] GC(29) Pause Young (Mixed) (G1 Evacuation Pause)
[2025-03-19T08:52:31.322+0000][14.796s][info ][gc,task     ] GC(29) Using 4 workers of 4 for evacuation
[2025-03-19T08:52:31.335+0000][14.809s][info ][gc,phases   ] GC(29)   Pre Evacuate Collection Set: 0.1ms
[2025-03-19T08:52:31.335+0000][14.809s][info ][gc,phases   ] GC(29)   Merge Heap Roots: 0.1ms
[2025-03-19T08:52:31.335+0000][14.809s][info ][gc,phases   ] GC(29)   Evacuate Collection Set: 11.8ms
[2025-03-19T08:52:31.335+0000][14.809s][info ][gc,phases   ] GC(29)   Post Evacuate Collection Set: 0.9ms
[2025-03-19T08:52:31.335+0000][14.809s][info ][gc,phases   ] GC(29)   Other: 0.1ms
[2025-03-19T08:52:31.335+0000][14.809s][info ][gc,heap     ] GC(29) Eden regions: 5->0(138)
[2025-03-19T08:52:31.335+0000][14.809s][info ][gc,heap     ] GC(29) Survivor regions: 6->1(2)
[2025-03-19T08:52:31.335+0000][14.809s][info ][gc,heap     ] GC(29) Old regions: 57->62
[2025-03-19T08:52:31.335+0000][14.809s][info ][gc,heap     ] GC(29) Archive regions: 2->2
[2025-03-19T08:52:31.335+0000][14.809s][info ][gc,heap     ] GC(29) Humongous regions: 0->0
[2025-03-19T08:52:31.335+0000][14.809s][info ][gc,metaspace] GC(29) Metaspace: 45594K(46080K)->45594K(46080K) NonClass: 39727K(40000K)->39727K(40000K) Class: 5867K(6080K)->5867K(6080K)
[2025-03-19T08:52:31.335+0000][14.810s][info ][gc          ] GC(29) Pause Young (Mixed) (G1 Evacuation Pause) 68M->63M(237M) 13.040ms
[2025-03-19T08:52:31.335+0000][14.810s][info ][gc,cpu      ] GC(29) User=0.04s Sys=0.01s Real=0.02s
[2025-03-19T08:52:31.335+0000][14.810s][info ][safepoint   ] Safepoint "G1CollectForAllocation", Time since last: 38931983 ns, Reaching safepoint: 52060 ns, Cleanup: 19689 ns, At safepoint: 13085036 ns, Total: 13156785 ns
[2025-03-19T08:52:32.182+0000][15.656s][debug][safepoint   ] Safepoint synchronization initiated using futex wait barrier. (15 threads)
[2025-03-19T08:52:32.182+0000][15.656s][info ][safepoint   ] Safepoint "ICBufferFull", Time since last: 846564603 ns, Reaching safepoint: 44711 ns, Cleanup: 152044 ns, At safepoint: 2267 ns, Total: 199022 ns
[2025-03-19T08:52:32.334+0000][15.808s][debug][safepoint   ] Safepoint synchronization initiated using futex wait barrier. (17 threads)
[2025-03-19T08:52:32.334+0000][15.808s][info ][gc,start    ] GC(30) Pause Young (Normal) (G1 Evacuation Pause)
[2025-03-19T08:52:32.334+0000][15.808s][info ][gc,task     ] GC(30) Using 4 workers of 4 for evacuation
[2025-03-19T08:52:32.340+0000][15.815s][info ][gc,phases   ] GC(30)   Pre Evacuate Collection Set: 0.1ms
[2025-03-19T08:52:32.340+0000][15.815s][info ][gc,phases   ] GC(30)   Merge Heap Roots: 0.1ms
[2025-03-19T08:52:32.340+0000][15.815s][info ][gc,phases   ] GC(30)   Evacuate Collection Set: 5.3ms
[2025-03-19T08:52:32.340+0000][15.815s][info ][gc,phases   ] GC(30)   Post Evacuate Collection Set: 1.0ms
[2025-03-19T08:52:32.340+0000][15.815s][info ][gc,phases   ] GC(30)   Other: 0.1ms
[2025-03-19T08:52:32.340+0000][15.815s][info ][gc,heap     ] GC(30) Eden regions: 138->0(137)
[2025-03-19T08:52:32.340+0000][15.815s][info ][gc,heap     ] GC(30) Survivor regions: 1->3(18)
[2025-03-19T08:52:32.340+0000][15.815s][info ][gc,heap     ] GC(30) Old regions: 62->62
[2025-03-19T08:52:32.340+0000][15.815s][info ][gc,heap     ] GC(30) Archive regions: 2->2
[2025-03-19T08:52:32.340+0000][15.815s][info ][gc,heap     ] GC(30) Humongous regions: 0->0
[2025-03-19T08:52:32.340+0000][15.815s][info ][gc,metaspace] GC(30) Metaspace: 52598K(53120K)->52598K(53120K) NonClass: 45927K(46208K)->45927K(46208K) Class: 6670K(6912K)->6670K(6912K)
[2025-03-19T08:52:32.340+0000][15.815s][info ][gc          ] GC(30) Pause Young (Normal) (G1 Evacuation Pause) 201M->64M(237M) 6.591ms
[2025-03-19T08:52:32.340+0000][15.815s][info ][gc,cpu      ] GC(30) User=0.03s Sys=0.00s Real=0.01s
[2025-03-19T08:52:32.340+0000][15.815s][info ][safepoint   ] Safepoint "G1CollectForAllocation", Time since last: 151844038 ns, Reaching safepoint: 110576 ns, Cleanup: 11331 ns, At safepoint: 6638471 ns, Total: 6760378 ns
[2025-03-19T08:52:33.402+0000][16.876s][debug][safepoint   ] Safepoint synchronization initiated using futex wait barrier. (17 threads)
[2025-03-19T08:52:33.402+0000][16.876s][info ][safepoint   ] Safepoint "Cleanup", Time since last: 1061298908 ns, Reaching safepoint: 55413 ns, Cleanup: 31854 ns, At safepoint: 3931 ns, Total: 91198 ns
[2025-03-19T08:52:33.795+0000][17.269s][debug][safepoint   ] Safepoint synchronization initiated using futex wait barrier. (17 threads)
[2025-03-19T08:52:33.795+0000][17.270s][info ][safepoint   ] Safepoint "ICBufferFull", Time since last: 393186597 ns, Reaching safepoint: 108470 ns, Cleanup: 118535 ns, At safepoint: 3393 ns, Total: 230398 ns
[2025-03-19T08:52:34.505+0000][17.980s][debug][safepoint   ] Safepoint synchronization initiated using futex wait barrier. (17 threads)
[2025-03-19T08:52:34.505+0000][17.980s][info ][gc,start    ] GC(31) Pause Young (Normal) (G1 Evacuation Pause)
[2025-03-19T08:52:34.506+0000][17.980s][info ][gc,task     ] GC(31) Using 4 workers of 4 for evacuation
[2025-03-19T08:52:34.513+0000][17.988s][info ][gc,phases   ] GC(31)   Pre Evacuate Collection Set: 0.1ms
[2025-03-19T08:52:34.513+0000][17.988s][info ][gc,phases   ] GC(31)   Merge Heap Roots: 0.1ms
[2025-03-19T08:52:34.513+0000][17.988s][info ][gc,phases   ] GC(31)   Evacuate Collection Set: 6.2ms
[2025-03-19T08:52:34.513+0000][17.988s][info ][gc,phases   ] GC(31)   Post Evacuate Collection Set: 1.0ms
[2025-03-19T08:52:34.513+0000][17.988s][info ][gc,phases   ] GC(31)   Other: 0.1ms
[2025-03-19T08:52:34.513+0000][17.988s][info ][gc,heap     ] GC(31) Eden regions: 137->0(135)
[2025-03-19T08:52:34.513+0000][17.988s][info ][gc,heap     ] GC(31) Survivor regions: 3->5(18)
[2025-03-19T08:52:34.513+0000][17.988s][info ][gc,heap     ] GC(31) Old regions: 62->62
[2025-03-19T08:52:34.513+0000][17.988s][info ][gc,heap     ] GC(31) Archive regions: 2->2
[2025-03-19T08:52:34.513+0000][17.988s][info ][gc,heap     ] GC(31) Humongous regions: 0->0
[2025-03-19T08:52:34.513+0000][17.988s][info ][gc,metaspace] GC(31) Metaspace: 56587K(57024K)->56587K(57024K) NonClass: 49399K(49600K)->49399K(49600K) Class: 7187K(7424K)->7187K(7424K)
[2025-03-19T08:52:34.513+0000][17.988s][info ][gc          ] GC(31) Pause Young (Normal) (G1 Evacuation Pause) 201M->66M(237M) 7.539ms
[2025-03-19T08:52:34.513+0000][17.988s][info ][gc,cpu      ] GC(31) User=0.03s Sys=0.00s Real=0.00s
[2025-03-19T08:52:34.513+0000][17.988s][info ][safepoint   ] Safepoint "G1CollectForAllocation", Time since last: 710157342 ns, Reaching safepoint: 110843 ns, Cleanup: 73003 ns, At safepoint: 7584776 ns, Total: 7768622 ns
[2025-03-19T08:52:35.422+0000][18.896s][debug][safepoint   ] Safepoint synchronization initiated using futex wait barrier. (20 threads)
[2025-03-19T08:52:35.422+0000][18.897s][info ][gc,start    ] GC(32) Pause Young (Normal) (G1 Evacuation Pause)
[2025-03-19T08:52:35.422+0000][18.897s][info ][gc,task     ] GC(32) Using 4 workers of 4 for evacuation
[2025-03-19T08:52:35.432+0000][18.906s][info ][gc,phases   ] GC(32)   Pre Evacuate Collection Set: 0.1ms
[2025-03-19T08:52:35.432+0000][18.906s][info ][gc,phases   ] GC(32)   Merge Heap Roots: 0.1ms
[2025-03-19T08:52:35.432+0000][18.906s][info ][gc,phases   ] GC(32)   Evacuate Collection Set: 8.1ms
[2025-03-19T08:52:35.432+0000][18.906s][info ][gc,phases   ] GC(32)   Post Evacuate Collection Set: 1.4ms
[2025-03-19T08:52:35.432+0000][18.906s][info ][gc,phases   ] GC(32)   Other: 0.1ms
[2025-03-19T08:52:35.432+0000][18.906s][info ][gc,heap     ] GC(32) Eden regions: 135->0(133)
[2025-03-19T08:52:35.432+0000][18.906s][info ][gc,heap     ] GC(32) Survivor regions: 5->7(18)
[2025-03-19T08:52:35.432+0000][18.906s][info ][gc,heap     ] GC(32) Old regions: 62->62
[2025-03-19T08:52:35.432+0000][18.906s][info ][gc,heap     ] GC(32) Archive regions: 2->2
[2025-03-19T08:52:35.432+0000][18.906s][info ][gc,heap     ] GC(32) Humongous regions: 0->0
[2025-03-19T08:52:35.432+0000][18.906s][info ][gc,metaspace] GC(32) Metaspace: 62071K(62592K)->62071K(62592K) NonClass: 54141K(54400K)->54141K(54400K) Class: 7929K(8192K)->7929K(8192K)
[2025-03-19T08:52:35.432+0000][18.907s][info ][gc          ] GC(32) Pause Young (Normal) (G1 Evacuation Pause) 201M->68M(237M) 9.940ms
[2025-03-19T08:52:35.432+0000][18.907s][info ][gc,cpu      ] GC(32) User=0.03s Sys=0.00s Real=0.01s
[2025-03-19T08:52:35.432+0000][18.907s][info ][safepoint   ] Safepoint "G1CollectForAllocation", Time since last: 908756716 ns, Reaching safepoint: 50257 ns, Cleanup: 102511 ns, At safepoint: 10011124 ns, Total: 10163892 ns
[2025-03-19T08:52:36.405+0000][19.879s][debug][safepoint   ] Safepoint synchronization initiated using futex wait barrier. (19 threads)
[2025-03-19T08:52:36.406+0000][19.881s][info ][gc,start    ] GC(33) Pause Young (Normal) (G1 Evacuation Pause)
[2025-03-19T08:52:36.406+0000][19.881s][info ][gc,task     ] GC(33) Using 4 workers of 4 for evacuation
[2025-03-19T08:52:36.416+0000][19.891s][info ][gc,phases   ] GC(33)   Pre Evacuate Collection Set: 0.1ms
[2025-03-19T08:52:36.416+0000][19.891s][info ][gc,phases   ] GC(33)   Merge Heap Roots: 0.1ms
[2025-03-19T08:52:36.416+0000][19.891s][info ][gc,phases   ] GC(33)   Evacuate Collection Set: 8.4ms
[2025-03-19T08:52:36.416+0000][19.891s][info ][gc,phases   ] GC(33)   Post Evacuate Collection Set: 1.5ms
[2025-03-19T08:52:36.416+0000][19.891s][info ][gc,phases   ] GC(33)   Other: 0.1ms
[2025-03-19T08:52:36.416+0000][19.891s][info ][gc,heap     ] GC(33) Eden regions: 133->0(134)
[2025-03-19T08:52:36.416+0000][19.891s][info ][gc,heap     ] GC(33) Survivor regions: 7->7(18)
[2025-03-19T08:52:36.416+0000][19.891s][info ][gc,heap     ] GC(33) Old regions: 62->62
[2025-03-19T08:52:36.416+0000][19.891s][info ][gc,heap     ] GC(33) Archive regions: 2->2
[2025-03-19T08:52:36.416+0000][19.891s][info ][gc,heap     ] GC(33) Humongous regions: 0->0
[2025-03-19T08:52:36.416+0000][19.891s][info ][gc,metaspace] GC(33) Metaspace: 64255K(64704K)->64255K(64704K) NonClass: 56023K(56256K)->56023K(56256K) Class: 8231K(8448K)->8231K(8448K)
[2025-03-19T08:52:36.416+0000][19.891s][info ][gc          ] GC(33) Pause Young (Normal) (G1 Evacuation Pause) 201M->68M(237M) 10.349ms
[2025-03-19T08:52:36.416+0000][19.891s][info ][gc,cpu      ] GC(33) User=0.03s Sys=0.00s Real=0.01s
[2025-03-19T08:52:36.416+0000][19.891s][info ][safepoint   ] Safepoint "G1CollectForAllocation", Time since last: 972875775 ns, Reaching safepoint: 41949 ns, Cleanup: 1073524 ns, At safepoint: 10411793 ns, Total: 11527266 ns
[2025-03-19T08:52:36.983+0000][20.458s][debug][safepoint   ] Safepoint synchronization initiated using futex wait barrier. (20 threads)
[2025-03-19T08:52:36.984+0000][20.458s][info ][safepoint   ] Safepoint "ICBufferFull", Time since last: 567068209 ns, Reaching safepoint: 37004 ns, Cleanup: 91734 ns, At safepoint: 1867 ns, Total: 130605 ns
[2025-03-19T08:52:37.146+0000][20.621s][debug][safepoint   ] Safepoint synchronization initiated using futex wait barrier. (20 threads)
[2025-03-19T08:52:37.147+0000][20.621s][info ][gc,start    ] GC(34) Pause Young (Normal) (G1 Evacuation Pause)
[2025-03-19T08:52:37.147+0000][20.621s][info ][gc,task     ] GC(34) Using 4 workers of 4 for evacuation
[2025-03-19T08:52:37.160+0000][20.635s][info ][gc,phases   ] GC(34)   Pre Evacuate Collection Set: 0.1ms
[2025-03-19T08:52:37.160+0000][20.635s][info ][gc,phases   ] GC(34)   Merge Heap Roots: 0.1ms
[2025-03-19T08:52:37.160+0000][20.635s][info ][gc,phases   ] GC(34)   Evacuate Collection Set: 10.9ms
[2025-03-19T08:52:37.160+0000][20.635s][info ][gc,phases   ] GC(34)   Post Evacuate Collection Set: 2.4ms
[2025-03-19T08:52:37.160+0000][20.635s][info ][gc,phases   ] GC(34)   Other: 0.1ms
[2025-03-19T08:52:37.160+0000][20.635s][info ][gc,heap     ] GC(34) Eden regions: 134->0(131)
[2025-03-19T08:52:37.160+0000][20.635s][info ][gc,heap     ] GC(34) Survivor regions: 7->9(18)
[2025-03-19T08:52:37.160+0000][20.635s][info ][gc,heap     ] GC(34) Old regions: 62->62
[2025-03-19T08:52:37.160+0000][20.635s][info ][gc,heap     ] GC(34) Archive regions: 2->2
[2025-03-19T08:52:37.160+0000][20.635s][info ][gc,heap     ] GC(34) Humongous regions: 0->0
[2025-03-19T08:52:37.160+0000][20.635s][info ][gc,metaspace] GC(34) Metaspace: 68111K(68608K)->68111K(68608K) NonClass: 59374K(59648K)->59374K(59648K) Class: 8737K(8960K)->8737K(8960K)
[2025-03-19T08:52:37.160+0000][20.635s][info ][gc          ] GC(34) Pause Young (Normal) (G1 Evacuation Pause) 202M->71M(237M) 13.753ms
[2025-03-19T08:52:37.160+0000][20.635s][info ][gc,cpu      ] GC(34) User=0.05s Sys=0.00s Real=0.01s
[2025-03-19T08:52:37.160+0000][20.635s][info ][safepoint   ] Safepoint "G1CollectForAllocation", Time since last: 162858255 ns, Reaching safepoint: 58340 ns, Cleanup: 27812 ns, At safepoint: 13832271 ns, Total: 13918423 ns
[2025-03-19T08:52:37.809+0000][21.283s][debug][safepoint   ] Safepoint synchronization initiated using futex wait barrier. (20 threads)
[2025-03-19T08:52:37.809+0000][21.283s][info ][safepoint   ] Safepoint "ICBufferFull", Time since last: 648162367 ns, Reaching safepoint: 38829 ns, Cleanup: 104154 ns, At safepoint: 2971 ns, Total: 145954 ns
[2025-03-19T08:52:37.879+0000][21.353s][debug][safepoint   ] Safepoint synchronization initiated using futex wait barrier. (20 threads)
[2025-03-19T08:52:37.879+0000][21.353s][info ][gc,start    ] GC(35) Pause Young (Concurrent Start) (Metadata GC Threshold)
[2025-03-19T08:52:37.879+0000][21.353s][info ][gc,task     ] GC(35) Using 4 workers of 4 for evacuation
[2025-03-19T08:52:37.891+0000][21.366s][info ][gc,phases   ] GC(35)   Pre Evacuate Collection Set: 0.1ms
[2025-03-19T08:52:37.891+0000][21.366s][info ][gc,phases   ] GC(35)   Merge Heap Roots: 0.1ms
[2025-03-19T08:52:37.891+0000][21.366s][info ][gc,phases   ] GC(35)   Evacuate Collection Set: 11.2ms
[2025-03-19T08:52:37.891+0000][21.366s][info ][gc,phases   ] GC(35)   Post Evacuate Collection Set: 1.2ms
[2025-03-19T08:52:37.891+0000][21.366s][info ][gc,phases   ] GC(35)   Other: 0.1ms
[2025-03-19T08:52:37.891+0000][21.366s][info ][gc,heap     ] GC(35) Eden regions: 82->0(125)
[2025-03-19T08:52:37.891+0000][21.366s][info ][gc,heap     ] GC(35) Survivor regions: 9->12(18)
[2025-03-19T08:52:37.891+0000][21.366s][info ][gc,heap     ] GC(35) Old regions: 62->62
[2025-03-19T08:52:37.891+0000][21.366s][info ][gc,heap     ] GC(35) Archive regions: 2->2
[2025-03-19T08:52:37.891+0000][21.366s][info ][gc,heap     ] GC(35) Humongous regions: 0->0
[2025-03-19T08:52:37.891+0000][21.366s][info ][gc,metaspace] GC(35) Metaspace: 69844K(70336K)->69844K(70336K) NonClass: 60889K(61120K)->60889K(61120K) Class: 8954K(9216K)->8954K(9216K)
[2025-03-19T08:52:37.891+0000][21.366s][info ][gc          ] GC(35) Pause Young (Concurrent Start) (Metadata GC Threshold) 153M->73M(237M) 12.753ms
[2025-03-19T08:52:37.891+0000][21.366s][info ][gc,cpu      ] GC(35) User=0.04s Sys=0.00s Real=0.01s
[2025-03-19T08:52:37.892+0000][21.366s][info ][gc          ] GC(36) Concurrent Mark Cycle
[2025-03-19T08:52:37.892+0000][21.366s][info ][gc,marking  ] GC(36) Concurrent Clear Claimed Marks
[2025-03-19T08:52:37.892+0000][21.366s][info ][safepoint   ] Safepoint "CollectForMetadataAllocation", Time since last: 69976061 ns, Reaching safepoint: 39000 ns, Cleanup: 26877 ns, At safepoint: 12834891 ns, Total: 12900768 ns
[2025-03-19T08:52:37.892+0000][21.366s][info ][gc,marking  ] GC(36) Concurrent Clear Claimed Marks 0.055ms
[2025-03-19T08:52:37.892+0000][21.366s][info ][gc,marking  ] GC(36) Concurrent Scan Root Regions
[2025-03-19T08:52:37.902+0000][21.377s][info ][gc,marking  ] GC(36) Concurrent Scan Root Regions 10.436ms
[2025-03-19T08:52:37.902+0000][21.377s][info ][gc,marking  ] GC(36) Concurrent Mark
[2025-03-19T08:52:37.902+0000][21.377s][info ][gc,marking  ] GC(36) Concurrent Mark From Roots
[2025-03-19T08:52:37.902+0000][21.377s][info ][gc,task     ] GC(36) Using 1 workers of 1 for marking
[2025-03-19T08:52:37.934+0000][21.409s][debug][safepoint   ] Safepoint synchronization initiated using futex wait barrier. (20 threads)
[2025-03-19T08:52:37.934+0000][21.409s][info ][safepoint   ] Safepoint "CollectForMetadataAllocation", Time since last: 42499940 ns, Reaching safepoint: 59200 ns, Cleanup: 10186 ns, At safepoint: 27903 ns, Total: 97289 ns
[2025-03-19T08:52:37.970+0000][21.445s][debug][safepoint   ] Safepoint synchronization initiated using futex wait barrier. (20 threads)
[2025-03-19T08:52:37.970+0000][21.445s][info ][safepoint   ] Safepoint "CollectForMetadataAllocation", Time since last: 35874927 ns, Reaching safepoint: 70340 ns, Cleanup: 11553 ns, At safepoint: 31123 ns, Total: 113016 ns
[2025-03-19T08:52:37.995+0000][21.470s][info ][gc,marking  ] GC(36) Concurrent Mark From Roots 93.114ms
[2025-03-19T08:52:37.995+0000][21.470s][info ][gc,marking  ] GC(36) Concurrent Preclean
[2025-03-19T08:52:37.996+0000][21.470s][info ][gc,marking  ] GC(36) Concurrent Preclean 0.259ms
[2025-03-19T08:52:37.996+0000][21.470s][debug][safepoint   ] Safepoint synchronization initiated using futex wait barrier. (20 threads)
[2025-03-19T08:52:37.996+0000][21.470s][info ][gc,start    ] GC(36) Pause Remark
[2025-03-19T08:52:38.001+0000][21.476s][info ][gc          ] GC(36) Pause Remark 91M->91M(237M) 5.327ms
[2025-03-19T08:52:38.001+0000][21.476s][info ][gc,cpu      ] GC(36) User=0.02s Sys=0.00s Real=0.00s
[2025-03-19T08:52:38.001+0000][21.476s][info ][safepoint   ] Safepoint "G1PauseRemark", Time since last: 25511042 ns, Reaching safepoint: 84506 ns, Cleanup: 8757 ns, At safepoint: 5393304 ns, Total: 5486567 ns
[2025-03-19T08:52:38.001+0000][21.476s][info ][gc,marking  ] GC(36) Concurrent Mark 99.079ms
[2025-03-19T08:52:38.001+0000][21.476s][info ][gc,marking  ] GC(36) Concurrent Rebuild Remembered Sets
[2025-03-19T08:52:38.047+0000][21.522s][info ][gc,marking  ] GC(36) Concurrent Rebuild Remembered Sets 46.250ms
[2025-03-19T08:52:38.048+0000][21.522s][debug][safepoint   ] Safepoint synchronization initiated using futex wait barrier. (19 threads)
[2025-03-19T08:52:38.048+0000][21.522s][info ][gc,start    ] GC(36) Pause Cleanup
[2025-03-19T08:52:38.048+0000][21.522s][info ][gc          ] GC(36) Pause Cleanup 104M->104M(237M) 0.094ms
[2025-03-19T08:52:38.048+0000][21.522s][info ][gc,cpu      ] GC(36) User=0.00s Sys=0.00s Real=0.00s
[2025-03-19T08:52:38.048+0000][21.522s][info ][safepoint   ] Safepoint "G1PauseCleanup", Time since last: 46390821 ns, Reaching safepoint: 84159 ns, Cleanup: 9134 ns, At safepoint: 120418 ns, Total: 213711 ns
[2025-03-19T08:52:38.048+0000][21.522s][info ][gc,marking  ] GC(36) Concurrent Cleanup for Next Mark
[2025-03-19T08:52:38.048+0000][21.523s][info ][gc,marking  ] GC(36) Concurrent Cleanup for Next Mark 0.303ms
[2025-03-19T08:52:38.048+0000][21.523s][info ][gc          ] GC(36) Concurrent Mark Cycle 156.559ms
[2025-03-19T08:52:38.243+0000][21.718s][debug][safepoint   ] Safepoint synchronization initiated using futex wait barrier. (20 threads)
[2025-03-19T08:52:38.244+0000][21.718s][info ][safepoint   ] Safepoint "ICBufferFull", Time since last: 195594654 ns, Reaching safepoint: 46895 ns, Cleanup: 161593 ns, At safepoint: 6189 ns, Total: 214677 ns
[2025-03-19T08:52:38.716+0000][22.191s][debug][safepoint   ] Safepoint synchronization initiated using futex wait barrier. (20 threads)
[2025-03-19T08:52:38.716+0000][22.191s][info ][gc,start    ] GC(37) Pause Young (Prepare Mixed) (G1 Evacuation Pause)
[2025-03-19T08:52:38.716+0000][22.191s][info ][gc,task     ] GC(37) Using 4 workers of 4 for evacuation
[2025-03-19T08:52:38.729+0000][22.203s][info ][gc,phases   ] GC(37)   Pre Evacuate Collection Set: 0.1ms
[2025-03-19T08:52:38.729+0000][22.203s][info ][gc,phases   ] GC(37)   Merge Heap Roots: 0.1ms
[2025-03-19T08:52:38.729+0000][22.203s][info ][gc,phases   ] GC(37)   Evacuate Collection Set: 10.8ms
[2025-03-19T08:52:38.729+0000][22.203s][info ][gc,phases   ] GC(37)   Post Evacuate Collection Set: 1.2ms
[2025-03-19T08:52:38.729+0000][22.203s][info ][gc,phases   ] GC(37)   Other: 0.1ms
[2025-03-19T08:52:38.729+0000][22.203s][info ][gc,heap     ] GC(37) Eden regions: 125->0(1)
[2025-03-19T08:52:38.729+0000][22.203s][info ][gc,heap     ] GC(37) Survivor regions: 12->12(18)
[2025-03-19T08:52:38.729+0000][22.203s][info ][gc,heap     ] GC(37) Old regions: 62->63
[2025-03-19T08:52:38.729+0000][22.203s][info ][gc,heap     ] GC(37) Archive regions: 2->2
[2025-03-19T08:52:38.729+0000][22.203s][info ][gc,heap     ] GC(37) Humongous regions: 0->0
[2025-03-19T08:52:38.729+0000][22.203s][info ][gc,metaspace] GC(37) Metaspace: 73799K(74240K)->73799K(74240K) NonClass: 64358K(64576K)->64358K(64576K) Class: 9440K(9664K)->9440K(9664K)
[2025-03-19T08:52:38.729+0000][22.203s][info ][gc          ] GC(37) Pause Young (Prepare Mixed) (G1 Evacuation Pause) 198M->75M(237M) 12.389ms
[2025-03-19T08:52:38.729+0000][22.203s][info ][gc,cpu      ] GC(37) User=0.04s Sys=0.00s Real=0.01s
[2025-03-19T08:52:38.729+0000][22.203s][info ][safepoint   ] Safepoint "G1CollectForAllocation", Time since last: 472613256 ns, Reaching safepoint: 38300 ns, Cleanup: 94845 ns, At safepoint: 12451612 ns, Total: 12584757 ns
[2025-03-19T08:52:38.736+0000][22.211s][debug][safepoint   ] Safepoint synchronization initiated using futex wait barrier. (20 threads)
[2025-03-19T08:52:38.736+0000][22.211s][info ][gc,start    ] GC(38) Pause Young (Mixed) (G1 Evacuation Pause)
[2025-03-19T08:52:38.736+0000][22.211s][info ][gc,task     ] GC(38) Using 4 workers of 4 for evacuation
[2025-03-19T08:52:38.751+0000][22.225s][info ][gc,phases   ] GC(38)   Pre Evacuate Collection Set: 0.1ms
[2025-03-19T08:52:38.751+0000][22.226s][info ][gc,phases   ] GC(38)   Merge Heap Roots: 0.1ms
[2025-03-19T08:52:38.751+0000][22.226s][info ][gc,phases   ] GC(38)   Evacuate Collection Set: 13.1ms
[2025-03-19T08:52:38.751+0000][22.226s][info ][gc,phases   ] GC(38)   Post Evacuate Collection Set: 1.5ms
[2025-03-19T08:52:38.751+0000][22.226s][info ][gc,phases   ] GC(38)   Other: 0.1ms
[2025-03-19T08:52:38.751+0000][22.226s][info ][gc,heap     ] GC(38) Eden regions: 1->0(128)
[2025-03-19T08:52:38.751+0000][22.226s][info ][gc,heap     ] GC(38) Survivor regions: 12->2(2)
[2025-03-19T08:52:38.751+0000][22.226s][info ][gc,heap     ] GC(38) Old regions: 63->72
[2025-03-19T08:52:38.751+0000][22.226s][info ][gc,heap     ] GC(38) Archive regions: 2->2
[2025-03-19T08:52:38.751+0000][22.226s][info ][gc,heap     ] GC(38) Humongous regions: 0->0
[2025-03-19T08:52:38.751+0000][22.226s][info ][gc,metaspace] GC(38) Metaspace: 73830K(74304K)->73830K(74304K) NonClass: 64382K(64640K)->64382K(64640K) Class: 9447K(9664K)->9447K(9664K)
[2025-03-19T08:52:38.751+0000][22.226s][info ][gc          ] GC(38) Pause Young (Mixed) (G1 Evacuation Pause) 76M->74M(237M) 14.979ms
[2025-03-19T08:52:38.751+0000][22.226s][info ][gc,cpu      ] GC(38) User=0.05s Sys=0.00s Real=0.01s
[2025-03-19T08:52:38.751+0000][22.226s][info ][safepoint   ] Safepoint "G1CollectForAllocation", Time since last: 7212302 ns, Reaching safepoint: 33064 ns, Cleanup: 2913 ns, At safepoint: 15042231 ns, Total: 15078208 ns
[2025-03-19T08:52:39.226+0000][22.700s][debug][safepoint   ] Safepoint synchronization initiated using futex wait barrier. (20 threads)
[2025-03-19T08:52:39.226+0000][22.701s][info ][gc,start    ] GC(39) Pause Young (Concurrent Start) (G1 Evacuation Pause)
[2025-03-19T08:52:39.226+0000][22.701s][info ][gc,task     ] GC(39) Using 4 workers of 4 for evacuation
[2025-03-19T08:52:39.231+0000][22.705s][info ][gc,phases   ] GC(39)   Pre Evacuate Collection Set: 0.1ms
[2025-03-19T08:52:39.231+0000][22.705s][info ][gc,phases   ] GC(39)   Merge Heap Roots: 0.1ms
[2025-03-19T08:52:39.231+0000][22.705s][info ][gc,phases   ] GC(39)   Evacuate Collection Set: 3.6ms
[2025-03-19T08:52:39.231+0000][22.705s][info ][gc,phases   ] GC(39)   Post Evacuate Collection Set: 0.9ms
[2025-03-19T08:52:39.231+0000][22.705s][info ][gc,phases   ] GC(39)   Other: 0.1ms
[2025-03-19T08:52:39.231+0000][22.705s][info ][gc,heap     ] GC(39) Eden regions: 128->0(129)
[2025-03-19T08:52:39.231+0000][22.705s][info ][gc,heap     ] GC(39) Survivor regions: 2->2(17)
[2025-03-19T08:52:39.231+0000][22.705s][info ][gc,heap     ] GC(39) Old regions: 72->72
[2025-03-19T08:52:39.231+0000][22.705s][info ][gc,heap     ] GC(39) Archive regions: 2->2
[2025-03-19T08:52:39.231+0000][22.705s][info ][gc,heap     ] GC(39) Humongous regions: 0->0
[2025-03-19T08:52:39.231+0000][22.705s][info ][gc,metaspace] GC(39) Metaspace: 77450K(77888K)->77450K(77888K) NonClass: 67305K(67520K)->67305K(67520K) Class: 10144K(10368K)->10144K(10368K)
[2025-03-19T08:52:39.231+0000][22.705s][info ][gc          ] GC(39) Pause Young (Concurrent Start) (G1 Evacuation Pause) 202M->74M(237M) 4.863ms
[2025-03-19T08:52:39.231+0000][22.705s][info ][gc,cpu      ] GC(39) User=0.02s Sys=0.00s Real=0.00s
[2025-03-19T08:52:39.231+0000][22.706s][info ][safepoint   ] Safepoint "G1CollectForAllocation", Time since last: 474849167 ns, Reaching safepoint: 42727 ns, Cleanup: 55285 ns, At safepoint: 4942675 ns, Total: 5040687 ns
[2025-03-19T08:52:39.231+0000][22.706s][info ][gc          ] GC(40) Concurrent Mark Cycle
[2025-03-19T08:52:39.231+0000][22.706s][info ][gc,marking  ] GC(40) Concurrent Clear Claimed Marks
[2025-03-19T08:52:39.231+0000][22.706s][info ][gc,marking  ] GC(40) Concurrent Clear Claimed Marks 0.042ms
[2025-03-19T08:52:39.231+0000][22.706s][info ][gc,marking  ] GC(40) Concurrent Scan Root Regions
[2025-03-19T08:52:39.234+0000][22.708s][info ][gc,marking  ] GC(40) Concurrent Scan Root Regions 2.796ms
[2025-03-19T08:52:39.234+0000][22.708s][info ][gc,marking  ] GC(40) Concurrent Mark
[2025-03-19T08:52:39.234+0000][22.708s][info ][gc,marking  ] GC(40) Concurrent Mark From Roots
[2025-03-19T08:52:39.234+0000][22.708s][info ][gc,task     ] GC(40) Using 1 workers of 1 for marking
[2025-03-19T08:52:39.341+0000][22.815s][info ][gc,marking  ] GC(40) Concurrent Mark From Roots 106.738ms
[2025-03-19T08:52:39.341+0000][22.815s][info ][gc,marking  ] GC(40) Concurrent Preclean
[2025-03-19T08:52:39.341+0000][22.815s][info ][gc,marking  ] GC(40) Concurrent Preclean 0.276ms
[2025-03-19T08:52:39.341+0000][22.816s][debug][safepoint   ] Safepoint synchronization initiated using futex wait barrier. (19 threads)
[2025-03-19T08:52:39.341+0000][22.816s][info ][gc,start    ] GC(40) Pause Remark
[2025-03-19T08:52:39.347+0000][22.821s][info ][gc          ] GC(40) Pause Remark 106M->106M(237M) 5.653ms
[2025-03-19T08:52:39.347+0000][22.821s][info ][gc,cpu      ] GC(40) User=0.02s Sys=0.00s Real=0.01s
[2025-03-19T08:52:39.347+0000][22.821s][info ][safepoint   ] Safepoint "G1PauseRemark", Time since last: 110020186 ns, Reaching safepoint: 23532 ns, Cleanup: 27578 ns, At safepoint: 5740181 ns, Total: 5791291 ns
[2025-03-19T08:52:39.347+0000][22.822s][info ][gc,marking  ] GC(40) Concurrent Mark 113.577ms
[2025-03-19T08:52:39.347+0000][22.822s][info ][gc,marking  ] GC(40) Concurrent Rebuild Remembered Sets
[2025-03-19T08:52:39.415+0000][22.890s][info ][gc,marking  ] GC(40) Concurrent Rebuild Remembered Sets 67.567ms
[2025-03-19T08:52:39.415+0000][22.890s][debug][safepoint   ] Safepoint synchronization initiated using futex wait barrier. (19 threads)
[2025-03-19T08:52:39.415+0000][22.890s][info ][gc,start    ] GC(40) Pause Cleanup
[2025-03-19T08:52:39.415+0000][22.890s][info ][gc          ] GC(40) Pause Cleanup 116M->116M(237M) 0.097ms
[2025-03-19T08:52:39.415+0000][22.890s][info ][gc,cpu      ] GC(40) User=0.00s Sys=0.00s Real=0.00s
[2025-03-19T08:52:39.415+0000][22.890s][info ][safepoint   ] Safepoint "G1PauseCleanup", Time since last: 68338199 ns, Reaching safepoint: 11068 ns, Cleanup: 26267 ns, At safepoint: 124882 ns, Total: 162217 ns
[2025-03-19T08:52:39.415+0000][22.890s][info ][gc,marking  ] GC(40) Concurrent Cleanup for Next Mark
[2025-03-19T08:52:39.415+0000][22.890s][info ][gc,marking  ] GC(40) Concurrent Cleanup for Next Mark 0.233ms
[2025-03-19T08:52:39.416+0000][22.890s][info ][gc          ] GC(40) Concurrent Mark Cycle 184.583ms
[2025-03-19T08:52:39.613+0000][23.087s][debug][safepoint   ] Safepoint synchronization initiated using futex wait barrier. (20 threads)
[2025-03-19T08:52:39.613+0000][23.087s][info ][safepoint   ] Safepoint "ICBufferFull", Time since last: 197422060 ns, Reaching safepoint: 42935 ns, Cleanup: 122807 ns, At safepoint: 6116 ns, Total: 171858 ns
[2025-03-19T08:52:39.679+0000][23.153s][debug][safepoint   ] Safepoint synchronization initiated using futex wait barrier. (20 threads)
[2025-03-19T08:52:39.679+0000][23.154s][info ][safepoint   ] Safepoint "ICBufferFull", Time since last: 66004783 ns, Reaching safepoint: 44675 ns, Cleanup: 111091 ns, At safepoint: 2889 ns, Total: 158655 ns
[2025-03-19T08:52:39.753+0000][23.228s][debug][safepoint   ] Safepoint synchronization initiated using futex wait barrier. (20 threads)
[2025-03-19T08:52:39.753+0000][23.228s][info ][safepoint   ] Safepoint "ICBufferFull", Time since last: 74114830 ns, Reaching safepoint: 51192 ns, Cleanup: 204725 ns, At safepoint: 3302 ns, Total: 259219 ns
[2025-03-19T08:52:39.882+0000][23.356s][debug][safepoint   ] Safepoint synchronization initiated using futex wait barrier. (20 threads)
[2025-03-19T08:52:39.882+0000][23.357s][info ][safepoint   ] Safepoint "ICBufferFull", Time since last: 128460748 ns, Reaching safepoint: 46071 ns, Cleanup: 171182 ns, At safepoint: 3886 ns, Total: 221139 ns
[2025-03-19T08:52:40.159+0000][23.634s][debug][safepoint   ] Safepoint synchronization initiated using futex wait barrier. (20 threads)
[2025-03-19T08:52:40.159+0000][23.634s][info ][gc,start    ] GC(41) Pause Young (Prepare Mixed) (G1 Evacuation Pause)
[2025-03-19T08:52:40.159+0000][23.634s][info ][gc,task     ] GC(41) Using 4 workers of 4 for evacuation
[2025-03-19T08:52:40.165+0000][23.640s][info ][gc,phases   ] GC(41)   Pre Evacuate Collection Set: 0.1ms
[2025-03-19T08:52:40.165+0000][23.640s][info ][gc,phases   ] GC(41)   Merge Heap Roots: 0.1ms
[2025-03-19T08:52:40.165+0000][23.640s][info ][gc,phases   ] GC(41)   Evacuate Collection Set: 4.4ms
[2025-03-19T08:52:40.165+0000][23.640s][info ][gc,phases   ] GC(41)   Post Evacuate Collection Set: 1.2ms
[2025-03-19T08:52:40.165+0000][23.640s][info ][gc,phases   ] GC(41)   Other: 0.1ms
[2025-03-19T08:52:40.165+0000][23.640s][info ][gc,heap     ] GC(41) Eden regions: 129->0(8)
[2025-03-19T08:52:40.165+0000][23.640s][info ][gc,heap     ] GC(41) Survivor regions: 2->3(17)
[2025-03-19T08:52:40.165+0000][23.640s][info ][gc,heap     ] GC(41) Old regions: 72->72
[2025-03-19T08:52:40.165+0000][23.640s][info ][gc,heap     ] GC(41) Archive regions: 2->2
[2025-03-19T08:52:40.165+0000][23.640s][info ][gc,heap     ] GC(41) Humongous regions: 0->0
[2025-03-19T08:52:40.165+0000][23.640s][info ][gc,metaspace] GC(41) Metaspace: 79834K(80320K)->79834K(80320K) NonClass: 69361K(69632K)->69361K(69632K) Class: 10473K(10688K)->10473K(10688K)
[2025-03-19T08:52:40.165+0000][23.640s][info ][gc          ] GC(41) Pause Young (Prepare Mixed) (G1 Evacuation Pause) 203M->75M(237M) 5.917ms
[2025-03-19T08:52:40.165+0000][23.640s][info ][gc,cpu      ] GC(41) User=0.02s Sys=0.00s Real=0.01s
[2025-03-19T08:52:40.165+0000][23.640s][info ][safepoint   ] Safepoint "G1CollectForAllocation", Time since last: 277198681 ns, Reaching safepoint: 47649 ns, Cleanup: 160160 ns, At safepoint: 5966483 ns, Total: 6174292 ns
[2025-03-19T08:52:40.229+0000][23.703s][debug][safepoint   ] Safepoint synchronization initiated using futex wait barrier. (20 threads)
[2025-03-19T08:52:40.229+0000][23.704s][info ][gc,start    ] GC(42) Pause Young (Mixed) (G1 Evacuation Pause)
[2025-03-19T08:52:40.229+0000][23.704s][info ][gc,task     ] GC(42) Using 4 workers of 4 for evacuation
[2025-03-19T08:52:40.235+0000][23.710s][info ][gc,phases   ] GC(42)   Pre Evacuate Collection Set: 0.1ms
[2025-03-19T08:52:40.235+0000][23.710s][info ][gc,phases   ] GC(42)   Merge Heap Roots: 0.1ms
[2025-03-19T08:52:40.235+0000][23.710s][info ][gc,phases   ] GC(42)   Evacuate Collection Set: 5.4ms
[2025-03-19T08:52:40.235+0000][23.710s][info ][gc,phases   ] GC(42)   Post Evacuate Collection Set: 0.6ms
[2025-03-19T08:52:40.235+0000][23.710s][info ][gc,phases   ] GC(42)   Other: 0.1ms
[2025-03-19T08:52:40.235+0000][23.710s][info ][gc,heap     ] GC(42) Eden regions: 8->0(129)
[2025-03-19T08:52:40.235+0000][23.710s][info ][gc,heap     ] GC(42) Survivor regions: 3->1(2)
[2025-03-19T08:52:40.235+0000][23.710s][info ][gc,heap     ] GC(42) Old regions: 72->74
[2025-03-19T08:52:40.235+0000][23.710s][info ][gc,heap     ] GC(42) Archive regions: 2->2
[2025-03-19T08:52:40.235+0000][23.710s][info ][gc,heap     ] GC(42) Humongous regions: 0->0
[2025-03-19T08:52:40.235+0000][23.710s][info ][gc,metaspace] GC(42) Metaspace: 79913K(80448K)->79913K(80448K) NonClass: 69432K(69696K)->69432K(69696K) Class: 10481K(10752K)->10481K(10752K)
[2025-03-19T08:52:40.235+0000][23.710s][info ][gc          ] GC(42) Pause Young (Mixed) (G1 Evacuation Pause) 83M->74M(237M) 6.252ms
[2025-03-19T08:52:40.235+0000][23.710s][info ][gc,cpu      ] GC(42) User=0.03s Sys=0.00s Real=0.01s
[2025-03-19T08:52:40.235+0000][23.710s][info ][safepoint   ] Safepoint "G1CollectForAllocation", Time since last: 63457099 ns, Reaching safepoint: 34013 ns, Cleanup: 47316 ns, At safepoint: 6303806 ns, Total: 6385135 ns
[2025-03-19T08:52:40.934+0000][24.409s][debug][safepoint   ] Safepoint synchronization initiated using futex wait barrier. (19 threads)
[2025-03-19T08:52:40.935+0000][24.409s][info ][gc,start    ] GC(43) Pause Young (Normal) (G1 Evacuation Pause)
[2025-03-19T08:52:40.935+0000][24.409s][info ][gc,task     ] GC(43) Using 4 workers of 4 for evacuation
[2025-03-19T08:52:40.939+0000][24.414s][info ][gc,phases   ] GC(43)   Pre Evacuate Collection Set: 0.1ms
[2025-03-19T08:52:40.939+0000][24.414s][info ][gc,phases   ] GC(43)   Merge Heap Roots: 0.1ms
[2025-03-19T08:52:40.939+0000][24.414s][info ][gc,phases   ] GC(43)   Evacuate Collection Set: 3.4ms
[2025-03-19T08:52:40.939+0000][24.414s][info ][gc,phases   ] GC(43)   Post Evacuate Collection Set: 0.8ms
[2025-03-19T08:52:40.939+0000][24.414s][info ][gc,phases   ] GC(43)   Other: 0.1ms
[2025-03-19T08:52:40.939+0000][24.414s][info ][gc,heap     ] GC(43) Eden regions: 129->0(126)
[2025-03-19T08:52:40.939+0000][24.414s][info ][gc,heap     ] GC(43) Survivor regions: 1->3(17)
[2025-03-19T08:52:40.939+0000][24.414s][info ][gc,heap     ] GC(43) Old regions: 74->74
[2025-03-19T08:52:40.939+0000][24.414s][info ][gc,heap     ] GC(43) Archive regions: 2->2
[2025-03-19T08:52:40.939+0000][24.414s][info ][gc,heap     ] GC(43) Humongous regions: 0->0
[2025-03-19T08:52:40.939+0000][24.414s][info ][gc,metaspace] GC(43) Metaspace: 82874K(83392K)->82874K(83392K) NonClass: 71947K(72192K)->71947K(72192K) Class: 10926K(11200K)->10926K(11200K)
[2025-03-19T08:52:40.939+0000][24.414s][info ][gc          ] GC(43) Pause Young (Normal) (G1 Evacuation Pause) 203M->76M(237M) 4.481ms
[2025-03-19T08:52:40.939+0000][24.414s][info ][gc,cpu      ] GC(43) User=0.01s Sys=0.00s Real=0.00s
[2025-03-19T08:52:40.939+0000][24.414s][info ][safepoint   ] Safepoint "G1CollectForAllocation", Time since last: 699156036 ns, Reaching safepoint: 38567 ns, Cleanup: 83621 ns, At safepoint: 4520491 ns, Total: 4642679 ns
[2025-03-19T08:52:41.415+0000][24.890s][debug][safepoint   ] Safepoint synchronization initiated using futex wait barrier. (20 threads)
[2025-03-19T08:52:41.415+0000][24.890s][info ][safepoint   ] Safepoint "ICBufferFull", Time since last: 475904801 ns, Reaching safepoint: 74087 ns, Cleanup: 158916 ns, At safepoint: 3401 ns, Total: 236404 ns
[2025-03-19T08:52:42.018+0000][25.492s][debug][safepoint   ] Safepoint synchronization initiated using futex wait barrier. (20 threads)
[2025-03-19T08:52:42.018+0000][25.492s][info ][gc,start    ] GC(44) Pause Young (Normal) (G1 Evacuation Pause)
[2025-03-19T08:52:42.018+0000][25.492s][info ][gc,task     ] GC(44) Using 4 workers of 4 for evacuation
[2025-03-19T08:52:42.031+0000][25.505s][info ][gc,phases   ] GC(44)   Pre Evacuate Collection Set: 0.1ms
[2025-03-19T08:52:42.031+0000][25.506s][info ][gc,phases   ] GC(44)   Merge Heap Roots: 0.1ms
[2025-03-19T08:52:42.031+0000][25.506s][info ][gc,phases   ] GC(44)   Evacuate Collection Set: 10.8ms
[2025-03-19T08:52:42.031+0000][25.506s][info ][gc,phases   ] GC(44)   Post Evacuate Collection Set: 2.2ms
[2025-03-19T08:52:42.031+0000][25.506s][info ][gc,phases   ] GC(44)   Other: 0.1ms
[2025-03-19T08:52:42.031+0000][25.506s][info ][gc,heap     ] GC(44) Eden regions: 126->0(123)
[2025-03-19T08:52:42.031+0000][25.506s][info ][gc,heap     ] GC(44) Survivor regions: 3->6(17)
[2025-03-19T08:52:42.031+0000][25.506s][info ][gc,heap     ] GC(44) Old regions: 74->74
[2025-03-19T08:52:42.031+0000][25.506s][info ][gc,heap     ] GC(44) Archive regions: 2->2
[2025-03-19T08:52:42.031+0000][25.506s][info ][gc,heap     ] GC(44) Humongous regions: 0->0
[2025-03-19T08:52:42.031+0000][25.506s][info ][gc,metaspace] GC(44) Metaspace: 85064K(85568K)->85064K(85568K) NonClass: 73983K(74240K)->73983K(74240K) Class: 11080K(11328K)->11080K(11328K)
[2025-03-19T08:52:42.031+0000][25.506s][info ][gc          ] GC(44) Pause Young (Normal) (G1 Evacuation Pause) 202M->79M(237M) 13.368ms
[2025-03-19T08:52:42.031+0000][25.506s][info ][gc,cpu      ] GC(44) User=0.03s Sys=0.00s Real=0.01s
[2025-03-19T08:52:42.031+0000][25.506s][info ][safepoint   ] Safepoint "G1CollectForAllocation", Time since last: 602310792 ns, Reaching safepoint: 51256 ns, Cleanup: 83801 ns, At safepoint: 13441916 ns, Total: 13576973 ns
[2025-03-19T08:52:43.031+0000][26.506s][debug][safepoint   ] Safepoint synchronization initiated using futex wait barrier. (20 threads)
[2025-03-19T08:52:43.031+0000][26.506s][info ][safepoint   ] Safepoint "Cleanup", Time since last: 1000090645 ns, Reaching safepoint: 118278 ns, Cleanup: 98337 ns, At safepoint: 5092 ns, Total: 221707 ns
[2025-03-19T08:52:43.190+0000][26.665s][debug][safepoint   ] Safepoint synchronization initiated using futex wait barrier. (20 threads)
[2025-03-19T08:52:43.190+0000][26.665s][info ][gc,start    ] GC(45) Pause Young (Normal) (G1 Evacuation Pause)
[2025-03-19T08:52:43.190+0000][26.665s][info ][gc,task     ] GC(45) Using 4 workers of 4 for evacuation
[2025-03-19T08:52:43.206+0000][26.681s][info ][gc,phases   ] GC(45)   Pre Evacuate Collection Set: 0.1ms
[2025-03-19T08:52:43.206+0000][26.681s][info ][gc,phases   ] GC(45)   Merge Heap Roots: 0.1ms
[2025-03-19T08:52:43.206+0000][26.681s][info ][gc,phases   ] GC(45)   Evacuate Collection Set: 13.8ms
[2025-03-19T08:52:43.206+0000][26.681s][info ][gc,phases   ] GC(45)   Post Evacuate Collection Set: 1.5ms
[2025-03-19T08:52:43.206+0000][26.681s][info ][gc,phases   ] GC(45)   Other: 0.1ms
[2025-03-19T08:52:43.206+0000][26.681s][info ][gc,heap     ] GC(45) Eden regions: 123->0(119)
[2025-03-19T08:52:43.206+0000][26.681s][info ][gc,heap     ] GC(45) Survivor regions: 6->9(17)
[2025-03-19T08:52:43.206+0000][26.681s][info ][gc,heap     ] GC(45) Old regions: 74->74
[2025-03-19T08:52:43.206+0000][26.681s][info ][gc,heap     ] GC(45) Archive regions: 2->2
[2025-03-19T08:52:43.206+0000][26.681s][info ][gc,heap     ] GC(45) Humongous regions: 0->0
[2025-03-19T08:52:43.206+0000][26.681s][info ][gc,metaspace] GC(45) Metaspace: 87373K(87936K)->87373K(87936K) NonClass: 76110K(76416K)->76110K(76416K) Class: 11263K(11520K)->11263K(11520K)
[2025-03-19T08:52:43.206+0000][26.681s][info ][gc          ] GC(45) Pause Young (Normal) (G1 Evacuation Pause) 202M->82M(237M) 15.722ms
[2025-03-19T08:52:43.206+0000][26.681s][info ][gc,cpu      ] GC(45) User=0.06s Sys=0.00s Real=0.02s
[2025-03-19T08:52:43.206+0000][26.681s][info ][safepoint   ] Safepoint "G1CollectForAllocation", Time since last: 158906781 ns, Reaching safepoint: 51192 ns, Cleanup: 36139 ns, At safepoint: 15780550 ns, Total: 15867881 ns
[2025-03-19T08:52:43.833+0000][27.307s][debug][safepoint   ] Safepoint synchronization initiated using futex wait barrier. (24 threads)
[2025-03-19T08:52:43.833+0000][27.308s][info ][safepoint   ] Safepoint "ICBufferFull", Time since last: 626532608 ns, Reaching safepoint: 51500 ns, Cleanup: 156746 ns, At safepoint: 2637 ns, Total: 210883 ns
[2025-03-19T08:52:44.472+0000][27.947s][debug][safepoint   ] Safepoint synchronization initiated using futex wait barrier. (24 threads)
[2025-03-19T08:52:44.472+0000][27.947s][info ][gc,start    ] GC(46) Pause Young (Normal) (G1 Evacuation Pause)
[2025-03-19T08:52:44.472+0000][27.947s][info ][gc,task     ] GC(46) Using 4 workers of 4 for evacuation
[2025-03-19T08:52:44.493+0000][27.968s][info ][gc,phases   ] GC(46)   Pre Evacuate Collection Set: 0.1ms
[2025-03-19T08:52:44.493+0000][27.968s][info ][gc,phases   ] GC(46)   Merge Heap Roots: 0.1ms
[2025-03-19T08:52:44.493+0000][27.968s][info ][gc,phases   ] GC(46)   Evacuate Collection Set: 16.9ms
[2025-03-19T08:52:44.493+0000][27.968s][info ][gc,phases   ] GC(46)   Post Evacuate Collection Set: 3.7ms
[2025-03-19T08:52:44.493+0000][27.968s][info ][gc,phases   ] GC(46)   Other: 0.1ms
[2025-03-19T08:52:44.493+0000][27.968s][info ][gc,heap     ] GC(46) Eden regions: 119->0(115)
[2025-03-19T08:52:44.493+0000][27.968s][info ][gc,heap     ] GC(46) Survivor regions: 9->10(16)
[2025-03-19T08:52:44.493+0000][27.968s][info ][gc,heap     ] GC(46) Old regions: 74->76
[2025-03-19T08:52:44.493+0000][27.968s][info ][gc,heap     ] GC(46) Archive regions: 2->2
[2025-03-19T08:52:44.493+0000][27.968s][info ][gc,heap     ] GC(46) Humongous regions: 0->0
[2025-03-19T08:52:44.493+0000][27.968s][info ][gc,metaspace] GC(46) Metaspace: 89379K(89984K)->89379K(89984K) NonClass: 77932K(78272K)->77932K(78272K) Class: 11446K(11712K)->11446K(11712K)
[2025-03-19T08:52:44.493+0000][27.968s][info ][gc          ] GC(46) Pause Young (Normal) (G1 Evacuation Pause) 201M->85M(237M) 20.995ms
[2025-03-19T08:52:44.493+0000][27.968s][info ][gc,cpu      ] GC(46) User=0.06s Sys=0.00s Real=0.02s
[2025-03-19T08:52:44.493+0000][27.968s][info ][safepoint   ] Safepoint "G1CollectForAllocation", Time since last: 639116465 ns, Reaching safepoint: 51450 ns, Cleanup: 70488 ns, At safepoint: 21057278 ns, Total: 21179216 ns
[2025-03-19T08:52:45.477+0000][28.951s][debug][safepoint   ] Safepoint synchronization initiated using futex wait barrier. (24 threads)
[2025-03-19T08:52:45.477+0000][28.951s][info ][gc,start    ] GC(47) Pause Young (Normal) (G1 Evacuation Pause)
[2025-03-19T08:52:45.477+0000][28.951s][info ][gc,task     ] GC(47) Using 4 workers of 4 for evacuation
[2025-03-19T08:52:45.498+0000][28.973s][info ][gc,phases   ] GC(47)   Pre Evacuate Collection Set: 0.1ms
[2025-03-19T08:52:45.498+0000][28.973s][info ][gc,phases   ] GC(47)   Merge Heap Roots: 0.1ms
[2025-03-19T08:52:45.498+0000][28.973s][info ][gc,phases   ] GC(47)   Evacuate Collection Set: 17.5ms
[2025-03-19T08:52:45.498+0000][28.973s][info ][gc,phases   ] GC(47)   Post Evacuate Collection Set: 3.4ms
[2025-03-19T08:52:45.498+0000][28.973s][info ][gc,phases   ] GC(47)   Other: 0.1ms
[2025-03-19T08:52:45.498+0000][28.973s][info ][gc,heap     ] GC(47) Eden regions: 115->0(115)
[2025-03-19T08:52:45.498+0000][28.973s][info ][gc,heap     ] GC(47) Survivor regions: 10->9(16)
[2025-03-19T08:52:45.498+0000][28.973s][info ][gc,heap     ] GC(47) Old regions: 76->78
[2025-03-19T08:52:45.498+0000][28.973s][info ][gc,heap     ] GC(47) Archive regions: 2->2
[2025-03-19T08:52:45.498+0000][28.973s][info ][gc,heap     ] GC(47) Humongous regions: 0->0
[2025-03-19T08:52:45.498+0000][28.973s][info ][gc,metaspace] GC(47) Metaspace: 93902K(94464K)->93902K(94464K) NonClass: 81697K(81984K)->81697K(81984K) Class: 12204K(12480K)->12204K(12480K)
[2025-03-19T08:52:45.498+0000][28.973s][info ][gc          ] GC(47) Pause Young (Normal) (G1 Evacuation Pause) 200M->87M(237M) 21.406ms
[2025-03-19T08:52:45.498+0000][28.973s][info ][gc,cpu      ] GC(47) User=0.07s Sys=0.00s Real=0.02s
[2025-03-19T08:52:45.498+0000][28.973s][info ][safepoint   ] Safepoint "G1CollectForAllocation", Time since last: 983313541 ns, Reaching safepoint: 45124 ns, Cleanup: 119118 ns, At safepoint: 21473768 ns, Total: 21638010 ns
[2025-03-19T08:52:45.808+0000][29.283s][debug][safepoint   ] Safepoint synchronization initiated using futex wait barrier. (24 threads)
[2025-03-19T08:52:45.812+0000][29.286s][info ][safepoint   ] Safepoint "ICBufferFull", Time since last: 310208667 ns, Reaching safepoint: 3192229 ns, Cleanup: 103870 ns, At safepoint: 7022 ns, Total: 3303121 ns
[2025-03-19T08:52:46.197+0000][29.672s][debug][safepoint   ] Safepoint synchronization initiated using futex wait barrier. (24 threads)
[2025-03-19T08:52:46.197+0000][29.672s][info ][gc,start    ] GC(48) Pause Young (Normal) (G1 Evacuation Pause)
[2025-03-19T08:52:46.197+0000][29.672s][info ][gc,task     ] GC(48) Using 4 workers of 4 for evacuation
[2025-03-19T08:52:46.242+0000][29.717s][info ][gc,phases   ] GC(48)   Pre Evacuate Collection Set: 0.7ms
[2025-03-19T08:52:46.242+0000][29.717s][info ][gc,phases   ] GC(48)   Merge Heap Roots: 0.2ms
[2025-03-19T08:52:46.242+0000][29.717s][info ][gc,phases   ] GC(48)   Evacuate Collection Set: 42.8ms
[2025-03-19T08:52:46.242+0000][29.717s][info ][gc,phases   ] GC(48)   Post Evacuate Collection Set: 1.3ms
[2025-03-19T08:52:46.242+0000][29.717s][info ][gc,phases   ] GC(48)   Other: 0.1ms
[2025-03-19T08:52:46.242+0000][29.717s][info ][gc,heap     ] GC(48) Eden regions: 115->0(97)
[2025-03-19T08:52:46.242+0000][29.717s][info ][gc,heap     ] GC(48) Survivor regions: 9->16(16)
[2025-03-19T08:52:46.242+0000][29.717s][info ][gc,heap     ] GC(48) Old regions: 78->82
[2025-03-19T08:52:46.243+0000][29.717s][info ][gc,heap     ] GC(48) Archive regions: 2->2
[2025-03-19T08:52:46.243+0000][29.717s][info ][gc,heap     ] GC(48) Humongous regions: 0->0
[2025-03-19T08:52:46.243+0000][29.717s][info ][gc,metaspace] GC(48) Metaspace: 95643K(96192K)->95643K(96192K) NonClass: 83083K(83392K)->83083K(83392K) Class: 12559K(12800K)->12559K(12800K)
[2025-03-19T08:52:46.243+0000][29.717s][info ][gc          ] GC(48) Pause Young (Normal) (G1 Evacuation Pause) 202M->97M(237M) 45.489ms
[2025-03-19T08:52:46.243+0000][29.717s][info ][gc,cpu      ] GC(48) User=0.14s Sys=0.00s Real=0.04s
[2025-03-19T08:52:46.243+0000][29.717s][info ][safepoint   ] Safepoint "G1CollectForAllocation", Time since last: 385480998 ns, Reaching safepoint: 61562 ns, Cleanup: 73217 ns, At safepoint: 45560682 ns, Total: 45695461 ns
[2025-03-19T08:52:46.939+0000][30.413s][debug][safepoint   ] Safepoint synchronization initiated using futex wait barrier. (25 threads)
[2025-03-19T08:52:46.939+0000][30.413s][info ][gc,start    ] GC(49) Pause Young (Normal) (G1 Evacuation Pause)
[2025-03-19T08:52:46.939+0000][30.413s][info ][gc,task     ] GC(49) Using 4 workers of 4 for evacuation
[2025-03-19T08:52:46.956+0000][30.431s][info ][gc,phases   ] GC(49)   Pre Evacuate Collection Set: 0.1ms
[2025-03-19T08:52:46.956+0000][30.431s][info ][gc,phases   ] GC(49)   Merge Heap Roots: 0.1ms
[2025-03-19T08:52:46.956+0000][30.431s][info ][gc,phases   ] GC(49)   Evacuate Collection Set: 12.3ms
[2025-03-19T08:52:46.956+0000][30.431s][info ][gc,phases   ] GC(49)   Post Evacuate Collection Set: 5.0ms
[2025-03-19T08:52:46.956+0000][30.431s][info ][gc,phases   ] GC(49)   Other: 0.1ms
[2025-03-19T08:52:46.957+0000][30.431s][info ][gc,heap     ] GC(49) Eden regions: 97->0(349)
[2025-03-19T08:52:46.957+0000][30.431s][info ][gc,heap     ] GC(49) Survivor regions: 16->3(15)
[2025-03-19T08:52:46.957+0000][30.431s][info ][gc,heap     ] GC(49) Old regions: 82->89
[2025-03-19T08:52:46.957+0000][30.431s][info ][gc,heap     ] GC(49) Archive regions: 2->2
[2025-03-19T08:52:46.957+0000][30.431s][info ][gc,heap     ] GC(49) Humongous regions: 0->0
[2025-03-19T08:52:46.957+0000][30.431s][info ][gc,metaspace] GC(49) Metaspace: 98627K(99136K)->98627K(99136K) NonClass: 85671K(85952K)->85671K(85952K) Class: 12956K(13184K)->12956K(13184K)
[2025-03-19T08:52:46.957+0000][30.431s][info ][gc          ] GC(49) Pause Young (Normal) (G1 Evacuation Pause) 194M->92M(587M) 17.757ms
[2025-03-19T08:52:46.957+0000][30.431s][info ][gc,cpu      ] GC(49) User=0.04s Sys=0.00s Real=0.02s
[2025-03-19T08:52:46.957+0000][30.431s][info ][safepoint   ] Safepoint "G1CollectForAllocation", Time since last: 695818966 ns, Reaching safepoint: 46573 ns, Cleanup: 45894 ns, At safepoint: 17811685 ns, Total: 17904152 ns
[2025-03-19T08:52:48.000+0000][31.475s][debug][safepoint   ] Safepoint synchronization initiated using futex wait barrier. (25 threads)
[2025-03-19T08:52:48.000+0000][31.475s][info ][safepoint   ] Safepoint "Cleanup", Time since last: 1043499427 ns, Reaching safepoint: 131164 ns, Cleanup: 120700 ns, At safepoint: 8650 ns, Total: 260514 ns
[2025-03-19T08:52:49.159+0000][32.634s][debug][safepoint   ] Safepoint synchronization initiated using futex wait barrier. (27 threads)
[2025-03-19T08:52:49.159+0000][32.634s][info ][safepoint   ] Safepoint "Cleanup", Time since last: 1158853902 ns, Reaching safepoint: 175978 ns, Cleanup: 102305 ns, At safepoint: 3779 ns, Total: 282062 ns
[2025-03-19T08:52:50.849+0000][34.323s][debug][safepoint   ] Safepoint synchronization initiated using futex wait barrier. (31 threads)
[2025-03-19T08:52:50.851+0000][34.326s][info ][safepoint   ] Safepoint "Cleanup", Time since last: 1689373042 ns, Reaching safepoint: 2167734 ns, Cleanup: 148608 ns, At safepoint: 24081 ns, Total: 2340423 ns
[2025-03-19T08:52:51.097+0000][34.571s][debug][safepoint   ] Safepoint synchronization initiated using futex wait barrier. (34 threads)
[2025-03-19T08:52:51.097+0000][34.571s][info ][gc,start    ] GC(50) Pause Young (Normal) (G1 Evacuation Pause)
[2025-03-19T08:52:51.097+0000][34.571s][info ][gc,task     ] GC(50) Using 4 workers of 4 for evacuation
[2025-03-19T08:52:51.125+0000][34.599s][info ][gc,phases   ] GC(50)   Pre Evacuate Collection Set: 0.1ms
[2025-03-19T08:52:51.125+0000][34.599s][info ][gc,phases   ] GC(50)   Merge Heap Roots: 0.2ms
[2025-03-19T08:52:51.125+0000][34.599s][info ][gc,phases   ] GC(50)   Evacuate Collection Set: 24.3ms
[2025-03-19T08:52:51.125+0000][34.599s][info ][gc,phases   ] GC(50)   Post Evacuate Collection Set: 3.3ms
[2025-03-19T08:52:51.125+0000][34.600s][info ][gc,phases   ] GC(50)   Other: 0.2ms
[2025-03-19T08:52:51.125+0000][34.600s][info ][gc,heap     ] GC(50) Eden regions: 349->0(342)
[2025-03-19T08:52:51.125+0000][34.600s][info ][gc,heap     ] GC(50) Survivor regions: 3->10(44)
[2025-03-19T08:52:51.125+0000][34.600s][info ][gc,heap     ] GC(50) Old regions: 89->89
[2025-03-19T08:52:51.125+0000][34.600s][info ][gc,heap     ] GC(50) Archive regions: 2->2
[2025-03-19T08:52:51.125+0000][34.600s][info ][gc,heap     ] GC(50) Humongous regions: 0->0
[2025-03-19T08:52:51.125+0000][34.600s][info ][gc,metaspace] GC(50) Metaspace: 107704K(108352K)->107704K(108352K) NonClass: 93651K(94016K)->93651K(94016K) Class: 14053K(14336K)->14053K(14336K)
[2025-03-19T08:52:51.125+0000][34.600s][info ][gc          ] GC(50) Pause Young (Normal) (G1 Evacuation Pause) 441M->99M(587M) 28.269ms
[2025-03-19T08:52:51.125+0000][34.600s][info ][gc,cpu      ] GC(50) User=0.09s Sys=0.01s Real=0.03s
[2025-03-19T08:52:51.126+0000][34.600s][info ][safepoint   ] Safepoint "G1CollectForAllocation", Time since last: 245388177 ns, Reaching safepoint: 71885 ns, Cleanup: 25666 ns, At safepoint: 29224289 ns, Total: 29321840 ns
[2025-03-19T08:52:52.704+0000][36.179s][debug][safepoint   ] Safepoint synchronization initiated using futex wait barrier. (40 threads)
[2025-03-19T08:52:52.704+0000][36.179s][info ][safepoint   ] Safepoint "ICBufferFull", Time since last: 1578386119 ns, Reaching safepoint: 51087 ns, Cleanup: 147246 ns, At safepoint: 6546 ns, Total: 204879 ns
[2025-03-19T08:52:53.277+0000][36.752s][debug][safepoint   ] Safepoint synchronization initiated using futex wait barrier. (40 threads)
[2025-03-19T08:52:53.278+0000][36.752s][info ][safepoint   ] Safepoint "ICBufferFull", Time since last: 572859167 ns, Reaching safepoint: 49228 ns, Cleanup: 158918 ns, At safepoint: 7367 ns, Total: 215513 ns
[2025-03-19T08:52:54.120+0000][37.595s][debug][safepoint   ] Safepoint synchronization initiated using futex wait barrier. (40 threads)
[2025-03-19T08:52:54.121+0000][37.595s][info ][safepoint   ] Safepoint "ICBufferFull", Time since last: 842736710 ns, Reaching safepoint: 58732 ns, Cleanup: 165641 ns, At safepoint: 2862 ns, Total: 227235 ns
[2025-03-19T08:52:54.441+0000][37.916s][debug][safepoint   ] Safepoint synchronization initiated using futex wait barrier. (40 threads)
[2025-03-19T08:52:54.441+0000][37.916s][info ][gc,start    ] GC(51) Pause Young (Normal) (G1 Evacuation Pause)
[2025-03-19T08:52:54.441+0000][37.916s][info ][gc,task     ] GC(51) Using 4 workers of 4 for evacuation
[2025-03-19T08:52:54.466+0000][37.941s][info ][gc,phases   ] GC(51)   Pre Evacuate Collection Set: 0.1ms
[2025-03-19T08:52:54.466+0000][37.941s][info ][gc,phases   ] GC(51)   Merge Heap Roots: 0.2ms
[2025-03-19T08:52:54.466+0000][37.941s][info ][gc,phases   ] GC(51)   Evacuate Collection Set: 20.6ms
[2025-03-19T08:52:54.466+0000][37.941s][info ][gc,phases   ] GC(51)   Post Evacuate Collection Set: 3.8ms
[2025-03-19T08:52:54.466+0000][37.941s][info ][gc,phases   ] GC(51)   Other: 0.1ms
[2025-03-19T08:52:54.466+0000][37.941s][info ][gc,heap     ] GC(51) Eden regions: 342->0(334)
[2025-03-19T08:52:54.466+0000][37.941s][info ][gc,heap     ] GC(51) Survivor regions: 10->18(44)
[2025-03-19T08:52:54.466+0000][37.941s][info ][gc,heap     ] GC(51) Old regions: 89->89
[2025-03-19T08:52:54.466+0000][37.941s][info ][gc,heap     ] GC(51) Archive regions: 2->2
[2025-03-19T08:52:54.466+0000][37.941s][info ][gc,heap     ] GC(51) Humongous regions: 0->0
[2025-03-19T08:52:54.466+0000][37.941s][info ][gc,metaspace] GC(51) Metaspace: 115519K(116160K)->115519K(116160K) NonClass: 100670K(100992K)->100670K(100992K) Class: 14849K(15168K)->14849K(15168K)
[2025-03-19T08:52:54.466+0000][37.941s][info ][gc          ] GC(51) Pause Young (Normal) (G1 Evacuation Pause) 441M->107M(587M) 24.940ms
[2025-03-19T08:52:54.466+0000][37.941s][info ][gc,cpu      ] GC(51) User=0.07s Sys=0.00s Real=0.03s
[2025-03-19T08:52:54.466+0000][37.941s][info ][safepoint   ] Safepoint "G1CollectForAllocation", Time since last: 320698908 ns, Reaching safepoint: 39822 ns, Cleanup: 80630 ns, At safepoint: 25076391 ns, Total: 25196843 ns
[2025-03-19T08:52:55.472+0000][38.947s][debug][safepoint   ] Safepoint synchronization initiated using futex wait barrier. (41 threads)
[2025-03-19T08:52:55.474+0000][38.949s][info ][safepoint   ] Safepoint "Cleanup", Time since last: 1005678294 ns, Reaching safepoint: 2208028 ns, Cleanup: 88080 ns, At safepoint: 14571 ns, Total: 2310679 ns
[2025-03-19T08:52:56.491+0000][39.966s][debug][safepoint   ] Safepoint synchronization initiated using futex wait barrier. (44 threads)
[2025-03-19T08:52:56.492+0000][39.966s][info ][safepoint   ] Safepoint "Cleanup", Time since last: 1016522386 ns, Reaching safepoint: 482196 ns, Cleanup: 104427 ns, At safepoint: 7854 ns, Total: 594477 ns
[2025-03-19T08:52:57.253+0000][40.727s][debug][safepoint   ] Safepoint synchronization initiated using futex wait barrier. (44 threads)
[2025-03-19T08:52:57.253+0000][40.727s][info ][safepoint   ] Safepoint "ICBufferFull", Time since last: 761009737 ns, Reaching safepoint: 47347 ns, Cleanup: 162467 ns, At safepoint: 7885 ns, Total: 217699 ns
[2025-03-19T08:52:57.563+0000][41.038s][debug][safepoint   ] Safepoint synchronization initiated using futex wait barrier. (44 threads)
[2025-03-19T08:52:57.563+0000][41.038s][info ][gc,start    ] GC(52) Pause Young (Normal) (G1 Evacuation Pause)
[2025-03-19T08:52:57.563+0000][41.038s][info ][gc,task     ] GC(52) Using 4 workers of 4 for evacuation
[2025-03-19T08:52:57.598+0000][41.073s][info ][gc,phases   ] GC(52)   Pre Evacuate Collection Set: 0.1ms
[2025-03-19T08:52:57.598+0000][41.073s][info ][gc,phases   ] GC(52)   Merge Heap Roots: 0.2ms
[2025-03-19T08:52:57.598+0000][41.073s][info ][gc,phases   ] GC(52)   Evacuate Collection Set: 29.9ms
[2025-03-19T08:52:57.598+0000][41.073s][info ][gc,phases   ] GC(52)   Post Evacuate Collection Set: 4.6ms
[2025-03-19T08:52:57.598+0000][41.073s][info ][gc,phases   ] GC(52)   Other: 0.1ms
[2025-03-19T08:52:57.598+0000][41.073s][info ][gc,heap     ] GC(52) Eden regions: 334->0(325)
[2025-03-19T08:52:57.598+0000][41.073s][info ][gc,heap     ] GC(52) Survivor regions: 18->27(44)
[2025-03-19T08:52:57.598+0000][41.073s][info ][gc,heap     ] GC(52) Old regions: 89->89
[2025-03-19T08:52:57.598+0000][41.073s][info ][gc,heap     ] GC(52) Archive regions: 2->2
[2025-03-19T08:52:57.598+0000][41.073s][info ][gc,heap     ] GC(52) Humongous regions: 0->0
[2025-03-19T08:52:57.598+0000][41.073s][info ][gc,metaspace] GC(52) Metaspace: 127239K(128192K)->127239K(128192K) NonClass: 110970K(111488K)->110970K(111488K) Class: 16268K(16704K)->16268K(16704K)
[2025-03-19T08:52:57.598+0000][41.073s][info ][gc          ] GC(52) Pause Young (Normal) (G1 Evacuation Pause) 441M->116M(587M) 34.933ms
[2025-03-19T08:52:57.598+0000][41.073s][info ][gc,cpu      ] GC(52) User=0.10s Sys=0.00s Real=0.04s
[2025-03-19T08:52:57.601+0000][41.075s][info ][safepoint   ] Safepoint "G1CollectForAllocation", Time since last: 310431940 ns, Reaching safepoint: 50390 ns, Cleanup: 27749 ns, At safepoint: 37427608 ns, Total: 37505747 ns
[2025-03-19T08:52:58.122+0000][41.596s][debug][safepoint   ] Safepoint synchronization initiated using futex wait barrier. (52 threads)
[2025-03-19T08:52:58.122+0000][41.596s][info ][gc,start    ] GC(53) Pause Young (Concurrent Start) (Metadata GC Threshold)
[2025-03-19T08:52:58.122+0000][41.596s][info ][gc,task     ] GC(53) Using 4 workers of 4 for evacuation
[2025-03-19T08:52:58.161+0000][41.635s][info ][gc,phases   ] GC(53)   Pre Evacuate Collection Set: 0.2ms
[2025-03-19T08:52:58.161+0000][41.635s][info ][gc,phases   ] GC(53)   Merge Heap Roots: 0.2ms
[2025-03-19T08:52:58.161+0000][41.635s][info ][gc,phases   ] GC(53)   Evacuate Collection Set: 35.0ms
[2025-03-19T08:52:58.161+0000][41.635s][info ][gc,phases   ] GC(53)   Post Evacuate Collection Set: 3.3ms
[2025-03-19T08:52:58.161+0000][41.635s][info ][gc,phases   ] GC(53)   Other: 0.2ms
[2025-03-19T08:52:58.161+0000][41.635s][info ][gc,heap     ] GC(53) Eden regions: 63->0(333)
[2025-03-19T08:52:58.161+0000][41.635s][info ][gc,heap     ] GC(53) Survivor regions: 27->19(44)
[2025-03-19T08:52:58.161+0000][41.635s][info ][gc,heap     ] GC(53) Old regions: 89->98
[2025-03-19T08:52:58.161+0000][41.635s][info ][gc,heap     ] GC(53) Archive regions: 2->2
[2025-03-19T08:52:58.161+0000][41.635s][info ][gc,heap     ] GC(53) Humongous regions: 1->0
[2025-03-19T08:52:58.161+0000][41.635s][info ][gc,metaspace] GC(53) Metaspace: 129811K(130816K)->129811K(130816K) NonClass: 113393K(113920K)->113393K(113920K) Class: 16417K(16896K)->16417K(16896K)
[2025-03-19T08:52:58.161+0000][41.635s][info ][gc          ] GC(53) Pause Young (Concurrent Start) (Metadata GC Threshold) 179M->116M(587M) 39.067ms
[2025-03-19T08:52:58.161+0000][41.636s][info ][gc,cpu      ] GC(53) User=0.09s Sys=0.00s Real=0.04s
[2025-03-19T08:52:58.161+0000][41.636s][info ][gc          ] GC(54) Concurrent Mark Cycle
[2025-03-19T08:52:58.161+0000][41.636s][info ][gc,marking  ] GC(54) Concurrent Clear Claimed Marks
[2025-03-19T08:52:58.162+0000][41.636s][info ][safepoint   ] Safepoint "CollectForMetadataAllocation", Time since last: 520944907 ns, Reaching safepoint: 68275 ns, Cleanup: 59139 ns, At safepoint: 39743709 ns, Total: 39871123 ns
[2025-03-19T08:52:58.162+0000][41.636s][info ][gc,marking  ] GC(54) Concurrent Clear Claimed Marks 0.122ms
[2025-03-19T08:52:58.162+0000][41.636s][info ][gc,marking  ] GC(54) Concurrent Scan Root Regions
[2025-03-19T08:52:58.222+0000][41.697s][info ][gc,marking  ] GC(54) Concurrent Scan Root Regions 60.672ms
[2025-03-19T08:52:58.222+0000][41.697s][info ][gc,marking  ] GC(54) Concurrent Mark
[2025-03-19T08:52:58.222+0000][41.697s][info ][gc,marking  ] GC(54) Concurrent Mark From Roots
[2025-03-19T08:52:58.222+0000][41.697s][info ][gc,task     ] GC(54) Using 1 workers of 1 for marking
[2025-03-19T08:52:58.281+0000][41.756s][debug][safepoint   ] Safepoint synchronization initiated using futex wait barrier. (52 threads)
[2025-03-19T08:52:58.281+0000][41.756s][info ][safepoint   ] Safepoint "CollectForMetadataAllocation", Time since last: 119765334 ns, Reaching safepoint: 89748 ns, Cleanup: 25359 ns, At safepoint: 38465 ns, Total: 153572 ns
[2025-03-19T08:52:58.401+0000][41.875s][debug][safepoint   ] Safepoint synchronization initiated using futex wait barrier. (52 threads)
[2025-03-19T08:52:58.401+0000][41.875s][info ][safepoint   ] Safepoint "CollectForMetadataAllocation", Time since last: 119268844 ns, Reaching safepoint: 123951 ns, Cleanup: 14419 ns, At safepoint: 41274 ns, Total: 179644 ns
[2025-03-19T08:52:58.449+0000][41.924s][info ][gc,marking  ] GC(54) Concurrent Mark From Roots 226.688ms
[2025-03-19T08:52:58.449+0000][41.924s][info ][gc,marking  ] GC(54) Concurrent Preclean
[2025-03-19T08:52:58.449+0000][41.924s][info ][gc,marking  ] GC(54) Concurrent Preclean 0.343ms
[2025-03-19T08:52:58.450+0000][41.924s][debug][safepoint   ] Safepoint synchronization initiated using futex wait barrier. (52 threads)
[2025-03-19T08:52:58.450+0000][41.925s][info ][gc,start    ] GC(54) Pause Remark
[2025-03-19T08:52:58.460+0000][41.935s][info ][gc          ] GC(54) Pause Remark 144M->144M(490M) 10.423ms
[2025-03-19T08:52:58.461+0000][41.935s][info ][gc,cpu      ] GC(54) User=0.04s Sys=0.01s Real=0.01s
[2025-03-19T08:52:58.461+0000][41.935s][info ][safepoint   ] Safepoint "G1PauseRemark", Time since last: 48997417 ns, Reaching safepoint: 112967 ns, Cleanup: 5983 ns, At safepoint: 10528066 ns, Total: 10647016 ns
[2025-03-19T08:52:58.463+0000][41.937s][info ][gc,marking  ] GC(54) Concurrent Mark 240.490ms
[2025-03-19T08:52:58.463+0000][41.937s][info ][gc,marking  ] GC(54) Concurrent Rebuild Remembered Sets
[2025-03-19T08:52:58.590+0000][42.065s][info ][gc,marking  ] GC(54) Concurrent Rebuild Remembered Sets 127.582ms
[2025-03-19T08:52:58.590+0000][42.065s][debug][safepoint   ] Safepoint synchronization initiated using futex wait barrier. (52 threads)
[2025-03-19T08:52:58.591+0000][42.065s][info ][gc,start    ] GC(54) Pause Cleanup
[2025-03-19T08:52:58.591+0000][42.065s][info ][gc          ] GC(54) Pause Cleanup 157M->157M(490M) 0.177ms
[2025-03-19T08:52:58.591+0000][42.065s][info ][gc,cpu      ] GC(54) User=0.00s Sys=0.00s Real=0.00s
[2025-03-19T08:52:58.591+0000][42.065s][info ][safepoint   ] Safepoint "G1PauseCleanup", Time since last: 129936633 ns, Reaching safepoint: 27748 ns, Cleanup: 3930 ns, At safepoint: 226384 ns, Total: 258062 ns
[2025-03-19T08:52:58.591+0000][42.065s][info ][gc,marking  ] GC(54) Concurrent Cleanup for Next Mark
[2025-03-19T08:52:58.598+0000][42.072s][info ][gc,marking  ] GC(54) Concurrent Cleanup for Next Mark 7.128ms
[2025-03-19T08:52:58.598+0000][42.073s][info ][gc          ] GC(54) Concurrent Mark Cycle 436.558ms
[2025-03-19T08:52:59.591+0000][43.065s][debug][safepoint   ] Safepoint synchronization initiated using futex wait barrier. (53 threads)
[2025-03-19T08:52:59.591+0000][43.065s][debug][safepoint   ] ... found polling page loop exception at pc = 0x00007f901958a85a, stub =0x00007f901898f400
[2025-03-19T08:52:59.591+0000][43.066s][info ][safepoint   ] Safepoint "Cleanup", Time since last: 1000084779 ns, Reaching safepoint: 114178 ns, Cleanup: 36783 ns, At safepoint: 5110 ns, Total: 156071 ns
[2025-03-19T08:53:00.232+0000][43.706s][debug][safepoint   ] Safepoint synchronization initiated using futex wait barrier. (53 threads)
[2025-03-19T08:53:00.232+0000][43.707s][info ][gc,start    ] GC(55) Pause Young (Prepare Mixed) (G1 Evacuation Pause)
[2025-03-19T08:53:00.232+0000][43.707s][info ][gc,task     ] GC(55) Using 4 workers of 4 for evacuation
[2025-03-19T08:53:00.268+0000][43.742s][info ][gc,phases   ] GC(55)   Pre Evacuate Collection Set: 0.2ms
[2025-03-19T08:53:00.268+0000][43.742s][info ][gc,phases   ] GC(55)   Merge Heap Roots: 0.4ms
[2025-03-19T08:53:00.268+0000][43.742s][info ][gc,phases   ] GC(55)   Evacuate Collection Set: 30.9ms
[2025-03-19T08:53:00.268+0000][43.742s][info ][gc,phases   ] GC(55)   Post Evacuate Collection Set: 4.2ms
[2025-03-19T08:53:00.268+0000][43.742s][info ][gc,phases   ] GC(55)   Other: 0.2ms
[2025-03-19T08:53:00.268+0000][43.742s][info ][gc,heap     ] GC(55) Eden regions: 275->0(1)
[2025-03-19T08:53:00.268+0000][43.742s][info ][gc,heap     ] GC(55) Survivor regions: 19->23(37)
[2025-03-19T08:53:00.268+0000][43.742s][info ][gc,heap     ] GC(55) Old regions: 98->98
[2025-03-19T08:53:00.268+0000][43.742s][info ][gc,heap     ] GC(55) Archive regions: 2->2
[2025-03-19T08:53:00.268+0000][43.742s][info ][gc,heap     ] GC(55) Humongous regions: 0->0
[2025-03-19T08:53:00.268+0000][43.742s][info ][gc,metaspace] GC(55) Metaspace: 135656K(136640K)->135656K(136640K) NonClass: 118591K(119104K)->118591K(119104K) Class: 17065K(17536K)->17065K(17536K)
[2025-03-19T08:53:00.268+0000][43.742s][info ][gc          ] GC(55) Pause Young (Prepare Mixed) (G1 Evacuation Pause) 391M->120M(490M) 35.992ms
[2025-03-19T08:53:00.268+0000][43.743s][info ][gc,cpu      ] GC(55) User=0.10s Sys=0.00s Real=0.04s
[2025-03-19T08:53:00.268+0000][43.743s][info ][safepoint   ] Safepoint "G1CollectForAllocation", Time since last: 640769156 ns, Reaching safepoint: 58499 ns, Cleanup: 98569 ns, At safepoint: 36192040 ns, Total: 36349108 ns
[2025-03-19T08:53:00.277+0000][43.752s][debug][safepoint   ] Safepoint synchronization initiated using futex wait barrier. (53 threads)
[2025-03-19T08:53:00.277+0000][43.752s][info ][gc,start    ] GC(56) Pause Young (Mixed) (G1 Evacuation Pause)
[2025-03-19T08:53:00.277+0000][43.752s][info ][gc,task     ] GC(56) Using 4 workers of 4 for evacuation
[2025-03-19T08:53:00.315+0000][43.790s][info ][gc,phases   ] GC(56)   Pre Evacuate Collection Set: 0.1ms
[2025-03-19T08:53:00.315+0000][43.790s][info ][gc,phases   ] GC(56)   Merge Heap Roots: 0.3ms
[2025-03-19T08:53:00.315+0000][43.790s][info ][gc,phases   ] GC(56)   Evacuate Collection Set: 34.0ms
[2025-03-19T08:53:00.315+0000][43.790s][info ][gc,phases   ] GC(56)   Post Evacuate Collection Set: 3.7ms
[2025-03-19T08:53:00.315+0000][43.790s][info ][gc,phases   ] GC(56)   Other: 0.1ms
[2025-03-19T08:53:00.315+0000][43.790s][info ][gc,heap     ] GC(56) Eden regions: 1->0(292)
[2025-03-19T08:53:00.315+0000][43.790s][info ][gc,heap     ] GC(56) Survivor regions: 23->2(3)
[2025-03-19T08:53:00.315+0000][43.790s][info ][gc,heap     ] GC(56) Old regions: 98->117
[2025-03-19T08:53:00.315+0000][43.790s][info ][gc,heap     ] GC(56) Archive regions: 2->2
[2025-03-19T08:53:00.315+0000][43.790s][info ][gc,heap     ] GC(56) Humongous regions: 0->0
[2025-03-19T08:53:00.315+0000][43.790s][info ][gc,metaspace] GC(56) Metaspace: 135658K(136704K)->135658K(136704K) NonClass: 118592K(119168K)->118592K(119168K) Class: 17065K(17536K)->17065K(17536K)
[2025-03-19T08:53:00.315+0000][43.790s][info ][gc          ] GC(56) Pause Young (Mixed) (G1 Evacuation Pause) 121M->119M(490M) 38.264ms
[2025-03-19T08:53:00.315+0000][43.790s][info ][gc,cpu      ] GC(56) User=0.09s Sys=0.00s Real=0.04s
[2025-03-19T08:53:00.316+0000][43.790s][info ][safepoint   ] Safepoint "G1CollectForAllocation", Time since last: 8900050 ns, Reaching safepoint: 91867 ns, Cleanup: 6433 ns, At safepoint: 38449582 ns, Total: 38547882 ns
[2025-03-19T08:53:01.316+0000][44.791s][debug][safepoint   ] Safepoint synchronization initiated using futex wait barrier. (53 threads)
[2025-03-19T08:53:01.317+0000][44.791s][info ][safepoint   ] Safepoint "Cleanup", Time since last: 1000971721 ns, Reaching safepoint: 117111 ns, Cleanup: 59514 ns, At safepoint: 5621 ns, Total: 182246 ns
[2025-03-19T08:53:01.977+0000][45.451s][debug][safepoint   ] Safepoint synchronization initiated using futex wait barrier. (57 threads)
[2025-03-19T08:53:01.977+0000][45.451s][info ][gc,start    ] GC(57) Pause Young (Concurrent Start) (G1 Evacuation Pause)
[2025-03-19T08:53:01.977+0000][45.451s][info ][gc,task     ] GC(57) Using 4 workers of 4 for evacuation
[2025-03-19T08:53:02.004+0000][45.479s][info ][gc,phases   ] GC(57)   Pre Evacuate Collection Set: 0.3ms
[2025-03-19T08:53:02.004+0000][45.479s][info ][gc,phases   ] GC(57)   Merge Heap Roots: 0.2ms
[2025-03-19T08:53:02.004+0000][45.479s][info ][gc,phases   ] GC(57)   Evacuate Collection Set: 23.9ms
[2025-03-19T08:53:02.004+0000][45.479s][info ][gc,phases   ] GC(57)   Post Evacuate Collection Set: 2.9ms
[2025-03-19T08:53:02.004+0000][45.479s][info ][gc,phases   ] GC(57)   Other: 0.2ms
[2025-03-19T08:53:02.004+0000][45.479s][info ][gc,heap     ] GC(57) Eden regions: 292->0(283)
[2025-03-19T08:53:02.004+0000][45.479s][info ][gc,heap     ] GC(57) Survivor regions: 2->11(37)
[2025-03-19T08:53:02.004+0000][45.479s][info ][gc,heap     ] GC(57) Old regions: 117->117
[2025-03-19T08:53:02.004+0000][45.479s][info ][gc,heap     ] GC(57) Archive regions: 2->2
[2025-03-19T08:53:02.004+0000][45.479s][info ][gc,heap     ] GC(57) Humongous regions: 0->0
[2025-03-19T08:53:02.004+0000][45.479s][info ][gc,metaspace] GC(57) Metaspace: 140770K(141888K)->140770K(141888K) NonClass: 123441K(124032K)->123441K(124032K) Class: 17329K(17856K)->17329K(17856K)
[2025-03-19T08:53:02.004+0000][45.479s][info ][gc          ] GC(57) Pause Young (Concurrent Start) (G1 Evacuation Pause) 411M->128M(490M) 27.537ms
[2025-03-19T08:53:02.004+0000][45.479s][info ][gc,cpu      ] GC(57) User=0.07s Sys=0.00s Real=0.03s
[2025-03-19T08:53:02.004+0000][45.479s][info ][gc          ] GC(58) Concurrent Mark Cycle
[2025-03-19T08:53:02.004+0000][45.479s][info ][gc,marking  ] GC(58) Concurrent Clear Claimed Marks
[2025-03-19T08:53:02.004+0000][45.479s][info ][safepoint   ] Safepoint "G1CollectForAllocation", Time since last: 659928502 ns, Reaching safepoint: 61212 ns, Cleanup: 23479 ns, At safepoint: 27760970 ns, Total: 27845661 ns
[2025-03-19T08:53:02.004+0000][45.479s][info ][gc,marking  ] GC(58) Concurrent Clear Claimed Marks 0.127ms
[2025-03-19T08:53:02.005+0000][45.479s][info ][gc,marking  ] GC(58) Concurrent Scan Root Regions
[2025-03-19T08:53:02.021+0000][45.495s][info ][gc,marking  ] GC(58) Concurrent Scan Root Regions 16.223ms
[2025-03-19T08:53:02.021+0000][45.495s][info ][gc,marking  ] GC(58) Concurrent Mark
[2025-03-19T08:53:02.021+0000][45.495s][info ][gc,marking  ] GC(58) Concurrent Mark From Roots
[2025-03-19T08:53:02.021+0000][45.495s][info ][gc,task     ] GC(58) Using 1 workers of 1 for marking
[2025-03-19T08:53:02.328+0000][45.803s][info ][gc,marking  ] GC(58) Concurrent Mark From Roots 307.390ms
[2025-03-19T08:53:02.328+0000][45.803s][info ][gc,marking  ] GC(58) Concurrent Preclean
[2025-03-19T08:53:02.329+0000][45.803s][info ][gc,marking  ] GC(58) Concurrent Preclean 0.338ms
[2025-03-19T08:53:02.329+0000][45.803s][debug][safepoint   ] Safepoint synchronization initiated using futex wait barrier. (58 threads)
[2025-03-19T08:53:02.329+0000][45.803s][debug][safepoint   ] ... found polling page loop exception at pc = 0x00007f90198211ad, stub =0x00007f901898f400
[2025-03-19T08:53:02.329+0000][45.803s][info ][gc,start    ] GC(58) Pause Remark
[2025-03-19T08:53:02.343+0000][45.817s][info ][gc          ] GC(58) Pause Remark 159M->159M(490M) 13.995ms
[2025-03-19T08:53:02.343+0000][45.817s][info ][gc,cpu      ] GC(58) User=0.04s Sys=0.00s Real=0.01s
[2025-03-19T08:53:02.343+0000][45.817s][info ][safepoint   ] Safepoint "G1PauseRemark", Time since last: 324144888 ns, Reaching safepoint: 96389 ns, Cleanup: 35261 ns, At safepoint: 14129677 ns, Total: 14261327 ns
[2025-03-19T08:53:02.343+0000][45.818s][info ][gc,marking  ] GC(58) Concurrent Mark 322.179ms
[2025-03-19T08:53:02.343+0000][45.818s][info ][gc,marking  ] GC(58) Concurrent Rebuild Remembered Sets
[2025-03-19T08:53:02.495+0000][45.970s][info ][gc,marking  ] GC(58) Concurrent Rebuild Remembered Sets 152.479ms
[2025-03-19T08:53:02.496+0000][45.970s][debug][safepoint   ] Safepoint synchronization initiated using futex wait barrier. (58 threads)
[2025-03-19T08:53:02.496+0000][45.970s][info ][gc,start    ] GC(58) Pause Cleanup
[2025-03-19T08:53:02.496+0000][45.970s][info ][gc          ] GC(58) Pause Cleanup 178M->178M(490M) 0.147ms
[2025-03-19T08:53:02.496+0000][45.970s][info ][gc,cpu      ] GC(58) User=0.00s Sys=0.00s Real=0.00s
[2025-03-19T08:53:02.496+0000][45.970s][info ][safepoint   ] Safepoint "G1PauseCleanup", Time since last: 152667417 ns, Reaching safepoint: 95865 ns, Cleanup: 13447 ns, At safepoint: 191255 ns, Total: 300567 ns
[2025-03-19T08:53:02.496+0000][45.970s][info ][gc,marking  ] GC(58) Concurrent Cleanup for Next Mark
[2025-03-19T08:53:02.498+0000][45.973s][info ][gc,marking  ] GC(58) Concurrent Cleanup for Next Mark 2.314ms
[2025-03-19T08:53:02.498+0000][45.973s][info ][gc          ] GC(58) Concurrent Mark Cycle 493.897ms
[2025-03-19T08:53:02.747+0000][46.222s][info ][cds,heap    ] initialize_from_archived_subgraph jdk.internal.math.FDBigInteger 0x00007f8faf14d8f0
[2025-03-19T08:53:03.496+0000][46.970s][debug][safepoint   ] Safepoint synchronization initiated using futex wait barrier. (76 threads)
[2025-03-19T08:53:03.496+0000][46.971s][info ][safepoint   ] Safepoint "Cleanup", Time since last: 1000079024 ns, Reaching safepoint: 166448 ns, Cleanup: 79258 ns, At safepoint: 3352 ns, Total: 249058 ns
[2025-03-19T08:53:03.766+0000][47.240s][debug][safepoint   ] ... found polling page loop exception at pc = 0x00007f9019296d2f, stub =0x00007f901898eb80
[2025-03-19T08:53:04.114+0000][47.589s][debug][safepoint   ] Safepoint synchronization initiated using futex wait barrier. (77 threads)
[2025-03-19T08:53:04.114+0000][47.589s][info ][gc,start    ] GC(59) Pause Young (Prepare Mixed) (G1 Evacuation Pause)
[2025-03-19T08:53:04.114+0000][47.589s][info ][gc,task     ] GC(59) Using 4 workers of 4 for evacuation
[2025-03-19T08:53:04.140+0000][47.615s][info ][gc,phases   ] GC(59)   Pre Evacuate Collection Set: 0.1ms
[2025-03-19T08:53:04.140+0000][47.615s][info ][gc,phases   ] GC(59)   Merge Heap Roots: 0.3ms
[2025-03-19T08:53:04.140+0000][47.615s][info ][gc,phases   ] GC(59)   Evacuate Collection Set: 22.9ms
[2025-03-19T08:53:04.140+0000][47.615s][info ][gc,phases   ] GC(59)   Post Evacuate Collection Set: 2.6ms
[2025-03-19T08:53:04.140+0000][47.615s][info ][gc,phases   ] GC(59)   Other: 0.1ms
[2025-03-19T08:53:04.140+0000][47.615s][info ][gc,heap     ] GC(59) Eden regions: 283->0(8)
[2025-03-19T08:53:04.140+0000][47.615s][info ][gc,heap     ] GC(59) Survivor regions: 11->16(37)
[2025-03-19T08:53:04.140+0000][47.615s][info ][gc,heap     ] GC(59) Old regions: 117->117
[2025-03-19T08:53:04.140+0000][47.615s][info ][gc,heap     ] GC(59) Archive regions: 2->2
[2025-03-19T08:53:04.140+0000][47.615s][info ][gc,heap     ] GC(59) Humongous regions: 0->0
[2025-03-19T08:53:04.140+0000][47.615s][info ][gc,metaspace] GC(59) Metaspace: 149475K(150528K)->149475K(150528K) NonClass: 131130K(131648K)->131130K(131648K) Class: 18344K(18880K)->18344K(18880K)
[2025-03-19T08:53:04.140+0000][47.615s][info ][gc          ] GC(59) Pause Young (Prepare Mixed) (G1 Evacuation Pause) 411M->133M(490M) 26.226ms
[2025-03-19T08:53:04.141+0000][47.615s][info ][gc,cpu      ] GC(59) User=0.07s Sys=0.00s Real=0.02s
[2025-03-19T08:53:04.141+0000][47.615s][info ][safepoint   ] Safepoint "G1CollectForAllocation", Time since last: 617958698 ns, Reaching safepoint: 47128 ns, Cleanup: 69125 ns, At safepoint: 26315742 ns, Total: 26431995 ns
[2025-03-19T08:53:04.210+0000][47.685s][debug][safepoint   ] Safepoint synchronization initiated using futex wait barrier. (77 threads)
[2025-03-19T08:53:04.210+0000][47.685s][info ][gc,start    ] GC(60) Pause Young (Mixed) (G1 Evacuation Pause)
[2025-03-19T08:53:04.210+0000][47.685s][info ][gc,task     ] GC(60) Using 4 workers of 4 for evacuation
[2025-03-19T08:53:04.263+0000][47.738s][info ][gc,phases   ] GC(60)   Pre Evacuate Collection Set: 0.1ms
[2025-03-19T08:53:04.263+0000][47.738s][info ][gc,phases   ] GC(60)   Merge Heap Roots: 1.6ms
[2025-03-19T08:53:04.263+0000][47.738s][info ][gc,phases   ] GC(60)   Evacuate Collection Set: 45.3ms
[2025-03-19T08:53:04.263+0000][47.738s][info ][gc,phases   ] GC(60)   Post Evacuate Collection Set: 6.0ms
[2025-03-19T08:53:04.263+0000][47.738s][info ][gc,phases   ] GC(60)   Other: 0.1ms
[2025-03-19T08:53:04.263+0000][47.738s][info ][gc,heap     ] GC(60) Eden regions: 8->0(285)
[2025-03-19T08:53:04.263+0000][47.738s][info ][gc,heap     ] GC(60) Survivor regions: 16->2(3)
[2025-03-19T08:53:04.263+0000][47.738s][info ][gc,heap     ] GC(60) Old regions: 117->131
[2025-03-19T08:53:04.263+0000][47.738s][info ][gc,heap     ] GC(60) Archive regions: 2->2
[2025-03-19T08:53:04.263+0000][47.738s][info ][gc,heap     ] GC(60) Humongous regions: 0->0
[2025-03-19T08:53:04.263+0000][47.738s][info ][gc,metaspace] GC(60) Metaspace: 149505K(150592K)->149505K(150592K) NonClass: 131155K(131712K)->131155K(131712K) Class: 18350K(18880K)->18350K(18880K)
[2025-03-19T08:53:04.263+0000][47.738s][info ][gc          ] GC(60) Pause Young (Mixed) (G1 Evacuation Pause) 141M->133M(490M) 53.366ms
[2025-03-19T08:53:04.263+0000][47.738s][info ][gc,cpu      ] GC(60) User=0.12s Sys=0.00s Real=0.05s
[2025-03-19T08:53:04.264+0000][47.738s][info ][safepoint   ] Safepoint "G1CollectForAllocation", Time since last: 69381248 ns, Reaching safepoint: 52747 ns, Cleanup: 17311 ns, At safepoint: 53632242 ns, Total: 53702300 ns
[2025-03-19T08:53:05.886+0000][49.361s][debug][safepoint   ] Safepoint synchronization initiated using futex wait barrier. (77 threads)
[2025-03-19T08:53:05.886+0000][49.361s][info ][safepoint   ] Safepoint "Cleanup", Time since last: 1622430917 ns, Reaching safepoint: 45943 ns, Cleanup: 140535 ns, At safepoint: 3017 ns, Total: 189495 ns
[2025-03-19T08:53:06.296+0000][49.771s][debug][safepoint   ] Safepoint synchronization initiated using futex wait barrier. (77 threads)
[2025-03-19T08:53:06.296+0000][49.771s][info ][gc,start    ] GC(61) Pause Young (Normal) (G1 Evacuation Pause)
[2025-03-19T08:53:06.296+0000][49.771s][info ][gc,task     ] GC(61) Using 4 workers of 4 for evacuation
[2025-03-19T08:53:06.328+0000][49.802s][info ][gc,phases   ] GC(61)   Pre Evacuate Collection Set: 0.2ms
[2025-03-19T08:53:06.328+0000][49.802s][info ][gc,phases   ] GC(61)   Merge Heap Roots: 0.4ms
[2025-03-19T08:53:06.328+0000][49.802s][info ][gc,phases   ] GC(61)   Evacuate Collection Set: 23.8ms
[2025-03-19T08:53:06.328+0000][49.802s][info ][gc,phases   ] GC(61)   Post Evacuate Collection Set: 7.1ms
[2025-03-19T08:53:06.328+0000][49.803s][info ][gc,phases   ] GC(61)   Other: 0.1ms
[2025-03-19T08:53:06.328+0000][49.803s][info ][gc,heap     ] GC(61) Eden regions: 285->0(278)
[2025-03-19T08:53:06.328+0000][49.803s][info ][gc,heap     ] GC(61) Survivor regions: 2->8(36)
[2025-03-19T08:53:06.328+0000][49.803s][info ][gc,heap     ] GC(61) Old regions: 131->131
[2025-03-19T08:53:06.328+0000][49.803s][info ][gc,heap     ] GC(61) Archive regions: 2->2
[2025-03-19T08:53:06.328+0000][49.803s][info ][gc,heap     ] GC(61) Humongous regions: 0->0
[2025-03-19T08:53:06.328+0000][49.803s][info ][gc,metaspace] GC(61) Metaspace: 152171K(153216K)->152171K(153216K) NonClass: 133412K(133952K)->133412K(133952K) Class: 18758K(19264K)->18758K(19264K)
[2025-03-19T08:53:06.328+0000][49.803s][info ][gc          ] GC(61) Pause Young (Normal) (G1 Evacuation Pause) 418M->139M(490M) 31.687ms
[2025-03-19T08:53:06.328+0000][49.803s][info ][gc,cpu      ] GC(61) User=0.07s Sys=0.00s Real=0.03s
[2025-03-19T08:53:06.328+0000][49.803s][info ][safepoint   ] Safepoint "G1CollectForAllocation", Time since last: 409903925 ns, Reaching safepoint: 62942 ns, Cleanup: 58280 ns, At safepoint: 31851963 ns, Total: 31973185 ns
[2025-03-19T08:53:07.727+0000][51.201s][debug][safepoint   ] Safepoint synchronization initiated using futex wait barrier. (77 threads)
[2025-03-19T08:53:07.728+0000][51.203s][info ][safepoint   ] Safepoint "Cleanup", Time since last: 1398741394 ns, Reaching safepoint: 239976 ns, Cleanup: 159869 ns, At safepoint: 957274 ns, Total: 1357119 ns
[2025-03-19T08:53:08.089+0000][51.563s][debug][safepoint   ] Safepoint synchronization initiated using futex wait barrier. (77 threads)
[2025-03-19T08:53:08.089+0000][51.563s][info ][gc,start    ] GC(62) Pause Young (Normal) (G1 Evacuation Pause)
[2025-03-19T08:53:08.089+0000][51.563s][info ][gc,task     ] GC(62) Using 4 workers of 4 for evacuation
[2025-03-19T08:53:08.119+0000][51.594s][info ][gc,phases   ] GC(62)   Pre Evacuate Collection Set: 0.1ms
[2025-03-19T08:53:08.119+0000][51.594s][info ][gc,phases   ] GC(62)   Merge Heap Roots: 0.2ms
[2025-03-19T08:53:08.119+0000][51.594s][info ][gc,phases   ] GC(62)   Evacuate Collection Set: 26.1ms
[2025-03-19T08:53:08.119+0000][51.594s][info ][gc,phases   ] GC(62)   Post Evacuate Collection Set: 4.1ms
[2025-03-19T08:53:08.119+0000][51.594s][info ][gc,phases   ] GC(62)   Other: 0.1ms
[2025-03-19T08:53:08.119+0000][51.594s][info ][gc,heap     ] GC(62) Eden regions: 278->0(271)
[2025-03-19T08:53:08.119+0000][51.594s][info ][gc,heap     ] GC(62) Survivor regions: 8->15(36)
[2025-03-19T08:53:08.119+0000][51.594s][info ][gc,heap     ] GC(62) Old regions: 131->131
[2025-03-19T08:53:08.119+0000][51.594s][info ][gc,heap     ] GC(62) Archive regions: 2->2
[2025-03-19T08:53:08.119+0000][51.594s][info ][gc,heap     ] GC(62) Humongous regions: 0->0
[2025-03-19T08:53:08.119+0000][51.594s][info ][gc,metaspace] GC(62) Metaspace: 155704K(156800K)->155704K(156800K) NonClass: 136444K(137024K)->136444K(137024K) Class: 19260K(19776K)->19260K(19776K)
[2025-03-19T08:53:08.120+0000][51.594s][info ][gc          ] GC(62) Pause Young (Normal) (G1 Evacuation Pause) 417M->145M(490M) 30.676ms
[2025-03-19T08:53:08.120+0000][51.594s][info ][gc,cpu      ] GC(62) User=0.07s Sys=0.00s Real=0.03s
[2025-03-19T08:53:08.120+0000][51.594s][info ][safepoint   ] Safepoint "G1CollectForAllocation", Time since last: 360471591 ns, Reaching safepoint: 55332 ns, Cleanup: 63545 ns, At safepoint: 30940545 ns, Total: 31059422 ns
[2025-03-19T08:53:09.385+0000][52.859s][debug][safepoint   ] Safepoint synchronization initiated using futex wait barrier. (82 threads)
[2025-03-19T08:53:09.385+0000][52.860s][info ][safepoint   ] Safepoint "Cleanup", Time since last: 1265128346 ns, Reaching safepoint: 56588 ns, Cleanup: 134368 ns, At safepoint: 2722 ns, Total: 193678 ns
[2025-03-19T08:53:09.788+0000][53.263s][debug][safepoint   ] ... found polling page loop exception at pc = 0x00007f9018ffd0a0, stub =0x00007f901898f400
[2025-03-19T08:53:10.049+0000][53.524s][debug][safepoint   ] Safepoint synchronization initiated using futex wait barrier. (147 threads)
[2025-03-19T08:53:10.049+0000][53.524s][info ][gc,start    ] GC(63) Pause Young (Normal) (G1 Evacuation Pause)
[2025-03-19T08:53:10.049+0000][53.524s][info ][gc,task     ] GC(63) Using 4 workers of 4 for evacuation
[2025-03-19T08:53:10.086+0000][53.561s][info ][gc,phases   ] GC(63)   Pre Evacuate Collection Set: 0.2ms
[2025-03-19T08:53:10.086+0000][53.561s][info ][gc,phases   ] GC(63)   Merge Heap Roots: 0.8ms
[2025-03-19T08:53:10.086+0000][53.561s][info ][gc,phases   ] GC(63)   Evacuate Collection Set: 32.6ms
[2025-03-19T08:53:10.086+0000][53.561s][info ][gc,phases   ] GC(63)   Post Evacuate Collection Set: 2.6ms
[2025-03-19T08:53:10.086+0000][53.561s][info ][gc,phases   ] GC(63)   Other: 0.4ms
[2025-03-19T08:53:10.086+0000][53.561s][info ][gc,heap     ] GC(63) Eden regions: 271->0(266)
[2025-03-19T08:53:10.086+0000][53.561s][info ][gc,heap     ] GC(63) Survivor regions: 15->21(36)
[2025-03-19T08:53:10.086+0000][53.561s][info ][gc,heap     ] GC(63) Old regions: 131->131
[2025-03-19T08:53:10.086+0000][53.561s][info ][gc,heap     ] GC(63) Archive regions: 2->2
[2025-03-19T08:53:10.086+0000][53.561s][info ][gc,heap     ] GC(63) Humongous regions: 0->0
[2025-03-19T08:53:10.086+0000][53.561s][info ][gc,metaspace] GC(63) Metaspace: 160232K(161408K)->160232K(161408K) NonClass: 140321K(140928K)->140321K(140928K) Class: 19910K(20480K)->19910K(20480K)
[2025-03-19T08:53:10.086+0000][53.561s][info ][gc          ] GC(63) Pause Young (Normal) (G1 Evacuation Pause) 416M->151M(490M) 36.682ms
[2025-03-19T08:53:10.086+0000][53.561s][info ][gc,cpu      ] GC(63) User=0.10s Sys=0.00s Real=0.04s
[2025-03-19T08:53:10.088+0000][53.562s][info ][safepoint   ] Safepoint "G1CollectForAllocation", Time since last: 664106934 ns, Reaching safepoint: 125078 ns, Cleanup: 106162 ns, At safepoint: 37530518 ns, Total: 37761758 ns
[2025-03-19T08:53:11.175+0000][54.649s][debug][safepoint   ] Safepoint synchronization initiated using futex wait barrier. (182 threads)
[2025-03-19T08:53:11.175+0000][54.650s][info ][safepoint   ] Safepoint "ICBufferFull", Time since last: 1085360770 ns, Reaching safepoint: 2529186 ns, Cleanup: 159300 ns, At safepoint: 43241 ns, Total: 2731727 ns
[2025-03-19T08:53:11.443+0000][54.917s][debug][safepoint   ] Safepoint synchronization initiated using futex wait barrier. (183 threads)
[2025-03-19T08:53:11.443+0000][54.917s][debug][safepoint   ] ... found polling page loop exception at pc = 0x00007f90191c37dc, stub =0x00007f901898f400
[2025-03-19T08:53:11.443+0000][54.917s][debug][safepoint   ] ... found polling page loop exception at pc = 0x00007f9018f2fa75, stub =0x00007f901898f400
[2025-03-19T08:53:11.445+0000][54.920s][info ][gc,start    ] GC(64) Pause Young (Normal) (G1 Evacuation Pause)
[2025-03-19T08:53:11.445+0000][54.920s][info ][gc,task     ] GC(64) Using 4 workers of 4 for evacuation
[2025-03-19T08:53:11.486+0000][54.960s][info ][gc,phases   ] GC(64)   Pre Evacuate Collection Set: 0.2ms
[2025-03-19T08:53:11.486+0000][54.960s][info ][gc,phases   ] GC(64)   Merge Heap Roots: 0.2ms
[2025-03-19T08:53:11.486+0000][54.960s][info ][gc,phases   ] GC(64)   Evacuate Collection Set: 37.3ms
[2025-03-19T08:53:11.486+0000][54.960s][info ][gc,phases   ] GC(64)   Post Evacuate Collection Set: 2.7ms
[2025-03-19T08:53:11.486+0000][54.960s][info ][gc,phases   ] GC(64)   Other: 0.2ms
[2025-03-19T08:53:11.486+0000][54.960s][info ][gc,heap     ] GC(64) Eden regions: 266->0(260)
[2025-03-19T08:53:11.486+0000][54.960s][info ][gc,heap     ] GC(64) Survivor regions: 21->20(36)
[2025-03-19T08:53:11.486+0000][54.960s][info ][gc,heap     ] GC(64) Old regions: 131->138
[2025-03-19T08:53:11.486+0000][54.960s][info ][gc,heap     ] GC(64) Archive regions: 2->2
[2025-03-19T08:53:11.486+0000][54.960s][info ][gc,heap     ] GC(64) Humongous regions: 0->0
[2025-03-19T08:53:11.486+0000][54.960s][info ][gc,metaspace] GC(64) Metaspace: 166548K(167744K)->166548K(167744K) NonClass: 145894K(146496K)->145894K(146496K) Class: 20653K(21248K)->20653K(21248K)
[2025-03-19T08:53:11.486+0000][54.960s][info ][gc          ] GC(64) Pause Young (Normal) (G1 Evacuation Pause) 417M->157M(490M) 40.702ms
[2025-03-19T08:53:11.486+0000][54.960s][info ][gc,cpu      ] GC(64) User=0.12s Sys=0.01s Real=0.04s
[2025-03-19T08:53:11.486+0000][54.961s][info ][safepoint   ] Safepoint "G1CollectForAllocation", Time since last: 267736178 ns, Reaching safepoint: 2125638 ns, Cleanup: 42748 ns, At safepoint: 41274450 ns, Total: 43442836 ns
[2025-03-19T08:53:11.917+0000][55.391s][debug][safepoint   ] Safepoint synchronization initiated using futex wait barrier. (184 threads)
[2025-03-19T08:53:11.917+0000][55.392s][info ][safepoint   ] Safepoint "ICBufferFull", Time since last: 430484123 ns, Reaching safepoint: 136597 ns, Cleanup: 143022 ns, At safepoint: 12487 ns, Total: 292106 ns
[2025-03-19T08:53:12.456+0000][55.931s][debug][safepoint   ] Safepoint synchronization initiated using futex wait barrier. (192 threads)
[2025-03-19T08:53:12.456+0000][55.931s][info ][safepoint   ] Safepoint "ICBufferFull", Time since last: 538969567 ns, Reaching safepoint: 58776 ns, Cleanup: 124687 ns, At safepoint: 7675 ns, Total: 191138 ns
[2025-03-19T08:53:12.558+0000][56.033s][debug][safepoint   ] Safepoint synchronization initiated using futex wait barrier. (193 threads)
[2025-03-19T08:53:12.559+0000][56.033s][info ][gc,start    ] GC(65) Pause Young (Normal) (G1 Evacuation Pause)
[2025-03-19T08:53:12.559+0000][56.033s][info ][gc,task     ] GC(65) Using 4 workers of 4 for evacuation
[2025-03-19T08:53:12.599+0000][56.073s][info ][gc,phases   ] GC(65)   Pre Evacuate Collection Set: 0.5ms
[2025-03-19T08:53:12.599+0000][56.073s][info ][gc,phases   ] GC(65)   Merge Heap Roots: 0.2ms
[2025-03-19T08:53:12.599+0000][56.073s][info ][gc,phases   ] GC(65)   Evacuate Collection Set: 35.8ms
[2025-03-19T08:53:12.599+0000][56.073s][info ][gc,phases   ] GC(65)   Post Evacuate Collection Set: 3.1ms
[2025-03-19T08:53:12.599+0000][56.073s][info ][gc,phases   ] GC(65)   Other: 0.2ms
[2025-03-19T08:53:12.599+0000][56.073s][info ][gc,heap     ] GC(65) Eden regions: 260->0(254)
[2025-03-19T08:53:12.599+0000][56.073s][info ][gc,heap     ] GC(65) Survivor regions: 20->20(35)
[2025-03-19T08:53:12.599+0000][56.073s][info ][gc,heap     ] GC(65) Old regions: 138->144
[2025-03-19T08:53:12.599+0000][56.073s][info ][gc,heap     ] GC(65) Archive regions: 2->2
[2025-03-19T08:53:12.599+0000][56.073s][info ][gc,heap     ] GC(65) Humongous regions: 0->0
[2025-03-19T08:53:12.599+0000][56.073s][info ][gc,metaspace] GC(65) Metaspace: 171969K(173248K)->171969K(173248K) NonClass: 150572K(151232K)->150572K(151232K) Class: 21396K(22016K)->21396K(22016K)
[2025-03-19T08:53:12.599+0000][56.073s][info ][gc          ] GC(65) Pause Young (Normal) (G1 Evacuation Pause) 417M->164M(490M) 39.966ms
[2025-03-19T08:53:12.599+0000][56.073s][info ][gc,cpu      ] GC(65) User=0.11s Sys=0.00s Real=0.04s
[2025-03-19T08:53:12.600+0000][56.075s][info ][safepoint   ] Safepoint "G1CollectForAllocation", Time since last: 102025247 ns, Reaching safepoint: 371163 ns, Cleanup: 89932 ns, At safepoint: 41570235 ns, Total: 42031330 ns
[2025-03-19T08:53:13.155+0000][56.630s][debug][safepoint   ] Safepoint synchronization initiated using futex wait barrier. (210 threads)
[2025-03-19T08:53:13.155+0000][56.630s][debug][safepoint   ] ... found polling page loop exception at pc = 0x00007f9019296d2f, stub =0x00007f901898eb80
[2025-03-19T08:53:13.156+0000][56.630s][info ][safepoint   ] Safepoint "ICBufferFull", Time since last: 555024164 ns, Reaching safepoint: 195085 ns, Cleanup: 104724 ns, At safepoint: 17473 ns, Total: 317282 ns
[2025-03-19T08:53:13.159+0000][56.633s][debug][safepoint   ] Safepoint synchronization initiated using futex wait barrier. (210 threads)
[2025-03-19T08:53:13.159+0000][56.634s][info ][safepoint   ] Safepoint "ICBufferFull", Time since last: 3039520 ns, Reaching safepoint: 806025 ns, Cleanup: 3497 ns, At safepoint: 17707 ns, Total: 827229 ns
[2025-03-19T08:53:14.160+0000][57.634s][debug][safepoint   ] Safepoint synchronization initiated using futex wait barrier. (210 threads)
[2025-03-19T08:53:14.160+0000][57.634s][info ][safepoint   ] Safepoint "Cleanup", Time since last: 1000112077 ns, Reaching safepoint: 65713 ns, Cleanup: 67258 ns, At safepoint: 4747 ns, Total: 137718 ns
[2025-03-19T08:53:14.379+0000][57.854s][debug][safepoint   ] Safepoint synchronization initiated using futex wait barrier. (210 threads)
[2025-03-19T08:53:14.380+0000][57.854s][info ][gc,start    ] GC(66) Pause Young (Normal) (G1 Evacuation Pause)
[2025-03-19T08:53:14.380+0000][57.854s][info ][gc,task     ] GC(66) Using 4 workers of 4 for evacuation
[2025-03-19T08:53:14.418+0000][57.892s][info ][gc,phases   ] GC(66)   Pre Evacuate Collection Set: 0.2ms
[2025-03-19T08:53:14.418+0000][57.892s][info ][gc,phases   ] GC(66)   Merge Heap Roots: 0.2ms
[2025-03-19T08:53:14.418+0000][57.892s][info ][gc,phases   ] GC(66)   Evacuate Collection Set: 35.4ms
[2025-03-19T08:53:14.418+0000][57.892s][info ][gc,phases   ] GC(66)   Post Evacuate Collection Set: 2.2ms
[2025-03-19T08:53:14.418+0000][57.892s][info ][gc,phases   ] GC(66)   Other: 0.2ms
[2025-03-19T08:53:14.418+0000][57.892s][info ][gc,heap     ] GC(66) Eden regions: 254->0(254)
[2025-03-19T08:53:14.418+0000][57.892s][info ][gc,heap     ] GC(66) Survivor regions: 20->16(35)
[2025-03-19T08:53:14.418+0000][57.892s][info ][gc,heap     ] GC(66) Old regions: 144->150
[2025-03-19T08:53:14.418+0000][57.892s][info ][gc,heap     ] GC(66) Archive regions: 2->2
[2025-03-19T08:53:14.418+0000][57.892s][info ][gc,heap     ] GC(66) Humongous regions: 0->0
[2025-03-19T08:53:14.418+0000][57.892s][info ][gc,metaspace] GC(66) Metaspace: 174320K(175616K)->174320K(175616K) NonClass: 152652K(153344K)->152652K(153344K) Class: 21667K(22272K)->21667K(22272K)
[2025-03-19T08:53:14.418+0000][57.892s][info ][gc          ] GC(66) Pause Young (Normal) (G1 Evacuation Pause) 418M->166M(490M) 38.272ms
[2025-03-19T08:53:14.418+0000][57.892s][info ][gc,cpu      ] GC(66) User=0.14s Sys=0.00s Real=0.04s
[2025-03-19T08:53:14.418+0000][57.893s][info ][safepoint   ] Safepoint "G1CollectForAllocation", Time since last: 219806917 ns, Reaching safepoint: 59049 ns, Cleanup: 3840 ns, At safepoint: 38784596 ns, Total: 38847485 ns
[2025-03-19T08:53:15.824+0000][59.298s][debug][safepoint   ] Safepoint synchronization initiated using futex wait barrier. (211 threads)
[2025-03-19T08:53:15.824+0000][59.299s][info ][safepoint   ] Safepoint "Cleanup", Time since last: 1405450392 ns, Reaching safepoint: 69080 ns, Cleanup: 76110 ns, At safepoint: 3907 ns, Total: 149097 ns
[2025-03-19T08:53:17.135+0000][60.610s][debug][safepoint   ] Safepoint synchronization initiated using futex wait barrier. (211 threads)
[2025-03-19T08:53:17.135+0000][60.610s][info ][gc,start    ] GC(67) Pause Young (Concurrent Start) (G1 Humongous Allocation)
[2025-03-19T08:53:17.135+0000][60.610s][info ][gc,task     ] GC(67) Using 4 workers of 4 for evacuation
[2025-03-19T08:53:17.160+0000][60.635s][info ][gc,phases   ] GC(67)   Pre Evacuate Collection Set: 0.4ms
[2025-03-19T08:53:17.160+0000][60.635s][info ][gc,phases   ] GC(67)   Merge Heap Roots: 0.2ms
[2025-03-19T08:53:17.160+0000][60.635s][info ][gc,phases   ] GC(67)   Evacuate Collection Set: 22.3ms
[2025-03-19T08:53:17.160+0000][60.635s][info ][gc,phases   ] GC(67)   Post Evacuate Collection Set: 2.2ms
[2025-03-19T08:53:17.160+0000][60.635s][info ][gc,phases   ] GC(67)   Other: 0.2ms
[2025-03-19T08:53:17.160+0000][60.635s][info ][gc,heap     ] GC(67) Eden regions: 68->0(250)
[2025-03-19T08:53:17.160+0000][60.635s][info ][gc,heap     ] GC(67) Survivor regions: 16->17(34)
[2025-03-19T08:53:17.160+0000][60.635s][info ][gc,heap     ] GC(67) Old regions: 150->150
[2025-03-19T08:53:17.160+0000][60.635s][info ][gc,heap     ] GC(67) Archive regions: 2->2
[2025-03-19T08:53:17.160+0000][60.635s][info ][gc,heap     ] GC(67) Humongous regions: 35->5
[2025-03-19T08:53:17.160+0000][60.635s][info ][gc,metaspace] GC(67) Metaspace: 177880K(179136K)->177880K(179136K) NonClass: 155776K(156416K)->155776K(156416K) Class: 22103K(22720K)->22103K(22720K)
[2025-03-19T08:53:17.160+0000][60.635s][info ][gc          ] GC(67) Pause Young (Concurrent Start) (G1 Humongous Allocation) 268M->172M(490M) 25.272ms
[2025-03-19T08:53:17.160+0000][60.635s][info ][gc,cpu      ] GC(67) User=0.07s Sys=0.01s Real=0.02s
[2025-03-19T08:53:17.160+0000][60.635s][info ][gc          ] GC(68) Concurrent Undo Cycle
[2025-03-19T08:53:17.160+0000][60.635s][info ][gc,marking  ] GC(68) Concurrent Cleanup for Next Mark
[2025-03-19T08:53:17.161+0000][60.635s][info ][safepoint   ] Safepoint "G1TryInitiateConcMark", Time since last: 1310993649 ns, Reaching safepoint: 82265 ns, Cleanup: 62725 ns, At safepoint: 25544636 ns, Total: 25689626 ns
[2025-03-19T08:53:17.165+0000][60.639s][info ][gc,marking  ] GC(68) Concurrent Cleanup for Next Mark 4.028ms
[2025-03-19T08:53:17.165+0000][60.639s][info ][gc          ] GC(68) Concurrent Undo Cycle 4.117ms
[2025-03-19T08:53:17.370+0000][60.844s][debug][safepoint   ] Safepoint synchronization initiated using futex wait barrier. (212 threads)
[2025-03-19T08:53:17.370+0000][60.844s][info ][safepoint   ] Safepoint "ICBufferFull", Time since last: 208965257 ns, Reaching safepoint: 54426 ns, Cleanup: 105436 ns, At safepoint: 2868 ns, Total: 162730 ns
[2025-03-19T08:53:17.675+0000][61.150s][debug][safepoint   ] Safepoint synchronization initiated using futex wait barrier. (212 threads)
[2025-03-19T08:53:17.676+0000][61.150s][info ][safepoint   ] Safepoint "ICBufferFull", Time since last: 305563030 ns, Reaching safepoint: 71223 ns, Cleanup: 130553 ns, At safepoint: 5667 ns, Total: 207443 ns
[2025-03-19T08:53:18.087+0000][61.562s][debug][safepoint   ] Safepoint synchronization initiated using futex wait barrier. (214 threads)
[2025-03-19T08:53:18.087+0000][61.562s][info ][safepoint   ] Safepoint "ICBufferFull", Time since last: 411739800 ns, Reaching safepoint: 49848 ns, Cleanup: 102596 ns, At safepoint: 2862 ns, Total: 155306 ns
[2025-03-19T08:53:18.422+0000][61.897s][debug][safepoint   ] Safepoint synchronization initiated using futex wait barrier. (214 threads)
[2025-03-19T08:53:18.423+0000][61.897s][info ][safepoint   ] Safepoint "ICBufferFull", Time since last: 334834551 ns, Reaching safepoint: 175873 ns, Cleanup: 102943 ns, At safepoint: 13716 ns, Total: 292532 ns
[2025-03-19T08:53:19.423+0000][62.897s][debug][safepoint   ] Safepoint synchronization initiated using futex wait barrier. (214 threads)
[2025-03-19T08:53:19.423+0000][62.897s][info ][safepoint   ] Safepoint "Cleanup", Time since last: 1000128051 ns, Reaching safepoint: 73218 ns, Cleanup: 142368 ns, At safepoint: 7446 ns, Total: 223032 ns
[2025-03-19T08:53:21.423+0000][64.898s][debug][safepoint   ] Safepoint synchronization initiated using futex wait barrier. (214 threads)
[2025-03-19T08:53:21.423+0000][64.898s][info ][safepoint   ] Safepoint "Cleanup", Time since last: 2000246216 ns, Reaching safepoint: 65096 ns, Cleanup: 39503 ns, At safepoint: 5948 ns, Total: 110547 ns
[2025-03-19T08:53:22.423+0000][65.898s][debug][safepoint   ] Safepoint synchronization initiated using futex wait barrier. (214 threads)
[2025-03-19T08:53:22.423+0000][65.898s][info ][safepoint   ] Safepoint "Cleanup", Time since last: 1000088221 ns, Reaching safepoint: 88099 ns, Cleanup: 15863 ns, At safepoint: 5474 ns, Total: 109436 ns
[2025-03-19T08:53:25.424+0000][68.898s][debug][safepoint   ] Safepoint synchronization initiated using futex wait barrier. (213 threads)
[2025-03-19T08:53:25.424+0000][68.898s][info ][safepoint   ] Safepoint "Cleanup", Time since last: 3000265619 ns, Reaching safepoint: 79698 ns, Cleanup: 16925 ns, At safepoint: 6843 ns, Total: 103466 ns
[2025-03-19T08:53:30.294+0000][73.769s][debug][safepoint   ] Safepoint synchronization initiated using futex wait barrier. (214 threads)
[2025-03-19T08:53:30.294+0000][73.769s][info ][gc,start    ] GC(69) Pause Young (Normal) (G1 Evacuation Pause)
[2025-03-19T08:53:30.294+0000][73.769s][info ][gc,task     ] GC(69) Using 4 workers of 4 for evacuation
[2025-03-19T08:53:30.334+0000][73.809s][info ][gc,phases   ] GC(69)   Pre Evacuate Collection Set: 0.2ms
[2025-03-19T08:53:30.334+0000][73.809s][info ][gc,phases   ] GC(69)   Merge Heap Roots: 0.2ms
[2025-03-19T08:53:30.334+0000][73.809s][info ][gc,phases   ] GC(69)   Evacuate Collection Set: 37.2ms
[2025-03-19T08:53:30.334+0000][73.809s][info ][gc,phases   ] GC(69)   Post Evacuate Collection Set: 2.1ms
[2025-03-19T08:53:30.334+0000][73.809s][info ][gc,phases   ] GC(69)   Other: 0.2ms
[2025-03-19T08:53:30.334+0000][73.809s][info ][gc,heap     ] GC(69) Eden regions: 250->0(237)
[2025-03-19T08:53:30.334+0000][73.809s][info ][gc,heap     ] GC(69) Survivor regions: 17->25(34)
[2025-03-19T08:53:30.334+0000][73.809s][info ][gc,heap     ] GC(69) Old regions: 150->150
[2025-03-19T08:53:30.334+0000][73.809s][info ][gc,heap     ] GC(69) Archive regions: 2->2
[2025-03-19T08:53:30.334+0000][73.809s][info ][gc,heap     ] GC(69) Humongous regions: 24->2
[2025-03-19T08:53:30.334+0000][73.809s][info ][gc,metaspace] GC(69) Metaspace: 181575K(182912K)->181575K(182912K) NonClass: 159124K(159808K)->159124K(159808K) Class: 22451K(23104K)->22451K(23104K)
[2025-03-19T08:53:30.334+0000][73.809s][info ][gc          ] GC(69) Pause Young (Normal) (G1 Evacuation Pause) 441M->176M(490M) 40.132ms
[2025-03-19T08:53:30.334+0000][73.809s][info ][gc,cpu      ] GC(69) User=0.14s Sys=0.01s Real=0.04s
[2025-03-19T08:53:30.335+0000][73.809s][info ][safepoint   ] Safepoint "G1CollectForAllocation", Time since last: 4870314456 ns, Reaching safepoint: 76818 ns, Cleanup: 5329 ns, At safepoint: 40553949 ns, Total: 40636096 ns
[2025-03-19T08:53:31.335+0000][74.809s][debug][safepoint   ] Safepoint synchronization initiated using futex wait barrier. (219 threads)
[2025-03-19T08:53:31.335+0000][74.810s][info ][safepoint   ] Safepoint "Cleanup", Time since last: 1000130894 ns, Reaching safepoint: 72982 ns, Cleanup: 144262 ns, At safepoint: 9355 ns, Total: 226599 ns
[2025-03-19T08:53:32.335+0000][75.810s][debug][safepoint   ] Safepoint synchronization initiated using futex wait barrier. (219 threads)
[2025-03-19T08:53:32.335+0000][75.810s][info ][safepoint   ] Safepoint "Cleanup", Time since last: 1000122888 ns, Reaching safepoint: 82077 ns, Cleanup: 24346 ns, At safepoint: 6474 ns, Total: 112897 ns
[2025-03-19T08:53:34.336+0000][77.810s][debug][safepoint   ] Safepoint synchronization initiated using futex wait barrier. (219 threads)
[2025-03-19T08:53:34.336+0000][77.810s][info ][safepoint   ] Safepoint "Cleanup", Time since last: 2000170907 ns, Reaching safepoint: 71297 ns, Cleanup: 58916 ns, At safepoint: 3966 ns, Total: 134179 ns
[2025-03-19T08:53:35.336+0000][78.810s][debug][safepoint   ] Safepoint synchronization initiated using futex wait barrier. (219 threads)
[2025-03-19T08:53:35.336+0000][78.810s][info ][safepoint   ] Safepoint "Cleanup", Time since last: 1000113446 ns, Reaching safepoint: 67421 ns, Cleanup: 21540 ns, At safepoint: 4537 ns, Total: 93498 ns
[2025-03-19T08:53:40.538+0000][84.012s][debug][safepoint   ] Safepoint synchronization initiated using futex wait barrier. (219 threads)
[2025-03-19T08:53:40.538+0000][84.012s][info ][safepoint   ] Safepoint "Cleanup", Time since last: 5201835447 ns, Reaching safepoint: 78877 ns, Cleanup: 41610 ns, At safepoint: 4640 ns, Total: 125127 ns
[2025-03-19T08:53:41.693+0000][85.168s][debug][safepoint   ] Safepoint synchronization initiated using futex wait barrier. (219 threads)
[2025-03-19T08:53:41.693+0000][85.168s][info ][safepoint   ] Safepoint "Cleanup", Time since last: 1155352521 ns, Reaching safepoint: 70418 ns, Cleanup: 130792 ns, At safepoint: 4002 ns, Total: 205212 ns
[2025-03-19T08:53:42.694+0000][86.168s][debug][safepoint   ] Safepoint synchronization initiated using futex wait barrier. (219 threads)
[2025-03-19T08:53:42.694+0000][86.168s][info ][safepoint   ] Safepoint "Cleanup", Time since last: 1000177331 ns, Reaching safepoint: 76144 ns, Cleanup: 101833 ns, At safepoint: 7228 ns, Total: 185205 ns
[2025-03-19T08:53:44.219+0000][87.693s][debug][safepoint   ] Safepoint synchronization initiated using futex wait barrier. (219 threads)
[2025-03-19T08:53:44.219+0000][87.693s][info ][safepoint   ] Safepoint "Cleanup", Time since last: 1524886452 ns, Reaching safepoint: 79204 ns, Cleanup: 101082 ns, At safepoint: 4782 ns, Total: 185068 ns
[2025-03-19T08:53:45.220+0000][88.694s][debug][safepoint   ] Safepoint synchronization initiated using futex wait barrier. (219 threads)
[2025-03-19T08:53:45.220+0000][88.694s][info ][safepoint   ] Safepoint "Cleanup", Time since last: 1000858122 ns, Reaching safepoint: 69713 ns, Cleanup: 32728 ns, At safepoint: 4028 ns, Total: 106469 ns
[2025-03-19T08:53:47.085+0000][90.559s][debug][safepoint   ] Safepoint synchronization initiated using futex wait barrier. (219 threads)
[2025-03-19T08:53:47.085+0000][90.559s][info ][safepoint   ] Safepoint "Cleanup", Time since last: 1864780911 ns, Reaching safepoint: 65060 ns, Cleanup: 58845 ns, At safepoint: 4970 ns, Total: 128875 ns
[2025-03-19T08:53:49.085+0000][92.559s][debug][safepoint   ] Safepoint synchronization initiated using futex wait barrier. (219 threads)
[2025-03-19T08:53:49.085+0000][92.560s][info ][safepoint   ] Safepoint "Cleanup", Time since last: 2000145254 ns, Reaching safepoint: 72128 ns, Cleanup: 84310 ns, At safepoint: 5126 ns, Total: 161564 ns
[2025-03-19T08:53:50.085+0000][93.560s][debug][safepoint   ] Safepoint synchronization initiated using futex wait barrier. (219 threads)
[2025-03-19T08:53:50.085+0000][93.560s][info ][safepoint   ] Safepoint "Cleanup", Time since last: 1000092844 ns, Reaching safepoint: 76244 ns, Cleanup: 15073 ns, At safepoint: 6192 ns, Total: 97509 ns
[2025-03-19T08:53:58.086+0000][101.560s][debug][safepoint   ] Safepoint synchronization initiated using futex wait barrier. (219 threads)
[2025-03-19T08:53:58.086+0000][101.561s][info ][safepoint   ] Safepoint "Cleanup", Time since last: 8000730741 ns, Reaching safepoint: 190250 ns, Cleanup: 55817 ns, At safepoint: 10525 ns, Total: 256592 ns
[2025-03-19T08:53:59.104+0000][102.579s][debug][safepoint   ] Safepoint synchronization initiated using futex wait barrier. (219 threads)
[2025-03-19T08:53:59.104+0000][102.579s][info ][safepoint   ] Safepoint "Cleanup", Time since last: 1017851498 ns, Reaching safepoint: 66338 ns, Cleanup: 26728 ns, At safepoint: 4445 ns, Total: 97511 ns
[2025-03-19T08:54:00.104+0000][103.579s][debug][safepoint   ] Safepoint synchronization initiated using futex wait barrier. (219 threads)
[2025-03-19T08:54:00.104+0000][103.579s][info ][safepoint   ] Safepoint "Cleanup", Time since last: 1000083210 ns, Reaching safepoint: 74204 ns, Cleanup: 15469 ns, At safepoint: 4867 ns, Total: 94540 ns
[2025-03-19T08:54:01.104+0000][104.579s][debug][safepoint   ] Safepoint synchronization initiated using futex wait barrier. (221 threads)
[2025-03-19T08:54:01.105+0000][104.579s][info ][safepoint   ] Safepoint "Cleanup", Time since last: 1000095555 ns, Reaching safepoint: 101801 ns, Cleanup: 40254 ns, At safepoint: 7685 ns, Total: 149740 ns
[2025-03-19T08:54:01.306+0000][104.781s][debug][safepoint   ] Safepoint synchronization initiated using futex wait barrier. (221 threads)
[2025-03-19T08:54:01.306+0000][104.781s][info ][gc,start    ] GC(70) Pause Young (Normal) (G1 Evacuation Pause)
[2025-03-19T08:54:01.306+0000][104.781s][info ][gc,task     ] GC(70) Using 4 workers of 4 for evacuation
[2025-03-19T08:54:01.385+0000][104.859s][info ][gc,phases   ] GC(70)   Pre Evacuate Collection Set: 0.2ms
[2025-03-19T08:54:01.385+0000][104.859s][info ][gc,phases   ] GC(70)   Merge Heap Roots: 0.2ms
[2025-03-19T08:54:01.385+0000][104.859s][info ][gc,phases   ] GC(70)   Evacuate Collection Set: 72.4ms
[2025-03-19T08:54:01.385+0000][104.859s][info ][gc,phases   ] GC(70)   Post Evacuate Collection Set: 5.6ms
[2025-03-19T08:54:01.385+0000][104.859s][info ][gc,phases   ] GC(70)   Other: 0.2ms
[2025-03-19T08:54:01.385+0000][104.859s][info ][gc,heap     ] GC(70) Eden regions: 237->0(230)
[2025-03-19T08:54:01.385+0000][104.859s][info ][gc,heap     ] GC(70) Survivor regions: 25->23(33)
[2025-03-19T08:54:01.385+0000][104.860s][info ][gc,heap     ] GC(70) Old regions: 150->161
[2025-03-19T08:54:01.385+0000][104.860s][info ][gc,heap     ] GC(70) Archive regions: 2->2
[2025-03-19T08:54:01.385+0000][104.860s][info ][gc,heap     ] GC(70) Humongous regions: 2->2
[2025-03-19T08:54:01.385+0000][104.860s][info ][gc,metaspace] GC(70) Metaspace: 185967K(187328K)->185967K(187328K) NonClass: 163034K(163712K)->163034K(163712K) Class: 22933K(23616K)->22933K(23616K)
[2025-03-19T08:54:01.385+0000][104.860s][info ][gc          ] GC(70) Pause Young (Normal) (G1 Evacuation Pause) 413M->186M(490M) 78.844ms
[2025-03-19T08:54:01.385+0000][104.860s][info ][gc,cpu      ] GC(70) User=0.20s Sys=0.00s Real=0.08s
[2025-03-19T08:54:01.386+0000][104.860s][info ][safepoint   ] Safepoint "G1CollectForAllocation", Time since last: 201494015 ns, Reaching safepoint: 79440 ns, Cleanup: 6553 ns, At safepoint: 79508071 ns, Total: 79594064 ns
[2025-03-19T08:54:02.386+0000][105.860s][debug][safepoint   ] Safepoint synchronization initiated using futex wait barrier. (221 threads)
[2025-03-19T08:54:02.386+0000][105.860s][info ][safepoint   ] Safepoint "Cleanup", Time since last: 1000105361 ns, Reaching safepoint: 66203 ns, Cleanup: 52440 ns, At safepoint: 7361 ns, Total: 126004 ns
[2025-03-19T08:54:03.386+0000][106.861s][debug][safepoint   ] Safepoint synchronization initiated using futex wait barrier. (221 threads)
[2025-03-19T08:54:03.386+0000][106.861s][info ][safepoint   ] Safepoint "Cleanup", Time since last: 1000100247 ns, Reaching safepoint: 91393 ns, Cleanup: 26616 ns, At safepoint: 5209 ns, Total: 123218 ns
[2025-03-19T08:54:04.963+0000][108.437s][debug][safepoint   ] Safepoint synchronization initiated using futex wait barrier. (221 threads)
[2025-03-19T08:54:04.963+0000][108.438s][info ][safepoint   ] Safepoint "Cleanup", Time since last: 1576699808 ns, Reaching safepoint: 80061 ns, Cleanup: 171923 ns, At safepoint: 4974 ns, Total: 256958 ns
[2025-03-19T08:54:05.963+0000][109.438s][debug][safepoint   ] Safepoint synchronization initiated using futex wait barrier. (221 threads)
[2025-03-19T08:54:05.963+0000][109.438s][info ][safepoint   ] Safepoint "Cleanup", Time since last: 1000087369 ns, Reaching safepoint: 79515 ns, Cleanup: 15873 ns, At safepoint: 4971 ns, Total: 100359 ns
[2025-03-19T08:54:06.963+0000][110.438s][debug][safepoint   ] Safepoint synchronization initiated using futex wait barrier. (221 threads)
[2025-03-19T08:54:06.963+0000][110.438s][info ][safepoint   ] Safepoint "Cleanup", Time since last: 1000085742 ns, Reaching safepoint: 74937 ns, Cleanup: 15197 ns, At safepoint: 4861 ns, Total: 94995 ns
[2025-03-19T08:54:07.964+0000][111.438s][debug][safepoint   ] Safepoint synchronization initiated using futex wait barrier. (221 threads)
[2025-03-19T08:54:07.964+0000][111.438s][info ][safepoint   ] Safepoint "Cleanup", Time since last: 1000113399 ns, Reaching safepoint: 54201 ns, Cleanup: 11416 ns, At safepoint: 2703 ns, Total: 68320 ns
[2025-03-19T08:54:09.964+0000][113.438s][debug][safepoint   ] Safepoint synchronization initiated using futex wait barrier. (218 threads)
[2025-03-19T08:54:09.964+0000][113.438s][info ][safepoint   ] Safepoint "Cleanup", Time since last: 2000150520 ns, Reaching safepoint: 67464 ns, Cleanup: 63685 ns, At safepoint: 6089 ns, Total: 137238 ns
[2025-03-19T08:54:11.964+0000][115.439s][debug][safepoint   ] Safepoint synchronization initiated using futex wait barrier. (217 threads)
[2025-03-19T08:54:11.964+0000][115.439s][info ][safepoint   ] Safepoint "Cleanup", Time since last: 2000171057 ns, Reaching safepoint: 102327 ns, Cleanup: 14135 ns, At safepoint: 4161 ns, Total: 120623 ns
[2025-03-19T08:54:12.964+0000][116.439s][debug][safepoint   ] Safepoint synchronization initiated using futex wait barrier. (217 threads)
[2025-03-19T08:54:12.964+0000][116.439s][info ][safepoint   ] Safepoint "Cleanup", Time since last: 1000090934 ns, Reaching safepoint: 114725 ns, Cleanup: 42606 ns, At safepoint: 7953 ns, Total: 165284 ns
[2025-03-19T08:54:13.965+0000][117.439s][debug][safepoint   ] Safepoint synchronization initiated using futex wait barrier. (216 threads)
[2025-03-19T08:54:13.965+0000][117.439s][info ][safepoint   ] Safepoint "Cleanup", Time since last: 1000096415 ns, Reaching safepoint: 88460 ns, Cleanup: 35892 ns, At safepoint: 4995 ns, Total: 129347 ns
[2025-03-19T08:54:20.792+0000][124.266s][debug][safepoint   ] Safepoint synchronization initiated using futex wait barrier. (214 threads)
[2025-03-19T08:54:20.792+0000][124.266s][info ][safepoint   ] Safepoint "Cleanup", Time since last: 6826983307 ns, Reaching safepoint: 85885 ns, Cleanup: 17195 ns, At safepoint: 7208 ns, Total: 110288 ns
[2025-03-19T08:54:21.792+0000][125.266s][debug][safepoint   ] Safepoint synchronization initiated using futex wait barrier. (214 threads)
[2025-03-19T08:54:21.792+0000][125.267s][info ][safepoint   ] Safepoint "Cleanup", Time since last: 1000122344 ns, Reaching safepoint: 77495 ns, Cleanup: 26907 ns, At safepoint: 6374 ns, Total: 110776 ns
[2025-03-19T08:54:31.793+0000][135.267s][debug][safepoint   ] Safepoint synchronization initiated using futex wait barrier. (207 threads)
[2025-03-19T08:54:31.793+0000][135.268s][info ][safepoint   ] Safepoint "Cleanup", Time since last: 10000890805 ns, Reaching safepoint: 81165 ns, Cleanup: 16754 ns, At safepoint: 5261 ns, Total: 103180 ns
[2025-03-19T08:54:40.794+0000][144.268s][debug][safepoint   ] Safepoint synchronization initiated using futex wait barrier. (207 threads)
[2025-03-19T08:54:40.794+0000][144.269s][info ][safepoint   ] Safepoint "Cleanup", Time since last: 9000891562 ns, Reaching safepoint: 74227 ns, Cleanup: 14238 ns, At safepoint: 5860 ns, Total: 94325 ns
[2025-03-19T08:54:41.794+0000][145.269s][debug][safepoint   ] Safepoint synchronization initiated using futex wait barrier. (207 threads)
[2025-03-19T08:54:41.794+0000][145.269s][info ][safepoint   ] Safepoint "Cleanup", Time since last: 1000214243 ns, Reaching safepoint: 93094 ns, Cleanup: 17720 ns, At safepoint: 6564 ns, Total: 117378 ns
[2025-03-19T08:54:48.795+0000][152.270s][debug][safepoint   ] Safepoint synchronization initiated using futex wait barrier. (207 threads)
[2025-03-19T08:54:48.795+0000][152.270s][info ][safepoint   ] Safepoint "Cleanup", Time since last: 7000758393 ns, Reaching safepoint: 101319 ns, Cleanup: 13018 ns, At safepoint: 8091 ns, Total: 122428 ns
[2025-03-19T08:54:49.795+0000][153.270s][debug][safepoint   ] Safepoint synchronization initiated using futex wait barrier. (207 threads)
[2025-03-19T08:54:49.795+0000][153.270s][info ][safepoint   ] Safepoint "Cleanup", Time since last: 1000101878 ns, Reaching safepoint: 93927 ns, Cleanup: 19143 ns, At safepoint: 8844 ns, Total: 121914 ns
[2025-03-19T08:54:52.796+0000][156.270s][debug][safepoint   ] Safepoint synchronization initiated using futex wait barrier. (207 threads)
[2025-03-19T08:54:52.796+0000][156.270s][info ][safepoint   ] Safepoint "Cleanup", Time since last: 3000266232 ns, Reaching safepoint: 77039 ns, Cleanup: 14677 ns, At safepoint: 4610 ns, Total: 96326 ns
[2025-03-19T08:54:55.796+0000][159.271s][debug][safepoint   ] Safepoint synchronization initiated using futex wait barrier. (207 threads)
[2025-03-19T08:54:55.796+0000][159.271s][info ][safepoint   ] Safepoint "Cleanup", Time since last: 3000389188 ns, Reaching safepoint: 82146 ns, Cleanup: 16544 ns, At safepoint: 6662 ns, Total: 105352 ns
[2025-03-19T08:54:58.796+0000][162.271s][debug][safepoint   ] Safepoint synchronization initiated using futex wait barrier. (207 threads)
[2025-03-19T08:54:58.797+0000][162.271s][info ][safepoint   ] Safepoint "Cleanup", Time since last: 3000245052 ns, Reaching safepoint: 73438 ns, Cleanup: 15112 ns, At safepoint: 4432 ns, Total: 92982 ns
[2025-03-19T08:54:59.885+0000][163.360s][debug][safepoint   ] Safepoint synchronization initiated using futex wait barrier. (208 threads)
[2025-03-19T08:54:59.886+0000][163.361s][debug][safepoint   ] ... found polling page loop exception at pc = 0x00007f90191c37dc, stub =0x00007f901898f400
[2025-03-19T08:54:59.886+0000][163.361s][info ][gc,start    ] GC(71) Pause Young (Normal) (G1 Evacuation Pause)
[2025-03-19T08:54:59.886+0000][163.361s][info ][gc,task     ] GC(71) Using 4 workers of 4 for evacuation
[2025-03-19T08:54:59.944+0000][163.419s][info ][gc,phases   ] GC(71)   Pre Evacuate Collection Set: 0.6ms
[2025-03-19T08:54:59.944+0000][163.419s][info ][gc,phases   ] GC(71)   Merge Heap Roots: 0.4ms
[2025-03-19T08:54:59.944+0000][163.419s][info ][gc,phases   ] GC(71)   Evacuate Collection Set: 53.4ms
[2025-03-19T08:54:59.944+0000][163.419s][info ][gc,phases   ] GC(71)   Post Evacuate Collection Set: 3.2ms
[2025-03-19T08:54:59.944+0000][163.419s][info ][gc,phases   ] GC(71)   Other: 0.2ms
[2025-03-19T08:54:59.944+0000][163.419s][info ][gc,heap     ] GC(71) Eden regions: 230->0(224)
[2025-03-19T08:54:59.944+0000][163.419s][info ][gc,heap     ] GC(71) Survivor regions: 23->15(32)
[2025-03-19T08:54:59.944+0000][163.419s][info ][gc,heap     ] GC(71) Old regions: 161->174
[2025-03-19T08:54:59.944+0000][163.419s][info ][gc,heap     ] GC(71) Archive regions: 2->2
[2025-03-19T08:54:59.944+0000][163.419s][info ][gc,heap     ] GC(71) Humongous regions: 6->6
[2025-03-19T08:54:59.944+0000][163.419s][info ][gc,metaspace] GC(71) Metaspace: 186615K(188032K)->186615K(188032K) NonClass: 163633K(164352K)->163633K(164352K) Class: 22982K(23680K)->22982K(23680K)
[2025-03-19T08:54:59.944+0000][163.419s][info ][gc          ] GC(71) Pause Young (Normal) (G1 Evacuation Pause) 420M->195M(490M) 57.954ms
[2025-03-19T08:54:59.944+0000][163.419s][info ][gc,cpu      ] GC(71) User=0.16s Sys=0.00s Real=0.06s
[2025-03-19T08:54:59.950+0000][163.424s][info ][safepoint   ] Safepoint "G1CollectForAllocation", Time since last: 1088478076 ns, Reaching safepoint: 1068408 ns, Cleanup: 97797 ns, At safepoint: 63385540 ns, Total: 64551745 ns
[2025-03-19T08:55:00.953+0000][164.428s][debug][safepoint   ] Safepoint synchronization initiated using futex wait barrier. (206 threads)
[2025-03-19T08:55:00.954+0000][164.428s][debug][safepoint   ] ... found polling page loop exception at pc = 0x00007f90191c37dc, stub =0x00007f901898f400
[2025-03-19T08:55:00.954+0000][164.428s][info ][safepoint   ] Safepoint "Cleanup", Time since last: 1003827753 ns, Reaching safepoint: 142791 ns, Cleanup: 125036 ns, At safepoint: 8590 ns, Total: 276417 ns
[2025-03-19T08:55:01.954+0000][165.428s][debug][safepoint   ] Safepoint synchronization initiated using futex wait barrier. (207 threads)
[2025-03-19T08:55:01.954+0000][165.429s][info ][safepoint   ] Safepoint "Cleanup", Time since last: 1000087794 ns, Reaching safepoint: 74833 ns, Cleanup: 103466 ns, At safepoint: 4549 ns, Total: 182848 ns
[2025-03-19T08:55:02.954+0000][166.429s][debug][safepoint   ] Safepoint synchronization initiated using futex wait barrier. (206 threads)
[2025-03-19T08:55:02.954+0000][166.429s][info ][safepoint   ] Safepoint "Cleanup", Time since last: 1000100846 ns, Reaching safepoint: 78656 ns, Cleanup: 43728 ns, At safepoint: 6064 ns, Total: 128448 ns
[2025-03-19T08:55:03.954+0000][167.429s][debug][safepoint   ] Safepoint synchronization initiated using futex wait barrier. (206 threads)
[2025-03-19T08:55:03.954+0000][167.429s][info ][safepoint   ] Safepoint "Cleanup", Time since last: 1000102866 ns, Reaching safepoint: 72736 ns, Cleanup: 17435 ns, At safepoint: 5918 ns, Total: 96089 ns
[2025-03-19T08:55:10.955+0000][174.430s][debug][safepoint   ] Safepoint synchronization initiated using futex wait barrier. (205 threads)
[2025-03-19T08:55:10.955+0000][174.430s][info ][safepoint   ] Safepoint "Cleanup", Time since last: 7000612818 ns, Reaching safepoint: 86294 ns, Cleanup: 18614 ns, At safepoint: 6265 ns, Total: 111173 ns
[2025-03-19T08:55:19.821+0000][183.296s][debug][safepoint   ] Safepoint synchronization initiated using futex wait barrier. (204 threads)
[2025-03-19T08:55:19.821+0000][183.296s][info ][safepoint   ] Safepoint "Cleanup", Time since last: 8866011768 ns, Reaching safepoint: 73579 ns, Cleanup: 19058 ns, At safepoint: 5635 ns, Total: 98272 ns
[2025-03-19T08:55:21.821+0000][185.296s][debug][safepoint   ] Safepoint synchronization initiated using futex wait barrier. (204 threads)
[2025-03-19T08:55:21.822+0000][185.296s][info ][safepoint   ] Safepoint "Cleanup", Time since last: 2000188506 ns, Reaching safepoint: 81650 ns, Cleanup: 38407 ns, At safepoint: 5140 ns, Total: 125197 ns
[2025-03-19T08:55:52.825+0000][216.300s][debug][safepoint   ] Safepoint synchronization initiated using futex wait barrier. (202 threads)
[2025-03-19T08:55:52.825+0000][216.300s][info ][safepoint   ] Safepoint "Cleanup", Time since last: 31003598552 ns, Reaching safepoint: 84281 ns, Cleanup: 16162 ns, At safepoint: 6390 ns, Total: 106833 ns
[2025-03-19T08:56:15.829+0000][239.303s][debug][safepoint   ] Safepoint synchronization initiated using futex wait barrier. (198 threads)
[2025-03-19T08:56:15.829+0000][239.304s][info ][safepoint   ] Safepoint "Cleanup", Time since last: 23003603428 ns, Reaching safepoint: 71083 ns, Cleanup: 15728 ns, At safepoint: 5859 ns, Total: 92670 ns
[2025-03-19T08:56:21.843+0000][245.318s][debug][safepoint   ] Safepoint synchronization initiated using futex wait barrier. (198 threads)
[2025-03-19T08:56:21.843+0000][245.318s][info ][safepoint   ] Safepoint "Cleanup", Time since last: 6014368530 ns, Reaching safepoint: 89416 ns, Cleanup: 16490 ns, At safepoint: 6280 ns, Total: 112186 ns
[2025-03-19T08:56:23.844+0000][247.318s][debug][safepoint   ] Safepoint synchronization initiated using futex wait barrier. (198 threads)
[2025-03-19T08:56:23.844+0000][247.318s][info ][safepoint   ] Safepoint "Cleanup", Time since last: 2000221270 ns, Reaching safepoint: 71504 ns, Cleanup: 15082 ns, At safepoint: 5725 ns, Total: 92311 ns
[2025-03-19T08:56:31.845+0000][255.319s][debug][safepoint   ] Safepoint synchronization initiated using futex wait barrier. (197 threads)
[2025-03-19T08:56:31.845+0000][255.319s][info ][safepoint   ] Safepoint "Cleanup", Time since last: 8001014372 ns, Reaching safepoint: 66525 ns, Cleanup: 16985 ns, At safepoint: 4494 ns, Total: 88004 ns
[2025-03-19T08:56:37.845+0000][261.320s][debug][safepoint   ] Safepoint synchronization initiated using futex wait barrier. (197 threads)
[2025-03-19T08:56:37.845+0000][261.320s][info ][safepoint   ] Safepoint "Cleanup", Time since last: 6000487791 ns, Reaching safepoint: 74850 ns, Cleanup: 16851 ns, At safepoint: 4566 ns, Total: 96267 ns
[2025-03-19T08:56:42.846+0000][266.321s][debug][safepoint   ] Safepoint synchronization initiated using futex wait barrier. (203 threads)
[2025-03-19T08:56:42.846+0000][266.321s][info ][safepoint   ] Safepoint "Cleanup", Time since last: 5000564440 ns, Reaching safepoint: 102437 ns, Cleanup: 52931 ns, At safepoint: 8561 ns, Total: 163929 ns
[2025-03-19T08:56:47.847+0000][271.322s][debug][safepoint   ] Safepoint synchronization initiated using futex wait barrier. (203 threads)
[2025-03-19T08:56:47.847+0000][271.322s][info ][safepoint   ] Safepoint "Cleanup", Time since last: 5001078752 ns, Reaching safepoint: 111988 ns, Cleanup: 84102 ns, At safepoint: 8579 ns, Total: 204669 ns
[2025-03-19T08:56:50.707+0000][274.182s][debug][safepoint   ] Safepoint synchronization initiated using futex wait barrier. (204 threads)
[2025-03-19T08:56:50.707+0000][274.182s][info ][gc,start    ] GC(72) Pause Young (Normal) (G1 Evacuation Pause)
[2025-03-19T08:56:50.707+0000][274.182s][info ][gc,task     ] GC(72) Using 4 workers of 4 for evacuation
[2025-03-19T08:56:50.758+0000][274.232s][info ][gc,phases   ] GC(72)   Pre Evacuate Collection Set: 0.2ms
[2025-03-19T08:56:50.758+0000][274.232s][info ][gc,phases   ] GC(72)   Merge Heap Roots: 0.3ms
[2025-03-19T08:56:50.758+0000][274.232s][info ][gc,phases   ] GC(72)   Evacuate Collection Set: 47.4ms
[2025-03-19T08:56:50.758+0000][274.232s][info ][gc,phases   ] GC(72)   Post Evacuate Collection Set: 2.2ms
[2025-03-19T08:56:50.758+0000][274.232s][info ][gc,phases   ] GC(72)   Other: 0.2ms
[2025-03-19T08:56:50.758+0000][274.232s][info ][gc,heap     ] GC(72) Eden regions: 224->0(229)
[2025-03-19T08:56:50.758+0000][274.232s][info ][gc,heap     ] GC(72) Survivor regions: 15->16(30)
[2025-03-19T08:56:50.758+0000][274.232s][info ][gc,heap     ] GC(72) Old regions: 174->174
[2025-03-19T08:56:50.758+0000][274.232s][info ][gc,heap     ] GC(72) Archive regions: 2->2
[2025-03-19T08:56:50.758+0000][274.232s][info ][gc,heap     ] GC(72) Humongous regions: 16->2
[2025-03-19T08:56:50.758+0000][274.232s][info ][gc,metaspace] GC(72) Metaspace: 187311K(188736K)->187311K(188736K) NonClass: 164299K(165056K)->164299K(165056K) Class: 23012K(23680K)->23012K(23680K)
[2025-03-19T08:56:50.758+0000][274.232s][info ][gc          ] GC(72) Pause Young (Normal) (G1 Evacuation Pause) 429M->192M(490M) 50.353ms
[2025-03-19T08:56:50.758+0000][274.232s][info ][gc,cpu      ] GC(72) User=0.08s Sys=0.00s Real=0.05s
[2025-03-19T08:56:50.759+0000][274.234s][info ][safepoint   ] Safepoint "G1CollectForAllocation", Time since last: 2859822080 ns, Reaching safepoint: 73575 ns, Cleanup: 16764 ns, At safepoint: 51855858 ns, Total: 51946197 ns
[2025-03-19T08:56:51.759+0000][275.234s][debug][safepoint   ] Safepoint synchronization initiated using futex wait barrier. (204 threads)
[2025-03-19T08:56:51.759+0000][275.234s][info ][safepoint   ] Safepoint "Cleanup", Time since last: 1000114679 ns, Reaching safepoint: 84719 ns, Cleanup: 43776 ns, At safepoint: 5380 ns, Total: 133875 ns
[2025-03-19T08:56:55.760+0000][279.234s][debug][safepoint   ] Safepoint synchronization initiated using futex wait barrier. (204 threads)
[2025-03-19T08:56:55.760+0000][279.234s][info ][safepoint   ] Safepoint "Cleanup", Time since last: 4000332510 ns, Reaching safepoint: 67840 ns, Cleanup: 14353 ns, At safepoint: 4174 ns, Total: 86367 ns
[2025-03-19T08:56:59.760+0000][283.235s][debug][safepoint   ] Safepoint synchronization initiated using futex wait barrier. (204 threads)
[2025-03-19T08:56:59.760+0000][283.235s][info ][safepoint   ] Safepoint "Cleanup", Time since last: 4000287151 ns, Reaching safepoint: 73102 ns, Cleanup: 24419 ns, At safepoint: 4752 ns, Total: 102273 ns
[2025-03-19T08:57:09.761+0000][293.236s][debug][safepoint   ] Safepoint synchronization initiated using futex wait barrier. (204 threads)
[2025-03-19T08:57:09.761+0000][293.236s][info ][safepoint   ] Safepoint "Cleanup", Time since last: 10000915708 ns, Reaching safepoint: 79416 ns, Cleanup: 30252 ns, At safepoint: 7048 ns, Total: 116716 ns
[2025-03-19T08:57:16.762+0000][300.237s][debug][safepoint   ] Safepoint synchronization initiated using futex wait barrier. (203 threads)
[2025-03-19T08:57:16.762+0000][300.237s][info ][safepoint   ] Safepoint "Cleanup", Time since last: 7000809437 ns, Reaching safepoint: 81434 ns, Cleanup: 21194 ns, At safepoint: 6489 ns, Total: 109117 ns
[2025-03-19T08:57:21.763+0000][305.237s][debug][safepoint   ] Safepoint synchronization initiated using futex wait barrier. (203 threads)
[2025-03-19T08:57:21.763+0000][305.237s][info ][safepoint   ] Safepoint "Cleanup", Time since last: 5000557266 ns, Reaching safepoint: 78769 ns, Cleanup: 24783 ns, At safepoint: 6010 ns, Total: 109562 ns
[2025-03-19T08:57:26.764+0000][310.238s][debug][safepoint   ] Safepoint synchronization initiated using futex wait barrier. (203 threads)
[2025-03-19T08:57:26.764+0000][310.238s][info ][safepoint   ] Safepoint "Cleanup", Time since last: 5000659140 ns, Reaching safepoint: 103002 ns, Cleanup: 17083 ns, At safepoint: 7029 ns, Total: 127114 ns
[2025-03-19T08:57:30.764+0000][314.239s][debug][safepoint   ] Safepoint synchronization initiated using futex wait barrier. (202 threads)
[2025-03-19T08:57:30.764+0000][314.239s][info ][safepoint   ] Safepoint "Cleanup", Time since last: 4000351500 ns, Reaching safepoint: 100894 ns, Cleanup: 18878 ns, At safepoint: 7014 ns, Total: 126786 ns
[2025-03-19T08:57:31.764+0000][315.239s][debug][safepoint   ] Safepoint synchronization initiated using futex wait barrier. (202 threads)
[2025-03-19T08:57:31.764+0000][315.239s][info ][safepoint   ] Safepoint "Cleanup", Time since last: 1000120995 ns, Reaching safepoint: 92332 ns, Cleanup: 19481 ns, At safepoint: 7808 ns, Total: 119621 ns
[2025-03-19T08:58:07.768+0000][351.243s][debug][safepoint   ] Safepoint synchronization initiated using futex wait barrier. (196 threads)
[2025-03-19T08:58:07.768+0000][351.243s][info ][safepoint   ] Safepoint "Cleanup", Time since last: 36003752507 ns, Reaching safepoint: 112895 ns, Cleanup: 21014 ns, At safepoint: 39911 ns, Total: 173820 ns
[2025-03-19T08:58:09.769+0000][353.243s][debug][safepoint   ] Safepoint synchronization initiated using futex wait barrier. (196 threads)
[2025-03-19T08:58:09.769+0000][353.243s][info ][safepoint   ] Safepoint "Cleanup", Time since last: 2000218016 ns, Reaching safepoint: 85509 ns, Cleanup: 15940 ns, At safepoint: 9712 ns, Total: 111161 ns
[2025-03-19T08:58:17.887+0000][361.361s][debug][safepoint   ] Safepoint synchronization initiated using futex wait barrier. (196 threads)
[2025-03-19T08:58:17.887+0000][361.361s][info ][safepoint   ] Safepoint "Cleanup", Time since last: 8118005263 ns, Reaching safepoint: 92894 ns, Cleanup: 19966 ns, At safepoint: 6749 ns, Total: 119609 ns
[2025-03-19T08:58:21.887+0000][365.362s][debug][safepoint   ] Safepoint synchronization initiated using futex wait barrier. (196 threads)
[2025-03-19T08:58:21.887+0000][365.362s][info ][safepoint   ] Safepoint "Cleanup", Time since last: 4000445090 ns, Reaching safepoint: 71623 ns, Cleanup: 16567 ns, At safepoint: 6273 ns, Total: 94463 ns
[2025-03-19T08:58:28.888+0000][372.363s][debug][safepoint   ] Safepoint synchronization initiated using futex wait barrier. (196 threads)
[2025-03-19T08:58:28.888+0000][372.363s][info ][safepoint   ] Safepoint "Cleanup", Time since last: 7000655176 ns, Reaching safepoint: 98346 ns, Cleanup: 20022 ns, At safepoint: 5497 ns, Total: 123865 ns
[2025-03-19T08:58:31.888+0000][375.363s][debug][safepoint   ] Safepoint synchronization initiated using futex wait barrier. (195 threads)
[2025-03-19T08:58:31.888+0000][375.363s][info ][safepoint   ] Safepoint "Cleanup", Time since last: 3000219578 ns, Reaching safepoint: 63468 ns, Cleanup: 14705 ns, At safepoint: 4770 ns, Total: 82943 ns
[2025-03-19T08:58:32.889+0000][376.363s][debug][safepoint   ] Safepoint synchronization initiated using futex wait barrier. (197 threads)
[2025-03-19T08:58:32.889+0000][376.363s][info ][safepoint   ] Safepoint "Cleanup", Time since last: 1000092654 ns, Reaching safepoint: 68591 ns, Cleanup: 45138 ns, At safepoint: 4619 ns, Total: 118348 ns
[2025-03-19T08:58:33.889+0000][377.363s][debug][safepoint   ] Safepoint synchronization initiated using futex wait barrier. (197 threads)
[2025-03-19T08:58:33.889+0000][377.363s][info ][safepoint   ] Safepoint "Cleanup", Time since last: 1000116792 ns, Reaching safepoint: 62840 ns, Cleanup: 13415 ns, At safepoint: 3987 ns, Total: 80242 ns
[2025-03-19T08:58:35.889+0000][379.364s][debug][safepoint   ] Safepoint synchronization initiated using futex wait barrier. (197 threads)
[2025-03-19T08:58:35.889+0000][379.364s][info ][safepoint   ] Safepoint "Cleanup", Time since last: 2000199209 ns, Reaching safepoint: 77894 ns, Cleanup: 18078 ns, At safepoint: 5225 ns, Total: 101197 ns
[2025-03-19T08:58:41.890+0000][385.364s][debug][safepoint   ] Safepoint synchronization initiated using futex wait barrier. (197 threads)
[2025-03-19T08:58:41.890+0000][385.364s][info ][safepoint   ] Safepoint "Cleanup", Time since last: 6000466328 ns, Reaching safepoint: 78258 ns, Cleanup: 15679 ns, At safepoint: 4920 ns, Total: 98857 ns
[2025-03-19T08:59:18.908+0000][422.383s][debug][safepoint   ] Safepoint synchronization initiated using futex wait barrier. (196 threads)
[2025-03-19T08:59:18.909+0000][422.383s][info ][safepoint   ] Safepoint "Cleanup", Time since last: 37018722719 ns, Reaching safepoint: 76188 ns, Cleanup: 21263 ns, At safepoint: 6018 ns, Total: 103469 ns
[2025-03-19T08:59:21.909+0000][425.383s][debug][safepoint   ] Safepoint synchronization initiated using futex wait barrier. (196 threads)
[2025-03-19T08:59:21.909+0000][425.383s][info ][safepoint   ] Safepoint "Cleanup", Time since last: 3000282543 ns, Reaching safepoint: 82035 ns, Cleanup: 21722 ns, At safepoint: 5109 ns, Total: 108866 ns
[2025-03-19T08:59:59.913+0000][463.387s][debug][safepoint   ] Safepoint synchronization initiated using futex wait barrier. (193 threads)
[2025-03-19T08:59:59.913+0000][463.387s][info ][safepoint   ] Safepoint "Cleanup", Time since last: 38003617241 ns, Reaching safepoint: 103919 ns, Cleanup: 26446 ns, At safepoint: 7475 ns, Total: 137840 ns
[2025-03-19T08:59:59.944+0000][463.418s][debug][safepoint   ] Safepoint synchronization initiated using futex wait barrier. (193 threads)
[2025-03-19T08:59:59.944+0000][463.418s][info ][gc,start    ] GC(73) Pause Young (Normal) (G1 Evacuation Pause)
[2025-03-19T08:59:59.944+0000][463.418s][info ][gc,task     ] GC(73) Using 4 workers of 4 for evacuation
[2025-03-19T08:59:59.975+0000][463.450s][info ][gc,phases   ] GC(73)   Pre Evacuate Collection Set: 0.2ms
[2025-03-19T08:59:59.975+0000][463.450s][info ][gc,phases   ] GC(73)   Merge Heap Roots: 0.2ms
[2025-03-19T08:59:59.975+0000][463.450s][info ][gc,phases   ] GC(73)   Evacuate Collection Set: 28.5ms
[2025-03-19T08:59:59.975+0000][463.450s][info ][gc,phases   ] GC(73)   Post Evacuate Collection Set: 2.3ms
[2025-03-19T08:59:59.975+0000][463.450s][info ][gc,phases   ] GC(73)   Other: 0.2ms
[2025-03-19T08:59:59.975+0000][463.450s][info ][gc,heap     ] GC(73) Eden regions: 229->0(231)
[2025-03-19T08:59:59.975+0000][463.450s][info ][gc,heap     ] GC(73) Survivor regions: 16->16(31)
[2025-03-19T08:59:59.975+0000][463.450s][info ][gc,heap     ] GC(73) Old regions: 174->174
[2025-03-19T08:59:59.975+0000][463.450s][info ][gc,heap     ] GC(73) Archive regions: 2->2
[2025-03-19T08:59:59.975+0000][463.450s][info ][gc,heap     ] GC(73) Humongous regions: 2->2
[2025-03-19T08:59:59.975+0000][463.450s][info ][gc,metaspace] GC(73) Metaspace: 187543K(188928K)->187543K(188928K) NonClass: 164530K(165248K)->164530K(165248K) Class: 23013K(23680K)->23013K(23680K)
[2025-03-19T08:59:59.975+0000][463.450s][info ][gc          ] GC(73) Pause Young (Normal) (G1 Evacuation Pause) 421M->192M(490M) 31.537ms
[2025-03-19T08:59:59.975+0000][463.450s][info ][gc,cpu      ] GC(73) User=0.11s Sys=0.00s Real=0.04s
[2025-03-19T08:59:59.976+0000][463.450s][info ][safepoint   ] Safepoint "G1CollectForAllocation", Time since last: 30954611 ns, Reaching safepoint: 105574 ns, Cleanup: 6245 ns, At safepoint: 31902334 ns, Total: 32014153 ns
[2025-03-19T09:00:00.976+0000][464.450s][debug][safepoint   ] Safepoint synchronization initiated using futex wait barrier. (193 threads)
[2025-03-19T09:00:00.976+0000][464.450s][info ][safepoint   ] Safepoint "Cleanup", Time since last: 1000157413 ns, Reaching safepoint: 76800 ns, Cleanup: 24924 ns, At safepoint: 6714 ns, Total: 108438 ns
[2025-03-19T09:00:01.976+0000][465.451s][debug][safepoint   ] Safepoint synchronization initiated using futex wait barrier. (193 threads)
[2025-03-19T09:00:01.976+0000][465.451s][info ][safepoint   ] Safepoint "Cleanup", Time since last: 1000131500 ns, Reaching safepoint: 83033 ns, Cleanup: 41564 ns, At safepoint: 6233 ns, Total: 130830 ns
[2025-03-19T09:00:19.978+0000][483.452s][debug][safepoint   ] Safepoint synchronization initiated using futex wait barrier. (193 threads)
[2025-03-19T09:00:19.978+0000][483.452s][info ][safepoint   ] Safepoint "Cleanup", Time since last: 18001625713 ns, Reaching safepoint: 100291 ns, Cleanup: 23504 ns, At safepoint: 6415 ns, Total: 130210 ns
[2025-03-19T09:00:21.978+0000][485.453s][debug][safepoint   ] Safepoint synchronization initiated using futex wait barrier. (193 threads)
[2025-03-19T09:00:21.978+0000][485.453s][info ][safepoint   ] Safepoint "Cleanup", Time since last: 2000195714 ns, Reaching safepoint: 80051 ns, Cleanup: 20512 ns, At safepoint: 3835 ns, Total: 104398 ns
[2025-03-19T09:00:34.979+0000][498.454s][debug][safepoint   ] Safepoint synchronization initiated using futex wait barrier. (192 threads)
[2025-03-19T09:00:34.979+0000][498.454s][info ][safepoint   ] Safepoint "Cleanup", Time since last: 13001117631 ns, Reaching safepoint: 76684 ns, Cleanup: 14947 ns, At safepoint: 4409 ns, Total: 96040 ns
[2025-03-19T09:01:20.984+0000][544.459s][debug][safepoint   ] Safepoint synchronization initiated using futex wait barrier. (192 threads)
[2025-03-19T09:01:20.984+0000][544.459s][info ][safepoint   ] Safepoint "Cleanup", Time since last: 46004919933 ns, Reaching safepoint: 76076 ns, Cleanup: 20886 ns, At safepoint: 4698 ns, Total: 101660 ns
[2025-03-19T09:01:51.987+0000][575.462s][debug][safepoint   ] Safepoint synchronization initiated using futex wait barrier. (191 threads)
[2025-03-19T09:01:51.987+0000][575.462s][info ][safepoint   ] Safepoint "Cleanup", Time since last: 31002509858 ns, Reaching safepoint: 90851 ns, Cleanup: 19078 ns, At safepoint: 5371 ns, Total: 115300 ns
[2025-03-19T09:01:52.987+0000][576.462s][debug][safepoint   ] Safepoint synchronization initiated using futex wait barrier. (191 threads)
[2025-03-19T09:01:52.987+0000][576.462s][info ][safepoint   ] Safepoint "Cleanup", Time since last: 1000094426 ns, Reaching safepoint: 67717 ns, Cleanup: 17535 ns, At safepoint: 5410 ns, Total: 90662 ns
[2025-03-19T09:02:01.988+0000][585.463s][debug][safepoint   ] Safepoint synchronization initiated using futex wait barrier. (191 threads)
[2025-03-19T09:02:01.988+0000][585.463s][info ][safepoint   ] Safepoint "Cleanup", Time since last: 9000829833 ns, Reaching safepoint: 71378 ns, Cleanup: 15885 ns, At safepoint: 4128 ns, Total: 91391 ns
[2025-03-19T09:02:21.990+0000][605.465s][debug][safepoint   ] Safepoint synchronization initiated using futex wait barrier. (191 threads)
[2025-03-19T09:02:21.990+0000][605.465s][info ][safepoint   ] Safepoint "Cleanup", Time since last: 20001846054 ns, Reaching safepoint: 62136 ns, Cleanup: 24351 ns, At safepoint: 3710 ns, Total: 90197 ns
[2025-03-19T09:03:01.993+0000][645.468s][debug][safepoint   ] Safepoint synchronization initiated using futex wait barrier. (190 threads)
[2025-03-19T09:03:01.993+0000][645.468s][info ][safepoint   ] Safepoint "Cleanup", Time since last: 40003182211 ns, Reaching safepoint: 127533 ns, Cleanup: 19334 ns, At safepoint: 7164 ns, Total: 154031 ns
[2025-03-19T09:03:13.346+0000][656.821s][debug][safepoint   ] Safepoint synchronization initiated using futex wait barrier. (190 threads)
[2025-03-19T09:03:13.346+0000][656.821s][info ][gc,start    ] GC(74) Pause Young (Normal) (G1 Evacuation Pause)
[2025-03-19T09:03:13.346+0000][656.821s][info ][gc,task     ] GC(74) Using 4 workers of 4 for evacuation
[2025-03-19T09:03:13.378+0000][656.853s][info ][gc,phases   ] GC(74)   Pre Evacuate Collection Set: 0.2ms
[2025-03-19T09:03:13.378+0000][656.853s][info ][gc,phases   ] GC(74)   Merge Heap Roots: 0.2ms
[2025-03-19T09:03:13.378+0000][656.853s][info ][gc,phases   ] GC(74)   Evacuate Collection Set: 29.5ms
[2025-03-19T09:03:13.378+0000][656.853s][info ][gc,phases   ] GC(74)   Post Evacuate Collection Set: 2.0ms
[2025-03-19T09:03:13.378+0000][656.853s][info ][gc,phases   ] GC(74)   Other: 0.2ms
[2025-03-19T09:03:13.378+0000][656.853s][info ][gc,heap     ] GC(74) Eden regions: 231->0(231)
[2025-03-19T09:03:13.378+0000][656.853s][info ][gc,heap     ] GC(74) Survivor regions: 16->16(31)
[2025-03-19T09:03:13.378+0000][656.853s][info ][gc,heap     ] GC(74) Old regions: 174->174
[2025-03-19T09:03:13.378+0000][656.853s][info ][gc,heap     ] GC(74) Archive regions: 2->2
[2025-03-19T09:03:13.378+0000][656.853s][info ][gc,heap     ] GC(74) Humongous regions: 2->2
[2025-03-19T09:03:13.378+0000][656.853s][info ][gc,metaspace] GC(74) Metaspace: 187605K(188992K)->187605K(188992K) NonClass: 164591K(165312K)->164591K(165312K) Class: 23013K(23680K)->23013K(23680K)
[2025-03-19T09:03:13.379+0000][656.853s][info ][gc          ] GC(74) Pause Young (Normal) (G1 Evacuation Pause) 423M->192M(490M) 32.186ms
[2025-03-19T09:03:13.379+0000][656.853s][info ][gc,cpu      ] GC(74) User=0.11s Sys=0.00s Real=0.03s
[2025-03-19T09:03:13.379+0000][656.853s][info ][safepoint   ] Safepoint "G1CollectForAllocation", Time since last: 11352717147 ns, Reaching safepoint: 84911 ns, Cleanup: 6799 ns, At safepoint: 32642928 ns, Total: 32734638 ns
[2025-03-19T09:03:14.379+0000][657.854s][debug][safepoint   ] Safepoint synchronization initiated using futex wait barrier. (190 threads)
[2025-03-19T09:03:14.379+0000][657.854s][info ][safepoint   ] Safepoint "Cleanup", Time since last: 1000195503 ns, Reaching safepoint: 75804 ns, Cleanup: 22315 ns, At safepoint: 6958 ns, Total: 105077 ns
[2025-03-19T09:03:20.380+0000][663.854s][debug][safepoint   ] Safepoint synchronization initiated using futex wait barrier. (190 threads)
[2025-03-19T09:03:20.380+0000][663.854s][info ][safepoint   ] Safepoint "Cleanup", Time since last: 6000542277 ns, Reaching safepoint: 81777 ns, Cleanup: 19612 ns, At safepoint: 5028 ns, Total: 106417 ns
[2025-03-19T09:03:30.381+0000][673.856s][debug][safepoint   ] Safepoint synchronization initiated using futex wait barrier. (190 threads)
[2025-03-19T09:03:30.381+0000][673.856s][info ][safepoint   ] Safepoint "Cleanup", Time since last: 10001248757 ns, Reaching safepoint: 80081 ns, Cleanup: 17967 ns, At safepoint: 6823 ns, Total: 104871 ns
[2025-03-19T09:03:46.383+0000][689.857s][debug][safepoint   ] Safepoint synchronization initiated using futex wait barrier. (189 threads)
[2025-03-19T09:03:46.383+0000][689.857s][info ][safepoint   ] Safepoint "Cleanup", Time since last: 16001468444 ns, Reaching safepoint: 73586 ns, Cleanup: 16357 ns, At safepoint: 4937 ns, Total: 94880 ns
[2025-03-19T09:04:18.385+0000][721.860s][debug][safepoint   ] Safepoint synchronization initiated using futex wait barrier. (190 threads)
[2025-03-19T09:04:18.386+0000][721.860s][info ][safepoint   ] Safepoint "Cleanup", Time since last: 32002649541 ns, Reaching safepoint: 76344 ns, Cleanup: 20145 ns, At safepoint: 8258 ns, Total: 104747 ns
[2025-03-19T09:04:23.386+0000][726.861s][debug][safepoint   ] Safepoint synchronization initiated using futex wait barrier. (190 threads)
[2025-03-19T09:04:23.386+0000][726.861s][info ][safepoint   ] Safepoint "Cleanup", Time since last: 5000450910 ns, Reaching safepoint: 80564 ns, Cleanup: 16756 ns, At safepoint: 5273 ns, Total: 102593 ns
[2025-03-19T09:04:32.387+0000][735.861s][debug][safepoint   ] Safepoint synchronization initiated using futex wait barrier. (190 threads)
[2025-03-19T09:04:32.387+0000][735.862s][info ][safepoint   ] Safepoint "Cleanup", Time since last: 9000755342 ns, Reaching safepoint: 78375 ns, Cleanup: 34559 ns, At safepoint: 6926 ns, Total: 119860 ns
[2025-03-19T09:04:45.388+0000][748.863s][debug][safepoint   ] Safepoint synchronization initiated using futex wait barrier. (190 threads)
[2025-03-19T09:04:45.388+0000][748.863s][info ][safepoint   ] Safepoint "Cleanup", Time since last: 13001190493 ns, Reaching safepoint: 78802 ns, Cleanup: 43524 ns, At safepoint: 28034 ns, Total: 150360 ns
[2025-03-19T09:04:46.388+0000][749.863s][debug][safepoint   ] Safepoint synchronization initiated using futex wait barrier. (190 threads)
[2025-03-19T09:04:46.389+0000][749.863s][info ][safepoint   ] Safepoint "Cleanup", Time since last: 1000109605 ns, Reaching safepoint: 61361 ns, Cleanup: 35003 ns, At safepoint: 4644 ns, Total: 101008 ns
[2025-03-19T09:05:01.390+0000][764.864s][debug][safepoint   ] Safepoint synchronization initiated using futex wait barrier. (191 threads)
[2025-03-19T09:05:01.390+0000][764.864s][info ][safepoint   ] Safepoint "Cleanup", Time since last: 15001259746 ns, Reaching safepoint: 78760 ns, Cleanup: 25348 ns, At safepoint: 4574 ns, Total: 108682 ns
[2025-03-19T09:05:02.390+0000][765.865s][debug][safepoint   ] Safepoint synchronization initiated using futex wait barrier. (190 threads)
[2025-03-19T09:05:02.390+0000][765.865s][info ][safepoint   ] Safepoint "Cleanup", Time since last: 1000108674 ns, Reaching safepoint: 106825 ns, Cleanup: 37461 ns, At safepoint: 6711 ns, Total: 150997 ns
[2025-03-19T09:05:03.390+0000][766.865s][debug][safepoint   ] Safepoint synchronization initiated using futex wait barrier. (190 threads)
[2025-03-19T09:05:03.390+0000][766.865s][info ][safepoint   ] Safepoint "Cleanup", Time since last: 1000102633 ns, Reaching safepoint: 73666 ns, Cleanup: 26043 ns, At safepoint: 4309 ns, Total: 104018 ns
[2025-03-19T09:05:04.390+0000][767.865s][debug][safepoint   ] Safepoint synchronization initiated using futex wait barrier. (190 threads)
[2025-03-19T09:05:04.391+0000][767.865s][info ][safepoint   ] Safepoint "Cleanup", Time since last: 1000084992 ns, Reaching safepoint: 65004 ns, Cleanup: 15004 ns, At safepoint: 4643 ns, Total: 84651 ns
[2025-03-19T09:05:11.391+0000][774.866s][debug][safepoint   ] Safepoint synchronization initiated using futex wait barrier. (190 threads)
[2025-03-19T09:05:11.391+0000][774.866s][info ][safepoint   ] Safepoint "Cleanup", Time since last: 7000604866 ns, Reaching safepoint: 97281 ns, Cleanup: 101090 ns, At safepoint: 7531 ns, Total: 205902 ns
[2025-03-19T09:05:15.392+0000][778.866s][debug][safepoint   ] Safepoint synchronization initiated using futex wait barrier. (190 threads)
[2025-03-19T09:05:15.392+0000][778.866s][info ][safepoint   ] Safepoint "Cleanup", Time since last: 4000362179 ns, Reaching safepoint: 55579 ns, Cleanup: 19689 ns, At safepoint: 3726 ns, Total: 78994 ns
[2025-03-19T09:05:20.040+0000][783.515s][debug][safepoint   ] Safepoint synchronization initiated using futex wait barrier. (190 threads)
[2025-03-19T09:05:20.040+0000][783.515s][info ][safepoint   ] Safepoint "Cleanup", Time since last: 4648363634 ns, Reaching safepoint: 167917 ns, Cleanup: 18718 ns, At safepoint: 10286 ns, Total: 196921 ns
[2025-03-19T09:05:22.041+0000][785.515s][debug][safepoint   ] Safepoint synchronization initiated using futex wait barrier. (190 threads)
[2025-03-19T09:05:22.041+0000][785.515s][info ][safepoint   ] Safepoint "Cleanup", Time since last: 2000280237 ns, Reaching safepoint: 107396 ns, Cleanup: 15400 ns, At safepoint: 6341 ns, Total: 129137 ns
[2025-03-19T09:05:25.041+0000][788.516s][debug][safepoint   ] Safepoint synchronization initiated using futex wait barrier. (190 threads)
[2025-03-19T09:05:25.041+0000][788.516s][info ][safepoint   ] Safepoint "Cleanup", Time since last: 3000401180 ns, Reaching safepoint: 93903 ns, Cleanup: 25196 ns, At safepoint: 8702 ns, Total: 127801 ns
[2025-03-19T09:05:38.042+0000][801.517s][debug][safepoint   ] Safepoint synchronization initiated using futex wait barrier. (190 threads)
[2025-03-19T09:05:38.043+0000][801.517s][info ][safepoint   ] Safepoint "Cleanup", Time since last: 13001189805 ns, Reaching safepoint: 107455 ns, Cleanup: 21891 ns, At safepoint: 7068 ns, Total: 136414 ns
[2025-03-19T09:05:54.044+0000][817.518s][debug][safepoint   ] Safepoint synchronization initiated using futex wait barrier. (190 threads)
[2025-03-19T09:05:54.044+0000][817.519s][info ][safepoint   ] Safepoint "Cleanup", Time since last: 16001277040 ns, Reaching safepoint: 117775 ns, Cleanup: 26956 ns, At safepoint: 40268 ns, Total: 184999 ns
[2025-03-19T09:06:01.402+0000][824.877s][debug][safepoint   ] Safepoint synchronization initiated using futex wait barrier. (190 threads)
[2025-03-19T09:06:01.403+0000][824.877s][info ][gc,start    ] GC(75) Pause Young (Normal) (G1 Evacuation Pause)
[2025-03-19T09:06:01.403+0000][824.877s][info ][gc,task     ] GC(75) Using 4 workers of 4 for evacuation
[2025-03-19T09:06:01.435+0000][824.910s][info ][gc,phases   ] GC(75)   Pre Evacuate Collection Set: 0.2ms
[2025-03-19T09:06:01.435+0000][824.910s][info ][gc,phases   ] GC(75)   Merge Heap Roots: 0.2ms
[2025-03-19T09:06:01.435+0000][824.910s][info ][gc,phases   ] GC(75)   Evacuate Collection Set: 29.5ms
[2025-03-19T09:06:01.435+0000][824.910s][info ][gc,phases   ] GC(75)   Post Evacuate Collection Set: 2.4ms
[2025-03-19T09:06:01.435+0000][824.910s][info ][gc,phases   ] GC(75)   Other: 0.2ms
[2025-03-19T09:06:01.435+0000][824.910s][info ][gc,heap     ] GC(75) Eden regions: 231->0(229)
[2025-03-19T09:06:01.435+0000][824.910s][info ][gc,heap     ] GC(75) Survivor regions: 16->17(31)
[2025-03-19T09:06:01.435+0000][824.910s][info ][gc,heap     ] GC(75) Old regions: 174->174
[2025-03-19T09:06:01.435+0000][824.910s][info ][gc,heap     ] GC(75) Archive regions: 2->2
[2025-03-19T09:06:01.435+0000][824.910s][info ][gc,heap     ] GC(75) Humongous regions: 2->2
[2025-03-19T09:06:01.435+0000][824.910s][info ][gc,metaspace] GC(75) Metaspace: 188108K(189504K)->188108K(189504K) NonClass: 165061K(165760K)->165061K(165760K) Class: 23046K(23744K)->23046K(23744K)
[2025-03-19T09:06:01.435+0000][824.910s][info ][gc          ] GC(75) Pause Young (Normal) (G1 Evacuation Pause) 423M->193M(490M) 32.778ms
[2025-03-19T09:06:01.435+0000][824.910s][info ][gc,cpu      ] GC(75) User=0.12s Sys=0.00s Real=0.04s
[2025-03-19T09:06:01.436+0000][824.910s][info ][safepoint   ] Safepoint "G1CollectForAllocation", Time since last: 7358410832 ns, Reaching safepoint: 78255 ns, Cleanup: 7585 ns, At safepoint: 33134600 ns, Total: 33220440 ns
[2025-03-19T09:06:02.436+0000][825.910s][debug][safepoint   ] Safepoint synchronization initiated using futex wait barrier. (190 threads)
[2025-03-19T09:06:02.436+0000][825.911s][info ][safepoint   ] Safepoint "Cleanup", Time since last: 1000145574 ns, Reaching safepoint: 76131 ns, Cleanup: 23866 ns, At safepoint: 8411 ns, Total: 108408 ns
[2025-03-19T09:06:10.437+0000][833.911s][debug][safepoint   ] Safepoint synchronization initiated using futex wait barrier. (190 threads)
[2025-03-19T09:06:10.437+0000][833.911s][info ][safepoint   ] Safepoint "Cleanup", Time since last: 8000828033 ns, Reaching safepoint: 83411 ns, Cleanup: 16823 ns, At safepoint: 5913 ns, Total: 106147 ns
[2025-03-19T09:06:22.438+0000][845.912s][debug][safepoint   ] Safepoint synchronization initiated using futex wait barrier. (189 threads)
[2025-03-19T09:06:22.438+0000][845.913s][info ][safepoint   ] Safepoint "Cleanup", Time since last: 12001009464 ns, Reaching safepoint: 65462 ns, Cleanup: 14329 ns, At safepoint: 3803 ns, Total: 83594 ns
[2025-03-19T09:06:24.439+0000][847.913s][debug][safepoint   ] Safepoint synchronization initiated using futex wait barrier. (189 threads)
[2025-03-19T09:06:24.439+0000][847.913s][info ][safepoint   ] Safepoint "Cleanup", Time since last: 2000675447 ns, Reaching safepoint: 80898 ns, Cleanup: 15431 ns, At safepoint: 6160 ns, Total: 102489 ns
[2025-03-19T09:06:26.348+0000][849.823s][debug][safepoint   ] Safepoint synchronization initiated using futex wait barrier. (189 threads)
[2025-03-19T09:06:26.348+0000][849.823s][info ][safepoint   ] Safepoint "Cleanup", Time since last: 1909423802 ns, Reaching safepoint: 72655 ns, Cleanup: 99839 ns, At safepoint: 7636 ns, Total: 180130 ns
[2025-03-19T09:06:35.349+0000][858.824s][debug][safepoint   ] Safepoint synchronization initiated using futex wait barrier. (189 threads)
[2025-03-19T09:06:35.349+0000][858.824s][info ][safepoint   ] Safepoint "Cleanup", Time since last: 9000816484 ns, Reaching safepoint: 76839 ns, Cleanup: 15454 ns, At safepoint: 5365 ns, Total: 97658 ns
[2025-03-19T09:07:00.352+0000][883.826s][debug][safepoint   ] Safepoint synchronization initiated using futex wait barrier. (189 threads)
[2025-03-19T09:07:00.352+0000][883.826s][info ][safepoint   ] Safepoint "Cleanup", Time since last: 25002397909 ns, Reaching safepoint: 81837 ns, Cleanup: 17091 ns, At safepoint: 6811 ns, Total: 105739 ns
[2025-03-19T09:07:10.353+0000][893.827s][debug][safepoint   ] Safepoint synchronization initiated using futex wait barrier. (189 threads)
[2025-03-19T09:07:10.353+0000][893.827s][info ][safepoint   ] Safepoint "Cleanup", Time since last: 10000925566 ns, Reaching safepoint: 76505 ns, Cleanup: 15888 ns, At safepoint: 6657 ns, Total: 99050 ns
[2025-03-19T09:07:17.354+0000][900.828s][debug][safepoint   ] Safepoint synchronization initiated using futex wait barrier. (189 threads)
[2025-03-19T09:07:17.354+0000][900.828s][info ][safepoint   ] Safepoint "Cleanup", Time since last: 7000742721 ns, Reaching safepoint: 80986 ns, Cleanup: 17210 ns, At safepoint: 6211 ns, Total: 104407 ns
[2025-03-19T09:07:23.354+0000][906.829s][debug][safepoint   ] Safepoint synchronization initiated using futex wait barrier. (191 threads)
[2025-03-19T09:07:23.354+0000][906.829s][info ][safepoint   ] Safepoint "Cleanup", Time since last: 6000525825 ns, Reaching safepoint: 77105 ns, Cleanup: 19258 ns, At safepoint: 5044 ns, Total: 101407 ns
[2025-03-19T09:07:24.354+0000][907.829s][debug][safepoint   ] Safepoint synchronization initiated using futex wait barrier. (191 threads)
[2025-03-19T09:07:24.354+0000][907.829s][info ][safepoint   ] Safepoint "Cleanup", Time since last: 1000110820 ns, Reaching safepoint: 76285 ns, Cleanup: 14516 ns, At safepoint: 5019 ns, Total: 95820 ns
[2025-03-19T09:07:26.355+0000][909.829s][debug][safepoint   ] Safepoint synchronization initiated using futex wait barrier. (191 threads)
[2025-03-19T09:07:26.355+0000][909.829s][info ][safepoint   ] Safepoint "Cleanup", Time since last: 2000170702 ns, Reaching safepoint: 96288 ns, Cleanup: 20328 ns, At safepoint: 6037 ns, Total: 122653 ns
[2025-03-19T09:07:32.355+0000][915.830s][debug][safepoint   ] Safepoint synchronization initiated using futex wait barrier. (191 threads)
[2025-03-19T09:07:32.355+0000][915.830s][info ][safepoint   ] Safepoint "Cleanup", Time since last: 6000580111 ns, Reaching safepoint: 69671 ns, Cleanup: 15363 ns, At safepoint: 6576 ns, Total: 91610 ns
[2025-03-19T09:07:40.356+0000][923.831s][debug][safepoint   ] Safepoint synchronization initiated using futex wait barrier. (191 threads)
[2025-03-19T09:07:40.356+0000][923.831s][info ][safepoint   ] Safepoint "Cleanup", Time since last: 8000680245 ns, Reaching safepoint: 82290 ns, Cleanup: 17150 ns, At safepoint: 4760 ns, Total: 104200 ns
[2025-03-19T09:08:10.359+0000][953.833s][debug][safepoint   ] Safepoint synchronization initiated using futex wait barrier. (191 threads)
[2025-03-19T09:08:10.359+0000][953.833s][info ][safepoint   ] Safepoint "Cleanup", Time since last: 30002420559 ns, Reaching safepoint: 56999 ns, Cleanup: 10507 ns, At safepoint: 2638 ns, Total: 70144 ns
[2025-03-19T09:08:11.359+0000][954.833s][debug][safepoint   ] Safepoint synchronization initiated using futex wait barrier. (191 threads)
[2025-03-19T09:08:11.359+0000][954.833s][info ][safepoint   ] Safepoint "Cleanup", Time since last: 1000089356 ns, Reaching safepoint: 71432 ns, Cleanup: 13888 ns, At safepoint: 4981 ns, Total: 90301 ns
[2025-03-19T09:08:16.359+0000][959.834s][debug][safepoint   ] Safepoint synchronization initiated using futex wait barrier. (191 threads)
[2025-03-19T09:08:16.359+0000][959.834s][info ][safepoint   ] Safepoint "Cleanup", Time since last: 5000375565 ns, Reaching safepoint: 85738 ns, Cleanup: 15997 ns, At safepoint: 6296 ns, Total: 108031 ns
[2025-03-19T09:08:22.360+0000][965.835s][debug][safepoint   ] Safepoint synchronization initiated using futex wait barrier. (191 threads)
[2025-03-19T09:08:22.360+0000][965.835s][info ][safepoint   ] Safepoint "Cleanup", Time since last: 6000572212 ns, Reaching safepoint: 102167 ns, Cleanup: 17409 ns, At safepoint: 7141 ns, Total: 126717 ns
[2025-03-19T09:08:26.361+0000][969.835s][debug][safepoint   ] Safepoint synchronization initiated using futex wait barrier. (189 threads)
[2025-03-19T09:08:26.361+0000][969.835s][info ][safepoint   ] Safepoint "Cleanup", Time since last: 4000483516 ns, Reaching safepoint: 64711 ns, Cleanup: 13321 ns, At safepoint: 2917 ns, Total: 80949 ns
[2025-03-19T09:08:27.361+0000][970.835s][debug][safepoint   ] Safepoint synchronization initiated using futex wait barrier. (189 threads)
[2025-03-19T09:08:27.361+0000][970.835s][info ][safepoint   ] Safepoint "Cleanup", Time since last: 1000116209 ns, Reaching safepoint: 117394 ns, Cleanup: 33229 ns, At safepoint: 7309 ns, Total: 157932 ns
[2025-03-19T09:08:36.362+0000][979.836s][debug][safepoint   ] Safepoint synchronization initiated using futex wait barrier. (189 threads)
[2025-03-19T09:08:36.362+0000][979.836s][info ][safepoint   ] Safepoint "Cleanup", Time since last: 9000854849 ns, Reaching safepoint: 46762 ns, Cleanup: 9644 ns, At safepoint: 2390 ns, Total: 58796 ns
[2025-03-19T09:08:37.362+0000][980.836s][debug][safepoint   ] Safepoint synchronization initiated using futex wait barrier. (189 threads)
[2025-03-19T09:08:37.362+0000][980.837s][info ][safepoint   ] Safepoint "Cleanup", Time since last: 1000088985 ns, Reaching safepoint: 78662 ns, Cleanup: 24376 ns, At safepoint: 3475 ns, Total: 106513 ns
[2025-03-19T09:09:13.823+0000][1017.298s][debug][safepoint   ] Safepoint synchronization initiated using futex wait barrier. (189 threads)
[2025-03-19T09:09:13.823+0000][1017.298s][info ][gc,start    ] GC(76) Pause Young (Normal) (G1 Evacuation Pause)
[2025-03-19T09:09:13.823+0000][1017.298s][info ][gc,task     ] GC(76) Using 4 workers of 4 for evacuation
[2025-03-19T09:09:13.846+0000][1017.320s][info ][gc,phases   ] GC(76)   Pre Evacuate Collection Set: 0.2ms
[2025-03-19T09:09:13.846+0000][1017.320s][info ][gc,phases   ] GC(76)   Merge Heap Roots: 0.2ms
[2025-03-19T09:09:13.846+0000][1017.320s][info ][gc,phases   ] GC(76)   Evacuate Collection Set: 20.8ms
[2025-03-19T09:09:13.846+0000][1017.320s][info ][gc,phases   ] GC(76)   Post Evacuate Collection Set: 1.0ms
[2025-03-19T09:09:13.846+0000][1017.320s][info ][gc,phases   ] GC(76)   Other: 0.2ms
[2025-03-19T09:09:13.846+0000][1017.320s][info ][gc,heap     ] GC(76) Eden regions: 229->0(231)
[2025-03-19T09:09:13.846+0000][1017.320s][info ][gc,heap     ] GC(76) Survivor regions: 17->16(31)
[2025-03-19T09:09:13.846+0000][1017.320s][info ][gc,heap     ] GC(76) Old regions: 174->174
[2025-03-19T09:09:13.846+0000][1017.320s][info ][gc,heap     ] GC(76) Archive regions: 2->2
[2025-03-19T09:09:13.846+0000][1017.320s][info ][gc,heap     ] GC(76) Humongous regions: 2->2
[2025-03-19T09:09:13.846+0000][1017.320s][info ][gc,metaspace] GC(76) Metaspace: 188214K(189632K)->188214K(189632K) NonClass: 165164K(165888K)->165164K(165888K) Class: 23050K(23744K)->23050K(23744K)
[2025-03-19T09:09:13.846+0000][1017.320s][info ][gc          ] GC(76) Pause Young (Normal) (G1 Evacuation Pause) 422M->192M(490M) 22.448ms
[2025-03-19T09:09:13.846+0000][1017.320s][info ][gc,cpu      ] GC(76) User=0.08s Sys=0.00s Real=0.03s
[2025-03-19T09:09:13.846+0000][1017.320s][info ][safepoint   ] Safepoint "G1CollectForAllocation", Time since last: 36461107932 ns, Reaching safepoint: 104298 ns, Cleanup: 7661 ns, At safepoint: 22580494 ns, Total: 22692453 ns
[2025-03-19T09:09:14.846+0000][1018.320s][debug][safepoint   ] Safepoint synchronization initiated using futex wait barrier. (189 threads)
[2025-03-19T09:09:14.846+0000][1018.321s][info ][safepoint   ] Safepoint "Cleanup", Time since last: 1000084910 ns, Reaching safepoint: 76893 ns, Cleanup: 13311 ns, At safepoint: 3785 ns, Total: 93989 ns
[2025-03-19T09:09:21.847+0000][1025.321s][debug][safepoint   ] Safepoint synchronization initiated using futex wait barrier. (189 threads)
[2025-03-19T09:09:21.847+0000][1025.321s][info ][safepoint   ] Safepoint "Cleanup", Time since last: 7000587366 ns, Reaching safepoint: 44618 ns, Cleanup: 12482 ns, At safepoint: 2428 ns, Total: 59528 ns
[2025-03-19T09:09:25.847+0000][1029.322s][debug][safepoint   ] Safepoint synchronization initiated using futex wait barrier. (189 threads)
[2025-03-19T09:09:25.847+0000][1029.322s][info ][safepoint   ] Safepoint "Cleanup", Time since last: 4000383344 ns, Reaching safepoint: 71872 ns, Cleanup: 15115 ns, At safepoint: 4557 ns, Total: 91544 ns
[2025-03-19T09:09:27.847+0000][1031.322s][debug][safepoint   ] Safepoint synchronization initiated using futex wait barrier. (189 threads)
[2025-03-19T09:09:27.847+0000][1031.322s][info ][safepoint   ] Safepoint "Cleanup", Time since last: 2000182192 ns, Reaching safepoint: 83737 ns, Cleanup: 16275 ns, At safepoint: 6957 ns, Total: 106969 ns
[2025-03-19T09:09:28.848+0000][1032.322s][debug][safepoint   ] Safepoint synchronization initiated using futex wait barrier. (189 threads)
[2025-03-19T09:09:28.848+0000][1032.322s][info ][safepoint   ] Safepoint "Cleanup", Time since last: 1000118344 ns, Reaching safepoint: 69894 ns, Cleanup: 15453 ns, At safepoint: 6518 ns, Total: 91865 ns
[2025-03-19T09:10:21.852+0000][1085.327s][debug][safepoint   ] Safepoint synchronization initiated using futex wait barrier. (189 threads)
[2025-03-19T09:10:21.852+0000][1085.327s][info ][safepoint   ] Safepoint "Cleanup", Time since last: 53004303464 ns, Reaching safepoint: 112619 ns, Cleanup: 22721 ns, At safepoint: 7496 ns, Total: 142836 ns
[2025-03-19T09:10:23.852+0000][1087.327s][debug][safepoint   ] Safepoint synchronization initiated using futex wait barrier. (189 threads)
[2025-03-19T09:10:23.852+0000][1087.327s][info ][safepoint   ] Safepoint "Cleanup", Time since last: 2000266832 ns, Reaching safepoint: 75817 ns, Cleanup: 15698 ns, At safepoint: 6238 ns, Total: 97753 ns
[2025-03-19T09:10:28.853+0000][1092.328s][debug][safepoint   ] Safepoint synchronization initiated using futex wait barrier. (189 threads)
[2025-03-19T09:10:28.853+0000][1092.328s][info ][safepoint   ] Safepoint "Cleanup", Time since last: 5000601912 ns, Reaching safepoint: 97970 ns, Cleanup: 16234 ns, At safepoint: 5850 ns, Total: 120054 ns
[2025-03-19T09:10:29.853+0000][1093.328s][debug][safepoint   ] Safepoint synchronization initiated using futex wait barrier. (189 threads)
[2025-03-19T09:10:29.853+0000][1093.328s][info ][safepoint   ] Safepoint "Cleanup", Time since last: 1000087338 ns, Reaching safepoint: 63549 ns, Cleanup: 22081 ns, At safepoint: 4590 ns, Total: 90220 ns
[2025-03-19T09:10:57.856+0000][1121.331s][debug][safepoint   ] Safepoint synchronization initiated using futex wait barrier. (189 threads)
[2025-03-19T09:10:57.857+0000][1121.331s][info ][safepoint   ] Safepoint "Cleanup", Time since last: 28003148182 ns, Reaching safepoint: 75667 ns, Cleanup: 15956 ns, At safepoint: 5453 ns, Total: 97076 ns
[2025-03-19T09:11:01.857+0000][1125.332s][debug][safepoint   ] Safepoint synchronization initiated using futex wait barrier. (189 threads)
[2025-03-19T09:11:01.857+0000][1125.332s][info ][safepoint   ] Safepoint "Cleanup", Time since last: 4000346442 ns, Reaching safepoint: 109112 ns, Cleanup: 49873 ns, At safepoint: 9153 ns, Total: 168138 ns
[2025-03-19T09:11:05.858+0000][1129.332s][debug][safepoint   ] Safepoint synchronization initiated using futex wait barrier. (189 threads)
[2025-03-19T09:11:05.858+0000][1129.332s][info ][safepoint   ] Safepoint "Cleanup", Time since last: 4000489310 ns, Reaching safepoint: 84052 ns, Cleanup: 18363 ns, At safepoint: 6665 ns, Total: 109080 ns
[2025-03-19T09:11:07.858+0000][1131.332s][debug][safepoint   ] Safepoint synchronization initiated using futex wait barrier. (189 threads)
[2025-03-19T09:11:07.858+0000][1131.333s][info ][safepoint   ] Safepoint "Cleanup", Time since last: 2000171114 ns, Reaching safepoint: 61046 ns, Cleanup: 14413 ns, At safepoint: 3354 ns, Total: 78813 ns
[2025-03-19T09:11:09.858+0000][1133.333s][debug][safepoint   ] Safepoint synchronization initiated using futex wait barrier. (189 threads)
[2025-03-19T09:11:09.858+0000][1133.333s][info ][safepoint   ] Safepoint "Cleanup", Time since last: 2000184404 ns, Reaching safepoint: 69686 ns, Cleanup: 13174 ns, At safepoint: 6113 ns, Total: 88973 ns
[2025-03-19T09:11:21.859+0000][1145.334s][debug][safepoint   ] Safepoint synchronization initiated using futex wait barrier. (189 threads)
[2025-03-19T09:11:21.859+0000][1145.334s][info ][safepoint   ] Safepoint "Cleanup", Time since last: 12000973046 ns, Reaching safepoint: 57424 ns, Cleanup: 17247 ns, At safepoint: 3391 ns, Total: 78062 ns
[2025-03-19T09:11:30.860+0000][1154.335s][debug][safepoint   ] Safepoint synchronization initiated using futex wait barrier. (189 threads)
[2025-03-19T09:11:30.860+0000][1154.335s][info ][safepoint   ] Safepoint "Cleanup", Time since last: 9000924380 ns, Reaching safepoint: 88326 ns, Cleanup: 20674 ns, At safepoint: 6771 ns, Total: 115771 ns
[2025-03-19T09:11:45.862+0000][1169.336s][debug][safepoint   ] Safepoint synchronization initiated using futex wait barrier. (189 threads)
[2025-03-19T09:11:45.862+0000][1169.336s][info ][safepoint   ] Safepoint "Cleanup", Time since last: 15001320810 ns, Reaching safepoint: 78569 ns, Cleanup: 18283 ns, At safepoint: 6234 ns, Total: 103086 ns
[2025-03-19T09:11:55.863+0000][1179.337s][debug][safepoint   ] Safepoint synchronization initiated using futex wait barrier. (189 threads)
[2025-03-19T09:11:55.863+0000][1179.337s][info ][safepoint   ] Safepoint "Cleanup", Time since last: 10000816950 ns, Reaching safepoint: 81372 ns, Cleanup: 16119 ns, At safepoint: 6815 ns, Total: 104306 ns
[2025-03-19T09:11:57.863+0000][1181.337s][debug][safepoint   ] Safepoint synchronization initiated using futex wait barrier. (189 threads)
[2025-03-19T09:11:57.863+0000][1181.338s][info ][safepoint   ] Safepoint "Cleanup", Time since last: 2000197772 ns, Reaching safepoint: 79410 ns, Cleanup: 16199 ns, At safepoint: 5979 ns, Total: 101588 ns
[2025-03-19T09:11:59.863+0000][1183.338s][debug][safepoint   ] Safepoint synchronization initiated using futex wait barrier. (189 threads)
[2025-03-19T09:11:59.863+0000][1183.338s][info ][safepoint   ] Safepoint "Cleanup", Time since last: 2000199409 ns, Reaching safepoint: 90966 ns, Cleanup: 16133 ns, At safepoint: 6705 ns, Total: 113804 ns
[2025-03-19T09:12:01.863+0000][1185.338s][debug][safepoint   ] Safepoint synchronization initiated using futex wait barrier. (189 threads)
[2025-03-19T09:12:01.864+0000][1185.338s][info ][safepoint   ] Safepoint "Cleanup", Time since last: 2000203802 ns, Reaching safepoint: 78863 ns, Cleanup: 16054 ns, At safepoint: 6726 ns, Total: 101643 ns
[2025-03-19T09:12:17.865+0000][1201.340s][debug][safepoint   ] Safepoint synchronization initiated using futex wait barrier. (189 threads)
[2025-03-19T09:12:17.865+0000][1201.340s][info ][safepoint   ] Safepoint "Cleanup", Time since last: 16001550492 ns, Reaching safepoint: 87028 ns, Cleanup: 16084 ns, At safepoint: 6376 ns, Total: 109488 ns
[2025-03-19T09:12:21.866+0000][1205.340s][debug][safepoint   ] Safepoint synchronization initiated using futex wait barrier. (189 threads)
[2025-03-19T09:12:21.866+0000][1205.340s][info ][safepoint   ] Safepoint "Cleanup", Time since last: 4000486603 ns, Reaching safepoint: 78836 ns, Cleanup: 15307 ns, At safepoint: 4747 ns, Total: 98890 ns
[2025-03-19T09:12:28.322+0000][1211.797s][debug][safepoint   ] Safepoint synchronization initiated using futex wait barrier. (189 threads)
[2025-03-19T09:12:28.322+0000][1211.797s][info ][gc,start    ] GC(77) Pause Young (Normal) (G1 Evacuation Pause)
[2025-03-19T09:12:28.322+0000][1211.797s][info ][gc,task     ] GC(77) Using 4 workers of 4 for evacuation
[2025-03-19T09:12:28.342+0000][1211.817s][info ][gc,phases   ] GC(77)   Pre Evacuate Collection Set: 0.2ms
[2025-03-19T09:12:28.343+0000][1211.817s][info ][gc,phases   ] GC(77)   Merge Heap Roots: 0.2ms
[2025-03-19T09:12:28.343+0000][1211.817s][info ][gc,phases   ] GC(77)   Evacuate Collection Set: 18.8ms
[2025-03-19T09:12:28.343+0000][1211.817s][info ][gc,phases   ] GC(77)   Post Evacuate Collection Set: 1.1ms
[2025-03-19T09:12:28.343+0000][1211.817s][info ][gc,phases   ] GC(77)   Other: 0.2ms
[2025-03-19T09:12:28.343+0000][1211.817s][info ][gc,heap     ] GC(77) Eden regions: 231->0(231)
[2025-03-19T09:12:28.343+0000][1211.817s][info ][gc,heap     ] GC(77) Survivor regions: 16->16(31)
[2025-03-19T09:12:28.343+0000][1211.817s][info ][gc,heap     ] GC(77) Old regions: 174->174
[2025-03-19T09:12:28.343+0000][1211.817s][info ][gc,heap     ] GC(77) Archive regions: 2->2
[2025-03-19T09:12:28.343+0000][1211.817s][info ][gc,heap     ] GC(77) Humongous regions: 2->2
[2025-03-19T09:12:28.343+0000][1211.817s][info ][gc,metaspace] GC(77) Metaspace: 188301K(189760K)->188301K(189760K) NonClass: 165250K(166016K)->165250K(166016K) Class: 23050K(23744K)->23050K(23744K)
[2025-03-19T09:12:28.343+0000][1211.817s][info ][gc          ] GC(77) Pause Young (Normal) (G1 Evacuation Pause) 423M->192M(490M) 20.474ms
[2025-03-19T09:12:28.343+0000][1211.817s][info ][gc,cpu      ] GC(77) User=0.07s Sys=0.00s Real=0.02s
[2025-03-19T09:12:28.343+0000][1211.817s][info ][safepoint   ] Safepoint "G1CollectForAllocation", Time since last: 6456124072 ns, Reaching safepoint: 92450 ns, Cleanup: 6818 ns, At safepoint: 20611385 ns, Total: 20710653 ns
[2025-03-19T09:13:33.350+0000][1276.824s][debug][safepoint   ] Safepoint synchronization initiated using futex wait barrier. (189 threads)
[2025-03-19T09:13:33.350+0000][1276.824s][info ][safepoint   ] Safepoint "Cleanup", Time since last: 65007085500 ns, Reaching safepoint: 100694 ns, Cleanup: 26277 ns, At safepoint: 7664 ns, Total: 134635 ns
[2025-03-19T09:13:37.350+0000][1280.825s][debug][safepoint   ] Safepoint synchronization initiated using futex wait barrier. (189 threads)
[2025-03-19T09:13:37.350+0000][1280.825s][info ][safepoint   ] Safepoint "Cleanup", Time since last: 4000356176 ns, Reaching safepoint: 101943 ns, Cleanup: 19837 ns, At safepoint: 8016 ns, Total: 129796 ns
[2025-03-19T09:13:46.351+0000][1289.826s][debug][safepoint   ] Safepoint synchronization initiated using futex wait barrier. (189 threads)
[2025-03-19T09:13:46.351+0000][1289.826s][info ][safepoint   ] Safepoint "Cleanup", Time since last: 9000949621 ns, Reaching safepoint: 131812 ns, Cleanup: 17758 ns, At safepoint: 7363 ns, Total: 156933 ns
[2025-03-19T09:14:00.353+0000][1303.827s][debug][safepoint   ] Safepoint synchronization initiated using futex wait barrier. (189 threads)
[2025-03-19T09:14:00.353+0000][1303.827s][info ][safepoint   ] Safepoint "Cleanup", Time since last: 14001129455 ns, Reaching safepoint: 95863 ns, Cleanup: 20311 ns, At safepoint: 6208 ns, Total: 122382 ns
[2025-03-19T09:14:30.356+0000][1333.830s][debug][safepoint   ] Safepoint synchronization initiated using futex wait barrier. (189 threads)
[2025-03-19T09:14:30.356+0000][1333.830s][info ][safepoint   ] Safepoint "Cleanup", Time since last: 30002840542 ns, Reaching safepoint: 91252 ns, Cleanup: 18304 ns, At safepoint: 7545 ns, Total: 117101 ns
[2025-03-19T09:14:34.356+0000][1337.831s][debug][safepoint   ] Safepoint synchronization initiated using futex wait barrier. (189 threads)
[2025-03-19T09:14:34.356+0000][1337.831s][info ][safepoint   ] Safepoint "Cleanup", Time since last: 4000723370 ns, Reaching safepoint: 75927 ns, Cleanup: 16068 ns, At safepoint: 5044 ns, Total: 97039 ns
[2025-03-19T09:14:35.357+0000][1338.831s][debug][safepoint   ] Safepoint synchronization initiated using futex wait barrier. (189 threads)
[2025-03-19T09:14:35.357+0000][1338.831s][info ][safepoint   ] Safepoint "Cleanup", Time since last: 1000106171 ns, Reaching safepoint: 112567 ns, Cleanup: 19388 ns, At safepoint: 7567 ns, Total: 139522 ns
[2025-03-19T09:14:49.358+0000][1352.833s][debug][safepoint   ] Safepoint synchronization initiated using futex wait barrier. (189 threads)
[2025-03-19T09:14:49.358+0000][1352.833s][info ][safepoint   ] Safepoint "Cleanup", Time since last: 14001265299 ns, Reaching safepoint: 92227 ns, Cleanup: 16656 ns, At safepoint: 6109 ns, Total: 114992 ns
[2025-03-19T09:15:02.359+0000][1365.834s][debug][safepoint   ] Safepoint synchronization initiated using futex wait barrier. (189 threads)
[2025-03-19T09:15:02.360+0000][1365.834s][info ][safepoint   ] Safepoint "Cleanup", Time since last: 13001364976 ns, Reaching safepoint: 89642 ns, Cleanup: 16272 ns, At safepoint: 7255 ns, Total: 113169 ns
[2025-03-19T09:15:12.361+0000][1375.835s][debug][safepoint   ] Safepoint synchronization initiated using futex wait barrier. (189 threads)
[2025-03-19T09:15:12.361+0000][1375.835s][info ][safepoint   ] Safepoint "Cleanup", Time since last: 10001207242 ns, Reaching safepoint: 84772 ns, Cleanup: 18974 ns, At safepoint: 7287 ns, Total: 111033 ns
[2025-03-19T09:15:22.362+0000][1385.836s][debug][safepoint   ] Safepoint synchronization initiated using futex wait barrier. (189 threads)
[2025-03-19T09:15:22.362+0000][1385.837s][info ][safepoint   ] Safepoint "Cleanup", Time since last: 10000958295 ns, Reaching safepoint: 73534 ns, Cleanup: 13545 ns, At safepoint: 4619 ns, Total: 91698 ns
[2025-03-19T09:15:31.363+0000][1394.837s][debug][safepoint   ] Safepoint synchronization initiated using futex wait barrier. (189 threads)
[2025-03-19T09:15:31.363+0000][1394.838s][info ][safepoint   ] Safepoint "Cleanup", Time since last: 9000909139 ns, Reaching safepoint: 86909 ns, Cleanup: 17028 ns, At safepoint: 6510 ns, Total: 110447 ns
[2025-03-19T09:15:34.363+0000][1397.838s][debug][safepoint   ] Safepoint synchronization initiated using futex wait barrier. (189 threads)
[2025-03-19T09:15:34.363+0000][1397.838s][info ][safepoint   ] Safepoint "Cleanup", Time since last: 3000287731 ns, Reaching safepoint: 89120 ns, Cleanup: 14007 ns, At safepoint: 6809 ns, Total: 109936 ns
[2025-03-19T09:15:42.870+0000][1406.345s][debug][safepoint   ] Safepoint synchronization initiated using futex wait barrier. (189 threads)
[2025-03-19T09:15:42.871+0000][1406.345s][info ][gc,start    ] GC(78) Pause Young (Normal) (G1 Evacuation Pause)
[2025-03-19T09:15:42.871+0000][1406.345s][info ][gc,task     ] GC(78) Using 4 workers of 4 for evacuation
[2025-03-19T09:15:42.891+0000][1406.365s][info ][gc,phases   ] GC(78)   Pre Evacuate Collection Set: 0.2ms
[2025-03-19T09:15:42.891+0000][1406.365s][info ][gc,phases   ] GC(78)   Merge Heap Roots: 0.2ms
[2025-03-19T09:15:42.891+0000][1406.365s][info ][gc,phases   ] GC(78)   Evacuate Collection Set: 18.6ms
[2025-03-19T09:15:42.891+0000][1406.365s][info ][gc,phases   ] GC(78)   Post Evacuate Collection Set: 0.9ms
[2025-03-19T09:15:42.891+0000][1406.365s][info ][gc,phases   ] GC(78)   Other: 0.2ms
[2025-03-19T09:15:42.891+0000][1406.365s][info ][gc,heap     ] GC(78) Eden regions: 231->0(231)
[2025-03-19T09:15:42.891+0000][1406.365s][info ][gc,heap     ] GC(78) Survivor regions: 16->16(31)
[2025-03-19T09:15:42.891+0000][1406.365s][info ][gc,heap     ] GC(78) Old regions: 174->174
[2025-03-19T09:15:42.891+0000][1406.365s][info ][gc,heap     ] GC(78) Archive regions: 2->2
[2025-03-19T09:15:42.891+0000][1406.365s][info ][gc,heap     ] GC(78) Humongous regions: 2->2
[2025-03-19T09:15:42.891+0000][1406.365s][info ][gc,metaspace] GC(78) Metaspace: 188324K(189760K)->188324K(189760K) NonClass: 165273K(166016K)->165273K(166016K) Class: 23051K(23744K)->23051K(23744K)
[2025-03-19T09:15:42.891+0000][1406.365s][info ][gc          ] GC(78) Pause Young (Normal) (G1 Evacuation Pause) 423M->192M(490M) 20.096ms
[2025-03-19T09:15:42.891+0000][1406.365s][info ][gc,cpu      ] GC(78) User=0.07s Sys=0.00s Real=0.02s
[2025-03-19T09:15:42.891+0000][1406.365s][info ][safepoint   ] Safepoint "G1CollectForAllocation", Time since last: 8506978928 ns, Reaching safepoint: 85109 ns, Cleanup: 7086 ns, At safepoint: 20196597 ns, Total: 20288792 ns
[2025-03-19T09:15:50.891+0000][1414.366s][debug][safepoint   ] Safepoint synchronization initiated using futex wait barrier. (189 threads)
[2025-03-19T09:15:50.891+0000][1414.366s][info ][safepoint   ] Safepoint "Cleanup", Time since last: 8000693188 ns, Reaching safepoint: 83386 ns, Cleanup: 16979 ns, At safepoint: 6694 ns, Total: 107059 ns
[2025-03-19T09:15:56.892+0000][1420.367s][debug][safepoint   ] Safepoint synchronization initiated using futex wait barrier. (189 threads)
[2025-03-19T09:15:56.892+0000][1420.367s][info ][safepoint   ] Safepoint "Cleanup", Time since last: 6000785885 ns, Reaching safepoint: 76772 ns, Cleanup: 15678 ns, At safepoint: 5546 ns, Total: 97996 ns
[2025-03-19T09:16:01.893+0000][1425.367s][debug][safepoint   ] Safepoint synchronization initiated using futex wait barrier. (189 threads)
[2025-03-19T09:16:01.893+0000][1425.368s][info ][safepoint   ] Safepoint "Cleanup", Time since last: 5000543433 ns, Reaching safepoint: 81486 ns, Cleanup: 17193 ns, At safepoint: 6466 ns, Total: 105145 ns
[2025-03-19T09:16:21.895+0000][1445.369s][debug][safepoint   ] Safepoint synchronization initiated using futex wait barrier. (189 threads)
[2025-03-19T09:16:21.895+0000][1445.369s][info ][safepoint   ] Safepoint "Cleanup", Time since last: 20001780186 ns, Reaching safepoint: 105047 ns, Cleanup: 19435 ns, At safepoint: 7913 ns, Total: 132395 ns
[2025-03-19T09:16:39.897+0000][1463.371s][debug][safepoint   ] Safepoint synchronization initiated using futex wait barrier. (189 threads)
[2025-03-19T09:16:39.897+0000][1463.371s][info ][safepoint   ] Safepoint "Cleanup", Time since last: 18001706654 ns, Reaching safepoint: 91141 ns, Cleanup: 17347 ns, At safepoint: 7470 ns, Total: 115958 ns
[2025-03-19T09:16:46.898+0000][1470.372s][debug][safepoint   ] Safepoint synchronization initiated using futex wait barrier. (189 threads)
[2025-03-19T09:16:46.898+0000][1470.372s][info ][safepoint   ] Safepoint "Cleanup", Time since last: 7000909527 ns, Reaching safepoint: 82293 ns, Cleanup: 15635 ns, At safepoint: 5423 ns, Total: 103351 ns
[2025-03-19T09:16:57.899+0000][1481.374s][debug][safepoint   ] Safepoint synchronization initiated using futex wait barrier. (189 threads)
[2025-03-19T09:16:57.899+0000][1481.374s][info ][safepoint   ] Safepoint "Cleanup", Time since last: 11001199524 ns, Reaching safepoint: 130600 ns, Cleanup: 19824 ns, At safepoint: 7789 ns, Total: 158213 ns
[2025-03-19T09:17:04.900+0000][1488.374s][debug][safepoint   ] Safepoint synchronization initiated using futex wait barrier. (189 threads)
[2025-03-19T09:17:04.900+0000][1488.374s][info ][safepoint   ] Safepoint "Cleanup", Time since last: 7000674701 ns, Reaching safepoint: 101055 ns, Cleanup: 16863 ns, At safepoint: 6728 ns, Total: 124646 ns
[2025-03-19T09:17:21.903+0000][1505.377s][debug][safepoint   ] Safepoint synchronization initiated using futex wait barrier. (189 threads)
[2025-03-19T09:17:21.903+0000][1505.377s][info ][safepoint   ] Safepoint "Cleanup", Time since last: 17002905808 ns, Reaching safepoint: 82651 ns, Cleanup: 17978 ns, At safepoint: 5136 ns, Total: 105765 ns
[2025-03-19T09:18:58.203+0000][1601.678s][debug][safepoint   ] Safepoint synchronization initiated using futex wait barrier. (189 threads)
[2025-03-19T09:18:58.203+0000][1601.678s][info ][gc,start    ] GC(79) Pause Young (Normal) (G1 Evacuation Pause)
[2025-03-19T09:18:58.203+0000][1601.678s][info ][gc,task     ] GC(79) Using 4 workers of 4 for evacuation
[2025-03-19T09:18:58.224+0000][1601.699s][info ][gc,phases   ] GC(79)   Pre Evacuate Collection Set: 0.2ms
[2025-03-19T09:18:58.224+0000][1601.699s][info ][gc,phases   ] GC(79)   Merge Heap Roots: 0.2ms
[2025-03-19T09:18:58.224+0000][1601.699s][info ][gc,phases   ] GC(79)   Evacuate Collection Set: 19.2ms
[2025-03-19T09:18:58.224+0000][1601.699s][info ][gc,phases   ] GC(79)   Post Evacuate Collection Set: 1.3ms
[2025-03-19T09:18:58.224+0000][1601.699s][info ][gc,phases   ] GC(79)   Other: 0.2ms
[2025-03-19T09:18:58.224+0000][1601.699s][info ][gc,heap     ] GC(79) Eden regions: 231->0(229)
[2025-03-19T09:18:58.224+0000][1601.699s][info ][gc,heap     ] GC(79) Survivor regions: 16->17(31)
[2025-03-19T09:18:58.224+0000][1601.699s][info ][gc,heap     ] GC(79) Old regions: 174->174
[2025-03-19T09:18:58.224+0000][1601.699s][info ][gc,heap     ] GC(79) Archive regions: 2->2
[2025-03-19T09:18:58.224+0000][1601.699s][info ][gc,heap     ] GC(79) Humongous regions: 2->2
[2025-03-19T09:18:58.224+0000][1601.699s][info ][gc,metaspace] GC(79) Metaspace: 188347K(189760K)->188347K(189760K) NonClass: 165295K(166016K)->165295K(166016K) Class: 23051K(23744K)->23051K(23744K)
[2025-03-19T09:18:58.224+0000][1601.699s][info ][gc          ] GC(79) Pause Young (Normal) (G1 Evacuation Pause) 423M->193M(490M) 21.126ms
[2025-03-19T09:18:58.224+0000][1601.699s][info ][gc,cpu      ] GC(79) User=0.08s Sys=0.00s Real=0.03s
[2025-03-19T09:18:58.224+0000][1601.699s][info ][safepoint   ] Safepoint "G1CollectForAllocation", Time since last: 96300174091 ns, Reaching safepoint: 68335 ns, Cleanup: 6235 ns, At safepoint: 21358625 ns, Total: 21433195 ns
[2025-03-19T09:19:24.227+0000][1627.702s][debug][safepoint   ] Safepoint synchronization initiated using futex wait barrier. (189 threads)
[2025-03-19T09:19:24.227+0000][1627.702s][info ][safepoint   ] Safepoint "Cleanup", Time since last: 26002871706 ns, Reaching safepoint: 88548 ns, Cleanup: 27563 ns, At safepoint: 6411 ns, Total: 122522 ns
[2025-03-19T09:19:39.229+0000][1642.704s][debug][safepoint   ] Safepoint synchronization initiated using futex wait barrier. (189 threads)
[2025-03-19T09:19:39.229+0000][1642.704s][info ][safepoint   ] Safepoint "Cleanup", Time since last: 15001552072 ns, Reaching safepoint: 105289 ns, Cleanup: 22692 ns, At safepoint: 7363 ns, Total: 135344 ns
[2025-03-19T09:20:39.236+0000][1702.711s][debug][safepoint   ] Safepoint synchronization initiated using futex wait barrier. (189 threads)
[2025-03-19T09:20:39.236+0000][1702.711s][info ][safepoint   ] Safepoint "Cleanup", Time since last: 60007040199 ns, Reaching safepoint: 84871 ns, Cleanup: 16079 ns, At safepoint: 6492 ns, Total: 107442 ns
[2025-03-19T09:20:40.237+0000][1703.711s][debug][safepoint   ] Safepoint synchronization initiated using futex wait barrier. (189 threads)
[2025-03-19T09:20:40.237+0000][1703.711s][info ][safepoint   ] Safepoint "Cleanup", Time since last: 1000199180 ns, Reaching safepoint: 68776 ns, Cleanup: 15928 ns, At safepoint: 5734 ns, Total: 90438 ns
[2025-03-19T09:21:02.239+0000][1725.714s][debug][safepoint   ] Safepoint synchronization initiated using futex wait barrier. (189 threads)
[2025-03-19T09:21:02.239+0000][1725.714s][info ][safepoint   ] Safepoint "Cleanup", Time since last: 22002438066 ns, Reaching safepoint: 136573 ns, Cleanup: 19755 ns, At safepoint: 8510 ns, Total: 164838 ns
[2025-03-19T09:21:22.242+0000][1745.716s][debug][safepoint   ] Safepoint synchronization initiated using futex wait barrier. (189 threads)
[2025-03-19T09:21:22.242+0000][1745.717s][info ][safepoint   ] Safepoint "Cleanup", Time since last: 20002683170 ns, Reaching safepoint: 91040 ns, Cleanup: 41911 ns, At safepoint: 8306 ns, Total: 141257 ns
[2025-03-19T09:21:52.246+0000][1775.721s][debug][safepoint   ] Safepoint synchronization initiated using futex wait barrier. (191 threads)
[2025-03-19T09:21:52.246+0000][1775.721s][info ][safepoint   ] Safepoint "Cleanup", Time since last: 30004163071 ns, Reaching safepoint: 84867 ns, Cleanup: 23993 ns, At safepoint: 6758 ns, Total: 115618 ns
[2025-03-19T09:22:00.247+0000][1783.722s][debug][safepoint   ] Safepoint synchronization initiated using futex wait barrier. (191 threads)
[2025-03-19T09:22:00.247+0000][1783.722s][info ][safepoint   ] Safepoint "Cleanup", Time since last: 8001025720 ns, Reaching safepoint: 80830 ns, Cleanup: 16376 ns, At safepoint: 4925 ns, Total: 102131 ns
[2025-03-19T09:22:01.248+0000][1784.722s][debug][safepoint   ] Safepoint synchronization initiated using futex wait barrier. (191 threads)
[2025-03-19T09:22:01.248+0000][1784.722s][info ][safepoint   ] Safepoint "Cleanup", Time since last: 1000090802 ns, Reaching safepoint: 79967 ns, Cleanup: 15866 ns, At safepoint: 5555 ns, Total: 101388 ns
[2025-03-19T09:22:02.248+0000][1785.722s][debug][safepoint   ] Safepoint synchronization initiated using futex wait barrier. (191 threads)
[2025-03-19T09:22:02.248+0000][1785.722s][info ][safepoint   ] Safepoint "Cleanup", Time since last: 1000117885 ns, Reaching safepoint: 79812 ns, Cleanup: 16352 ns, At safepoint: 5249 ns, Total: 101413 ns
[2025-03-19T09:22:10.911+0000][1794.385s][debug][safepoint   ] Safepoint synchronization initiated using futex wait barrier. (191 threads)
[2025-03-19T09:22:10.911+0000][1794.386s][info ][gc,start    ] GC(80) Pause Young (Normal) (G1 Evacuation Pause)
[2025-03-19T09:22:10.911+0000][1794.386s][info ][gc,task     ] GC(80) Using 4 workers of 4 for evacuation
[2025-03-19T09:22:10.932+0000][1794.407s][info ][gc,phases   ] GC(80)   Pre Evacuate Collection Set: 0.2ms
[2025-03-19T09:22:10.932+0000][1794.407s][info ][gc,phases   ] GC(80)   Merge Heap Roots: 0.2ms
[2025-03-19T09:22:10.932+0000][1794.407s][info ][gc,phases   ] GC(80)   Evacuate Collection Set: 20.0ms
[2025-03-19T09:22:10.932+0000][1794.407s][info ][gc,phases   ] GC(80)   Post Evacuate Collection Set: 1.0ms
[2025-03-19T09:22:10.932+0000][1794.407s][info ][gc,phases   ] GC(80)   Other: 0.2ms
[2025-03-19T09:22:10.932+0000][1794.407s][info ][gc,heap     ] GC(80) Eden regions: 229->0(237)
[2025-03-19T09:22:10.932+0000][1794.407s][info ][gc,heap     ] GC(80) Survivor regions: 17->8(31)
[2025-03-19T09:22:10.932+0000][1794.407s][info ][gc,heap     ] GC(80) Old regions: 174->184
[2025-03-19T09:22:10.932+0000][1794.407s][info ][gc,heap     ] GC(80) Archive regions: 2->2
[2025-03-19T09:22:10.932+0000][1794.407s][info ][gc,heap     ] GC(80) Humongous regions: 2->2
[2025-03-19T09:22:10.933+0000][1794.407s][info ][gc,metaspace] GC(80) Metaspace: 188396K(189824K)->188396K(189824K) NonClass: 165344K(166080K)->165344K(166080K) Class: 23051K(23744K)->23051K(23744K)
[2025-03-19T09:22:10.933+0000][1794.407s][info ][gc          ] GC(80) Pause Young (Normal) (G1 Evacuation Pause) 422M->193M(490M) 21.602ms
[2025-03-19T09:22:10.933+0000][1794.407s][info ][gc,cpu      ] GC(80) User=0.09s Sys=0.00s Real=0.02s
[2025-03-19T09:22:10.933+0000][1794.407s][info ][safepoint   ] Safepoint "G1CollectForAllocation", Time since last: 8662912808 ns, Reaching safepoint: 80717 ns, Cleanup: 6214 ns, At safepoint: 21730427 ns, Total: 21817358 ns
[2025-03-19T09:22:19.934+0000][1803.409s][debug][safepoint   ] Safepoint synchronization initiated using futex wait barrier. (190 threads)
[2025-03-19T09:22:19.934+0000][1803.409s][info ][safepoint   ] Safepoint "Cleanup", Time since last: 9001469809 ns, Reaching safepoint: 108381 ns, Cleanup: 16259 ns, At safepoint: 6760 ns, Total: 131400 ns
[2025-03-19T09:22:21.934+0000][1805.409s][debug][safepoint   ] Safepoint synchronization initiated using futex wait barrier. (190 threads)
[2025-03-19T09:22:21.934+0000][1805.409s][info ][safepoint   ] Safepoint "Cleanup", Time since last: 2000184814 ns, Reaching safepoint: 77604 ns, Cleanup: 20234 ns, At safepoint: 6694 ns, Total: 104532 ns
[2025-03-19T09:22:25.935+0000][1809.409s][debug][safepoint   ] Safepoint synchronization initiated using futex wait barrier. (190 threads)
[2025-03-19T09:22:25.935+0000][1809.410s][info ][safepoint   ] Safepoint "Cleanup", Time since last: 4000385363 ns, Reaching safepoint: 93000 ns, Cleanup: 17971 ns, At safepoint: 7713 ns, Total: 118684 ns
[2025-03-19T09:22:29.935+0000][1813.410s][debug][safepoint   ] Safepoint synchronization initiated using futex wait barrier. (190 threads)
[2025-03-19T09:22:29.935+0000][1813.410s][info ][safepoint   ] Safepoint "Cleanup", Time since last: 4000384693 ns, Reaching safepoint: 78233 ns, Cleanup: 17747 ns, At safepoint: 6874 ns, Total: 102854 ns
[2025-03-19T09:22:41.937+0000][1825.411s][debug][safepoint   ] Safepoint synchronization initiated using futex wait barrier. (188 threads)
[2025-03-19T09:22:41.937+0000][1825.412s][info ][safepoint   ] Safepoint "Cleanup", Time since last: 12001415949 ns, Reaching safepoint: 73573 ns, Cleanup: 28322 ns, At safepoint: 5127 ns, Total: 107022 ns
[2025-03-19T09:23:21.494+0000][1864.968s][debug][safepoint   ] Safepoint synchronization initiated using futex wait barrier. (189 threads)
[2025-03-19T09:23:21.494+0000][1864.968s][info ][safepoint   ] Safepoint "Cleanup", Time since last: 39556813963 ns, Reaching safepoint: 81737 ns, Cleanup: 16151 ns, At safepoint: 6174 ns, Total: 104062 ns
[2025-03-19T09:23:22.494+0000][1865.969s][debug][safepoint   ] Safepoint synchronization initiated using futex wait barrier. (189 threads)
[2025-03-19T09:23:22.494+0000][1865.969s][info ][safepoint   ] Safepoint "Cleanup", Time since last: 1000242680 ns, Reaching safepoint: 95079 ns, Cleanup: 29994 ns, At safepoint: 6991 ns, Total: 132064 ns
[2025-03-19T09:23:42.497+0000][1885.971s][debug][safepoint   ] Safepoint synchronization initiated using futex wait barrier. (188 threads)
[2025-03-19T09:23:42.497+0000][1885.971s][info ][safepoint   ] Safepoint "Cleanup", Time since last: 20002293904 ns, Reaching safepoint: 82929 ns, Cleanup: 19310 ns, At safepoint: 6656 ns, Total: 108895 ns
[2025-03-19T09:24:21.502+0000][1924.976s][debug][safepoint   ] Safepoint synchronization initiated using futex wait barrier. (188 threads)
[2025-03-19T09:24:21.502+0000][1924.976s][info ][safepoint   ] Safepoint "Cleanup", Time since last: 39004863888 ns, Reaching safepoint: 61457 ns, Cleanup: 14089 ns, At safepoint: 4563 ns, Total: 80109 ns
[2025-03-19T09:24:43.505+0000][1946.980s][debug][safepoint   ] Safepoint synchronization initiated using futex wait barrier. (188 threads)
[2025-03-19T09:24:43.505+0000][1946.980s][info ][safepoint   ] Safepoint "Cleanup", Time since last: 22003305822 ns, Reaching safepoint: 86996 ns, Cleanup: 16786 ns, At safepoint: 6584 ns, Total: 110366 ns
[2025-03-19T09:25:30.885+0000][1994.360s][debug][safepoint   ] Safepoint synchronization initiated using futex wait barrier. (188 threads)
[2025-03-19T09:25:30.885+0000][1994.360s][info ][gc,start    ] GC(81) Pause Young (Normal) (G1 Evacuation Pause)
[2025-03-19T09:25:30.885+0000][1994.360s][info ][gc,task     ] GC(81) Using 4 workers of 4 for evacuation
[2025-03-19T09:25:30.902+0000][1994.376s][info ][gc,phases   ] GC(81)   Pre Evacuate Collection Set: 0.2ms
[2025-03-19T09:25:30.902+0000][1994.376s][info ][gc,phases   ] GC(81)   Merge Heap Roots: 0.2ms
[2025-03-19T09:25:30.902+0000][1994.376s][info ][gc,phases   ] GC(81)   Evacuate Collection Set: 14.0ms
[2025-03-19T09:25:30.902+0000][1994.376s][info ][gc,phases   ] GC(81)   Post Evacuate Collection Set: 1.7ms
[2025-03-19T09:25:30.902+0000][1994.376s][info ][gc,phases   ] GC(81)   Other: 0.2ms
[2025-03-19T09:25:30.902+0000][1994.376s][info ][gc,heap     ] GC(81) Eden regions: 237->0(242)
[2025-03-19T09:25:30.902+0000][1994.376s][info ][gc,heap     ] GC(81) Survivor regions: 8->3(31)
[2025-03-19T09:25:30.902+0000][1994.376s][info ][gc,heap     ] GC(81) Old regions: 184->188
[2025-03-19T09:25:30.902+0000][1994.376s][info ][gc,heap     ] GC(81) Archive regions: 2->2
[2025-03-19T09:25:30.902+0000][1994.376s][info ][gc,heap     ] GC(81) Humongous regions: 2->2
[2025-03-19T09:25:30.902+0000][1994.376s][info ][gc,metaspace] GC(81) Metaspace: 188461K(189888K)->188461K(189888K) NonClass: 165409K(166144K)->165409K(166144K) Class: 23051K(23744K)->23051K(23744K)
[2025-03-19T09:25:30.902+0000][1994.376s][info ][gc          ] GC(81) Pause Young (Normal) (G1 Evacuation Pause) 430M->193M(490M) 16.306ms
[2025-03-19T09:25:30.902+0000][1994.376s][info ][gc,cpu      ] GC(81) User=0.06s Sys=0.00s Real=0.01s
[2025-03-19T09:25:30.902+0000][1994.377s][info ][safepoint   ] Safepoint "G1CollectForAllocation", Time since last: 47380187613 ns, Reaching safepoint: 84065 ns, Cleanup: 7137 ns, At safepoint: 16655654 ns, Total: 16746856 ns
[2025-03-19T09:26:21.908+0000][2045.383s][debug][safepoint   ] Safepoint synchronization initiated using futex wait barrier. (188 threads)
[2025-03-19T09:26:21.909+0000][2045.383s][info ][safepoint   ] Safepoint "Cleanup", Time since last: 51006406382 ns, Reaching safepoint: 76872 ns, Cleanup: 21715 ns, At safepoint: 7581 ns, Total: 106168 ns
[2025-03-19T09:27:01.914+0000][2085.389s][debug][safepoint   ] Safepoint synchronization initiated using futex wait barrier. (188 threads)
[2025-03-19T09:27:01.914+0000][2085.389s][info ][safepoint   ] Safepoint "Cleanup", Time since last: 40005605677 ns, Reaching safepoint: 84292 ns, Cleanup: 16574 ns, At safepoint: 6333 ns, Total: 107199 ns
[2025-03-19T09:27:41.920+0000][2125.395s][debug][safepoint   ] Safepoint synchronization initiated using futex wait barrier. (188 threads)
[2025-03-19T09:27:41.920+0000][2125.395s][info ][safepoint   ] Safepoint "Cleanup", Time since last: 40005833092 ns, Reaching safepoint: 83535 ns, Cleanup: 15939 ns, At safepoint: 6945 ns, Total: 106419 ns
[2025-03-19T09:28:21.925+0000][2165.399s][debug][safepoint   ] Safepoint synchronization initiated using futex wait barrier. (188 threads)
[2025-03-19T09:28:21.925+0000][2165.400s][info ][safepoint   ] Safepoint "Cleanup", Time since last: 40004686454 ns, Reaching safepoint: 85324 ns, Cleanup: 15778 ns, At safepoint: 6605 ns, Total: 107707 ns
[2025-03-19T09:28:47.929+0000][2191.403s][debug][safepoint   ] Safepoint synchronization initiated using futex wait barrier. (188 threads)
[2025-03-19T09:28:47.929+0000][2191.403s][info ][safepoint   ] Safepoint "Cleanup", Time since last: 26003650350 ns, Reaching safepoint: 87611 ns, Cleanup: 17040 ns, At safepoint: 7477 ns, Total: 112128 ns
[2025-03-19T09:28:55.567+0000][2199.041s][debug][safepoint   ] Safepoint synchronization initiated using futex wait barrier. (188 threads)
[2025-03-19T09:28:55.567+0000][2199.041s][info ][gc,start    ] GC(82) Pause Young (Normal) (G1 Evacuation Pause)
[2025-03-19T09:28:55.567+0000][2199.041s][info ][gc,task     ] GC(82) Using 4 workers of 4 for evacuation
[2025-03-19T09:28:55.574+0000][2199.048s][info ][gc,phases   ] GC(82)   Pre Evacuate Collection Set: 0.2ms
[2025-03-19T09:28:55.574+0000][2199.048s][info ][gc,phases   ] GC(82)   Merge Heap Roots: 0.2ms
[2025-03-19T09:28:55.574+0000][2199.048s][info ][gc,phases   ] GC(82)   Evacuate Collection Set: 5.5ms
[2025-03-19T09:28:55.574+0000][2199.048s][info ][gc,phases   ] GC(82)   Post Evacuate Collection Set: 0.9ms
[2025-03-19T09:28:55.574+0000][2199.048s][info ][gc,phases   ] GC(82)   Other: 0.2ms
[2025-03-19T09:28:55.574+0000][2199.048s][info ][gc,heap     ] GC(82) Eden regions: 242->0(242)
[2025-03-19T09:28:55.574+0000][2199.048s][info ][gc,heap     ] GC(82) Survivor regions: 3->2(31)
[2025-03-19T09:28:55.574+0000][2199.048s][info ][gc,heap     ] GC(82) Old regions: 188->190
[2025-03-19T09:28:55.574+0000][2199.048s][info ][gc,heap     ] GC(82) Archive regions: 2->2
[2025-03-19T09:28:55.574+0000][2199.048s][info ][gc,heap     ] GC(82) Humongous regions: 2->2
[2025-03-19T09:28:55.574+0000][2199.048s][info ][gc,metaspace] GC(82) Metaspace: 188469K(189888K)->188469K(189888K) NonClass: 165417K(166144K)->165417K(166144K) Class: 23051K(23744K)->23051K(23744K)
[2025-03-19T09:28:55.574+0000][2199.048s][info ][gc          ] GC(82) Pause Young (Normal) (G1 Evacuation Pause) 435M->194M(490M) 6.945ms
[2025-03-19T09:28:55.574+0000][2199.048s][info ][gc,cpu      ] GC(82) User=0.02s Sys=0.00s Real=0.00s
[2025-03-19T09:28:55.574+0000][2199.048s][info ][safepoint   ] Safepoint "G1CollectForAllocation", Time since last: 7637971531 ns, Reaching safepoint: 85495 ns, Cleanup: 6327 ns, At safepoint: 7038014 ns, Total: 7129836 ns
[2025-03-19T09:31:50.596+0000][2374.071s][debug][safepoint   ] Safepoint synchronization initiated using futex wait barrier. (188 threads)
[2025-03-19T09:31:50.596+0000][2374.071s][info ][safepoint   ] Safepoint "Cleanup", Time since last: 175022306320 ns, Reaching safepoint: 85084 ns, Cleanup: 19744 ns, At safepoint: 6683 ns, Total: 111511 ns
[2025-03-19T09:32:20.521+0000][2403.996s][debug][safepoint   ] Safepoint synchronization initiated using futex wait barrier. (188 threads)
[2025-03-19T09:32:20.521+0000][2403.996s][info ][gc,start    ] GC(83) Pause Young (Normal) (G1 Evacuation Pause)
[2025-03-19T09:32:20.521+0000][2403.996s][info ][gc,task     ] GC(83) Using 4 workers of 4 for evacuation
[2025-03-19T09:32:20.528+0000][2404.002s][info ][gc,phases   ] GC(83)   Pre Evacuate Collection Set: 0.2ms
[2025-03-19T09:32:20.528+0000][2404.002s][info ][gc,phases   ] GC(83)   Merge Heap Roots: 0.1ms
[2025-03-19T09:32:20.528+0000][2404.002s][info ][gc,phases   ] GC(83)   Evacuate Collection Set: 4.6ms
[2025-03-19T09:32:20.528+0000][2404.002s][info ][gc,phases   ] GC(83)   Post Evacuate Collection Set: 1.5ms
[2025-03-19T09:32:20.528+0000][2404.002s][info ][gc,phases   ] GC(83)   Other: 0.2ms
[2025-03-19T09:32:20.528+0000][2404.002s][info ][gc,heap     ] GC(83) Eden regions: 242->0(242)
[2025-03-19T09:32:20.528+0000][2404.002s][info ][gc,heap     ] GC(83) Survivor regions: 2->2(31)
[2025-03-19T09:32:20.528+0000][2404.002s][info ][gc,heap     ] GC(83) Old regions: 190->190
[2025-03-19T09:32:20.528+0000][2404.002s][info ][gc,heap     ] GC(83) Archive regions: 2->2
[2025-03-19T09:32:20.528+0000][2404.002s][info ][gc,heap     ] GC(83) Humongous regions: 2->2
[2025-03-19T09:32:20.528+0000][2404.002s][info ][gc,metaspace] GC(83) Metaspace: 188495K(189952K)->188495K(189952K) NonClass: 165443K(166208K)->165443K(166208K) Class: 23051K(23744K)->23051K(23744K)
[2025-03-19T09:32:20.528+0000][2404.002s][info ][gc          ] GC(83) Pause Young (Normal) (G1 Evacuation Pause) 436M->194M(490M) 6.641ms
[2025-03-19T09:32:20.528+0000][2404.002s][info ][gc,cpu      ] GC(83) User=0.03s Sys=0.00s Real=0.01s
[2025-03-19T09:32:20.528+0000][2404.002s][info ][safepoint   ] Safepoint "G1CollectForAllocation", Time since last: 29924764629 ns, Reaching safepoint: 124424 ns, Cleanup: 8021 ns, At safepoint: 6745343 ns, Total: 6877788 ns
[2025-03-19T09:32:21.528+0000][2405.003s][debug][safepoint   ] Safepoint synchronization initiated using futex wait barrier. (188 threads)
[2025-03-19T09:32:21.528+0000][2405.003s][info ][safepoint   ] Safepoint "Cleanup", Time since last: 1000237702 ns, Reaching safepoint: 80388 ns, Cleanup: 23551 ns, At safepoint: 6173 ns, Total: 110112 ns
[2025-03-19T09:32:23.528+0000][2407.003s][debug][safepoint   ] Safepoint synchronization initiated using futex wait barrier. (188 threads)
[2025-03-19T09:32:23.529+0000][2407.003s][info ][safepoint   ] Safepoint "Cleanup", Time since last: 2000211845 ns, Reaching safepoint: 75368 ns, Cleanup: 17177 ns, At safepoint: 6575 ns, Total: 99120 ns
[2025-03-19T09:34:21.542+0000][2525.017s][debug][safepoint   ] Safepoint synchronization initiated using futex wait barrier. (188 threads)
[2025-03-19T09:34:21.542+0000][2525.017s][info ][safepoint   ] Safepoint "Cleanup", Time since last: 118013605983 ns, Reaching safepoint: 72466 ns, Cleanup: 11692 ns, At safepoint: 4669 ns, Total: 88827 ns
[2025-03-19T09:34:51.546+0000][2555.020s][debug][safepoint   ] Safepoint synchronization initiated using futex wait barrier. (188 threads)
[2025-03-19T09:34:51.546+0000][2555.020s][info ][safepoint   ] Safepoint "Cleanup", Time since last: 30003590113 ns, Reaching safepoint: 80394 ns, Cleanup: 12202 ns, At safepoint: 6028 ns, Total: 98624 ns
[2025-03-19T09:34:53.546+0000][2557.021s][debug][safepoint   ] Safepoint synchronization initiated using futex wait barrier. (188 threads)
[2025-03-19T09:34:53.546+0000][2557.021s][info ][safepoint   ] Safepoint "Cleanup", Time since last: 2000203134 ns, Reaching safepoint: 81506 ns, Cleanup: 30077 ns, At safepoint: 6386 ns, Total: 117969 ns
[2025-03-19T09:35:11.548+0000][2575.023s][debug][safepoint   ] Safepoint synchronization initiated using futex wait barrier. (188 threads)
[2025-03-19T09:35:11.548+0000][2575.023s][info ][safepoint   ] Safepoint "Cleanup", Time since last: 18001797681 ns, Reaching safepoint: 88943 ns, Cleanup: 16804 ns, At safepoint: 6344 ns, Total: 112091 ns
[2025-03-19T09:35:30.552+0000][2594.027s][debug][safepoint   ] Safepoint synchronization initiated using futex wait barrier. (188 threads)
[2025-03-19T09:35:30.553+0000][2594.027s][info ][safepoint   ] Safepoint "Cleanup", Time since last: 19004265110 ns, Reaching safepoint: 87930 ns, Cleanup: 17823 ns, At safepoint: 6908 ns, Total: 112661 ns
[2025-03-19T09:35:36.554+0000][2600.028s][debug][safepoint   ] Safepoint synchronization initiated using futex wait barrier. (188 threads)
[2025-03-19T09:35:36.554+0000][2600.028s][info ][safepoint   ] Safepoint "Cleanup", Time since last: 6001150551 ns, Reaching safepoint: 90097 ns, Cleanup: 17166 ns, At safepoint: 7145 ns, Total: 114408 ns
[2025-03-19T09:35:41.554+0000][2605.029s][debug][safepoint   ] Safepoint synchronization initiated using futex wait barrier. (188 threads)
[2025-03-19T09:35:41.554+0000][2605.029s][info ][safepoint   ] Safepoint "Cleanup", Time since last: 5000448973 ns, Reaching safepoint: 79690 ns, Cleanup: 24251 ns, At safepoint: 6376 ns, Total: 110317 ns
[2025-03-19T09:35:44.788+0000][2608.262s][debug][safepoint   ] Safepoint synchronization initiated using futex wait barrier. (188 threads)
[2025-03-19T09:35:44.788+0000][2608.262s][info ][gc,start    ] GC(84) Pause Young (Normal) (G1 Evacuation Pause)
[2025-03-19T09:35:44.788+0000][2608.262s][info ][gc,task     ] GC(84) Using 4 workers of 4 for evacuation
[2025-03-19T09:35:44.795+0000][2608.270s][info ][gc,phases   ] GC(84)   Pre Evacuate Collection Set: 0.2ms
[2025-03-19T09:35:44.795+0000][2608.270s][info ][gc,phases   ] GC(84)   Merge Heap Roots: 0.1ms
[2025-03-19T09:35:44.795+0000][2608.270s][info ][gc,phases   ] GC(84)   Evacuate Collection Set: 4.4ms
[2025-03-19T09:35:44.795+0000][2608.270s][info ][gc,phases   ] GC(84)   Post Evacuate Collection Set: 2.2ms
[2025-03-19T09:35:44.795+0000][2608.270s][info ][gc,phases   ] GC(84)   Other: 0.2ms
[2025-03-19T09:35:44.795+0000][2608.270s][info ][gc,heap     ] GC(84) Eden regions: 242->0(243)
[2025-03-19T09:35:44.795+0000][2608.270s][info ][gc,heap     ] GC(84) Survivor regions: 2->2(31)
[2025-03-19T09:35:44.795+0000][2608.270s][info ][gc,heap     ] GC(84) Old regions: 190->190
[2025-03-19T09:35:44.795+0000][2608.270s][info ][gc,heap     ] GC(84) Archive regions: 2->2
[2025-03-19T09:35:44.795+0000][2608.270s][info ][gc,heap     ] GC(84) Humongous regions: 2->2
[2025-03-19T09:35:44.795+0000][2608.270s][info ][gc,metaspace] GC(84) Metaspace: 188590K(190016K)->188590K(190016K) NonClass: 165538K(166272K)->165538K(166272K) Class: 23051K(23744K)->23051K(23744K)
[2025-03-19T09:35:44.795+0000][2608.270s][info ][gc          ] GC(84) Pause Young (Normal) (G1 Evacuation Pause) 436M->194M(490M) 7.262ms
[2025-03-19T09:35:44.795+0000][2608.270s][info ][gc,cpu      ] GC(84) User=0.02s Sys=0.00s Real=0.01s
[2025-03-19T09:35:44.795+0000][2608.270s][info ][safepoint   ] Safepoint "G1CollectForAllocation", Time since last: 3233391696 ns, Reaching safepoint: 75465 ns, Cleanup: 6032 ns, At safepoint: 7624227 ns, Total: 7705724 ns
[2025-03-19T09:36:11.799+0000][2635.273s][debug][safepoint   ] Safepoint synchronization initiated using futex wait barrier. (188 threads)
[2025-03-19T09:36:11.799+0000][2635.273s][info ][safepoint   ] Safepoint "Cleanup", Time since last: 27003342967 ns, Reaching safepoint: 87191 ns, Cleanup: 19103 ns, At safepoint: 7359 ns, Total: 113653 ns
[2025-03-19T09:36:21.800+0000][2645.275s][debug][safepoint   ] Safepoint synchronization initiated using futex wait barrier. (188 threads)
[2025-03-19T09:36:21.800+0000][2645.275s][info ][safepoint   ] Safepoint "Cleanup", Time since last: 10001405462 ns, Reaching safepoint: 100401 ns, Cleanup: 21859 ns, At safepoint: 7661 ns, Total: 129921 ns
[2025-03-19T09:36:51.805+0000][2675.279s][debug][safepoint   ] Safepoint synchronization initiated using futex wait barrier. (188 threads)
[2025-03-19T09:36:51.805+0000][2675.280s][info ][safepoint   ] Safepoint "Cleanup", Time since last: 30004392885 ns, Reaching safepoint: 84317 ns, Cleanup: 17005 ns, At safepoint: 6627 ns, Total: 107949 ns
[2025-03-19T09:36:55.805+0000][2679.280s][debug][safepoint   ] Safepoint synchronization initiated using futex wait barrier. (188 threads)
[2025-03-19T09:36:55.806+0000][2679.280s][info ][safepoint   ] Safepoint "Cleanup", Time since last: 4000469555 ns, Reaching safepoint: 80692 ns, Cleanup: 16331 ns, At safepoint: 7393 ns, Total: 104416 ns
[2025-03-19T09:37:09.807+0000][2693.282s][debug][safepoint   ] Safepoint synchronization initiated using futex wait barrier. (188 threads)
[2025-03-19T09:37:09.807+0000][2693.282s][info ][safepoint   ] Safepoint "Cleanup", Time since last: 14001624383 ns, Reaching safepoint: 115691 ns, Cleanup: 21081 ns, At safepoint: 8932 ns, Total: 145704 ns
[2025-03-19T09:37:21.809+0000][2705.284s][debug][safepoint   ] Safepoint synchronization initiated using futex wait barrier. (188 threads)
[2025-03-19T09:37:21.809+0000][2705.284s][info ][safepoint   ] Safepoint "Cleanup", Time since last: 12001698665 ns, Reaching safepoint: 99659 ns, Cleanup: 18893 ns, At safepoint: 6544 ns, Total: 125096 ns
[2025-03-19T09:38:01.813+0000][2745.288s][debug][safepoint   ] Safepoint synchronization initiated using futex wait barrier. (188 threads)
[2025-03-19T09:38:01.813+0000][2745.288s][info ][safepoint   ] Safepoint "Cleanup", Time since last: 40004118792 ns, Reaching safepoint: 80726 ns, Cleanup: 19726 ns, At safepoint: 6622 ns, Total: 107074 ns
[2025-03-19T09:38:09.814+0000][2753.289s][debug][safepoint   ] Safepoint synchronization initiated using futex wait barrier. (188 threads)
[2025-03-19T09:38:09.815+0000][2753.289s][info ][safepoint   ] Safepoint "Cleanup", Time since last: 8001050579 ns, Reaching safepoint: 96214 ns, Cleanup: 16712 ns, At safepoint: 6280 ns, Total: 119206 ns
[2025-03-19T09:38:57.819+0000][2801.294s][debug][safepoint   ] Safepoint synchronization initiated using futex wait barrier. (188 threads)
[2025-03-19T09:38:57.819+0000][2801.294s][info ][safepoint   ] Safepoint "Cleanup", Time since last: 48004827791 ns, Reaching safepoint: 78387 ns, Cleanup: 18798 ns, At safepoint: 5523 ns, Total: 102708 ns
[2025-03-19T09:39:10.389+0000][2813.864s][debug][safepoint   ] Safepoint synchronization initiated using futex wait barrier. (188 threads)
[2025-03-19T09:39:10.389+0000][2813.864s][info ][gc,start    ] GC(85) Pause Young (Normal) (G1 Evacuation Pause)
[2025-03-19T09:39:10.416+0000][2813.890s][info ][gc,task     ] GC(85) Using 4 workers of 4 for evacuation
[2025-03-19T09:39:10.423+0000][2813.898s][info ][gc,phases   ] GC(85)   Pre Evacuate Collection Set: 0.2ms
[2025-03-19T09:39:10.423+0000][2813.898s][info ][gc,phases   ] GC(85)   Merge Heap Roots: 0.2ms
[2025-03-19T09:39:10.423+0000][2813.898s][info ][gc,phases   ] GC(85)   Evacuate Collection Set: 4.4ms
[2025-03-19T09:39:10.423+0000][2813.898s][info ][gc,phases   ] GC(85)   Post Evacuate Collection Set: 2.2ms
[2025-03-19T09:39:10.423+0000][2813.898s][info ][gc,phases   ] GC(85)   Other: 26.9ms
[2025-03-19T09:39:10.423+0000][2813.898s][info ][gc,heap     ] GC(85) Eden regions: 243->0(242)
[2025-03-19T09:39:10.423+0000][2813.898s][info ][gc,heap     ] GC(85) Survivor regions: 2->2(31)
[2025-03-19T09:39:10.423+0000][2813.898s][info ][gc,heap     ] GC(85) Old regions: 190->191
[2025-03-19T09:39:10.423+0000][2813.898s][info ][gc,heap     ] GC(85) Archive regions: 2->2
[2025-03-19T09:39:10.423+0000][2813.898s][info ][gc,heap     ] GC(85) Humongous regions: 2->2
[2025-03-19T09:39:10.423+0000][2813.898s][info ][gc,metaspace] GC(85) Metaspace: 188641K(190080K)->188641K(190080K) NonClass: 165589K(166336K)->165589K(166336K) Class: 23051K(23744K)->23051K(23744K)
[2025-03-19T09:39:10.423+0000][2813.898s][info ][gc          ] GC(85) Pause Young (Normal) (G1 Evacuation Pause) 437M->194M(490M) 34.019ms
[2025-03-19T09:39:10.423+0000][2813.898s][info ][gc,cpu      ] GC(85) User=0.02s Sys=0.00s Real=0.03s
[2025-03-19T09:39:10.424+0000][2813.898s][info ][safepoint   ] Safepoint "G1CollectForAllocation", Time since last: 12569615358 ns, Reaching safepoint: 90130 ns, Cleanup: 6970 ns, At safepoint: 34394622 ns, Total: 34491722 ns
[2025-03-19T09:39:11.424+0000][2814.899s][debug][safepoint   ] Safepoint synchronization initiated using futex wait barrier. (188 threads)
[2025-03-19T09:39:11.424+0000][2814.899s][info ][safepoint   ] Safepoint "Cleanup", Time since last: 1000400351 ns, Reaching safepoint: 109120 ns, Cleanup: 26286 ns, At safepoint: 8469 ns, Total: 143875 ns
[2025-03-19T09:39:22.425+0000][2825.900s][debug][safepoint   ] Safepoint synchronization initiated using futex wait barrier. (188 threads)
[2025-03-19T09:39:22.425+0000][2825.900s][info ][safepoint   ] Safepoint "Cleanup", Time since last: 11001135132 ns, Reaching safepoint: 82568 ns, Cleanup: 17969 ns, At safepoint: 5994 ns, Total: 106531 ns
[2025-03-19T09:40:01.431+0000][2864.905s][debug][safepoint   ] Safepoint synchronization initiated using futex wait barrier. (188 threads)
[2025-03-19T09:40:01.431+0000][2864.905s][info ][safepoint   ] Safepoint "Cleanup", Time since last: 39005203466 ns, Reaching safepoint: 73373 ns, Cleanup: 16098 ns, At safepoint: 5486 ns, Total: 94957 ns
[2025-03-19T09:41:00.438+0000][2923.912s][debug][safepoint   ] Safepoint synchronization initiated using futex wait barrier. (188 threads)
[2025-03-19T09:41:00.438+0000][2923.912s][info ][safepoint   ] Safepoint "Cleanup", Time since last: 59006996953 ns, Reaching safepoint: 83849 ns, Cleanup: 20867 ns, At safepoint: 6376 ns, Total: 111092 ns
[2025-03-19T09:41:22.441+0000][2945.915s][debug][safepoint   ] Safepoint synchronization initiated using futex wait barrier. (188 threads)
[2025-03-19T09:41:22.441+0000][2945.915s][info ][safepoint   ] Safepoint "Cleanup", Time since last: 22002899357 ns, Reaching safepoint: 77641 ns, Cleanup: 15030 ns, At safepoint: 5912 ns, Total: 98583 ns
[2025-03-19T09:42:35.271+0000][3018.745s][debug][safepoint   ] Safepoint synchronization initiated using futex wait barrier. (188 threads)
[2025-03-19T09:42:35.271+0000][3018.745s][info ][gc,start    ] GC(86) Pause Young (Normal) (G1 Evacuation Pause)
[2025-03-19T09:42:35.271+0000][3018.745s][info ][gc,task     ] GC(86) Using 4 workers of 4 for evacuation
[2025-03-19T09:42:35.275+0000][3018.750s][info ][gc,phases   ] GC(86)   Pre Evacuate Collection Set: 0.1ms
[2025-03-19T09:42:35.275+0000][3018.750s][info ][gc,phases   ] GC(86)   Merge Heap Roots: 0.1ms
[2025-03-19T09:42:35.275+0000][3018.750s][info ][gc,phases   ] GC(86)   Evacuate Collection Set: 2.3ms
[2025-03-19T09:42:35.275+0000][3018.750s][info ][gc,phases   ] GC(86)   Post Evacuate Collection Set: 1.5ms
[2025-03-19T09:42:35.275+0000][3018.750s][info ][gc,phases   ] GC(86)   Other: 0.1ms
[2025-03-19T09:42:35.275+0000][3018.750s][info ][gc,heap     ] GC(86) Eden regions: 242->0(243)
[2025-03-19T09:42:35.275+0000][3018.750s][info ][gc,heap     ] GC(86) Survivor regions: 2->1(31)
[2025-03-19T09:42:35.275+0000][3018.750s][info ][gc,heap     ] GC(86) Old regions: 191->191
[2025-03-19T09:42:35.275+0000][3018.750s][info ][gc,heap     ] GC(86) Archive regions: 2->2
[2025-03-19T09:42:35.275+0000][3018.750s][info ][gc,heap     ] GC(86) Humongous regions: 2->2
[2025-03-19T09:42:35.275+0000][3018.750s][info ][gc,metaspace] GC(86) Metaspace: 188657K(190080K)->188657K(190080K) NonClass: 165605K(166336K)->165605K(166336K) Class: 23051K(23744K)->23051K(23744K)
[2025-03-19T09:42:35.275+0000][3018.750s][info ][gc          ] GC(86) Pause Young (Normal) (G1 Evacuation Pause) 436M->194M(490M) 4.207ms
[2025-03-19T09:42:35.275+0000][3018.750s][info ][gc,cpu      ] GC(86) User=0.01s Sys=0.00s Real=0.01s
[2025-03-19T09:42:35.275+0000][3018.750s][info ][safepoint   ] Safepoint "G1CollectForAllocation", Time since last: 72830096029 ns, Reaching safepoint: 48170 ns, Cleanup: 4407 ns, At safepoint: 4317980 ns, Total: 4370557 ns
[2025-03-19T09:43:50.283+0000][3093.757s][debug][safepoint   ] Safepoint synchronization initiated using futex wait barrier. (188 threads)
[2025-03-19T09:43:50.283+0000][3093.758s][info ][safepoint   ] Safepoint "Cleanup", Time since last: 75007666679 ns, Reaching safepoint: 92152 ns, Cleanup: 17838 ns, At safepoint: 6935 ns, Total: 116925 ns
[2025-03-19T09:45:57.295+0000][3220.769s][debug][safepoint   ] Safepoint synchronization initiated using futex wait barrier. (188 threads)
[2025-03-19T09:45:57.295+0000][3220.770s][info ][safepoint   ] Safepoint "Cleanup", Time since last: 127011908319 ns, Reaching safepoint: 87993 ns, Cleanup: 16061 ns, At safepoint: 5030 ns, Total: 109084 ns
[2025-03-19T09:45:58.295+0000][3221.770s][debug][safepoint   ] Safepoint synchronization initiated using futex wait barrier. (188 threads)
[2025-03-19T09:45:58.295+0000][3221.770s][info ][safepoint   ] Safepoint "Cleanup", Time since last: 1000136919 ns, Reaching safepoint: 84936 ns, Cleanup: 17036 ns, At safepoint: 7074 ns, Total: 109046 ns
[2025-03-19T09:46:00.295+0000][3223.770s][debug][safepoint   ] Safepoint synchronization initiated using futex wait barrier. (188 threads)
[2025-03-19T09:46:00.296+0000][3223.770s][info ][safepoint   ] Safepoint "Cleanup", Time since last: 2000171532 ns, Reaching safepoint: 83222 ns, Cleanup: 16687 ns, At safepoint: 6675 ns, Total: 106584 ns
[2025-03-19T09:46:00.990+0000][3224.465s][debug][safepoint   ] Safepoint synchronization initiated using futex wait barrier. (188 threads)
[2025-03-19T09:46:00.990+0000][3224.465s][info ][gc,start    ] GC(87) Pause Young (Normal) (G1 Evacuation Pause)
[2025-03-19T09:46:00.990+0000][3224.465s][info ][gc,task     ] GC(87) Using 4 workers of 4 for evacuation
[2025-03-19T09:46:00.995+0000][3224.470s][info ][gc,phases   ] GC(87)   Pre Evacuate Collection Set: 0.2ms
[2025-03-19T09:46:00.995+0000][3224.470s][info ][gc,phases   ] GC(87)   Merge Heap Roots: 0.1ms
[2025-03-19T09:46:00.995+0000][3224.470s][info ][gc,phases   ] GC(87)   Evacuate Collection Set: 2.4ms
[2025-03-19T09:46:00.995+0000][3224.470s][info ][gc,phases   ] GC(87)   Post Evacuate Collection Set: 2.1ms
[2025-03-19T09:46:00.995+0000][3224.470s][info ][gc,phases   ] GC(87)   Other: 0.2ms
[2025-03-19T09:46:00.995+0000][3224.470s][info ][gc,heap     ] GC(87) Eden regions: 243->0(244)
[2025-03-19T09:46:00.995+0000][3224.470s][info ][gc,heap     ] GC(87) Survivor regions: 1->1(31)
[2025-03-19T09:46:00.995+0000][3224.470s][info ][gc,heap     ] GC(87) Old regions: 191->191
[2025-03-19T09:46:00.995+0000][3224.470s][info ][gc,heap     ] GC(87) Archive regions: 2->2
[2025-03-19T09:46:00.995+0000][3224.470s][info ][gc,heap     ] GC(87) Humongous regions: 2->2
[2025-03-19T09:46:00.995+0000][3224.470s][info ][gc,metaspace] GC(87) Metaspace: 188665K(190080K)->188665K(190080K) NonClass: 165613K(166336K)->165613K(166336K) Class: 23051K(23744K)->23051K(23744K)
[2025-03-19T09:46:00.995+0000][3224.470s][info ][gc          ] GC(87) Pause Young (Normal) (G1 Evacuation Pause) 437M->194M(490M) 5.022ms
[2025-03-19T09:46:00.995+0000][3224.470s][info ][gc,cpu      ] GC(87) User=0.01s Sys=0.01s Real=0.01s
[2025-03-19T09:46:00.995+0000][3224.470s][info ][safepoint   ] Safepoint "G1CollectForAllocation", Time since last: 694404299 ns, Reaching safepoint: 110521 ns, Cleanup: 7915 ns, At safepoint: 5173239 ns, Total: 5291675 ns
[2025-03-19T09:46:01.995+0000][3225.470s][debug][safepoint   ] Safepoint synchronization initiated using futex wait barrier. (188 threads)
[2025-03-19T09:46:01.995+0000][3225.470s][info ][safepoint   ] Safepoint "Cleanup", Time since last: 1000123452 ns, Reaching safepoint: 107167 ns, Cleanup: 23508 ns, At safepoint: 7884 ns, Total: 138559 ns
[2025-03-19T09:46:21.998+0000][3245.472s][debug][safepoint   ] Safepoint synchronization initiated using futex wait barrier. (188 threads)
[2025-03-19T09:46:21.998+0000][3245.473s][info ][safepoint   ] Safepoint "Cleanup", Time since last: 20002325141 ns, Reaching safepoint: 96814 ns, Cleanup: 20428 ns, At safepoint: 6265 ns, Total: 123507 ns
[2025-03-19T09:46:31.999+0000][3255.473s][debug][safepoint   ] Safepoint synchronization initiated using futex wait barrier. (188 threads)
[2025-03-19T09:46:31.999+0000][3255.473s][info ][safepoint   ] Safepoint "Cleanup", Time since last: 10000844139 ns, Reaching safepoint: 65926 ns, Cleanup: 12763 ns, At safepoint: 3025 ns, Total: 81714 ns
[2025-03-19T09:46:52.001+0000][3275.475s][debug][safepoint   ] Safepoint synchronization initiated using futex wait barrier. (188 threads)
[2025-03-19T09:46:52.001+0000][3275.475s][info ][safepoint   ] Safepoint "Cleanup", Time since last: 20001643786 ns, Reaching safepoint: 80105 ns, Cleanup: 15757 ns, At safepoint: 6511 ns, Total: 102373 ns
[2025-03-19T09:47:06.002+0000][3289.476s][debug][safepoint   ] Safepoint synchronization initiated using futex wait barrier. (188 threads)
[2025-03-19T09:47:06.002+0000][3289.476s][info ][safepoint   ] Safepoint "Cleanup", Time since last: 14000941049 ns, Reaching safepoint: 63767 ns, Cleanup: 14162 ns, At safepoint: 3031 ns, Total: 80960 ns
[2025-03-19T09:48:42.011+0000][3385.485s][debug][safepoint   ] Safepoint synchronization initiated using futex wait barrier. (188 threads)
[2025-03-19T09:48:42.038+0000][3385.512s][info ][safepoint   ] Safepoint "Cleanup", Time since last: 96008850342 ns, Reaching safepoint: 27366626 ns, Cleanup: 10490 ns, At safepoint: 3614 ns, Total: 27380730 ns
[2025-03-19T09:48:53.039+0000][3396.513s][debug][safepoint   ] Safepoint synchronization initiated using futex wait barrier. (188 threads)
[2025-03-19T09:48:53.039+0000][3396.513s][info ][safepoint   ] Safepoint "Cleanup", Time since last: 11000871976 ns, Reaching safepoint: 108824 ns, Cleanup: 18052 ns, At safepoint: 7211 ns, Total: 134087 ns
[2025-03-19T09:48:55.392+0000][3398.867s][debug][safepoint   ] Safepoint synchronization initiated using futex wait barrier. (188 threads)
[2025-03-19T09:48:55.392+0000][3398.867s][info ][safepoint   ] Safepoint "Cleanup", Time since last: 2353251229 ns, Reaching safepoint: 196433 ns, Cleanup: 10192 ns, At safepoint: 5452 ns, Total: 212077 ns
[2025-03-19T09:48:56.392+0000][3399.867s][debug][safepoint   ] Safepoint synchronization initiated using futex wait barrier. (188 threads)
[2025-03-19T09:48:56.393+0000][3399.867s][info ][safepoint   ] Safepoint "Cleanup", Time since last: 1000109651 ns, Reaching safepoint: 73009 ns, Cleanup: 18285 ns, At safepoint: 5452 ns, Total: 96746 ns
[2025-03-19T09:49:02.393+0000][3405.868s][debug][safepoint   ] Safepoint synchronization initiated using futex wait barrier. (188 threads)
[2025-03-19T09:49:02.393+0000][3405.868s][info ][safepoint   ] Safepoint "Cleanup", Time since last: 6000587017 ns, Reaching safepoint: 104843 ns, Cleanup: 20729 ns, At safepoint: 6942 ns, Total: 132514 ns
[2025-03-19T09:49:26.509+0000][3429.984s][debug][safepoint   ] Safepoint synchronization initiated using futex wait barrier. (188 threads)
[2025-03-19T09:49:26.509+0000][3429.984s][info ][gc,start    ] GC(88) Pause Young (Normal) (G1 Evacuation Pause)
[2025-03-19T09:49:26.509+0000][3429.984s][info ][gc,task     ] GC(88) Using 4 workers of 4 for evacuation
[2025-03-19T09:49:26.512+0000][3429.986s][info ][gc,phases   ] GC(88)   Pre Evacuate Collection Set: 0.1ms
[2025-03-19T09:49:26.512+0000][3429.986s][info ][gc,phases   ] GC(88)   Merge Heap Roots: 0.0ms
[2025-03-19T09:49:26.512+0000][3429.986s][info ][gc,phases   ] GC(88)   Evacuate Collection Set: 1.2ms
[2025-03-19T09:49:26.512+0000][3429.986s][info ][gc,phases   ] GC(88)   Post Evacuate Collection Set: 0.9ms
[2025-03-19T09:49:26.512+0000][3429.986s][info ][gc,phases   ] GC(88)   Other: 0.1ms
[2025-03-19T09:49:26.512+0000][3429.986s][info ][gc,heap     ] GC(88) Eden regions: 244->0(244)
[2025-03-19T09:49:26.512+0000][3429.986s][info ][gc,heap     ] GC(88) Survivor regions: 1->1(31)
[2025-03-19T09:49:26.512+0000][3429.986s][info ][gc,heap     ] GC(88) Old regions: 191->191
[2025-03-19T09:49:26.512+0000][3429.986s][info ][gc,heap     ] GC(88) Archive regions: 2->2
[2025-03-19T09:49:26.512+0000][3429.986s][info ][gc,heap     ] GC(88) Humongous regions: 2->2
[2025-03-19T09:49:26.512+0000][3429.986s][info ][gc,metaspace] GC(88) Metaspace: 188701K(190080K)->188701K(190080K) NonClass: 165648K(166336K)->165648K(166336K) Class: 23052K(23744K)->23052K(23744K)
[2025-03-19T09:49:26.512+0000][3429.986s][info ][gc          ] GC(88) Pause Young (Normal) (G1 Evacuation Pause) 438M->194M(490M) 2.363ms
[2025-03-19T09:49:26.512+0000][3429.986s][info ][gc,cpu      ] GC(88) User=0.00s Sys=0.00s Real=0.00s
[2025-03-19T09:49:26.512+0000][3429.986s][info ][safepoint   ] Safepoint "G1CollectForAllocation", Time since last: 24116042122 ns, Reaching safepoint: 43866 ns, Cleanup: 4067 ns, At safepoint: 2431966 ns, Total: 2479899 ns
[2025-03-19T09:50:08.515+0000][3471.990s][debug][safepoint   ] Safepoint synchronization initiated using futex wait barrier. (188 threads)
[2025-03-19T09:50:08.515+0000][3471.990s][info ][safepoint   ] Safepoint "Cleanup", Time since last: 42003516346 ns, Reaching safepoint: 93746 ns, Cleanup: 17549 ns, At safepoint: 4783 ns, Total: 116078 ns
[2025-03-19T09:51:10.522+0000][3533.997s][debug][safepoint   ] Safepoint synchronization initiated using futex wait barrier. (188 threads)
[2025-03-19T09:51:10.522+0000][3533.997s][info ][safepoint   ] Safepoint "Cleanup", Time since last: 62006534224 ns, Reaching safepoint: 116330 ns, Cleanup: 16046 ns, At safepoint: 5199 ns, Total: 137575 ns
[2025-03-19T09:51:13.522+0000][3536.997s][debug][safepoint   ] Safepoint synchronization initiated using futex wait barrier. (188 threads)
[2025-03-19T09:51:13.523+0000][3536.997s][info ][safepoint   ] Safepoint "Cleanup", Time since last: 3000365771 ns, Reaching safepoint: 77573 ns, Cleanup: 16553 ns, At safepoint: 6182 ns, Total: 100308 ns
[2025-03-19T09:51:26.524+0000][3549.999s][debug][safepoint   ] Safepoint synchronization initiated using futex wait barrier. (188 threads)
[2025-03-19T09:51:26.524+0000][3549.999s][info ][safepoint   ] Safepoint "Cleanup", Time since last: 13001514614 ns, Reaching safepoint: 111513 ns, Cleanup: 22396 ns, At safepoint: 7176 ns, Total: 141085 ns
[2025-03-19T09:51:31.555+0000][3555.030s][debug][safepoint   ] Safepoint synchronization initiated using futex wait barrier. (190 threads)
[2025-03-19T09:51:31.566+0000][3555.041s][info ][safepoint   ] Safepoint "Cleanup", Time since last: 5031200110 ns, Reaching safepoint: 10671501 ns, Cleanup: 20273 ns, At safepoint: 5556 ns, Total: 10697330 ns
[2025-03-19T09:51:59.569+0000][3583.043s][debug][safepoint   ] Safepoint synchronization initiated using futex wait barrier. (190 threads)
[2025-03-19T09:51:59.569+0000][3583.043s][info ][safepoint   ] Safepoint "Cleanup", Time since last: 28002634508 ns, Reaching safepoint: 87393 ns, Cleanup: 17120 ns, At safepoint: 6733 ns, Total: 111246 ns
[2025-03-19T09:52:10.570+0000][3594.044s][debug][safepoint   ] Safepoint synchronization initiated using futex wait barrier. (190 threads)
[2025-03-19T09:52:10.570+0000][3594.044s][info ][safepoint   ] Safepoint "Cleanup", Time since last: 11000867953 ns, Reaching safepoint: 78064 ns, Cleanup: 17814 ns, At safepoint: 5027 ns, Total: 100905 ns
[2025-03-19T09:52:21.571+0000][3605.045s][debug][safepoint   ] Safepoint synchronization initiated using futex wait barrier. (190 threads)
[2025-03-19T09:52:21.571+0000][3605.046s][info ][safepoint   ] Safepoint "Cleanup", Time since last: 11001026116 ns, Reaching safepoint: 104480 ns, Cleanup: 19206 ns, At safepoint: 6854 ns, Total: 130540 ns
[2025-03-19T09:52:23.571+0000][3607.046s][debug][safepoint   ] Safepoint synchronization initiated using futex wait barrier. (189 threads)
[2025-03-19T09:52:23.571+0000][3607.046s][info ][safepoint   ] Safepoint "Cleanup", Time since last: 2000202453 ns, Reaching safepoint: 107403 ns, Cleanup: 16450 ns, At safepoint: 4944 ns, Total: 128797 ns
[2025-03-19T09:52:51.333+0000][3634.807s][debug][safepoint   ] Safepoint synchronization initiated using futex wait barrier. (188 threads)
[2025-03-19T09:52:51.333+0000][3634.807s][info ][gc,start    ] GC(89) Pause Young (Normal) (G1 Evacuation Pause)
[2025-03-19T09:52:51.333+0000][3634.807s][info ][gc,task     ] GC(89) Using 4 workers of 4 for evacuation
[2025-03-19T09:52:51.338+0000][3634.813s][info ][gc,phases   ] GC(89)   Pre Evacuate Collection Set: 0.2ms
[2025-03-19T09:52:51.338+0000][3634.813s][info ][gc,phases   ] GC(89)   Merge Heap Roots: 0.2ms
[2025-03-19T09:52:51.338+0000][3634.813s][info ][gc,phases   ] GC(89)   Evacuate Collection Set: 2.6ms
[2025-03-19T09:52:51.338+0000][3634.813s][info ][gc,phases   ] GC(89)   Post Evacuate Collection Set: 2.6ms
[2025-03-19T09:52:51.338+0000][3634.813s][info ][gc,phases   ] GC(89)   Other: 0.2ms
[2025-03-19T09:52:51.339+0000][3634.813s][info ][gc,heap     ] GC(89) Eden regions: 244->0(242)
[2025-03-19T09:52:51.339+0000][3634.813s][info ][gc,heap     ] GC(89) Survivor regions: 1->2(31)
[2025-03-19T09:52:51.339+0000][3634.813s][info ][gc,heap     ] GC(89) Old regions: 191->191
[2025-03-19T09:52:51.339+0000][3634.813s][info ][gc,heap     ] GC(89) Archive regions: 2->2
[2025-03-19T09:52:51.339+0000][3634.813s][info ][gc,heap     ] GC(89) Humongous regions: 2->2
[2025-03-19T09:52:51.339+0000][3634.813s][info ][gc,metaspace] GC(89) Metaspace: 188735K(190144K)->188735K(190144K) NonClass: 165683K(166400K)->165683K(166400K) Class: 23052K(23744K)->23052K(23744K)
[2025-03-19T09:52:51.339+0000][3634.813s][info ][gc          ] GC(89) Pause Young (Normal) (G1 Evacuation Pause) 438M->194M(490M) 5.870ms
[2025-03-19T09:52:51.339+0000][3634.813s][info ][gc,cpu      ] GC(89) User=0.02s Sys=0.00s Real=0.01s
[2025-03-19T09:52:51.339+0000][3634.813s][info ][safepoint   ] Safepoint "G1CollectForAllocation", Time since last: 27761264358 ns, Reaching safepoint: 85790 ns, Cleanup: 6805 ns, At safepoint: 6141881 ns, Total: 6234476 ns
[2025-03-19T09:52:56.339+0000][3639.814s][debug][safepoint   ] Safepoint synchronization initiated using futex wait barrier. (188 threads)
[2025-03-19T09:52:56.339+0000][3639.814s][info ][safepoint   ] Safepoint "Cleanup", Time since last: 5000386076 ns, Reaching safepoint: 77424 ns, Cleanup: 16622 ns, At safepoint: 6097 ns, Total: 100143 ns
[2025-03-19T09:53:13.341+0000][3656.815s][debug][safepoint   ] Safepoint synchronization initiated using futex wait barrier. (188 threads)
[2025-03-19T09:53:13.341+0000][3656.816s][info ][safepoint   ] Safepoint "Cleanup", Time since last: 17001603965 ns, Reaching safepoint: 76109 ns, Cleanup: 57410 ns, At safepoint: 8643 ns, Total: 142162 ns
[2025-03-19T09:53:22.342+0000][3665.816s][debug][safepoint   ] Safepoint synchronization initiated using futex wait barrier. (188 threads)
[2025-03-19T09:53:22.342+0000][3665.816s][info ][safepoint   ] Safepoint "Cleanup", Time since last: 9000645817 ns, Reaching safepoint: 56104 ns, Cleanup: 11033 ns, At safepoint: 3024 ns, Total: 70161 ns
[2025-03-19T09:54:02.345+0000][3705.819s][debug][safepoint   ] Safepoint synchronization initiated using futex wait barrier. (188 threads)
[2025-03-19T09:54:02.376+0000][3705.850s][info ][safepoint   ] Safepoint "Cleanup", Time since last: 40003147658 ns, Reaching safepoint: 30828325 ns, Cleanup: 23494 ns, At safepoint: 8673 ns, Total: 30860492 ns
[2025-03-19T09:54:13.377+0000][3716.852s][debug][safepoint   ] Safepoint synchronization initiated using futex wait barrier. (188 threads)
[2025-03-19T09:54:13.377+0000][3716.852s][info ][safepoint   ] Safepoint "Cleanup", Time since last: 11001248392 ns, Reaching safepoint: 96982 ns, Cleanup: 18113 ns, At safepoint: 6228 ns, Total: 121323 ns
[2025-03-19T09:54:21.378+0000][3724.853s][debug][safepoint   ] Safepoint synchronization initiated using futex wait barrier. (188 threads)
[2025-03-19T09:54:21.378+0000][3724.853s][info ][safepoint   ] Safepoint "Cleanup", Time since last: 8000856570 ns, Reaching safepoint: 114535 ns, Cleanup: 17514 ns, At safepoint: 6834 ns, Total: 138883 ns
[2025-03-19T09:54:26.379+0000][3729.853s][debug][safepoint   ] Safepoint synchronization initiated using futex wait barrier. (189 threads)
[2025-03-19T09:54:26.379+0000][3729.853s][info ][safepoint   ] Safepoint "Cleanup", Time since last: 5000509859 ns, Reaching safepoint: 73638 ns, Cleanup: 27197 ns, At safepoint: 4527 ns, Total: 105362 ns
[2025-03-19T09:55:22.358+0000][3785.833s][debug][safepoint   ] Safepoint synchronization initiated using futex wait barrier. (189 threads)
[2025-03-19T09:55:22.358+0000][3785.833s][info ][safepoint   ] Safepoint "Cleanup", Time since last: 55979438630 ns, Reaching safepoint: 85180 ns, Cleanup: 24403 ns, At safepoint: 6911 ns, Total: 116494 ns
[2025-03-19T09:56:01.364+0000][3824.838s][debug][safepoint   ] Safepoint synchronization initiated using futex wait barrier. (189 threads)
[2025-03-19T09:56:01.364+0000][3824.839s][info ][safepoint   ] Safepoint "Cleanup", Time since last: 39005575865 ns, Reaching safepoint: 100013 ns, Cleanup: 20810 ns, At safepoint: 6419 ns, Total: 127242 ns
[2025-03-19T09:56:14.487+0000][3837.962s][debug][safepoint   ] Safepoint synchronization initiated using futex wait barrier. (189 threads)
[2025-03-19T09:56:14.487+0000][3837.962s][info ][gc,start    ] GC(90) Pause Young (Normal) (G1 Evacuation Pause)
[2025-03-19T09:56:14.487+0000][3837.962s][info ][gc,task     ] GC(90) Using 4 workers of 4 for evacuation
[2025-03-19T09:56:14.493+0000][3837.968s][info ][gc,phases   ] GC(90)   Pre Evacuate Collection Set: 0.3ms
[2025-03-19T09:56:14.493+0000][3837.968s][info ][gc,phases   ] GC(90)   Merge Heap Roots: 0.2ms
[2025-03-19T09:56:14.493+0000][3837.968s][info ][gc,phases   ] GC(90)   Evacuate Collection Set: 2.8ms
[2025-03-19T09:56:14.493+0000][3837.968s][info ][gc,phases   ] GC(90)   Post Evacuate Collection Set: 2.2ms
[2025-03-19T09:56:14.493+0000][3837.968s][info ][gc,phases   ] GC(90)   Other: 0.2ms
[2025-03-19T09:56:14.493+0000][3837.968s][info ][gc,heap     ] GC(90) Eden regions: 242->0(242)
[2025-03-19T09:56:14.493+0000][3837.968s][info ][gc,heap     ] GC(90) Survivor regions: 2->2(31)
[2025-03-19T09:56:14.493+0000][3837.968s][info ][gc,heap     ] GC(90) Old regions: 191->191
[2025-03-19T09:56:14.493+0000][3837.968s][info ][gc,heap     ] GC(90) Archive regions: 2->2
[2025-03-19T09:56:14.493+0000][3837.968s][info ][gc,heap     ] GC(90) Humongous regions: 2->2
[2025-03-19T09:56:14.493+0000][3837.968s][info ][gc,metaspace] GC(90) Metaspace: 188797K(190208K)->188797K(190208K) NonClass: 165741K(166464K)->165741K(166464K) Class: 23055K(23744K)->23055K(23744K)
[2025-03-19T09:56:14.493+0000][3837.968s][info ][gc          ] GC(90) Pause Young (Normal) (G1 Evacuation Pause) 436M->194M(490M) 5.834ms
[2025-03-19T09:56:14.493+0000][3837.968s][info ][gc,cpu      ] GC(90) User=0.02s Sys=0.00s Real=0.00s
[2025-03-19T09:56:14.494+0000][3837.968s][info ][safepoint   ] Safepoint "G1CollectForAllocation", Time since last: 13123341028 ns, Reaching safepoint: 66537 ns, Cleanup: 7474 ns, At safepoint: 6201586 ns, Total: 6275597 ns
[2025-03-19T09:56:50.497+0000][3873.972s][debug][safepoint   ] Safepoint synchronization initiated using futex wait barrier. (189 threads)
[2025-03-19T09:56:50.497+0000][3873.972s][info ][safepoint   ] Safepoint "Cleanup", Time since last: 36003726061 ns, Reaching safepoint: 106109 ns, Cleanup: 22405 ns, At safepoint: 7236 ns, Total: 135750 ns
[2025-03-19T09:57:02.499+0000][3885.974s][debug][safepoint   ] Safepoint synchronization initiated using futex wait barrier. (189 threads)
[2025-03-19T09:57:02.499+0000][3885.974s][info ][safepoint   ] Safepoint "Cleanup", Time since last: 12001842520 ns, Reaching safepoint: 67683 ns, Cleanup: 14754 ns, At safepoint: 4952 ns, Total: 87389 ns
[2025-03-19T09:58:08.600+0000][3952.075s][debug][safepoint   ] Safepoint synchronization initiated using futex wait barrier. (189 threads)
[2025-03-19T09:58:08.602+0000][3952.076s][info ][safepoint   ] Safepoint "Cleanup", Time since last: 66100572585 ns, Reaching safepoint: 1581516 ns, Cleanup: 40012 ns, At safepoint: 2920 ns, Total: 1624448 ns
[2025-03-19T09:58:10.602+0000][3954.076s][debug][safepoint   ] Safepoint synchronization initiated using futex wait barrier. (189 threads)
[2025-03-19T09:58:10.602+0000][3954.076s][info ][safepoint   ] Safepoint "Cleanup", Time since last: 2000169770 ns, Reaching safepoint: 67050 ns, Cleanup: 11559 ns, At safepoint: 5155 ns, Total: 83764 ns
[2025-03-19T09:58:16.602+0000][3960.077s][debug][safepoint   ] Safepoint synchronization initiated using futex wait barrier. (189 threads)
[2025-03-19T09:58:16.602+0000][3960.077s][info ][safepoint   ] Safepoint "Cleanup", Time since last: 6000464849 ns, Reaching safepoint: 70804 ns, Cleanup: 15669 ns, At safepoint: 4874 ns, Total: 91347 ns
[2025-03-19T09:59:01.606+0000][4005.081s][debug][safepoint   ] Safepoint synchronization initiated using futex wait barrier. (189 threads)
[2025-03-19T09:59:01.637+0000][4005.112s][info ][safepoint   ] Safepoint "Cleanup", Time since last: 45003798206 ns, Reaching safepoint: 30918795 ns, Cleanup: 22782 ns, At safepoint: 6552 ns, Total: 30948129 ns
[2025-03-19T09:59:38.852+0000][4042.327s][debug][safepoint   ] Safepoint synchronization initiated using futex wait barrier. (189 threads)
[2025-03-19T09:59:38.879+0000][4042.354s][info ][gc,start    ] GC(91) Pause Young (Normal) (G1 Evacuation Pause)
[2025-03-19T09:59:38.879+0000][4042.354s][info ][gc,task     ] GC(91) Using 4 workers of 4 for evacuation
[2025-03-19T09:59:38.885+0000][4042.359s][info ][gc,phases   ] GC(91)   Pre Evacuate Collection Set: 0.3ms
[2025-03-19T09:59:38.885+0000][4042.359s][info ][gc,phases   ] GC(91)   Merge Heap Roots: 0.1ms
[2025-03-19T09:59:38.885+0000][4042.359s][info ][gc,phases   ] GC(91)   Evacuate Collection Set: 2.9ms
[2025-03-19T09:59:38.885+0000][4042.359s][info ][gc,phases   ] GC(91)   Post Evacuate Collection Set: 2.0ms
[2025-03-19T09:59:38.885+0000][4042.359s][info ][gc,phases   ] GC(91)   Other: 0.3ms
[2025-03-19T09:59:38.885+0000][4042.359s][info ][gc,heap     ] GC(91) Eden regions: 242->0(242)
[2025-03-19T09:59:38.885+0000][4042.359s][info ][gc,heap     ] GC(91) Survivor regions: 2->2(31)
[2025-03-19T09:59:38.885+0000][4042.359s][info ][gc,heap     ] GC(91) Old regions: 191->191
[2025-03-19T09:59:38.885+0000][4042.359s][info ][gc,heap     ] GC(91) Archive regions: 2->2
[2025-03-19T09:59:38.885+0000][4042.359s][info ][gc,heap     ] GC(91) Humongous regions: 2->2
[2025-03-19T09:59:38.885+0000][4042.359s][info ][gc,metaspace] GC(91) Metaspace: 188828K(190272K)->188828K(190272K) NonClass: 165772K(166528K)->165772K(166528K) Class: 23055K(23744K)->23055K(23744K)
[2025-03-19T09:59:38.885+0000][4042.359s][info ][gc          ] GC(91) Pause Young (Normal) (G1 Evacuation Pause) 436M->194M(490M) 5.619ms
[2025-03-19T09:59:38.885+0000][4042.359s][info ][gc,cpu      ] GC(91) User=0.02s Sys=0.00s Real=0.01s
[2025-03-19T09:59:38.885+0000][4042.360s][info ][safepoint   ] Safepoint "G1CollectForAllocation", Time since last: 37215217359 ns, Reaching safepoint: 26770872 ns, Cleanup: 10223 ns, At safepoint: 5787075 ns, Total: 32568170 ns
[2025-03-19T09:59:41.885+0000][4045.360s][debug][safepoint   ] Safepoint synchronization initiated using futex wait barrier. (189 threads)
[2025-03-19T09:59:41.885+0000][4045.360s][info ][safepoint   ] Safepoint "Cleanup", Time since last: 3000276221 ns, Reaching safepoint: 39775 ns, Cleanup: 10688 ns, At safepoint: 2871 ns, Total: 53334 ns
[2025-03-19T10:00:21.889+0000][4085.363s][debug][safepoint   ] Safepoint synchronization initiated using futex wait barrier. (189 threads)
[2025-03-19T10:00:21.889+0000][4085.363s][info ][safepoint   ] Safepoint "Cleanup", Time since last: 40003480610 ns, Reaching safepoint: 80009 ns, Cleanup: 16080 ns, At safepoint: 6485 ns, Total: 102574 ns
[2025-03-19T10:00:31.890+0000][4095.365s][debug][safepoint   ] Safepoint synchronization initiated using futex wait barrier. (189 threads)
[2025-03-19T10:00:31.890+0000][4095.365s][info ][safepoint   ] Safepoint "Cleanup", Time since last: 10001326272 ns, Reaching safepoint: 135433 ns, Cleanup: 22102 ns, At safepoint: 8810 ns, Total: 166345 ns
[2025-03-19T10:01:21.895+0000][4145.369s][debug][safepoint   ] Safepoint synchronization initiated using futex wait barrier. (189 threads)
[2025-03-19T10:01:21.895+0000][4145.370s][info ][safepoint   ] Safepoint "Cleanup", Time since last: 50004556416 ns, Reaching safepoint: 50673 ns, Cleanup: 10026 ns, At safepoint: 2393 ns, Total: 63092 ns
[2025-03-19T10:02:52.904+0000][4236.379s][debug][safepoint   ] Safepoint synchronization initiated using futex wait barrier. (189 threads)
[2025-03-19T10:02:52.931+0000][4236.406s][info ][safepoint   ] Safepoint "Cleanup", Time since last: 91009364340 ns, Reaching safepoint: 26804889 ns, Cleanup: 19328 ns, At safepoint: 8717 ns, Total: 26832934 ns
[2025-03-19T10:03:03.111+0000][4246.585s][debug][safepoint   ] Safepoint synchronization initiated using futex wait barrier. (189 threads)
[2025-03-19T10:03:03.111+0000][4246.585s][info ][gc,start    ] GC(92) Pause Young (Normal) (G1 Evacuation Pause)
[2025-03-19T10:03:03.111+0000][4246.585s][info ][gc,task     ] GC(92) Using 4 workers of 4 for evacuation
[2025-03-19T10:03:03.114+0000][4246.589s][info ][gc,phases   ] GC(92)   Pre Evacuate Collection Set: 0.2ms
[2025-03-19T10:03:03.114+0000][4246.589s][info ][gc,phases   ] GC(92)   Merge Heap Roots: 0.1ms
[2025-03-19T10:03:03.114+0000][4246.589s][info ][gc,phases   ] GC(92)   Evacuate Collection Set: 1.7ms
[2025-03-19T10:03:03.114+0000][4246.589s][info ][gc,phases   ] GC(92)   Post Evacuate Collection Set: 1.3ms
[2025-03-19T10:03:03.114+0000][4246.589s][info ][gc,phases   ] GC(92)   Other: 0.1ms
[2025-03-19T10:03:03.114+0000][4246.589s][info ][gc,heap     ] GC(92) Eden regions: 242->0(244)
[2025-03-19T10:03:03.114+0000][4246.589s][info ][gc,heap     ] GC(92) Survivor regions: 2->1(31)
[2025-03-19T10:03:03.114+0000][4246.589s][info ][gc,heap     ] GC(92) Old regions: 191->191
[2025-03-19T10:03:03.114+0000][4246.589s][info ][gc,heap     ] GC(92) Archive regions: 2->2
[2025-03-19T10:03:03.114+0000][4246.589s][info ][gc,heap     ] GC(92) Humongous regions: 2->2
[2025-03-19T10:03:03.114+0000][4246.589s][info ][gc,metaspace] GC(92) Metaspace: 188832K(190272K)->188832K(190272K) NonClass: 165776K(166528K)->165776K(166528K) Class: 23055K(23744K)->23055K(23744K)
[2025-03-19T10:03:03.114+0000][4246.589s][info ][gc          ] GC(92) Pause Young (Normal) (G1 Evacuation Pause) 436M->194M(490M) 3.452ms
[2025-03-19T10:03:03.114+0000][4246.589s][info ][gc,cpu      ] GC(92) User=0.00s Sys=0.00s Real=0.01s
[2025-03-19T10:03:03.114+0000][4246.589s][info ][safepoint   ] Safepoint "G1CollectForAllocation", Time since last: 10179526555 ns, Reaching safepoint: 52340 ns, Cleanup: 5251 ns, At safepoint: 3672099 ns, Total: 3729690 ns
[2025-03-19T10:03:22.118+0000][4265.593s][debug][safepoint   ] Safepoint synchronization initiated using futex wait barrier. (189 threads)
[2025-03-19T10:03:22.118+0000][4265.593s][info ][safepoint   ] Safepoint "Cleanup", Time since last: 19003667214 ns, Reaching safepoint: 51031 ns, Cleanup: 11636 ns, At safepoint: 2947 ns, Total: 65614 ns
[2025-03-19T10:04:02.121+0000][4305.596s][debug][safepoint   ] Safepoint synchronization initiated using futex wait barrier. (189 threads)
[2025-03-19T10:04:02.122+0000][4305.596s][info ][safepoint   ] Safepoint "Cleanup", Time since last: 40003341653 ns, Reaching safepoint: 85079 ns, Cleanup: 15896 ns, At safepoint: 6150 ns, Total: 107125 ns
[2025-03-19T10:04:08.122+0000][4311.597s][debug][safepoint   ] Safepoint synchronization initiated using futex wait barrier. (189 threads)
[2025-03-19T10:04:08.122+0000][4311.597s][info ][safepoint   ] Safepoint "Cleanup", Time since last: 6000752967 ns, Reaching safepoint: 80150 ns, Cleanup: 15766 ns, At safepoint: 5838 ns, Total: 101754 ns
