[2025-03-19T08:20:26.475+0000][0.016s][info][gc] Using G1
[2025-03-19T08:20:26.479+0000][0.020s][info][gc,init] Version: 17.0.13+11-Debian-2deb12u1 (release)
[2025-03-19T08:20:26.479+0000][0.020s][info][gc,init] CPUs: 4 total, 4 available
[2025-03-19T08:20:26.479+0000][0.020s][info][gc,init] Memory: 7213M
[2025-03-19T08:20:26.479+0000][0.020s][info][gc,init] Large Page Support: Disabled
[2025-03-19T08:20:26.479+0000][0.020s][info][gc,init] NUMA Support: Disabled
[2025-03-19T08:20:26.479+0000][0.020s][info][gc,init] Compressed Oops: Enabled (32-bit)
[2025-03-19T08:20:26.479+0000][0.020s][info][gc,init] Heap Region Size: 1M
[2025-03-19T08:20:26.479+0000][0.020s][info][gc,init] Heap Min Capacity: 8M
[2025-03-19T08:20:26.479+0000][0.020s][info][gc,init] Heap Initial Capacity: 114M
[2025-03-19T08:20:26.479+0000][0.020s][info][gc,init] Heap Max Capacity: 1804M
[2025-03-19T08:20:26.479+0000][0.020s][info][gc,init] Pre-touch: Disabled
[2025-03-19T08:20:26.479+0000][0.020s][info][gc,init] Parallel Workers: 4
[2025-03-19T08:20:26.479+0000][0.020s][info][gc,init] Concurrent Workers: 1
[2025-03-19T08:20:26.479+0000][0.020s][info][gc,init] Concurrent Refinement Workers: 4
[2025-03-19T08:20:26.479+0000][0.020s][info][gc,init] Periodic GC: Disabled
[2025-03-19T08:20:26.564+0000][0.105s][info][gc,metaspace] CDS archive(s) mapped at: [0x000073fedf000000-0x000073fedfbc9000-0x000073fedfbc9000), size 12357632, SharedBaseAddress: 0x000073fedf000000, ArchiveRelocationMode: 1.
[2025-03-19T08:20:26.564+0000][0.105s][info][gc,metaspace] Compressed class space mapped at: 0x000073fee0000000-0x000073ff20000000, reserved size: 1073741824
[2025-03-19T08:20:26.564+0000][0.105s][info][gc,metaspace] Narrow klass base: 0x000073fedf000000, Narrow klass shift: 0, Narrow klass range: 0x100000000
[2025-03-19T08:20:26.581+0000][0.122s][info][cds,heap    ] initialize_from_archived_subgraph java.lang.Module$ArchivedData 0x000073fedf183388 (early)
[2025-03-19T08:20:26.582+0000][0.123s][info][cds,heap    ] initialize_from_archived_subgraph java.util.ImmutableCollections 0x000073fedf070cd8 (early)
[2025-03-19T08:20:26.585+0000][0.126s][info][cds,heap    ] initialize_from_archived_subgraph java.lang.Integer$IntegerCache 0x000073fedf036060 (early)
[2025-03-19T08:20:26.589+0000][0.130s][info][cds,heap    ] initialize_from_archived_subgraph java.lang.module.Configuration 0x000073fedf171308 (early)
[2025-03-19T08:20:26.589+0000][0.130s][info][cds,heap    ] initialize_from_archived_subgraph java.lang.ModuleLayer 0x000073fedf145c58 (early)
[2025-03-19T08:20:26.590+0000][0.130s][info][cds,heap    ] initialize_from_archived_subgraph jdk.internal.loader.ArchivedClassLoaders 0x000073fedf1a79f0 (early)
[2025-03-19T08:20:26.590+0000][0.130s][info][cds,heap    ] initialize_from_archived_subgraph jdk.internal.module.ArchivedBootLayer 0x000073fedf177f48 (early)
[2025-03-19T08:20:26.595+0000][0.135s][info][cds,heap    ] initialize_from_archived_subgraph sun.util.locale.BaseLocale 0x000073fedf26bb10
[2025-03-19T08:20:26.610+0000][0.150s][info][cds,heap    ] initialize_from_archived_subgraph java.util.jar.Attributes$Name 0x000073fedf199468
[2025-03-19T08:20:26.655+0000][0.195s][info][cds,heap    ] initialize_from_archived_subgraph java.lang.Long$LongCache 0x000073fedf01f998
[2025-03-19T08:20:26.742+0000][0.282s][info][cds,heap    ] initialize_from_archived_subgraph java.lang.Character$CharacterCache 0x000073fedf0393e8
[2025-03-19T08:20:27.213+0000][0.753s][debug][safepoint   ] Safepoint synchronization initiated using futex wait barrier. (13 threads)
[2025-03-19T08:20:27.213+0000][0.754s][info ][gc,start    ] GC(0) Pause Young (Normal) (G1 Evacuation Pause)
[2025-03-19T08:20:27.213+0000][0.754s][info ][gc,task     ] GC(0) Using 2 workers of 4 for evacuation
[2025-03-19T08:20:27.225+0000][0.766s][info ][gc,phases   ] GC(0)   Pre Evacuate Collection Set: 0.1ms
[2025-03-19T08:20:27.225+0000][0.766s][info ][gc,phases   ] GC(0)   Merge Heap Roots: 0.2ms
[2025-03-19T08:20:27.225+0000][0.766s][info ][gc,phases   ] GC(0)   Evacuate Collection Set: 10.5ms
[2025-03-19T08:20:27.225+0000][0.766s][info ][gc,phases   ] GC(0)   Post Evacuate Collection Set: 0.9ms
[2025-03-19T08:20:27.225+0000][0.766s][info ][gc,phases   ] GC(0)   Other: 0.4ms
[2025-03-19T08:20:27.225+0000][0.766s][info ][gc,heap     ] GC(0) Eden regions: 37->0(48)
[2025-03-19T08:20:27.225+0000][0.766s][info ][gc,heap     ] GC(0) Survivor regions: 0->5(5)
[2025-03-19T08:20:27.225+0000][0.766s][info ][gc,heap     ] GC(0) Old regions: 0->2
[2025-03-19T08:20:27.225+0000][0.766s][info ][gc,heap     ] GC(0) Archive regions: 2->2
[2025-03-19T08:20:27.225+0000][0.766s][info ][gc,heap     ] GC(0) Humongous regions: 0->0
[2025-03-19T08:20:27.225+0000][0.766s][info ][gc,metaspace] GC(0) Metaspace: 2076K(2304K)->2076K(2304K) NonClass: 1870K(1984K)->1870K(1984K) Class: 205K(320K)->205K(320K)
[2025-03-19T08:20:27.225+0000][0.766s][info ][gc          ] GC(0) Pause Young (Normal) (G1 Evacuation Pause) 37M->7M(116M) 12.128ms
[2025-03-19T08:20:27.225+0000][0.766s][info ][gc,cpu      ] GC(0) User=0.02s Sys=0.00s Real=0.02s
[2025-03-19T08:20:27.225+0000][0.766s][info ][safepoint   ] Safepoint "G1CollectForAllocation", Time since last: 632632177 ns, Reaching safepoint: 55753 ns, Cleanup: 134107 ns, At safepoint: 12232517 ns, Total: 12422377 ns
[2025-03-19T08:20:27.861+0000][1.402s][debug][safepoint   ] Safepoint synchronization initiated using futex wait barrier. (13 threads)
[2025-03-19T08:20:27.861+0000][1.402s][info ][gc,start    ] GC(1) Pause Young (Normal) (G1 Evacuation Pause)
[2025-03-19T08:20:27.861+0000][1.402s][info ][gc,task     ] GC(1) Using 2 workers of 4 for evacuation
[2025-03-19T08:20:27.869+0000][1.410s][info ][gc,phases   ] GC(1)   Pre Evacuate Collection Set: 0.1ms
[2025-03-19T08:20:27.869+0000][1.410s][info ][gc,phases   ] GC(1)   Merge Heap Roots: 0.0ms
[2025-03-19T08:20:27.869+0000][1.410s][info ][gc,phases   ] GC(1)   Evacuate Collection Set: 7.2ms
[2025-03-19T08:20:27.869+0000][1.410s][info ][gc,phases   ] GC(1)   Post Evacuate Collection Set: 0.6ms
[2025-03-19T08:20:27.869+0000][1.410s][info ][gc,phases   ] GC(1)   Other: 0.1ms
[2025-03-19T08:20:27.869+0000][1.410s][info ][gc,heap     ] GC(1) Eden regions: 48->0(64)
[2025-03-19T08:20:27.869+0000][1.410s][info ][gc,heap     ] GC(1) Survivor regions: 5->4(7)
[2025-03-19T08:20:27.869+0000][1.410s][info ][gc,heap     ] GC(1) Old regions: 2->7
[2025-03-19T08:20:27.869+0000][1.410s][info ][gc,heap     ] GC(1) Archive regions: 2->2
[2025-03-19T08:20:27.869+0000][1.410s][info ][gc,heap     ] GC(1) Humongous regions: 0->0
[2025-03-19T08:20:27.869+0000][1.410s][info ][gc,metaspace] GC(1) Metaspace: 3560K(3840K)->3560K(3840K) NonClass: 3190K(3328K)->3190K(3328K) Class: 370K(512K)->370K(512K)
[2025-03-19T08:20:27.869+0000][1.410s][info ][gc          ] GC(1) Pause Young (Normal) (G1 Evacuation Pause) 55M->10M(116M) 8.010ms
[2025-03-19T08:20:27.869+0000][1.410s][info ][gc,cpu      ] GC(1) User=0.01s Sys=0.01s Real=0.01s
[2025-03-19T08:20:27.869+0000][1.410s][info ][safepoint   ] Safepoint "G1CollectForAllocation", Time since last: 635765093 ns, Reaching safepoint: 45845 ns, Cleanup: 59329 ns, At safepoint: 8055410 ns, Total: 8160584 ns
[2025-03-19T08:20:28.437+0000][1.978s][debug][safepoint   ] Safepoint synchronization initiated using futex wait barrier. (14 threads)
[2025-03-19T08:20:28.438+0000][1.978s][info ][gc,start    ] GC(2) Pause Young (Normal) (G1 Evacuation Pause)
[2025-03-19T08:20:28.438+0000][1.978s][info ][gc,task     ] GC(2) Using 2 workers of 4 for evacuation
[2025-03-19T08:20:28.445+0000][1.985s][info ][gc,phases   ] GC(2)   Pre Evacuate Collection Set: 0.1ms
[2025-03-19T08:20:28.445+0000][1.985s][info ][gc,phases   ] GC(2)   Merge Heap Roots: 0.1ms
[2025-03-19T08:20:28.445+0000][1.985s][info ][gc,phases   ] GC(2)   Evacuate Collection Set: 6.6ms
[2025-03-19T08:20:28.445+0000][1.985s][info ][gc,phases   ] GC(2)   Post Evacuate Collection Set: 0.5ms
[2025-03-19T08:20:28.445+0000][1.985s][info ][gc,phases   ] GC(2)   Other: 0.1ms
[2025-03-19T08:20:28.445+0000][1.985s][info ][gc,heap     ] GC(2) Eden regions: 64->0(63)
[2025-03-19T08:20:28.445+0000][1.985s][info ][gc,heap     ] GC(2) Survivor regions: 4->5(9)
[2025-03-19T08:20:28.445+0000][1.985s][info ][gc,heap     ] GC(2) Old regions: 7->7
[2025-03-19T08:20:28.445+0000][1.985s][info ][gc,heap     ] GC(2) Archive regions: 2->2
[2025-03-19T08:20:28.445+0000][1.985s][info ][gc,heap     ] GC(2) Humongous regions: 0->0
[2025-03-19T08:20:28.445+0000][1.985s][info ][gc,metaspace] GC(2) Metaspace: 6228K(6528K)->6228K(6528K) NonClass: 5464K(5568K)->5464K(5568K) Class: 763K(960K)->763K(960K)
[2025-03-19T08:20:28.445+0000][1.985s][info ][gc          ] GC(2) Pause Young (Normal) (G1 Evacuation Pause) 74M->12M(116M) 7.363ms
[2025-03-19T08:20:28.445+0000][1.985s][info ][gc,cpu      ] GC(2) User=0.02s Sys=0.00s Real=0.01s
[2025-03-19T08:20:28.445+0000][1.985s][info ][safepoint   ] Safepoint "G1CollectForAllocation", Time since last: 567989338 ns, Reaching safepoint: 44513 ns, Cleanup: 232939 ns, At safepoint: 7410688 ns, Total: 7688140 ns
[2025-03-19T08:20:28.988+0000][2.528s][debug][safepoint   ] Safepoint synchronization initiated using futex wait barrier. (14 threads)
[2025-03-19T08:20:28.988+0000][2.528s][info ][gc,start    ] GC(3) Pause Young (Normal) (G1 Evacuation Pause)
[2025-03-19T08:20:28.988+0000][2.528s][info ][gc,task     ] GC(3) Using 2 workers of 4 for evacuation
[2025-03-19T08:20:28.996+0000][2.537s][info ][gc,phases   ] GC(3)   Pre Evacuate Collection Set: 0.1ms
[2025-03-19T08:20:28.996+0000][2.537s][info ][gc,phases   ] GC(3)   Merge Heap Roots: 0.0ms
[2025-03-19T08:20:28.996+0000][2.537s][info ][gc,phases   ] GC(3)   Evacuate Collection Set: 7.5ms
[2025-03-19T08:20:28.996+0000][2.537s][info ][gc,phases   ] GC(3)   Post Evacuate Collection Set: 0.6ms
[2025-03-19T08:20:28.996+0000][2.537s][info ][gc,phases   ] GC(3)   Other: 0.1ms
[2025-03-19T08:20:28.996+0000][2.537s][info ][gc,heap     ] GC(3) Eden regions: 63->0(65)
[2025-03-19T08:20:28.996+0000][2.537s][info ][gc,heap     ] GC(3) Survivor regions: 5->3(9)
[2025-03-19T08:20:28.996+0000][2.537s][info ][gc,heap     ] GC(3) Old regions: 7->10
[2025-03-19T08:20:28.996+0000][2.537s][info ][gc,heap     ] GC(3) Archive regions: 2->2
[2025-03-19T08:20:28.996+0000][2.537s][info ][gc,heap     ] GC(3) Humongous regions: 0->0
[2025-03-19T08:20:28.996+0000][2.537s][info ][gc,metaspace] GC(3) Metaspace: 9727K(9984K)->9727K(9984K) NonClass: 8477K(8576K)->8477K(8576K) Class: 1249K(1408K)->1249K(1408K)
[2025-03-19T08:20:28.996+0000][2.537s][info ][gc          ] GC(3) Pause Young (Normal) (G1 Evacuation Pause) 75M->13M(116M) 8.429ms
[2025-03-19T08:20:28.996+0000][2.537s][info ][gc,cpu      ] GC(3) User=0.02s Sys=0.00s Real=0.01s
[2025-03-19T08:20:28.996+0000][2.537s][info ][safepoint   ] Safepoint "G1CollectForAllocation", Time since last: 542772718 ns, Reaching safepoint: 50898 ns, Cleanup: 82807 ns, At safepoint: 8476994 ns, Total: 8610699 ns
[2025-03-19T08:20:29.243+0000][2.783s][debug][safepoint   ] Safepoint synchronization initiated using futex wait barrier. (14 threads)
[2025-03-19T08:20:29.243+0000][2.784s][info ][gc,start    ] GC(4) Pause Young (Normal) (G1 Evacuation Pause)
[2025-03-19T08:20:29.243+0000][2.784s][info ][gc,task     ] GC(4) Using 2 workers of 4 for evacuation
[2025-03-19T08:20:29.247+0000][2.788s][info ][gc,phases   ] GC(4)   Pre Evacuate Collection Set: 0.1ms
[2025-03-19T08:20:29.247+0000][2.788s][info ][gc,phases   ] GC(4)   Merge Heap Roots: 0.0ms
[2025-03-19T08:20:29.247+0000][2.788s][info ][gc,phases   ] GC(4)   Evacuate Collection Set: 3.2ms
[2025-03-19T08:20:29.247+0000][2.788s][info ][gc,phases   ] GC(4)   Post Evacuate Collection Set: 0.7ms
[2025-03-19T08:20:29.247+0000][2.788s][info ][gc,phases   ] GC(4)   Other: 0.1ms
[2025-03-19T08:20:29.247+0000][2.788s][info ][gc,heap     ] GC(4) Eden regions: 65->0(80)
[2025-03-19T08:20:29.247+0000][2.788s][info ][gc,heap     ] GC(4) Survivor regions: 3->4(9)
[2025-03-19T08:20:29.247+0000][2.788s][info ][gc,heap     ] GC(4) Old regions: 10->10
[2025-03-19T08:20:29.247+0000][2.788s][info ][gc,heap     ] GC(4) Archive regions: 2->2
[2025-03-19T08:20:29.247+0000][2.788s][info ][gc,heap     ] GC(4) Humongous regions: 0->0
[2025-03-19T08:20:29.247+0000][2.788s][info ][gc,metaspace] GC(4) Metaspace: 11302K(11584K)->11302K(11584K) NonClass: 9817K(9984K)->9817K(9984K) Class: 1485K(1600K)->1485K(1600K)
[2025-03-19T08:20:29.247+0000][2.788s][info ][gc          ] GC(4) Pause Young (Normal) (G1 Evacuation Pause) 78M->13M(140M) 4.186ms
[2025-03-19T08:20:29.247+0000][2.788s][info ][gc,cpu      ] GC(4) User=0.01s Sys=0.00s Real=0.01s
[2025-03-19T08:20:29.247+0000][2.788s][info ][safepoint   ] Safepoint "G1CollectForAllocation", Time since last: 246712412 ns, Reaching safepoint: 33107 ns, Cleanup: 31696 ns, At safepoint: 4223480 ns, Total: 4288283 ns
[2025-03-19T08:20:29.404+0000][2.945s][debug][safepoint   ] Safepoint synchronization initiated using futex wait barrier. (14 threads)
[2025-03-19T08:20:29.405+0000][2.945s][info ][safepoint   ] Safepoint "ICBufferFull", Time since last: 157083670 ns, Reaching safepoint: 177059 ns, Cleanup: 75192 ns, At safepoint: 4503 ns, Total: 256754 ns
[2025-03-19T08:20:29.691+0000][3.232s][debug][safepoint   ] Safepoint synchronization initiated using futex wait barrier. (15 threads)
[2025-03-19T08:20:29.692+0000][3.232s][info ][safepoint   ] Safepoint "ICBufferFull", Time since last: 286644407 ns, Reaching safepoint: 226260 ns, Cleanup: 97044 ns, At safepoint: 1877 ns, Total: 325181 ns
[2025-03-19T08:20:29.727+0000][3.268s][debug][safepoint   ] Safepoint synchronization initiated using futex wait barrier. (15 threads)
[2025-03-19T08:20:29.727+0000][3.268s][info ][gc,start    ] GC(5) Pause Young (Normal) (G1 Evacuation Pause)
[2025-03-19T08:20:29.727+0000][3.268s][info ][gc,task     ] GC(5) Using 4 workers of 4 for evacuation
[2025-03-19T08:20:29.733+0000][3.273s][info ][gc,phases   ] GC(5)   Pre Evacuate Collection Set: 0.1ms
[2025-03-19T08:20:29.733+0000][3.274s][info ][gc,phases   ] GC(5)   Merge Heap Roots: 0.0ms
[2025-03-19T08:20:29.733+0000][3.274s][info ][gc,phases   ] GC(5)   Evacuate Collection Set: 4.8ms
[2025-03-19T08:20:29.733+0000][3.274s][info ][gc,phases   ] GC(5)   Post Evacuate Collection Set: 0.8ms
[2025-03-19T08:20:29.733+0000][3.274s][info ][gc,phases   ] GC(5)   Other: 0.1ms
[2025-03-19T08:20:29.733+0000][3.274s][info ][gc,heap     ] GC(5) Eden regions: 80->0(78)
[2025-03-19T08:20:29.733+0000][3.274s][info ][gc,heap     ] GC(5) Survivor regions: 4->6(11)
[2025-03-19T08:20:29.733+0000][3.274s][info ][gc,heap     ] GC(5) Old regions: 10->10
[2025-03-19T08:20:29.733+0000][3.274s][info ][gc,heap     ] GC(5) Archive regions: 2->2
[2025-03-19T08:20:29.733+0000][3.274s][info ][gc,heap     ] GC(5) Humongous regions: 0->0
[2025-03-19T08:20:29.733+0000][3.274s][info ][gc,metaspace] GC(5) Metaspace: 14352K(14720K)->14352K(14720K) NonClass: 12497K(12672K)->12497K(12672K) Class: 1854K(2048K)->1854K(2048K)
[2025-03-19T08:20:29.733+0000][3.274s][info ][gc          ] GC(5) Pause Young (Normal) (G1 Evacuation Pause) 93M->16M(140M) 5.816ms
[2025-03-19T08:20:29.733+0000][3.274s][info ][gc,cpu      ] GC(5) User=0.01s Sys=0.00s Real=0.00s
[2025-03-19T08:20:29.733+0000][3.274s][info ][safepoint   ] Safepoint "G1CollectForAllocation", Time since last: 35571201 ns, Reaching safepoint: 101217 ns, Cleanup: 18371 ns, At safepoint: 5855177 ns, Total: 5974765 ns
[2025-03-19T08:20:29.953+0000][3.494s][info ][cds,heap    ] initialize_from_archived_subgraph java.lang.Byte$ByteCache 0x000073fedf0395f8
[2025-03-19T08:20:29.953+0000][3.494s][info ][cds,heap    ] initialize_from_archived_subgraph java.lang.Short$ShortCache 0x000073fedf03fce8
[2025-03-19T08:20:30.014+0000][3.554s][debug][safepoint   ] Safepoint synchronization initiated using futex wait barrier. (15 threads)
[2025-03-19T08:20:30.014+0000][3.555s][info ][gc,start    ] GC(6) Pause Young (Normal) (G1 Evacuation Pause)
[2025-03-19T08:20:30.014+0000][3.555s][info ][gc,task     ] GC(6) Using 4 workers of 4 for evacuation
[2025-03-19T08:20:30.022+0000][3.563s][info ][gc,phases   ] GC(6)   Pre Evacuate Collection Set: 0.1ms
[2025-03-19T08:20:30.022+0000][3.563s][info ][gc,phases   ] GC(6)   Merge Heap Roots: 0.1ms
[2025-03-19T08:20:30.022+0000][3.563s][info ][gc,phases   ] GC(6)   Evacuate Collection Set: 7.0ms
[2025-03-19T08:20:30.022+0000][3.563s][info ][gc,phases   ] GC(6)   Post Evacuate Collection Set: 1.2ms
[2025-03-19T08:20:30.023+0000][3.563s][info ][gc,phases   ] GC(6)   Other: 0.1ms
[2025-03-19T08:20:30.023+0000][3.563s][info ][gc,heap     ] GC(6) Eden regions: 78->0(77)
[2025-03-19T08:20:30.023+0000][3.563s][info ][gc,heap     ] GC(6) Survivor regions: 6->7(11)
[2025-03-19T08:20:30.023+0000][3.563s][info ][gc,heap     ] GC(6) Old regions: 10->10
[2025-03-19T08:20:30.023+0000][3.563s][info ][gc,heap     ] GC(6) Archive regions: 2->2
[2025-03-19T08:20:30.023+0000][3.563s][info ][gc,heap     ] GC(6) Humongous regions: 0->0
[2025-03-19T08:20:30.023+0000][3.563s][info ][gc,metaspace] GC(6) Metaspace: 16553K(16896K)->16553K(16896K) NonClass: 14305K(14464K)->14305K(14464K) Class: 2247K(2432K)->2247K(2432K)
[2025-03-19T08:20:30.023+0000][3.563s][info ][gc          ] GC(6) Pause Young (Normal) (G1 Evacuation Pause) 94M->16M(140M) 8.473ms
[2025-03-19T08:20:30.023+0000][3.563s][info ][gc,cpu      ] GC(6) User=0.03s Sys=0.00s Real=0.00s
[2025-03-19T08:20:30.023+0000][3.563s][info ][safepoint   ] Safepoint "G1CollectForAllocation", Time since last: 280797441 ns, Reaching safepoint: 45908 ns, Cleanup: 44178 ns, At safepoint: 8531288 ns, Total: 8621374 ns
[2025-03-19T08:20:30.208+0000][3.748s][debug][safepoint   ] ... found polling page loop exception at pc = 0x000073ff49083e44, stub =0x000073ff4898f400
[2025-03-19T08:20:30.405+0000][3.945s][debug][safepoint   ] Safepoint synchronization initiated using futex wait barrier. (15 threads)
[2025-03-19T08:20:30.405+0000][3.945s][info ][gc,start    ] GC(7) Pause Young (Normal) (G1 Evacuation Pause)
[2025-03-19T08:20:30.405+0000][3.945s][info ][gc,task     ] GC(7) Using 4 workers of 4 for evacuation
[2025-03-19T08:20:30.416+0000][3.957s][info ][gc,phases   ] GC(7)   Pre Evacuate Collection Set: 0.1ms
[2025-03-19T08:20:30.416+0000][3.957s][info ][gc,phases   ] GC(7)   Merge Heap Roots: 0.1ms
[2025-03-19T08:20:30.416+0000][3.957s][info ][gc,phases   ] GC(7)   Evacuate Collection Set: 9.7ms
[2025-03-19T08:20:30.416+0000][3.957s][info ][gc,phases   ] GC(7)   Post Evacuate Collection Set: 1.4ms
[2025-03-19T08:20:30.416+0000][3.957s][info ][gc,phases   ] GC(7)   Other: 0.1ms
[2025-03-19T08:20:30.416+0000][3.957s][info ][gc,heap     ] GC(7) Eden regions: 77->0(76)
[2025-03-19T08:20:30.416+0000][3.957s][info ][gc,heap     ] GC(7) Survivor regions: 7->8(11)
[2025-03-19T08:20:30.416+0000][3.957s][info ][gc,heap     ] GC(7) Old regions: 10->12
[2025-03-19T08:20:30.416+0000][3.957s][info ][gc,heap     ] GC(7) Archive regions: 2->2
[2025-03-19T08:20:30.416+0000][3.957s][info ][gc,heap     ] GC(7) Humongous regions: 0->0
[2025-03-19T08:20:30.416+0000][3.957s][info ][gc,metaspace] GC(7) Metaspace: 19733K(20096K)->19733K(20096K) NonClass: 17131K(17280K)->17131K(17280K) Class: 2601K(2816K)->2601K(2816K)
[2025-03-19T08:20:30.416+0000][3.957s][info ][gc          ] GC(7) Pause Young (Normal) (G1 Evacuation Pause) 93M->19M(140M) 11.517ms
[2025-03-19T08:20:30.416+0000][3.957s][info ][gc,cpu      ] GC(7) User=0.04s Sys=0.00s Real=0.01s
[2025-03-19T08:20:30.416+0000][3.957s][info ][safepoint   ] Safepoint "G1CollectForAllocation", Time since last: 382101843 ns, Reaching safepoint: 116143 ns, Cleanup: 62175 ns, At safepoint: 11570089 ns, Total: 11748407 ns
[2025-03-19T08:20:30.599+0000][4.139s][debug][safepoint   ] Safepoint synchronization initiated using futex wait barrier. (15 threads)
[2025-03-19T08:20:30.599+0000][4.140s][info ][gc,start    ] GC(8) Pause Young (Concurrent Start) (Metadata GC Threshold)
[2025-03-19T08:20:30.599+0000][4.140s][info ][gc,task     ] GC(8) Using 4 workers of 4 for evacuation
[2025-03-19T08:20:30.612+0000][4.152s][info ][gc,phases   ] GC(8)   Pre Evacuate Collection Set: 0.1ms
[2025-03-19T08:20:30.612+0000][4.152s][info ][gc,phases   ] GC(8)   Merge Heap Roots: 0.7ms
[2025-03-19T08:20:30.612+0000][4.152s][info ][gc,phases   ] GC(8)   Evacuate Collection Set: 10.8ms
[2025-03-19T08:20:30.612+0000][4.152s][info ][gc,phases   ] GC(8)   Post Evacuate Collection Set: 0.9ms
[2025-03-19T08:20:30.612+0000][4.152s][info ][gc,phases   ] GC(8)   Other: 0.1ms
[2025-03-19T08:20:30.612+0000][4.152s][info ][gc,heap     ] GC(8) Eden regions: 33->0(78)
[2025-03-19T08:20:30.612+0000][4.152s][info ][gc,heap     ] GC(8) Survivor regions: 8->6(11)
[2025-03-19T08:20:30.612+0000][4.152s][info ][gc,heap     ] GC(8) Old regions: 12->15
[2025-03-19T08:20:30.612+0000][4.152s][info ][gc,heap     ] GC(8) Archive regions: 2->2
[2025-03-19T08:20:30.612+0000][4.152s][info ][gc,heap     ] GC(8) Humongous regions: 0->0
[2025-03-19T08:20:30.612+0000][4.152s][info ][gc,metaspace] GC(8) Metaspace: 21158K(21504K)->21158K(21504K) NonClass: 18395K(18560K)->18395K(18560K) Class: 2762K(2944K)->2762K(2944K)
[2025-03-19T08:20:30.612+0000][4.152s][info ][gc          ] GC(8) Pause Young (Concurrent Start) (Metadata GC Threshold) 52M->21M(140M) 12.730ms
[2025-03-19T08:20:30.612+0000][4.152s][info ][gc,cpu      ] GC(8) User=0.04s Sys=0.01s Real=0.01s
[2025-03-19T08:20:30.612+0000][4.152s][info ][gc          ] GC(9) Concurrent Mark Cycle
[2025-03-19T08:20:30.612+0000][4.152s][info ][gc,marking  ] GC(9) Concurrent Clear Claimed Marks
[2025-03-19T08:20:30.612+0000][4.153s][info ][gc,marking  ] GC(9) Concurrent Clear Claimed Marks 0.031ms
[2025-03-19T08:20:30.612+0000][4.153s][info ][gc,marking  ] GC(9) Concurrent Scan Root Regions
[2025-03-19T08:20:30.615+0000][4.155s][info ][safepoint   ] Safepoint "CollectForMetadataAllocation", Time since last: 182571439 ns, Reaching safepoint: 112036 ns, Cleanup: 46197 ns, At safepoint: 15827514 ns, Total: 15985747 ns
[2025-03-19T08:20:30.622+0000][4.163s][info ][gc,marking  ] GC(9) Concurrent Scan Root Regions 10.205ms
[2025-03-19T08:20:30.622+0000][4.163s][info ][gc,marking  ] GC(9) Concurrent Mark
[2025-03-19T08:20:30.622+0000][4.163s][info ][gc,marking  ] GC(9) Concurrent Mark From Roots
[2025-03-19T08:20:30.622+0000][4.163s][info ][gc,task     ] GC(9) Using 1 workers of 1 for marking
[2025-03-19T08:20:30.651+0000][4.191s][info ][gc,marking  ] GC(9) Concurrent Mark From Roots 28.476ms
[2025-03-19T08:20:30.651+0000][4.191s][info ][gc,marking  ] GC(9) Concurrent Preclean
[2025-03-19T08:20:30.654+0000][4.195s][info ][gc,marking  ] GC(9) Concurrent Preclean 3.508ms
[2025-03-19T08:20:30.654+0000][4.195s][debug][safepoint   ] Safepoint synchronization initiated using futex wait barrier. (15 threads)
[2025-03-19T08:20:30.654+0000][4.195s][debug][safepoint   ] ... found polling page loop exception at pc = 0x000073ff48faf611, stub =0x000073ff4898f400
[2025-03-19T08:20:30.655+0000][4.196s][info ][gc,start    ] GC(9) Pause Remark
[2025-03-19T08:20:30.659+0000][4.199s][info ][gc          ] GC(9) Pause Remark 25M->25M(90M) 3.745ms
[2025-03-19T08:20:30.659+0000][4.199s][info ][gc,cpu      ] GC(9) User=0.02s Sys=0.00s Real=0.00s
[2025-03-19T08:20:30.661+0000][4.202s][info ][safepoint   ] Safepoint "G1PauseRemark", Time since last: 39454242 ns, Reaching safepoint: 142655 ns, Cleanup: 15229 ns, At safepoint: 6528699 ns, Total: 6686583 ns
[2025-03-19T08:20:30.661+0000][4.202s][info ][gc,marking  ] GC(9) Concurrent Mark 38.885ms
[2025-03-19T08:20:30.661+0000][4.202s][info ][gc,marking  ] GC(9) Concurrent Rebuild Remembered Sets
[2025-03-19T08:20:30.688+0000][4.228s][info ][gc,marking  ] GC(9) Concurrent Rebuild Remembered Sets 26.605ms
[2025-03-19T08:20:30.688+0000][4.228s][debug][safepoint   ] Safepoint synchronization initiated using futex wait barrier. (15 threads)
[2025-03-19T08:20:30.688+0000][4.228s][debug][safepoint   ] ... found polling page loop exception at pc = 0x000073ff41a5375f, stub =0x000073ff4898f400
[2025-03-19T08:20:30.688+0000][4.229s][info ][gc,start    ] GC(9) Pause Cleanup
[2025-03-19T08:20:30.688+0000][4.229s][info ][gc          ] GC(9) Pause Cleanup 28M->28M(90M) 0.083ms
[2025-03-19T08:20:30.688+0000][4.229s][info ][gc,cpu      ] GC(9) User=0.00s Sys=0.00s Real=0.00s
[2025-03-19T08:20:30.688+0000][4.229s][info ][safepoint   ] Safepoint "G1PauseCleanup", Time since last: 26759001 ns, Reaching safepoint: 214108 ns, Cleanup: 18275 ns, At safepoint: 116670 ns, Total: 349053 ns
[2025-03-19T08:20:30.689+0000][4.230s][info ][gc,marking  ] GC(9) Concurrent Cleanup for Next Mark
[2025-03-19T08:20:30.694+0000][4.234s][info ][gc,marking  ] GC(9) Concurrent Cleanup for Next Mark 4.137ms
[2025-03-19T08:20:30.694+0000][4.234s][info ][gc          ] GC(9) Concurrent Mark Cycle 81.608ms
[2025-03-19T08:20:30.919+0000][4.460s][debug][safepoint   ] Safepoint synchronization initiated using futex wait barrier. (15 threads)
[2025-03-19T08:20:30.920+0000][4.460s][info ][gc,start    ] GC(10) Pause Young (Normal) (G1 Preventive Collection)
[2025-03-19T08:20:30.920+0000][4.460s][info ][gc,task     ] GC(10) Using 4 workers of 4 for evacuation
[2025-03-19T08:20:30.927+0000][4.467s][info ][gc,phases   ] GC(10)   Pre Evacuate Collection Set: 0.1ms
[2025-03-19T08:20:30.927+0000][4.467s][info ][gc,phases   ] GC(10)   Merge Heap Roots: 0.1ms
[2025-03-19T08:20:30.927+0000][4.467s][info ][gc,phases   ] GC(10)   Evacuate Collection Set: 6.3ms
[2025-03-19T08:20:30.927+0000][4.467s][info ][gc,phases   ] GC(10)   Post Evacuate Collection Set: 0.6ms
[2025-03-19T08:20:30.927+0000][4.467s][info ][gc,phases   ] GC(10)   Other: 0.1ms
[2025-03-19T08:20:30.927+0000][4.467s][info ][gc,heap     ] GC(10) Eden regions: 57->0(48)
[2025-03-19T08:20:30.927+0000][4.467s][info ][gc,heap     ] GC(10) Survivor regions: 6->5(8)
[2025-03-19T08:20:30.927+0000][4.467s][info ][gc,heap     ] GC(10) Old regions: 15->19
[2025-03-19T08:20:30.927+0000][4.467s][info ][gc,heap     ] GC(10) Archive regions: 2->2
[2025-03-19T08:20:30.927+0000][4.467s][info ][gc,heap     ] GC(10) Humongous regions: 0->0
[2025-03-19T08:20:30.927+0000][4.467s][info ][gc,metaspace] GC(10) Metaspace: 23114K(23488K)->23114K(23488K) NonClass: 20085K(20288K)->20085K(20288K) Class: 3028K(3200K)->3028K(3200K)
[2025-03-19T08:20:30.927+0000][4.467s][info ][gc          ] GC(10) Pause Young (Normal) (G1 Preventive Collection) 78M->23M(90M) 7.228ms
[2025-03-19T08:20:30.927+0000][4.467s][info ][gc,cpu      ] GC(10) User=0.03s Sys=0.00s Real=0.01s
[2025-03-19T08:20:30.927+0000][4.467s][info ][safepoint   ] Safepoint "G1CollectForAllocation", Time since last: 231045930 ns, Reaching safepoint: 367895 ns, Cleanup: 58210 ns, At safepoint: 7276379 ns, Total: 7702484 ns
[2025-03-19T08:20:31.092+0000][4.632s][debug][safepoint   ] Safepoint synchronization initiated using futex wait barrier. (15 threads)
[2025-03-19T08:20:31.092+0000][4.632s][debug][safepoint   ] ... found polling page loop exception at pc = 0x000073ff41b76689, stub =0x000073ff4898f400
[2025-03-19T08:20:31.092+0000][4.633s][info ][gc,start    ] GC(11) Pause Young (Normal) (G1 Evacuation Pause)
[2025-03-19T08:20:31.092+0000][4.633s][info ][gc,task     ] GC(11) Using 4 workers of 4 for evacuation
[2025-03-19T08:20:31.100+0000][4.641s][info ][gc,phases   ] GC(11)   Pre Evacuate Collection Set: 0.1ms
[2025-03-19T08:20:31.100+0000][4.641s][info ][gc,phases   ] GC(11)   Merge Heap Roots: 0.1ms
[2025-03-19T08:20:31.100+0000][4.641s][info ][gc,phases   ] GC(11)   Evacuate Collection Set: 7.3ms
[2025-03-19T08:20:31.100+0000][4.641s][info ][gc,phases   ] GC(11)   Post Evacuate Collection Set: 0.8ms
[2025-03-19T08:20:31.100+0000][4.641s][info ][gc,phases   ] GC(11)   Other: 0.1ms
[2025-03-19T08:20:31.100+0000][4.641s][info ][gc,heap     ] GC(11) Eden regions: 48->0(59)
[2025-03-19T08:20:31.100+0000][4.641s][info ][gc,heap     ] GC(11) Survivor regions: 5->6(7)
[2025-03-19T08:20:31.100+0000][4.641s][info ][gc,heap     ] GC(11) Old regions: 19->21
[2025-03-19T08:20:31.100+0000][4.641s][info ][gc,heap     ] GC(11) Archive regions: 2->2
[2025-03-19T08:20:31.100+0000][4.641s][info ][gc,heap     ] GC(11) Humongous regions: 0->0
[2025-03-19T08:20:31.100+0000][4.641s][info ][gc,metaspace] GC(11) Metaspace: 23906K(24256K)->23906K(24256K) NonClass: 20789K(20992K)->20789K(20992K) Class: 3116K(3264K)->3116K(3264K)
[2025-03-19T08:20:31.100+0000][4.641s][info ][gc          ] GC(11) Pause Young (Normal) (G1 Evacuation Pause) 71M->26M(109M) 8.329ms
[2025-03-19T08:20:31.101+0000][4.641s][info ][gc,cpu      ] GC(11) User=0.03s Sys=0.00s Real=0.01s
[2025-03-19T08:20:31.101+0000][4.641s][info ][safepoint   ] Safepoint "G1CollectForAllocation", Time since last: 164931963 ns, Reaching safepoint: 140361 ns, Cleanup: 62058 ns, At safepoint: 8373411 ns, Total: 8575830 ns
[2025-03-19T08:20:31.232+0000][4.772s][debug][safepoint   ] Safepoint synchronization initiated using futex wait barrier. (14 threads)
[2025-03-19T08:20:31.232+0000][4.773s][info ][gc,start    ] GC(12) Pause Young (Normal) (G1 Evacuation Pause)
[2025-03-19T08:20:31.232+0000][4.773s][info ][gc,task     ] GC(12) Using 3 workers of 4 for evacuation
[2025-03-19T08:20:31.244+0000][4.784s][info ][gc,phases   ] GC(12)   Pre Evacuate Collection Set: 0.1ms
[2025-03-19T08:20:31.244+0000][4.784s][info ][gc,phases   ] GC(12)   Merge Heap Roots: 0.1ms
[2025-03-19T08:20:31.244+0000][4.784s][info ][gc,phases   ] GC(12)   Evacuate Collection Set: 10.7ms
[2025-03-19T08:20:31.244+0000][4.784s][info ][gc,phases   ] GC(12)   Post Evacuate Collection Set: 0.8ms
[2025-03-19T08:20:31.244+0000][4.784s][info ][gc,phases   ] GC(12)   Other: 0.1ms
[2025-03-19T08:20:31.244+0000][4.784s][info ][gc,heap     ] GC(12) Eden regions: 59->0(50)
[2025-03-19T08:20:31.244+0000][4.784s][info ][gc,heap     ] GC(12) Survivor regions: 6->9(9)
[2025-03-19T08:20:31.244+0000][4.784s][info ][gc,heap     ] GC(12) Old regions: 21->25
[2025-03-19T08:20:31.244+0000][4.784s][info ][gc,heap     ] GC(12) Archive regions: 2->2
[2025-03-19T08:20:31.244+0000][4.784s][info ][gc,heap     ] GC(12) Humongous regions: 0->0
[2025-03-19T08:20:31.244+0000][4.784s][info ][gc,metaspace] GC(12) Metaspace: 24448K(24832K)->24448K(24832K) NonClass: 21254K(21440K)->21254K(21440K) Class: 3193K(3392K)->3193K(3392K)
[2025-03-19T08:20:31.244+0000][4.784s][info ][gc          ] GC(12) Pause Young (Normal) (G1 Evacuation Pause) 85M->34M(109M) 11.748ms
[2025-03-19T08:20:31.244+0000][4.784s][info ][gc,cpu      ] GC(12) User=0.04s Sys=0.01s Real=0.01s
[2025-03-19T08:20:31.244+0000][4.784s][info ][safepoint   ] Safepoint "G1CollectForAllocation", Time since last: 131520730 ns, Reaching safepoint: 49296 ns, Cleanup: 24449 ns, At safepoint: 11790389 ns, Total: 11864134 ns
[2025-03-19T08:20:31.395+0000][4.935s][debug][safepoint   ] Safepoint synchronization initiated using futex wait barrier. (14 threads)
[2025-03-19T08:20:31.395+0000][4.935s][info ][gc,start    ] GC(13) Pause Young (Normal) (G1 Evacuation Pause)
[2025-03-19T08:20:31.395+0000][4.935s][info ][gc,task     ] GC(13) Using 2 workers of 4 for evacuation
[2025-03-19T08:20:31.414+0000][4.954s][info ][gc,phases   ] GC(13)   Pre Evacuate Collection Set: 0.1ms
[2025-03-19T08:20:31.414+0000][4.955s][info ][gc,phases   ] GC(13)   Merge Heap Roots: 0.1ms
[2025-03-19T08:20:31.414+0000][4.955s][info ][gc,phases   ] GC(13)   Evacuate Collection Set: 17.6ms
[2025-03-19T08:20:31.414+0000][4.955s][info ][gc,phases   ] GC(13)   Post Evacuate Collection Set: 1.5ms
[2025-03-19T08:20:31.414+0000][4.955s][info ][gc,phases   ] GC(13)   Other: 0.1ms
[2025-03-19T08:20:31.414+0000][4.955s][info ][gc,heap     ] GC(13) Eden regions: 50->0(45)
[2025-03-19T08:20:31.414+0000][4.955s][info ][gc,heap     ] GC(13) Survivor regions: 9->6(8)
[2025-03-19T08:20:31.414+0000][4.955s][info ][gc,heap     ] GC(13) Old regions: 25->34
[2025-03-19T08:20:31.414+0000][4.955s][info ][gc,heap     ] GC(13) Archive regions: 2->2
[2025-03-19T08:20:31.414+0000][4.955s][info ][gc,heap     ] GC(13) Humongous regions: 0->0
[2025-03-19T08:20:31.414+0000][4.955s][info ][gc,metaspace] GC(13) Metaspace: 24521K(24896K)->24521K(24896K) NonClass: 21321K(21504K)->21321K(21504K) Class: 3200K(3392K)->3200K(3392K)
[2025-03-19T08:20:31.414+0000][4.955s][info ][gc          ] GC(13) Pause Young (Normal) (G1 Evacuation Pause) 84M->39M(109M) 19.411ms
[2025-03-19T08:20:31.414+0000][4.955s][info ][gc,cpu      ] GC(13) User=0.04s Sys=0.01s Real=0.02s
[2025-03-19T08:20:31.414+0000][4.955s][info ][safepoint   ] Safepoint "G1CollectForAllocation", Time since last: 150742380 ns, Reaching safepoint: 40331 ns, Cleanup: 29324 ns, At safepoint: 19461608 ns, Total: 19531263 ns
[2025-03-19T08:20:31.618+0000][5.159s][debug][safepoint   ] Safepoint synchronization initiated using futex wait barrier. (14 threads)
[2025-03-19T08:20:31.618+0000][5.159s][info ][gc,start    ] GC(14) Pause Young (Normal) (G1 Evacuation Pause)
[2025-03-19T08:20:31.618+0000][5.159s][info ][gc,task     ] GC(14) Using 2 workers of 4 for evacuation
[2025-03-19T08:20:31.632+0000][5.173s][info ][gc,phases   ] GC(14)   Pre Evacuate Collection Set: 0.1ms
[2025-03-19T08:20:31.632+0000][5.173s][info ][gc,phases   ] GC(14)   Merge Heap Roots: 0.1ms
[2025-03-19T08:20:31.632+0000][5.173s][info ][gc,phases   ] GC(14)   Evacuate Collection Set: 12.5ms
[2025-03-19T08:20:31.632+0000][5.173s][info ][gc,phases   ] GC(14)   Post Evacuate Collection Set: 1.3ms
[2025-03-19T08:20:31.632+0000][5.173s][info ][gc,phases   ] GC(14)   Other: 0.1ms
[2025-03-19T08:20:31.632+0000][5.173s][info ][gc,heap     ] GC(14) Eden regions: 45->0(41)
[2025-03-19T08:20:31.632+0000][5.173s][info ][gc,heap     ] GC(14) Survivor regions: 6->5(7)
[2025-03-19T08:20:31.632+0000][5.173s][info ][gc,heap     ] GC(14) Old regions: 34->40
[2025-03-19T08:20:31.632+0000][5.173s][info ][gc,heap     ] GC(14) Archive regions: 2->2
[2025-03-19T08:20:31.632+0000][5.173s][info ][gc,heap     ] GC(14) Humongous regions: 0->0
[2025-03-19T08:20:31.632+0000][5.173s][info ][gc,metaspace] GC(14) Metaspace: 24737K(25152K)->24737K(25152K) NonClass: 21499K(21696K)->21499K(21696K) Class: 3238K(3456K)->3238K(3456K)
[2025-03-19T08:20:31.632+0000][5.173s][info ][gc          ] GC(14) Pause Young (Normal) (G1 Evacuation Pause) 84M->44M(109M) 14.070ms
[2025-03-19T08:20:31.632+0000][5.173s][info ][gc,cpu      ] GC(14) User=0.04s Sys=0.00s Real=0.01s
[2025-03-19T08:20:31.632+0000][5.173s][info ][safepoint   ] Safepoint "G1CollectForAllocation", Time since last: 203913770 ns, Reaching safepoint: 54099 ns, Cleanup: 19418 ns, At safepoint: 14120127 ns, Total: 14193644 ns
[2025-03-19T08:20:31.685+0000][5.225s][debug][safepoint   ] ... found polling page loop exception at pc = 0x000073ff4915bcfc, stub =0x000073ff4898f400
[2025-03-19T08:20:31.834+0000][5.374s][debug][safepoint   ] Safepoint synchronization initiated using futex wait barrier. (14 threads)
[2025-03-19T08:20:31.834+0000][5.374s][info ][gc,start    ] GC(15) Pause Young (Normal) (G1 Evacuation Pause)
[2025-03-19T08:20:31.834+0000][5.374s][info ][gc,task     ] GC(15) Using 2 workers of 4 for evacuation
[2025-03-19T08:20:31.846+0000][5.387s][info ][gc,phases   ] GC(15)   Pre Evacuate Collection Set: 0.1ms
[2025-03-19T08:20:31.847+0000][5.387s][info ][gc,phases   ] GC(15)   Merge Heap Roots: 0.1ms
[2025-03-19T08:20:31.847+0000][5.387s][info ][gc,phases   ] GC(15)   Evacuate Collection Set: 10.7ms
[2025-03-19T08:20:31.847+0000][5.387s][info ][gc,phases   ] GC(15)   Post Evacuate Collection Set: 1.6ms
[2025-03-19T08:20:31.847+0000][5.387s][info ][gc,phases   ] GC(15)   Other: 0.1ms
[2025-03-19T08:20:31.847+0000][5.387s][info ][gc,heap     ] GC(15) Eden regions: 41->0(103)
[2025-03-19T08:20:31.847+0000][5.387s][info ][gc,heap     ] GC(15) Survivor regions: 5->5(6)
[2025-03-19T08:20:31.847+0000][5.387s][info ][gc,heap     ] GC(15) Old regions: 40->44
[2025-03-19T08:20:31.847+0000][5.387s][info ][gc,heap     ] GC(15) Archive regions: 2->2
[2025-03-19T08:20:31.847+0000][5.387s][info ][gc,heap     ] GC(15) Humongous regions: 0->0
[2025-03-19T08:20:31.847+0000][5.387s][info ][gc,metaspace] GC(15) Metaspace: 24941K(25280K)->24941K(25280K) NonClass: 21688K(21824K)->21688K(21824K) Class: 3252K(3456K)->3252K(3456K)
[2025-03-19T08:20:31.847+0000][5.387s][info ][gc          ] GC(15) Pause Young (Normal) (G1 Evacuation Pause) 85M->48M(203M) 12.593ms
[2025-03-19T08:20:31.847+0000][5.387s][info ][gc,cpu      ] GC(15) User=0.03s Sys=0.00s Real=0.02s
[2025-03-19T08:20:31.847+0000][5.387s][info ][safepoint   ] Safepoint "G1CollectForAllocation", Time since last: 201532987 ns, Reaching safepoint: 41550 ns, Cleanup: 101410 ns, At safepoint: 12646524 ns, Total: 12789484 ns
[2025-03-19T08:20:31.857+0000][5.397s][debug][safepoint   ] ... found polling page loop exception at pc = 0x000073ff41b56c5c, stub =0x000073ff4898f400
[2025-03-19T08:20:32.426+0000][5.966s][debug][safepoint   ] Safepoint synchronization initiated using futex wait barrier. (14 threads)
[2025-03-19T08:20:32.426+0000][5.967s][info ][safepoint   ] Safepoint "ICBufferFull", Time since last: 579415341 ns, Reaching safepoint: 57729 ns, Cleanup: 130094 ns, At safepoint: 2419 ns, Total: 190242 ns
[2025-03-19T08:20:32.480+0000][6.021s][debug][safepoint   ] Safepoint synchronization initiated using futex wait barrier. (14 threads)
[2025-03-19T08:20:32.481+0000][6.021s][info ][gc,start    ] GC(16) Pause Young (Normal) (G1 Evacuation Pause)
[2025-03-19T08:20:32.481+0000][6.021s][info ][gc,task     ] GC(16) Using 4 workers of 4 for evacuation
[2025-03-19T08:20:32.490+0000][6.030s][info ][gc,phases   ] GC(16)   Pre Evacuate Collection Set: 0.1ms
[2025-03-19T08:20:32.490+0000][6.030s][info ][gc,phases   ] GC(16)   Merge Heap Roots: 0.1ms
[2025-03-19T08:20:32.490+0000][6.030s][info ][gc,phases   ] GC(16)   Evacuate Collection Set: 8.1ms
[2025-03-19T08:20:32.490+0000][6.030s][info ][gc,phases   ] GC(16)   Post Evacuate Collection Set: 0.8ms
[2025-03-19T08:20:32.490+0000][6.030s][info ][gc,phases   ] GC(16)   Other: 0.1ms
[2025-03-19T08:20:32.490+0000][6.030s][info ][gc,heap     ] GC(16) Eden regions: 103->0(106)
[2025-03-19T08:20:32.490+0000][6.030s][info ][gc,heap     ] GC(16) Survivor regions: 5->9(14)
[2025-03-19T08:20:32.490+0000][6.030s][info ][gc,heap     ] GC(16) Old regions: 44->44
[2025-03-19T08:20:32.490+0000][6.030s][info ][gc,heap     ] GC(16) Archive regions: 2->2
[2025-03-19T08:20:32.490+0000][6.030s][info ][gc,heap     ] GC(16) Humongous regions: 0->0
[2025-03-19T08:20:32.490+0000][6.030s][info ][gc,metaspace] GC(16) Metaspace: 25148K(25536K)->25148K(25536K) NonClass: 21882K(22080K)->21882K(22080K) Class: 3265K(3456K)->3265K(3456K)
[2025-03-19T08:20:32.490+0000][6.030s][info ][gc          ] GC(16) Pause Young (Normal) (G1 Evacuation Pause) 151M->52M(203M) 9.257ms
[2025-03-19T08:20:32.490+0000][6.030s][info ][gc,cpu      ] GC(16) User=0.04s Sys=0.00s Real=0.01s
[2025-03-19T08:20:32.490+0000][6.030s][info ][safepoint   ] Safepoint "G1CollectForAllocation", Time since last: 54275691 ns, Reaching safepoint: 45157 ns, Cleanup: 22673 ns, At safepoint: 9304707 ns, Total: 9372537 ns
[2025-03-19T08:20:33.007+0000][6.547s][debug][safepoint   ] Safepoint synchronization initiated using futex wait barrier. (15 threads)
[2025-03-19T08:20:33.007+0000][6.548s][info ][gc,start    ] GC(17) Pause Young (Normal) (G1 Evacuation Pause)
[2025-03-19T08:20:33.007+0000][6.548s][info ][gc,task     ] GC(17) Using 4 workers of 4 for evacuation
[2025-03-19T08:20:33.020+0000][6.560s][info ][gc,phases   ] GC(17)   Pre Evacuate Collection Set: 0.1ms
[2025-03-19T08:20:33.020+0000][6.560s][info ][gc,phases   ] GC(17)   Merge Heap Roots: 0.1ms
[2025-03-19T08:20:33.020+0000][6.560s][info ][gc,phases   ] GC(17)   Evacuate Collection Set: 11.7ms
[2025-03-19T08:20:33.020+0000][6.560s][info ][gc,phases   ] GC(17)   Post Evacuate Collection Set: 1.0ms
[2025-03-19T08:20:33.020+0000][6.561s][info ][gc,phases   ] GC(17)   Other: 0.1ms
[2025-03-19T08:20:33.020+0000][6.561s][info ][gc,heap     ] GC(17) Eden regions: 106->0(105)
[2025-03-19T08:20:33.020+0000][6.561s][info ][gc,heap     ] GC(17) Survivor regions: 9->8(15)
[2025-03-19T08:20:33.020+0000][6.561s][info ][gc,heap     ] GC(17) Old regions: 44->48
[2025-03-19T08:20:33.020+0000][6.561s][info ][gc,heap     ] GC(17) Archive regions: 2->2
[2025-03-19T08:20:33.020+0000][6.561s][info ][gc,heap     ] GC(17) Humongous regions: 0->0
[2025-03-19T08:20:33.020+0000][6.561s][info ][gc,metaspace] GC(17) Metaspace: 26025K(26368K)->26025K(26368K) NonClass: 22694K(22848K)->22694K(22848K) Class: 3330K(3520K)->3330K(3520K)
[2025-03-19T08:20:33.020+0000][6.561s][info ][gc          ] GC(17) Pause Young (Normal) (G1 Evacuation Pause) 158M->56M(203M) 13.006ms
[2025-03-19T08:20:33.020+0000][6.561s][info ][gc,cpu      ] GC(17) User=0.04s Sys=0.00s Real=0.01s
[2025-03-19T08:20:33.020+0000][6.561s][info ][safepoint   ] Safepoint "G1CollectForAllocation", Time since last: 517043859 ns, Reaching safepoint: 106268 ns, Cleanup: 86000 ns, At safepoint: 13053878 ns, Total: 13246146 ns
[2025-03-19T08:20:33.286+0000][6.827s][debug][safepoint   ] Safepoint synchronization initiated using futex wait barrier. (15 threads)
[2025-03-19T08:20:33.286+0000][6.827s][debug][safepoint   ] ... found polling page loop exception at pc = 0x000073ff48f8e7ac, stub =0x000073ff4898f400
[2025-03-19T08:20:33.286+0000][6.827s][info ][gc,start    ] GC(18) Pause Young (Normal) (G1 Evacuation Pause)
[2025-03-19T08:20:33.286+0000][6.827s][info ][gc,task     ] GC(18) Using 4 workers of 4 for evacuation
[2025-03-19T08:20:33.294+0000][6.835s][info ][gc,phases   ] GC(18)   Pre Evacuate Collection Set: 0.1ms
[2025-03-19T08:20:33.294+0000][6.835s][info ][gc,phases   ] GC(18)   Merge Heap Roots: 0.1ms
[2025-03-19T08:20:33.294+0000][6.835s][info ][gc,phases   ] GC(18)   Evacuate Collection Set: 6.9ms
[2025-03-19T08:20:33.294+0000][6.835s][info ][gc,phases   ] GC(18)   Post Evacuate Collection Set: 0.9ms
[2025-03-19T08:20:33.294+0000][6.835s][info ][gc,phases   ] GC(18)   Other: 0.1ms
[2025-03-19T08:20:33.294+0000][6.835s][info ][gc,heap     ] GC(18) Eden regions: 105->0(108)
[2025-03-19T08:20:33.294+0000][6.835s][info ][gc,heap     ] GC(18) Survivor regions: 8->9(15)
[2025-03-19T08:20:33.295+0000][6.835s][info ][gc,heap     ] GC(18) Old regions: 48->48
[2025-03-19T08:20:33.295+0000][6.835s][info ][gc,heap     ] GC(18) Archive regions: 2->2
[2025-03-19T08:20:33.295+0000][6.835s][info ][gc,heap     ] GC(18) Humongous regions: 0->0
[2025-03-19T08:20:33.295+0000][6.835s][info ][gc,metaspace] GC(18) Metaspace: 26854K(27264K)->26854K(27264K) NonClass: 23451K(23680K)->23451K(23680K) Class: 3402K(3584K)->3402K(3584K)
[2025-03-19T08:20:33.295+0000][6.835s][info ][gc          ] GC(18) Pause Young (Normal) (G1 Evacuation Pause) 161M->56M(203M) 8.191ms
[2025-03-19T08:20:33.295+0000][6.835s][info ][gc,cpu      ] GC(18) User=0.03s Sys=0.00s Real=0.01s
[2025-03-19T08:20:33.295+0000][6.835s][info ][safepoint   ] Safepoint "G1CollectForAllocation", Time since last: 266142853 ns, Reaching safepoint: 102539 ns, Cleanup: 17815 ns, At safepoint: 8240321 ns, Total: 8360675 ns
[2025-03-19T08:20:33.930+0000][7.471s][debug][safepoint   ] Safepoint synchronization initiated using futex wait barrier. (14 threads)
[2025-03-19T08:20:33.930+0000][7.471s][info ][gc,start    ] GC(19) Pause Young (Normal) (G1 Evacuation Pause)
[2025-03-19T08:20:33.930+0000][7.471s][info ][gc,task     ] GC(19) Using 4 workers of 4 for evacuation
[2025-03-19T08:20:33.942+0000][7.483s][info ][gc,phases   ] GC(19)   Pre Evacuate Collection Set: 0.1ms
[2025-03-19T08:20:33.942+0000][7.483s][info ][gc,phases   ] GC(19)   Merge Heap Roots: 0.1ms
[2025-03-19T08:20:33.942+0000][7.483s][info ][gc,phases   ] GC(19)   Evacuate Collection Set: 10.2ms
[2025-03-19T08:20:33.942+0000][7.483s][info ][gc,phases   ] GC(19)   Post Evacuate Collection Set: 1.4ms
[2025-03-19T08:20:33.942+0000][7.483s][info ][gc,phases   ] GC(19)   Other: 0.1ms
[2025-03-19T08:20:33.942+0000][7.483s][info ][gc,heap     ] GC(19) Eden regions: 108->0(109)
[2025-03-19T08:20:33.942+0000][7.483s][info ][gc,heap     ] GC(19) Survivor regions: 9->10(15)
[2025-03-19T08:20:33.942+0000][7.483s][info ][gc,heap     ] GC(19) Old regions: 48->48
[2025-03-19T08:20:33.942+0000][7.483s][info ][gc,heap     ] GC(19) Archive regions: 2->2
[2025-03-19T08:20:33.942+0000][7.483s][info ][gc,heap     ] GC(19) Humongous regions: 0->0
[2025-03-19T08:20:33.942+0000][7.483s][info ][gc,metaspace] GC(19) Metaspace: 32326K(32704K)->32326K(32704K) NonClass: 28304K(28480K)->28304K(28480K) Class: 4021K(4224K)->4021K(4224K)
[2025-03-19T08:20:33.942+0000][7.483s][info ][gc          ] GC(19) Pause Young (Normal) (G1 Evacuation Pause) 164M->58M(203M) 11.954ms
[2025-03-19T08:20:33.942+0000][7.483s][info ][gc,cpu      ] GC(19) User=0.04s Sys=0.00s Real=0.01s
[2025-03-19T08:20:33.942+0000][7.483s][info ][safepoint   ] Safepoint "G1CollectForAllocation", Time since last: 635446495 ns, Reaching safepoint: 43221 ns, Cleanup: 101089 ns, At safepoint: 12005767 ns, Total: 12150077 ns
[2025-03-19T08:20:34.634+0000][8.174s][debug][safepoint   ] Safepoint synchronization initiated using futex wait barrier. (14 threads)
[2025-03-19T08:20:34.634+0000][8.175s][info ][gc,start    ] GC(20) Pause Young (Normal) (G1 Evacuation Pause)
[2025-03-19T08:20:34.634+0000][8.175s][info ][gc,task     ] GC(20) Using 4 workers of 4 for evacuation
[2025-03-19T08:20:34.645+0000][8.185s][info ][gc,phases   ] GC(20)   Pre Evacuate Collection Set: 0.1ms
[2025-03-19T08:20:34.645+0000][8.185s][info ][gc,phases   ] GC(20)   Merge Heap Roots: 0.1ms
[2025-03-19T08:20:34.645+0000][8.185s][info ][gc,phases   ] GC(20)   Evacuate Collection Set: 8.6ms
[2025-03-19T08:20:34.645+0000][8.185s][info ][gc,phases   ] GC(20)   Post Evacuate Collection Set: 1.5ms
[2025-03-19T08:20:34.645+0000][8.185s][info ][gc,phases   ] GC(20)   Other: 0.2ms
[2025-03-19T08:20:34.645+0000][8.185s][info ][gc,heap     ] GC(20) Eden regions: 109->0(139)
[2025-03-19T08:20:34.645+0000][8.185s][info ][gc,heap     ] GC(20) Survivor regions: 10->7(15)
[2025-03-19T08:20:34.645+0000][8.185s][info ][gc,heap     ] GC(20) Old regions: 48->51
[2025-03-19T08:20:34.645+0000][8.185s][info ][gc,heap     ] GC(20) Archive regions: 2->2
[2025-03-19T08:20:34.645+0000][8.185s][info ][gc,heap     ] GC(20) Humongous regions: 0->0
[2025-03-19T08:20:34.645+0000][8.185s][info ][gc,metaspace] GC(20) Metaspace: 34425K(34816K)->34425K(34816K) NonClass: 30152K(30336K)->30152K(30336K) Class: 4273K(4480K)->4273K(4480K)
[2025-03-19T08:20:34.645+0000][8.185s][info ][gc          ] GC(20) Pause Young (Normal) (G1 Evacuation Pause) 167M->57M(244M) 10.445ms
[2025-03-19T08:20:34.645+0000][8.185s][info ][gc,cpu      ] GC(20) User=0.03s Sys=0.00s Real=0.01s
[2025-03-19T08:20:34.645+0000][8.185s][info ][safepoint   ] Safepoint "G1CollectForAllocation", Time since last: 691711788 ns, Reaching safepoint: 68482 ns, Cleanup: 152023 ns, At safepoint: 10495970 ns, Total: 10716475 ns
[2025-03-19T08:20:35.270+0000][8.810s][debug][safepoint   ] Safepoint synchronization initiated using futex wait barrier. (14 threads)
[2025-03-19T08:20:35.270+0000][8.810s][info ][safepoint   ] Safepoint "ICBufferFull", Time since last: 625110529 ns, Reaching safepoint: 118023 ns, Cleanup: 154323 ns, At safepoint: 3825 ns, Total: 276171 ns
[2025-03-19T08:20:35.341+0000][8.882s][debug][safepoint   ] Safepoint synchronization initiated using futex wait barrier. (14 threads)
[2025-03-19T08:20:35.341+0000][8.882s][info ][gc,start    ] GC(21) Pause Young (Concurrent Start) (Metadata GC Threshold)
[2025-03-19T08:20:35.341+0000][8.882s][info ][gc,task     ] GC(21) Using 4 workers of 4 for evacuation
[2025-03-19T08:20:35.352+0000][8.892s][info ][gc,phases   ] GC(21)   Pre Evacuate Collection Set: 0.1ms
[2025-03-19T08:20:35.352+0000][8.892s][info ][gc,phases   ] GC(21)   Merge Heap Roots: 0.6ms
[2025-03-19T08:20:35.352+0000][8.892s][info ][gc,phases   ] GC(21)   Evacuate Collection Set: 8.5ms
[2025-03-19T08:20:35.352+0000][8.892s][info ][gc,phases   ] GC(21)   Post Evacuate Collection Set: 0.9ms
[2025-03-19T08:20:35.352+0000][8.892s][info ][gc,phases   ] GC(21)   Other: 0.1ms
[2025-03-19T08:20:35.352+0000][8.892s][info ][gc,heap     ] GC(21) Eden regions: 112->0(139)
[2025-03-19T08:20:35.352+0000][8.892s][info ][gc,heap     ] GC(21) Survivor regions: 7->7(19)
[2025-03-19T08:20:35.352+0000][8.892s][info ][gc,heap     ] GC(21) Old regions: 51->51
[2025-03-19T08:20:35.352+0000][8.892s][info ][gc,heap     ] GC(21) Archive regions: 2->2
[2025-03-19T08:20:35.352+0000][8.892s][info ][gc,heap     ] GC(21) Humongous regions: 0->0
[2025-03-19T08:20:35.352+0000][8.892s][info ][gc,metaspace] GC(21) Metaspace: 36073K(36416K)->36073K(36416K) NonClass: 31592K(31744K)->31592K(31744K) Class: 4480K(4672K)->4480K(4672K)
[2025-03-19T08:20:35.352+0000][8.892s][info ][gc          ] GC(21) Pause Young (Concurrent Start) (Metadata GC Threshold) 169M->57M(244M) 10.319ms
[2025-03-19T08:20:35.352+0000][8.892s][info ][gc,cpu      ] GC(21) User=0.03s Sys=0.00s Real=0.01s
[2025-03-19T08:20:35.352+0000][8.892s][info ][gc          ] GC(22) Concurrent Mark Cycle
[2025-03-19T08:20:35.352+0000][8.892s][info ][gc,marking  ] GC(22) Concurrent Clear Claimed Marks
[2025-03-19T08:20:35.352+0000][8.892s][info ][safepoint   ] Safepoint "CollectForMetadataAllocation", Time since last: 71230580 ns, Reaching safepoint: 50616 ns, Cleanup: 24409 ns, At safepoint: 10414184 ns, Total: 10489209 ns
[2025-03-19T08:20:35.352+0000][8.892s][info ][gc,marking  ] GC(22) Concurrent Clear Claimed Marks 0.051ms
[2025-03-19T08:20:35.352+0000][8.892s][info ][gc,marking  ] GC(22) Concurrent Scan Root Regions
[2025-03-19T08:20:35.363+0000][8.904s][info ][gc,marking  ] GC(22) Concurrent Scan Root Regions 11.363ms
[2025-03-19T08:20:35.363+0000][8.904s][info ][gc,marking  ] GC(22) Concurrent Mark
[2025-03-19T08:20:35.363+0000][8.904s][info ][gc,marking  ] GC(22) Concurrent Mark From Roots
[2025-03-19T08:20:35.363+0000][8.904s][info ][gc,task     ] GC(22) Using 1 workers of 1 for marking
[2025-03-19T08:20:35.439+0000][8.980s][debug][safepoint   ] Safepoint synchronization initiated using futex wait barrier. (14 threads)
[2025-03-19T08:20:35.439+0000][8.980s][info ][safepoint   ] Safepoint "CollectForMetadataAllocation", Time since last: 87367995 ns, Reaching safepoint: 53571 ns, Cleanup: 9349 ns, At safepoint: 35400 ns, Total: 98320 ns
[2025-03-19T08:20:35.458+0000][8.998s][info ][gc,marking  ] GC(22) Concurrent Mark From Roots 94.819ms
[2025-03-19T08:20:35.458+0000][8.999s][info ][gc,marking  ] GC(22) Concurrent Preclean
[2025-03-19T08:20:35.458+0000][8.999s][info ][gc,marking  ] GC(22) Concurrent Preclean 0.196ms
[2025-03-19T08:20:35.458+0000][8.999s][debug][safepoint   ] Safepoint synchronization initiated using futex wait barrier. (14 threads)
[2025-03-19T08:20:35.458+0000][8.999s][info ][gc,start    ] GC(22) Pause Remark
[2025-03-19T08:20:35.467+0000][9.007s][info ][gc          ] GC(22) Pause Remark 66M->66M(230M) 8.546ms
[2025-03-19T08:20:35.467+0000][9.007s][info ][gc,cpu      ] GC(22) User=0.02s Sys=0.00s Real=0.01s
[2025-03-19T08:20:35.467+0000][9.007s][info ][safepoint   ] Safepoint "G1PauseRemark", Time since last: 19057338 ns, Reaching safepoint: 9616 ns, Cleanup: 3004 ns, At safepoint: 8646780 ns, Total: 8659400 ns
[2025-03-19T08:20:35.467+0000][9.008s][info ][gc,marking  ] GC(22) Concurrent Mark 104.121ms
[2025-03-19T08:20:35.467+0000][9.008s][info ][gc,marking  ] GC(22) Concurrent Rebuild Remembered Sets
[2025-03-19T08:20:35.519+0000][9.060s][info ][gc,marking  ] GC(22) Concurrent Rebuild Remembered Sets 52.047ms
[2025-03-19T08:20:35.519+0000][9.060s][debug][safepoint   ] Safepoint synchronization initiated using futex wait barrier. (14 threads)
[2025-03-19T08:20:35.520+0000][9.060s][debug][safepoint   ] ... found polling page loop exception at pc = 0x000073ff491a8f5c, stub =0x000073ff4898f400
[2025-03-19T08:20:35.520+0000][9.060s][info ][gc,start    ] GC(22) Pause Cleanup
[2025-03-19T08:20:35.520+0000][9.060s][info ][gc          ] GC(22) Pause Cleanup 71M->71M(230M) 0.128ms
[2025-03-19T08:20:35.520+0000][9.060s][info ][gc,cpu      ] GC(22) User=0.01s Sys=0.00s Real=0.00s
[2025-03-19T08:20:35.520+0000][9.060s][info ][safepoint   ] Safepoint "G1PauseCleanup", Time since last: 52518366 ns, Reaching safepoint: 88699 ns, Cleanup: 4441 ns, At safepoint: 159897 ns, Total: 253037 ns
[2025-03-19T08:20:35.520+0000][9.060s][info ][gc,marking  ] GC(22) Concurrent Cleanup for Next Mark
[2025-03-19T08:20:35.522+0000][9.062s][info ][gc,marking  ] GC(22) Concurrent Cleanup for Next Mark 1.774ms
[2025-03-19T08:20:35.522+0000][9.062s][info ][gc          ] GC(22) Concurrent Mark Cycle 169.841ms
[2025-03-19T08:20:36.165+0000][9.705s][debug][safepoint   ] Safepoint synchronization initiated using futex wait barrier. (14 threads)
[2025-03-19T08:20:36.165+0000][9.706s][info ][gc,start    ] GC(23) Pause Young (Prepare Mixed) (G1 Evacuation Pause)
[2025-03-19T08:20:36.165+0000][9.706s][info ][gc,task     ] GC(23) Using 4 workers of 4 for evacuation
[2025-03-19T08:20:36.179+0000][9.720s][info ][gc,phases   ] GC(23)   Pre Evacuate Collection Set: 0.1ms
[2025-03-19T08:20:36.180+0000][9.720s][info ][gc,phases   ] GC(23)   Merge Heap Roots: 0.2ms
[2025-03-19T08:20:36.180+0000][9.720s][info ][gc,phases   ] GC(23)   Evacuate Collection Set: 12.4ms
[2025-03-19T08:20:36.180+0000][9.720s][info ][gc,phases   ] GC(23)   Post Evacuate Collection Set: 1.6ms
[2025-03-19T08:20:36.180+0000][9.720s][info ][gc,phases   ] GC(23)   Other: 0.2ms
[2025-03-19T08:20:36.180+0000][9.720s][info ][gc,heap     ] GC(23) Eden regions: 131->0(2)
[2025-03-19T08:20:36.180+0000][9.720s][info ][gc,heap     ] GC(23) Survivor regions: 7->9(18)
[2025-03-19T08:20:36.180+0000][9.720s][info ][gc,heap     ] GC(23) Old regions: 51->51
[2025-03-19T08:20:36.180+0000][9.720s][info ][gc,heap     ] GC(23) Archive regions: 2->2
[2025-03-19T08:20:36.180+0000][9.720s][info ][gc,heap     ] GC(23) Humongous regions: 0->0
[2025-03-19T08:20:36.180+0000][9.720s][info ][gc,metaspace] GC(23) Metaspace: 39073K(39488K)->39073K(39488K) NonClass: 34147K(34368K)->34147K(34368K) Class: 4926K(5120K)->4926K(5120K)
[2025-03-19T08:20:36.180+0000][9.720s][info ][gc          ] GC(23) Pause Young (Prepare Mixed) (G1 Evacuation Pause) 188M->59M(230M) 14.541ms
[2025-03-19T08:20:36.180+0000][9.720s][info ][gc,cpu      ] GC(23) User=0.05s Sys=0.00s Real=0.01s
[2025-03-19T08:20:36.180+0000][9.720s][info ][safepoint   ] Safepoint "G1CollectForAllocation", Time since last: 645096701 ns, Reaching safepoint: 57042 ns, Cleanup: 156579 ns, At safepoint: 14606963 ns, Total: 14820584 ns
[2025-03-19T08:20:36.198+0000][9.738s][debug][safepoint   ] Safepoint synchronization initiated using futex wait barrier. (14 threads)
[2025-03-19T08:20:36.198+0000][9.739s][info ][gc,start    ] GC(24) Pause Young (Mixed) (G1 Evacuation Pause)
[2025-03-19T08:20:36.198+0000][9.739s][info ][gc,task     ] GC(24) Using 4 workers of 4 for evacuation
[2025-03-19T08:20:36.220+0000][9.761s][info ][gc,phases   ] GC(24)   Pre Evacuate Collection Set: 0.1ms
[2025-03-19T08:20:36.220+0000][9.761s][info ][gc,phases   ] GC(24)   Merge Heap Roots: 0.3ms
[2025-03-19T08:20:36.220+0000][9.761s][info ][gc,phases   ] GC(24)   Evacuate Collection Set: 20.7ms
[2025-03-19T08:20:36.220+0000][9.761s][info ][gc,phases   ] GC(24)   Post Evacuate Collection Set: 1.1ms
[2025-03-19T08:20:36.220+0000][9.761s][info ][gc,phases   ] GC(24)   Other: 0.1ms
[2025-03-19T08:20:36.220+0000][9.761s][info ][gc,heap     ] GC(24) Eden regions: 2->0(135)
[2025-03-19T08:20:36.220+0000][9.761s][info ][gc,heap     ] GC(24) Survivor regions: 9->2(2)
[2025-03-19T08:20:36.220+0000][9.761s][info ][gc,heap     ] GC(24) Old regions: 51->57
[2025-03-19T08:20:36.221+0000][9.761s][info ][gc,heap     ] GC(24) Archive regions: 2->2
[2025-03-19T08:20:36.221+0000][9.761s][info ][gc,heap     ] GC(24) Humongous regions: 0->0
[2025-03-19T08:20:36.221+0000][9.761s][info ][gc,metaspace] GC(24) Metaspace: 39110K(39488K)->39110K(39488K) NonClass: 34174K(34368K)->34174K(34368K) Class: 4936K(5120K)->4936K(5120K)
[2025-03-19T08:20:36.221+0000][9.761s][info ][gc          ] GC(24) Pause Young (Mixed) (G1 Evacuation Pause) 61M->58M(230M) 22.463ms
[2025-03-19T08:20:36.221+0000][9.761s][info ][gc,cpu      ] GC(24) User=0.08s Sys=0.00s Real=0.02s
[2025-03-19T08:20:36.221+0000][9.761s][info ][safepoint   ] Safepoint "G1CollectForAllocation", Time since last: 18323023 ns, Reaching safepoint: 67886 ns, Cleanup: 15389 ns, At safepoint: 22535212 ns, Total: 22618487 ns
[2025-03-19T08:20:37.266+0000][10.806s][debug][safepoint   ] Safepoint synchronization initiated using futex wait barrier. (14 threads)
[2025-03-19T08:20:37.266+0000][10.806s][info ][gc,start    ] GC(25) Pause Young (Concurrent Start) (G1 Evacuation Pause)
[2025-03-19T08:20:37.266+0000][10.806s][info ][gc,task     ] GC(25) Using 4 workers of 4 for evacuation
[2025-03-19T08:20:37.269+0000][10.810s][info ][gc,phases   ] GC(25)   Pre Evacuate Collection Set: 0.1ms
[2025-03-19T08:20:37.269+0000][10.810s][info ][gc,phases   ] GC(25)   Merge Heap Roots: 0.1ms
[2025-03-19T08:20:37.269+0000][10.810s][info ][gc,phases   ] GC(25)   Evacuate Collection Set: 2.7ms
[2025-03-19T08:20:37.269+0000][10.810s][info ][gc,phases   ] GC(25)   Post Evacuate Collection Set: 0.7ms
[2025-03-19T08:20:37.269+0000][10.810s][info ][gc,phases   ] GC(25)   Other: 0.1ms
[2025-03-19T08:20:37.270+0000][10.810s][info ][gc,heap     ] GC(25) Eden regions: 135->0(134)
[2025-03-19T08:20:37.270+0000][10.810s][info ][gc,heap     ] GC(25) Survivor regions: 2->3(18)
[2025-03-19T08:20:37.270+0000][10.810s][info ][gc,heap     ] GC(25) Old regions: 57->57
[2025-03-19T08:20:37.270+0000][10.810s][info ][gc,heap     ] GC(25) Archive regions: 2->2
[2025-03-19T08:20:37.270+0000][10.810s][info ][gc,heap     ] GC(25) Humongous regions: 0->0
[2025-03-19T08:20:37.270+0000][10.810s][info ][gc,metaspace] GC(25) Metaspace: 41603K(41984K)->41603K(41984K) NonClass: 36322K(36480K)->36322K(36480K) Class: 5280K(5504K)->5280K(5504K)
[2025-03-19T08:20:37.270+0000][10.810s][info ][gc          ] GC(25) Pause Young (Concurrent Start) (G1 Evacuation Pause) 193M->59M(230M) 3.796ms
[2025-03-19T08:20:37.270+0000][10.810s][info ][gc,cpu      ] GC(25) User=0.01s Sys=0.00s Real=0.00s
[2025-03-19T08:20:37.270+0000][10.810s][info ][gc          ] GC(26) Concurrent Mark Cycle
[2025-03-19T08:20:37.270+0000][10.810s][info ][gc,marking  ] GC(26) Concurrent Clear Claimed Marks
[2025-03-19T08:20:37.270+0000][10.810s][info ][gc,marking  ] GC(26) Concurrent Clear Claimed Marks 0.050ms
[2025-03-19T08:20:37.270+0000][10.810s][info ][gc,marking  ] GC(26) Concurrent Scan Root Regions
[2025-03-19T08:20:37.270+0000][10.810s][info ][safepoint   ] Safepoint "G1CollectForAllocation", Time since last: 1044980706 ns, Reaching safepoint: 44527 ns, Cleanup: 109403 ns, At safepoint: 3848721 ns, Total: 4002651 ns
[2025-03-19T08:20:37.273+0000][10.814s][info ][gc,marking  ] GC(26) Concurrent Scan Root Regions 3.755ms
[2025-03-19T08:20:37.273+0000][10.814s][info ][gc,marking  ] GC(26) Concurrent Mark
[2025-03-19T08:20:37.273+0000][10.814s][info ][gc,marking  ] GC(26) Concurrent Mark From Roots
[2025-03-19T08:20:37.273+0000][10.814s][info ][gc,task     ] GC(26) Using 1 workers of 1 for marking
[2025-03-19T08:20:37.396+0000][10.936s][info ][gc,marking  ] GC(26) Concurrent Mark From Roots 122.092ms
[2025-03-19T08:20:37.396+0000][10.936s][info ][gc,marking  ] GC(26) Concurrent Preclean
[2025-03-19T08:20:37.396+0000][10.936s][info ][gc,marking  ] GC(26) Concurrent Preclean 0.284ms
[2025-03-19T08:20:37.396+0000][10.936s][debug][safepoint   ] Safepoint synchronization initiated using futex wait barrier. (14 threads)
[2025-03-19T08:20:37.396+0000][10.936s][debug][safepoint   ] ... found polling page loop exception at pc = 0x000073ff49307810, stub =0x000073ff4898f400
[2025-03-19T08:20:37.396+0000][10.937s][info ][gc,start    ] GC(26) Pause Remark
[2025-03-19T08:20:37.403+0000][10.943s][info ][gc          ] GC(26) Pause Remark 76M->76M(230M) 6.819ms
[2025-03-19T08:20:37.403+0000][10.943s][info ][gc,cpu      ] GC(26) User=0.03s Sys=0.00s Real=0.00s
[2025-03-19T08:20:37.403+0000][10.943s][info ][safepoint   ] Safepoint "G1PauseRemark", Time since last: 126394249 ns, Reaching safepoint: 103983 ns, Cleanup: 12670 ns, At safepoint: 6888965 ns, Total: 7005618 ns
[2025-03-19T08:20:37.403+0000][10.944s][info ][gc,marking  ] GC(26) Concurrent Mark 129.738ms
[2025-03-19T08:20:37.403+0000][10.944s][info ][gc,marking  ] GC(26) Concurrent Rebuild Remembered Sets
[2025-03-19T08:20:37.469+0000][11.009s][info ][gc,marking  ] GC(26) Concurrent Rebuild Remembered Sets 65.668ms
[2025-03-19T08:20:37.469+0000][11.009s][debug][safepoint   ] Safepoint synchronization initiated using futex wait barrier. (14 threads)
[2025-03-19T08:20:37.469+0000][11.009s][info ][gc,start    ] GC(26) Pause Cleanup
[2025-03-19T08:20:37.469+0000][11.010s][info ][gc          ] GC(26) Pause Cleanup 85M->85M(230M) 0.094ms
[2025-03-19T08:20:37.469+0000][11.010s][info ][gc,cpu      ] GC(26) User=0.00s Sys=0.00s Real=0.00s
[2025-03-19T08:20:37.469+0000][11.010s][info ][safepoint   ] Safepoint "G1PauseCleanup", Time since last: 65965170 ns, Reaching safepoint: 70614 ns, Cleanup: 15029 ns, At safepoint: 115836 ns, Total: 201479 ns
[2025-03-19T08:20:37.469+0000][11.010s][info ][gc,marking  ] GC(26) Concurrent Cleanup for Next Mark
[2025-03-19T08:20:37.470+0000][11.011s][info ][gc,marking  ] GC(26) Concurrent Cleanup for Next Mark 1.260ms
[2025-03-19T08:20:37.471+0000][11.011s][info ][gc          ] GC(26) Concurrent Mark Cycle 200.915ms
[2025-03-19T08:20:38.552+0000][12.092s][debug][safepoint   ] Safepoint synchronization initiated using futex wait barrier. (14 threads)
[2025-03-19T08:20:38.552+0000][12.093s][info ][gc,start    ] GC(27) Pause Young (Prepare Mixed) (G1 Evacuation Pause)
[2025-03-19T08:20:38.552+0000][12.093s][info ][gc,task     ] GC(27) Using 4 workers of 4 for evacuation
[2025-03-19T08:20:38.565+0000][12.105s][info ][gc,phases   ] GC(27)   Pre Evacuate Collection Set: 0.2ms
[2025-03-19T08:20:38.565+0000][12.105s][info ][gc,phases   ] GC(27)   Merge Heap Roots: 0.2ms
[2025-03-19T08:20:38.565+0000][12.105s][info ][gc,phases   ] GC(27)   Evacuate Collection Set: 10.9ms
[2025-03-19T08:20:38.565+0000][12.105s][info ][gc,phases   ] GC(27)   Post Evacuate Collection Set: 1.0ms
[2025-03-19T08:20:38.565+0000][12.105s][info ][gc,phases   ] GC(27)   Other: 0.2ms
[2025-03-19T08:20:38.565+0000][12.105s][info ][gc,heap     ] GC(27) Eden regions: 134->0(5)
[2025-03-19T08:20:38.565+0000][12.105s][info ][gc,heap     ] GC(27) Survivor regions: 3->6(18)
[2025-03-19T08:20:38.565+0000][12.105s][info ][gc,heap     ] GC(27) Old regions: 57->57
[2025-03-19T08:20:38.565+0000][12.105s][info ][gc,heap     ] GC(27) Archive regions: 2->2
[2025-03-19T08:20:38.565+0000][12.105s][info ][gc,heap     ] GC(27) Humongous regions: 0->0
[2025-03-19T08:20:38.565+0000][12.105s][info ][gc,metaspace] GC(27) Metaspace: 44904K(45312K)->44904K(45312K) NonClass: 39152K(39360K)->39152K(39360K) Class: 5752K(5952K)->5752K(5952K)
[2025-03-19T08:20:38.565+0000][12.105s][info ][gc          ] GC(27) Pause Young (Prepare Mixed) (G1 Evacuation Pause) 193M->62M(230M) 12.478ms
[2025-03-19T08:20:38.565+0000][12.105s][info ][gc,cpu      ] GC(27) User=0.04s Sys=0.00s Real=0.02s
[2025-03-19T08:20:38.565+0000][12.105s][info ][safepoint   ] Safepoint "G1CollectForAllocation", Time since last: 1082897917 ns, Reaching safepoint: 58652 ns, Cleanup: 188937 ns, At safepoint: 12527995 ns, Total: 12775584 ns
[2025-03-19T08:20:38.624+0000][12.164s][debug][safepoint   ] Safepoint synchronization initiated using futex wait barrier. (14 threads)
[2025-03-19T08:20:38.624+0000][12.165s][info ][gc,start    ] GC(28) Pause Young (Mixed) (G1 Evacuation Pause)
[2025-03-19T08:20:38.624+0000][12.165s][info ][gc,task     ] GC(28) Using 4 workers of 4 for evacuation
[2025-03-19T08:20:38.638+0000][12.178s][info ][gc,phases   ] GC(28)   Pre Evacuate Collection Set: 0.1ms
[2025-03-19T08:20:38.638+0000][12.178s][info ][gc,phases   ] GC(28)   Merge Heap Roots: 0.1ms
[2025-03-19T08:20:38.638+0000][12.178s][info ][gc,phases   ] GC(28)   Evacuate Collection Set: 11.6ms
[2025-03-19T08:20:38.638+0000][12.178s][info ][gc,phases   ] GC(28)   Post Evacuate Collection Set: 1.9ms
[2025-03-19T08:20:38.638+0000][12.178s][info ][gc,phases   ] GC(28)   Other: 0.1ms
[2025-03-19T08:20:38.638+0000][12.178s][info ][gc,heap     ] GC(28) Eden regions: 5->0(133)
[2025-03-19T08:20:38.638+0000][12.178s][info ][gc,heap     ] GC(28) Survivor regions: 6->1(2)
[2025-03-19T08:20:38.638+0000][12.178s][info ][gc,heap     ] GC(28) Old regions: 57->61
[2025-03-19T08:20:38.638+0000][12.178s][info ][gc,heap     ] GC(28) Archive regions: 2->2
[2025-03-19T08:20:38.638+0000][12.178s][info ][gc,heap     ] GC(28) Humongous regions: 0->0
[2025-03-19T08:20:38.638+0000][12.178s][info ][gc,metaspace] GC(28) Metaspace: 45161K(45568K)->45161K(45568K) NonClass: 39374K(39616K)->39374K(39616K) Class: 5787K(5952K)->5787K(5952K)
[2025-03-19T08:20:38.638+0000][12.178s][info ][gc          ] GC(28) Pause Young (Mixed) (G1 Evacuation Pause) 67M->62M(230M) 13.877ms
[2025-03-19T08:20:38.638+0000][12.178s][info ][gc,cpu      ] GC(28) User=0.05s Sys=0.00s Real=0.01s
[2025-03-19T08:20:38.638+0000][12.178s][info ][safepoint   ] Safepoint "G1CollectForAllocation", Time since last: 59226487 ns, Reaching safepoint: 38995 ns, Cleanup: 9523 ns, At safepoint: 13947700 ns, Total: 13996218 ns
[2025-03-19T08:20:39.546+0000][13.086s][debug][safepoint   ] Safepoint synchronization initiated using futex wait barrier. (15 threads)
[2025-03-19T08:20:39.546+0000][13.087s][info ][safepoint   ] Safepoint "ICBufferFull", Time since last: 907897007 ns, Reaching safepoint: 68981 ns, Cleanup: 147167 ns, At safepoint: 3581 ns, Total: 219729 ns
[2025-03-19T08:20:39.715+0000][13.256s][debug][safepoint   ] Safepoint synchronization initiated using futex wait barrier. (15 threads)
[2025-03-19T08:20:39.715+0000][13.256s][info ][gc,start    ] GC(29) Pause Young (Normal) (G1 Evacuation Pause)
[2025-03-19T08:20:39.715+0000][13.256s][info ][gc,task     ] GC(29) Using 4 workers of 4 for evacuation
[2025-03-19T08:20:39.724+0000][13.265s][info ][gc,phases   ] GC(29)   Pre Evacuate Collection Set: 0.1ms
[2025-03-19T08:20:39.724+0000][13.265s][info ][gc,phases   ] GC(29)   Merge Heap Roots: 0.1ms
[2025-03-19T08:20:39.724+0000][13.265s][info ][gc,phases   ] GC(29)   Evacuate Collection Set: 7.0ms
[2025-03-19T08:20:39.724+0000][13.265s][info ][gc,phases   ] GC(29)   Post Evacuate Collection Set: 1.5ms
[2025-03-19T08:20:39.724+0000][13.265s][info ][gc,phases   ] GC(29)   Other: 0.1ms
[2025-03-19T08:20:39.724+0000][13.265s][info ][gc,heap     ] GC(29) Eden regions: 133->0(131)
[2025-03-19T08:20:39.724+0000][13.265s][info ][gc,heap     ] GC(29) Survivor regions: 1->3(17)
[2025-03-19T08:20:39.724+0000][13.265s][info ][gc,heap     ] GC(29) Old regions: 61->61
[2025-03-19T08:20:39.724+0000][13.265s][info ][gc,heap     ] GC(29) Archive regions: 2->2
[2025-03-19T08:20:39.724+0000][13.265s][info ][gc,heap     ] GC(29) Humongous regions: 0->0
[2025-03-19T08:20:39.724+0000][13.265s][info ][gc,metaspace] GC(29) Metaspace: 50171K(50624K)->50171K(50624K) NonClass: 43750K(43968K)->43750K(43968K) Class: 6421K(6656K)->6421K(6656K)
[2025-03-19T08:20:39.724+0000][13.265s][info ][gc          ] GC(29) Pause Young (Normal) (G1 Evacuation Pause) 195M->64M(230M) 8.884ms
[2025-03-19T08:20:39.724+0000][13.265s][info ][gc,cpu      ] GC(29) User=0.04s Sys=0.00s Real=0.01s
[2025-03-19T08:20:39.724+0000][13.265s][info ][safepoint   ] Safepoint "G1CollectForAllocation", Time since last: 169124363 ns, Reaching safepoint: 48058 ns, Cleanup: 41403 ns, At safepoint: 8938596 ns, Total: 9028057 ns
[2025-03-19T08:20:41.073+0000][14.613s][debug][safepoint   ] Safepoint synchronization initiated using futex wait barrier. (17 threads)
[2025-03-19T08:20:41.073+0000][14.613s][info ][safepoint   ] Safepoint "Cleanup", Time since last: 1348248557 ns, Reaching safepoint: 63444 ns, Cleanup: 59373 ns, At safepoint: 3081 ns, Total: 125898 ns
[2025-03-19T08:20:41.543+0000][15.084s][debug][safepoint   ] Safepoint synchronization initiated using futex wait barrier. (17 threads)
[2025-03-19T08:20:41.544+0000][15.084s][info ][safepoint   ] Safepoint "ICBufferFull", Time since last: 470730137 ns, Reaching safepoint: 86367 ns, Cleanup: 227459 ns, At safepoint: 4956 ns, Total: 318782 ns
[2025-03-19T08:20:42.197+0000][15.737s][debug][safepoint   ] Safepoint synchronization initiated using futex wait barrier. (17 threads)
[2025-03-19T08:20:42.197+0000][15.738s][info ][gc,start    ] GC(30) Pause Young (Normal) (G1 Evacuation Pause)
[2025-03-19T08:20:42.197+0000][15.738s][info ][gc,task     ] GC(30) Using 4 workers of 4 for evacuation
[2025-03-19T08:20:42.207+0000][15.748s][info ][gc,phases   ] GC(30)   Pre Evacuate Collection Set: 0.1ms
[2025-03-19T08:20:42.207+0000][15.748s][info ][gc,phases   ] GC(30)   Merge Heap Roots: 0.2ms
[2025-03-19T08:20:42.207+0000][15.748s][info ][gc,phases   ] GC(30)   Evacuate Collection Set: 8.6ms
[2025-03-19T08:20:42.207+0000][15.748s][info ][gc,phases   ] GC(30)   Post Evacuate Collection Set: 1.1ms
[2025-03-19T08:20:42.207+0000][15.748s][info ][gc,phases   ] GC(30)   Other: 0.1ms
[2025-03-19T08:20:42.207+0000][15.748s][info ][gc,heap     ] GC(30) Eden regions: 131->0(129)
[2025-03-19T08:20:42.207+0000][15.748s][info ][gc,heap     ] GC(30) Survivor regions: 3->6(17)
[2025-03-19T08:20:42.207+0000][15.748s][info ][gc,heap     ] GC(30) Old regions: 61->61
[2025-03-19T08:20:42.207+0000][15.748s][info ][gc,heap     ] GC(30) Archive regions: 2->2
[2025-03-19T08:20:42.207+0000][15.748s][info ][gc,heap     ] GC(30) Humongous regions: 0->0
[2025-03-19T08:20:42.207+0000][15.748s][info ][gc,metaspace] GC(30) Metaspace: 55913K(56320K)->55913K(56320K) NonClass: 48828K(49024K)->48828K(49024K) Class: 7085K(7296K)->7085K(7296K)
[2025-03-19T08:20:42.207+0000][15.748s][info ][gc          ] GC(30) Pause Young (Normal) (G1 Evacuation Pause) 195M->66M(230M) 10.130ms
[2025-03-19T08:20:42.207+0000][15.748s][info ][gc,cpu      ] GC(30) User=0.02s Sys=0.00s Real=0.01s
[2025-03-19T08:20:42.207+0000][15.748s][info ][safepoint   ] Safepoint "G1CollectForAllocation", Time since last: 653314754 ns, Reaching safepoint: 50113 ns, Cleanup: 82790 ns, At safepoint: 10183559 ns, Total: 10316462 ns
[2025-03-19T08:20:42.928+0000][16.469s][debug][safepoint   ] Safepoint synchronization initiated using futex wait barrier. (18 threads)
[2025-03-19T08:20:42.929+0000][16.469s][info ][gc,start    ] GC(31) Pause Young (Normal) (G1 Evacuation Pause)
[2025-03-19T08:20:42.929+0000][16.469s][info ][gc,task     ] GC(31) Using 4 workers of 4 for evacuation
[2025-03-19T08:20:42.940+0000][16.480s][info ][gc,phases   ] GC(31)   Pre Evacuate Collection Set: 0.1ms
[2025-03-19T08:20:42.940+0000][16.480s][info ][gc,phases   ] GC(31)   Merge Heap Roots: 0.1ms
[2025-03-19T08:20:42.940+0000][16.480s][info ][gc,phases   ] GC(31)   Evacuate Collection Set: 9.3ms
[2025-03-19T08:20:42.940+0000][16.480s][info ][gc,phases   ] GC(31)   Post Evacuate Collection Set: 1.2ms
[2025-03-19T08:20:42.940+0000][16.480s][info ][gc,phases   ] GC(31)   Other: 0.1ms
[2025-03-19T08:20:42.940+0000][16.480s][info ][gc,heap     ] GC(31) Eden regions: 129->0(129)
[2025-03-19T08:20:42.940+0000][16.480s][info ][gc,heap     ] GC(31) Survivor regions: 6->7(17)
[2025-03-19T08:20:42.940+0000][16.480s][info ][gc,heap     ] GC(31) Old regions: 61->61
[2025-03-19T08:20:42.940+0000][16.480s][info ][gc,heap     ] GC(31) Archive regions: 2->2
[2025-03-19T08:20:42.940+0000][16.480s][info ][gc,heap     ] GC(31) Humongous regions: 0->0
[2025-03-19T08:20:42.940+0000][16.480s][info ][gc,metaspace] GC(31) Metaspace: 60754K(61248K)->60754K(61248K) NonClass: 53001K(53248K)->53001K(53248K) Class: 7753K(8000K)->7753K(8000K)
[2025-03-19T08:20:42.940+0000][16.480s][info ][gc          ] GC(31) Pause Young (Normal) (G1 Evacuation Pause) 195M->68M(230M) 10.914ms
[2025-03-19T08:20:42.940+0000][16.480s][info ][gc,cpu      ] GC(31) User=0.04s Sys=0.00s Real=0.01s
[2025-03-19T08:20:42.940+0000][16.480s][info ][safepoint   ] Safepoint "G1CollectForAllocation", Time since last: 721108862 ns, Reaching safepoint: 83146 ns, Cleanup: 109389 ns, At safepoint: 10971588 ns, Total: 11164123 ns
[2025-03-19T08:20:43.766+0000][17.306s][debug][safepoint   ] Safepoint synchronization initiated using futex wait barrier. (20 threads)
[2025-03-19T08:20:43.766+0000][17.307s][info ][gc,start    ] GC(32) Pause Young (Normal) (G1 Evacuation Pause)
[2025-03-19T08:20:43.766+0000][17.307s][info ][gc,task     ] GC(32) Using 4 workers of 4 for evacuation
[2025-03-19T08:20:43.774+0000][17.315s][info ][gc,phases   ] GC(32)   Pre Evacuate Collection Set: 0.1ms
[2025-03-19T08:20:43.774+0000][17.315s][info ][gc,phases   ] GC(32)   Merge Heap Roots: 0.1ms
[2025-03-19T08:20:43.774+0000][17.315s][info ][gc,phases   ] GC(32)   Evacuate Collection Set: 6.9ms
[2025-03-19T08:20:43.774+0000][17.315s][info ][gc,phases   ] GC(32)   Post Evacuate Collection Set: 0.9ms
[2025-03-19T08:20:43.774+0000][17.315s][info ][gc,phases   ] GC(32)   Other: 0.1ms
[2025-03-19T08:20:43.774+0000][17.315s][info ][gc,heap     ] GC(32) Eden regions: 129->0(128)
[2025-03-19T08:20:43.774+0000][17.315s][info ][gc,heap     ] GC(32) Survivor regions: 7->8(17)
[2025-03-19T08:20:43.774+0000][17.315s][info ][gc,heap     ] GC(32) Old regions: 61->61
[2025-03-19T08:20:43.774+0000][17.315s][info ][gc,heap     ] GC(32) Archive regions: 2->2
[2025-03-19T08:20:43.774+0000][17.315s][info ][gc,heap     ] GC(32) Humongous regions: 0->0
[2025-03-19T08:20:43.775+0000][17.315s][info ][gc,metaspace] GC(32) Metaspace: 63648K(64192K)->63648K(64192K) NonClass: 55535K(55808K)->55535K(55808K) Class: 8112K(8384K)->8112K(8384K)
[2025-03-19T08:20:43.775+0000][17.315s][info ][gc          ] GC(32) Pause Young (Normal) (G1 Evacuation Pause) 197M->69M(230M) 8.039ms
[2025-03-19T08:20:43.775+0000][17.315s][info ][gc,cpu      ] GC(32) User=0.03s Sys=0.00s Real=0.01s
[2025-03-19T08:20:43.775+0000][17.315s][info ][safepoint   ] Safepoint "G1CollectForAllocation", Time since last: 826109352 ns, Reaching safepoint: 32494 ns, Cleanup: 686180 ns, At safepoint: 8082997 ns, Total: 8801671 ns
[2025-03-19T08:20:44.390+0000][17.931s][debug][safepoint   ] Safepoint synchronization initiated using futex wait barrier. (19 threads)
[2025-03-19T08:20:44.391+0000][17.931s][info ][gc,start    ] GC(33) Pause Young (Normal) (G1 Evacuation Pause)
[2025-03-19T08:20:44.391+0000][17.931s][info ][gc,task     ] GC(33) Using 4 workers of 4 for evacuation
[2025-03-19T08:20:44.400+0000][17.940s][info ][gc,phases   ] GC(33)   Pre Evacuate Collection Set: 0.1ms
[2025-03-19T08:20:44.400+0000][17.940s][info ][gc,phases   ] GC(33)   Merge Heap Roots: 0.1ms
[2025-03-19T08:20:44.400+0000][17.940s][info ][gc,phases   ] GC(33)   Evacuate Collection Set: 8.1ms
[2025-03-19T08:20:44.400+0000][17.940s][info ][gc,phases   ] GC(33)   Post Evacuate Collection Set: 1.0ms
[2025-03-19T08:20:44.400+0000][17.940s][info ][gc,phases   ] GC(33)   Other: 0.1ms
[2025-03-19T08:20:44.400+0000][17.940s][info ][gc,heap     ] GC(33) Eden regions: 128->0(126)
[2025-03-19T08:20:44.400+0000][17.940s][info ][gc,heap     ] GC(33) Survivor regions: 8->9(17)
[2025-03-19T08:20:44.400+0000][17.940s][info ][gc,heap     ] GC(33) Old regions: 61->61
[2025-03-19T08:20:44.400+0000][17.940s][info ][gc,heap     ] GC(33) Archive regions: 2->2
[2025-03-19T08:20:44.400+0000][17.940s][info ][gc,heap     ] GC(33) Humongous regions: 0->0
[2025-03-19T08:20:44.400+0000][17.941s][info ][gc,metaspace] GC(33) Metaspace: 67308K(67776K)->67308K(67776K) NonClass: 58663K(58880K)->58663K(58880K) Class: 8644K(8896K)->8644K(8896K)
[2025-03-19T08:20:44.400+0000][17.941s][info ][gc          ] GC(33) Pause Young (Normal) (G1 Evacuation Pause) 197M->70M(230M) 9.484ms
[2025-03-19T08:20:44.400+0000][17.941s][info ][gc,cpu      ] GC(33) User=0.03s Sys=0.00s Real=0.01s
[2025-03-19T08:20:44.400+0000][17.941s][info ][safepoint   ] Safepoint "G1CollectForAllocation", Time since last: 615931337 ns, Reaching safepoint: 62097 ns, Cleanup: 48609 ns, At safepoint: 9526070 ns, Total: 9636776 ns
[2025-03-19T08:20:44.886+0000][18.426s][debug][safepoint   ] Safepoint synchronization initiated using futex wait barrier. (20 threads)
[2025-03-19T08:20:44.886+0000][18.426s][info ][safepoint   ] Safepoint "ICBufferFull", Time since last: 485607052 ns, Reaching safepoint: 53258 ns, Cleanup: 135834 ns, At safepoint: 2972 ns, Total: 192064 ns
[2025-03-19T08:20:45.154+0000][18.694s][debug][safepoint   ] Safepoint synchronization initiated using futex wait barrier. (20 threads)
[2025-03-19T08:20:45.154+0000][18.694s][info ][safepoint   ] Safepoint "ICBufferFull", Time since last: 267687997 ns, Reaching safepoint: 44745 ns, Cleanup: 151290 ns, At safepoint: 3133 ns, Total: 199168 ns
[2025-03-19T08:20:45.437+0000][18.978s][debug][safepoint   ] Safepoint synchronization initiated using futex wait barrier. (20 threads)
[2025-03-19T08:20:45.437+0000][18.978s][info ][gc,start    ] GC(34) Pause Young (Normal) (G1 Evacuation Pause)
[2025-03-19T08:20:45.437+0000][18.978s][info ][gc,task     ] GC(34) Using 4 workers of 4 for evacuation
[2025-03-19T08:20:45.450+0000][18.991s][info ][gc,phases   ] GC(34)   Pre Evacuate Collection Set: 0.1ms
[2025-03-19T08:20:45.450+0000][18.991s][info ][gc,phases   ] GC(34)   Merge Heap Roots: 0.1ms
[2025-03-19T08:20:45.450+0000][18.991s][info ][gc,phases   ] GC(34)   Evacuate Collection Set: 11.4ms
[2025-03-19T08:20:45.450+0000][18.991s][info ][gc,phases   ] GC(34)   Post Evacuate Collection Set: 1.1ms
[2025-03-19T08:20:45.450+0000][18.991s][info ][gc,phases   ] GC(34)   Other: 0.1ms
[2025-03-19T08:20:45.450+0000][18.991s][info ][gc,heap     ] GC(34) Eden regions: 126->0(118)
[2025-03-19T08:20:45.450+0000][18.991s][info ][gc,heap     ] GC(34) Survivor regions: 9->13(17)
[2025-03-19T08:20:45.450+0000][18.991s][info ][gc,heap     ] GC(34) Old regions: 61->61
[2025-03-19T08:20:45.450+0000][18.991s][info ][gc,heap     ] GC(34) Archive regions: 2->2
[2025-03-19T08:20:45.450+0000][18.991s][info ][gc,heap     ] GC(34) Humongous regions: 0->0
[2025-03-19T08:20:45.450+0000][18.991s][info ][gc,metaspace] GC(34) Metaspace: 69599K(70080K)->69599K(70080K) NonClass: 60671K(60928K)->60671K(60928K) Class: 8927K(9152K)->8927K(9152K)
[2025-03-19T08:20:45.450+0000][18.991s][info ][gc          ] GC(34) Pause Young (Normal) (G1 Evacuation Pause) 196M->73M(230M) 12.844ms
[2025-03-19T08:20:45.450+0000][18.991s][info ][gc,cpu      ] GC(34) User=0.04s Sys=0.00s Real=0.01s
[2025-03-19T08:20:45.450+0000][18.991s][info ][safepoint   ] Safepoint "G1CollectForAllocation", Time since last: 283483098 ns, Reaching safepoint: 38653 ns, Cleanup: 68347 ns, At safepoint: 12888179 ns, Total: 12995179 ns
[2025-03-19T08:20:45.462+0000][19.003s][debug][safepoint   ] Safepoint synchronization initiated using futex wait barrier. (20 threads)
[2025-03-19T08:20:45.463+0000][19.003s][info ][gc,start    ] GC(35) Pause Young (Concurrent Start) (Metadata GC Threshold)
[2025-03-19T08:20:45.463+0000][19.003s][info ][gc,task     ] GC(35) Using 4 workers of 4 for evacuation
[2025-03-19T08:20:45.474+0000][19.015s][info ][gc,phases   ] GC(35)   Pre Evacuate Collection Set: 0.1ms
[2025-03-19T08:20:45.474+0000][19.015s][info ][gc,phases   ] GC(35)   Merge Heap Roots: 0.1ms
[2025-03-19T08:20:45.474+0000][19.015s][info ][gc,phases   ] GC(35)   Evacuate Collection Set: 10.3ms
[2025-03-19T08:20:45.474+0000][19.015s][info ][gc,phases   ] GC(35)   Post Evacuate Collection Set: 1.1ms
[2025-03-19T08:20:45.474+0000][19.015s][info ][gc,phases   ] GC(35)   Other: 0.1ms
[2025-03-19T08:20:45.474+0000][19.015s][info ][gc,heap     ] GC(35) Eden regions: 3->0(121)
[2025-03-19T08:20:45.474+0000][19.015s][info ][gc,heap     ] GC(35) Survivor regions: 13->9(17)
[2025-03-19T08:20:45.474+0000][19.015s][info ][gc,heap     ] GC(35) Old regions: 61->66
[2025-03-19T08:20:45.474+0000][19.015s][info ][gc,heap     ] GC(35) Archive regions: 2->2
[2025-03-19T08:20:45.474+0000][19.015s][info ][gc,heap     ] GC(35) Humongous regions: 0->0
[2025-03-19T08:20:45.474+0000][19.015s][info ][gc,metaspace] GC(35) Metaspace: 69708K(70208K)->69708K(70208K) NonClass: 60764K(61056K)->60764K(61056K) Class: 8943K(9152K)->8943K(9152K)
[2025-03-19T08:20:45.474+0000][19.015s][info ][gc          ] GC(35) Pause Young (Concurrent Start) (Metadata GC Threshold) 76M->74M(230M) 11.792ms
[2025-03-19T08:20:45.474+0000][19.015s][info ][gc,cpu      ] GC(35) User=0.04s Sys=0.00s Real=0.02s
[2025-03-19T08:20:45.474+0000][19.015s][info ][gc          ] GC(36) Concurrent Mark Cycle
[2025-03-19T08:20:45.474+0000][19.015s][info ][gc,marking  ] GC(36) Concurrent Clear Claimed Marks
[2025-03-19T08:20:45.474+0000][19.015s][info ][safepoint   ] Safepoint "CollectForMetadataAllocation", Time since last: 12208035 ns, Reaching safepoint: 33850 ns, Cleanup: 3801 ns, At safepoint: 11878187 ns, Total: 11915838 ns
[2025-03-19T08:20:45.474+0000][19.015s][info ][gc,marking  ] GC(36) Concurrent Clear Claimed Marks 0.058ms
[2025-03-19T08:20:45.474+0000][19.015s][info ][gc,marking  ] GC(36) Concurrent Scan Root Regions
[2025-03-19T08:20:45.483+0000][19.024s][info ][gc,marking  ] GC(36) Concurrent Scan Root Regions 9.004ms
[2025-03-19T08:20:45.484+0000][19.024s][info ][gc,marking  ] GC(36) Concurrent Mark
[2025-03-19T08:20:45.484+0000][19.024s][info ][gc,marking  ] GC(36) Concurrent Mark From Roots
[2025-03-19T08:20:45.484+0000][19.024s][info ][gc,task     ] GC(36) Using 1 workers of 1 for marking
[2025-03-19T08:20:45.506+0000][19.046s][debug][safepoint   ] Safepoint synchronization initiated using futex wait barrier. (20 threads)
[2025-03-19T08:20:45.506+0000][19.046s][info ][safepoint   ] Safepoint "CollectForMetadataAllocation", Time since last: 31479413 ns, Reaching safepoint: 64536 ns, Cleanup: 12608 ns, At safepoint: 25520 ns, Total: 102664 ns
[2025-03-19T08:20:45.525+0000][19.065s][debug][safepoint   ] Safepoint synchronization initiated using futex wait barrier. (20 threads)
[2025-03-19T08:20:45.525+0000][19.065s][info ][safepoint   ] Safepoint "CollectForMetadataAllocation", Time since last: 18713746 ns, Reaching safepoint: 61510 ns, Cleanup: 4848 ns, At safepoint: 31351 ns, Total: 97709 ns
[2025-03-19T08:20:45.560+0000][19.101s][debug][safepoint   ] Safepoint synchronization initiated using futex wait barrier. (20 threads)
[2025-03-19T08:20:45.560+0000][19.101s][info ][safepoint   ] Safepoint "CollectForMetadataAllocation", Time since last: 35412320 ns, Reaching safepoint: 55911 ns, Cleanup: 10381 ns, At safepoint: 37326 ns, Total: 103618 ns
[2025-03-19T08:20:45.566+0000][19.107s][info ][gc,marking  ] GC(36) Concurrent Mark From Roots 82.895ms
[2025-03-19T08:20:45.566+0000][19.107s][info ][gc,marking  ] GC(36) Concurrent Preclean
[2025-03-19T08:20:45.567+0000][19.107s][info ][gc,marking  ] GC(36) Concurrent Preclean 0.169ms
[2025-03-19T08:20:45.567+0000][19.107s][debug][safepoint   ] Safepoint synchronization initiated using futex wait barrier. (20 threads)
[2025-03-19T08:20:45.567+0000][19.107s][debug][safepoint   ] ... found polling page loop exception at pc = 0x000073ff4920ae49, stub =0x000073ff4898eb80
[2025-03-19T08:20:45.567+0000][19.107s][info ][gc,start    ] GC(36) Pause Remark
[2025-03-19T08:20:45.573+0000][19.113s][info ][gc          ] GC(36) Pause Remark 93M->93M(230M) 5.779ms
[2025-03-19T08:20:45.573+0000][19.113s][info ][gc,cpu      ] GC(36) User=0.02s Sys=0.00s Real=0.00s
[2025-03-19T08:20:45.573+0000][19.113s][info ][safepoint   ] Safepoint "G1PauseRemark", Time since last: 6318259 ns, Reaching safepoint: 74163 ns, Cleanup: 2887 ns, At safepoint: 5871518 ns, Total: 5948568 ns
[2025-03-19T08:20:45.573+0000][19.113s][info ][gc,marking  ] GC(36) Concurrent Mark 89.416ms
[2025-03-19T08:20:45.573+0000][19.113s][info ][gc,marking  ] GC(36) Concurrent Rebuild Remembered Sets
[2025-03-19T08:20:45.634+0000][19.175s][info ][gc,marking  ] GC(36) Concurrent Rebuild Remembered Sets 61.164ms
[2025-03-19T08:20:45.634+0000][19.175s][debug][safepoint   ] Safepoint synchronization initiated using futex wait barrier. (20 threads)
[2025-03-19T08:20:45.634+0000][19.175s][info ][gc,start    ] GC(36) Pause Cleanup
[2025-03-19T08:20:45.634+0000][19.175s][info ][gc          ] GC(36) Pause Cleanup 107M->107M(230M) 0.099ms
[2025-03-19T08:20:45.634+0000][19.175s][info ][gc,cpu      ] GC(36) User=0.00s Sys=0.00s Real=0.00s
[2025-03-19T08:20:45.634+0000][19.175s][info ][safepoint   ] Safepoint "G1PauseCleanup", Time since last: 61594116 ns, Reaching safepoint: 91587 ns, Cleanup: 10948 ns, At safepoint: 127014 ns, Total: 229549 ns
[2025-03-19T08:20:45.634+0000][19.175s][info ][gc,marking  ] GC(36) Concurrent Cleanup for Next Mark
[2025-03-19T08:20:45.635+0000][19.175s][info ][gc,marking  ] GC(36) Concurrent Cleanup for Next Mark 0.196ms
[2025-03-19T08:20:45.635+0000][19.175s][info ][gc          ] GC(36) Concurrent Mark Cycle 160.254ms
[2025-03-19T08:20:45.824+0000][19.364s][debug][safepoint   ] Safepoint synchronization initiated using futex wait barrier. (20 threads)
[2025-03-19T08:20:45.824+0000][19.365s][info ][safepoint   ] Safepoint "ICBufferFull", Time since last: 189554330 ns, Reaching safepoint: 54927 ns, Cleanup: 138862 ns, At safepoint: 2736 ns, Total: 196525 ns
[2025-03-19T08:20:46.189+0000][19.730s][debug][safepoint   ] Safepoint synchronization initiated using futex wait barrier. (20 threads)
[2025-03-19T08:20:46.189+0000][19.730s][info ][gc,start    ] GC(37) Pause Young (Prepare Mixed) (G1 Evacuation Pause)
[2025-03-19T08:20:46.189+0000][19.730s][info ][gc,task     ] GC(37) Using 4 workers of 4 for evacuation
[2025-03-19T08:20:46.202+0000][19.743s][info ][gc,phases   ] GC(37)   Pre Evacuate Collection Set: 0.1ms
[2025-03-19T08:20:46.203+0000][19.743s][info ][gc,phases   ] GC(37)   Merge Heap Roots: 0.1ms
[2025-03-19T08:20:46.203+0000][19.743s][info ][gc,phases   ] GC(37)   Evacuate Collection Set: 11.3ms
[2025-03-19T08:20:46.203+0000][19.743s][info ][gc,phases   ] GC(37)   Post Evacuate Collection Set: 1.5ms
[2025-03-19T08:20:46.203+0000][19.743s][info ][gc,phases   ] GC(37)   Other: 0.1ms
[2025-03-19T08:20:46.203+0000][19.743s][info ][gc,heap     ] GC(37) Eden regions: 121->0(2)
[2025-03-19T08:20:46.203+0000][19.743s][info ][gc,heap     ] GC(37) Survivor regions: 9->9(17)
[2025-03-19T08:20:46.203+0000][19.743s][info ][gc,heap     ] GC(37) Old regions: 66->66
[2025-03-19T08:20:46.203+0000][19.743s][info ][gc,heap     ] GC(37) Archive regions: 2->2
[2025-03-19T08:20:46.203+0000][19.743s][info ][gc,heap     ] GC(37) Humongous regions: 0->0
[2025-03-19T08:20:46.203+0000][19.743s][info ][gc,metaspace] GC(37) Metaspace: 73424K(73920K)->73424K(73920K) NonClass: 64004K(64256K)->64004K(64256K) Class: 9420K(9664K)->9420K(9664K)
[2025-03-19T08:20:46.203+0000][19.743s][info ][gc          ] GC(37) Pause Young (Prepare Mixed) (G1 Evacuation Pause) 195M->75M(230M) 13.141ms
[2025-03-19T08:20:46.203+0000][19.743s][info ][gc,cpu      ] GC(37) User=0.05s Sys=0.00s Real=0.01s
[2025-03-19T08:20:46.203+0000][19.743s][info ][safepoint   ] Safepoint "G1CollectForAllocation", Time since last: 365155217 ns, Reaching safepoint: 38614 ns, Cleanup: 68087 ns, At safepoint: 13186293 ns, Total: 13292994 ns
[2025-03-19T08:20:46.212+0000][19.752s][debug][safepoint   ] Safepoint synchronization initiated using futex wait barrier. (20 threads)
[2025-03-19T08:20:46.212+0000][19.753s][info ][gc,start    ] GC(38) Pause Young (Mixed) (G1 Evacuation Pause)
[2025-03-19T08:20:46.212+0000][19.753s][info ][gc,task     ] GC(38) Using 4 workers of 4 for evacuation
[2025-03-19T08:20:46.228+0000][19.769s][info ][gc,phases   ] GC(38)   Pre Evacuate Collection Set: 0.1ms
[2025-03-19T08:20:46.228+0000][19.769s][info ][gc,phases   ] GC(38)   Merge Heap Roots: 0.2ms
[2025-03-19T08:20:46.228+0000][19.769s][info ][gc,phases   ] GC(38)   Evacuate Collection Set: 14.7ms
[2025-03-19T08:20:46.228+0000][19.769s][info ][gc,phases   ] GC(38)   Post Evacuate Collection Set: 1.2ms
[2025-03-19T08:20:46.228+0000][19.769s][info ][gc,phases   ] GC(38)   Other: 0.1ms
[2025-03-19T08:20:46.228+0000][19.769s][info ][gc,heap     ] GC(38) Eden regions: 2->0(124)
[2025-03-19T08:20:46.228+0000][19.769s][info ][gc,heap     ] GC(38) Survivor regions: 9->2(2)
[2025-03-19T08:20:46.228+0000][19.769s][info ][gc,heap     ] GC(38) Old regions: 66->73
[2025-03-19T08:20:46.228+0000][19.769s][info ][gc,heap     ] GC(38) Archive regions: 2->2
[2025-03-19T08:20:46.229+0000][19.769s][info ][gc,heap     ] GC(38) Humongous regions: 0->0
[2025-03-19T08:20:46.229+0000][19.769s][info ][gc,metaspace] GC(38) Metaspace: 73514K(73984K)->73514K(73984K) NonClass: 64086K(64320K)->64086K(64320K) Class: 9428K(9664K)->9428K(9664K)
[2025-03-19T08:20:46.229+0000][19.769s][info ][gc          ] GC(38) Pause Young (Mixed) (G1 Evacuation Pause) 77M->74M(230M) 16.396ms
[2025-03-19T08:20:46.229+0000][19.769s][info ][gc,cpu      ] GC(38) User=0.06s Sys=0.01s Real=0.02s
[2025-03-19T08:20:46.229+0000][19.769s][info ][safepoint   ] Safepoint "G1CollectForAllocation", Time since last: 9449194 ns, Reaching safepoint: 42925 ns, Cleanup: 6433 ns, At safepoint: 16441063 ns, Total: 16490421 ns
[2025-03-19T08:20:46.807+0000][20.347s][debug][safepoint   ] Safepoint synchronization initiated using futex wait barrier. (20 threads)
[2025-03-19T08:20:46.807+0000][20.347s][info ][gc,start    ] GC(39) Pause Young (Concurrent Start) (G1 Evacuation Pause)
[2025-03-19T08:20:46.807+0000][20.347s][info ][gc,task     ] GC(39) Using 4 workers of 4 for evacuation
[2025-03-19T08:20:46.811+0000][20.352s][info ][gc,phases   ] GC(39)   Pre Evacuate Collection Set: 0.1ms
[2025-03-19T08:20:46.811+0000][20.352s][info ][gc,phases   ] GC(39)   Merge Heap Roots: 0.1ms
[2025-03-19T08:20:46.811+0000][20.352s][info ][gc,phases   ] GC(39)   Evacuate Collection Set: 3.2ms
[2025-03-19T08:20:46.811+0000][20.352s][info ][gc,phases   ] GC(39)   Post Evacuate Collection Set: 0.8ms
[2025-03-19T08:20:46.811+0000][20.352s][info ][gc,phases   ] GC(39)   Other: 0.1ms
[2025-03-19T08:20:46.811+0000][20.352s][info ][gc,heap     ] GC(39) Eden regions: 124->0(125)
[2025-03-19T08:20:46.811+0000][20.352s][info ][gc,heap     ] GC(39) Survivor regions: 2->1(16)
[2025-03-19T08:20:46.811+0000][20.352s][info ][gc,heap     ] GC(39) Old regions: 73->73
[2025-03-19T08:20:46.811+0000][20.352s][info ][gc,heap     ] GC(39) Archive regions: 2->2
[2025-03-19T08:20:46.811+0000][20.352s][info ][gc,heap     ] GC(39) Humongous regions: 0->0
[2025-03-19T08:20:46.811+0000][20.352s][info ][gc,metaspace] GC(39) Metaspace: 77333K(77824K)->77333K(77824K) NonClass: 67209K(67456K)->67209K(67456K) Class: 10124K(10368K)->10124K(10368K)
[2025-03-19T08:20:46.811+0000][20.352s][info ][gc          ] GC(39) Pause Young (Concurrent Start) (G1 Evacuation Pause) 198M->74M(230M) 4.415ms
[2025-03-19T08:20:46.811+0000][20.352s][info ][gc,cpu      ] GC(39) User=0.02s Sys=0.00s Real=0.00s
[2025-03-19T08:20:46.811+0000][20.352s][info ][gc          ] GC(40) Concurrent Mark Cycle
[2025-03-19T08:20:46.811+0000][20.352s][info ][gc,marking  ] GC(40) Concurrent Clear Claimed Marks
[2025-03-19T08:20:46.811+0000][20.352s][info ][gc,marking  ] GC(40) Concurrent Clear Claimed Marks 0.049ms
[2025-03-19T08:20:46.811+0000][20.352s][info ][gc,marking  ] GC(40) Concurrent Scan Root Regions
[2025-03-19T08:20:46.811+0000][20.352s][info ][safepoint   ] Safepoint "G1CollectForAllocation", Time since last: 578252134 ns, Reaching safepoint: 38841 ns, Cleanup: 49982 ns, At safepoint: 4462067 ns, Total: 4550890 ns
[2025-03-19T08:20:46.814+0000][20.354s][info ][gc,marking  ] GC(40) Concurrent Scan Root Regions 2.478ms
[2025-03-19T08:20:46.814+0000][20.354s][info ][gc,marking  ] GC(40) Concurrent Mark
[2025-03-19T08:20:46.814+0000][20.354s][info ][gc,marking  ] GC(40) Concurrent Mark From Roots
[2025-03-19T08:20:46.814+0000][20.354s][info ][gc,task     ] GC(40) Using 1 workers of 1 for marking
[2025-03-19T08:20:46.924+0000][20.464s][info ][gc,marking  ] GC(40) Concurrent Mark From Roots 109.707ms
[2025-03-19T08:20:46.924+0000][20.464s][info ][gc,marking  ] GC(40) Concurrent Preclean
[2025-03-19T08:20:46.924+0000][20.464s][info ][gc,marking  ] GC(40) Concurrent Preclean 0.286ms
[2025-03-19T08:20:46.924+0000][20.464s][debug][safepoint   ] Safepoint synchronization initiated using futex wait barrier. (19 threads)
[2025-03-19T08:20:46.924+0000][20.465s][info ][gc,start    ] GC(40) Pause Remark
[2025-03-19T08:20:46.931+0000][20.472s][info ][gc          ] GC(40) Pause Remark 109M->109M(230M) 7.287ms
[2025-03-19T08:20:46.932+0000][20.472s][info ][gc,cpu      ] GC(40) User=0.02s Sys=0.00s Real=0.00s
[2025-03-19T08:20:46.932+0000][20.472s][info ][safepoint   ] Safepoint "G1PauseRemark", Time since last: 112713984 ns, Reaching safepoint: 85634 ns, Cleanup: 21301 ns, At safepoint: 7380756 ns, Total: 7487691 ns
[2025-03-19T08:20:46.932+0000][20.472s][info ][gc,marking  ] GC(40) Concurrent Mark 117.706ms
[2025-03-19T08:20:46.932+0000][20.472s][info ][gc,marking  ] GC(40) Concurrent Rebuild Remembered Sets
[2025-03-19T08:20:47.005+0000][20.546s][info ][gc,marking  ] GC(40) Concurrent Rebuild Remembered Sets 73.474ms
[2025-03-19T08:20:47.005+0000][20.546s][debug][safepoint   ] Safepoint synchronization initiated using futex wait barrier. (19 threads)
[2025-03-19T08:20:47.005+0000][20.546s][info ][gc,start    ] GC(40) Pause Cleanup
[2025-03-19T08:20:47.005+0000][20.546s][info ][gc          ] GC(40) Pause Cleanup 124M->124M(230M) 0.129ms
[2025-03-19T08:20:47.005+0000][20.546s][info ][gc,cpu      ] GC(40) User=0.00s Sys=0.00s Real=0.00s
[2025-03-19T08:20:47.005+0000][20.546s][info ][safepoint   ] Safepoint "G1PauseCleanup", Time since last: 73657344 ns, Reaching safepoint: 13579 ns, Cleanup: 30918 ns, At safepoint: 159024 ns, Total: 203521 ns
[2025-03-19T08:20:47.005+0000][20.546s][info ][gc,marking  ] GC(40) Concurrent Cleanup for Next Mark
[2025-03-19T08:20:47.006+0000][20.546s][info ][gc,marking  ] GC(40) Concurrent Cleanup for Next Mark 0.237ms
[2025-03-19T08:20:47.006+0000][20.546s][info ][gc          ] GC(40) Concurrent Mark Cycle 194.347ms
[2025-03-19T08:20:47.255+0000][20.796s][debug][safepoint   ] Safepoint synchronization initiated using futex wait barrier. (20 threads)
[2025-03-19T08:20:47.255+0000][20.796s][info ][safepoint   ] Safepoint "ICBufferFull", Time since last: 249805278 ns, Reaching safepoint: 62976 ns, Cleanup: 134406 ns, At safepoint: 2239 ns, Total: 199621 ns
[2025-03-19T08:20:47.374+0000][20.914s][debug][safepoint   ] Safepoint synchronization initiated using futex wait barrier. (20 threads)
[2025-03-19T08:20:47.374+0000][20.914s][info ][safepoint   ] Safepoint "ICBufferFull", Time since last: 118215141 ns, Reaching safepoint: 132449 ns, Cleanup: 173472 ns, At safepoint: 5554 ns, Total: 311475 ns
[2025-03-19T08:20:47.471+0000][21.012s][debug][safepoint   ] Safepoint synchronization initiated using futex wait barrier. (20 threads)
[2025-03-19T08:20:47.471+0000][21.012s][info ][safepoint   ] Safepoint "ICBufferFull", Time since last: 97249265 ns, Reaching safepoint: 46200 ns, Cleanup: 132589 ns, At safepoint: 3094 ns, Total: 181883 ns
[2025-03-19T08:20:47.611+0000][21.152s][debug][safepoint   ] Safepoint synchronization initiated using futex wait barrier. (20 threads)
[2025-03-19T08:20:47.611+0000][21.152s][info ][safepoint   ] Safepoint "ICBufferFull", Time since last: 139747384 ns, Reaching safepoint: 48288 ns, Cleanup: 129647 ns, At safepoint: 5631 ns, Total: 183566 ns
[2025-03-19T08:20:47.702+0000][21.242s][debug][safepoint   ] Safepoint synchronization initiated using futex wait barrier. (20 threads)
[2025-03-19T08:20:47.702+0000][21.242s][info ][gc,start    ] GC(41) Pause Young (Prepare Mixed) (G1 Evacuation Pause)
[2025-03-19T08:20:47.702+0000][21.242s][info ][gc,task     ] GC(41) Using 4 workers of 4 for evacuation
[2025-03-19T08:20:47.706+0000][21.247s][info ][gc,phases   ] GC(41)   Pre Evacuate Collection Set: 0.1ms
[2025-03-19T08:20:47.706+0000][21.247s][info ][gc,phases   ] GC(41)   Merge Heap Roots: 0.1ms
[2025-03-19T08:20:47.706+0000][21.247s][info ][gc,phases   ] GC(41)   Evacuate Collection Set: 3.4ms
[2025-03-19T08:20:47.706+0000][21.247s][info ][gc,phases   ] GC(41)   Post Evacuate Collection Set: 0.7ms
[2025-03-19T08:20:47.706+0000][21.247s][info ][gc,phases   ] GC(41)   Other: 0.1ms
[2025-03-19T08:20:47.706+0000][21.247s][info ][gc,heap     ] GC(41) Eden regions: 125->0(8)
[2025-03-19T08:20:47.706+0000][21.247s][info ][gc,heap     ] GC(41) Survivor regions: 1->3(16)
[2025-03-19T08:20:47.706+0000][21.247s][info ][gc,heap     ] GC(41) Old regions: 73->73
[2025-03-19T08:20:47.706+0000][21.247s][info ][gc,heap     ] GC(41) Archive regions: 2->2
[2025-03-19T08:20:47.706+0000][21.247s][info ][gc,heap     ] GC(41) Humongous regions: 0->0
[2025-03-19T08:20:47.706+0000][21.247s][info ][gc,metaspace] GC(41) Metaspace: 79624K(80128K)->79624K(80128K) NonClass: 69176K(69440K)->69176K(69440K) Class: 10447K(10688K)->10447K(10688K)
[2025-03-19T08:20:47.706+0000][21.247s][info ][gc          ] GC(41) Pause Young (Prepare Mixed) (G1 Evacuation Pause) 199M->75M(230M) 4.480ms
[2025-03-19T08:20:47.706+0000][21.247s][info ][gc,cpu      ] GC(41) User=0.01s Sys=0.00s Real=0.01s
[2025-03-19T08:20:47.706+0000][21.247s][info ][safepoint   ] Safepoint "G1CollectForAllocation", Time since last: 90577416 ns, Reaching safepoint: 38296 ns, Cleanup: 53741 ns, At safepoint: 4520315 ns, Total: 4612352 ns
[2025-03-19T08:20:47.746+0000][21.286s][debug][safepoint   ] Safepoint synchronization initiated using futex wait barrier. (20 threads)
[2025-03-19T08:20:47.746+0000][21.286s][info ][gc,start    ] GC(42) Pause Young (Mixed) (G1 Evacuation Pause)
[2025-03-19T08:20:47.746+0000][21.286s][info ][gc,task     ] GC(42) Using 4 workers of 4 for evacuation
[2025-03-19T08:20:47.751+0000][21.292s][info ][gc,phases   ] GC(42)   Pre Evacuate Collection Set: 0.1ms
[2025-03-19T08:20:47.751+0000][21.292s][info ][gc,phases   ] GC(42)   Merge Heap Roots: 0.1ms
[2025-03-19T08:20:47.751+0000][21.292s][info ][gc,phases   ] GC(42)   Evacuate Collection Set: 4.5ms
[2025-03-19T08:20:47.751+0000][21.292s][info ][gc,phases   ] GC(42)   Post Evacuate Collection Set: 0.9ms
[2025-03-19T08:20:47.751+0000][21.292s][info ][gc,phases   ] GC(42)   Other: 0.1ms
[2025-03-19T08:20:47.751+0000][21.292s][info ][gc,heap     ] GC(42) Eden regions: 8->0(125)
[2025-03-19T08:20:47.751+0000][21.292s][info ][gc,heap     ] GC(42) Survivor regions: 3->1(2)
[2025-03-19T08:20:47.751+0000][21.292s][info ][gc,heap     ] GC(42) Old regions: 73->74
[2025-03-19T08:20:47.751+0000][21.292s][info ][gc,heap     ] GC(42) Archive regions: 2->2
[2025-03-19T08:20:47.751+0000][21.292s][info ][gc,heap     ] GC(42) Humongous regions: 0->0
[2025-03-19T08:20:47.751+0000][21.292s][info ][gc,metaspace] GC(42) Metaspace: 79749K(80192K)->79749K(80192K) NonClass: 69283K(69504K)->69283K(69504K) Class: 10466K(10688K)->10466K(10688K)
[2025-03-19T08:20:47.751+0000][21.292s][info ][gc          ] GC(42) Pause Young (Mixed) (G1 Evacuation Pause) 83M->74M(230M) 5.726ms
[2025-03-19T08:20:47.751+0000][21.292s][info ][gc,cpu      ] GC(42) User=0.02s Sys=0.00s Real=0.00s
[2025-03-19T08:20:47.751+0000][21.292s][info ][safepoint   ] Safepoint "G1CollectForAllocation", Time since last: 39130065 ns, Reaching safepoint: 49900 ns, Cleanup: 34543 ns, At safepoint: 5771345 ns, Total: 5855788 ns
[2025-03-19T08:20:48.304+0000][21.845s][debug][safepoint   ] Safepoint synchronization initiated using futex wait barrier. (18 threads)
[2025-03-19T08:20:48.304+0000][21.845s][info ][safepoint   ] Safepoint "ICBufferFull", Time since last: 552669919 ns, Reaching safepoint: 120850 ns, Cleanup: 133618 ns, At safepoint: 5801 ns, Total: 260269 ns
[2025-03-19T08:20:48.740+0000][22.280s][debug][safepoint   ] Safepoint synchronization initiated using futex wait barrier. (18 threads)
[2025-03-19T08:20:48.740+0000][22.280s][info ][gc,start    ] GC(43) Pause Young (Normal) (G1 Evacuation Pause)
[2025-03-19T08:20:48.740+0000][22.280s][info ][gc,task     ] GC(43) Using 4 workers of 4 for evacuation
[2025-03-19T08:20:48.745+0000][22.286s][info ][gc,phases   ] GC(43)   Pre Evacuate Collection Set: 0.1ms
[2025-03-19T08:20:48.745+0000][22.286s][info ][gc,phases   ] GC(43)   Merge Heap Roots: 0.1ms
[2025-03-19T08:20:48.745+0000][22.286s][info ][gc,phases   ] GC(43)   Evacuate Collection Set: 4.1ms
[2025-03-19T08:20:48.745+0000][22.286s][info ][gc,phases   ] GC(43)   Post Evacuate Collection Set: 1.2ms
[2025-03-19T08:20:48.745+0000][22.286s][info ][gc,phases   ] GC(43)   Other: 0.1ms
[2025-03-19T08:20:48.745+0000][22.286s][info ][gc,heap     ] GC(43) Eden regions: 125->0(122)
[2025-03-19T08:20:48.745+0000][22.286s][info ][gc,heap     ] GC(43) Survivor regions: 1->3(16)
[2025-03-19T08:20:48.745+0000][22.286s][info ][gc,heap     ] GC(43) Old regions: 74->74
[2025-03-19T08:20:48.745+0000][22.286s][info ][gc,heap     ] GC(43) Archive regions: 2->2
[2025-03-19T08:20:48.745+0000][22.286s][info ][gc,heap     ] GC(43) Humongous regions: 0->0
[2025-03-19T08:20:48.745+0000][22.286s][info ][gc,metaspace] GC(43) Metaspace: 82887K(83392K)->82887K(83392K) NonClass: 71964K(72192K)->71964K(72192K) Class: 10922K(11200K)->10922K(11200K)
[2025-03-19T08:20:48.745+0000][22.286s][info ][gc          ] GC(43) Pause Young (Normal) (G1 Evacuation Pause) 199M->76M(230M) 5.563ms
[2025-03-19T08:20:48.745+0000][22.286s][info ][gc,cpu      ] GC(43) User=0.01s Sys=0.00s Real=0.01s
[2025-03-19T08:20:48.745+0000][22.286s][info ][safepoint   ] Safepoint "G1CollectForAllocation", Time since last: 435268210 ns, Reaching safepoint: 35695 ns, Cleanup: 33826 ns, At safepoint: 5604816 ns, Total: 5674337 ns
[2025-03-19T08:20:49.298+0000][22.838s][debug][safepoint   ] Safepoint synchronization initiated using futex wait barrier. (19 threads)
[2025-03-19T08:20:49.298+0000][22.838s][info ][safepoint   ] Safepoint "ICBufferFull", Time since last: 552310727 ns, Reaching safepoint: 68876 ns, Cleanup: 157925 ns, At safepoint: 4321 ns, Total: 231122 ns
[2025-03-19T08:20:49.727+0000][23.267s][debug][safepoint   ] Safepoint synchronization initiated using futex wait barrier. (20 threads)
[2025-03-19T08:20:49.727+0000][23.268s][info ][gc,start    ] GC(44) Pause Young (Normal) (G1 Evacuation Pause)
[2025-03-19T08:20:49.727+0000][23.268s][info ][gc,task     ] GC(44) Using 4 workers of 4 for evacuation
[2025-03-19T08:20:49.739+0000][23.279s][info ][gc,phases   ] GC(44)   Pre Evacuate Collection Set: 0.1ms
[2025-03-19T08:20:49.739+0000][23.279s][info ][gc,phases   ] GC(44)   Merge Heap Roots: 0.1ms
[2025-03-19T08:20:49.739+0000][23.279s][info ][gc,phases   ] GC(44)   Evacuate Collection Set: 10.0ms
[2025-03-19T08:20:49.739+0000][23.279s][info ][gc,phases   ] GC(44)   Post Evacuate Collection Set: 1.4ms
[2025-03-19T08:20:49.739+0000][23.279s][info ][gc,phases   ] GC(44)   Other: 0.1ms
[2025-03-19T08:20:49.739+0000][23.279s][info ][gc,heap     ] GC(44) Eden regions: 122->0(119)
[2025-03-19T08:20:49.739+0000][23.279s][info ][gc,heap     ] GC(44) Survivor regions: 3->5(16)
[2025-03-19T08:20:49.739+0000][23.279s][info ][gc,heap     ] GC(44) Old regions: 74->74
[2025-03-19T08:20:49.739+0000][23.279s][info ][gc,heap     ] GC(44) Archive regions: 2->2
[2025-03-19T08:20:49.739+0000][23.279s][info ][gc,heap     ] GC(44) Humongous regions: 0->0
[2025-03-19T08:20:49.739+0000][23.279s][info ][gc,metaspace] GC(44) Metaspace: 84713K(85312K)->84713K(85312K) NonClass: 73654K(73984K)->73654K(73984K) Class: 11059K(11328K)->11059K(11328K)
[2025-03-19T08:20:49.739+0000][23.279s][info ][gc          ] GC(44) Pause Young (Normal) (G1 Evacuation Pause) 198M->78M(230M) 11.942ms
[2025-03-19T08:20:49.739+0000][23.279s][info ][gc,cpu      ] GC(44) User=0.03s Sys=0.00s Real=0.01s
[2025-03-19T08:20:49.739+0000][23.279s][info ][safepoint   ] Safepoint "G1CollectForAllocation", Time since last: 429025691 ns, Reaching safepoint: 49737 ns, Cleanup: 97943 ns, At safepoint: 11998990 ns, Total: 12146670 ns
[2025-03-19T08:20:50.740+0000][24.280s][debug][safepoint   ] Safepoint synchronization initiated using futex wait barrier. (20 threads)
[2025-03-19T08:20:50.740+0000][24.281s][info ][safepoint   ] Safepoint "Cleanup", Time since last: 1000957631 ns, Reaching safepoint: 49112 ns, Cleanup: 78489 ns, At safepoint: 6658 ns, Total: 134259 ns
[2025-03-19T08:20:51.244+0000][24.784s][debug][safepoint   ] Safepoint synchronization initiated using futex wait barrier. (20 threads)
[2025-03-19T08:20:51.244+0000][24.784s][info ][gc,start    ] GC(45) Pause Young (Concurrent Start) (G1 Evacuation Pause)
[2025-03-19T08:20:51.244+0000][24.784s][info ][gc,task     ] GC(45) Using 4 workers of 4 for evacuation
[2025-03-19T08:20:51.253+0000][24.794s][info ][gc,phases   ] GC(45)   Pre Evacuate Collection Set: 0.1ms
[2025-03-19T08:20:51.253+0000][24.794s][info ][gc,phases   ] GC(45)   Merge Heap Roots: 0.1ms
[2025-03-19T08:20:51.253+0000][24.794s][info ][gc,phases   ] GC(45)   Evacuate Collection Set: 7.8ms
[2025-03-19T08:20:51.253+0000][24.794s][info ][gc,phases   ] GC(45)   Post Evacuate Collection Set: 1.1ms
[2025-03-19T08:20:51.253+0000][24.794s][info ][gc,phases   ] GC(45)   Other: 0.2ms
[2025-03-19T08:20:51.253+0000][24.794s][info ][gc,heap     ] GC(45) Eden regions: 119->0(113)
[2025-03-19T08:20:51.253+0000][24.794s][info ][gc,heap     ] GC(45) Survivor regions: 5->9(16)
[2025-03-19T08:20:51.253+0000][24.794s][info ][gc,heap     ] GC(45) Old regions: 74->74
[2025-03-19T08:20:51.253+0000][24.794s][info ][gc,heap     ] GC(45) Archive regions: 2->2
[2025-03-19T08:20:51.253+0000][24.794s][info ][gc,heap     ] GC(45) Humongous regions: 0->0
[2025-03-19T08:20:51.253+0000][24.794s][info ][gc,metaspace] GC(45) Metaspace: 87027K(87616K)->87027K(87616K) NonClass: 75825K(76160K)->75825K(76160K) Class: 11201K(11456K)->11201K(11456K)
[2025-03-19T08:20:51.253+0000][24.794s][info ][gc          ] GC(45) Pause Young (Concurrent Start) (G1 Evacuation Pause) 197M->82M(230M) 9.390ms
[2025-03-19T08:20:51.253+0000][24.794s][info ][gc,cpu      ] GC(45) User=0.03s Sys=0.00s Real=0.01s
[2025-03-19T08:20:51.253+0000][24.794s][info ][gc          ] GC(46) Concurrent Mark Cycle
[2025-03-19T08:20:51.253+0000][24.794s][info ][gc,marking  ] GC(46) Concurrent Clear Claimed Marks
[2025-03-19T08:20:51.253+0000][24.794s][info ][gc,marking  ] GC(46) Concurrent Clear Claimed Marks 0.069ms
[2025-03-19T08:20:51.253+0000][24.794s][info ][gc,marking  ] GC(46) Concurrent Scan Root Regions
[2025-03-19T08:20:51.253+0000][24.794s][info ][safepoint   ] Safepoint "G1CollectForAllocation", Time since last: 503595941 ns, Reaching safepoint: 79640 ns, Cleanup: 52778 ns, At safepoint: 9455418 ns, Total: 9587836 ns
[2025-03-19T08:20:51.264+0000][24.804s][info ][gc,marking  ] GC(46) Concurrent Scan Root Regions 10.225ms
[2025-03-19T08:20:51.264+0000][24.804s][info ][gc,marking  ] GC(46) Concurrent Mark
[2025-03-19T08:20:51.264+0000][24.804s][info ][gc,marking  ] GC(46) Concurrent Mark From Roots
[2025-03-19T08:20:51.264+0000][24.804s][info ][gc,task     ] GC(46) Using 1 workers of 1 for marking
[2025-03-19T08:20:51.543+0000][25.083s][info ][gc,marking  ] GC(46) Concurrent Mark From Roots 279.297ms
[2025-03-19T08:20:51.543+0000][25.083s][info ][gc,marking  ] GC(46) Concurrent Preclean
[2025-03-19T08:20:51.543+0000][25.084s][info ][gc,marking  ] GC(46) Concurrent Preclean 0.401ms
[2025-03-19T08:20:51.552+0000][25.092s][debug][safepoint   ] Safepoint synchronization initiated using futex wait barrier. (20 threads)
[2025-03-19T08:20:51.552+0000][25.092s][info ][gc,start    ] GC(46) Pause Remark
[2025-03-19T08:20:51.565+0000][25.106s][info ][gc          ] GC(46) Pause Remark 108M->108M(230M) 13.219ms
[2025-03-19T08:20:51.565+0000][25.106s][info ][gc,cpu      ] GC(46) User=0.03s Sys=0.00s Real=0.02s
[2025-03-19T08:20:51.565+0000][25.106s][info ][safepoint   ] Safepoint "G1PauseRemark", Time since last: 298558614 ns, Reaching safepoint: 107279 ns, Cleanup: 46508 ns, At safepoint: 13317073 ns, Total: 13470860 ns
[2025-03-19T08:20:51.574+0000][25.114s][info ][gc,marking  ] GC(46) Concurrent Mark 309.933ms
[2025-03-19T08:20:51.574+0000][25.114s][info ][gc,marking  ] GC(46) Concurrent Rebuild Remembered Sets
[2025-03-19T08:20:51.663+0000][25.203s][info ][gc,marking  ] GC(46) Concurrent Rebuild Remembered Sets 89.029ms
[2025-03-19T08:20:51.663+0000][25.203s][debug][safepoint   ] Safepoint synchronization initiated using futex wait barrier. (24 threads)
[2025-03-19T08:20:51.663+0000][25.203s][info ][gc,start    ] GC(46) Pause Cleanup
[2025-03-19T08:20:51.663+0000][25.203s][info ][gc          ] GC(46) Pause Cleanup 118M->118M(230M) 0.156ms
[2025-03-19T08:20:51.663+0000][25.204s][info ][gc,cpu      ] GC(46) User=0.00s Sys=0.00s Real=0.00s
[2025-03-19T08:20:51.663+0000][25.204s][info ][safepoint   ] Safepoint "G1PauseCleanup", Time since last: 97401786 ns, Reaching safepoint: 88995 ns, Cleanup: 26083 ns, At safepoint: 207594 ns, Total: 322672 ns
[2025-03-19T08:20:51.666+0000][25.207s][info ][gc,marking  ] GC(46) Concurrent Cleanup for Next Mark
[2025-03-19T08:20:51.666+0000][25.207s][info ][gc,marking  ] GC(46) Concurrent Cleanup for Next Mark 0.290ms
[2025-03-19T08:20:51.666+0000][25.207s][info ][gc          ] GC(46) Concurrent Mark Cycle 413.129ms
[2025-03-19T08:20:52.587+0000][26.127s][debug][safepoint   ] Safepoint synchronization initiated using futex wait barrier. (24 threads)
[2025-03-19T08:20:52.587+0000][26.128s][info ][gc,start    ] GC(47) Pause Young (Prepare Mixed) (G1 Evacuation Pause)
[2025-03-19T08:20:52.587+0000][26.128s][info ][gc,task     ] GC(47) Using 4 workers of 4 for evacuation
[2025-03-19T08:20:52.611+0000][26.151s][info ][gc,phases   ] GC(47)   Pre Evacuate Collection Set: 0.1ms
[2025-03-19T08:20:52.611+0000][26.151s][info ][gc,phases   ] GC(47)   Merge Heap Roots: 0.1ms
[2025-03-19T08:20:52.611+0000][26.151s][info ][gc,phases   ] GC(47)   Evacuate Collection Set: 20.8ms
[2025-03-19T08:20:52.611+0000][26.151s][info ][gc,phases   ] GC(47)   Post Evacuate Collection Set: 2.6ms
[2025-03-19T08:20:52.611+0000][26.151s][info ][gc,phases   ] GC(47)   Other: 0.1ms
[2025-03-19T08:20:52.611+0000][26.151s][info ][gc,heap     ] GC(47) Eden regions: 113->0(1)
[2025-03-19T08:20:52.611+0000][26.151s][info ][gc,heap     ] GC(47) Survivor regions: 9->12(16)
[2025-03-19T08:20:52.611+0000][26.151s][info ][gc,heap     ] GC(47) Old regions: 74->74
[2025-03-19T08:20:52.611+0000][26.151s][info ][gc,heap     ] GC(47) Archive regions: 2->2
[2025-03-19T08:20:52.611+0000][26.151s][info ][gc,heap     ] GC(47) Humongous regions: 0->0
[2025-03-19T08:20:52.611+0000][26.151s][info ][gc,metaspace] GC(47) Metaspace: 88909K(89472K)->88909K(89472K) NonClass: 77510K(77824K)->77510K(77824K) Class: 11398K(11648K)->11398K(11648K)
[2025-03-19T08:20:52.611+0000][26.151s][info ][gc          ] GC(47) Pause Young (Prepare Mixed) (G1 Evacuation Pause) 195M->85M(230M) 23.844ms
[2025-03-19T08:20:52.611+0000][26.151s][info ][gc,cpu      ] GC(47) User=0.09s Sys=0.00s Real=0.02s
[2025-03-19T08:20:52.611+0000][26.151s][info ][safepoint   ] Safepoint "G1CollectForAllocation", Time since last: 923976190 ns, Reaching safepoint: 45855 ns, Cleanup: 32183 ns, At safepoint: 23909559 ns, Total: 23987597 ns
[2025-03-19T08:20:52.624+0000][26.164s][debug][safepoint   ] Safepoint synchronization initiated using futex wait barrier. (24 threads)
[2025-03-19T08:20:52.624+0000][26.164s][info ][gc,start    ] GC(48) Pause Young (Mixed) (G1 Evacuation Pause)
[2025-03-19T08:20:52.624+0000][26.164s][info ][gc,task     ] GC(48) Using 4 workers of 4 for evacuation
[2025-03-19T08:20:52.647+0000][26.187s][info ][gc,phases   ] GC(48)   Pre Evacuate Collection Set: 0.1ms
[2025-03-19T08:20:52.647+0000][26.187s][info ][gc,phases   ] GC(48)   Merge Heap Roots: 0.1ms
[2025-03-19T08:20:52.647+0000][26.187s][info ][gc,phases   ] GC(48)   Evacuate Collection Set: 16.7ms
[2025-03-19T08:20:52.647+0000][26.187s][info ][gc,phases   ] GC(48)   Post Evacuate Collection Set: 5.7ms
[2025-03-19T08:20:52.647+0000][26.187s][info ][gc,phases   ] GC(48)   Other: 0.1ms
[2025-03-19T08:20:52.647+0000][26.187s][info ][gc,heap     ] GC(48) Eden regions: 1->0(332)
[2025-03-19T08:20:52.647+0000][26.187s][info ][gc,heap     ] GC(48) Survivor regions: 12->2(2)
[2025-03-19T08:20:52.647+0000][26.187s][info ][gc,heap     ] GC(48) Old regions: 74->83
[2025-03-19T08:20:52.647+0000][26.187s][info ][gc,heap     ] GC(48) Archive regions: 2->2
[2025-03-19T08:20:52.647+0000][26.187s][info ][gc,heap     ] GC(48) Humongous regions: 0->0
[2025-03-19T08:20:52.647+0000][26.187s][info ][gc,metaspace] GC(48) Metaspace: 88941K(89536K)->88941K(89536K) NonClass: 77541K(77824K)->77541K(77824K) Class: 11400K(11712K)->11400K(11712K)
[2025-03-19T08:20:52.647+0000][26.187s][info ][gc          ] GC(48) Pause Young (Mixed) (G1 Evacuation Pause) 86M->84M(557M) 22.753ms
[2025-03-19T08:20:52.647+0000][26.187s][info ][gc,cpu      ] GC(48) User=0.07s Sys=0.01s Real=0.03s
[2025-03-19T08:20:52.647+0000][26.187s][info ][safepoint   ] Safepoint "G1CollectForAllocation", Time since last: 12791091 ns, Reaching safepoint: 37624 ns, Cleanup: 7807 ns, At safepoint: 22810981 ns, Total: 22856412 ns
[2025-03-19T08:20:54.182+0000][27.723s][debug][safepoint   ] Safepoint synchronization initiated using futex wait barrier. (24 threads)
[2025-03-19T08:20:54.182+0000][27.723s][info ][safepoint   ] Safepoint "Cleanup", Time since last: 1535427405 ns, Reaching safepoint: 47156 ns, Cleanup: 164782 ns, At safepoint: 2904 ns, Total: 214842 ns
[2025-03-19T08:20:54.896+0000][28.436s][debug][safepoint   ] Safepoint synchronization initiated using futex wait barrier. (24 threads)
[2025-03-19T08:20:54.896+0000][28.437s][info ][safepoint   ] Safepoint "ICBufferFull", Time since last: 713637230 ns, Reaching safepoint: 50794 ns, Cleanup: 111427 ns, At safepoint: 5206 ns, Total: 167427 ns
[2025-03-19T08:20:56.002+0000][29.543s][debug][safepoint   ] Safepoint synchronization initiated using futex wait barrier. (24 threads)
[2025-03-19T08:20:56.003+0000][29.543s][info ][safepoint   ] Safepoint "Cleanup", Time since last: 1106230342 ns, Reaching safepoint: 42736 ns, Cleanup: 126933 ns, At safepoint: 2233 ns, Total: 171902 ns
[2025-03-19T08:20:56.229+0000][29.769s][debug][safepoint   ] Safepoint synchronization initiated using futex wait barrier. (24 threads)
[2025-03-19T08:20:56.229+0000][29.769s][info ][gc,start    ] GC(49) Pause Young (Normal) (G1 Evacuation Pause)
[2025-03-19T08:20:56.229+0000][29.769s][info ][gc,task     ] GC(49) Using 4 workers of 4 for evacuation
[2025-03-19T08:20:56.249+0000][29.790s][info ][gc,phases   ] GC(49)   Pre Evacuate Collection Set: 0.1ms
[2025-03-19T08:20:56.249+0000][29.790s][info ][gc,phases   ] GC(49)   Merge Heap Roots: 0.1ms
[2025-03-19T08:20:56.249+0000][29.790s][info ][gc,phases   ] GC(49)   Evacuate Collection Set: 18.4ms
[2025-03-19T08:20:56.249+0000][29.790s][info ][gc,phases   ] GC(49)   Post Evacuate Collection Set: 1.7ms
[2025-03-19T08:20:56.249+0000][29.790s][info ][gc,phases   ] GC(49)   Other: 0.2ms
[2025-03-19T08:20:56.249+0000][29.790s][info ][gc,heap     ] GC(49) Eden regions: 332->0(327)
[2025-03-19T08:20:56.249+0000][29.790s][info ][gc,heap     ] GC(49) Survivor regions: 2->7(42)
[2025-03-19T08:20:56.249+0000][29.790s][info ][gc,heap     ] GC(49) Old regions: 83->83
[2025-03-19T08:20:56.249+0000][29.790s][info ][gc,heap     ] GC(49) Archive regions: 2->2
[2025-03-19T08:20:56.249+0000][29.790s][info ][gc,heap     ] GC(49) Humongous regions: 0->0
[2025-03-19T08:20:56.249+0000][29.790s][info ][gc,metaspace] GC(49) Metaspace: 97017K(97600K)->97017K(97600K) NonClass: 84270K(84608K)->84270K(84608K) Class: 12747K(12992K)->12747K(12992K)
[2025-03-19T08:20:56.249+0000][29.790s][info ][gc          ] GC(49) Pause Young (Normal) (G1 Evacuation Pause) 416M->89M(557M) 20.608ms
[2025-03-19T08:20:56.249+0000][29.790s][info ][gc,cpu      ] GC(49) User=0.07s Sys=0.00s Real=0.02s
[2025-03-19T08:20:56.249+0000][29.790s][info ][safepoint   ] Safepoint "G1CollectForAllocation", Time since last: 226107317 ns, Reaching safepoint: 48095 ns, Cleanup: 55277 ns, At safepoint: 20726465 ns, Total: 20829837 ns
[2025-03-19T08:20:57.531+0000][31.072s][debug][safepoint   ] Safepoint synchronization initiated using futex wait barrier. (27 threads)
[2025-03-19T08:20:57.534+0000][31.074s][info ][safepoint   ] Safepoint "Cleanup", Time since last: 1281875440 ns, Reaching safepoint: 2161695 ns, Cleanup: 131175 ns, At safepoint: 6396 ns, Total: 2299266 ns
[2025-03-19T08:20:58.897+0000][32.437s][debug][safepoint   ] Safepoint synchronization initiated using futex wait barrier. (30 threads)
[2025-03-19T08:20:58.897+0000][32.438s][info ][gc,start    ] GC(50) Pause Young (Normal) (G1 Evacuation Pause)
[2025-03-19T08:20:58.897+0000][32.438s][info ][gc,task     ] GC(50) Using 4 workers of 4 for evacuation
[2025-03-19T08:20:58.928+0000][32.469s][info ][gc,phases   ] GC(50)   Pre Evacuate Collection Set: 0.1ms
[2025-03-19T08:20:58.928+0000][32.469s][info ][gc,phases   ] GC(50)   Merge Heap Roots: 0.1ms
[2025-03-19T08:20:58.928+0000][32.469s][info ][gc,phases   ] GC(50)   Evacuate Collection Set: 28.4ms
[2025-03-19T08:20:58.928+0000][32.469s][info ][gc,phases   ] GC(50)   Post Evacuate Collection Set: 2.2ms
[2025-03-19T08:20:58.928+0000][32.469s][info ][gc,phases   ] GC(50)   Other: 0.1ms
[2025-03-19T08:20:58.928+0000][32.469s][info ][gc,heap     ] GC(50) Eden regions: 327->0(320)
[2025-03-19T08:20:58.928+0000][32.469s][info ][gc,heap     ] GC(50) Survivor regions: 7->14(42)
[2025-03-19T08:20:58.928+0000][32.469s][info ][gc,heap     ] GC(50) Old regions: 83->83
[2025-03-19T08:20:58.928+0000][32.469s][info ][gc,heap     ] GC(50) Archive regions: 2->2
[2025-03-19T08:20:58.928+0000][32.469s][info ][gc,heap     ] GC(50) Humongous regions: 0->0
[2025-03-19T08:20:58.928+0000][32.469s][info ][gc,metaspace] GC(50) Metaspace: 106675K(107328K)->106675K(107328K) NonClass: 92712K(93056K)->92712K(93056K) Class: 13962K(14272K)->13962K(14272K)
[2025-03-19T08:20:58.928+0000][32.469s][info ][gc          ] GC(50) Pause Young (Normal) (G1 Evacuation Pause) 416M->96M(557M) 31.020ms
[2025-03-19T08:20:58.928+0000][32.469s][info ][gc,cpu      ] GC(50) User=0.09s Sys=0.00s Real=0.03s
[2025-03-19T08:20:58.928+0000][32.469s][info ][safepoint   ] Safepoint "G1CollectForAllocation", Time since last: 1363389824 ns, Reaching safepoint: 43980 ns, Cleanup: 96846 ns, At safepoint: 31086187 ns, Total: 31227013 ns
[2025-03-19T08:21:00.269+0000][33.809s][debug][safepoint   ] Safepoint synchronization initiated using futex wait barrier. (37 threads)
[2025-03-19T08:21:00.269+0000][33.809s][info ][safepoint   ] Safepoint "ICBufferFull", Time since last: 1340305011 ns, Reaching safepoint: 53518 ns, Cleanup: 168616 ns, At safepoint: 3602 ns, Total: 225736 ns
[2025-03-19T08:21:01.673+0000][35.213s][debug][safepoint   ] Safepoint synchronization initiated using futex wait barrier. (41 threads)
[2025-03-19T08:21:01.673+0000][35.214s][info ][safepoint   ] Safepoint "Cleanup", Time since last: 1403996243 ns, Reaching safepoint: 209396 ns, Cleanup: 146760 ns, At safepoint: 7517 ns, Total: 363673 ns
[2025-03-19T08:21:02.273+0000][35.814s][debug][safepoint   ] Safepoint synchronization initiated using futex wait barrier. (41 threads)
[2025-03-19T08:21:02.274+0000][35.814s][info ][safepoint   ] Safepoint "ICBufferFull", Time since last: 600150964 ns, Reaching safepoint: 51768 ns, Cleanup: 139652 ns, At safepoint: 3508 ns, Total: 194928 ns
[2025-03-19T08:21:02.871+0000][36.411s][debug][safepoint   ] Safepoint synchronization initiated using futex wait barrier. (41 threads)
[2025-03-19T08:21:02.871+0000][36.411s][info ][gc,start    ] GC(51) Pause Young (Normal) (G1 Evacuation Pause)
[2025-03-19T08:21:02.871+0000][36.411s][info ][gc,task     ] GC(51) Using 4 workers of 4 for evacuation
[2025-03-19T08:21:02.913+0000][36.454s][info ][gc,phases   ] GC(51)   Pre Evacuate Collection Set: 1.1ms
[2025-03-19T08:21:02.913+0000][36.454s][info ][gc,phases   ] GC(51)   Merge Heap Roots: 0.4ms
[2025-03-19T08:21:02.913+0000][36.454s][info ][gc,phases   ] GC(51)   Evacuate Collection Set: 38.7ms
[2025-03-19T08:21:02.913+0000][36.454s][info ][gc,phases   ] GC(51)   Post Evacuate Collection Set: 2.2ms
[2025-03-19T08:21:02.913+0000][36.454s][info ][gc,phases   ] GC(51)   Other: 0.1ms
[2025-03-19T08:21:02.913+0000][36.454s][info ][gc,heap     ] GC(51) Eden regions: 320->0(312)
[2025-03-19T08:21:02.913+0000][36.454s][info ][gc,heap     ] GC(51) Survivor regions: 14->22(42)
[2025-03-19T08:21:02.913+0000][36.454s][info ][gc,heap     ] GC(51) Old regions: 83->83
[2025-03-19T08:21:02.913+0000][36.454s][info ][gc,heap     ] GC(51) Archive regions: 2->2
[2025-03-19T08:21:02.913+0000][36.454s][info ][gc,heap     ] GC(51) Humongous regions: 0->0
[2025-03-19T08:21:02.913+0000][36.454s][info ][gc,metaspace] GC(51) Metaspace: 114655K(115264K)->114655K(115264K) NonClass: 99864K(100160K)->99864K(100160K) Class: 14790K(15104K)->14790K(15104K)
[2025-03-19T08:21:02.913+0000][36.454s][info ][gc          ] GC(51) Pause Young (Normal) (G1 Evacuation Pause) 416M->104M(557M) 42.540ms
[2025-03-19T08:21:02.913+0000][36.454s][info ][gc,cpu      ] GC(51) User=0.10s Sys=0.00s Real=0.04s
[2025-03-19T08:21:02.914+0000][36.454s][info ][safepoint   ] Safepoint "G1CollectForAllocation", Time since last: 597088714 ns, Reaching safepoint: 56737 ns, Cleanup: 153113 ns, At safepoint: 42705862 ns, Total: 42915712 ns
[2025-03-19T08:21:04.612+0000][38.152s][debug][safepoint   ] Safepoint synchronization initiated using futex wait barrier. (42 threads)
[2025-03-19T08:21:04.612+0000][38.153s][info ][safepoint   ] Safepoint "ICBufferFull", Time since last: 1698351509 ns, Reaching safepoint: 60724 ns, Cleanup: 205468 ns, At safepoint: 3426 ns, Total: 269618 ns
[2025-03-19T08:21:05.716+0000][39.256s][debug][safepoint   ] Safepoint synchronization initiated using futex wait barrier. (44 threads)
[2025-03-19T08:21:05.716+0000][39.257s][info ][safepoint   ] Safepoint "Cleanup", Time since last: 1103681831 ns, Reaching safepoint: 236441 ns, Cleanup: 81232 ns, At safepoint: 2228 ns, Total: 319901 ns
[2025-03-19T08:21:06.393+0000][39.933s][debug][safepoint   ] Safepoint synchronization initiated using futex wait barrier. (44 threads)
[2025-03-19T08:21:06.393+0000][39.933s][info ][gc,start    ] GC(52) Pause Young (Normal) (G1 Evacuation Pause)
[2025-03-19T08:21:06.393+0000][39.933s][info ][gc,task     ] GC(52) Using 4 workers of 4 for evacuation
[2025-03-19T08:21:06.436+0000][39.976s][info ][gc,phases   ] GC(52)   Pre Evacuate Collection Set: 0.1ms
[2025-03-19T08:21:06.436+0000][39.976s][info ][gc,phases   ] GC(52)   Merge Heap Roots: 0.2ms
[2025-03-19T08:21:06.436+0000][39.976s][info ][gc,phases   ] GC(52)   Evacuate Collection Set: 38.0ms
[2025-03-19T08:21:06.436+0000][39.976s][info ][gc,phases   ] GC(52)   Post Evacuate Collection Set: 4.4ms
[2025-03-19T08:21:06.436+0000][39.976s][info ][gc,phases   ] GC(52)   Other: 0.2ms
[2025-03-19T08:21:06.436+0000][39.976s][info ][gc,heap     ] GC(52) Eden regions: 312->0(304)
[2025-03-19T08:21:06.436+0000][39.976s][info ][gc,heap     ] GC(52) Survivor regions: 22->30(42)
[2025-03-19T08:21:06.436+0000][39.976s][info ][gc,heap     ] GC(52) Old regions: 83->83
[2025-03-19T08:21:06.436+0000][39.976s][info ][gc,heap     ] GC(52) Archive regions: 2->2
[2025-03-19T08:21:06.436+0000][39.976s][info ][gc,heap     ] GC(52) Humongous regions: 0->0
[2025-03-19T08:21:06.436+0000][39.976s][info ][gc,metaspace] GC(52) Metaspace: 121718K(122496K)->121718K(122496K) NonClass: 106173K(106560K)->106173K(106560K) Class: 15545K(15936K)->15545K(15936K)
[2025-03-19T08:21:06.436+0000][39.976s][info ][gc          ] GC(52) Pause Young (Normal) (G1 Evacuation Pause) 416M->113M(557M) 42.939ms
[2025-03-19T08:21:06.436+0000][39.976s][info ][gc,cpu      ] GC(52) User=0.11s Sys=0.00s Real=0.05s
[2025-03-19T08:21:06.436+0000][39.976s][info ][safepoint   ] Safepoint "G1CollectForAllocation", Time since last: 676459607 ns, Reaching safepoint: 49164 ns, Cleanup: 91053 ns, At safepoint: 43053336 ns, Total: 43193553 ns
[2025-03-19T08:21:07.530+0000][41.070s][debug][safepoint   ] Safepoint synchronization initiated using futex wait barrier. (52 threads)
[2025-03-19T08:21:07.530+0000][41.070s][info ][safepoint   ] Safepoint "ICBufferFull", Time since last: 1094059777 ns, Reaching safepoint: 53121 ns, Cleanup: 140875 ns, At safepoint: 3089 ns, Total: 197085 ns
[2025-03-19T08:21:07.575+0000][41.116s][debug][safepoint   ] ... found polling page loop exception at pc = 0x000073ff49498ee8, stub =0x000073ff4898eb80
[2025-03-19T08:21:08.371+0000][41.912s][debug][safepoint   ] Safepoint synchronization initiated using futex wait barrier. (52 threads)
[2025-03-19T08:21:08.371+0000][41.912s][info ][gc,start    ] GC(53) Pause Young (Normal) (G1 Evacuation Pause)
[2025-03-19T08:21:08.371+0000][41.912s][info ][gc,task     ] GC(53) Using 4 workers of 4 for evacuation
[2025-03-19T08:21:08.415+0000][41.956s][info ][gc,phases   ] GC(53)   Pre Evacuate Collection Set: 0.1ms
[2025-03-19T08:21:08.415+0000][41.956s][info ][gc,phases   ] GC(53)   Merge Heap Roots: 0.2ms
[2025-03-19T08:21:08.415+0000][41.956s][info ][gc,phases   ] GC(53)   Evacuate Collection Set: 38.4ms
[2025-03-19T08:21:08.415+0000][41.956s][info ][gc,phases   ] GC(53)   Post Evacuate Collection Set: 5.1ms
[2025-03-19T08:21:08.415+0000][41.956s][info ][gc,phases   ] GC(53)   Other: 0.1ms
[2025-03-19T08:21:08.415+0000][41.956s][info ][gc,heap     ] GC(53) Eden regions: 304->0(313)
[2025-03-19T08:21:08.415+0000][41.956s][info ][gc,heap     ] GC(53) Survivor regions: 30->21(42)
[2025-03-19T08:21:08.415+0000][41.956s][info ][gc,heap     ] GC(53) Old regions: 83->95
[2025-03-19T08:21:08.415+0000][41.956s][info ][gc,heap     ] GC(53) Archive regions: 2->2
[2025-03-19T08:21:08.415+0000][41.956s][info ][gc,heap     ] GC(53) Humongous regions: 1->0
[2025-03-19T08:21:08.415+0000][41.956s][info ][gc,metaspace] GC(53) Metaspace: 133589K(134592K)->133589K(134592K) NonClass: 116728K(117248K)->116728K(117248K) Class: 16861K(17344K)->16861K(17344K)
[2025-03-19T08:21:08.415+0000][41.956s][info ][gc          ] GC(53) Pause Young (Normal) (G1 Evacuation Pause) 418M->116M(557M) 44.003ms
[2025-03-19T08:21:08.415+0000][41.956s][info ][gc,cpu      ] GC(53) User=0.12s Sys=0.01s Real=0.05s
[2025-03-19T08:21:08.415+0000][41.956s][info ][safepoint   ] Safepoint "G1CollectForAllocation", Time since last: 841111464 ns, Reaching safepoint: 55570 ns, Cleanup: 99467 ns, At safepoint: 44138769 ns, Total: 44293806 ns
[2025-03-19T08:21:10.181+0000][43.722s][debug][safepoint   ] Safepoint synchronization initiated using futex wait barrier. (56 threads)
[2025-03-19T08:21:10.182+0000][43.722s][info ][gc,start    ] GC(54) Pause Young (Normal) (G1 Evacuation Pause)
[2025-03-19T08:21:10.182+0000][43.722s][info ][gc,task     ] GC(54) Using 4 workers of 4 for evacuation
[2025-03-19T08:21:10.215+0000][43.755s][info ][gc,phases   ] GC(54)   Pre Evacuate Collection Set: 0.1ms
[2025-03-19T08:21:10.215+0000][43.755s][info ][gc,phases   ] GC(54)   Merge Heap Roots: 0.3ms
[2025-03-19T08:21:10.215+0000][43.755s][info ][gc,phases   ] GC(54)   Evacuate Collection Set: 30.6ms
[2025-03-19T08:21:10.215+0000][43.755s][info ][gc,phases   ] GC(54)   Post Evacuate Collection Set: 2.0ms
[2025-03-19T08:21:10.215+0000][43.755s][info ][gc,phases   ] GC(54)   Other: 0.1ms
[2025-03-19T08:21:10.215+0000][43.755s][info ][gc,heap     ] GC(54) Eden regions: 313->0(304)
[2025-03-19T08:21:10.215+0000][43.755s][info ][gc,heap     ] GC(54) Survivor regions: 21->30(42)
[2025-03-19T08:21:10.215+0000][43.755s][info ][gc,heap     ] GC(54) Old regions: 95->95
[2025-03-19T08:21:10.215+0000][43.755s][info ][gc,heap     ] GC(54) Archive regions: 2->2
[2025-03-19T08:21:10.215+0000][43.755s][info ][gc,heap     ] GC(54) Humongous regions: 0->0
[2025-03-19T08:21:10.215+0000][43.755s][info ][gc,metaspace] GC(54) Metaspace: 139294K(140352K)->139294K(140352K) NonClass: 122076K(122624K)->122076K(122624K) Class: 17217K(17728K)->17217K(17728K)
[2025-03-19T08:21:10.215+0000][43.755s][info ][gc          ] GC(54) Pause Young (Normal) (G1 Evacuation Pause) 429M->125M(557M) 33.130ms
[2025-03-19T08:21:10.215+0000][43.755s][info ][gc,cpu      ] GC(54) User=0.11s Sys=0.00s Real=0.04s
[2025-03-19T08:21:10.215+0000][43.755s][info ][safepoint   ] Safepoint "G1CollectForAllocation", Time since last: 1766001529 ns, Reaching safepoint: 55598 ns, Cleanup: 122180 ns, At safepoint: 33194014 ns, Total: 33371792 ns
[2025-03-19T08:21:11.029+0000][44.570s][debug][safepoint   ] ... found polling page loop exception at pc = 0x000073ff491a8f5c, stub =0x000073ff4898f400
[2025-03-19T08:21:11.404+0000][44.945s][info ][cds,heap    ] initialize_from_archived_subgraph jdk.internal.math.FDBigInteger 0x000073fedf14d8f0
[2025-03-19T08:21:11.432+0000][44.972s][debug][safepoint   ] Safepoint synchronization initiated using futex wait barrier. (63 threads)
[2025-03-19T08:21:11.432+0000][44.972s][info ][gc,start    ] GC(55) Pause Young (Concurrent Start) (Metadata GC Threshold)
[2025-03-19T08:21:11.432+0000][44.972s][info ][gc,task     ] GC(55) Using 4 workers of 4 for evacuation
[2025-03-19T08:21:11.484+0000][45.025s][info ][gc,phases   ] GC(55)   Pre Evacuate Collection Set: 0.3ms
[2025-03-19T08:21:11.484+0000][45.025s][info ][gc,phases   ] GC(55)   Merge Heap Roots: 0.3ms
[2025-03-19T08:21:11.484+0000][45.025s][info ][gc,phases   ] GC(55)   Evacuate Collection Set: 47.9ms
[2025-03-19T08:21:11.484+0000][45.025s][info ][gc,phases   ] GC(55)   Post Evacuate Collection Set: 3.7ms
[2025-03-19T08:21:11.484+0000][45.025s][info ][gc,phases   ] GC(55)   Other: 0.2ms
[2025-03-19T08:21:11.484+0000][45.025s][info ][gc,heap     ] GC(55) Eden regions: 181->0(314)
[2025-03-19T08:21:11.484+0000][45.025s][info ][gc,heap     ] GC(55) Survivor regions: 30->20(42)
[2025-03-19T08:21:11.484+0000][45.025s][info ][gc,heap     ] GC(55) Old regions: 95->111
[2025-03-19T08:21:11.484+0000][45.025s][info ][gc,heap     ] GC(55) Archive regions: 2->2
[2025-03-19T08:21:11.484+0000][45.025s][info ][gc,heap     ] GC(55) Humongous regions: 0->0
[2025-03-19T08:21:11.484+0000][45.025s][info ][gc,metaspace] GC(55) Metaspace: 145639K(146688K)->145639K(146688K) NonClass: 127816K(128320K)->127816K(128320K) Class: 17823K(18368K)->17823K(18368K)
[2025-03-19T08:21:11.484+0000][45.025s][info ][gc          ] GC(55) Pause Young (Concurrent Start) (Metadata GC Threshold) 306M->130M(557M) 52.416ms
[2025-03-19T08:21:11.484+0000][45.025s][info ][gc,cpu      ] GC(55) User=0.12s Sys=0.00s Real=0.06s
[2025-03-19T08:21:11.484+0000][45.025s][info ][gc          ] GC(56) Concurrent Mark Cycle
[2025-03-19T08:21:11.484+0000][45.025s][info ][gc,marking  ] GC(56) Concurrent Clear Claimed Marks
[2025-03-19T08:21:11.484+0000][45.025s][info ][gc,marking  ] GC(56) Concurrent Clear Claimed Marks 0.138ms
[2025-03-19T08:21:11.484+0000][45.025s][info ][gc,marking  ] GC(56) Concurrent Scan Root Regions
[2025-03-19T08:21:11.484+0000][45.025s][info ][safepoint   ] Safepoint "CollectForMetadataAllocation", Time since last: 1216817920 ns, Reaching safepoint: 49177 ns, Cleanup: 46214 ns, At safepoint: 52666726 ns, Total: 52762117 ns
[2025-03-19T08:21:11.539+0000][45.079s][info ][gc,marking  ] GC(56) Concurrent Scan Root Regions 54.349ms
[2025-03-19T08:21:11.539+0000][45.079s][info ][gc,marking  ] GC(56) Concurrent Mark
[2025-03-19T08:21:11.539+0000][45.079s][info ][gc,marking  ] GC(56) Concurrent Mark From Roots
[2025-03-19T08:21:11.539+0000][45.079s][info ][gc,task     ] GC(56) Using 1 workers of 1 for marking
[2025-03-19T08:21:11.631+0000][45.171s][debug][safepoint   ] Safepoint synchronization initiated using futex wait barrier. (63 threads)
[2025-03-19T08:21:11.631+0000][45.171s][info ][safepoint   ] Safepoint "CollectForMetadataAllocation", Time since last: 146428710 ns, Reaching safepoint: 68895 ns, Cleanup: 30836 ns, At safepoint: 36900 ns, Total: 136631 ns
[2025-03-19T08:21:11.652+0000][45.192s][debug][safepoint   ] Safepoint synchronization initiated using futex wait barrier. (63 threads)
[2025-03-19T08:21:11.652+0000][45.192s][info ][safepoint   ] Safepoint "CollectForMetadataAllocation", Time since last: 20863192 ns, Reaching safepoint: 48471 ns, Cleanup: 3389 ns, At safepoint: 22493 ns, Total: 74353 ns
[2025-03-19T08:21:11.652+0000][45.192s][debug][safepoint   ] Safepoint synchronization initiated using futex wait barrier. (63 threads)
[2025-03-19T08:21:11.652+0000][45.192s][info ][safepoint   ] Safepoint "CollectForMetadataAllocation", Time since last: 25706 ns, Reaching safepoint: 28597 ns, Cleanup: 515 ns, At safepoint: 2158 ns, Total: 31270 ns
[2025-03-19T08:21:11.746+0000][45.287s][info ][gc,marking  ] GC(56) Concurrent Mark From Roots 207.380ms
[2025-03-19T08:21:11.746+0000][45.287s][info ][gc,marking  ] GC(56) Concurrent Preclean
[2025-03-19T08:21:11.747+0000][45.287s][info ][gc,marking  ] GC(56) Concurrent Preclean 0.300ms
[2025-03-19T08:21:11.747+0000][45.287s][debug][safepoint   ] Safepoint synchronization initiated using futex wait barrier. (63 threads)
[2025-03-19T08:21:11.747+0000][45.287s][info ][gc,start    ] GC(56) Pause Remark
[2025-03-19T08:21:11.755+0000][45.295s][info ][gc          ] GC(56) Pause Remark 147M->147M(500M) 8.270ms
[2025-03-19T08:21:11.755+0000][45.295s][info ][gc,cpu      ] GC(56) User=0.03s Sys=0.00s Real=0.01s
[2025-03-19T08:21:11.755+0000][45.295s][info ][safepoint   ] Safepoint "G1PauseRemark", Time since last: 94578853 ns, Reaching safepoint: 21348 ns, Cleanup: 57579 ns, At safepoint: 8378336 ns, Total: 8457263 ns
[2025-03-19T08:21:11.755+0000][45.295s][info ][gc,marking  ] GC(56) Concurrent Mark 216.254ms
[2025-03-19T08:21:11.755+0000][45.295s][info ][gc,marking  ] GC(56) Concurrent Rebuild Remembered Sets
[2025-03-19T08:21:11.881+0000][45.422s][info ][gc,marking  ] GC(56) Concurrent Rebuild Remembered Sets 126.235ms
[2025-03-19T08:21:11.881+0000][45.422s][debug][safepoint   ] Safepoint synchronization initiated using futex wait barrier. (63 threads)
[2025-03-19T08:21:11.881+0000][45.422s][info ][gc,start    ] GC(56) Pause Cleanup
[2025-03-19T08:21:11.882+0000][45.422s][info ][gc          ] GC(56) Pause Cleanup 164M->164M(500M) 0.125ms
[2025-03-19T08:21:11.882+0000][45.422s][info ][gc,cpu      ] GC(56) User=0.00s Sys=0.00s Real=0.00s
[2025-03-19T08:21:11.882+0000][45.422s][info ][safepoint   ] Safepoint "G1PauseCleanup", Time since last: 126326495 ns, Reaching safepoint: 13830 ns, Cleanup: 26788 ns, At safepoint: 156835 ns, Total: 197453 ns
[2025-03-19T08:21:11.882+0000][45.422s][info ][gc,marking  ] GC(56) Concurrent Cleanup for Next Mark
[2025-03-19T08:21:11.883+0000][45.424s][info ][gc,marking  ] GC(56) Concurrent Cleanup for Next Mark 1.913ms
[2025-03-19T08:21:11.883+0000][45.424s][info ][gc          ] GC(56) Concurrent Mark Cycle 399.255ms
[2025-03-19T08:21:13.188+0000][46.729s][debug][safepoint   ] Safepoint synchronization initiated using futex wait barrier. (77 threads)
[2025-03-19T08:21:13.188+0000][46.729s][info ][gc,start    ] GC(57) Pause Young (Prepare Mixed) (G1 Evacuation Pause)
[2025-03-19T08:21:13.188+0000][46.729s][info ][gc,task     ] GC(57) Using 4 workers of 4 for evacuation
[2025-03-19T08:21:13.216+0000][46.756s][info ][gc,phases   ] GC(57)   Pre Evacuate Collection Set: 0.1ms
[2025-03-19T08:21:13.216+0000][46.756s][info ][gc,phases   ] GC(57)   Merge Heap Roots: 0.3ms
[2025-03-19T08:21:13.216+0000][46.756s][info ][gc,phases   ] GC(57)   Evacuate Collection Set: 24.0ms
[2025-03-19T08:21:13.216+0000][46.756s][info ][gc,phases   ] GC(57)   Post Evacuate Collection Set: 2.7ms
[2025-03-19T08:21:13.216+0000][46.756s][info ][gc,phases   ] GC(57)   Other: 0.2ms
[2025-03-19T08:21:13.216+0000][46.756s][info ][gc,heap     ] GC(57) Eden regions: 280->0(1)
[2025-03-19T08:21:13.216+0000][46.756s][info ][gc,heap     ] GC(57) Survivor regions: 20->24(38)
[2025-03-19T08:21:13.216+0000][46.756s][info ][gc,heap     ] GC(57) Old regions: 111->111
[2025-03-19T08:21:13.216+0000][46.756s][info ][gc,heap     ] GC(57) Archive regions: 2->2
[2025-03-19T08:21:13.216+0000][46.756s][info ][gc,heap     ] GC(57) Humongous regions: 0->0
[2025-03-19T08:21:13.216+0000][46.756s][info ][gc,metaspace] GC(57) Metaspace: 150532K(151616K)->150532K(151616K) NonClass: 132045K(132608K)->132045K(132608K) Class: 18487K(19008K)->18487K(19008K)
[2025-03-19T08:21:13.216+0000][46.756s][info ][gc          ] GC(57) Pause Young (Prepare Mixed) (G1 Evacuation Pause) 410M->134M(500M) 27.386ms
[2025-03-19T08:21:13.216+0000][46.756s][info ][gc,cpu      ] GC(57) User=0.09s Sys=0.00s Real=0.03s
[2025-03-19T08:21:13.216+0000][46.756s][info ][safepoint   ] Safepoint "G1CollectForAllocation", Time since last: 1306692793 ns, Reaching safepoint: 42336 ns, Cleanup: 53620 ns, At safepoint: 27497671 ns, Total: 27593627 ns
[2025-03-19T08:21:13.223+0000][46.763s][debug][safepoint   ] Safepoint synchronization initiated using futex wait barrier. (77 threads)
[2025-03-19T08:21:13.223+0000][46.763s][info ][gc,start    ] GC(58) Pause Young (Mixed) (G1 Evacuation Pause)
[2025-03-19T08:21:13.223+0000][46.763s][info ][gc,task     ] GC(58) Using 4 workers of 4 for evacuation
[2025-03-19T08:21:13.250+0000][46.790s][info ][gc,phases   ] GC(58)   Pre Evacuate Collection Set: 0.1ms
[2025-03-19T08:21:13.250+0000][46.790s][info ][gc,phases   ] GC(58)   Merge Heap Roots: 0.2ms
[2025-03-19T08:21:13.250+0000][46.790s][info ][gc,phases   ] GC(58)   Evacuate Collection Set: 24.4ms
[2025-03-19T08:21:13.250+0000][46.790s][info ][gc,phases   ] GC(58)   Post Evacuate Collection Set: 2.2ms
[2025-03-19T08:21:13.250+0000][46.790s][info ][gc,phases   ] GC(58)   Other: 0.1ms
[2025-03-19T08:21:13.250+0000][46.790s][info ][gc,heap     ] GC(58) Eden regions: 1->0(292)
[2025-03-19T08:21:13.250+0000][46.790s][info ][gc,heap     ] GC(58) Survivor regions: 24->2(4)
[2025-03-19T08:21:13.250+0000][46.790s][info ][gc,heap     ] GC(58) Old regions: 111->132
[2025-03-19T08:21:13.250+0000][46.790s][info ][gc,heap     ] GC(58) Archive regions: 2->2
[2025-03-19T08:21:13.250+0000][46.790s][info ][gc,heap     ] GC(58) Humongous regions: 0->0
[2025-03-19T08:21:13.250+0000][46.790s][info ][gc,metaspace] GC(58) Metaspace: 150542K(151616K)->150542K(151616K) NonClass: 132053K(132608K)->132053K(132608K) Class: 18488K(19008K)->18488K(19008K)
[2025-03-19T08:21:13.250+0000][46.790s][info ][gc          ] GC(58) Pause Young (Mixed) (G1 Evacuation Pause) 135M->134M(500M) 27.041ms
[2025-03-19T08:21:13.250+0000][46.790s][info ][gc,cpu      ] GC(58) User=0.09s Sys=0.00s Real=0.03s
[2025-03-19T08:21:13.250+0000][46.790s][info ][safepoint   ] Safepoint "G1CollectForAllocation", Time since last: 6994475 ns, Reaching safepoint: 28126 ns, Cleanup: 3703 ns, At safepoint: 27103126 ns, Total: 27134955 ns
[2025-03-19T08:21:14.033+0000][47.573s][debug][safepoint   ] Safepoint synchronization initiated using futex wait barrier. (77 threads)
[2025-03-19T08:21:14.033+0000][47.573s][info ][safepoint   ] Safepoint "ICBufferFull", Time since last: 782722153 ns, Reaching safepoint: 38931 ns, Cleanup: 113352 ns, At safepoint: 2754 ns, Total: 155037 ns
[2025-03-19T08:21:14.752+0000][48.292s][debug][safepoint   ] Safepoint synchronization initiated using futex wait barrier. (77 threads)
[2025-03-19T08:21:14.752+0000][48.292s][info ][gc,start    ] GC(59) Pause Young (Concurrent Start) (G1 Evacuation Pause)
[2025-03-19T08:21:14.752+0000][48.292s][info ][gc,task     ] GC(59) Using 4 workers of 4 for evacuation
[2025-03-19T08:21:14.777+0000][48.317s][info ][gc,phases   ] GC(59)   Pre Evacuate Collection Set: 0.2ms
[2025-03-19T08:21:14.777+0000][48.317s][info ][gc,phases   ] GC(59)   Merge Heap Roots: 0.2ms
[2025-03-19T08:21:14.777+0000][48.317s][info ][gc,phases   ] GC(59)   Evacuate Collection Set: 21.9ms
[2025-03-19T08:21:14.777+0000][48.317s][info ][gc,phases   ] GC(59)   Post Evacuate Collection Set: 2.2ms
[2025-03-19T08:21:14.777+0000][48.317s][info ][gc,phases   ] GC(59)   Other: 0.2ms
[2025-03-19T08:21:14.777+0000][48.317s][info ][gc,heap     ] GC(59) Eden regions: 292->0(282)
[2025-03-19T08:21:14.777+0000][48.317s][info ][gc,heap     ] GC(59) Survivor regions: 2->10(37)
[2025-03-19T08:21:14.777+0000][48.317s][info ][gc,heap     ] GC(59) Old regions: 132->132
[2025-03-19T08:21:14.777+0000][48.317s][info ][gc,heap     ] GC(59) Archive regions: 2->2
[2025-03-19T08:21:14.777+0000][48.317s][info ][gc,heap     ] GC(59) Humongous regions: 0->0
[2025-03-19T08:21:14.777+0000][48.317s][info ][gc,metaspace] GC(59) Metaspace: 153760K(154816K)->153760K(154816K) NonClass: 134809K(135360K)->134809K(135360K) Class: 18951K(19456K)->18951K(19456K)
[2025-03-19T08:21:14.777+0000][48.317s][info ][gc          ] GC(59) Pause Young (Concurrent Start) (G1 Evacuation Pause) 426M->142M(500M) 24.771ms
[2025-03-19T08:21:14.777+0000][48.317s][info ][gc,cpu      ] GC(59) User=0.07s Sys=0.00s Real=0.03s
[2025-03-19T08:21:14.777+0000][48.317s][info ][gc          ] GC(60) Concurrent Mark Cycle
[2025-03-19T08:21:14.777+0000][48.317s][info ][gc,marking  ] GC(60) Concurrent Clear Claimed Marks
[2025-03-19T08:21:14.777+0000][48.317s][info ][gc,marking  ] GC(60) Concurrent Clear Claimed Marks 0.138ms
[2025-03-19T08:21:14.777+0000][48.317s][info ][gc,marking  ] GC(60) Concurrent Scan Root Regions
[2025-03-19T08:21:14.777+0000][48.317s][info ][safepoint   ] Safepoint "G1CollectForAllocation", Time since last: 718892121 ns, Reaching safepoint: 54951 ns, Cleanup: 68342 ns, At safepoint: 24900857 ns, Total: 25024150 ns
[2025-03-19T08:21:14.802+0000][48.343s][info ][gc,marking  ] GC(60) Concurrent Scan Root Regions 25.142ms
[2025-03-19T08:21:14.802+0000][48.343s][info ][gc,marking  ] GC(60) Concurrent Mark
[2025-03-19T08:21:14.802+0000][48.343s][info ][gc,marking  ] GC(60) Concurrent Mark From Roots
[2025-03-19T08:21:14.802+0000][48.343s][info ][gc,task     ] GC(60) Using 1 workers of 1 for marking
[2025-03-19T08:21:15.108+0000][48.649s][info ][gc,marking  ] GC(60) Concurrent Mark From Roots 306.138ms
[2025-03-19T08:21:15.108+0000][48.649s][info ][gc,marking  ] GC(60) Concurrent Preclean
[2025-03-19T08:21:15.109+0000][48.649s][info ][gc,marking  ] GC(60) Concurrent Preclean 0.223ms
[2025-03-19T08:21:15.109+0000][48.649s][debug][safepoint   ] Safepoint synchronization initiated using futex wait barrier. (77 threads)
[2025-03-19T08:21:15.109+0000][48.649s][info ][gc,start    ] GC(60) Pause Remark
[2025-03-19T08:21:15.121+0000][48.662s][info ][gc          ] GC(60) Pause Remark 186M->186M(500M) 12.551ms
[2025-03-19T08:21:15.121+0000][48.662s][info ][gc,cpu      ] GC(60) User=0.03s Sys=0.00s Real=0.01s
[2025-03-19T08:21:15.121+0000][48.662s][info ][safepoint   ] Safepoint "G1PauseRemark", Time since last: 331860520 ns, Reaching safepoint: 145169 ns, Cleanup: 21097 ns, At safepoint: 12658998 ns, Total: 12825264 ns
[2025-03-19T08:21:15.121+0000][48.662s][info ][gc,marking  ] GC(60) Concurrent Mark 319.286ms
[2025-03-19T08:21:15.121+0000][48.662s][info ][gc,marking  ] GC(60) Concurrent Rebuild Remembered Sets
[2025-03-19T08:21:15.280+0000][48.820s][info ][gc,marking  ] GC(60) Concurrent Rebuild Remembered Sets 158.130ms
[2025-03-19T08:21:15.280+0000][48.820s][debug][safepoint   ] Safepoint synchronization initiated using futex wait barrier. (77 threads)
[2025-03-19T08:21:15.280+0000][48.820s][debug][safepoint   ] ... found polling page loop exception at pc = 0x000073ff495d90e1, stub =0x000073ff4898f400
[2025-03-19T08:21:15.280+0000][48.820s][info ][gc,start    ] GC(60) Pause Cleanup
[2025-03-19T08:21:15.280+0000][48.820s][info ][gc          ] GC(60) Pause Cleanup 209M->209M(500M) 0.169ms
[2025-03-19T08:21:15.280+0000][48.820s][info ][gc,cpu      ] GC(60) User=0.00s Sys=0.00s Real=0.00s
[2025-03-19T08:21:15.280+0000][48.820s][info ][safepoint   ] Safepoint "G1PauseCleanup", Time since last: 158228485 ns, Reaching safepoint: 89558 ns, Cleanup: 12506 ns, At safepoint: 216254 ns, Total: 318318 ns
[2025-03-19T08:21:15.280+0000][48.820s][info ][gc,marking  ] GC(60) Concurrent Cleanup for Next Mark
[2025-03-19T08:21:15.282+0000][48.823s][info ][gc,marking  ] GC(60) Concurrent Cleanup for Next Mark 2.170ms
[2025-03-19T08:21:15.282+0000][48.823s][info ][gc          ] GC(60) Concurrent Mark Cycle 505.537ms
[2025-03-19T08:21:16.296+0000][49.837s][debug][safepoint   ] Safepoint synchronization initiated using futex wait barrier. (82 threads)
[2025-03-19T08:21:16.297+0000][49.837s][info ][gc,start    ] GC(61) Pause Young (Prepare Mixed) (G1 Evacuation Pause)
[2025-03-19T08:21:16.297+0000][49.837s][info ][gc,task     ] GC(61) Using 4 workers of 4 for evacuation
[2025-03-19T08:21:16.320+0000][49.860s][info ][gc,phases   ] GC(61)   Pre Evacuate Collection Set: 0.1ms
[2025-03-19T08:21:16.320+0000][49.860s][info ][gc,phases   ] GC(61)   Merge Heap Roots: 0.2ms
[2025-03-19T08:21:16.320+0000][49.860s][info ][gc,phases   ] GC(61)   Evacuate Collection Set: 20.7ms
[2025-03-19T08:21:16.320+0000][49.860s][info ][gc,phases   ] GC(61)   Post Evacuate Collection Set: 2.0ms
[2025-03-19T08:21:16.320+0000][49.860s][info ][gc,phases   ] GC(61)   Other: 0.1ms
[2025-03-19T08:21:16.320+0000][49.860s][info ][gc,heap     ] GC(61) Eden regions: 282->0(10)
[2025-03-19T08:21:16.320+0000][49.860s][info ][gc,heap     ] GC(61) Survivor regions: 10->15(37)
[2025-03-19T08:21:16.320+0000][49.860s][info ][gc,heap     ] GC(61) Old regions: 132->132
[2025-03-19T08:21:16.320+0000][49.860s][info ][gc,heap     ] GC(61) Archive regions: 2->2
[2025-03-19T08:21:16.320+0000][49.860s][info ][gc,heap     ] GC(61) Humongous regions: 0->0
[2025-03-19T08:21:16.320+0000][49.860s][info ][gc,metaspace] GC(61) Metaspace: 156987K(158080K)->156987K(158080K) NonClass: 137532K(138112K)->137532K(138112K) Class: 19454K(19968K)->19454K(19968K)
[2025-03-19T08:21:16.320+0000][49.860s][info ][gc          ] GC(61) Pause Young (Prepare Mixed) (G1 Evacuation Pause) 424M->147M(500M) 23.115ms
[2025-03-19T08:21:16.320+0000][49.860s][info ][gc,cpu      ] GC(61) User=0.07s Sys=0.00s Real=0.02s
[2025-03-19T08:21:16.320+0000][49.860s][info ][safepoint   ] Safepoint "G1CollectForAllocation", Time since last: 1016371769 ns, Reaching safepoint: 52024 ns, Cleanup: 112599 ns, At safepoint: 23185586 ns, Total: 23350209 ns
[2025-03-19T08:21:16.378+0000][49.918s][debug][safepoint   ] Safepoint synchronization initiated using futex wait barrier. (82 threads)
[2025-03-19T08:21:16.378+0000][49.918s][info ][gc,start    ] GC(62) Pause Young (Mixed) (G1 Evacuation Pause)
[2025-03-19T08:21:16.378+0000][49.918s][info ][gc,task     ] GC(62) Using 4 workers of 4 for evacuation
[2025-03-19T08:21:16.405+0000][49.946s][info ][gc,phases   ] GC(62)   Pre Evacuate Collection Set: 0.1ms
[2025-03-19T08:21:16.405+0000][49.946s][info ][gc,phases   ] GC(62)   Merge Heap Roots: 0.2ms
[2025-03-19T08:21:16.405+0000][49.946s][info ][gc,phases   ] GC(62)   Evacuate Collection Set: 25.4ms
[2025-03-19T08:21:16.405+0000][49.946s][info ][gc,phases   ] GC(62)   Post Evacuate Collection Set: 2.0ms
[2025-03-19T08:21:16.405+0000][49.946s][info ][gc,phases   ] GC(62)   Other: 0.1ms
[2025-03-19T08:21:16.405+0000][49.946s][info ][gc,heap     ] GC(62) Eden regions: 10->0(278)
[2025-03-19T08:21:16.405+0000][49.946s][info ][gc,heap     ] GC(62) Survivor regions: 15->2(4)
[2025-03-19T08:21:16.405+0000][49.946s][info ][gc,heap     ] GC(62) Old regions: 132->145
[2025-03-19T08:21:16.405+0000][49.946s][info ][gc,heap     ] GC(62) Archive regions: 2->2
[2025-03-19T08:21:16.405+0000][49.946s][info ][gc,heap     ] GC(62) Humongous regions: 0->0
[2025-03-19T08:21:16.406+0000][49.946s][info ][gc,metaspace] GC(62) Metaspace: 157165K(158336K)->157165K(158336K) NonClass: 137677K(138304K)->137677K(138304K) Class: 19487K(20032K)->19487K(20032K)
[2025-03-19T08:21:16.406+0000][49.946s][info ][gc          ] GC(62) Pause Young (Mixed) (G1 Evacuation Pause) 157M->147M(500M) 27.883ms
[2025-03-19T08:21:16.406+0000][49.946s][info ][gc,cpu      ] GC(62) User=0.09s Sys=0.00s Real=0.03s
[2025-03-19T08:21:16.406+0000][49.946s][info ][safepoint   ] Safepoint "G1CollectForAllocation", Time since last: 57859769 ns, Reaching safepoint: 47965 ns, Cleanup: 29302 ns, At safepoint: 28078343 ns, Total: 28155610 ns
[2025-03-19T08:21:17.347+0000][50.888s][debug][safepoint   ] Safepoint synchronization initiated using futex wait barrier. (147 threads)
[2025-03-19T08:21:17.348+0000][50.888s][info ][safepoint   ] Safepoint "ICBufferFull", Time since last: 941507285 ns, Reaching safepoint: 62952 ns, Cleanup: 207983 ns, At safepoint: 15052 ns, Total: 285987 ns
[2025-03-19T08:21:17.733+0000][51.273s][debug][safepoint   ] Safepoint synchronization initiated using futex wait barrier. (174 threads)
[2025-03-19T08:21:17.733+0000][51.273s][info ][gc,start    ] GC(63) Pause Young (Normal) (G1 Evacuation Pause)
[2025-03-19T08:21:17.733+0000][51.273s][info ][gc,task     ] GC(63) Using 4 workers of 4 for evacuation
[2025-03-19T08:21:17.769+0000][51.309s][info ][gc,phases   ] GC(63)   Pre Evacuate Collection Set: 0.2ms
[2025-03-19T08:21:17.769+0000][51.309s][info ][gc,phases   ] GC(63)   Merge Heap Roots: 0.3ms
[2025-03-19T08:21:17.769+0000][51.309s][info ][gc,phases   ] GC(63)   Evacuate Collection Set: 33.4ms
[2025-03-19T08:21:17.769+0000][51.309s][info ][gc,phases   ] GC(63)   Post Evacuate Collection Set: 2.1ms
[2025-03-19T08:21:17.769+0000][51.309s][info ][gc,phases   ] GC(63)   Other: 0.1ms
[2025-03-19T08:21:17.769+0000][51.309s][info ][gc,heap     ] GC(63) Eden regions: 278->0(263)
[2025-03-19T08:21:17.769+0000][51.309s][info ][gc,heap     ] GC(63) Survivor regions: 2->13(35)
[2025-03-19T08:21:17.769+0000][51.309s][info ][gc,heap     ] GC(63) Old regions: 145->145
[2025-03-19T08:21:17.769+0000][51.309s][info ][gc,heap     ] GC(63) Archive regions: 2->2
[2025-03-19T08:21:17.769+0000][51.309s][info ][gc,heap     ] GC(63) Humongous regions: 0->0
[2025-03-19T08:21:17.769+0000][51.309s][info ][gc,metaspace] GC(63) Metaspace: 162891K(164096K)->162891K(164096K) NonClass: 142706K(143360K)->142706K(143360K) Class: 20184K(20736K)->20184K(20736K)
[2025-03-19T08:21:17.769+0000][51.309s][info ][gc          ] GC(63) Pause Young (Normal) (G1 Evacuation Pause) 425M->158M(500M) 36.193ms
[2025-03-19T08:21:17.769+0000][51.310s][info ][gc,cpu      ] GC(63) User=0.11s Sys=0.00s Real=0.04s
[2025-03-19T08:21:17.769+0000][51.310s][info ][safepoint   ] Safepoint "G1CollectForAllocation", Time since last: 385168669 ns, Reaching safepoint: 73969 ns, Cleanup: 71382 ns, At safepoint: 36536955 ns, Total: 36682306 ns
[2025-03-19T08:21:18.036+0000][51.577s][debug][safepoint   ] ... found polling page loop exception at pc = 0x000073ff491a906b, stub =0x000073ff4898f400
[2025-03-19T08:21:18.643+0000][52.184s][debug][safepoint   ] Safepoint synchronization initiated using futex wait barrier. (177 threads)
[2025-03-19T08:21:18.644+0000][52.185s][info ][safepoint   ] Safepoint "ICBufferFull", Time since last: 874015023 ns, Reaching safepoint: 522130 ns, Cleanup: 192889 ns, At safepoint: 16804 ns, Total: 731823 ns
[2025-03-19T08:21:19.157+0000][52.697s][debug][safepoint   ] Safepoint synchronization initiated using futex wait barrier. (187 threads)
[2025-03-19T08:21:19.159+0000][52.700s][info ][gc,start    ] GC(64) Pause Young (Normal) (G1 Evacuation Pause)
[2025-03-19T08:21:19.159+0000][52.700s][info ][gc,task     ] GC(64) Using 4 workers of 4 for evacuation
[2025-03-19T08:21:19.202+0000][52.742s][info ][gc,phases   ] GC(64)   Pre Evacuate Collection Set: 0.4ms
[2025-03-19T08:21:19.202+0000][52.742s][info ][gc,phases   ] GC(64)   Merge Heap Roots: 0.7ms
[2025-03-19T08:21:19.202+0000][52.742s][info ][gc,phases   ] GC(64)   Evacuate Collection Set: 37.5ms
[2025-03-19T08:21:19.202+0000][52.742s][info ][gc,phases   ] GC(64)   Post Evacuate Collection Set: 3.8ms
[2025-03-19T08:21:19.202+0000][52.742s][info ][gc,phases   ] GC(64)   Other: 0.2ms
[2025-03-19T08:21:19.202+0000][52.743s][info ][gc,heap     ] GC(64) Eden regions: 263->0(265)
[2025-03-19T08:21:19.202+0000][52.743s][info ][gc,heap     ] GC(64) Survivor regions: 13->13(35)
[2025-03-19T08:21:19.202+0000][52.743s][info ][gc,heap     ] GC(64) Old regions: 145->145
[2025-03-19T08:21:19.202+0000][52.743s][info ][gc,heap     ] GC(64) Archive regions: 2->2
[2025-03-19T08:21:19.202+0000][52.743s][info ][gc,heap     ] GC(64) Humongous regions: 0->0
[2025-03-19T08:21:19.202+0000][52.743s][info ][gc,metaspace] GC(64) Metaspace: 166511K(167680K)->166511K(167680K) NonClass: 145862K(146496K)->145862K(146496K) Class: 20648K(21184K)->20648K(21184K)
[2025-03-19T08:21:19.202+0000][52.743s][info ][gc          ] GC(64) Pause Young (Normal) (G1 Evacuation Pause) 421M->158M(500M) 42.814ms
[2025-03-19T08:21:19.202+0000][52.743s][info ][gc,cpu      ] GC(64) User=0.09s Sys=0.00s Real=0.04s
[2025-03-19T08:21:19.203+0000][52.743s][info ][safepoint   ] Safepoint "G1CollectForAllocation", Time since last: 512870652 ns, Reaching safepoint: 2148473 ns, Cleanup: 146869 ns, At safepoint: 43330305 ns, Total: 45625647 ns
[2025-03-19T08:21:19.973+0000][53.514s][debug][safepoint   ] Safepoint synchronization initiated using futex wait barrier. (193 threads)
[2025-03-19T08:21:19.974+0000][53.515s][info ][safepoint   ] Safepoint "ICBufferFull", Time since last: 770820000 ns, Reaching safepoint: 131288 ns, Cleanup: 164325 ns, At safepoint: 460046 ns, Total: 755659 ns
[2025-03-19T08:21:20.305+0000][53.845s][debug][safepoint   ] Safepoint synchronization initiated using futex wait barrier. (208 threads)
[2025-03-19T08:21:20.305+0000][53.845s][debug][safepoint   ] ... found polling page loop exception at pc = 0x000073ff4160b9d1, stub =0x000073ff4898f400
[2025-03-19T08:21:20.305+0000][53.845s][info ][safepoint   ] Safepoint "ICBufferFull", Time since last: 330495482 ns, Reaching safepoint: 129524 ns, Cleanup: 145082 ns, At safepoint: 10107 ns, Total: 284713 ns
[2025-03-19T08:21:20.308+0000][53.848s][debug][safepoint   ] Safepoint synchronization initiated using futex wait barrier. (208 threads)
[2025-03-19T08:21:20.309+0000][53.849s][info ][safepoint   ] Safepoint "ICBufferFull", Time since last: 3064379 ns, Reaching safepoint: 575044 ns, Cleanup: 8346 ns, At safepoint: 13394 ns, Total: 596784 ns
[2025-03-19T08:21:20.893+0000][54.433s][debug][safepoint   ] Safepoint synchronization initiated using futex wait barrier. (208 threads)
[2025-03-19T08:21:20.893+0000][54.433s][info ][gc,start    ] GC(65) Pause Young (Normal) (G1 Evacuation Pause)
[2025-03-19T08:21:20.893+0000][54.433s][info ][gc,task     ] GC(65) Using 4 workers of 4 for evacuation
[2025-03-19T08:21:20.918+0000][54.458s][info ][gc,phases   ] GC(65)   Pre Evacuate Collection Set: 0.1ms
[2025-03-19T08:21:20.918+0000][54.458s][info ][gc,phases   ] GC(65)   Merge Heap Roots: 0.2ms
[2025-03-19T08:21:20.918+0000][54.458s][info ][gc,phases   ] GC(65)   Evacuate Collection Set: 22.1ms
[2025-03-19T08:21:20.918+0000][54.458s][info ][gc,phases   ] GC(65)   Post Evacuate Collection Set: 2.1ms
[2025-03-19T08:21:20.918+0000][54.458s][info ][gc,phases   ] GC(65)   Other: 0.2ms
[2025-03-19T08:21:20.918+0000][54.458s][info ][gc,heap     ] GC(65) Eden regions: 265->0(263)
[2025-03-19T08:21:20.918+0000][54.458s][info ][gc,heap     ] GC(65) Survivor regions: 13->17(35)
[2025-03-19T08:21:20.918+0000][54.458s][info ][gc,heap     ] GC(65) Old regions: 145->145
[2025-03-19T08:21:20.918+0000][54.458s][info ][gc,heap     ] GC(65) Archive regions: 2->2
[2025-03-19T08:21:20.918+0000][54.458s][info ][gc,heap     ] GC(65) Humongous regions: 0->0
[2025-03-19T08:21:20.918+0000][54.458s][info ][gc,metaspace] GC(65) Metaspace: 170501K(171712K)->170501K(171712K) NonClass: 149318K(149952K)->149318K(149952K) Class: 21182K(21760K)->21182K(21760K)
[2025-03-19T08:21:20.918+0000][54.458s][info ][gc          ] GC(65) Pause Young (Normal) (G1 Evacuation Pause) 423M->162M(500M) 24.780ms
[2025-03-19T08:21:20.918+0000][54.458s][info ][gc,cpu      ] GC(65) User=0.07s Sys=0.00s Real=0.03s
[2025-03-19T08:21:20.918+0000][54.459s][info ][safepoint   ] Safepoint "G1CollectForAllocation", Time since last: 583999257 ns, Reaching safepoint: 63644 ns, Cleanup: 88777 ns, At safepoint: 25516681 ns, Total: 25669102 ns
[2025-03-19T08:21:21.524+0000][55.065s][debug][safepoint   ] Safepoint synchronization initiated using futex wait barrier. (210 threads)
[2025-03-19T08:21:21.525+0000][55.065s][info ][safepoint   ] Safepoint "ICBufferFull", Time since last: 605952954 ns, Reaching safepoint: 541333 ns, Cleanup: 179393 ns, At safepoint: 49560 ns, Total: 770286 ns
[2025-03-19T08:21:22.525+0000][56.066s][debug][safepoint   ] Safepoint synchronization initiated using futex wait barrier. (210 threads)
[2025-03-19T08:21:22.525+0000][56.066s][info ][safepoint   ] Safepoint "Cleanup", Time since last: 1000113923 ns, Reaching safepoint: 83267 ns, Cleanup: 101231 ns, At safepoint: 13248 ns, Total: 197746 ns
[2025-03-19T08:21:23.058+0000][56.598s][debug][safepoint   ] Safepoint synchronization initiated using futex wait barrier. (211 threads)
[2025-03-19T08:21:23.058+0000][56.598s][info ][safepoint   ] Safepoint "ICBufferFull", Time since last: 532492846 ns, Reaching safepoint: 61510 ns, Cleanup: 128283 ns, At safepoint: 9349 ns, Total: 199142 ns
[2025-03-19T08:21:24.058+0000][57.599s][debug][safepoint   ] Safepoint synchronization initiated using futex wait barrier. (210 threads)
[2025-03-19T08:21:24.058+0000][57.599s][info ][safepoint   ] Safepoint "Cleanup", Time since last: 1000092160 ns, Reaching safepoint: 87001 ns, Cleanup: 61703 ns, At safepoint: 7599 ns, Total: 156303 ns
[2025-03-19T08:21:24.167+0000][57.708s][debug][safepoint   ] Safepoint synchronization initiated using futex wait barrier. (210 threads)
[2025-03-19T08:21:24.167+0000][57.708s][info ][gc,start    ] GC(66) Pause Young (Concurrent Start) (G1 Humongous Allocation)
[2025-03-19T08:21:24.167+0000][57.708s][info ][gc,task     ] GC(66) Using 4 workers of 4 for evacuation
[2025-03-19T08:21:24.197+0000][57.737s][info ][gc,phases   ] GC(66)   Pre Evacuate Collection Set: 0.3ms
[2025-03-19T08:21:24.197+0000][57.737s][info ][gc,phases   ] GC(66)   Merge Heap Roots: 0.2ms
[2025-03-19T08:21:24.197+0000][57.737s][info ][gc,phases   ] GC(66)   Evacuate Collection Set: 26.6ms
[2025-03-19T08:21:24.197+0000][57.737s][info ][gc,phases   ] GC(66)   Post Evacuate Collection Set: 2.3ms
[2025-03-19T08:21:24.197+0000][57.737s][info ][gc,phases   ] GC(66)   Other: 0.2ms
[2025-03-19T08:21:24.197+0000][57.737s][info ][gc,heap     ] GC(66) Eden regions: 75->0(261)
[2025-03-19T08:21:24.197+0000][57.737s][info ][gc,heap     ] GC(66) Survivor regions: 17->19(35)
[2025-03-19T08:21:24.197+0000][57.737s][info ][gc,heap     ] GC(66) Old regions: 145->145
[2025-03-19T08:21:24.197+0000][57.737s][info ][gc,heap     ] GC(66) Archive regions: 2->2
[2025-03-19T08:21:24.197+0000][57.737s][info ][gc,heap     ] GC(66) Humongous regions: 9->3
[2025-03-19T08:21:24.197+0000][57.737s][info ][gc,metaspace] GC(66) Metaspace: 175213K(176448K)->175213K(176448K) NonClass: 153449K(154112K)->153449K(154112K) Class: 21763K(22336K)->21763K(22336K)
[2025-03-19T08:21:24.197+0000][57.738s][info ][gc          ] GC(66) Pause Young (Concurrent Start) (G1 Humongous Allocation) 246M->167M(500M) 29.799ms
[2025-03-19T08:21:24.197+0000][57.738s][info ][gc,cpu      ] GC(66) User=0.10s Sys=0.00s Real=0.03s
[2025-03-19T08:21:24.197+0000][57.738s][info ][gc          ] GC(67) Concurrent Undo Cycle
[2025-03-19T08:21:24.197+0000][57.738s][info ][gc,marking  ] GC(67) Concurrent Cleanup for Next Mark
[2025-03-19T08:21:24.197+0000][57.738s][info ][safepoint   ] Safepoint "G1TryInitiateConcMark", Time since last: 108921496 ns, Reaching safepoint: 52909 ns, Cleanup: 4740 ns, At safepoint: 30180261 ns, Total: 30237910 ns
[2025-03-19T08:21:24.202+0000][57.742s][info ][gc,marking  ] GC(67) Concurrent Cleanup for Next Mark 4.394ms
[2025-03-19T08:21:24.202+0000][57.742s][info ][gc          ] GC(67) Concurrent Undo Cycle 4.457ms
[2025-03-19T08:21:24.267+0000][57.807s][debug][safepoint   ] Safepoint synchronization initiated using futex wait barrier. (211 threads)
[2025-03-19T08:21:24.267+0000][57.807s][info ][gc,start    ] GC(68) Pause Young (Concurrent Start) (G1 Humongous Allocation)
[2025-03-19T08:21:24.267+0000][57.807s][info ][gc,task     ] GC(68) Using 4 workers of 4 for evacuation
[2025-03-19T08:21:24.290+0000][57.830s][info ][gc,phases   ] GC(68)   Pre Evacuate Collection Set: 0.3ms
[2025-03-19T08:21:24.290+0000][57.830s][info ][gc,phases   ] GC(68)   Merge Heap Roots: 0.2ms
[2025-03-19T08:21:24.290+0000][57.830s][info ][gc,phases   ] GC(68)   Evacuate Collection Set: 21.0ms
[2025-03-19T08:21:24.290+0000][57.830s][info ][gc,phases   ] GC(68)   Post Evacuate Collection Set: 1.4ms
[2025-03-19T08:21:24.290+0000][57.830s][info ][gc,phases   ] GC(68)   Other: 0.2ms
[2025-03-19T08:21:24.290+0000][57.830s][info ][gc,heap     ] GC(68) Eden regions: 4->0(265)
[2025-03-19T08:21:24.290+0000][57.830s][info ][gc,heap     ] GC(68) Survivor regions: 19->13(35)
[2025-03-19T08:21:24.290+0000][57.830s][info ][gc,heap     ] GC(68) Old regions: 145->151
[2025-03-19T08:21:24.290+0000][57.830s][info ][gc,heap     ] GC(68) Archive regions: 2->2
[2025-03-19T08:21:24.290+0000][57.830s][info ][gc,heap     ] GC(68) Humongous regions: 10->3
[2025-03-19T08:21:24.290+0000][57.830s][info ][gc,metaspace] GC(68) Metaspace: 175237K(176512K)->175237K(176512K) NonClass: 153469K(154176K)->153469K(154176K) Class: 21767K(22336K)->21767K(22336K)
[2025-03-19T08:21:24.290+0000][57.830s][info ][gc          ] GC(68) Pause Young (Concurrent Start) (G1 Humongous Allocation) 178M->167M(500M) 23.013ms
[2025-03-19T08:21:24.290+0000][57.830s][info ][gc,cpu      ] GC(68) User=0.08s Sys=0.00s Real=0.02s
[2025-03-19T08:21:24.290+0000][57.830s][info ][gc          ] GC(69) Concurrent Undo Cycle
[2025-03-19T08:21:24.290+0000][57.830s][info ][gc,marking  ] GC(69) Concurrent Cleanup for Next Mark
[2025-03-19T08:21:24.291+0000][57.831s][info ][safepoint   ] Safepoint "G1TryInitiateConcMark", Time since last: 69438485 ns, Reaching safepoint: 55551 ns, Cleanup: 16079 ns, At safepoint: 23781634 ns, Total: 23853264 ns
[2025-03-19T08:21:24.291+0000][57.832s][info ][gc,marking  ] GC(69) Concurrent Cleanup for Next Mark 1.274ms
[2025-03-19T08:21:24.291+0000][57.832s][info ][gc          ] GC(69) Concurrent Undo Cycle 1.322ms
[2025-03-19T08:21:24.298+0000][57.838s][debug][safepoint   ] Safepoint synchronization initiated using futex wait barrier. (211 threads)
[2025-03-19T08:21:24.298+0000][57.838s][info ][gc,start    ] GC(70) Pause Young (Concurrent Start) (G1 Humongous Allocation)
[2025-03-19T08:21:24.298+0000][57.838s][info ][gc,task     ] GC(70) Using 4 workers of 4 for evacuation
[2025-03-19T08:21:24.312+0000][57.853s][info ][gc,phases   ] GC(70)   Pre Evacuate Collection Set: 0.3ms
[2025-03-19T08:21:24.312+0000][57.853s][info ][gc,phases   ] GC(70)   Merge Heap Roots: 0.1ms
[2025-03-19T08:21:24.312+0000][57.853s][info ][gc,phases   ] GC(70)   Evacuate Collection Set: 12.9ms
[2025-03-19T08:21:24.312+0000][57.853s][info ][gc,phases   ] GC(70)   Post Evacuate Collection Set: 1.2ms
[2025-03-19T08:21:24.312+0000][57.853s][info ][gc,phases   ] GC(70)   Other: 0.1ms
[2025-03-19T08:21:24.312+0000][57.853s][info ][gc,heap     ] GC(70) Eden regions: 4->0(268)
[2025-03-19T08:21:24.312+0000][57.853s][info ][gc,heap     ] GC(70) Survivor regions: 13->13(35)
[2025-03-19T08:21:24.312+0000][57.853s][info ][gc,heap     ] GC(70) Old regions: 151->151
[2025-03-19T08:21:24.312+0000][57.853s][info ][gc,heap     ] GC(70) Archive regions: 2->2
[2025-03-19T08:21:24.312+0000][57.853s][info ][gc,heap     ] GC(70) Humongous regions: 4->3
[2025-03-19T08:21:24.312+0000][57.853s][info ][gc,metaspace] GC(70) Metaspace: 175243K(176512K)->175243K(176512K) NonClass: 153475K(154176K)->153475K(154176K) Class: 21767K(22336K)->21767K(22336K)
[2025-03-19T08:21:24.312+0000][57.853s][info ][gc          ] GC(70) Pause Young (Concurrent Start) (G1 Humongous Allocation) 171M->167M(500M) 14.631ms
[2025-03-19T08:21:24.312+0000][57.853s][info ][gc,cpu      ] GC(70) User=0.05s Sys=0.00s Real=0.01s
[2025-03-19T08:21:24.312+0000][57.853s][info ][gc          ] GC(71) Concurrent Mark Cycle
[2025-03-19T08:21:24.313+0000][57.853s][info ][gc,marking  ] GC(71) Concurrent Clear Claimed Marks
[2025-03-19T08:21:24.313+0000][57.853s][info ][gc,marking  ] GC(71) Concurrent Clear Claimed Marks 0.163ms
[2025-03-19T08:21:24.313+0000][57.853s][info ][gc,marking  ] GC(71) Concurrent Scan Root Regions
[2025-03-19T08:21:24.313+0000][57.853s][info ][safepoint   ] Safepoint "G1TryInitiateConcMark", Time since last: 6967306 ns, Reaching safepoint: 42487 ns, Cleanup: 6393 ns, At safepoint: 15282568 ns, Total: 15331448 ns
[2025-03-19T08:21:24.337+0000][57.878s][info ][gc,marking  ] GC(71) Concurrent Scan Root Regions 24.681ms
[2025-03-19T08:21:24.337+0000][57.878s][info ][gc,marking  ] GC(71) Concurrent Mark
[2025-03-19T08:21:24.337+0000][57.878s][info ][gc,marking  ] GC(71) Concurrent Mark From Roots
[2025-03-19T08:21:24.337+0000][57.878s][info ][gc,task     ] GC(71) Using 1 workers of 1 for marking
[2025-03-19T08:21:24.544+0000][58.084s][info ][gc,marking  ] GC(71) Concurrent Mark From Roots 206.616ms
[2025-03-19T08:21:24.544+0000][58.084s][info ][gc,marking  ] GC(71) Concurrent Preclean
[2025-03-19T08:21:24.544+0000][58.085s][info ][gc,marking  ] GC(71) Concurrent Preclean 0.356ms
[2025-03-19T08:21:24.544+0000][58.085s][debug][safepoint   ] Safepoint synchronization initiated using futex wait barrier. (211 threads)
[2025-03-19T08:21:24.545+0000][58.085s][info ][gc,start    ] GC(71) Pause Remark
[2025-03-19T08:21:24.565+0000][58.105s][info ][gc          ] GC(71) Pause Remark 200M->198M(500M) 20.192ms
[2025-03-19T08:21:24.565+0000][58.105s][info ][gc,cpu      ] GC(71) User=0.07s Sys=0.00s Real=0.02s
[2025-03-19T08:21:24.565+0000][58.106s][info ][safepoint   ] Safepoint "G1PauseRemark", Time since last: 231441998 ns, Reaching safepoint: 43504 ns, Cleanup: 15133 ns, At safepoint: 20972495 ns, Total: 21031132 ns
[2025-03-19T08:21:24.566+0000][58.107s][info ][gc,marking  ] GC(71) Concurrent Mark 229.052ms
[2025-03-19T08:21:24.566+0000][58.107s][info ][gc,marking  ] GC(71) Concurrent Rebuild Remembered Sets
[2025-03-19T08:21:24.800+0000][58.340s][info ][gc,marking  ] GC(71) Concurrent Rebuild Remembered Sets 233.269ms
[2025-03-19T08:21:24.800+0000][58.341s][debug][safepoint   ] Safepoint synchronization initiated using futex wait barrier. (211 threads)
[2025-03-19T08:21:24.801+0000][58.341s][info ][gc,start    ] GC(71) Pause Cleanup
[2025-03-19T08:21:24.801+0000][58.342s][info ][gc          ] GC(71) Pause Cleanup 267M->267M(500M) 0.217ms
[2025-03-19T08:21:24.801+0000][58.342s][info ][gc,cpu      ] GC(71) User=0.00s Sys=0.00s Real=0.00s
[2025-03-19T08:21:24.801+0000][58.342s][info ][safepoint   ] Safepoint "G1PauseCleanup", Time since last: 234716264 ns, Reaching safepoint: 687431 ns, Cleanup: 63967 ns, At safepoint: 320498 ns, Total: 1071896 ns
[2025-03-19T08:21:24.801+0000][58.342s][info ][gc,marking  ] GC(71) Concurrent Cleanup for Next Mark
[2025-03-19T08:21:24.802+0000][58.342s][info ][gc,marking  ] GC(71) Concurrent Cleanup for Next Mark 0.615ms
[2025-03-19T08:21:24.802+0000][58.342s][info ][gc          ] GC(71) Concurrent Mark Cycle 489.472ms
[2025-03-19T08:21:25.486+0000][59.026s][debug][safepoint   ] Safepoint synchronization initiated using futex wait barrier. (212 threads)
[2025-03-19T08:21:25.487+0000][59.027s][info ][safepoint   ] Safepoint "ICBufferFull", Time since last: 684749254 ns, Reaching safepoint: 597990 ns, Cleanup: 141857 ns, At safepoint: 16135 ns, Total: 755982 ns
[2025-03-19T08:21:25.735+0000][59.275s][debug][safepoint   ] Safepoint synchronization initiated using futex wait barrier. (213 threads)
[2025-03-19T08:21:25.735+0000][59.276s][info ][safepoint   ] Safepoint "ICBufferFull", Time since last: 248130544 ns, Reaching safepoint: 70889 ns, Cleanup: 134278 ns, At safepoint: 6028 ns, Total: 211195 ns
[2025-03-19T08:21:26.194+0000][59.734s][debug][safepoint   ] Safepoint synchronization initiated using futex wait barrier. (213 threads)
[2025-03-19T08:21:26.194+0000][59.735s][debug][safepoint   ] ... found polling page loop exception at pc = 0x000073ff42ffb93e, stub =0x000073ff4898f400
[2025-03-19T08:21:26.194+0000][59.735s][info ][safepoint   ] Safepoint "ICBufferFull", Time since last: 458903029 ns, Reaching safepoint: 158074 ns, Cleanup: 115719 ns, At safepoint: 6320 ns, Total: 280113 ns
[2025-03-19T08:21:26.212+0000][59.753s][debug][safepoint   ] Safepoint synchronization initiated using futex wait barrier. (213 threads)
[2025-03-19T08:21:26.212+0000][59.753s][info ][gc,start    ] GC(72) Pause Young (Prepare Mixed) (G1 Evacuation Pause)
[2025-03-19T08:21:26.212+0000][59.753s][info ][gc,task     ] GC(72) Using 4 workers of 4 for evacuation
[2025-03-19T08:21:26.242+0000][59.783s][info ][gc,phases   ] GC(72)   Pre Evacuate Collection Set: 0.1ms
[2025-03-19T08:21:26.243+0000][59.783s][info ][gc,phases   ] GC(72)   Merge Heap Roots: 0.3ms
[2025-03-19T08:21:26.243+0000][59.783s][info ][gc,phases   ] GC(72)   Evacuate Collection Set: 27.6ms
[2025-03-19T08:21:26.243+0000][59.783s][info ][gc,phases   ] GC(72)   Post Evacuate Collection Set: 2.0ms
[2025-03-19T08:21:26.243+0000][59.783s][info ][gc,phases   ] GC(72)   Other: 0.1ms
[2025-03-19T08:21:26.243+0000][59.783s][info ][gc,heap     ] GC(72) Eden regions: 268->0(3)
[2025-03-19T08:21:26.243+0000][59.783s][info ][gc,heap     ] GC(72) Survivor regions: 13->22(36)
[2025-03-19T08:21:26.243+0000][59.783s][info ][gc,heap     ] GC(72) Old regions: 151->151
[2025-03-19T08:21:26.243+0000][59.783s][info ][gc,heap     ] GC(72) Archive regions: 2->2
[2025-03-19T08:21:26.243+0000][59.783s][info ][gc,heap     ] GC(72) Humongous regions: 38->0
[2025-03-19T08:21:26.243+0000][59.783s][info ][gc,metaspace] GC(72) Metaspace: 180794K(182080K)->180794K(182080K) NonClass: 158445K(159104K)->158445K(159104K) Class: 22348K(22976K)->22348K(22976K)
[2025-03-19T08:21:26.243+0000][59.783s][info ][gc          ] GC(72) Pause Young (Prepare Mixed) (G1 Evacuation Pause) 470M->173M(500M) 30.203ms
[2025-03-19T08:21:26.243+0000][59.783s][info ][gc,cpu      ] GC(72) User=0.11s Sys=0.00s Real=0.03s
[2025-03-19T08:21:26.243+0000][59.783s][info ][safepoint   ] Safepoint "G1CollectForAllocation", Time since last: 17872428 ns, Reaching safepoint: 138402 ns, Cleanup: 27552 ns, At safepoint: 30694936 ns, Total: 30860890 ns
[2025-03-19T08:21:27.714+0000][61.254s][debug][safepoint   ] Safepoint synchronization initiated using futex wait barrier. (212 threads)
[2025-03-19T08:21:27.714+0000][61.254s][info ][safepoint   ] Safepoint "Cleanup", Time since last: 1470579991 ns, Reaching safepoint: 78192 ns, Cleanup: 73741 ns, At safepoint: 7274 ns, Total: 159207 ns
[2025-03-19T08:21:27.853+0000][61.393s][debug][safepoint   ] Safepoint synchronization initiated using futex wait barrier. (212 threads)
[2025-03-19T08:21:27.853+0000][61.393s][info ][gc,start    ] GC(73) Pause Young (Mixed) (G1 Evacuation Pause)
[2025-03-19T08:21:27.853+0000][61.393s][info ][gc,task     ] GC(73) Using 4 workers of 4 for evacuation
[2025-03-19T08:21:27.895+0000][61.436s][info ][gc,phases   ] GC(73)   Pre Evacuate Collection Set: 0.3ms
[2025-03-19T08:21:27.895+0000][61.436s][info ][gc,phases   ] GC(73)   Merge Heap Roots: 0.3ms
[2025-03-19T08:21:27.895+0000][61.436s][info ][gc,phases   ] GC(73)   Evacuate Collection Set: 39.5ms
[2025-03-19T08:21:27.895+0000][61.436s][info ][gc,phases   ] GC(73)   Post Evacuate Collection Set: 2.3ms
[2025-03-19T08:21:27.895+0000][61.436s][info ][gc,phases   ] GC(73)   Other: 0.2ms
[2025-03-19T08:21:27.895+0000][61.436s][info ][gc,heap     ] GC(73) Eden regions: 3->0(269)
[2025-03-19T08:21:27.895+0000][61.436s][info ][gc,heap     ] GC(73) Survivor regions: 22->2(4)
[2025-03-19T08:21:27.895+0000][61.436s][info ][gc,heap     ] GC(73) Old regions: 151->159
[2025-03-19T08:21:27.895+0000][61.436s][info ][gc,heap     ] GC(73) Archive regions: 2->2
[2025-03-19T08:21:27.895+0000][61.436s][info ][gc,heap     ] GC(73) Humongous regions: 0->0
[2025-03-19T08:21:27.895+0000][61.436s][info ][gc,metaspace] GC(73) Metaspace: 180813K(182144K)->180813K(182144K) NonClass: 158464K(159168K)->158464K(159168K) Class: 22349K(22976K)->22349K(22976K)
[2025-03-19T08:21:27.896+0000][61.436s][info ][gc          ] GC(73) Pause Young (Mixed) (G1 Evacuation Pause) 176M->161M(500M) 42.724ms
[2025-03-19T08:21:27.896+0000][61.436s][info ][gc,cpu      ] GC(73) User=0.14s Sys=0.01s Real=0.05s
[2025-03-19T08:21:27.896+0000][61.436s][info ][safepoint   ] Safepoint "G1CollectForAllocation", Time since last: 138849916 ns, Reaching safepoint: 81347 ns, Cleanup: 6857 ns, At safepoint: 43126960 ns, Total: 43215164 ns
[2025-03-19T08:21:28.896+0000][62.436s][debug][safepoint   ] Safepoint synchronization initiated using futex wait barrier. (212 threads)
[2025-03-19T08:21:28.896+0000][62.437s][info ][safepoint   ] Safepoint "Cleanup", Time since last: 1000129967 ns, Reaching safepoint: 83770 ns, Cleanup: 23840 ns, At safepoint: 7961 ns, Total: 115571 ns
[2025-03-19T08:21:30.896+0000][64.437s][debug][safepoint   ] Safepoint synchronization initiated using futex wait barrier. (212 threads)
[2025-03-19T08:21:30.896+0000][64.437s][info ][safepoint   ] Safepoint "Cleanup", Time since last: 2000178585 ns, Reaching safepoint: 74410 ns, Cleanup: 16712 ns, At safepoint: 6735 ns, Total: 97857 ns
[2025-03-19T08:21:32.897+0000][66.437s][debug][safepoint   ] Safepoint synchronization initiated using futex wait barrier. (211 threads)
[2025-03-19T08:21:32.897+0000][66.437s][info ][safepoint   ] Safepoint "Cleanup", Time since last: 2000217812 ns, Reaching safepoint: 88410 ns, Cleanup: 17039 ns, At safepoint: 7221 ns, Total: 112670 ns
[2025-03-19T08:21:33.897+0000][67.437s][debug][safepoint   ] Safepoint synchronization initiated using futex wait barrier. (211 threads)
[2025-03-19T08:21:33.897+0000][67.437s][info ][safepoint   ] Safepoint "Cleanup", Time since last: 1000108696 ns, Reaching safepoint: 102546 ns, Cleanup: 22638 ns, At safepoint: 8132 ns, Total: 133316 ns
[2025-03-19T08:21:34.897+0000][68.437s][debug][safepoint   ] Safepoint synchronization initiated using futex wait barrier. (211 threads)
[2025-03-19T08:21:34.897+0000][68.438s][info ][safepoint   ] Safepoint "Cleanup", Time since last: 1000109046 ns, Reaching safepoint: 69642 ns, Cleanup: 14814 ns, At safepoint: 5004 ns, Total: 89460 ns
