[2025-03-19T14:54:00.127+0000][0.019s][info][gc] Using G1
[2025-03-19T14:54:00.132+0000][0.024s][info][gc,init] Version: 17.0.13+11-Debian-2deb12u1 (release)
[2025-03-19T14:54:00.132+0000][0.024s][info][gc,init] CPUs: 4 total, 4 available
[2025-03-19T14:54:00.132+0000][0.024s][info][gc,init] Memory: 7213M
[2025-03-19T14:54:00.132+0000][0.024s][info][gc,init] Large Page Support: Disabled
[2025-03-19T14:54:00.132+0000][0.024s][info][gc,init] NUMA Support: Disabled
[2025-03-19T14:54:00.132+0000][0.024s][info][gc,init] Compressed Oops: Enabled (32-bit)
[2025-03-19T14:54:00.132+0000][0.024s][info][gc,init] Heap Region Size: 1M
[2025-03-19T14:54:00.132+0000][0.024s][info][gc,init] Heap Min Capacity: 8M
[2025-03-19T14:54:00.132+0000][0.024s][info][gc,init] Heap Initial Capacity: 114M
[2025-03-19T14:54:00.132+0000][0.024s][info][gc,init] Heap Max Capacity: 1804M
[2025-03-19T14:54:00.132+0000][0.024s][info][gc,init] Pre-touch: Disabled
[2025-03-19T14:54:00.132+0000][0.024s][info][gc,init] Parallel Workers: 4
[2025-03-19T14:54:00.132+0000][0.024s][info][gc,init] Concurrent Workers: 1
[2025-03-19T14:54:00.132+0000][0.024s][info][gc,init] Concurrent Refinement Workers: 4
[2025-03-19T14:54:00.132+0000][0.024s][info][gc,init] Periodic GC: Disabled
[2025-03-19T14:54:00.212+0000][0.104s][info][gc,metaspace] CDS archive(s) mapped at: [0x00007edc37000000-0x00007edc37bc9000-0x00007edc37bc9000), size 12357632, SharedBaseAddress: 0x00007edc37000000, ArchiveRelocationMode: 1.
[2025-03-19T14:54:00.213+0000][0.104s][info][gc,metaspace] Compressed class space mapped at: 0x00007edc38000000-0x00007edc78000000, reserved size: 1073741824
[2025-03-19T14:54:00.213+0000][0.104s][info][gc,metaspace] Narrow klass base: 0x00007edc37000000, Narrow klass shift: 0, Narrow klass range: 0x100000000
[2025-03-19T14:54:00.231+0000][0.123s][info][cds,heap    ] initialize_from_archived_subgraph java.lang.Module$ArchivedData 0x00007edc37183388 (early)
[2025-03-19T14:54:00.231+0000][0.123s][info][cds,heap    ] initialize_from_archived_subgraph java.util.ImmutableCollections 0x00007edc37070cd8 (early)
[2025-03-19T14:54:00.234+0000][0.125s][info][cds,heap    ] initialize_from_archived_subgraph java.lang.Integer$IntegerCache 0x00007edc37036060 (early)
[2025-03-19T14:54:00.240+0000][0.132s][info][cds,heap    ] initialize_from_archived_subgraph java.lang.module.Configuration 0x00007edc37171308 (early)
[2025-03-19T14:54:00.240+0000][0.132s][info][cds,heap    ] initialize_from_archived_subgraph java.lang.ModuleLayer 0x00007edc37145c58 (early)
[2025-03-19T14:54:00.241+0000][0.132s][info][cds,heap    ] initialize_from_archived_subgraph jdk.internal.loader.ArchivedClassLoaders 0x00007edc371a79f0 (early)
[2025-03-19T14:54:00.241+0000][0.132s][info][cds,heap    ] initialize_from_archived_subgraph jdk.internal.module.ArchivedBootLayer 0x00007edc37177f48 (early)
[2025-03-19T14:54:00.243+0000][0.135s][info][cds,heap    ] initialize_from_archived_subgraph sun.util.locale.BaseLocale 0x00007edc3726bb10
[2025-03-19T14:54:00.255+0000][0.147s][info][cds,heap    ] initialize_from_archived_subgraph java.util.jar.Attributes$Name 0x00007edc37199468
[2025-03-19T14:54:00.280+0000][0.171s][info][cds,heap    ] initialize_from_archived_subgraph java.lang.Long$LongCache 0x00007edc3701f998
[2025-03-19T14:54:00.345+0000][0.237s][info][cds,heap    ] initialize_from_archived_subgraph java.lang.Character$CharacterCache 0x00007edc370393e8
[2025-03-19T14:54:00.706+0000][0.598s][debug][safepoint   ] Safepoint synchronization initiated using futex wait barrier. (13 threads)
[2025-03-19T14:54:00.707+0000][0.598s][info ][gc,start    ] GC(0) Pause Young (Normal) (G1 Evacuation Pause)
[2025-03-19T14:54:00.707+0000][0.598s][info ][gc,task     ] GC(0) Using 2 workers of 4 for evacuation
[2025-03-19T14:54:00.715+0000][0.607s][info ][gc,phases   ] GC(0)   Pre Evacuate Collection Set: 0.1ms
[2025-03-19T14:54:00.715+0000][0.607s][info ][gc,phases   ] GC(0)   Merge Heap Roots: 0.1ms
[2025-03-19T14:54:00.715+0000][0.607s][info ][gc,phases   ] GC(0)   Evacuate Collection Set: 7.7ms
[2025-03-19T14:54:00.715+0000][0.607s][info ][gc,phases   ] GC(0)   Post Evacuate Collection Set: 0.6ms
[2025-03-19T14:54:00.715+0000][0.607s][info ][gc,phases   ] GC(0)   Other: 0.3ms
[2025-03-19T14:54:00.715+0000][0.607s][info ][gc,heap     ] GC(0) Eden regions: 37->0(48)
[2025-03-19T14:54:00.715+0000][0.607s][info ][gc,heap     ] GC(0) Survivor regions: 0->5(5)
[2025-03-19T14:54:00.715+0000][0.607s][info ][gc,heap     ] GC(0) Old regions: 0->2
[2025-03-19T14:54:00.715+0000][0.607s][info ][gc,heap     ] GC(0) Archive regions: 2->2
[2025-03-19T14:54:00.715+0000][0.607s][info ][gc,heap     ] GC(0) Humongous regions: 0->0
[2025-03-19T14:54:00.715+0000][0.607s][info ][gc,metaspace] GC(0) Metaspace: 2083K(2368K)->2083K(2368K) NonClass: 1877K(2048K)->1877K(2048K) Class: 205K(320K)->205K(320K)
[2025-03-19T14:54:00.715+0000][0.607s][info ][gc          ] GC(0) Pause Young (Normal) (G1 Evacuation Pause) 37M->7M(116M) 8.851ms
[2025-03-19T14:54:00.715+0000][0.607s][info ][gc,cpu      ] GC(0) User=0.01s Sys=0.00s Real=0.01s
[2025-03-19T14:54:00.715+0000][0.607s][info ][safepoint   ] Safepoint "G1CollectForAllocation", Time since last: 476331829 ns, Reaching safepoint: 40490 ns, Cleanup: 84808 ns, At safepoint: 8924164 ns, Total: 9049462 ns
[2025-03-19T14:54:01.244+0000][1.136s][debug][safepoint   ] Safepoint synchronization initiated using futex wait barrier. (13 threads)
[2025-03-19T14:54:01.244+0000][1.136s][info ][gc,start    ] GC(1) Pause Young (Normal) (G1 Evacuation Pause)
[2025-03-19T14:54:01.244+0000][1.136s][info ][gc,task     ] GC(1) Using 2 workers of 4 for evacuation
[2025-03-19T14:54:01.253+0000][1.145s][info ][gc,phases   ] GC(1)   Pre Evacuate Collection Set: 0.0ms
[2025-03-19T14:54:01.253+0000][1.145s][info ][gc,phases   ] GC(1)   Merge Heap Roots: 0.0ms
[2025-03-19T14:54:01.253+0000][1.145s][info ][gc,phases   ] GC(1)   Evacuate Collection Set: 7.8ms
[2025-03-19T14:54:01.253+0000][1.145s][info ][gc,phases   ] GC(1)   Post Evacuate Collection Set: 0.9ms
[2025-03-19T14:54:01.253+0000][1.145s][info ][gc,phases   ] GC(1)   Other: 0.1ms
[2025-03-19T14:54:01.253+0000][1.145s][info ][gc,heap     ] GC(1) Eden regions: 48->0(62)
[2025-03-19T14:54:01.253+0000][1.145s][info ][gc,heap     ] GC(1) Survivor regions: 5->4(7)
[2025-03-19T14:54:01.253+0000][1.145s][info ][gc,heap     ] GC(1) Old regions: 2->7
[2025-03-19T14:54:01.253+0000][1.145s][info ][gc,heap     ] GC(1) Archive regions: 2->2
[2025-03-19T14:54:01.253+0000][1.145s][info ][gc,heap     ] GC(1) Humongous regions: 0->0
[2025-03-19T14:54:01.253+0000][1.145s][info ][gc,metaspace] GC(1) Metaspace: 3592K(3840K)->3592K(3840K) NonClass: 3218K(3328K)->3218K(3328K) Class: 373K(512K)->373K(512K)
[2025-03-19T14:54:01.253+0000][1.145s][info ][gc          ] GC(1) Pause Young (Normal) (G1 Evacuation Pause) 55M->11M(116M) 8.973ms
[2025-03-19T14:54:01.253+0000][1.145s][info ][gc,cpu      ] GC(1) User=0.03s Sys=0.00s Real=0.01s
[2025-03-19T14:54:01.253+0000][1.145s][info ][safepoint   ] Safepoint "G1CollectForAllocation", Time since last: 528867432 ns, Reaching safepoint: 43951 ns, Cleanup: 53149 ns, At safepoint: 9011781 ns, Total: 9108881 ns
[2025-03-19T14:54:01.719+0000][1.610s][debug][safepoint   ] Safepoint synchronization initiated using futex wait barrier. (14 threads)
[2025-03-19T14:54:01.719+0000][1.611s][info ][gc,start    ] GC(2) Pause Young (Normal) (G1 Evacuation Pause)
[2025-03-19T14:54:01.719+0000][1.611s][info ][gc,task     ] GC(2) Using 2 workers of 4 for evacuation
[2025-03-19T14:54:01.724+0000][1.616s][info ][gc,phases   ] GC(2)   Pre Evacuate Collection Set: 0.0ms
[2025-03-19T14:54:01.724+0000][1.616s][info ][gc,phases   ] GC(2)   Merge Heap Roots: 0.0ms
[2025-03-19T14:54:01.724+0000][1.616s][info ][gc,phases   ] GC(2)   Evacuate Collection Set: 4.5ms
[2025-03-19T14:54:01.724+0000][1.616s][info ][gc,phases   ] GC(2)   Post Evacuate Collection Set: 0.9ms
[2025-03-19T14:54:01.724+0000][1.616s][info ][gc,phases   ] GC(2)   Other: 0.1ms
[2025-03-19T14:54:01.724+0000][1.616s][info ][gc,heap     ] GC(2) Eden regions: 62->0(63)
[2025-03-19T14:54:01.724+0000][1.616s][info ][gc,heap     ] GC(2) Survivor regions: 4->5(9)
[2025-03-19T14:54:01.724+0000][1.616s][info ][gc,heap     ] GC(2) Old regions: 7->7
[2025-03-19T14:54:01.724+0000][1.616s][info ][gc,heap     ] GC(2) Archive regions: 2->2
[2025-03-19T14:54:01.724+0000][1.616s][info ][gc,heap     ] GC(2) Humongous regions: 0->0
[2025-03-19T14:54:01.724+0000][1.616s][info ][gc,metaspace] GC(2) Metaspace: 6206K(6528K)->6206K(6528K) NonClass: 5447K(5568K)->5447K(5568K) Class: 758K(960K)->758K(960K)
[2025-03-19T14:54:01.724+0000][1.616s][info ][gc          ] GC(2) Pause Young (Normal) (G1 Evacuation Pause) 73M->12M(116M) 5.632ms
[2025-03-19T14:54:01.724+0000][1.616s][info ][gc,cpu      ] GC(2) User=0.02s Sys=0.00s Real=0.01s
[2025-03-19T14:54:01.724+0000][1.616s][info ][safepoint   ] Safepoint "G1CollectForAllocation", Time since last: 465166050 ns, Reaching safepoint: 124445 ns, Cleanup: 73466 ns, At safepoint: 5674505 ns, Total: 5872416 ns
[2025-03-19T14:54:02.122+0000][2.014s][debug][safepoint   ] Safepoint synchronization initiated using futex wait barrier. (14 threads)
[2025-03-19T14:54:02.122+0000][2.014s][info ][gc,start    ] GC(3) Pause Young (Normal) (G1 Evacuation Pause)
[2025-03-19T14:54:02.122+0000][2.014s][info ][gc,task     ] GC(3) Using 2 workers of 4 for evacuation
[2025-03-19T14:54:02.126+0000][2.018s][info ][gc,phases   ] GC(3)   Pre Evacuate Collection Set: 0.0ms
[2025-03-19T14:54:02.126+0000][2.018s][info ][gc,phases   ] GC(3)   Merge Heap Roots: 0.0ms
[2025-03-19T14:54:02.126+0000][2.018s][info ][gc,phases   ] GC(3)   Evacuate Collection Set: 3.4ms
[2025-03-19T14:54:02.126+0000][2.018s][info ][gc,phases   ] GC(3)   Post Evacuate Collection Set: 0.4ms
[2025-03-19T14:54:02.126+0000][2.018s][info ][gc,phases   ] GC(3)   Other: 0.1ms
[2025-03-19T14:54:02.126+0000][2.018s][info ][gc,heap     ] GC(3) Eden regions: 63->0(65)
[2025-03-19T14:54:02.126+0000][2.018s][info ][gc,heap     ] GC(3) Survivor regions: 5->3(9)
[2025-03-19T14:54:02.126+0000][2.018s][info ][gc,heap     ] GC(3) Old regions: 7->10
[2025-03-19T14:54:02.126+0000][2.018s][info ][gc,heap     ] GC(3) Archive regions: 2->2
[2025-03-19T14:54:02.126+0000][2.018s][info ][gc,heap     ] GC(3) Humongous regions: 0->0
[2025-03-19T14:54:02.126+0000][2.018s][info ][gc,metaspace] GC(3) Metaspace: 9622K(9984K)->9622K(9984K) NonClass: 8393K(8576K)->8393K(8576K) Class: 1229K(1408K)->1229K(1408K)
[2025-03-19T14:54:02.126+0000][2.018s][info ][gc          ] GC(3) Pause Young (Normal) (G1 Evacuation Pause) 75M->13M(116M) 3.913ms
[2025-03-19T14:54:02.126+0000][2.018s][info ][gc,cpu      ] GC(3) User=0.01s Sys=0.00s Real=0.01s
[2025-03-19T14:54:02.126+0000][2.018s][info ][safepoint   ] Safepoint "G1CollectForAllocation", Time since last: 397742216 ns, Reaching safepoint: 27035 ns, Cleanup: 49567 ns, At safepoint: 3943704 ns, Total: 4020306 ns
[2025-03-19T14:54:02.326+0000][2.217s][debug][safepoint   ] Safepoint synchronization initiated using futex wait barrier. (14 threads)
[2025-03-19T14:54:02.326+0000][2.217s][info ][gc,start    ] GC(4) Pause Young (Normal) (G1 Evacuation Pause)
[2025-03-19T14:54:02.326+0000][2.217s][info ][gc,task     ] GC(4) Using 2 workers of 4 for evacuation
[2025-03-19T14:54:02.328+0000][2.220s][info ][gc,phases   ] GC(4)   Pre Evacuate Collection Set: 0.0ms
[2025-03-19T14:54:02.328+0000][2.220s][info ][gc,phases   ] GC(4)   Merge Heap Roots: 0.0ms
[2025-03-19T14:54:02.328+0000][2.220s][info ][gc,phases   ] GC(4)   Evacuate Collection Set: 2.2ms
[2025-03-19T14:54:02.328+0000][2.220s][info ][gc,phases   ] GC(4)   Post Evacuate Collection Set: 0.4ms
[2025-03-19T14:54:02.328+0000][2.220s][info ][gc,phases   ] GC(4)   Other: 0.1ms
[2025-03-19T14:54:02.328+0000][2.220s][info ][gc,heap     ] GC(4) Eden regions: 65->0(64)
[2025-03-19T14:54:02.328+0000][2.220s][info ][gc,heap     ] GC(4) Survivor regions: 3->4(9)
[2025-03-19T14:54:02.328+0000][2.220s][info ][gc,heap     ] GC(4) Old regions: 10->10
[2025-03-19T14:54:02.328+0000][2.220s][info ][gc,heap     ] GC(4) Archive regions: 2->2
[2025-03-19T14:54:02.328+0000][2.220s][info ][gc,heap     ] GC(4) Humongous regions: 0->0
[2025-03-19T14:54:02.328+0000][2.220s][info ][gc,metaspace] GC(4) Metaspace: 11251K(11520K)->11251K(11520K) NonClass: 9770K(9920K)->9770K(9920K) Class: 1480K(1600K)->1480K(1600K)
[2025-03-19T14:54:02.328+0000][2.220s][info ][gc          ] GC(4) Pause Young (Normal) (G1 Evacuation Pause) 78M->13M(116M) 2.736ms
[2025-03-19T14:54:02.328+0000][2.220s][info ][gc,cpu      ] GC(4) User=0.01s Sys=0.00s Real=0.00s
[2025-03-19T14:54:02.328+0000][2.220s][info ][safepoint   ] Safepoint "G1CollectForAllocation", Time since last: 199348705 ns, Reaching safepoint: 25600 ns, Cleanup: 26954 ns, At safepoint: 2769215 ns, Total: 2821769 ns
[2025-03-19T14:54:02.401+0000][2.293s][debug][safepoint   ] Safepoint synchronization initiated using futex wait barrier. (14 threads)
[2025-03-19T14:54:02.402+0000][2.293s][info ][safepoint   ] Safepoint "ICBufferFull", Time since last: 73089958 ns, Reaching safepoint: 37127 ns, Cleanup: 86071 ns, At safepoint: 5137 ns, Total: 128335 ns
[2025-03-19T14:54:02.645+0000][2.536s][debug][safepoint   ] Safepoint synchronization initiated using futex wait barrier. (15 threads)
[2025-03-19T14:54:02.645+0000][2.537s][info ][safepoint   ] Safepoint "G1CollectForAllocation", Time since last: 243093632 ns, Reaching safepoint: 35701 ns, Cleanup: 91311 ns, At safepoint: 4743 ns, Total: 131755 ns
[2025-03-19T14:54:02.645+0000][2.537s][debug][safepoint   ] Safepoint synchronization initiated using futex wait barrier. (15 threads)
[2025-03-19T14:54:02.645+0000][2.537s][info ][gc,start    ] GC(5) Pause Young (Normal) (GCLocker Initiated GC)
[2025-03-19T14:54:02.645+0000][2.537s][info ][gc,task     ] GC(5) Using 4 workers of 4 for evacuation
[2025-03-19T14:54:02.651+0000][2.542s][info ][gc,phases   ] GC(5)   Pre Evacuate Collection Set: 0.1ms
[2025-03-19T14:54:02.651+0000][2.542s][info ][gc,phases   ] GC(5)   Merge Heap Roots: 0.0ms
[2025-03-19T14:54:02.651+0000][2.542s][info ][gc,phases   ] GC(5)   Evacuate Collection Set: 5.0ms
[2025-03-19T14:54:02.651+0000][2.542s][info ][gc,phases   ] GC(5)   Post Evacuate Collection Set: 0.7ms
[2025-03-19T14:54:02.651+0000][2.542s][info ][gc,phases   ] GC(5)   Other: 0.1ms
[2025-03-19T14:54:02.651+0000][2.542s][info ][gc,heap     ] GC(5) Eden regions: 64->0(78)
[2025-03-19T14:54:02.651+0000][2.542s][info ][gc,heap     ] GC(5) Survivor regions: 4->6(9)
[2025-03-19T14:54:02.651+0000][2.542s][info ][gc,heap     ] GC(5) Old regions: 10->10
[2025-03-19T14:54:02.651+0000][2.542s][info ][gc,heap     ] GC(5) Archive regions: 2->2
[2025-03-19T14:54:02.651+0000][2.542s][info ][gc,heap     ] GC(5) Humongous regions: 0->0
[2025-03-19T14:54:02.651+0000][2.542s][info ][gc,metaspace] GC(5) Metaspace: 13807K(14208K)->13807K(14208K) NonClass: 12021K(12224K)->12021K(12224K) Class: 1786K(1984K)->1786K(1984K)
[2025-03-19T14:54:02.651+0000][2.543s][info ][gc          ] GC(5) Pause Young (Normal) (GCLocker Initiated GC) 77M->16M(140M) 5.915ms
[2025-03-19T14:54:02.651+0000][2.543s][info ][gc,cpu      ] GC(5) User=0.02s Sys=0.00s Real=0.00s
[2025-03-19T14:54:02.651+0000][2.543s][info ][safepoint   ] Safepoint "G1CollectForAllocation", Time since last: 24971 ns, Reaching safepoint: 3973 ns, Cleanup: 591 ns, At safepoint: 5944094 ns, Total: 5948658 ns
[2025-03-19T14:54:02.838+0000][2.730s][debug][safepoint   ] Safepoint synchronization initiated using futex wait barrier. (15 threads)
[2025-03-19T14:54:02.838+0000][2.730s][info ][gc,start    ] GC(6) Pause Young (Normal) (G1 Evacuation Pause)
[2025-03-19T14:54:02.838+0000][2.730s][info ][gc,task     ] GC(6) Using 4 workers of 4 for evacuation
[2025-03-19T14:54:02.845+0000][2.737s][info ][gc,phases   ] GC(6)   Pre Evacuate Collection Set: 0.1ms
[2025-03-19T14:54:02.845+0000][2.737s][info ][gc,phases   ] GC(6)   Merge Heap Roots: 0.0ms
[2025-03-19T14:54:02.845+0000][2.737s][info ][gc,phases   ] GC(6)   Evacuate Collection Set: 5.3ms
[2025-03-19T14:54:02.845+0000][2.737s][info ][gc,phases   ] GC(6)   Post Evacuate Collection Set: 0.9ms
[2025-03-19T14:54:02.845+0000][2.737s][info ][gc,phases   ] GC(6)   Other: 0.1ms
[2025-03-19T14:54:02.845+0000][2.737s][info ][gc,heap     ] GC(6) Eden regions: 78->0(77)
[2025-03-19T14:54:02.845+0000][2.737s][info ][gc,heap     ] GC(6) Survivor regions: 6->7(11)
[2025-03-19T14:54:02.845+0000][2.737s][info ][gc,heap     ] GC(6) Old regions: 10->10
[2025-03-19T14:54:02.845+0000][2.737s][info ][gc,heap     ] GC(6) Archive regions: 2->2
[2025-03-19T14:54:02.845+0000][2.737s][info ][gc,heap     ] GC(6) Humongous regions: 0->0
[2025-03-19T14:54:02.845+0000][2.737s][info ][gc,metaspace] GC(6) Metaspace: 15893K(16192K)->15893K(16192K) NonClass: 13730K(13888K)->13730K(13888K) Class: 2162K(2304K)->2162K(2304K)
[2025-03-19T14:54:02.845+0000][2.737s][info ][gc          ] GC(6) Pause Young (Normal) (G1 Evacuation Pause) 94M->16M(140M) 6.570ms
[2025-03-19T14:54:02.845+0000][2.737s][info ][gc,cpu      ] GC(6) User=0.02s Sys=0.00s Real=0.01s
[2025-03-19T14:54:02.847+0000][2.739s][info ][safepoint   ] Safepoint "G1CollectForAllocation", Time since last: 187525957 ns, Reaching safepoint: 111061 ns, Cleanup: 40335 ns, At safepoint: 9026606 ns, Total: 9178002 ns
[2025-03-19T14:54:02.864+0000][2.756s][info ][cds,heap    ] initialize_from_archived_subgraph java.lang.Byte$ByteCache 0x00007edc370395f8
[2025-03-19T14:54:02.864+0000][2.756s][info ][cds,heap    ] initialize_from_archived_subgraph java.lang.Short$ShortCache 0x00007edc3703fce8
[2025-03-19T14:54:02.923+0000][2.814s][debug][safepoint   ] ... found polling page loop exception at pc = 0x00007edca101eb3f, stub =0x00007edca098f400
[2025-03-19T14:54:03.067+0000][2.959s][debug][safepoint   ] Safepoint synchronization initiated using futex wait barrier. (15 threads)
[2025-03-19T14:54:03.067+0000][2.959s][info ][gc,start    ] GC(7) Pause Young (Normal) (G1 Evacuation Pause)
[2025-03-19T14:54:03.067+0000][2.959s][info ][gc,task     ] GC(7) Using 4 workers of 4 for evacuation
[2025-03-19T14:54:03.073+0000][2.965s][info ][gc,phases   ] GC(7)   Pre Evacuate Collection Set: 0.0ms
[2025-03-19T14:54:03.073+0000][2.965s][info ][gc,phases   ] GC(7)   Merge Heap Roots: 0.0ms
[2025-03-19T14:54:03.073+0000][2.965s][info ][gc,phases   ] GC(7)   Evacuate Collection Set: 4.9ms
[2025-03-19T14:54:03.073+0000][2.965s][info ][gc,phases   ] GC(7)   Post Evacuate Collection Set: 0.6ms
[2025-03-19T14:54:03.073+0000][2.965s][info ][gc,phases   ] GC(7)   Other: 0.1ms
[2025-03-19T14:54:03.073+0000][2.965s][info ][gc,heap     ] GC(7) Eden regions: 77->0(76)
[2025-03-19T14:54:03.073+0000][2.965s][info ][gc,heap     ] GC(7) Survivor regions: 7->8(11)
[2025-03-19T14:54:03.073+0000][2.965s][info ][gc,heap     ] GC(7) Old regions: 10->12
[2025-03-19T14:54:03.073+0000][2.965s][info ][gc,heap     ] GC(7) Archive regions: 2->2
[2025-03-19T14:54:03.073+0000][2.965s][info ][gc,heap     ] GC(7) Humongous regions: 0->0
[2025-03-19T14:54:03.073+0000][2.965s][info ][gc,metaspace] GC(7) Metaspace: 18135K(18432K)->18135K(18432K) NonClass: 15714K(15872K)->15714K(15872K) Class: 2420K(2560K)->2420K(2560K)
[2025-03-19T14:54:03.073+0000][2.965s][info ][gc          ] GC(7) Pause Young (Normal) (G1 Evacuation Pause) 93M->19M(140M) 5.739ms
[2025-03-19T14:54:03.073+0000][2.965s][info ][gc,cpu      ] GC(7) User=0.02s Sys=0.00s Real=0.01s
[2025-03-19T14:54:03.073+0000][2.965s][info ][safepoint   ] Safepoint "G1CollectForAllocation", Time since last: 219513848 ns, Reaching safepoint: 102954 ns, Cleanup: 45347 ns, At safepoint: 5773956 ns, Total: 5922257 ns
[2025-03-19T14:54:03.270+0000][3.162s][debug][safepoint   ] Safepoint synchronization initiated using futex wait barrier. (15 threads)
[2025-03-19T14:54:03.270+0000][3.162s][info ][gc,start    ] GC(8) Pause Young (Concurrent Start) (Metadata GC Threshold)
[2025-03-19T14:54:03.270+0000][3.162s][info ][gc,task     ] GC(8) Using 4 workers of 4 for evacuation
[2025-03-19T14:54:03.277+0000][3.168s][info ][gc,phases   ] GC(8)   Pre Evacuate Collection Set: 0.1ms
[2025-03-19T14:54:03.277+0000][3.168s][info ][gc,phases   ] GC(8)   Merge Heap Roots: 0.0ms
[2025-03-19T14:54:03.277+0000][3.168s][info ][gc,phases   ] GC(8)   Evacuate Collection Set: 5.9ms
[2025-03-19T14:54:03.277+0000][3.168s][info ][gc,phases   ] GC(8)   Post Evacuate Collection Set: 0.6ms
[2025-03-19T14:54:03.277+0000][3.168s][info ][gc,phases   ] GC(8)   Other: 0.1ms
[2025-03-19T14:54:03.277+0000][3.168s][info ][gc,heap     ] GC(8) Eden regions: 44->0(78)
[2025-03-19T14:54:03.277+0000][3.168s][info ][gc,heap     ] GC(8) Survivor regions: 8->6(11)
[2025-03-19T14:54:03.277+0000][3.168s][info ][gc,heap     ] GC(8) Old regions: 12->15
[2025-03-19T14:54:03.277+0000][3.168s][info ][gc,heap     ] GC(8) Archive regions: 2->2
[2025-03-19T14:54:03.277+0000][3.168s][info ][gc,heap     ] GC(8) Humongous regions: 0->0
[2025-03-19T14:54:03.277+0000][3.168s][info ][gc,metaspace] GC(8) Metaspace: 21158K(21504K)->21158K(21504K) NonClass: 18394K(18560K)->18394K(18560K) Class: 2763K(2944K)->2763K(2944K)
[2025-03-19T14:54:03.277+0000][3.168s][info ][gc          ] GC(8) Pause Young (Concurrent Start) (Metadata GC Threshold) 63M->21M(140M) 6.751ms
[2025-03-19T14:54:03.277+0000][3.168s][info ][gc,cpu      ] GC(8) User=0.02s Sys=0.00s Real=0.01s
[2025-03-19T14:54:03.277+0000][3.168s][info ][gc          ] GC(9) Concurrent Mark Cycle
[2025-03-19T14:54:03.277+0000][3.168s][info ][gc,marking  ] GC(9) Concurrent Clear Claimed Marks
[2025-03-19T14:54:03.277+0000][3.168s][info ][gc,marking  ] GC(9) Concurrent Clear Claimed Marks 0.022ms
[2025-03-19T14:54:03.277+0000][3.168s][info ][gc,marking  ] GC(9) Concurrent Scan Root Regions
[2025-03-19T14:54:03.277+0000][3.169s][info ][safepoint   ] Safepoint "CollectForMetadataAllocation", Time since last: 196934522 ns, Reaching safepoint: 34183 ns, Cleanup: 36796 ns, At safepoint: 7423780 ns, Total: 7494759 ns
[2025-03-19T14:54:03.285+0000][3.177s][info ][gc,marking  ] GC(9) Concurrent Scan Root Regions 8.490ms
[2025-03-19T14:54:03.285+0000][3.177s][info ][gc,marking  ] GC(9) Concurrent Mark
[2025-03-19T14:54:03.285+0000][3.177s][info ][gc,marking  ] GC(9) Concurrent Mark From Roots
[2025-03-19T14:54:03.285+0000][3.177s][info ][gc,task     ] GC(9) Using 1 workers of 1 for marking
[2025-03-19T14:54:03.303+0000][3.195s][info ][gc,marking  ] GC(9) Concurrent Mark From Roots 17.839ms
[2025-03-19T14:54:03.303+0000][3.195s][info ][gc,marking  ] GC(9) Concurrent Preclean
[2025-03-19T14:54:03.303+0000][3.195s][info ][gc,marking  ] GC(9) Concurrent Preclean 0.222ms
[2025-03-19T14:54:03.303+0000][3.195s][debug][safepoint   ] Safepoint synchronization initiated using futex wait barrier. (15 threads)
[2025-03-19T14:54:03.304+0000][3.196s][info ][gc,start    ] GC(9) Pause Remark
[2025-03-19T14:54:03.306+0000][3.198s][info ][gc          ] GC(9) Pause Remark 25M->25M(90M) 2.333ms
[2025-03-19T14:54:03.306+0000][3.198s][info ][gc,cpu      ] GC(9) User=0.01s Sys=0.00s Real=0.00s
[2025-03-19T14:54:03.306+0000][3.198s][info ][safepoint   ] Safepoint "G1PauseRemark", Time since last: 26061248 ns, Reaching safepoint: 76908 ns, Cleanup: 3193 ns, At safepoint: 2934638 ns, Total: 3014739 ns
[2025-03-19T14:54:03.306+0000][3.198s][info ][gc,marking  ] GC(9) Concurrent Mark 21.168ms
[2025-03-19T14:54:03.306+0000][3.198s][info ][gc,marking  ] GC(9) Concurrent Rebuild Remembered Sets
[2025-03-19T14:54:03.319+0000][3.211s][info ][gc,marking  ] GC(9) Concurrent Rebuild Remembered Sets 12.869ms
[2025-03-19T14:54:03.319+0000][3.211s][debug][safepoint   ] Safepoint synchronization initiated using futex wait barrier. (15 threads)
[2025-03-19T14:54:03.320+0000][3.212s][info ][gc,start    ] GC(9) Pause Cleanup
[2025-03-19T14:54:03.320+0000][3.212s][info ][gc          ] GC(9) Pause Cleanup 27M->27M(90M) 0.045ms
[2025-03-19T14:54:03.320+0000][3.212s][info ][gc,cpu      ] GC(9) User=0.00s Sys=0.00s Real=0.00s
[2025-03-19T14:54:03.320+0000][3.212s][info ][safepoint   ] Safepoint "G1PauseCleanup", Time since last: 12957760 ns, Reaching safepoint: 386742 ns, Cleanup: 8643 ns, At safepoint: 66855 ns, Total: 462240 ns
[2025-03-19T14:54:03.322+0000][3.213s][info ][gc,marking  ] GC(9) Concurrent Cleanup for Next Mark
[2025-03-19T14:54:03.322+0000][3.214s][info ][gc,marking  ] GC(9) Concurrent Cleanup for Next Mark 0.663ms
[2025-03-19T14:54:03.322+0000][3.214s][info ][gc          ] GC(9) Concurrent Mark Cycle 45.677ms
[2025-03-19T14:54:03.518+0000][3.410s][debug][safepoint   ] Safepoint synchronization initiated using futex wait barrier. (15 threads)
[2025-03-19T14:54:03.518+0000][3.410s][info ][gc,start    ] GC(10) Pause Young (Normal) (G1 Preventive Collection)
[2025-03-19T14:54:03.518+0000][3.410s][info ][gc,task     ] GC(10) Using 4 workers of 4 for evacuation
[2025-03-19T14:54:03.524+0000][3.416s][info ][gc,phases   ] GC(10)   Pre Evacuate Collection Set: 0.0ms
[2025-03-19T14:54:03.524+0000][3.416s][info ][gc,phases   ] GC(10)   Merge Heap Roots: 0.0ms
[2025-03-19T14:54:03.524+0000][3.416s][info ][gc,phases   ] GC(10)   Evacuate Collection Set: 4.7ms
[2025-03-19T14:54:03.524+0000][3.416s][info ][gc,phases   ] GC(10)   Post Evacuate Collection Set: 0.5ms
[2025-03-19T14:54:03.524+0000][3.416s][info ][gc,phases   ] GC(10)   Other: 0.1ms
[2025-03-19T14:54:03.524+0000][3.416s][info ][gc,heap     ] GC(10) Eden regions: 57->0(46)
[2025-03-19T14:54:03.524+0000][3.416s][info ][gc,heap     ] GC(10) Survivor regions: 6->8(11)
[2025-03-19T14:54:03.524+0000][3.416s][info ][gc,heap     ] GC(10) Old regions: 15->15
[2025-03-19T14:54:03.524+0000][3.416s][info ][gc,heap     ] GC(10) Archive regions: 2->2
[2025-03-19T14:54:03.524+0000][3.416s][info ][gc,heap     ] GC(10) Humongous regions: 0->0
[2025-03-19T14:54:03.524+0000][3.416s][info ][gc,metaspace] GC(10) Metaspace: 23194K(23552K)->23194K(23552K) NonClass: 20150K(20352K)->20150K(20352K) Class: 3044K(3200K)->3044K(3200K)
[2025-03-19T14:54:03.524+0000][3.416s][info ][gc          ] GC(10) Pause Young (Normal) (G1 Preventive Collection) 78M->22M(90M) 5.391ms
[2025-03-19T14:54:03.524+0000][3.416s][info ][gc,cpu      ] GC(10) User=0.02s Sys=0.00s Real=0.01s
[2025-03-19T14:54:03.524+0000][3.416s][info ][safepoint   ] Safepoint "G1CollectForAllocation", Time since last: 198463623 ns, Reaching safepoint: 115888 ns, Cleanup: 66471 ns, At safepoint: 5422948 ns, Total: 5605307 ns
[2025-03-19T14:54:03.677+0000][3.569s][debug][safepoint   ] Safepoint synchronization initiated using futex wait barrier. (15 threads)
[2025-03-19T14:54:03.678+0000][3.569s][info ][gc,start    ] GC(11) Pause Young (Normal) (G1 Evacuation Pause)
[2025-03-19T14:54:03.678+0000][3.569s][info ][gc,task     ] GC(11) Using 4 workers of 4 for evacuation
[2025-03-19T14:54:03.686+0000][3.577s][info ][gc,phases   ] GC(11)   Pre Evacuate Collection Set: 0.0ms
[2025-03-19T14:54:03.686+0000][3.577s][info ][gc,phases   ] GC(11)   Merge Heap Roots: 0.0ms
[2025-03-19T14:54:03.686+0000][3.577s][info ][gc,phases   ] GC(11)   Evacuate Collection Set: 7.2ms
[2025-03-19T14:54:03.686+0000][3.577s][info ][gc,phases   ] GC(11)   Post Evacuate Collection Set: 0.7ms
[2025-03-19T14:54:03.686+0000][3.577s][info ][gc,phases   ] GC(11)   Other: 0.1ms
[2025-03-19T14:54:03.686+0000][3.577s][info ][gc,heap     ] GC(11) Eden regions: 46->0(57)
[2025-03-19T14:54:03.686+0000][3.577s][info ][gc,heap     ] GC(11) Survivor regions: 8->7(7)
[2025-03-19T14:54:03.686+0000][3.577s][info ][gc,heap     ] GC(11) Old regions: 15->19
[2025-03-19T14:54:03.686+0000][3.577s][info ][gc,heap     ] GC(11) Archive regions: 2->2
[2025-03-19T14:54:03.686+0000][3.577s][info ][gc,heap     ] GC(11) Humongous regions: 0->0
[2025-03-19T14:54:03.686+0000][3.577s][info ][gc,metaspace] GC(11) Metaspace: 24353K(24768K)->24353K(24768K) NonClass: 21181K(21376K)->21181K(21376K) Class: 3171K(3392K)->3171K(3392K)
[2025-03-19T14:54:03.686+0000][3.577s][info ][gc          ] GC(11) Pause Young (Normal) (G1 Evacuation Pause) 68M->26M(108M) 8.116ms
[2025-03-19T14:54:03.686+0000][3.577s][info ][gc,cpu      ] GC(11) User=0.03s Sys=0.00s Real=0.01s
[2025-03-19T14:54:03.686+0000][3.577s][info ][safepoint   ] Safepoint "G1CollectForAllocation", Time since last: 153417849 ns, Reaching safepoint: 220920 ns, Cleanup: 45108 ns, At safepoint: 8154586 ns, Total: 8420614 ns
[2025-03-19T14:54:03.798+0000][3.690s][debug][safepoint   ] Safepoint synchronization initiated using futex wait barrier. (14 threads)
[2025-03-19T14:54:03.798+0000][3.690s][info ][gc,start    ] GC(12) Pause Young (Normal) (G1 Evacuation Pause)
[2025-03-19T14:54:03.798+0000][3.690s][info ][gc,task     ] GC(12) Using 3 workers of 4 for evacuation
[2025-03-19T14:54:03.818+0000][3.710s][info ][gc,phases   ] GC(12)   Pre Evacuate Collection Set: 0.0ms
[2025-03-19T14:54:03.819+0000][3.710s][info ][gc,phases   ] GC(12)   Merge Heap Roots: 0.0ms
[2025-03-19T14:54:03.819+0000][3.710s][info ][gc,phases   ] GC(12)   Evacuate Collection Set: 19.4ms
[2025-03-19T14:54:03.819+0000][3.710s][info ][gc,phases   ] GC(12)   Post Evacuate Collection Set: 1.0ms
[2025-03-19T14:54:03.819+0000][3.710s][info ][gc,phases   ] GC(12)   Other: 0.1ms
[2025-03-19T14:54:03.819+0000][3.710s][info ][gc,heap     ] GC(12) Eden regions: 57->0(52)
[2025-03-19T14:54:03.819+0000][3.710s][info ][gc,heap     ] GC(12) Survivor regions: 7->8(8)
[2025-03-19T14:54:03.819+0000][3.710s][info ][gc,heap     ] GC(12) Old regions: 19->24
[2025-03-19T14:54:03.819+0000][3.710s][info ][gc,heap     ] GC(12) Archive regions: 2->2
[2025-03-19T14:54:03.819+0000][3.710s][info ][gc,heap     ] GC(12) Humongous regions: 0->0
[2025-03-19T14:54:03.819+0000][3.710s][info ][gc,metaspace] GC(12) Metaspace: 24479K(24896K)->24479K(24896K) NonClass: 21282K(21504K)->21282K(21504K) Class: 3196K(3392K)->3196K(3392K)
[2025-03-19T14:54:03.819+0000][3.710s][info ][gc          ] GC(12) Pause Young (Normal) (G1 Evacuation Pause) 83M->32M(108M) 20.708ms
[2025-03-19T14:54:03.819+0000][3.710s][info ][gc,cpu      ] GC(12) User=0.06s Sys=0.00s Real=0.02s
[2025-03-19T14:54:03.819+0000][3.710s][info ][safepoint   ] Safepoint "G1CollectForAllocation", Time since last: 112107378 ns, Reaching safepoint: 32300 ns, Cleanup: 13905 ns, At safepoint: 20750738 ns, Total: 20796943 ns
[2025-03-19T14:54:03.925+0000][3.817s][debug][safepoint   ] Safepoint synchronization initiated using futex wait barrier. (14 threads)
[2025-03-19T14:54:03.925+0000][3.817s][info ][gc,start    ] GC(13) Pause Young (Normal) (G1 Evacuation Pause)
[2025-03-19T14:54:03.925+0000][3.817s][info ][gc,task     ] GC(13) Using 2 workers of 4 for evacuation
[2025-03-19T14:54:03.939+0000][3.830s][info ][gc,phases   ] GC(13)   Pre Evacuate Collection Set: 0.0ms
[2025-03-19T14:54:03.939+0000][3.830s][info ][gc,phases   ] GC(13)   Merge Heap Roots: 0.0ms
[2025-03-19T14:54:03.939+0000][3.830s][info ][gc,phases   ] GC(13)   Evacuate Collection Set: 12.6ms
[2025-03-19T14:54:03.939+0000][3.830s][info ][gc,phases   ] GC(13)   Post Evacuate Collection Set: 0.8ms
[2025-03-19T14:54:03.939+0000][3.830s][info ][gc,phases   ] GC(13)   Other: 0.1ms
[2025-03-19T14:54:03.939+0000][3.830s][info ][gc,heap     ] GC(13) Eden regions: 52->0(44)
[2025-03-19T14:54:03.939+0000][3.830s][info ][gc,heap     ] GC(13) Survivor regions: 8->7(8)
[2025-03-19T14:54:03.939+0000][3.830s][info ][gc,heap     ] GC(13) Old regions: 24->32
[2025-03-19T14:54:03.939+0000][3.830s][info ][gc,heap     ] GC(13) Archive regions: 2->2
[2025-03-19T14:54:03.939+0000][3.830s][info ][gc,heap     ] GC(13) Humongous regions: 0->0
[2025-03-19T14:54:03.939+0000][3.830s][info ][gc,metaspace] GC(13) Metaspace: 24532K(24896K)->24532K(24896K) NonClass: 21330K(21504K)->21330K(21504K) Class: 3201K(3392K)->3201K(3392K)
[2025-03-19T14:54:03.939+0000][3.830s][info ][gc          ] GC(13) Pause Young (Normal) (G1 Evacuation Pause) 84M->39M(108M) 13.526ms
[2025-03-19T14:54:03.939+0000][3.830s][info ][gc,cpu      ] GC(13) User=0.03s Sys=0.00s Real=0.01s
[2025-03-19T14:54:03.939+0000][3.830s][info ][safepoint   ] Safepoint "G1CollectForAllocation", Time since last: 106485895 ns, Reaching safepoint: 32417 ns, Cleanup: 16421 ns, At safepoint: 13560610 ns, Total: 13609448 ns
[2025-03-19T14:54:04.120+0000][4.012s][debug][safepoint   ] Safepoint synchronization initiated using futex wait barrier. (14 threads)
[2025-03-19T14:54:04.120+0000][4.012s][info ][gc,start    ] GC(14) Pause Young (Normal) (G1 Evacuation Pause)
[2025-03-19T14:54:04.120+0000][4.012s][info ][gc,task     ] GC(14) Using 2 workers of 4 for evacuation
[2025-03-19T14:54:04.133+0000][4.025s][info ][gc,phases   ] GC(14)   Pre Evacuate Collection Set: 0.0ms
[2025-03-19T14:54:04.133+0000][4.025s][info ][gc,phases   ] GC(14)   Merge Heap Roots: 0.0ms
[2025-03-19T14:54:04.133+0000][4.025s][info ][gc,phases   ] GC(14)   Evacuate Collection Set: 10.7ms
[2025-03-19T14:54:04.133+0000][4.025s][info ][gc,phases   ] GC(14)   Post Evacuate Collection Set: 1.6ms
[2025-03-19T14:54:04.133+0000][4.025s][info ][gc,phases   ] GC(14)   Other: 0.1ms
[2025-03-19T14:54:04.133+0000][4.025s][info ][gc,heap     ] GC(14) Eden regions: 44->0(42)
[2025-03-19T14:54:04.133+0000][4.025s][info ][gc,heap     ] GC(14) Survivor regions: 7->4(7)
[2025-03-19T14:54:04.133+0000][4.025s][info ][gc,heap     ] GC(14) Old regions: 32->39
[2025-03-19T14:54:04.133+0000][4.025s][info ][gc,heap     ] GC(14) Archive regions: 2->2
[2025-03-19T14:54:04.133+0000][4.025s][info ][gc,heap     ] GC(14) Humongous regions: 0->0
[2025-03-19T14:54:04.133+0000][4.025s][info ][gc,metaspace] GC(14) Metaspace: 24745K(25152K)->24745K(25152K) NonClass: 21503K(21696K)->21503K(21696K) Class: 3241K(3456K)->3241K(3456K)
[2025-03-19T14:54:04.133+0000][4.025s][info ][gc          ] GC(14) Pause Young (Normal) (G1 Evacuation Pause) 83M->43M(108M) 12.509ms
[2025-03-19T14:54:04.133+0000][4.025s][info ][gc,cpu      ] GC(14) User=0.04s Sys=0.00s Real=0.02s
[2025-03-19T14:54:04.133+0000][4.025s][info ][safepoint   ] Safepoint "G1CollectForAllocation", Time since last: 181587451 ns, Reaching safepoint: 42484 ns, Cleanup: 27456 ns, At safepoint: 12551432 ns, Total: 12621372 ns
[2025-03-19T14:54:04.255+0000][4.147s][debug][safepoint   ] Safepoint synchronization initiated using futex wait barrier. (14 threads)
[2025-03-19T14:54:04.256+0000][4.147s][info ][gc,start    ] GC(15) Pause Young (Normal) (G1 Evacuation Pause)
[2025-03-19T14:54:04.256+0000][4.147s][info ][gc,task     ] GC(15) Using 2 workers of 4 for evacuation
[2025-03-19T14:54:04.268+0000][4.159s][info ][gc,phases   ] GC(15)   Pre Evacuate Collection Set: 0.1ms
[2025-03-19T14:54:04.268+0000][4.160s][info ][gc,phases   ] GC(15)   Merge Heap Roots: 0.0ms
[2025-03-19T14:54:04.268+0000][4.160s][info ][gc,phases   ] GC(15)   Evacuate Collection Set: 10.8ms
[2025-03-19T14:54:04.268+0000][4.160s][info ][gc,phases   ] GC(15)   Post Evacuate Collection Set: 1.2ms
[2025-03-19T14:54:04.268+0000][4.160s][info ][gc,phases   ] GC(15)   Other: 0.1ms
[2025-03-19T14:54:04.268+0000][4.160s][info ][gc,heap     ] GC(15) Eden regions: 42->0(114)
[2025-03-19T14:54:04.268+0000][4.160s][info ][gc,heap     ] GC(15) Survivor regions: 4->5(6)
[2025-03-19T14:54:04.268+0000][4.160s][info ][gc,heap     ] GC(15) Old regions: 39->42
[2025-03-19T14:54:04.268+0000][4.160s][info ][gc,heap     ] GC(15) Archive regions: 2->2
[2025-03-19T14:54:04.268+0000][4.160s][info ][gc,heap     ] GC(15) Humongous regions: 0->0
[2025-03-19T14:54:04.268+0000][4.160s][info ][gc,metaspace] GC(15) Metaspace: 24903K(25280K)->24903K(25280K) NonClass: 21647K(21824K)->21647K(21824K) Class: 3256K(3456K)->3256K(3456K)
[2025-03-19T14:54:04.268+0000][4.160s][info ][gc          ] GC(15) Pause Young (Normal) (G1 Evacuation Pause) 85M->47M(216M) 12.246ms
[2025-03-19T14:54:04.268+0000][4.160s][info ][gc,cpu      ] GC(15) User=0.03s Sys=0.00s Real=0.01s
[2025-03-19T14:54:04.268+0000][4.160s][info ][safepoint   ] Safepoint "G1CollectForAllocation", Time since last: 122500234 ns, Reaching safepoint: 36599 ns, Cleanup: 77571 ns, At safepoint: 12494578 ns, Total: 12608748 ns
[2025-03-19T14:54:04.756+0000][4.648s][debug][safepoint   ] Safepoint synchronization initiated using futex wait barrier. (14 threads)
[2025-03-19T14:54:04.756+0000][4.648s][info ][gc,start    ] GC(16) Pause Young (Normal) (G1 Evacuation Pause)
[2025-03-19T14:54:04.756+0000][4.648s][info ][gc,task     ] GC(16) Using 4 workers of 4 for evacuation
[2025-03-19T14:54:04.764+0000][4.656s][info ][gc,phases   ] GC(16)   Pre Evacuate Collection Set: 0.1ms
[2025-03-19T14:54:04.764+0000][4.656s][info ][gc,phases   ] GC(16)   Merge Heap Roots: 0.1ms
[2025-03-19T14:54:04.764+0000][4.656s][info ][gc,phases   ] GC(16)   Evacuate Collection Set: 7.0ms
[2025-03-19T14:54:04.764+0000][4.656s][info ][gc,phases   ] GC(16)   Post Evacuate Collection Set: 0.8ms
[2025-03-19T14:54:04.764+0000][4.656s][info ][gc,phases   ] GC(16)   Other: 0.1ms
[2025-03-19T14:54:04.764+0000][4.656s][info ][gc,heap     ] GC(16) Eden regions: 114->0(116)
[2025-03-19T14:54:04.764+0000][4.656s][info ][gc,heap     ] GC(16) Survivor regions: 5->10(15)
[2025-03-19T14:54:04.764+0000][4.656s][info ][gc,heap     ] GC(16) Old regions: 42->42
[2025-03-19T14:54:04.764+0000][4.656s][info ][gc,heap     ] GC(16) Archive regions: 2->2
[2025-03-19T14:54:04.764+0000][4.656s][info ][gc,heap     ] GC(16) Humongous regions: 0->0
[2025-03-19T14:54:04.764+0000][4.656s][info ][gc,metaspace] GC(16) Metaspace: 25176K(25536K)->25176K(25536K) NonClass: 21907K(22080K)->21907K(22080K) Class: 3269K(3456K)->3269K(3456K)
[2025-03-19T14:54:04.764+0000][4.656s][info ][gc          ] GC(16) Pause Young (Normal) (G1 Evacuation Pause) 161M->52M(216M) 8.034ms
[2025-03-19T14:54:04.764+0000][4.656s][info ][gc,cpu      ] GC(16) User=0.02s Sys=0.00s Real=0.01s
[2025-03-19T14:54:04.764+0000][4.656s][info ][safepoint   ] Safepoint "G1CollectForAllocation", Time since last: 488233379 ns, Reaching safepoint: 45483 ns, Cleanup: 93733 ns, At safepoint: 8073618 ns, Total: 8212834 ns
[2025-03-19T14:54:05.090+0000][4.982s][debug][safepoint   ] Safepoint synchronization initiated using futex wait barrier. (15 threads)
[2025-03-19T14:54:05.091+0000][4.983s][info ][gc,start    ] GC(17) Pause Young (Normal) (G1 Evacuation Pause)
[2025-03-19T14:54:05.091+0000][4.983s][info ][gc,task     ] GC(17) Using 4 workers of 4 for evacuation
[2025-03-19T14:54:05.101+0000][4.993s][info ][gc,phases   ] GC(17)   Pre Evacuate Collection Set: 0.1ms
[2025-03-19T14:54:05.101+0000][4.993s][info ][gc,phases   ] GC(17)   Merge Heap Roots: 0.1ms
[2025-03-19T14:54:05.101+0000][4.993s][info ][gc,phases   ] GC(17)   Evacuate Collection Set: 9.0ms
[2025-03-19T14:54:05.101+0000][4.993s][info ][gc,phases   ] GC(17)   Post Evacuate Collection Set: 0.8ms
[2025-03-19T14:54:05.101+0000][4.993s][info ][gc,phases   ] GC(17)   Other: 0.1ms
[2025-03-19T14:54:05.101+0000][4.993s][info ][gc,heap     ] GC(17) Eden regions: 116->0(115)
[2025-03-19T14:54:05.101+0000][4.993s][info ][gc,heap     ] GC(17) Survivor regions: 10->9(16)
[2025-03-19T14:54:05.101+0000][4.993s][info ][gc,heap     ] GC(17) Old regions: 42->47
[2025-03-19T14:54:05.101+0000][4.993s][info ][gc,heap     ] GC(17) Archive regions: 2->2
[2025-03-19T14:54:05.101+0000][4.993s][info ][gc,heap     ] GC(17) Humongous regions: 0->0
[2025-03-19T14:54:05.101+0000][4.993s][info ][gc,metaspace] GC(17) Metaspace: 26190K(26560K)->26190K(26560K) NonClass: 22848K(23040K)->22848K(23040K) Class: 3342K(3520K)->3342K(3520K)
[2025-03-19T14:54:05.101+0000][4.993s][info ][gc          ] GC(17) Pause Young (Normal) (G1 Evacuation Pause) 168M->55M(216M) 10.133ms
[2025-03-19T14:54:05.101+0000][4.993s][info ][gc,cpu      ] GC(17) User=0.03s Sys=0.00s Real=0.01s
[2025-03-19T14:54:05.102+0000][4.994s][info ][safepoint   ] Safepoint "G1CollectForAllocation", Time since last: 325774826 ns, Reaching safepoint: 518733 ns, Cleanup: 59296 ns, At safepoint: 11428143 ns, Total: 12006172 ns
[2025-03-19T14:54:05.288+0000][5.180s][debug][safepoint   ] Safepoint synchronization initiated using futex wait barrier. (14 threads)
[2025-03-19T14:54:05.288+0000][5.180s][info ][gc,start    ] GC(18) Pause Young (Normal) (G1 Evacuation Pause)
[2025-03-19T14:54:05.288+0000][5.180s][info ][gc,task     ] GC(18) Using 4 workers of 4 for evacuation
[2025-03-19T14:54:05.294+0000][5.186s][info ][gc,phases   ] GC(18)   Pre Evacuate Collection Set: 0.1ms
[2025-03-19T14:54:05.294+0000][5.186s][info ][gc,phases   ] GC(18)   Merge Heap Roots: 0.1ms
[2025-03-19T14:54:05.294+0000][5.186s][info ][gc,phases   ] GC(18)   Evacuate Collection Set: 4.7ms
[2025-03-19T14:54:05.294+0000][5.186s][info ][gc,phases   ] GC(18)   Post Evacuate Collection Set: 1.0ms
[2025-03-19T14:54:05.294+0000][5.186s][info ][gc,phases   ] GC(18)   Other: 0.1ms
[2025-03-19T14:54:05.294+0000][5.186s][info ][gc,heap     ] GC(18) Eden regions: 115->0(118)
[2025-03-19T14:54:05.294+0000][5.186s][info ][gc,heap     ] GC(18) Survivor regions: 9->10(16)
[2025-03-19T14:54:05.294+0000][5.186s][info ][gc,heap     ] GC(18) Old regions: 47->47
[2025-03-19T14:54:05.294+0000][5.186s][info ][gc,heap     ] GC(18) Archive regions: 2->2
[2025-03-19T14:54:05.294+0000][5.186s][info ][gc,heap     ] GC(18) Humongous regions: 0->0
[2025-03-19T14:54:05.294+0000][5.186s][info ][gc,metaspace] GC(18) Metaspace: 26906K(27264K)->26906K(27264K) NonClass: 23494K(23680K)->23494K(23680K) Class: 3411K(3584K)->3411K(3584K)
[2025-03-19T14:54:05.294+0000][5.186s][info ][gc          ] GC(18) Pause Young (Normal) (G1 Evacuation Pause) 170M->56M(216M) 5.997ms
[2025-03-19T14:54:05.294+0000][5.186s][info ][gc,cpu      ] GC(18) User=0.02s Sys=0.01s Real=0.01s
[2025-03-19T14:54:05.294+0000][5.186s][info ][safepoint   ] Safepoint "G1CollectForAllocation", Time since last: 185840958 ns, Reaching safepoint: 35194 ns, Cleanup: 20624 ns, At safepoint: 6034773 ns, Total: 6090591 ns
[2025-03-19T14:54:05.781+0000][5.672s][debug][safepoint   ] Safepoint synchronization initiated using futex wait barrier. (14 threads)
[2025-03-19T14:54:05.781+0000][5.673s][info ][gc,start    ] GC(19) Pause Young (Normal) (G1 Evacuation Pause)
[2025-03-19T14:54:05.781+0000][5.673s][info ][gc,task     ] GC(19) Using 4 workers of 4 for evacuation
[2025-03-19T14:54:05.788+0000][5.680s][info ][gc,phases   ] GC(19)   Pre Evacuate Collection Set: 0.1ms
[2025-03-19T14:54:05.788+0000][5.680s][info ][gc,phases   ] GC(19)   Merge Heap Roots: 0.1ms
[2025-03-19T14:54:05.788+0000][5.680s][info ][gc,phases   ] GC(19)   Evacuate Collection Set: 6.5ms
[2025-03-19T14:54:05.788+0000][5.680s][info ][gc,phases   ] GC(19)   Post Evacuate Collection Set: 0.7ms
[2025-03-19T14:54:05.788+0000][5.680s][info ][gc,phases   ] GC(19)   Other: 0.1ms
[2025-03-19T14:54:05.788+0000][5.680s][info ][gc,heap     ] GC(19) Eden regions: 118->0(122)
[2025-03-19T14:54:05.788+0000][5.680s][info ][gc,heap     ] GC(19) Survivor regions: 10->6(16)
[2025-03-19T14:54:05.788+0000][5.680s][info ][gc,heap     ] GC(19) Old regions: 47->50
[2025-03-19T14:54:05.788+0000][5.680s][info ][gc,heap     ] GC(19) Archive regions: 2->2
[2025-03-19T14:54:05.788+0000][5.680s][info ][gc,heap     ] GC(19) Humongous regions: 0->0
[2025-03-19T14:54:05.788+0000][5.680s][info ][gc,metaspace] GC(19) Metaspace: 33581K(33984K)->33581K(33984K) NonClass: 29426K(29632K)->29426K(29632K) Class: 4155K(4352K)->4155K(4352K)
[2025-03-19T14:54:05.788+0000][5.680s][info ][gc          ] GC(19) Pause Young (Normal) (G1 Evacuation Pause) 174M->55M(216M) 7.536ms
[2025-03-19T14:54:05.788+0000][5.680s][info ][gc,cpu      ] GC(19) User=0.02s Sys=0.00s Real=0.01s
[2025-03-19T14:54:05.788+0000][5.680s][info ][safepoint   ] Safepoint "G1CollectForAllocation", Time since last: 486496167 ns, Reaching safepoint: 36871 ns, Cleanup: 88254 ns, At safepoint: 7574700 ns, Total: 7699825 ns
[2025-03-19T14:54:06.360+0000][6.251s][debug][safepoint   ] Safepoint synchronization initiated using futex wait barrier. (14 threads)
[2025-03-19T14:54:06.360+0000][6.252s][info ][gc,start    ] GC(20) Pause Young (Normal) (G1 Evacuation Pause)
[2025-03-19T14:54:06.360+0000][6.252s][info ][gc,task     ] GC(20) Using 4 workers of 4 for evacuation
[2025-03-19T14:54:06.365+0000][6.257s][info ][gc,phases   ] GC(20)   Pre Evacuate Collection Set: 0.1ms
[2025-03-19T14:54:06.365+0000][6.257s][info ][gc,phases   ] GC(20)   Merge Heap Roots: 0.1ms
[2025-03-19T14:54:06.365+0000][6.257s][info ][gc,phases   ] GC(20)   Evacuate Collection Set: 4.5ms
[2025-03-19T14:54:06.365+0000][6.257s][info ][gc,phases   ] GC(20)   Post Evacuate Collection Set: 0.7ms
[2025-03-19T14:54:06.365+0000][6.257s][info ][gc,phases   ] GC(20)   Other: 0.1ms
[2025-03-19T14:54:06.365+0000][6.257s][info ][gc,heap     ] GC(20) Eden regions: 122->0(121)
[2025-03-19T14:54:06.365+0000][6.257s][info ][gc,heap     ] GC(20) Survivor regions: 6->8(16)
[2025-03-19T14:54:06.365+0000][6.257s][info ][gc,heap     ] GC(20) Old regions: 50->50
[2025-03-19T14:54:06.365+0000][6.257s][info ][gc,heap     ] GC(20) Archive regions: 2->2
[2025-03-19T14:54:06.365+0000][6.257s][info ][gc,heap     ] GC(20) Humongous regions: 0->0
[2025-03-19T14:54:06.365+0000][6.257s][info ][gc,metaspace] GC(20) Metaspace: 34780K(35200K)->34780K(35200K) NonClass: 30452K(30656K)->30452K(30656K) Class: 4327K(4544K)->4327K(4544K)
[2025-03-19T14:54:06.365+0000][6.257s][info ][gc          ] GC(20) Pause Young (Normal) (G1 Evacuation Pause) 177M->57M(216M) 5.422ms
[2025-03-19T14:54:06.365+0000][6.257s][info ][gc,cpu      ] GC(20) User=0.02s Sys=0.00s Real=0.01s
[2025-03-19T14:54:06.365+0000][6.257s][info ][safepoint   ] Safepoint "G1CollectForAllocation", Time since last: 571330077 ns, Reaching safepoint: 35546 ns, Cleanup: 96230 ns, At safepoint: 5460748 ns, Total: 5592524 ns
[2025-03-19T14:54:06.669+0000][6.561s][debug][safepoint   ] Safepoint synchronization initiated using futex wait barrier. (14 threads)
[2025-03-19T14:54:06.669+0000][6.561s][info ][safepoint   ] Safepoint "ICBufferFull", Time since last: 303836723 ns, Reaching safepoint: 36970 ns, Cleanup: 123342 ns, At safepoint: 2298 ns, Total: 162610 ns
[2025-03-19T14:54:06.679+0000][6.571s][debug][safepoint   ] Safepoint synchronization initiated using futex wait barrier. (14 threads)
[2025-03-19T14:54:06.679+0000][6.571s][info ][gc,start    ] GC(21) Pause Young (Concurrent Start) (Metadata GC Threshold)
[2025-03-19T14:54:06.679+0000][6.571s][info ][gc,task     ] GC(21) Using 4 workers of 4 for evacuation
[2025-03-19T14:54:06.689+0000][6.581s][info ][gc,phases   ] GC(21)   Pre Evacuate Collection Set: 0.1ms
[2025-03-19T14:54:06.689+0000][6.581s][info ][gc,phases   ] GC(21)   Merge Heap Roots: 0.1ms
[2025-03-19T14:54:06.689+0000][6.581s][info ][gc,phases   ] GC(21)   Evacuate Collection Set: 8.9ms
[2025-03-19T14:54:06.689+0000][6.581s][info ][gc,phases   ] GC(21)   Post Evacuate Collection Set: 0.8ms
[2025-03-19T14:54:06.689+0000][6.581s][info ][gc,phases   ] GC(21)   Other: 0.1ms
[2025-03-19T14:54:06.689+0000][6.581s][info ][gc,heap     ] GC(21) Eden regions: 66->0(122)
[2025-03-19T14:54:06.689+0000][6.581s][info ][gc,heap     ] GC(21) Survivor regions: 8->7(17)
[2025-03-19T14:54:06.689+0000][6.581s][info ][gc,heap     ] GC(21) Old regions: 50->50
[2025-03-19T14:54:06.689+0000][6.581s][info ][gc,heap     ] GC(21) Archive regions: 2->2
[2025-03-19T14:54:06.689+0000][6.581s][info ][gc,heap     ] GC(21) Humongous regions: 0->0
[2025-03-19T14:54:06.689+0000][6.581s][info ][gc,metaspace] GC(21) Metaspace: 36059K(36416K)->36059K(36416K) NonClass: 31579K(31744K)->31579K(31744K) Class: 4479K(4672K)->4479K(4672K)
[2025-03-19T14:54:06.689+0000][6.581s][info ][gc          ] GC(21) Pause Young (Concurrent Start) (Metadata GC Threshold) 123M->56M(216M) 10.131ms
[2025-03-19T14:54:06.689+0000][6.581s][info ][gc,cpu      ] GC(21) User=0.03s Sys=0.00s Real=0.01s
[2025-03-19T14:54:06.689+0000][6.581s][info ][gc          ] GC(22) Concurrent Mark Cycle
[2025-03-19T14:54:06.689+0000][6.581s][info ][gc,marking  ] GC(22) Concurrent Clear Claimed Marks
[2025-03-19T14:54:06.689+0000][6.581s][info ][safepoint   ] Safepoint "CollectForMetadataAllocation", Time since last: 9684868 ns, Reaching safepoint: 40258 ns, Cleanup: 10693 ns, At safepoint: 10201846 ns, Total: 10252797 ns
[2025-03-19T14:54:06.689+0000][6.581s][info ][gc,marking  ] GC(22) Concurrent Clear Claimed Marks 0.034ms
[2025-03-19T14:54:06.689+0000][6.581s][info ][gc,marking  ] GC(22) Concurrent Scan Root Regions
[2025-03-19T14:54:06.702+0000][6.593s][info ][gc,marking  ] GC(22) Concurrent Scan Root Regions 12.356ms
[2025-03-19T14:54:06.702+0000][6.593s][info ][gc,marking  ] GC(22) Concurrent Mark
[2025-03-19T14:54:06.702+0000][6.593s][info ][gc,marking  ] GC(22) Concurrent Mark From Roots
[2025-03-19T14:54:06.702+0000][6.593s][info ][gc,task     ] GC(22) Using 1 workers of 1 for marking
[2025-03-19T14:54:06.751+0000][6.643s][debug][safepoint   ] Safepoint synchronization initiated using futex wait barrier. (14 threads)
[2025-03-19T14:54:06.751+0000][6.643s][info ][safepoint   ] Safepoint "CollectForMetadataAllocation", Time since last: 61734321 ns, Reaching safepoint: 63278 ns, Cleanup: 11501 ns, At safepoint: 32411 ns, Total: 107190 ns
[2025-03-19T14:54:06.769+0000][6.660s][info ][gc,marking  ] GC(22) Concurrent Mark From Roots 66.881ms
[2025-03-19T14:54:06.769+0000][6.660s][info ][gc,marking  ] GC(22) Concurrent Preclean
[2025-03-19T14:54:06.769+0000][6.661s][info ][gc,marking  ] GC(22) Concurrent Preclean 0.261ms
[2025-03-19T14:54:06.769+0000][6.661s][debug][safepoint   ] Safepoint synchronization initiated using futex wait barrier. (14 threads)
[2025-03-19T14:54:06.769+0000][6.661s][info ][gc,start    ] GC(22) Pause Remark
[2025-03-19T14:54:06.774+0000][6.665s][info ][gc          ] GC(22) Pause Remark 65M->65M(216M) 4.589ms
[2025-03-19T14:54:06.774+0000][6.665s][info ][gc,cpu      ] GC(22) User=0.01s Sys=0.00s Real=0.01s
[2025-03-19T14:54:06.774+0000][6.665s][info ][safepoint   ] Safepoint "G1PauseRemark", Time since last: 17853910 ns, Reaching safepoint: 10479 ns, Cleanup: 3417 ns, At safepoint: 4669383 ns, Total: 4683279 ns
[2025-03-19T14:54:06.774+0000][6.666s][info ][gc,marking  ] GC(22) Concurrent Mark 72.717ms
[2025-03-19T14:54:06.774+0000][6.666s][info ][gc,marking  ] GC(22) Concurrent Rebuild Remembered Sets
[2025-03-19T14:54:06.820+0000][6.712s][info ][gc,marking  ] GC(22) Concurrent Rebuild Remembered Sets 45.721ms
[2025-03-19T14:54:06.820+0000][6.712s][debug][safepoint   ] Safepoint synchronization initiated using futex wait barrier. (14 threads)
[2025-03-19T14:54:06.820+0000][6.712s][info ][gc,start    ] GC(22) Pause Cleanup
[2025-03-19T14:54:06.820+0000][6.712s][info ][gc          ] GC(22) Pause Cleanup 71M->71M(216M) 0.111ms
[2025-03-19T14:54:06.820+0000][6.712s][info ][gc,cpu      ] GC(22) User=0.00s Sys=0.00s Real=0.00s
[2025-03-19T14:54:06.820+0000][6.712s][info ][safepoint   ] Safepoint "G1PauseCleanup", Time since last: 46551728 ns, Reaching safepoint: 79440 ns, Cleanup: 4289 ns, At safepoint: 136685 ns, Total: 220414 ns
[2025-03-19T14:54:06.820+0000][6.712s][info ][gc,marking  ] GC(22) Concurrent Cleanup for Next Mark
[2025-03-19T14:54:06.822+0000][6.714s][info ][gc,marking  ] GC(22) Concurrent Cleanup for Next Mark 1.363ms
[2025-03-19T14:54:06.822+0000][6.714s][info ][gc          ] GC(22) Concurrent Mark Cycle 132.590ms
[2025-03-19T14:54:07.268+0000][7.160s][debug][safepoint   ] Safepoint synchronization initiated using futex wait barrier. (14 threads)
[2025-03-19T14:54:07.268+0000][7.160s][info ][gc,start    ] GC(23) Pause Young (Prepare Mixed) (G1 Evacuation Pause)
[2025-03-19T14:54:07.268+0000][7.160s][info ][gc,task     ] GC(23) Using 4 workers of 4 for evacuation
[2025-03-19T14:54:07.277+0000][7.169s][info ][gc,phases   ] GC(23)   Pre Evacuate Collection Set: 0.7ms
[2025-03-19T14:54:07.277+0000][7.169s][info ][gc,phases   ] GC(23)   Merge Heap Roots: 0.1ms
[2025-03-19T14:54:07.277+0000][7.169s][info ][gc,phases   ] GC(23)   Evacuate Collection Set: 7.4ms
[2025-03-19T14:54:07.277+0000][7.169s][info ][gc,phases   ] GC(23)   Post Evacuate Collection Set: 0.9ms
[2025-03-19T14:54:07.277+0000][7.169s][info ][gc,phases   ] GC(23)   Other: 0.1ms
[2025-03-19T14:54:07.277+0000][7.169s][info ][gc,heap     ] GC(23) Eden regions: 122->0(1)
[2025-03-19T14:54:07.277+0000][7.169s][info ][gc,heap     ] GC(23) Survivor regions: 7->9(17)
[2025-03-19T14:54:07.277+0000][7.169s][info ][gc,heap     ] GC(23) Old regions: 50->50
[2025-03-19T14:54:07.277+0000][7.169s][info ][gc,heap     ] GC(23) Archive regions: 2->2
[2025-03-19T14:54:07.277+0000][7.169s][info ][gc,heap     ] GC(23) Humongous regions: 0->0
[2025-03-19T14:54:07.277+0000][7.169s][info ][gc,metaspace] GC(23) Metaspace: 38954K(39360K)->38954K(39360K) NonClass: 34039K(34240K)->34039K(34240K) Class: 4914K(5120K)->4914K(5120K)
[2025-03-19T14:54:07.277+0000][7.169s][info ][gc          ] GC(23) Pause Young (Prepare Mixed) (G1 Evacuation Pause) 178M->58M(216M) 9.199ms
[2025-03-19T14:54:07.277+0000][7.169s][info ][gc,cpu      ] GC(23) User=0.03s Sys=0.00s Real=0.01s
[2025-03-19T14:54:07.277+0000][7.169s][info ][safepoint   ] Safepoint "G1CollectForAllocation", Time since last: 447522813 ns, Reaching safepoint: 38351 ns, Cleanup: 67978 ns, At safepoint: 9243436 ns, Total: 9349765 ns
[2025-03-19T14:54:07.282+0000][7.174s][debug][safepoint   ] Safepoint synchronization initiated using futex wait barrier. (14 threads)
[2025-03-19T14:54:07.282+0000][7.174s][info ][gc,start    ] GC(24) Pause Young (Mixed) (G1 Evacuation Pause)
[2025-03-19T14:54:07.282+0000][7.174s][info ][gc,task     ] GC(24) Using 4 workers of 4 for evacuation
[2025-03-19T14:54:07.290+0000][7.182s][info ][gc,phases   ] GC(24)   Pre Evacuate Collection Set: 0.1ms
[2025-03-19T14:54:07.290+0000][7.182s][info ][gc,phases   ] GC(24)   Merge Heap Roots: 0.1ms
[2025-03-19T14:54:07.290+0000][7.182s][info ][gc,phases   ] GC(24)   Evacuate Collection Set: 6.7ms
[2025-03-19T14:54:07.290+0000][7.182s][info ][gc,phases   ] GC(24)   Post Evacuate Collection Set: 1.0ms
[2025-03-19T14:54:07.290+0000][7.182s][info ][gc,phases   ] GC(24)   Other: 0.1ms
[2025-03-19T14:54:07.290+0000][7.182s][info ][gc,heap     ] GC(24) Eden regions: 1->0(168)
[2025-03-19T14:54:07.290+0000][7.182s][info ][gc,heap     ] GC(24) Survivor regions: 9->2(2)
[2025-03-19T14:54:07.290+0000][7.182s][info ][gc,heap     ] GC(24) Old regions: 50->56
[2025-03-19T14:54:07.290+0000][7.182s][info ][gc,heap     ] GC(24) Archive regions: 2->2
[2025-03-19T14:54:07.290+0000][7.182s][info ][gc,heap     ] GC(24) Humongous regions: 0->0
[2025-03-19T14:54:07.290+0000][7.182s][info ][gc,metaspace] GC(24) Metaspace: 38958K(39360K)->38958K(39360K) NonClass: 34043K(34240K)->34043K(34240K) Class: 4914K(5120K)->4914K(5120K)
[2025-03-19T14:54:07.290+0000][7.182s][info ][gc          ] GC(24) Pause Young (Mixed) (G1 Evacuation Pause) 59M->57M(284M) 7.939ms
[2025-03-19T14:54:07.290+0000][7.182s][info ][gc,cpu      ] GC(24) User=0.03s Sys=0.01s Real=0.00s
[2025-03-19T14:54:07.290+0000][7.182s][info ][safepoint   ] Safepoint "G1CollectForAllocation", Time since last: 5066337 ns, Reaching safepoint: 39061 ns, Cleanup: 7884 ns, At safepoint: 7973714 ns, Total: 8020659 ns
[2025-03-19T14:54:08.345+0000][8.237s][debug][safepoint   ] Safepoint synchronization initiated using futex wait barrier. (14 threads)
[2025-03-19T14:54:08.346+0000][8.237s][info ][gc,start    ] GC(25) Pause Young (Concurrent Start) (G1 Evacuation Pause)
[2025-03-19T14:54:08.346+0000][8.237s][info ][gc,task     ] GC(25) Using 4 workers of 4 for evacuation
[2025-03-19T14:54:08.349+0000][8.241s][info ][gc,phases   ] GC(25)   Pre Evacuate Collection Set: 0.1ms
[2025-03-19T14:54:08.349+0000][8.241s][info ][gc,phases   ] GC(25)   Merge Heap Roots: 0.0ms
[2025-03-19T14:54:08.349+0000][8.241s][info ][gc,phases   ] GC(25)   Evacuate Collection Set: 3.0ms
[2025-03-19T14:54:08.349+0000][8.241s][info ][gc,phases   ] GC(25)   Post Evacuate Collection Set: 0.7ms
[2025-03-19T14:54:08.349+0000][8.241s][info ][gc,phases   ] GC(25)   Other: 0.1ms
[2025-03-19T14:54:08.349+0000][8.241s][info ][gc,heap     ] GC(25) Eden regions: 168->0(167)
[2025-03-19T14:54:08.349+0000][8.241s][info ][gc,heap     ] GC(25) Survivor regions: 2->3(22)
[2025-03-19T14:54:08.349+0000][8.241s][info ][gc,heap     ] GC(25) Old regions: 56->56
[2025-03-19T14:54:08.349+0000][8.241s][info ][gc,heap     ] GC(25) Archive regions: 2->2
[2025-03-19T14:54:08.350+0000][8.241s][info ][gc,heap     ] GC(25) Humongous regions: 0->0
[2025-03-19T14:54:08.350+0000][8.241s][info ][gc,metaspace] GC(25) Metaspace: 41825K(42176K)->41825K(42176K) NonClass: 36501K(36672K)->36501K(36672K) Class: 5324K(5504K)->5324K(5504K)
[2025-03-19T14:54:08.350+0000][8.241s][info ][gc          ] GC(25) Pause Young (Concurrent Start) (G1 Evacuation Pause) 225M->58M(284M) 4.004ms
[2025-03-19T14:54:08.350+0000][8.241s][info ][gc,cpu      ] GC(25) User=0.02s Sys=0.00s Real=0.00s
[2025-03-19T14:54:08.350+0000][8.241s][info ][gc          ] GC(26) Concurrent Mark Cycle
[2025-03-19T14:54:08.350+0000][8.241s][info ][safepoint   ] Safepoint "G1CollectForAllocation", Time since last: 1055044045 ns, Reaching safepoint: 27528 ns, Cleanup: 75268 ns, At safepoint: 4042511 ns, Total: 4145307 ns
[2025-03-19T14:54:08.350+0000][8.241s][info ][gc,marking  ] GC(26) Concurrent Clear Claimed Marks
[2025-03-19T14:54:08.350+0000][8.241s][info ][gc,marking  ] GC(26) Concurrent Clear Claimed Marks 0.035ms
[2025-03-19T14:54:08.350+0000][8.241s][info ][gc,marking  ] GC(26) Concurrent Scan Root Regions
[2025-03-19T14:54:08.353+0000][8.245s][info ][gc,marking  ] GC(26) Concurrent Scan Root Regions 3.548ms
[2025-03-19T14:54:08.353+0000][8.245s][info ][gc,marking  ] GC(26) Concurrent Mark
[2025-03-19T14:54:08.353+0000][8.245s][info ][gc,marking  ] GC(26) Concurrent Mark From Roots
[2025-03-19T14:54:08.353+0000][8.245s][info ][gc,task     ] GC(26) Using 1 workers of 1 for marking
[2025-03-19T14:54:08.446+0000][8.338s][info ][gc,marking  ] GC(26) Concurrent Mark From Roots 92.653ms
[2025-03-19T14:54:08.446+0000][8.338s][info ][gc,marking  ] GC(26) Concurrent Preclean
[2025-03-19T14:54:08.446+0000][8.338s][info ][gc,marking  ] GC(26) Concurrent Preclean 0.240ms
[2025-03-19T14:54:08.446+0000][8.338s][debug][safepoint   ] Safepoint synchronization initiated using futex wait barrier. (14 threads)
[2025-03-19T14:54:08.446+0000][8.338s][info ][gc,start    ] GC(26) Pause Remark
[2025-03-19T14:54:08.449+0000][8.341s][info ][gc          ] GC(26) Pause Remark 70M->70M(244M) 3.059ms
[2025-03-19T14:54:08.449+0000][8.341s][info ][gc,cpu      ] GC(26) User=0.01s Sys=0.00s Real=0.00s
[2025-03-19T14:54:08.449+0000][8.341s][info ][safepoint   ] Safepoint "G1PauseRemark", Time since last: 96612600 ns, Reaching safepoint: 77844 ns, Cleanup: 15488 ns, At safepoint: 3112665 ns, Total: 3205997 ns
[2025-03-19T14:54:08.449+0000][8.341s][info ][gc,marking  ] GC(26) Concurrent Mark 96.194ms
[2025-03-19T14:54:08.449+0000][8.341s][info ][gc,marking  ] GC(26) Concurrent Rebuild Remembered Sets
[2025-03-19T14:54:08.491+0000][8.383s][info ][gc,marking  ] GC(26) Concurrent Rebuild Remembered Sets 42.002ms
[2025-03-19T14:54:08.491+0000][8.383s][debug][safepoint   ] Safepoint synchronization initiated using futex wait barrier. (14 threads)
[2025-03-19T14:54:08.492+0000][8.383s][info ][gc,start    ] GC(26) Pause Cleanup
[2025-03-19T14:54:08.492+0000][8.384s][info ][gc          ] GC(26) Pause Cleanup 77M->77M(244M) 0.796ms
[2025-03-19T14:54:08.492+0000][8.384s][info ][gc,cpu      ] GC(26) User=0.01s Sys=0.00s Real=0.01s
[2025-03-19T14:54:08.492+0000][8.384s][info ][safepoint   ] Safepoint "G1PauseCleanup", Time since last: 42085938 ns, Reaching safepoint: 75328 ns, Cleanup: 13267 ns, At safepoint: 862892 ns, Total: 951487 ns
[2025-03-19T14:54:08.493+0000][8.384s][info ][gc,marking  ] GC(26) Concurrent Cleanup for Next Mark
[2025-03-19T14:54:08.495+0000][8.387s][info ][gc,marking  ] GC(26) Concurrent Cleanup for Next Mark 2.586ms
[2025-03-19T14:54:08.495+0000][8.387s][info ][gc          ] GC(26) Concurrent Mark Cycle 145.652ms
[2025-03-19T14:54:09.140+0000][9.032s][debug][safepoint   ] Safepoint synchronization initiated using futex wait barrier. (14 threads)
[2025-03-19T14:54:09.140+0000][9.032s][info ][safepoint   ] Safepoint "ICBufferFull", Time since last: 647736173 ns, Reaching safepoint: 192556 ns, Cleanup: 122182 ns, At safepoint: 3421 ns, Total: 318159 ns
[2025-03-19T14:54:09.331+0000][9.222s][debug][safepoint   ] Safepoint synchronization initiated using futex wait barrier. (14 threads)
[2025-03-19T14:54:09.331+0000][9.223s][info ][gc,start    ] GC(27) Pause Young (Prepare Mixed) (G1 Evacuation Pause)
[2025-03-19T14:54:09.331+0000][9.223s][info ][gc,task     ] GC(27) Using 4 workers of 4 for evacuation
[2025-03-19T14:54:09.337+0000][9.229s][info ][gc,phases   ] GC(27)   Pre Evacuate Collection Set: 0.1ms
[2025-03-19T14:54:09.337+0000][9.229s][info ][gc,phases   ] GC(27)   Merge Heap Roots: 0.1ms
[2025-03-19T14:54:09.337+0000][9.229s][info ][gc,phases   ] GC(27)   Evacuate Collection Set: 5.5ms
[2025-03-19T14:54:09.337+0000][9.229s][info ][gc,phases   ] GC(27)   Post Evacuate Collection Set: 1.0ms
[2025-03-19T14:54:09.337+0000][9.229s][info ][gc,phases   ] GC(27)   Other: 0.1ms
[2025-03-19T14:54:09.338+0000][9.229s][info ][gc,heap     ] GC(27) Eden regions: 143->0(6)
[2025-03-19T14:54:09.338+0000][9.229s][info ][gc,heap     ] GC(27) Survivor regions: 3->6(19)
[2025-03-19T14:54:09.338+0000][9.229s][info ][gc,heap     ] GC(27) Old regions: 56->56
[2025-03-19T14:54:09.338+0000][9.229s][info ][gc,heap     ] GC(27) Archive regions: 2->2
[2025-03-19T14:54:09.338+0000][9.229s][info ][gc,heap     ] GC(27) Humongous regions: 0->0
[2025-03-19T14:54:09.338+0000][9.229s][info ][gc,metaspace] GC(27) Metaspace: 45740K(46208K)->45740K(46208K) NonClass: 39849K(40128K)->39849K(40128K) Class: 5891K(6080K)->5891K(6080K)
[2025-03-19T14:54:09.338+0000][9.229s][info ][gc          ] GC(27) Pause Young (Prepare Mixed) (G1 Evacuation Pause) 201M->62M(244M) 6.757ms
[2025-03-19T14:54:09.338+0000][9.229s][info ][gc,cpu      ] GC(27) User=0.02s Sys=0.00s Real=0.01s
[2025-03-19T14:54:09.338+0000][9.229s][info ][safepoint   ] Safepoint "G1CollectForAllocation", Time since last: 190220219 ns, Reaching safepoint: 35886 ns, Cleanup: 56586 ns, At safepoint: 6791179 ns, Total: 6883651 ns
[2025-03-19T14:54:09.368+0000][9.260s][debug][safepoint   ] Safepoint synchronization initiated using futex wait barrier. (14 threads)
[2025-03-19T14:54:09.368+0000][9.260s][info ][gc,start    ] GC(28) Pause Young (Mixed) (G1 Evacuation Pause)
[2025-03-19T14:54:09.368+0000][9.260s][info ][gc,task     ] GC(28) Using 4 workers of 4 for evacuation
[2025-03-19T14:54:09.387+0000][9.279s][info ][gc,phases   ] GC(28)   Pre Evacuate Collection Set: 0.1ms
[2025-03-19T14:54:09.387+0000][9.279s][info ][gc,phases   ] GC(28)   Merge Heap Roots: 0.1ms
[2025-03-19T14:54:09.387+0000][9.279s][info ][gc,phases   ] GC(28)   Evacuate Collection Set: 16.8ms
[2025-03-19T14:54:09.387+0000][9.279s][info ][gc,phases   ] GC(28)   Post Evacuate Collection Set: 1.3ms
[2025-03-19T14:54:09.387+0000][9.279s][info ][gc,phases   ] GC(28)   Other: 0.1ms
[2025-03-19T14:54:09.387+0000][9.279s][info ][gc,heap     ] GC(28) Eden regions: 6->0(144)
[2025-03-19T14:54:09.387+0000][9.279s][info ][gc,heap     ] GC(28) Survivor regions: 6->1(2)
[2025-03-19T14:54:09.387+0000][9.279s][info ][gc,heap     ] GC(28) Old regions: 56->61
[2025-03-19T14:54:09.387+0000][9.279s][info ][gc,heap     ] GC(28) Archive regions: 2->2
[2025-03-19T14:54:09.387+0000][9.279s][info ][gc,heap     ] GC(28) Humongous regions: 0->0
[2025-03-19T14:54:09.387+0000][9.279s][info ][gc,metaspace] GC(28) Metaspace: 45886K(46272K)->45886K(46272K) NonClass: 39971K(40192K)->39971K(40192K) Class: 5914K(6080K)->5914K(6080K)
[2025-03-19T14:54:09.387+0000][9.279s][info ][gc          ] GC(28) Pause Young (Mixed) (G1 Evacuation Pause) 68M->61M(244M) 18.496ms
[2025-03-19T14:54:09.387+0000][9.279s][info ][gc,cpu      ] GC(28) User=0.06s Sys=0.00s Real=0.02s
[2025-03-19T14:54:09.387+0000][9.279s][info ][safepoint   ] Safepoint "G1CollectForAllocation", Time since last: 30731406 ns, Reaching safepoint: 36816 ns, Cleanup: 12849 ns, At safepoint: 18586329 ns, Total: 18635994 ns
[2025-03-19T14:54:10.030+0000][9.921s][debug][safepoint   ] Safepoint synchronization initiated using futex wait barrier. (14 threads)
[2025-03-19T14:54:10.030+0000][9.922s][info ][safepoint   ] Safepoint "ICBufferFull", Time since last: 642622547 ns, Reaching safepoint: 109928 ns, Cleanup: 97150 ns, At safepoint: 2968 ns, Total: 210046 ns
[2025-03-19T14:54:11.246+0000][11.138s][debug][safepoint   ] Safepoint synchronization initiated using futex wait barrier. (16 threads)
[2025-03-19T14:54:11.246+0000][11.138s][info ][safepoint   ] Safepoint "Cleanup", Time since last: 1216054265 ns, Reaching safepoint: 60388 ns, Cleanup: 59821 ns, At safepoint: 4726 ns, Total: 124935 ns
[2025-03-19T14:54:11.382+0000][11.274s][debug][safepoint   ] Safepoint synchronization initiated using futex wait barrier. (16 threads)
[2025-03-19T14:54:11.383+0000][11.274s][info ][gc,start    ] GC(29) Pause Young (Normal) (G1 Evacuation Pause)
[2025-03-19T14:54:11.383+0000][11.274s][info ][gc,task     ] GC(29) Using 4 workers of 4 for evacuation
[2025-03-19T14:54:11.388+0000][11.279s][info ][gc,phases   ] GC(29)   Pre Evacuate Collection Set: 0.1ms
[2025-03-19T14:54:11.388+0000][11.279s][info ][gc,phases   ] GC(29)   Merge Heap Roots: 0.1ms
[2025-03-19T14:54:11.388+0000][11.279s][info ][gc,phases   ] GC(29)   Evacuate Collection Set: 4.0ms
[2025-03-19T14:54:11.388+0000][11.279s][info ][gc,phases   ] GC(29)   Post Evacuate Collection Set: 0.7ms
[2025-03-19T14:54:11.388+0000][11.279s][info ][gc,phases   ] GC(29)   Other: 0.1ms
[2025-03-19T14:54:11.388+0000][11.279s][info ][gc,heap     ] GC(29) Eden regions: 144->0(143)
[2025-03-19T14:54:11.388+0000][11.279s][info ][gc,heap     ] GC(29) Survivor regions: 1->3(19)
[2025-03-19T14:54:11.388+0000][11.279s][info ][gc,heap     ] GC(29) Old regions: 61->61
[2025-03-19T14:54:11.388+0000][11.279s][info ][gc,heap     ] GC(29) Archive regions: 2->2
[2025-03-19T14:54:11.388+0000][11.279s][info ][gc,heap     ] GC(29) Humongous regions: 0->0
[2025-03-19T14:54:11.388+0000][11.279s][info ][gc,metaspace] GC(29) Metaspace: 53765K(54208K)->53765K(54208K) NonClass: 46944K(47168K)->46944K(47168K) Class: 6820K(7040K)->6820K(7040K)
[2025-03-19T14:54:11.388+0000][11.279s][info ][gc          ] GC(29) Pause Young (Normal) (G1 Evacuation Pause) 205M->63M(244M) 5.068ms
[2025-03-19T14:54:11.388+0000][11.279s][info ][gc,cpu      ] GC(29) User=0.02s Sys=0.00s Real=0.00s
[2025-03-19T14:54:11.388+0000][11.279s][info ][safepoint   ] Safepoint "G1CollectForAllocation", Time since last: 136545877 ns, Reaching safepoint: 41172 ns, Cleanup: 67575 ns, At safepoint: 5108927 ns, Total: 5217674 ns
[2025-03-19T14:54:11.609+0000][11.500s][debug][safepoint   ] Safepoint synchronization initiated using futex wait barrier. (16 threads)
[2025-03-19T14:54:11.609+0000][11.501s][info ][safepoint   ] Safepoint "ICBufferFull", Time since last: 220968082 ns, Reaching safepoint: 39517 ns, Cleanup: 105535 ns, At safepoint: 2893 ns, Total: 147945 ns
[2025-03-19T14:54:12.265+0000][12.157s][debug][safepoint   ] Safepoint synchronization initiated using futex wait barrier. (16 threads)
[2025-03-19T14:54:12.265+0000][12.157s][info ][gc,start    ] GC(30) Pause Young (Normal) (G1 Evacuation Pause)
[2025-03-19T14:54:12.265+0000][12.157s][info ][gc,task     ] GC(30) Using 4 workers of 4 for evacuation
[2025-03-19T14:54:12.275+0000][12.167s][info ][gc,phases   ] GC(30)   Pre Evacuate Collection Set: 0.1ms
[2025-03-19T14:54:12.275+0000][12.167s][info ][gc,phases   ] GC(30)   Merge Heap Roots: 0.1ms
[2025-03-19T14:54:12.275+0000][12.167s][info ][gc,phases   ] GC(30)   Evacuate Collection Set: 6.9ms
[2025-03-19T14:54:12.275+0000][12.167s][info ][gc,phases   ] GC(30)   Post Evacuate Collection Set: 2.6ms
[2025-03-19T14:54:12.275+0000][12.167s][info ][gc,phases   ] GC(30)   Other: 0.1ms
[2025-03-19T14:54:12.275+0000][12.167s][info ][gc,heap     ] GC(30) Eden regions: 143->0(141)
[2025-03-19T14:54:12.275+0000][12.167s][info ][gc,heap     ] GC(30) Survivor regions: 3->5(19)
[2025-03-19T14:54:12.275+0000][12.167s][info ][gc,heap     ] GC(30) Old regions: 61->61
[2025-03-19T14:54:12.275+0000][12.167s][info ][gc,heap     ] GC(30) Archive regions: 2->2
[2025-03-19T14:54:12.275+0000][12.167s][info ][gc,heap     ] GC(30) Humongous regions: 0->0
[2025-03-19T14:54:12.275+0000][12.167s][info ][gc,metaspace] GC(30) Metaspace: 57150K(57600K)->57150K(57600K) NonClass: 49866K(50112K)->49866K(50112K) Class: 7283K(7488K)->7283K(7488K)
[2025-03-19T14:54:12.275+0000][12.167s][info ][gc          ] GC(30) Pause Young (Normal) (G1 Evacuation Pause) 206M->65M(244M) 9.805ms
[2025-03-19T14:54:12.275+0000][12.167s][info ][gc,cpu      ] GC(30) User=0.03s Sys=0.00s Real=0.01s
[2025-03-19T14:54:12.275+0000][12.167s][info ][safepoint   ] Safepoint "G1CollectForAllocation", Time since last: 656531537 ns, Reaching safepoint: 40754 ns, Cleanup: 58210 ns, At safepoint: 9854509 ns, Total: 9953473 ns
[2025-03-19T14:54:13.018+0000][12.909s][debug][safepoint   ] Safepoint synchronization initiated using futex wait barrier. (20 threads)
[2025-03-19T14:54:13.018+0000][12.910s][info ][gc,start    ] GC(31) Pause Young (Normal) (G1 Evacuation Pause)
[2025-03-19T14:54:13.018+0000][12.910s][info ][gc,task     ] GC(31) Using 4 workers of 4 for evacuation
[2025-03-19T14:54:13.026+0000][12.918s][info ][gc,phases   ] GC(31)   Pre Evacuate Collection Set: 0.1ms
[2025-03-19T14:54:13.026+0000][12.918s][info ][gc,phases   ] GC(31)   Merge Heap Roots: 0.1ms
[2025-03-19T14:54:13.026+0000][12.918s][info ][gc,phases   ] GC(31)   Evacuate Collection Set: 6.6ms
[2025-03-19T14:54:13.026+0000][12.918s][info ][gc,phases   ] GC(31)   Post Evacuate Collection Set: 1.6ms
[2025-03-19T14:54:13.026+0000][12.918s][info ][gc,phases   ] GC(31)   Other: 0.1ms
[2025-03-19T14:54:13.026+0000][12.918s][info ][gc,heap     ] GC(31) Eden regions: 141->0(139)
[2025-03-19T14:54:13.026+0000][12.918s][info ][gc,heap     ] GC(31) Survivor regions: 5->7(19)
[2025-03-19T14:54:13.026+0000][12.918s][info ][gc,heap     ] GC(31) Old regions: 61->61
[2025-03-19T14:54:13.026+0000][12.918s][info ][gc,heap     ] GC(31) Archive regions: 2->2
[2025-03-19T14:54:13.026+0000][12.918s][info ][gc,heap     ] GC(31) Humongous regions: 0->0
[2025-03-19T14:54:13.026+0000][12.918s][info ][gc,metaspace] GC(31) Metaspace: 62651K(63104K)->62651K(63104K) NonClass: 54682K(54912K)->54682K(54912K) Class: 7969K(8192K)->7969K(8192K)
[2025-03-19T14:54:13.026+0000][12.918s][info ][gc          ] GC(31) Pause Young (Normal) (G1 Evacuation Pause) 206M->67M(244M) 8.589ms
[2025-03-19T14:54:13.026+0000][12.918s][info ][gc,cpu      ] GC(31) User=0.02s Sys=0.00s Real=0.01s
[2025-03-19T14:54:13.027+0000][12.919s][info ][safepoint   ] Safepoint "G1CollectForAllocation", Time since last: 742350704 ns, Reaching safepoint: 37486 ns, Cleanup: 106086 ns, At safepoint: 9116967 ns, Total: 9260539 ns
[2025-03-19T14:54:13.509+0000][13.401s][debug][safepoint   ] Safepoint synchronization initiated using futex wait barrier. (20 threads)
[2025-03-19T14:54:13.510+0000][13.402s][info ][gc,start    ] GC(32) Pause Young (Normal) (G1 Evacuation Pause)
[2025-03-19T14:54:13.510+0000][13.402s][info ][gc,task     ] GC(32) Using 4 workers of 4 for evacuation
[2025-03-19T14:54:13.517+0000][13.408s][info ][gc,phases   ] GC(32)   Pre Evacuate Collection Set: 0.1ms
[2025-03-19T14:54:13.517+0000][13.408s][info ][gc,phases   ] GC(32)   Merge Heap Roots: 0.1ms
[2025-03-19T14:54:13.517+0000][13.408s][info ][gc,phases   ] GC(32)   Evacuate Collection Set: 5.7ms
[2025-03-19T14:54:13.517+0000][13.408s][info ][gc,phases   ] GC(32)   Post Evacuate Collection Set: 0.9ms
[2025-03-19T14:54:13.517+0000][13.408s][info ][gc,phases   ] GC(32)   Other: 0.1ms
[2025-03-19T14:54:13.517+0000][13.408s][info ][gc,heap     ] GC(32) Eden regions: 139->0(139)
[2025-03-19T14:54:13.517+0000][13.408s][info ][gc,heap     ] GC(32) Survivor regions: 7->7(19)
[2025-03-19T14:54:13.517+0000][13.408s][info ][gc,heap     ] GC(32) Old regions: 61->61
[2025-03-19T14:54:13.517+0000][13.408s][info ][gc,heap     ] GC(32) Archive regions: 2->2
[2025-03-19T14:54:13.517+0000][13.408s][info ][gc,heap     ] GC(32) Humongous regions: 0->0
[2025-03-19T14:54:13.517+0000][13.408s][info ][gc,metaspace] GC(32) Metaspace: 64977K(65408K)->64977K(65408K) NonClass: 56619K(56832K)->56619K(56832K) Class: 8358K(8576K)->8358K(8576K)
[2025-03-19T14:54:13.517+0000][13.409s][info ][gc          ] GC(32) Pause Young (Normal) (G1 Evacuation Pause) 206M->68M(244M) 6.852ms
[2025-03-19T14:54:13.517+0000][13.409s][info ][gc,cpu      ] GC(32) User=0.02s Sys=0.00s Real=0.01s
[2025-03-19T14:54:13.517+0000][13.409s][info ][safepoint   ] Safepoint "G1CollectForAllocation", Time since last: 482248381 ns, Reaching safepoint: 34772 ns, Cleanup: 664498 ns, At safepoint: 6887829 ns, Total: 7587099 ns
[2025-03-19T14:54:13.859+0000][13.751s][debug][safepoint   ] Safepoint synchronization initiated using futex wait barrier. (20 threads)
[2025-03-19T14:54:13.859+0000][13.751s][info ][safepoint   ] Safepoint "ICBufferFull", Time since last: 342281586 ns, Reaching safepoint: 29556 ns, Cleanup: 70972 ns, At safepoint: 1907 ns, Total: 102435 ns
[2025-03-19T14:54:14.070+0000][13.962s][debug][safepoint   ] Safepoint synchronization initiated using futex wait barrier. (20 threads)
[2025-03-19T14:54:14.070+0000][13.962s][info ][gc,start    ] GC(33) Pause Young (Normal) (G1 Evacuation Pause)
[2025-03-19T14:54:14.070+0000][13.962s][info ][gc,task     ] GC(33) Using 4 workers of 4 for evacuation
[2025-03-19T14:54:14.081+0000][13.973s][info ][gc,phases   ] GC(33)   Pre Evacuate Collection Set: 0.1ms
[2025-03-19T14:54:14.081+0000][13.973s][info ][gc,phases   ] GC(33)   Merge Heap Roots: 0.1ms
[2025-03-19T14:54:14.081+0000][13.973s][info ][gc,phases   ] GC(33)   Evacuate Collection Set: 9.6ms
[2025-03-19T14:54:14.081+0000][13.973s][info ][gc,phases   ] GC(33)   Post Evacuate Collection Set: 1.2ms
[2025-03-19T14:54:14.081+0000][13.973s][info ][gc,phases   ] GC(33)   Other: 0.1ms
[2025-03-19T14:54:14.081+0000][13.973s][info ][gc,heap     ] GC(33) Eden regions: 139->0(136)
[2025-03-19T14:54:14.081+0000][13.973s][info ][gc,heap     ] GC(33) Survivor regions: 7->10(19)
[2025-03-19T14:54:14.081+0000][13.973s][info ][gc,heap     ] GC(33) Old regions: 61->61
[2025-03-19T14:54:14.081+0000][13.973s][info ][gc,heap     ] GC(33) Archive regions: 2->2
[2025-03-19T14:54:14.081+0000][13.973s][info ][gc,heap     ] GC(33) Humongous regions: 0->0
[2025-03-19T14:54:14.081+0000][13.973s][info ][gc,metaspace] GC(33) Metaspace: 68381K(68928K)->68381K(68928K) NonClass: 59619K(59904K)->59619K(59904K) Class: 8761K(9024K)->8761K(9024K)
[2025-03-19T14:54:14.082+0000][13.973s][info ][gc          ] GC(33) Pause Young (Normal) (G1 Evacuation Pause) 207M->70M(244M) 11.028ms
[2025-03-19T14:54:14.082+0000][13.973s][info ][gc,cpu      ] GC(33) User=0.02s Sys=0.01s Real=0.01s
[2025-03-19T14:54:14.082+0000][13.973s][info ][safepoint   ] Safepoint "G1CollectForAllocation", Time since last: 211225122 ns, Reaching safepoint: 42406 ns, Cleanup: 60673 ns, At safepoint: 11069135 ns, Total: 11172214 ns
[2025-03-19T14:54:14.158+0000][14.050s][debug][safepoint   ] ... found polling page loop exception at pc = 0x00007edca14c9cec, stub =0x00007edca098f400
[2025-03-19T14:54:14.230+0000][14.122s][debug][safepoint   ] Safepoint synchronization initiated using futex wait barrier. (20 threads)
[2025-03-19T14:54:14.230+0000][14.122s][info ][safepoint   ] Safepoint "ICBufferFull", Time since last: 148377745 ns, Reaching safepoint: 38105 ns, Cleanup: 129407 ns, At safepoint: 2647 ns, Total: 170159 ns
[2025-03-19T14:54:14.299+0000][14.191s][debug][safepoint   ] Safepoint synchronization initiated using futex wait barrier. (20 threads)
[2025-03-19T14:54:14.299+0000][14.191s][info ][gc,start    ] GC(34) Pause Young (Concurrent Start) (Metadata GC Threshold)
[2025-03-19T14:54:14.299+0000][14.191s][info ][gc,task     ] GC(34) Using 4 workers of 4 for evacuation
[2025-03-19T14:54:14.308+0000][14.199s][info ][gc,phases   ] GC(34)   Pre Evacuate Collection Set: 0.1ms
[2025-03-19T14:54:14.308+0000][14.199s][info ][gc,phases   ] GC(34)   Merge Heap Roots: 0.0ms
[2025-03-19T14:54:14.308+0000][14.199s][info ][gc,phases   ] GC(34)   Evacuate Collection Set: 7.4ms
[2025-03-19T14:54:14.308+0000][14.199s][info ][gc,phases   ] GC(34)   Post Evacuate Collection Set: 0.9ms
[2025-03-19T14:54:14.308+0000][14.199s][info ][gc,phases   ] GC(34)   Other: 0.1ms
[2025-03-19T14:54:14.308+0000][14.199s][info ][gc,heap     ] GC(34) Eden regions: 48->0(132)
[2025-03-19T14:54:14.308+0000][14.199s][info ][gc,heap     ] GC(34) Survivor regions: 10->10(19)
[2025-03-19T14:54:14.308+0000][14.199s][info ][gc,heap     ] GC(34) Old regions: 61->63
[2025-03-19T14:54:14.308+0000][14.199s][info ][gc,heap     ] GC(34) Archive regions: 2->2
[2025-03-19T14:54:14.308+0000][14.199s][info ][gc,heap     ] GC(34) Humongous regions: 0->0
[2025-03-19T14:54:14.308+0000][14.199s][info ][gc,metaspace] GC(34) Metaspace: 70245K(70656K)->70245K(70656K) NonClass: 61247K(61440K)->61247K(61440K) Class: 8997K(9216K)->8997K(9216K)
[2025-03-19T14:54:14.308+0000][14.199s][info ][gc          ] GC(34) Pause Young (Concurrent Start) (Metadata GC Threshold) 118M->72M(244M) 8.541ms
[2025-03-19T14:54:14.308+0000][14.199s][info ][gc,cpu      ] GC(34) User=0.03s Sys=0.00s Real=0.01s
[2025-03-19T14:54:14.308+0000][14.199s][info ][gc          ] GC(35) Concurrent Mark Cycle
[2025-03-19T14:54:14.308+0000][14.199s][info ][gc,marking  ] GC(35) Concurrent Clear Claimed Marks
[2025-03-19T14:54:14.308+0000][14.199s][info ][safepoint   ] Safepoint "CollectForMetadataAllocation", Time since last: 68906724 ns, Reaching safepoint: 25750 ns, Cleanup: 19443 ns, At safepoint: 8602772 ns, Total: 8647965 ns
[2025-03-19T14:54:14.308+0000][14.199s][info ][gc,marking  ] GC(35) Concurrent Clear Claimed Marks 0.044ms
[2025-03-19T14:54:14.308+0000][14.199s][info ][gc,marking  ] GC(35) Concurrent Scan Root Regions
[2025-03-19T14:54:14.315+0000][14.207s][info ][gc,marking  ] GC(35) Concurrent Scan Root Regions 7.552ms
[2025-03-19T14:54:14.315+0000][14.207s][info ][gc,marking  ] GC(35) Concurrent Mark
[2025-03-19T14:54:14.315+0000][14.207s][info ][gc,marking  ] GC(35) Concurrent Mark From Roots
[2025-03-19T14:54:14.315+0000][14.207s][info ][gc,task     ] GC(35) Using 1 workers of 1 for marking
[2025-03-19T14:54:14.334+0000][14.226s][debug][safepoint   ] Safepoint synchronization initiated using futex wait barrier. (20 threads)
[2025-03-19T14:54:14.335+0000][14.226s][info ][safepoint   ] Safepoint "CollectForMetadataAllocation", Time since last: 26805424 ns, Reaching safepoint: 34880 ns, Cleanup: 6501 ns, At safepoint: 23819 ns, Total: 65200 ns
[2025-03-19T14:54:14.365+0000][14.257s][debug][safepoint   ] Safepoint synchronization initiated using futex wait barrier. (20 threads)
[2025-03-19T14:54:14.365+0000][14.257s][info ][safepoint   ] Safepoint "CollectForMetadataAllocation", Time since last: 30538416 ns, Reaching safepoint: 38526 ns, Cleanup: 2937 ns, At safepoint: 21116 ns, Total: 62579 ns
[2025-03-19T14:54:14.374+0000][14.266s][info ][gc,marking  ] GC(35) Concurrent Mark From Roots 58.620ms
[2025-03-19T14:54:14.374+0000][14.266s][info ][gc,marking  ] GC(35) Concurrent Preclean
[2025-03-19T14:54:14.374+0000][14.266s][info ][gc,marking  ] GC(35) Concurrent Preclean 0.214ms
[2025-03-19T14:54:14.374+0000][14.266s][debug][safepoint   ] Safepoint synchronization initiated using futex wait barrier. (20 threads)
[2025-03-19T14:54:14.374+0000][14.266s][info ][gc,start    ] GC(35) Pause Remark
[2025-03-19T14:54:14.378+0000][14.270s][info ][gc          ] GC(35) Pause Remark 97M->97M(244M) 3.929ms
[2025-03-19T14:54:14.378+0000][14.270s][info ][gc,cpu      ] GC(35) User=0.01s Sys=0.00s Real=0.00s
[2025-03-19T14:54:14.378+0000][14.270s][info ][safepoint   ] Safepoint "G1PauseRemark", Time since last: 9055958 ns, Reaching safepoint: 87797 ns, Cleanup: 9364 ns, At safepoint: 3992051 ns, Total: 4089212 ns
[2025-03-19T14:54:14.378+0000][14.270s][info ][gc,marking  ] GC(35) Concurrent Mark 63.099ms
[2025-03-19T14:54:14.378+0000][14.270s][info ][gc,marking  ] GC(35) Concurrent Rebuild Remembered Sets
[2025-03-19T14:54:14.424+0000][14.316s][info ][gc,marking  ] GC(35) Concurrent Rebuild Remembered Sets 45.853ms
[2025-03-19T14:54:14.424+0000][14.316s][debug][safepoint   ] Safepoint synchronization initiated using futex wait barrier. (20 threads)
[2025-03-19T14:54:14.424+0000][14.316s][info ][gc,start    ] GC(35) Pause Cleanup
[2025-03-19T14:54:14.424+0000][14.316s][info ][gc          ] GC(35) Pause Cleanup 111M->111M(244M) 0.075ms
[2025-03-19T14:54:14.424+0000][14.316s][info ][gc,cpu      ] GC(35) User=0.00s Sys=0.00s Real=0.00s
[2025-03-19T14:54:14.424+0000][14.316s][info ][safepoint   ] Safepoint "G1PauseCleanup", Time since last: 46051742 ns, Reaching safepoint: 20563 ns, Cleanup: 8571 ns, At safepoint: 93512 ns, Total: 122646 ns
[2025-03-19T14:54:14.424+0000][14.316s][info ][gc,marking  ] GC(35) Concurrent Cleanup for Next Mark
[2025-03-19T14:54:14.425+0000][14.317s][info ][gc,marking  ] GC(35) Concurrent Cleanup for Next Mark 0.385ms
[2025-03-19T14:54:14.425+0000][14.317s][info ][gc          ] GC(35) Concurrent Mark Cycle 117.235ms
[2025-03-19T14:54:14.532+0000][14.423s][debug][safepoint   ] Safepoint synchronization initiated using futex wait barrier. (20 threads)
[2025-03-19T14:54:14.532+0000][14.424s][info ][safepoint   ] Safepoint "ICBufferFull", Time since last: 107146571 ns, Reaching safepoint: 104968 ns, Cleanup: 100660 ns, At safepoint: 3325 ns, Total: 208953 ns
[2025-03-19T14:54:14.910+0000][14.802s][debug][safepoint   ] Safepoint synchronization initiated using futex wait barrier. (20 threads)
[2025-03-19T14:54:14.911+0000][14.802s][info ][gc,start    ] GC(36) Pause Young (Prepare Mixed) (G1 Evacuation Pause)
[2025-03-19T14:54:14.911+0000][14.802s][info ][gc,task     ] GC(36) Using 4 workers of 4 for evacuation
[2025-03-19T14:54:14.919+0000][14.811s][info ][gc,phases   ] GC(36)   Pre Evacuate Collection Set: 0.1ms
[2025-03-19T14:54:14.919+0000][14.811s][info ][gc,phases   ] GC(36)   Merge Heap Roots: 0.1ms
[2025-03-19T14:54:14.919+0000][14.811s][info ][gc,phases   ] GC(36)   Evacuate Collection Set: 7.1ms
[2025-03-19T14:54:14.919+0000][14.811s][info ][gc,phases   ] GC(36)   Post Evacuate Collection Set: 0.9ms
[2025-03-19T14:54:14.919+0000][14.811s][info ][gc,phases   ] GC(36)   Other: 0.1ms
[2025-03-19T14:54:14.919+0000][14.811s][info ][gc,heap     ] GC(36) Eden regions: 132->0(1)
[2025-03-19T14:54:14.919+0000][14.811s][info ][gc,heap     ] GC(36) Survivor regions: 10->11(18)
[2025-03-19T14:54:14.919+0000][14.811s][info ][gc,heap     ] GC(36) Old regions: 63->63
[2025-03-19T14:54:14.919+0000][14.811s][info ][gc,heap     ] GC(36) Archive regions: 2->2
[2025-03-19T14:54:14.919+0000][14.811s][info ][gc,heap     ] GC(36) Humongous regions: 0->0
[2025-03-19T14:54:14.919+0000][14.811s][info ][gc,metaspace] GC(36) Metaspace: 74695K(75200K)->74695K(75200K) NonClass: 65001K(65280K)->65001K(65280K) Class: 9693K(9920K)->9693K(9920K)
[2025-03-19T14:54:14.919+0000][14.811s][info ][gc          ] GC(36) Pause Young (Prepare Mixed) (G1 Evacuation Pause) 204M->73M(244M) 8.308ms
[2025-03-19T14:54:14.919+0000][14.811s][info ][gc,cpu      ] GC(36) User=0.02s Sys=0.00s Real=0.01s
[2025-03-19T14:54:14.919+0000][14.811s][info ][safepoint   ] Safepoint "G1CollectForAllocation", Time since last: 378641032 ns, Reaching safepoint: 28240 ns, Cleanup: 63160 ns, At safepoint: 8345876 ns, Total: 8437276 ns
[2025-03-19T14:54:14.922+0000][14.814s][debug][safepoint   ] Safepoint synchronization initiated using futex wait barrier. (20 threads)
[2025-03-19T14:54:14.922+0000][14.814s][info ][gc,start    ] GC(37) Pause Young (Mixed) (G1 Evacuation Pause)
[2025-03-19T14:54:14.922+0000][14.814s][info ][gc,task     ] GC(37) Using 4 workers of 4 for evacuation
[2025-03-19T14:54:14.931+0000][14.823s][info ][gc,phases   ] GC(37)   Pre Evacuate Collection Set: 0.0ms
[2025-03-19T14:54:14.931+0000][14.823s][info ][gc,phases   ] GC(37)   Merge Heap Roots: 0.0ms
[2025-03-19T14:54:14.931+0000][14.823s][info ][gc,phases   ] GC(37)   Evacuate Collection Set: 8.1ms
[2025-03-19T14:54:14.931+0000][14.823s][info ][gc,phases   ] GC(37)   Post Evacuate Collection Set: 0.7ms
[2025-03-19T14:54:14.931+0000][14.823s][info ][gc,phases   ] GC(37)   Other: 0.0ms
[2025-03-19T14:54:14.931+0000][14.823s][info ][gc,heap     ] GC(37) Eden regions: 1->0(134)
[2025-03-19T14:54:14.931+0000][14.823s][info ][gc,heap     ] GC(37) Survivor regions: 11->2(2)
[2025-03-19T14:54:14.931+0000][14.823s][info ][gc,heap     ] GC(37) Old regions: 63->71
[2025-03-19T14:54:14.931+0000][14.823s][info ][gc,heap     ] GC(37) Archive regions: 2->2
[2025-03-19T14:54:14.931+0000][14.823s][info ][gc,heap     ] GC(37) Humongous regions: 0->0
[2025-03-19T14:54:14.931+0000][14.823s][info ][gc,metaspace] GC(37) Metaspace: 74760K(75264K)->74760K(75264K) NonClass: 65064K(65344K)->65064K(65344K) Class: 9696K(9920K)->9696K(9920K)
[2025-03-19T14:54:14.931+0000][14.823s][info ][gc          ] GC(37) Pause Young (Mixed) (G1 Evacuation Pause) 74M->73M(244M) 9.047ms
[2025-03-19T14:54:14.931+0000][14.823s][info ][gc,cpu      ] GC(37) User=0.03s Sys=0.00s Real=0.01s
[2025-03-19T14:54:14.931+0000][14.823s][info ][safepoint   ] Safepoint "G1CollectForAllocation", Time since last: 3162259 ns, Reaching safepoint: 15517 ns, Cleanup: 2403 ns, At safepoint: 9076751 ns, Total: 9094671 ns
[2025-03-19T14:54:15.257+0000][15.149s][debug][safepoint   ] Safepoint synchronization initiated using futex wait barrier. (19 threads)
[2025-03-19T14:54:15.257+0000][15.149s][info ][gc,start    ] GC(38) Pause Young (Concurrent Start) (G1 Evacuation Pause)
[2025-03-19T14:54:15.257+0000][15.149s][info ][gc,task     ] GC(38) Using 4 workers of 4 for evacuation
[2025-03-19T14:54:15.261+0000][15.153s][info ][gc,phases   ] GC(38)   Pre Evacuate Collection Set: 0.1ms
[2025-03-19T14:54:15.261+0000][15.153s][info ][gc,phases   ] GC(38)   Merge Heap Roots: 0.1ms
[2025-03-19T14:54:15.261+0000][15.153s][info ][gc,phases   ] GC(38)   Evacuate Collection Set: 2.9ms
[2025-03-19T14:54:15.261+0000][15.153s][info ][gc,phases   ] GC(38)   Post Evacuate Collection Set: 0.6ms
[2025-03-19T14:54:15.261+0000][15.153s][info ][gc,phases   ] GC(38)   Other: 0.1ms
[2025-03-19T14:54:15.261+0000][15.153s][info ][gc,heap     ] GC(38) Eden regions: 134->0(135)
[2025-03-19T14:54:15.261+0000][15.153s][info ][gc,heap     ] GC(38) Survivor regions: 2->2(17)
[2025-03-19T14:54:15.261+0000][15.153s][info ][gc,heap     ] GC(38) Old regions: 71->71
[2025-03-19T14:54:15.261+0000][15.153s][info ][gc,heap     ] GC(38) Archive regions: 2->2
[2025-03-19T14:54:15.261+0000][15.153s][info ][gc,heap     ] GC(38) Humongous regions: 0->0
[2025-03-19T14:54:15.261+0000][15.153s][info ][gc,metaspace] GC(38) Metaspace: 77731K(78208K)->77731K(78208K) NonClass: 67532K(67776K)->67532K(67776K) Class: 10198K(10432K)->10198K(10432K)
[2025-03-19T14:54:15.261+0000][15.153s][info ][gc          ] GC(38) Pause Young (Concurrent Start) (G1 Evacuation Pause) 207M->73M(244M) 3.743ms
[2025-03-19T14:54:15.261+0000][15.153s][info ][gc,cpu      ] GC(38) User=0.00s Sys=0.00s Real=0.00s
[2025-03-19T14:54:15.261+0000][15.153s][info ][gc          ] GC(39) Concurrent Mark Cycle
[2025-03-19T14:54:15.261+0000][15.153s][info ][safepoint   ] Safepoint "G1CollectForAllocation", Time since last: 325970099 ns, Reaching safepoint: 28603 ns, Cleanup: 44510 ns, At safepoint: 3781201 ns, Total: 3854314 ns
[2025-03-19T14:54:15.261+0000][15.153s][info ][gc,marking  ] GC(39) Concurrent Clear Claimed Marks
[2025-03-19T14:54:15.261+0000][15.153s][info ][gc,marking  ] GC(39) Concurrent Clear Claimed Marks 0.045ms
[2025-03-19T14:54:15.261+0000][15.153s][info ][gc,marking  ] GC(39) Concurrent Scan Root Regions
[2025-03-19T14:54:15.264+0000][15.156s][info ][gc,marking  ] GC(39) Concurrent Scan Root Regions 2.904ms
[2025-03-19T14:54:15.264+0000][15.156s][info ][gc,marking  ] GC(39) Concurrent Mark
[2025-03-19T14:54:15.264+0000][15.156s][info ][gc,marking  ] GC(39) Concurrent Mark From Roots
[2025-03-19T14:54:15.264+0000][15.156s][info ][gc,task     ] GC(39) Using 1 workers of 1 for marking
[2025-03-19T14:54:15.352+0000][15.243s][info ][gc,marking  ] GC(39) Concurrent Mark From Roots 87.624ms
[2025-03-19T14:54:15.352+0000][15.243s][info ][gc,marking  ] GC(39) Concurrent Preclean
[2025-03-19T14:54:15.352+0000][15.244s][info ][gc,marking  ] GC(39) Concurrent Preclean 0.150ms
[2025-03-19T14:54:15.352+0000][15.244s][debug][safepoint   ] Safepoint synchronization initiated using futex wait barrier. (19 threads)
[2025-03-19T14:54:15.352+0000][15.244s][info ][gc,start    ] GC(39) Pause Remark
[2025-03-19T14:54:15.355+0000][15.247s][info ][gc          ] GC(39) Pause Remark 92M->92M(244M) 3.572ms
[2025-03-19T14:54:15.355+0000][15.247s][info ][gc,cpu      ] GC(39) User=0.02s Sys=0.00s Real=0.01s
[2025-03-19T14:54:15.355+0000][15.247s][info ][safepoint   ] Safepoint "G1PauseRemark", Time since last: 90835629 ns, Reaching safepoint: 15669 ns, Cleanup: 28075 ns, At safepoint: 3628556 ns, Total: 3672300 ns
[2025-03-19T14:54:15.355+0000][15.247s][info ][gc,marking  ] GC(39) Concurrent Mark 91.530ms
[2025-03-19T14:54:15.355+0000][15.247s][info ][gc,marking  ] GC(39) Concurrent Rebuild Remembered Sets
[2025-03-19T14:54:15.402+0000][15.294s][info ][gc,marking  ] GC(39) Concurrent Rebuild Remembered Sets 46.420ms
[2025-03-19T14:54:15.402+0000][15.294s][debug][safepoint   ] Safepoint synchronization initiated using futex wait barrier. (19 threads)
[2025-03-19T14:54:15.402+0000][15.294s][debug][safepoint   ] ... found polling page loop exception at pc = 0x00007edca121cfc9, stub =0x00007edca098eb80
[2025-03-19T14:54:15.402+0000][15.294s][info ][gc,start    ] GC(39) Pause Cleanup
[2025-03-19T14:54:15.402+0000][15.294s][info ][gc          ] GC(39) Pause Cleanup 105M->105M(244M) 0.091ms
[2025-03-19T14:54:15.402+0000][15.294s][info ][gc,cpu      ] GC(39) User=0.00s Sys=0.00s Real=0.00s
[2025-03-19T14:54:15.402+0000][15.294s][info ][safepoint   ] Safepoint "G1PauseCleanup", Time since last: 46508544 ns, Reaching safepoint: 84983 ns, Cleanup: 8497 ns, At safepoint: 125501 ns, Total: 218981 ns
[2025-03-19T14:54:15.402+0000][15.294s][info ][gc,marking  ] GC(39) Concurrent Cleanup for Next Mark
[2025-03-19T14:54:15.402+0000][15.294s][info ][gc,marking  ] GC(39) Concurrent Cleanup for Next Mark 0.242ms
[2025-03-19T14:54:15.402+0000][15.294s][info ][gc          ] GC(39) Concurrent Mark Cycle 141.512ms
[2025-03-19T14:54:15.498+0000][15.390s][debug][safepoint   ] Safepoint synchronization initiated using futex wait barrier. (20 threads)
[2025-03-19T14:54:15.498+0000][15.390s][info ][safepoint   ] Safepoint "ICBufferFull", Time since last: 95678597 ns, Reaching safepoint: 41127 ns, Cleanup: 76772 ns, At safepoint: 3003 ns, Total: 120902 ns
[2025-03-19T14:54:15.549+0000][15.441s][debug][safepoint   ] Safepoint synchronization initiated using futex wait barrier. (20 threads)
[2025-03-19T14:54:15.549+0000][15.441s][info ][safepoint   ] Safepoint "ICBufferFull", Time since last: 51075153 ns, Reaching safepoint: 37330 ns, Cleanup: 80260 ns, At safepoint: 3164 ns, Total: 120754 ns
[2025-03-19T14:54:15.602+0000][15.494s][debug][safepoint   ] Safepoint synchronization initiated using futex wait barrier. (20 threads)
[2025-03-19T14:54:15.602+0000][15.494s][info ][safepoint   ] Safepoint "ICBufferFull", Time since last: 53126404 ns, Reaching safepoint: 38179 ns, Cleanup: 84223 ns, At safepoint: 2710 ns, Total: 125112 ns
[2025-03-19T14:54:15.687+0000][15.579s][debug][safepoint   ] Safepoint synchronization initiated using futex wait barrier. (20 threads)
[2025-03-19T14:54:15.688+0000][15.579s][info ][safepoint   ] Safepoint "ICBufferFull", Time since last: 84980728 ns, Reaching safepoint: 104812 ns, Cleanup: 102349 ns, At safepoint: 4544 ns, Total: 211705 ns
[2025-03-19T14:54:15.902+0000][15.794s][debug][safepoint   ] Safepoint synchronization initiated using futex wait barrier. (20 threads)
[2025-03-19T14:54:15.902+0000][15.794s][info ][safepoint   ] Safepoint "ICBufferFull", Time since last: 214638313 ns, Reaching safepoint: 45844 ns, Cleanup: 111857 ns, At safepoint: 4364 ns, Total: 162065 ns
[2025-03-19T14:54:16.017+0000][15.909s][debug][safepoint   ] Safepoint synchronization initiated using futex wait barrier. (20 threads)
[2025-03-19T14:54:16.017+0000][15.909s][info ][gc,start    ] GC(40) Pause Young (Prepare Mixed) (G1 Evacuation Pause)
[2025-03-19T14:54:16.017+0000][15.909s][info ][gc,task     ] GC(40) Using 4 workers of 4 for evacuation
[2025-03-19T14:54:16.024+0000][15.916s][info ][gc,phases   ] GC(40)   Pre Evacuate Collection Set: 0.1ms
[2025-03-19T14:54:16.024+0000][15.916s][info ][gc,phases   ] GC(40)   Merge Heap Roots: 0.1ms
[2025-03-19T14:54:16.024+0000][15.916s][info ][gc,phases   ] GC(40)   Evacuate Collection Set: 5.3ms
[2025-03-19T14:54:16.024+0000][15.916s][info ][gc,phases   ] GC(40)   Post Evacuate Collection Set: 0.9ms
[2025-03-19T14:54:16.024+0000][15.916s][info ][gc,phases   ] GC(40)   Other: 0.1ms
[2025-03-19T14:54:16.024+0000][15.916s][info ][gc,heap     ] GC(40) Eden regions: 135->0(9)
[2025-03-19T14:54:16.024+0000][15.916s][info ][gc,heap     ] GC(40) Survivor regions: 2->3(18)
[2025-03-19T14:54:16.024+0000][15.916s][info ][gc,heap     ] GC(40) Old regions: 71->71
[2025-03-19T14:54:16.024+0000][15.916s][info ][gc,heap     ] GC(40) Archive regions: 2->2
[2025-03-19T14:54:16.024+0000][15.916s][info ][gc,heap     ] GC(40) Humongous regions: 0->0
[2025-03-19T14:54:16.024+0000][15.916s][info ][gc,metaspace] GC(40) Metaspace: 80033K(80576K)->80033K(80576K) NonClass: 69535K(69824K)->69535K(69824K) Class: 10497K(10752K)->10497K(10752K)
[2025-03-19T14:54:16.024+0000][15.916s][info ][gc          ] GC(40) Pause Young (Prepare Mixed) (G1 Evacuation Pause) 208M->74M(244M) 6.388ms
[2025-03-19T14:54:16.024+0000][15.916s][info ][gc,cpu      ] GC(40) User=0.01s Sys=0.00s Real=0.01s
[2025-03-19T14:54:16.024+0000][15.916s][info ][safepoint   ] Safepoint "G1CollectForAllocation", Time since last: 114906269 ns, Reaching safepoint: 41275 ns, Cleanup: 61721 ns, At safepoint: 6425543 ns, Total: 6528539 ns
[2025-03-19T14:54:16.061+0000][15.953s][debug][safepoint   ] Safepoint synchronization initiated using futex wait barrier. (20 threads)
[2025-03-19T14:54:16.061+0000][15.953s][info ][gc,start    ] GC(41) Pause Young (Mixed) (G1 Evacuation Pause)
[2025-03-19T14:54:16.061+0000][15.953s][info ][gc,task     ] GC(41) Using 4 workers of 4 for evacuation
[2025-03-19T14:54:16.067+0000][15.959s][info ][gc,phases   ] GC(41)   Pre Evacuate Collection Set: 0.1ms
[2025-03-19T14:54:16.067+0000][15.959s][info ][gc,phases   ] GC(41)   Merge Heap Roots: 0.1ms
[2025-03-19T14:54:16.067+0000][15.959s][info ][gc,phases   ] GC(41)   Evacuate Collection Set: 4.7ms
[2025-03-19T14:54:16.067+0000][15.959s][info ][gc,phases   ] GC(41)   Post Evacuate Collection Set: 0.9ms
[2025-03-19T14:54:16.067+0000][15.959s][info ][gc,phases   ] GC(41)   Other: 0.1ms
[2025-03-19T14:54:16.067+0000][15.959s][info ][gc,heap     ] GC(41) Eden regions: 9->0(135)
[2025-03-19T14:54:16.067+0000][15.959s][info ][gc,heap     ] GC(41) Survivor regions: 3->1(2)
[2025-03-19T14:54:16.067+0000][15.959s][info ][gc,heap     ] GC(41) Old regions: 71->73
[2025-03-19T14:54:16.067+0000][15.959s][info ][gc,heap     ] GC(41) Archive regions: 2->2
[2025-03-19T14:54:16.067+0000][15.959s][info ][gc,heap     ] GC(41) Humongous regions: 0->0
[2025-03-19T14:54:16.067+0000][15.959s][info ][gc,metaspace] GC(41) Metaspace: 80239K(80768K)->80239K(80768K) NonClass: 69723K(70016K)->69723K(70016K) Class: 10516K(10752K)->10516K(10752K)
[2025-03-19T14:54:16.067+0000][15.959s][info ][gc          ] GC(41) Pause Young (Mixed) (G1 Evacuation Pause) 83M->73M(244M) 5.876ms
[2025-03-19T14:54:16.067+0000][15.959s][info ][gc,cpu      ] GC(41) User=0.01s Sys=0.00s Real=0.01s
[2025-03-19T14:54:16.067+0000][15.959s][info ][safepoint   ] Safepoint "G1CollectForAllocation", Time since last: 37350237 ns, Reaching safepoint: 36651 ns, Cleanup: 20840 ns, At safepoint: 6140351 ns, Total: 6197842 ns
[2025-03-19T14:54:16.461+0000][16.353s][debug][safepoint   ] Safepoint synchronization initiated using futex wait barrier. (19 threads)
[2025-03-19T14:54:16.461+0000][16.353s][info ][gc,start    ] GC(42) Pause Young (Normal) (G1 Evacuation Pause)
[2025-03-19T14:54:16.461+0000][16.353s][info ][gc,task     ] GC(42) Using 4 workers of 4 for evacuation
[2025-03-19T14:54:16.464+0000][16.356s][info ][gc,phases   ] GC(42)   Pre Evacuate Collection Set: 0.0ms
[2025-03-19T14:54:16.464+0000][16.356s][info ][gc,phases   ] GC(42)   Merge Heap Roots: 0.0ms
[2025-03-19T14:54:16.464+0000][16.356s][info ][gc,phases   ] GC(42)   Evacuate Collection Set: 2.7ms
[2025-03-19T14:54:16.464+0000][16.356s][info ][gc,phases   ] GC(42)   Post Evacuate Collection Set: 0.7ms
[2025-03-19T14:54:16.464+0000][16.356s][info ][gc,phases   ] GC(42)   Other: 0.1ms
[2025-03-19T14:54:16.464+0000][16.356s][info ][gc,heap     ] GC(42) Eden regions: 135->0(133)
[2025-03-19T14:54:16.464+0000][16.356s][info ][gc,heap     ] GC(42) Survivor regions: 1->3(17)
[2025-03-19T14:54:16.464+0000][16.356s][info ][gc,heap     ] GC(42) Old regions: 73->73
[2025-03-19T14:54:16.464+0000][16.356s][info ][gc,heap     ] GC(42) Archive regions: 2->2
[2025-03-19T14:54:16.464+0000][16.356s][info ][gc,heap     ] GC(42) Humongous regions: 0->0
[2025-03-19T14:54:16.464+0000][16.356s][info ][gc,metaspace] GC(42) Metaspace: 83087K(83648K)->83087K(83648K) NonClass: 72143K(72448K)->72143K(72448K) Class: 10944K(11200K)->10944K(11200K)
[2025-03-19T14:54:16.464+0000][16.356s][info ][gc          ] GC(42) Pause Young (Normal) (G1 Evacuation Pause) 208M->75M(244M) 3.603ms
[2025-03-19T14:54:16.464+0000][16.356s][info ][gc,cpu      ] GC(42) User=0.01s Sys=0.01s Real=0.01s
[2025-03-19T14:54:16.464+0000][16.356s][info ][safepoint   ] Safepoint "G1CollectForAllocation", Time since last: 393365217 ns, Reaching safepoint: 26161 ns, Cleanup: 52437 ns, At safepoint: 3637288 ns, Total: 3715886 ns
[2025-03-19T14:54:16.699+0000][16.591s][debug][safepoint   ] Safepoint synchronization initiated using futex wait barrier. (20 threads)
[2025-03-19T14:54:16.699+0000][16.591s][info ][safepoint   ] Safepoint "ICBufferFull", Time since last: 234818461 ns, Reaching safepoint: 42169 ns, Cleanup: 104465 ns, At safepoint: 3341 ns, Total: 149975 ns
[2025-03-19T14:54:17.024+0000][16.916s][debug][safepoint   ] Safepoint synchronization initiated using futex wait barrier. (20 threads)
[2025-03-19T14:54:17.024+0000][16.916s][debug][safepoint   ] ... found polling page loop exception at pc = 0x00007edca0f36f3b, stub =0x00007edca098f400
[2025-03-19T14:54:17.025+0000][16.916s][info ][safepoint   ] Safepoint "ICBufferFull", Time since last: 324980762 ns, Reaching safepoint: 108028 ns, Cleanup: 131419 ns, At safepoint: 10499 ns, Total: 249946 ns
[2025-03-19T14:54:17.347+0000][17.238s][debug][safepoint   ] Safepoint synchronization initiated using futex wait barrier. (20 threads)
[2025-03-19T14:54:17.347+0000][17.238s][info ][gc,start    ] GC(43) Pause Young (Normal) (G1 Evacuation Pause)
[2025-03-19T14:54:17.347+0000][17.238s][info ][gc,task     ] GC(43) Using 4 workers of 4 for evacuation
[2025-03-19T14:54:17.358+0000][17.250s][info ][gc,phases   ] GC(43)   Pre Evacuate Collection Set: 0.1ms
[2025-03-19T14:54:17.358+0000][17.250s][info ][gc,phases   ] GC(43)   Merge Heap Roots: 0.1ms
[2025-03-19T14:54:17.358+0000][17.250s][info ][gc,phases   ] GC(43)   Evacuate Collection Set: 9.3ms
[2025-03-19T14:54:17.358+0000][17.250s][info ][gc,phases   ] GC(43)   Post Evacuate Collection Set: 1.8ms
[2025-03-19T14:54:17.358+0000][17.250s][info ][gc,phases   ] GC(43)   Other: 0.1ms
[2025-03-19T14:54:17.358+0000][17.250s][info ][gc,heap     ] GC(43) Eden regions: 133->0(129)
[2025-03-19T14:54:17.358+0000][17.250s][info ][gc,heap     ] GC(43) Survivor regions: 3->6(17)
[2025-03-19T14:54:17.358+0000][17.250s][info ][gc,heap     ] GC(43) Old regions: 73->73
[2025-03-19T14:54:17.358+0000][17.250s][info ][gc,heap     ] GC(43) Archive regions: 2->2
[2025-03-19T14:54:17.358+0000][17.250s][info ][gc,heap     ] GC(43) Humongous regions: 0->0
[2025-03-19T14:54:17.358+0000][17.250s][info ][gc,metaspace] GC(43) Metaspace: 85911K(86528K)->85911K(86528K) NonClass: 74784K(75136K)->74784K(75136K) Class: 11126K(11392K)->11126K(11392K)
[2025-03-19T14:54:17.358+0000][17.250s][info ][gc          ] GC(43) Pause Young (Normal) (G1 Evacuation Pause) 208M->79M(244M) 11.420ms
[2025-03-19T14:54:17.358+0000][17.250s][info ][gc,cpu      ] GC(43) User=0.04s Sys=0.01s Real=0.01s
[2025-03-19T14:54:17.358+0000][17.250s][info ][safepoint   ] Safepoint "G1CollectForAllocation", Time since last: 321866949 ns, Reaching safepoint: 38081 ns, Cleanup: 55971 ns, At safepoint: 11466564 ns, Total: 11560616 ns
[2025-03-19T14:54:17.896+0000][17.787s][debug][safepoint   ] Safepoint synchronization initiated using futex wait barrier. (20 threads)
[2025-03-19T14:54:17.896+0000][17.788s][info ][safepoint   ] Safepoint "ICBufferFull", Time since last: 537469595 ns, Reaching safepoint: 40201 ns, Cleanup: 117061 ns, At safepoint: 9560 ns, Total: 166822 ns
[2025-03-19T14:54:18.210+0000][18.101s][debug][safepoint   ] Safepoint synchronization initiated using futex wait barrier. (23 threads)
[2025-03-19T14:54:18.210+0000][18.102s][info ][gc,start    ] GC(44) Pause Young (Normal) (G1 Evacuation Pause)
[2025-03-19T14:54:18.210+0000][18.102s][info ][gc,task     ] GC(44) Using 4 workers of 4 for evacuation
[2025-03-19T14:54:18.221+0000][18.113s][info ][gc,phases   ] GC(44)   Pre Evacuate Collection Set: 0.1ms
[2025-03-19T14:54:18.221+0000][18.113s][info ][gc,phases   ] GC(44)   Merge Heap Roots: 0.1ms
[2025-03-19T14:54:18.221+0000][18.113s][info ][gc,phases   ] GC(44)   Evacuate Collection Set: 10.1ms
[2025-03-19T14:54:18.221+0000][18.113s][info ][gc,phases   ] GC(44)   Post Evacuate Collection Set: 1.2ms
[2025-03-19T14:54:18.221+0000][18.113s][info ][gc,phases   ] GC(44)   Other: 0.1ms
[2025-03-19T14:54:18.221+0000][18.113s][info ][gc,heap     ] GC(44) Eden regions: 129->0(124)
[2025-03-19T14:54:18.221+0000][18.113s][info ][gc,heap     ] GC(44) Survivor regions: 6->10(17)
[2025-03-19T14:54:18.221+0000][18.113s][info ][gc,heap     ] GC(44) Old regions: 73->73
[2025-03-19T14:54:18.221+0000][18.113s][info ][gc,heap     ] GC(44) Archive regions: 2->2
[2025-03-19T14:54:18.221+0000][18.113s][info ][gc,heap     ] GC(44) Humongous regions: 0->0
[2025-03-19T14:54:18.221+0000][18.113s][info ][gc,metaspace] GC(44) Metaspace: 88167K(88768K)->88167K(88768K) NonClass: 76846K(77184K)->76846K(77184K) Class: 11321K(11584K)->11321K(11584K)
[2025-03-19T14:54:18.221+0000][18.113s][info ][gc          ] GC(44) Pause Young (Normal) (G1 Evacuation Pause) 208M->83M(244M) 11.586ms
[2025-03-19T14:54:18.221+0000][18.113s][info ][gc,cpu      ] GC(44) User=0.04s Sys=0.00s Real=0.01s
[2025-03-19T14:54:18.222+0000][18.113s][info ][safepoint   ] Safepoint "G1CollectForAllocation", Time since last: 313969940 ns, Reaching safepoint: 41258 ns, Cleanup: 65401 ns, At safepoint: 11688894 ns, Total: 11795553 ns
[2025-03-19T14:54:18.539+0000][18.431s][debug][safepoint   ] ... found polling page loop exception at pc = 0x00007edca10bc97f, stub =0x00007edca098eb80
[2025-03-19T14:54:18.908+0000][18.799s][debug][safepoint   ] Safepoint synchronization initiated using futex wait barrier. (23 threads)
[2025-03-19T14:54:18.908+0000][18.799s][info ][safepoint   ] Safepoint "ICBufferFull", Time since last: 686019097 ns, Reaching safepoint: 26256 ns, Cleanup: 89995 ns, At safepoint: 3372 ns, Total: 119623 ns
[2025-03-19T14:54:19.063+0000][18.955s][debug][safepoint   ] Safepoint synchronization initiated using futex wait barrier. (23 threads)
[2025-03-19T14:54:19.063+0000][18.955s][info ][gc,start    ] GC(45) Pause Young (Normal) (G1 Evacuation Pause)
[2025-03-19T14:54:19.063+0000][18.955s][info ][gc,task     ] GC(45) Using 4 workers of 4 for evacuation
[2025-03-19T14:54:19.073+0000][18.965s][info ][gc,phases   ] GC(45)   Pre Evacuate Collection Set: 0.0ms
[2025-03-19T14:54:19.073+0000][18.965s][info ][gc,phases   ] GC(45)   Merge Heap Roots: 0.1ms
[2025-03-19T14:54:19.073+0000][18.965s][info ][gc,phases   ] GC(45)   Evacuate Collection Set: 8.7ms
[2025-03-19T14:54:19.073+0000][18.965s][info ][gc,phases   ] GC(45)   Post Evacuate Collection Set: 1.1ms
[2025-03-19T14:54:19.073+0000][18.965s][info ][gc,phases   ] GC(45)   Other: 0.1ms
[2025-03-19T14:54:19.073+0000][18.965s][info ][gc,heap     ] GC(45) Eden regions: 124->0(120)
[2025-03-19T14:54:19.073+0000][18.965s][info ][gc,heap     ] GC(45) Survivor regions: 10->11(17)
[2025-03-19T14:54:19.073+0000][18.965s][info ][gc,heap     ] GC(45) Old regions: 73->75
[2025-03-19T14:54:19.073+0000][18.965s][info ][gc,heap     ] GC(45) Archive regions: 2->2
[2025-03-19T14:54:19.073+0000][18.965s][info ][gc,heap     ] GC(45) Humongous regions: 0->0
[2025-03-19T14:54:19.073+0000][18.965s][info ][gc,metaspace] GC(45) Metaspace: 91563K(92160K)->91563K(92160K) NonClass: 79793K(80128K)->79793K(80128K) Class: 11769K(12032K)->11769K(12032K)
[2025-03-19T14:54:19.073+0000][18.965s][info ][gc          ] GC(45) Pause Young (Normal) (G1 Evacuation Pause) 207M->86M(244M) 10.046ms
[2025-03-19T14:54:19.073+0000][18.965s][info ][gc,cpu      ] GC(45) User=0.03s Sys=0.00s Real=0.01s
[2025-03-19T14:54:19.073+0000][18.965s][info ][safepoint   ] Safepoint "G1CollectForAllocation", Time since last: 155195081 ns, Reaching safepoint: 30191 ns, Cleanup: 31369 ns, At safepoint: 10081521 ns, Total: 10143081 ns
[2025-03-19T14:54:19.499+0000][19.391s][debug][safepoint   ] Safepoint synchronization initiated using futex wait barrier. (23 threads)
[2025-03-19T14:54:19.499+0000][19.391s][info ][safepoint   ] Safepoint "ICBufferFull", Time since last: 426338046 ns, Reaching safepoint: 39679 ns, Cleanup: 98010 ns, At safepoint: 3216 ns, Total: 140905 ns
[2025-03-19T14:54:19.643+0000][19.535s][debug][safepoint   ] Safepoint synchronization initiated using futex wait barrier. (23 threads)
[2025-03-19T14:54:19.643+0000][19.535s][info ][gc,start    ] GC(46) Pause Young (Normal) (G1 Evacuation Pause)
[2025-03-19T14:54:19.643+0000][19.535s][info ][gc,task     ] GC(46) Using 4 workers of 4 for evacuation
[2025-03-19T14:54:19.656+0000][19.548s][info ][gc,phases   ] GC(46)   Pre Evacuate Collection Set: 0.1ms
[2025-03-19T14:54:19.656+0000][19.548s][info ][gc,phases   ] GC(46)   Merge Heap Roots: 0.1ms
[2025-03-19T14:54:19.656+0000][19.548s][info ][gc,phases   ] GC(46)   Evacuate Collection Set: 11.7ms
[2025-03-19T14:54:19.656+0000][19.548s][info ][gc,phases   ] GC(46)   Post Evacuate Collection Set: 1.0ms
[2025-03-19T14:54:19.656+0000][19.548s][info ][gc,phases   ] GC(46)   Other: 0.1ms
[2025-03-19T14:54:19.656+0000][19.548s][info ][gc,heap     ] GC(46) Eden regions: 120->0(119)
[2025-03-19T14:54:19.656+0000][19.548s][info ][gc,heap     ] GC(46) Survivor regions: 11->10(17)
[2025-03-19T14:54:19.656+0000][19.548s][info ][gc,heap     ] GC(46) Old regions: 75->78
[2025-03-19T14:54:19.656+0000][19.548s][info ][gc,heap     ] GC(46) Archive regions: 2->2
[2025-03-19T14:54:19.656+0000][19.548s][info ][gc,heap     ] GC(46) Humongous regions: 0->0
[2025-03-19T14:54:19.656+0000][19.548s][info ][gc,metaspace] GC(46) Metaspace: 95090K(95680K)->95090K(95680K) NonClass: 82694K(83008K)->82694K(83008K) Class: 12396K(12672K)->12396K(12672K)
[2025-03-19T14:54:19.656+0000][19.548s][info ][gc          ] GC(46) Pause Young (Normal) (G1 Evacuation Pause) 206M->88M(244M) 12.965ms
[2025-03-19T14:54:19.656+0000][19.548s][info ][gc,cpu      ] GC(46) User=0.04s Sys=0.00s Real=0.01s
[2025-03-19T14:54:19.656+0000][19.548s][info ][safepoint   ] Safepoint "G1CollectForAllocation", Time since last: 143441109 ns, Reaching safepoint: 32841 ns, Cleanup: 16417 ns, At safepoint: 13004619 ns, Total: 13053877 ns
[2025-03-19T14:54:19.946+0000][19.838s][debug][safepoint   ] Safepoint synchronization initiated using futex wait barrier. (23 threads)
[2025-03-19T14:54:19.946+0000][19.838s][info ][gc,start    ] GC(47) Pause Young (Normal) (G1 Evacuation Pause)
[2025-03-19T14:54:19.946+0000][19.838s][info ][gc,task     ] GC(47) Using 4 workers of 4 for evacuation
[2025-03-19T14:54:19.957+0000][19.849s][info ][gc,phases   ] GC(47)   Pre Evacuate Collection Set: 0.1ms
[2025-03-19T14:54:19.957+0000][19.849s][info ][gc,phases   ] GC(47)   Merge Heap Roots: 0.1ms
[2025-03-19T14:54:19.957+0000][19.849s][info ][gc,phases   ] GC(47)   Evacuate Collection Set: 10.2ms
[2025-03-19T14:54:19.957+0000][19.849s][info ][gc,phases   ] GC(47)   Post Evacuate Collection Set: 1.0ms
[2025-03-19T14:54:19.957+0000][19.849s][info ][gc,phases   ] GC(47)   Other: 0.1ms
[2025-03-19T14:54:19.957+0000][19.849s][info ][gc,heap     ] GC(47) Eden regions: 119->0(117)
[2025-03-19T14:54:19.957+0000][19.849s][info ][gc,heap     ] GC(47) Survivor regions: 10->11(17)
[2025-03-19T14:54:19.957+0000][19.849s][info ][gc,heap     ] GC(47) Old regions: 78->78
[2025-03-19T14:54:19.957+0000][19.849s][info ][gc,heap     ] GC(47) Archive regions: 2->2
[2025-03-19T14:54:19.957+0000][19.849s][info ][gc,heap     ] GC(47) Humongous regions: 0->0
[2025-03-19T14:54:19.957+0000][19.849s][info ][gc,metaspace] GC(47) Metaspace: 97018K(97536K)->97018K(97536K) NonClass: 84283K(84544K)->84283K(84544K) Class: 12734K(12992K)->12734K(12992K)
[2025-03-19T14:54:19.957+0000][19.849s][info ][gc          ] GC(47) Pause Young (Normal) (G1 Evacuation Pause) 207M->89M(244M) 11.514ms
[2025-03-19T14:54:19.957+0000][19.849s][info ][gc,cpu      ] GC(47) User=0.05s Sys=0.00s Real=0.01s
[2025-03-19T14:54:19.958+0000][19.849s][info ][safepoint   ] Safepoint "G1CollectForAllocation", Time since last: 289883123 ns, Reaching safepoint: 40056 ns, Cleanup: 41542 ns, At safepoint: 11576742 ns, Total: 11658340 ns
[2025-03-19T14:54:20.602+0000][20.494s][debug][safepoint   ] Safepoint synchronization initiated using futex wait barrier. (25 threads)
[2025-03-19T14:54:20.602+0000][20.494s][info ][gc,start    ] GC(48) Pause Young (Normal) (G1 Evacuation Pause)
[2025-03-19T14:54:20.602+0000][20.494s][info ][gc,task     ] GC(48) Using 4 workers of 4 for evacuation
[2025-03-19T14:54:20.618+0000][20.510s][info ][gc,phases   ] GC(48)   Pre Evacuate Collection Set: 0.1ms
[2025-03-19T14:54:20.618+0000][20.510s][info ][gc,phases   ] GC(48)   Merge Heap Roots: 0.1ms
[2025-03-19T14:54:20.618+0000][20.510s][info ][gc,phases   ] GC(48)   Evacuate Collection Set: 12.2ms
[2025-03-19T14:54:20.618+0000][20.510s][info ][gc,phases   ] GC(48)   Post Evacuate Collection Set: 3.3ms
[2025-03-19T14:54:20.618+0000][20.510s][info ][gc,phases   ] GC(48)   Other: 0.1ms
[2025-03-19T14:54:20.618+0000][20.510s][info ][gc,heap     ] GC(48) Eden regions: 117->0(371)
[2025-03-19T14:54:20.618+0000][20.510s][info ][gc,heap     ] GC(48) Survivor regions: 11->11(16)
[2025-03-19T14:54:20.618+0000][20.510s][info ][gc,heap     ] GC(48) Old regions: 78->82
[2025-03-19T14:54:20.618+0000][20.510s][info ][gc,heap     ] GC(48) Archive regions: 2->2
[2025-03-19T14:54:20.618+0000][20.510s][info ][gc,heap     ] GC(48) Humongous regions: 0->0
[2025-03-19T14:54:20.618+0000][20.510s][info ][gc,metaspace] GC(48) Metaspace: 102028K(102592K)->102028K(102592K) NonClass: 88639K(88960K)->88639K(88960K) Class: 13388K(13632K)->13388K(13632K)
[2025-03-19T14:54:20.618+0000][20.510s][info ][gc          ] GC(48) Pause Young (Normal) (G1 Evacuation Pause) 206M->92M(638M) 15.755ms
[2025-03-19T14:54:20.618+0000][20.510s][info ][gc,cpu      ] GC(48) User=0.06s Sys=0.00s Real=0.02s
[2025-03-19T14:54:20.618+0000][20.510s][info ][safepoint   ] Safepoint "G1CollectForAllocation", Time since last: 644536113 ns, Reaching safepoint: 37116 ns, Cleanup: 110720 ns, At safepoint: 15800062 ns, Total: 15947898 ns
[2025-03-19T14:54:22.089+0000][21.981s][debug][safepoint   ] Safepoint synchronization initiated using futex wait barrier. (29 threads)
[2025-03-19T14:54:22.090+0000][21.981s][info ][safepoint   ] Safepoint "ICBufferFull", Time since last: 1471078759 ns, Reaching safepoint: 178397 ns, Cleanup: 451632 ns, At safepoint: 6189 ns, Total: 636218 ns
[2025-03-19T14:54:22.804+0000][22.696s][debug][safepoint   ] Safepoint synchronization initiated using futex wait barrier. (36 threads)
[2025-03-19T14:54:22.804+0000][22.696s][info ][gc,start    ] GC(49) Pause Young (Normal) (G1 Evacuation Pause)
[2025-03-19T14:54:22.804+0000][22.696s][info ][gc,task     ] GC(49) Using 4 workers of 4 for evacuation
[2025-03-19T14:54:22.824+0000][22.716s][info ][gc,phases   ] GC(49)   Pre Evacuate Collection Set: 0.1ms
[2025-03-19T14:54:22.824+0000][22.716s][info ][gc,phases   ] GC(49)   Merge Heap Roots: 0.2ms
[2025-03-19T14:54:22.824+0000][22.716s][info ][gc,phases   ] GC(49)   Evacuate Collection Set: 17.6ms
[2025-03-19T14:54:22.824+0000][22.716s][info ][gc,phases   ] GC(49)   Post Evacuate Collection Set: 1.6ms
[2025-03-19T14:54:22.824+0000][22.716s][info ][gc,phases   ] GC(49)   Other: 0.2ms
[2025-03-19T14:54:22.824+0000][22.716s][info ][gc,heap     ] GC(49) Eden regions: 371->0(363)
[2025-03-19T14:54:22.824+0000][22.716s][info ][gc,heap     ] GC(49) Survivor regions: 11->19(48)
[2025-03-19T14:54:22.824+0000][22.716s][info ][gc,heap     ] GC(49) Old regions: 82->82
[2025-03-19T14:54:22.824+0000][22.716s][info ][gc,heap     ] GC(49) Archive regions: 2->2
[2025-03-19T14:54:22.824+0000][22.716s][info ][gc,heap     ] GC(49) Humongous regions: 0->0
[2025-03-19T14:54:22.824+0000][22.716s][info ][gc,metaspace] GC(49) Metaspace: 109397K(110016K)->109397K(110016K) NonClass: 95173K(95488K)->95173K(95488K) Class: 14223K(14528K)->14223K(14528K)
[2025-03-19T14:54:22.824+0000][22.716s][info ][gc          ] GC(49) Pause Young (Normal) (G1 Evacuation Pause) 463M->100M(638M) 19.640ms
[2025-03-19T14:54:22.824+0000][22.716s][info ][gc,cpu      ] GC(49) User=0.06s Sys=0.01s Real=0.02s
[2025-03-19T14:54:22.824+0000][22.716s][info ][safepoint   ] Safepoint "G1CollectForAllocation", Time since last: 714499688 ns, Reaching safepoint: 38287 ns, Cleanup: 99572 ns, At safepoint: 19704302 ns, Total: 19842161 ns
[2025-03-19T14:54:23.516+0000][23.408s][debug][safepoint   ] Safepoint synchronization initiated using futex wait barrier. (40 threads)
[2025-03-19T14:54:23.516+0000][23.408s][info ][safepoint   ] Safepoint "ICBufferFull", Time since last: 691895300 ns, Reaching safepoint: 28749 ns, Cleanup: 96824 ns, At safepoint: 1801 ns, Total: 127374 ns
[2025-03-19T14:54:23.696+0000][23.587s][debug][safepoint   ] Safepoint synchronization initiated using futex wait barrier. (40 threads)
[2025-03-19T14:54:23.696+0000][23.587s][info ][safepoint   ] Safepoint "ICBufferFull", Time since last: 179487078 ns, Reaching safepoint: 47466 ns, Cleanup: 89467 ns, At safepoint: 2520 ns, Total: 139453 ns
[2025-03-19T14:54:24.268+0000][24.159s][debug][safepoint   ] Safepoint synchronization initiated using futex wait barrier. (40 threads)
[2025-03-19T14:54:24.268+0000][24.159s][info ][safepoint   ] Safepoint "ICBufferFull", Time since last: 571816061 ns, Reaching safepoint: 107169 ns, Cleanup: 90833 ns, At safepoint: 3077 ns, Total: 201079 ns
[2025-03-19T14:54:24.945+0000][24.837s][debug][safepoint   ] Safepoint synchronization initiated using futex wait barrier. (41 threads)
[2025-03-19T14:54:24.945+0000][24.837s][info ][gc,start    ] GC(50) Pause Young (Normal) (G1 Evacuation Pause)
[2025-03-19T14:54:24.945+0000][24.837s][info ][gc,task     ] GC(50) Using 4 workers of 4 for evacuation
[2025-03-19T14:54:24.981+0000][24.873s][info ][gc,phases   ] GC(50)   Pre Evacuate Collection Set: 0.1ms
[2025-03-19T14:54:24.981+0000][24.873s][info ][gc,phases   ] GC(50)   Merge Heap Roots: 0.2ms
[2025-03-19T14:54:24.981+0000][24.873s][info ][gc,phases   ] GC(50)   Evacuate Collection Set: 33.6ms
[2025-03-19T14:54:24.981+0000][24.873s][info ][gc,phases   ] GC(50)   Post Evacuate Collection Set: 2.0ms
[2025-03-19T14:54:24.981+0000][24.873s][info ][gc,phases   ] GC(50)   Other: 0.1ms
[2025-03-19T14:54:24.981+0000][24.873s][info ][gc,heap     ] GC(50) Eden regions: 363->0(356)
[2025-03-19T14:54:24.981+0000][24.873s][info ][gc,heap     ] GC(50) Survivor regions: 19->26(48)
[2025-03-19T14:54:24.981+0000][24.873s][info ][gc,heap     ] GC(50) Old regions: 82->82
[2025-03-19T14:54:24.981+0000][24.873s][info ][gc,heap     ] GC(50) Archive regions: 2->2
[2025-03-19T14:54:24.981+0000][24.873s][info ][gc,heap     ] GC(50) Humongous regions: 0->0
[2025-03-19T14:54:24.981+0000][24.873s][info ][gc,metaspace] GC(50) Metaspace: 116850K(117568K)->116850K(117568K) NonClass: 101856K(102208K)->101856K(102208K) Class: 14993K(15360K)->14993K(15360K)
[2025-03-19T14:54:24.981+0000][24.873s][info ][gc          ] GC(50) Pause Young (Normal) (G1 Evacuation Pause) 463M->107M(638M) 36.068ms
[2025-03-19T14:54:24.981+0000][24.873s][info ][gc,cpu      ] GC(50) User=0.13s Sys=0.00s Real=0.03s
[2025-03-19T14:54:24.981+0000][24.873s][info ][safepoint   ] Safepoint "G1CollectForAllocation", Time since last: 677202062 ns, Reaching safepoint: 39165 ns, Cleanup: 101793 ns, At safepoint: 36169291 ns, Total: 36310249 ns
[2025-03-19T14:54:25.651+0000][25.542s][debug][safepoint   ] Safepoint synchronization initiated using futex wait barrier. (44 threads)
[2025-03-19T14:54:25.651+0000][25.543s][info ][safepoint   ] Safepoint "ICBufferFull", Time since last: 669374199 ns, Reaching safepoint: 41658 ns, Cleanup: 123490 ns, At safepoint: 2562 ns, Total: 167710 ns
[2025-03-19T14:54:26.168+0000][26.060s][debug][safepoint   ] Safepoint synchronization initiated using futex wait barrier. (44 threads)
[2025-03-19T14:54:26.169+0000][26.060s][info ][safepoint   ] Safepoint "ICBufferFull", Time since last: 517704155 ns, Reaching safepoint: 106520 ns, Cleanup: 106659 ns, At safepoint: 3227 ns, Total: 216406 ns
[2025-03-19T14:54:26.517+0000][26.409s][debug][safepoint   ] Safepoint synchronization initiated using futex wait barrier. (52 threads)
[2025-03-19T14:54:26.517+0000][26.409s][info ][gc,start    ] GC(51) Pause Young (Concurrent Start) (Metadata GC Threshold)
[2025-03-19T14:54:26.517+0000][26.409s][info ][gc,task     ] GC(51) Using 4 workers of 4 for evacuation
[2025-03-19T14:54:26.549+0000][26.441s][info ][gc,phases   ] GC(51)   Pre Evacuate Collection Set: 0.2ms
[2025-03-19T14:54:26.549+0000][26.441s][info ][gc,phases   ] GC(51)   Merge Heap Roots: 0.1ms
[2025-03-19T14:54:26.549+0000][26.441s][info ][gc,phases   ] GC(51)   Evacuate Collection Set: 29.2ms
[2025-03-19T14:54:26.549+0000][26.441s][info ][gc,phases   ] GC(51)   Post Evacuate Collection Set: 2.2ms
[2025-03-19T14:54:26.549+0000][26.441s][info ][gc,phases   ] GC(51)   Other: 0.1ms
[2025-03-19T14:54:26.549+0000][26.441s][info ][gc,heap     ] GC(51) Eden regions: 274->0(351)
[2025-03-19T14:54:26.549+0000][26.441s][info ][gc,heap     ] GC(51) Survivor regions: 26->31(48)
[2025-03-19T14:54:26.549+0000][26.441s][info ][gc,heap     ] GC(51) Old regions: 82->84
[2025-03-19T14:54:26.549+0000][26.441s][info ][gc,heap     ] GC(51) Archive regions: 2->2
[2025-03-19T14:54:26.549+0000][26.441s][info ][gc,heap     ] GC(51) Humongous regions: 1->0
[2025-03-19T14:54:26.549+0000][26.441s][info ][gc,metaspace] GC(51) Metaspace: 129875K(130880K)->129875K(130880K) NonClass: 113469K(113984K)->113469K(113984K) Class: 16405K(16896K)->16405K(16896K)
[2025-03-19T14:54:26.549+0000][26.441s][info ][gc          ] GC(51) Pause Young (Concurrent Start) (Metadata GC Threshold) 382M->115M(638M) 31.880ms
[2025-03-19T14:54:26.549+0000][26.441s][info ][gc,cpu      ] GC(51) User=0.12s Sys=0.00s Real=0.03s
[2025-03-19T14:54:26.549+0000][26.441s][info ][gc          ] GC(52) Concurrent Mark Cycle
[2025-03-19T14:54:26.549+0000][26.441s][info ][gc,marking  ] GC(52) Concurrent Clear Claimed Marks
[2025-03-19T14:54:26.549+0000][26.441s][info ][gc,marking  ] GC(52) Concurrent Clear Claimed Marks 0.112ms
[2025-03-19T14:54:26.549+0000][26.441s][info ][gc,marking  ] GC(52) Concurrent Scan Root Regions
[2025-03-19T14:54:26.552+0000][26.444s][info ][safepoint   ] Safepoint "CollectForMetadataAllocation", Time since last: 348586159 ns, Reaching safepoint: 44579 ns, Cleanup: 44064 ns, At safepoint: 34855031 ns, Total: 34943674 ns
[2025-03-19T14:54:26.575+0000][26.467s][info ][gc,marking  ] GC(52) Concurrent Scan Root Regions 25.753ms
[2025-03-19T14:54:26.575+0000][26.467s][info ][gc,marking  ] GC(52) Concurrent Mark
[2025-03-19T14:54:26.575+0000][26.467s][info ][gc,marking  ] GC(52) Concurrent Mark From Roots
[2025-03-19T14:54:26.575+0000][26.467s][info ][gc,task     ] GC(52) Using 1 workers of 1 for marking
[2025-03-19T14:54:26.621+0000][26.513s][debug][safepoint   ] Safepoint synchronization initiated using futex wait barrier. (52 threads)
[2025-03-19T14:54:26.622+0000][26.513s][info ][safepoint   ] Safepoint "CollectForMetadataAllocation", Time since last: 69235223 ns, Reaching safepoint: 73415 ns, Cleanup: 12519 ns, At safepoint: 30420 ns, Total: 116354 ns
[2025-03-19T14:54:26.669+0000][26.561s][debug][safepoint   ] Safepoint synchronization initiated using futex wait barrier. (52 threads)
[2025-03-19T14:54:26.669+0000][26.561s][info ][safepoint   ] Safepoint "CollectForMetadataAllocation", Time since last: 47537845 ns, Reaching safepoint: 43093 ns, Cleanup: 3027 ns, At safepoint: 33374 ns, Total: 79494 ns
[2025-03-19T14:54:26.688+0000][26.580s][info ][gc,marking  ] GC(52) Concurrent Mark From Roots 113.265ms
[2025-03-19T14:54:26.689+0000][26.580s][info ][gc,marking  ] GC(52) Concurrent Preclean
[2025-03-19T14:54:26.689+0000][26.580s][info ][gc,marking  ] GC(52) Concurrent Preclean 0.133ms
[2025-03-19T14:54:26.689+0000][26.580s][debug][safepoint   ] Safepoint synchronization initiated using futex wait barrier. (52 threads)
[2025-03-19T14:54:26.689+0000][26.580s][info ][gc,start    ] GC(52) Pause Remark
[2025-03-19T14:54:26.694+0000][26.586s][info ][gc          ] GC(52) Pause Remark 141M->141M(477M) 5.661ms
[2025-03-19T14:54:26.694+0000][26.586s][info ][gc,cpu      ] GC(52) User=0.02s Sys=0.00s Real=0.01s
[2025-03-19T14:54:26.694+0000][26.586s][info ][safepoint   ] Safepoint "G1PauseRemark", Time since last: 19503748 ns, Reaching safepoint: 18069 ns, Cleanup: 2471 ns, At safepoint: 5738481 ns, Total: 5759021 ns
[2025-03-19T14:54:26.694+0000][26.586s][info ][gc,marking  ] GC(52) Concurrent Mark 119.237ms
[2025-03-19T14:54:26.694+0000][26.586s][info ][gc,marking  ] GC(52) Concurrent Rebuild Remembered Sets
[2025-03-19T14:54:26.749+0000][26.641s][info ][gc,marking  ] GC(52) Concurrent Rebuild Remembered Sets 54.888ms
[2025-03-19T14:54:26.749+0000][26.641s][debug][safepoint   ] Safepoint synchronization initiated using futex wait barrier. (52 threads)
[2025-03-19T14:54:26.749+0000][26.641s][info ][gc,start    ] GC(52) Pause Cleanup
[2025-03-19T14:54:26.750+0000][26.641s][info ][gc          ] GC(52) Pause Cleanup 163M->163M(477M) 0.100ms
[2025-03-19T14:54:26.750+0000][26.641s][info ][gc,cpu      ] GC(52) User=0.00s Sys=0.00s Real=0.00s
[2025-03-19T14:54:26.750+0000][26.641s][info ][safepoint   ] Safepoint "G1PauseCleanup", Time since last: 54998403 ns, Reaching safepoint: 15703 ns, Cleanup: 2772 ns, At safepoint: 126459 ns, Total: 144934 ns
[2025-03-19T14:54:26.750+0000][26.641s][info ][gc,marking  ] GC(52) Concurrent Cleanup for Next Mark
[2025-03-19T14:54:26.751+0000][26.643s][info ][gc,marking  ] GC(52) Concurrent Cleanup for Next Mark 1.370ms
[2025-03-19T14:54:26.751+0000][26.643s][info ][gc          ] GC(52) Concurrent Mark Cycle 201.695ms
[2025-03-19T14:54:27.372+0000][27.264s][debug][safepoint   ] Safepoint synchronization initiated using futex wait barrier. (53 threads)
[2025-03-19T14:54:27.372+0000][27.264s][info ][gc,start    ] GC(53) Pause Young (Prepare Mixed) (G1 Evacuation Pause)
[2025-03-19T14:54:27.372+0000][27.264s][info ][gc,task     ] GC(53) Using 4 workers of 4 for evacuation
[2025-03-19T14:54:27.394+0000][27.286s][info ][gc,phases   ] GC(53)   Pre Evacuate Collection Set: 0.1ms
[2025-03-19T14:54:27.394+0000][27.286s][info ][gc,phases   ] GC(53)   Merge Heap Roots: 0.1ms
[2025-03-19T14:54:27.394+0000][27.286s][info ][gc,phases   ] GC(53)   Evacuate Collection Set: 19.7ms
[2025-03-19T14:54:27.394+0000][27.286s][info ][gc,phases   ] GC(53)   Post Evacuate Collection Set: 2.0ms
[2025-03-19T14:54:27.394+0000][27.286s][info ][gc,phases   ] GC(53)   Other: 0.1ms
[2025-03-19T14:54:27.394+0000][27.286s][info ][gc,heap     ] GC(53) Eden regions: 255->0(3)
[2025-03-19T14:54:27.394+0000][27.286s][info ][gc,heap     ] GC(53) Survivor regions: 31->20(36)
[2025-03-19T14:54:27.394+0000][27.286s][info ][gc,heap     ] GC(53) Old regions: 84->97
[2025-03-19T14:54:27.394+0000][27.286s][info ][gc,heap     ] GC(53) Archive regions: 2->2
[2025-03-19T14:54:27.394+0000][27.286s][info ][gc,heap     ] GC(53) Humongous regions: 0->0
[2025-03-19T14:54:27.394+0000][27.286s][info ][gc,metaspace] GC(53) Metaspace: 135400K(136384K)->135400K(136384K) NonClass: 118358K(118848K)->118358K(118848K) Class: 17041K(17536K)->17041K(17536K)
[2025-03-19T14:54:27.394+0000][27.286s][info ][gc          ] GC(53) Pause Young (Prepare Mixed) (G1 Evacuation Pause) 370M->117M(477M) 22.087ms
[2025-03-19T14:54:27.394+0000][27.286s][info ][gc,cpu      ] GC(53) User=0.08s Sys=0.00s Real=0.03s
[2025-03-19T14:54:27.394+0000][27.286s][info ][safepoint   ] Safepoint "G1CollectForAllocation", Time since last: 622594550 ns, Reaching safepoint: 30702 ns, Cleanup: 35520 ns, At safepoint: 22136566 ns, Total: 22202788 ns
[2025-03-19T14:54:27.404+0000][27.296s][debug][safepoint   ] Safepoint synchronization initiated using futex wait barrier. (53 threads)
[2025-03-19T14:54:27.404+0000][27.296s][info ][gc,start    ] GC(54) Pause Young (Mixed) (G1 Evacuation Pause)
[2025-03-19T14:54:27.404+0000][27.296s][info ][gc,task     ] GC(54) Using 4 workers of 4 for evacuation
[2025-03-19T14:54:27.419+0000][27.311s][info ][gc,phases   ] GC(54)   Pre Evacuate Collection Set: 0.1ms
[2025-03-19T14:54:27.420+0000][27.311s][info ][gc,phases   ] GC(54)   Merge Heap Roots: 0.1ms
[2025-03-19T14:54:27.420+0000][27.311s][info ][gc,phases   ] GC(54)   Evacuate Collection Set: 14.2ms
[2025-03-19T14:54:27.420+0000][27.311s][info ][gc,phases   ] GC(54)   Post Evacuate Collection Set: 1.2ms
[2025-03-19T14:54:27.420+0000][27.311s][info ][gc,phases   ] GC(54)   Other: 0.1ms
[2025-03-19T14:54:27.420+0000][27.311s][info ][gc,heap     ] GC(54) Eden regions: 3->0(284)
[2025-03-19T14:54:27.420+0000][27.311s][info ][gc,heap     ] GC(54) Survivor regions: 20->2(3)
[2025-03-19T14:54:27.420+0000][27.311s][info ][gc,heap     ] GC(54) Old regions: 97->115
[2025-03-19T14:54:27.420+0000][27.311s][info ][gc,heap     ] GC(54) Archive regions: 2->2
[2025-03-19T14:54:27.420+0000][27.311s][info ][gc,heap     ] GC(54) Humongous regions: 0->0
[2025-03-19T14:54:27.420+0000][27.311s][info ][gc,metaspace] GC(54) Metaspace: 135401K(136384K)->135401K(136384K) NonClass: 118359K(118848K)->118359K(118848K) Class: 17041K(17536K)->17041K(17536K)
[2025-03-19T14:54:27.420+0000][27.311s][info ][gc          ] GC(54) Pause Young (Mixed) (G1 Evacuation Pause) 120M->117M(477M) 15.753ms
[2025-03-19T14:54:27.420+0000][27.311s][info ][gc,cpu      ] GC(54) User=0.06s Sys=0.00s Real=0.01s
[2025-03-19T14:54:27.420+0000][27.311s][info ][safepoint   ] Safepoint "G1CollectForAllocation", Time since last: 9376973 ns, Reaching safepoint: 37678 ns, Cleanup: 9559 ns, At safepoint: 15841018 ns, Total: 15888255 ns
[2025-03-19T14:54:28.456+0000][28.348s][debug][safepoint   ] Safepoint synchronization initiated using futex wait barrier. (57 threads)
[2025-03-19T14:54:28.456+0000][28.348s][info ][gc,start    ] GC(55) Pause Young (Concurrent Start) (G1 Evacuation Pause)
[2025-03-19T14:54:28.456+0000][28.348s][info ][gc,task     ] GC(55) Using 4 workers of 4 for evacuation
[2025-03-19T14:54:28.467+0000][28.359s][info ][gc,phases   ] GC(55)   Pre Evacuate Collection Set: 0.2ms
[2025-03-19T14:54:28.467+0000][28.359s][info ][gc,phases   ] GC(55)   Merge Heap Roots: 0.1ms
[2025-03-19T14:54:28.467+0000][28.359s][info ][gc,phases   ] GC(55)   Evacuate Collection Set: 9.7ms
[2025-03-19T14:54:28.467+0000][28.359s][info ][gc,phases   ] GC(55)   Post Evacuate Collection Set: 1.1ms
[2025-03-19T14:54:28.467+0000][28.359s][info ][gc,phases   ] GC(55)   Other: 0.1ms
[2025-03-19T14:54:28.467+0000][28.359s][info ][gc,heap     ] GC(55) Eden regions: 284->0(275)
[2025-03-19T14:54:28.467+0000][28.359s][info ][gc,heap     ] GC(55) Survivor regions: 2->11(36)
[2025-03-19T14:54:28.467+0000][28.359s][info ][gc,heap     ] GC(55) Old regions: 115->115
[2025-03-19T14:54:28.467+0000][28.359s][info ][gc,heap     ] GC(55) Archive regions: 2->2
[2025-03-19T14:54:28.467+0000][28.359s][info ][gc,heap     ] GC(55) Humongous regions: 0->0
[2025-03-19T14:54:28.467+0000][28.359s][info ][gc,metaspace] GC(55) Metaspace: 140613K(141632K)->140613K(141632K) NonClass: 123300K(123840K)->123300K(123840K) Class: 17313K(17792K)->17313K(17792K)
[2025-03-19T14:54:28.467+0000][28.359s][info ][gc          ] GC(55) Pause Young (Concurrent Start) (G1 Evacuation Pause) 401M->126M(477M) 11.269ms
[2025-03-19T14:54:28.467+0000][28.359s][info ][gc,cpu      ] GC(55) User=0.04s Sys=0.00s Real=0.01s
[2025-03-19T14:54:28.467+0000][28.359s][info ][gc          ] GC(56) Concurrent Mark Cycle
[2025-03-19T14:54:28.467+0000][28.359s][info ][gc,marking  ] GC(56) Concurrent Clear Claimed Marks
[2025-03-19T14:54:28.467+0000][28.359s][info ][safepoint   ] Safepoint "G1CollectForAllocation", Time since last: 1036090242 ns, Reaching safepoint: 39647 ns, Cleanup: 80590 ns, At safepoint: 11340698 ns, Total: 11460935 ns
[2025-03-19T14:54:28.467+0000][28.359s][info ][gc,marking  ] GC(56) Concurrent Clear Claimed Marks 0.124ms
[2025-03-19T14:54:28.467+0000][28.359s][info ][gc,marking  ] GC(56) Concurrent Scan Root Regions
[2025-03-19T14:54:28.477+0000][28.369s][info ][gc,marking  ] GC(56) Concurrent Scan Root Regions 9.853ms
[2025-03-19T14:54:28.477+0000][28.369s][info ][gc,marking  ] GC(56) Concurrent Mark
[2025-03-19T14:54:28.477+0000][28.369s][info ][gc,marking  ] GC(56) Concurrent Mark From Roots
[2025-03-19T14:54:28.477+0000][28.369s][info ][gc,task     ] GC(56) Using 1 workers of 1 for marking
[2025-03-19T14:54:28.674+0000][28.566s][info ][gc,marking  ] GC(56) Concurrent Mark From Roots 197.054ms
[2025-03-19T14:54:28.674+0000][28.566s][info ][gc,marking  ] GC(56) Concurrent Preclean
[2025-03-19T14:54:28.675+0000][28.566s][info ][gc,marking  ] GC(56) Concurrent Preclean 0.262ms
[2025-03-19T14:54:28.675+0000][28.566s][debug][safepoint   ] Safepoint synchronization initiated using futex wait barrier. (57 threads)
[2025-03-19T14:54:28.675+0000][28.566s][info ][gc,start    ] GC(56) Pause Remark
[2025-03-19T14:54:28.687+0000][28.579s][info ][gc          ] GC(56) Pause Remark 169M->169M(477M) 12.144ms
[2025-03-19T14:54:28.687+0000][28.579s][info ][gc,cpu      ] GC(56) User=0.05s Sys=0.00s Real=0.01s
[2025-03-19T14:54:28.687+0000][28.579s][info ][safepoint   ] Safepoint "G1PauseRemark", Time since last: 207408552 ns, Reaching safepoint: 13037 ns, Cleanup: 20826 ns, At safepoint: 12227297 ns, Total: 12261160 ns
[2025-03-19T14:54:28.687+0000][28.579s][info ][gc,marking  ] GC(56) Concurrent Mark 209.698ms
[2025-03-19T14:54:28.687+0000][28.579s][info ][gc,marking  ] GC(56) Concurrent Rebuild Remembered Sets
[2025-03-19T14:54:28.791+0000][28.682s][info ][gc,marking  ] GC(56) Concurrent Rebuild Remembered Sets 103.693ms
[2025-03-19T14:54:28.791+0000][28.682s][debug][safepoint   ] Safepoint synchronization initiated using futex wait barrier. (57 threads)
[2025-03-19T14:54:28.791+0000][28.683s][info ][gc,start    ] GC(56) Pause Cleanup
[2025-03-19T14:54:28.791+0000][28.683s][info ][gc          ] GC(56) Pause Cleanup 180M->180M(477M) 0.096ms
[2025-03-19T14:54:28.791+0000][28.683s][info ][gc,cpu      ] GC(56) User=0.00s Sys=0.00s Real=0.00s
[2025-03-19T14:54:28.791+0000][28.683s][info ][safepoint   ] Safepoint "G1PauseCleanup", Time since last: 103821368 ns, Reaching safepoint: 247957 ns, Cleanup: 7268 ns, At safepoint: 123177 ns, Total: 378402 ns
[2025-03-19T14:54:28.791+0000][28.683s][info ][gc,marking  ] GC(56) Concurrent Cleanup for Next Mark
[2025-03-19T14:54:28.793+0000][28.685s][info ][gc,marking  ] GC(56) Concurrent Cleanup for Next Mark 1.674ms
[2025-03-19T14:54:28.793+0000][28.685s][info ][gc          ] GC(56) Concurrent Mark Cycle 325.617ms
[2025-03-19T14:54:29.045+0000][28.937s][info ][cds,heap    ] initialize_from_archived_subgraph jdk.internal.math.FDBigInteger 0x00007edc3714d8f0
[2025-03-19T14:54:29.812+0000][29.704s][debug][safepoint   ] Safepoint synchronization initiated using futex wait barrier. (79 threads)
[2025-03-19T14:54:29.813+0000][29.704s][info ][gc,start    ] GC(57) Pause Young (Prepare Mixed) (G1 Evacuation Pause)
[2025-03-19T14:54:29.813+0000][29.704s][info ][gc,task     ] GC(57) Using 4 workers of 4 for evacuation
[2025-03-19T14:54:29.832+0000][29.724s][info ][gc,phases   ] GC(57)   Pre Evacuate Collection Set: 0.1ms
[2025-03-19T14:54:29.832+0000][29.724s][info ][gc,phases   ] GC(57)   Merge Heap Roots: 0.4ms
[2025-03-19T14:54:29.832+0000][29.724s][info ][gc,phases   ] GC(57)   Evacuate Collection Set: 16.8ms
[2025-03-19T14:54:29.832+0000][29.724s][info ][gc,phases   ] GC(57)   Post Evacuate Collection Set: 1.9ms
[2025-03-19T14:54:29.832+0000][29.724s][info ][gc,phases   ] GC(57)   Other: 0.1ms
[2025-03-19T14:54:29.832+0000][29.724s][info ][gc,heap     ] GC(57) Eden regions: 275->0(7)
[2025-03-19T14:54:29.832+0000][29.724s][info ][gc,heap     ] GC(57) Survivor regions: 11->16(36)
[2025-03-19T14:54:29.832+0000][29.724s][info ][gc,heap     ] GC(57) Old regions: 115->115
[2025-03-19T14:54:29.832+0000][29.724s][info ][gc,heap     ] GC(57) Archive regions: 2->2
[2025-03-19T14:54:29.832+0000][29.724s][info ][gc,heap     ] GC(57) Humongous regions: 0->0
[2025-03-19T14:54:29.832+0000][29.724s][info ][gc,metaspace] GC(57) Metaspace: 150261K(151360K)->150261K(151360K) NonClass: 131847K(132416K)->131847K(132416K) Class: 18414K(18944K)->18414K(18944K)
[2025-03-19T14:54:29.832+0000][29.724s][info ][gc          ] GC(57) Pause Young (Prepare Mixed) (G1 Evacuation Pause) 401M->131M(477M) 19.369ms
[2025-03-19T14:54:29.832+0000][29.724s][info ][gc,cpu      ] GC(57) User=0.07s Sys=0.00s Real=0.01s
[2025-03-19T14:54:29.832+0000][29.724s][info ][safepoint   ] Safepoint "G1CollectForAllocation", Time since last: 1021138800 ns, Reaching safepoint: 57338 ns, Cleanup: 295883 ns, At safepoint: 19502482 ns, Total: 19855703 ns
[2025-03-19T14:54:29.859+0000][29.751s][debug][safepoint   ] Safepoint synchronization initiated using futex wait barrier. (79 threads)
[2025-03-19T14:54:29.860+0000][29.751s][info ][gc,start    ] GC(58) Pause Young (Mixed) (G1 Evacuation Pause)
[2025-03-19T14:54:29.860+0000][29.751s][info ][gc,task     ] GC(58) Using 4 workers of 4 for evacuation
[2025-03-19T14:54:29.878+0000][29.770s][info ][gc,phases   ] GC(58)   Pre Evacuate Collection Set: 0.1ms
[2025-03-19T14:54:29.878+0000][29.770s][info ][gc,phases   ] GC(58)   Merge Heap Roots: 0.1ms
[2025-03-19T14:54:29.878+0000][29.770s][info ][gc,phases   ] GC(58)   Evacuate Collection Set: 16.4ms
[2025-03-19T14:54:29.878+0000][29.770s][info ][gc,phases   ] GC(58)   Post Evacuate Collection Set: 1.9ms
[2025-03-19T14:54:29.878+0000][29.770s][info ][gc,phases   ] GC(58)   Other: 0.1ms
[2025-03-19T14:54:29.878+0000][29.770s][info ][gc,heap     ] GC(58) Eden regions: 7->0(273)
[2025-03-19T14:54:29.878+0000][29.770s][info ][gc,heap     ] GC(58) Survivor regions: 16->2(3)
[2025-03-19T14:54:29.878+0000][29.770s][info ][gc,heap     ] GC(58) Old regions: 115->130
[2025-03-19T14:54:29.878+0000][29.770s][info ][gc,heap     ] GC(58) Archive regions: 2->2
[2025-03-19T14:54:29.878+0000][29.770s][info ][gc,heap     ] GC(58) Humongous regions: 0->0
[2025-03-19T14:54:29.878+0000][29.770s][info ][gc,metaspace] GC(58) Metaspace: 150318K(151360K)->150318K(151360K) NonClass: 131893K(132416K)->131893K(132416K) Class: 18425K(18944K)->18425K(18944K)
[2025-03-19T14:54:29.878+0000][29.770s][info ][gc          ] GC(58) Pause Young (Mixed) (G1 Evacuation Pause) 138M->132M(477M) 18.678ms
[2025-03-19T14:54:29.878+0000][29.770s][info ][gc,cpu      ] GC(58) User=0.06s Sys=0.00s Real=0.02s
[2025-03-19T14:54:29.878+0000][29.770s][info ][safepoint   ] Safepoint "G1CollectForAllocation", Time since last: 27417921 ns, Reaching safepoint: 37861 ns, Cleanup: 3672 ns, At safepoint: 18803356 ns, Total: 18844889 ns
[2025-03-19T14:54:30.497+0000][30.389s][debug][safepoint   ] Safepoint synchronization initiated using futex wait barrier. (80 threads)
[2025-03-19T14:54:30.498+0000][30.389s][info ][safepoint   ] Safepoint "ICBufferFull", Time since last: 619110755 ns, Reaching safepoint: 46545 ns, Cleanup: 89893 ns, At safepoint: 4007 ns, Total: 140445 ns
[2025-03-19T14:54:30.891+0000][30.783s][debug][safepoint   ] Safepoint synchronization initiated using futex wait barrier. (80 threads)
[2025-03-19T14:54:30.892+0000][30.783s][info ][gc,start    ] GC(59) Pause Young (Normal) (G1 Evacuation Pause)
[2025-03-19T14:54:30.892+0000][30.783s][info ][gc,task     ] GC(59) Using 4 workers of 4 for evacuation
[2025-03-19T14:54:30.903+0000][30.795s][info ][gc,phases   ] GC(59)   Pre Evacuate Collection Set: 0.1ms
[2025-03-19T14:54:30.903+0000][30.795s][info ][gc,phases   ] GC(59)   Merge Heap Roots: 0.1ms
[2025-03-19T14:54:30.903+0000][30.795s][info ][gc,phases   ] GC(59)   Evacuate Collection Set: 10.4ms
[2025-03-19T14:54:30.903+0000][30.795s][info ][gc,phases   ] GC(59)   Post Evacuate Collection Set: 1.1ms
[2025-03-19T14:54:30.903+0000][30.795s][info ][gc,phases   ] GC(59)   Other: 0.1ms
[2025-03-19T14:54:30.903+0000][30.795s][info ][gc,heap     ] GC(59) Eden regions: 273->0(266)
[2025-03-19T14:54:30.903+0000][30.795s][info ][gc,heap     ] GC(59) Survivor regions: 2->8(35)
[2025-03-19T14:54:30.903+0000][30.795s][info ][gc,heap     ] GC(59) Old regions: 130->130
[2025-03-19T14:54:30.903+0000][30.795s][info ][gc,heap     ] GC(59) Archive regions: 2->2
[2025-03-19T14:54:30.903+0000][30.795s][info ][gc,heap     ] GC(59) Humongous regions: 0->0
[2025-03-19T14:54:30.903+0000][30.795s][info ][gc,metaspace] GC(59) Metaspace: 152897K(153920K)->152897K(153920K) NonClass: 134113K(134656K)->134113K(134656K) Class: 18784K(19264K)->18784K(19264K)
[2025-03-19T14:54:30.904+0000][30.795s][info ][gc          ] GC(59) Pause Young (Normal) (G1 Evacuation Pause) 405M->138M(477M) 11.906ms
[2025-03-19T14:54:30.904+0000][30.795s][info ][gc,cpu      ] GC(59) User=0.03s Sys=0.01s Real=0.02s
[2025-03-19T14:54:30.904+0000][30.795s][info ][safepoint   ] Safepoint "G1CollectForAllocation", Time since last: 393909752 ns, Reaching safepoint: 38524 ns, Cleanup: 48928 ns, At safepoint: 12049687 ns, Total: 12137139 ns
[2025-03-19T14:54:31.864+0000][31.756s][debug][safepoint   ] Safepoint synchronization initiated using futex wait barrier. (80 threads)
[2025-03-19T14:54:31.864+0000][31.756s][info ][gc,start    ] GC(60) Pause Young (Normal) (G1 Evacuation Pause)
[2025-03-19T14:54:31.864+0000][31.756s][info ][gc,task     ] GC(60) Using 4 workers of 4 for evacuation
[2025-03-19T14:54:31.883+0000][31.775s][info ][gc,phases   ] GC(60)   Pre Evacuate Collection Set: 1.3ms
[2025-03-19T14:54:31.883+0000][31.775s][info ][gc,phases   ] GC(60)   Merge Heap Roots: 0.1ms
[2025-03-19T14:54:31.883+0000][31.775s][info ][gc,phases   ] GC(60)   Evacuate Collection Set: 15.6ms
[2025-03-19T14:54:31.883+0000][31.775s][info ][gc,phases   ] GC(60)   Post Evacuate Collection Set: 1.8ms
[2025-03-19T14:54:31.883+0000][31.775s][info ][gc,phases   ] GC(60)   Other: 0.1ms
[2025-03-19T14:54:31.883+0000][31.775s][info ][gc,heap     ] GC(60) Eden regions: 266->0(262)
[2025-03-19T14:54:31.883+0000][31.775s][info ][gc,heap     ] GC(60) Survivor regions: 8->14(35)
[2025-03-19T14:54:31.883+0000][31.775s][info ][gc,heap     ] GC(60) Old regions: 130->130
[2025-03-19T14:54:31.883+0000][31.775s][info ][gc,heap     ] GC(60) Archive regions: 2->2
[2025-03-19T14:54:31.883+0000][31.775s][info ][gc,heap     ] GC(60) Humongous regions: 0->0
[2025-03-19T14:54:31.883+0000][31.775s][info ][gc,metaspace] GC(60) Metaspace: 156199K(157248K)->156199K(157248K) NonClass: 136948K(137472K)->136948K(137472K) Class: 19251K(19776K)->19251K(19776K)
[2025-03-19T14:54:31.883+0000][31.775s][info ][gc          ] GC(60) Pause Young (Normal) (G1 Evacuation Pause) 404M->144M(477M) 18.980ms
[2025-03-19T14:54:31.883+0000][31.775s][info ][gc,cpu      ] GC(60) User=0.06s Sys=0.00s Real=0.02s
[2025-03-19T14:54:31.883+0000][31.775s][info ][safepoint   ] Safepoint "G1CollectForAllocation", Time since last: 960155101 ns, Reaching safepoint: 45692 ns, Cleanup: 87803 ns, At safepoint: 19033068 ns, Total: 19166563 ns
[2025-03-19T14:54:32.052+0000][31.944s][debug][safepoint   ] ... found polling page loop exception at pc = 0x00007edca1206106, stub =0x00007edca098f400
[2025-03-19T14:54:32.448+0000][32.340s][debug][safepoint   ] Safepoint synchronization initiated using futex wait barrier. (85 threads)
[2025-03-19T14:54:32.448+0000][32.340s][info ][safepoint   ] Safepoint "ICBufferFull", Time since last: 565190211 ns, Reaching safepoint: 37212 ns, Cleanup: 119725 ns, At safepoint: 2859 ns, Total: 159796 ns
[2025-03-19T14:54:32.729+0000][32.621s][debug][safepoint   ] Safepoint synchronization initiated using futex wait barrier. (86 threads)
[2025-03-19T14:54:32.730+0000][32.621s][info ][gc,start    ] GC(61) Pause Young (Normal) (G1 Evacuation Pause)
[2025-03-19T14:54:32.730+0000][32.621s][info ][gc,task     ] GC(61) Using 4 workers of 4 for evacuation
[2025-03-19T14:54:32.753+0000][32.644s][info ][gc,phases   ] GC(61)   Pre Evacuate Collection Set: 0.1ms
[2025-03-19T14:54:32.753+0000][32.645s][info ][gc,phases   ] GC(61)   Merge Heap Roots: 0.2ms
[2025-03-19T14:54:32.753+0000][32.645s][info ][gc,phases   ] GC(61)   Evacuate Collection Set: 20.3ms
[2025-03-19T14:54:32.753+0000][32.645s][info ][gc,phases   ] GC(61)   Post Evacuate Collection Set: 2.3ms
[2025-03-19T14:54:32.753+0000][32.645s][info ][gc,phases   ] GC(61)   Other: 0.1ms
[2025-03-19T14:54:32.753+0000][32.645s][info ][gc,heap     ] GC(61) Eden regions: 262->0(258)
[2025-03-19T14:54:32.753+0000][32.645s][info ][gc,heap     ] GC(61) Survivor regions: 14->19(35)
[2025-03-19T14:54:32.753+0000][32.645s][info ][gc,heap     ] GC(61) Old regions: 130->130
[2025-03-19T14:54:32.753+0000][32.645s][info ][gc,heap     ] GC(61) Archive regions: 2->2
[2025-03-19T14:54:32.753+0000][32.645s][info ][gc,heap     ] GC(61) Humongous regions: 0->0
[2025-03-19T14:54:32.753+0000][32.645s][info ][gc,metaspace] GC(61) Metaspace: 159026K(160064K)->159026K(160064K) NonClass: 139300K(139840K)->139300K(139840K) Class: 19725K(20224K)->19725K(20224K)
[2025-03-19T14:54:32.753+0000][32.645s][info ][gc          ] GC(61) Pause Young (Normal) (G1 Evacuation Pause) 406M->149M(477M) 23.198ms
[2025-03-19T14:54:32.753+0000][32.645s][info ][gc,cpu      ] GC(61) User=0.08s Sys=0.00s Real=0.03s
[2025-03-19T14:54:32.753+0000][32.645s][info ][safepoint   ] Safepoint "G1CollectForAllocation", Time since last: 281159203 ns, Reaching safepoint: 47959 ns, Cleanup: 40340 ns, At safepoint: 23326602 ns, Total: 23414901 ns
[2025-03-19T14:54:33.258+0000][33.150s][debug][safepoint   ] Safepoint synchronization initiated using futex wait barrier. (151 threads)
[2025-03-19T14:54:33.258+0000][33.150s][debug][safepoint   ] ... found polling page loop exception at pc = 0x00007edca1205f53, stub =0x00007edca098f400
[2025-03-19T14:54:33.259+0000][33.150s][info ][safepoint   ] Safepoint "ICBufferFull", Time since last: 505538720 ns, Reaching safepoint: 128342 ns, Cleanup: 123528 ns, At safepoint: 7660 ns, Total: 259530 ns
[2025-03-19T14:54:33.688+0000][33.580s][debug][safepoint   ] Safepoint synchronization initiated using futex wait barrier. (179 threads)
[2025-03-19T14:54:33.690+0000][33.582s][info ][gc,start    ] GC(62) Pause Young (Normal) (G1 Evacuation Pause)
[2025-03-19T14:54:33.690+0000][33.582s][info ][gc,task     ] GC(62) Using 4 workers of 4 for evacuation
[2025-03-19T14:54:33.733+0000][33.625s][info ][gc,phases   ] GC(62)   Pre Evacuate Collection Set: 0.2ms
[2025-03-19T14:54:33.733+0000][33.625s][info ][gc,phases   ] GC(62)   Merge Heap Roots: 0.3ms
[2025-03-19T14:54:33.733+0000][33.625s][info ][gc,phases   ] GC(62)   Evacuate Collection Set: 38.7ms
[2025-03-19T14:54:33.733+0000][33.625s][info ][gc,phases   ] GC(62)   Post Evacuate Collection Set: 3.9ms
[2025-03-19T14:54:33.733+0000][33.625s][info ][gc,phases   ] GC(62)   Other: 0.2ms
[2025-03-19T14:54:33.733+0000][33.625s][info ][gc,heap     ] GC(62) Eden regions: 258->0(252)
[2025-03-19T14:54:33.733+0000][33.625s][info ][gc,heap     ] GC(62) Survivor regions: 19->18(35)
[2025-03-19T14:54:33.733+0000][33.625s][info ][gc,heap     ] GC(62) Old regions: 130->137
[2025-03-19T14:54:33.733+0000][33.625s][info ][gc,heap     ] GC(62) Archive regions: 2->2
[2025-03-19T14:54:33.733+0000][33.625s][info ][gc,heap     ] GC(62) Humongous regions: 0->0
[2025-03-19T14:54:33.733+0000][33.625s][info ][gc,metaspace] GC(62) Metaspace: 164510K(165696K)->164510K(165696K) NonClass: 144131K(144768K)->144131K(144768K) Class: 20378K(20928K)->20378K(20928K)
[2025-03-19T14:54:33.733+0000][33.625s][info ][gc          ] GC(62) Pause Young (Normal) (G1 Evacuation Pause) 407M->155M(477M) 43.374ms
[2025-03-19T14:54:33.733+0000][33.625s][info ][gc,cpu      ] GC(62) User=0.10s Sys=0.00s Real=0.05s
[2025-03-19T14:54:33.735+0000][33.627s][info ][safepoint   ] Safepoint "G1CollectForAllocation", Time since last: 429423257 ns, Reaching safepoint: 1515327 ns, Cleanup: 76583 ns, At safepoint: 45608235 ns, Total: 47200145 ns
[2025-03-19T14:54:34.159+0000][34.050s][debug][safepoint   ] Safepoint synchronization initiated using futex wait barrier. (180 threads)
[2025-03-19T14:54:34.160+0000][34.051s][info ][safepoint   ] Safepoint "ICBufferFull", Time since last: 423284152 ns, Reaching safepoint: 765324 ns, Cleanup: 152432 ns, At safepoint: 15847 ns, Total: 933603 ns
[2025-03-19T14:54:34.615+0000][34.507s][debug][safepoint   ] Safepoint synchronization initiated using futex wait barrier. (190 threads)
[2025-03-19T14:54:34.615+0000][34.507s][info ][safepoint   ] Safepoint "ICBufferFull", Time since last: 455441131 ns, Reaching safepoint: 124268 ns, Cleanup: 112632 ns, At safepoint: 8063 ns, Total: 244963 ns
[2025-03-19T14:54:34.860+0000][34.752s][debug][safepoint   ] Safepoint synchronization initiated using futex wait barrier. (212 threads)
[2025-03-19T14:54:34.861+0000][34.753s][info ][safepoint   ] Safepoint "ICBufferFull", Time since last: 244784147 ns, Reaching safepoint: 877179 ns, Cleanup: 110326 ns, At safepoint: 23180 ns, Total: 1010685 ns
[2025-03-19T14:54:34.865+0000][34.757s][debug][safepoint   ] Safepoint synchronization initiated using futex wait barrier. (212 threads)
[2025-03-19T14:54:34.869+0000][34.761s][info ][safepoint   ] Safepoint "ICBufferFull", Time since last: 3824552 ns, Reaching safepoint: 126564 ns, Cleanup: 18011 ns, At safepoint: 4433106 ns, Total: 4577681 ns
[2025-03-19T14:54:34.871+0000][34.763s][debug][safepoint   ] Safepoint synchronization initiated using futex wait barrier. (213 threads)
[2025-03-19T14:54:34.872+0000][34.764s][info ][safepoint   ] Safepoint "ICBufferFull", Time since last: 1753191 ns, Reaching safepoint: 248014 ns, Cleanup: 13431 ns, At safepoint: 695172 ns, Total: 956617 ns
[2025-03-19T14:54:34.877+0000][34.769s][debug][safepoint   ] Safepoint synchronization initiated using futex wait barrier. (215 threads)
[2025-03-19T14:54:34.879+0000][34.771s][info ][safepoint   ] Safepoint "ICBufferFull", Time since last: 5192715 ns, Reaching safepoint: 110438 ns, Cleanup: 8580 ns, At safepoint: 1750132 ns, Total: 1869150 ns
[2025-03-19T14:54:34.968+0000][34.859s][debug][safepoint   ] Safepoint synchronization initiated using futex wait barrier. (215 threads)
[2025-03-19T14:54:34.968+0000][34.860s][info ][gc,start    ] GC(63) Pause Young (Normal) (G1 Evacuation Pause)
[2025-03-19T14:54:34.968+0000][34.860s][info ][gc,task     ] GC(63) Using 4 workers of 4 for evacuation
[2025-03-19T14:54:34.991+0000][34.883s][info ][gc,phases   ] GC(63)   Pre Evacuate Collection Set: 0.1ms
[2025-03-19T14:54:34.991+0000][34.883s][info ][gc,phases   ] GC(63)   Merge Heap Roots: 0.3ms
[2025-03-19T14:54:34.991+0000][34.883s][info ][gc,phases   ] GC(63)   Evacuate Collection Set: 21.1ms
[2025-03-19T14:54:34.991+0000][34.883s][info ][gc,phases   ] GC(63)   Post Evacuate Collection Set: 1.6ms
[2025-03-19T14:54:34.991+0000][34.883s][info ][gc,phases   ] GC(63)   Other: 0.1ms
[2025-03-19T14:54:34.991+0000][34.883s][info ][gc,heap     ] GC(63) Eden regions: 252->0(238)
[2025-03-19T14:54:34.991+0000][34.883s][info ][gc,heap     ] GC(63) Survivor regions: 18->26(34)
[2025-03-19T14:54:34.991+0000][34.883s][info ][gc,heap     ] GC(63) Old regions: 137->137
[2025-03-19T14:54:34.991+0000][34.883s][info ][gc,heap     ] GC(63) Archive regions: 2->2
[2025-03-19T14:54:34.991+0000][34.883s][info ][gc,heap     ] GC(63) Humongous regions: 0->0
[2025-03-19T14:54:34.991+0000][34.883s][info ][gc,metaspace] GC(63) Metaspace: 171077K(172352K)->171077K(172352K) NonClass: 149932K(150592K)->149932K(150592K) Class: 21145K(21760K)->21145K(21760K)
[2025-03-19T14:54:34.991+0000][34.883s][info ][gc          ] GC(63) Pause Young (Normal) (G1 Evacuation Pause) 407M->163M(477M) 23.266ms
[2025-03-19T14:54:34.991+0000][34.883s][info ][gc,cpu      ] GC(63) User=0.08s Sys=0.00s Real=0.02s
[2025-03-19T14:54:34.992+0000][34.884s][info ][safepoint   ] Safepoint "G1CollectForAllocation", Time since last: 88526460 ns, Reaching safepoint: 129086 ns, Cleanup: 38144 ns, At safepoint: 24363655 ns, Total: 24530885 ns
[2025-03-19T14:54:35.076+0000][34.968s][debug][safepoint   ] ... found polling page loop exception at pc = 0x00007edca1206106, stub =0x00007edca098f400
[2025-03-19T14:54:35.077+0000][34.968s][debug][safepoint   ] ... found polling page loop exception at pc = 0x00007edc9a863ce1, stub =0x00007edca098f400
[2025-03-19T14:54:35.728+0000][35.619s][debug][safepoint   ] Safepoint synchronization initiated using futex wait barrier. (218 threads)
[2025-03-19T14:54:35.728+0000][35.619s][info ][safepoint   ] Safepoint "ICBufferFull", Time since last: 735297757 ns, Reaching safepoint: 55098 ns, Cleanup: 96516 ns, At safepoint: 4375 ns, Total: 155989 ns
[2025-03-19T14:54:36.046+0000][35.938s][debug][safepoint   ] Safepoint synchronization initiated using futex wait barrier. (221 threads)
[2025-03-19T14:54:36.046+0000][35.938s][info ][safepoint   ] Safepoint "ICBufferFull", Time since last: 318357244 ns, Reaching safepoint: 68275 ns, Cleanup: 102491 ns, At safepoint: 3209 ns, Total: 173975 ns
[2025-03-19T14:54:36.300+0000][36.192s][debug][safepoint   ] Safepoint synchronization initiated using futex wait barrier. (227 threads)
[2025-03-19T14:54:36.300+0000][36.192s][info ][safepoint   ] Safepoint "ICBufferFull", Time since last: 253856117 ns, Reaching safepoint: 117555 ns, Cleanup: 81130 ns, At safepoint: 42666 ns, Total: 241351 ns
[2025-03-19T14:54:37.374+0000][37.266s][debug][safepoint   ] Safepoint synchronization initiated using futex wait barrier. (228 threads)
[2025-03-19T14:54:37.374+0000][37.266s][info ][safepoint   ] Safepoint "Cleanup", Time since last: 1073505882 ns, Reaching safepoint: 67177 ns, Cleanup: 173463 ns, At safepoint: 6331 ns, Total: 246971 ns
[2025-03-19T14:54:38.451+0000][38.343s][debug][safepoint   ] Safepoint synchronization initiated using futex wait barrier. (228 threads)
[2025-03-19T14:54:38.451+0000][38.343s][info ][safepoint   ] Safepoint "Cleanup", Time since last: 1076866631 ns, Reaching safepoint: 40592 ns, Cleanup: 13345 ns, At safepoint: 2495 ns, Total: 56432 ns
[2025-03-19T14:54:39.451+0000][39.343s][debug][safepoint   ] Safepoint synchronization initiated using futex wait barrier. (229 threads)
[2025-03-19T14:54:39.451+0000][39.343s][info ][safepoint   ] Safepoint "Cleanup", Time since last: 1000095694 ns, Reaching safepoint: 68172 ns, Cleanup: 59706 ns, At safepoint: 7135 ns, Total: 135013 ns
[2025-03-19T14:54:39.771+0000][39.663s][debug][safepoint   ] Safepoint synchronization initiated using futex wait barrier. (230 threads)
[2025-03-19T14:54:39.771+0000][39.663s][info ][gc,start    ] GC(64) Pause Young (Normal) (G1 Evacuation Pause)
[2025-03-19T14:54:39.771+0000][39.663s][info ][gc,task     ] GC(64) Using 4 workers of 4 for evacuation
[2025-03-19T14:54:39.795+0000][39.687s][info ][gc,phases   ] GC(64)   Pre Evacuate Collection Set: 0.1ms
[2025-03-19T14:54:39.795+0000][39.687s][info ][gc,phases   ] GC(64)   Merge Heap Roots: 0.1ms
[2025-03-19T14:54:39.795+0000][39.687s][info ][gc,phases   ] GC(64)   Evacuate Collection Set: 22.3ms
[2025-03-19T14:54:39.795+0000][39.687s][info ][gc,phases   ] GC(64)   Post Evacuate Collection Set: 1.6ms
[2025-03-19T14:54:39.795+0000][39.687s][info ][gc,phases   ] GC(64)   Other: 0.1ms
[2025-03-19T14:54:39.795+0000][39.687s][info ][gc,heap     ] GC(64) Eden regions: 238->0(236)
[2025-03-19T14:54:39.795+0000][39.687s][info ][gc,heap     ] GC(64) Survivor regions: 26->22(33)
[2025-03-19T14:54:39.795+0000][39.687s][info ][gc,heap     ] GC(64) Old regions: 137->147
[2025-03-19T14:54:39.795+0000][39.687s][info ][gc,heap     ] GC(64) Archive regions: 2->2
[2025-03-19T14:54:39.795+0000][39.687s][info ][gc,heap     ] GC(64) Humongous regions: 0->0
[2025-03-19T14:54:39.795+0000][39.687s][info ][gc,metaspace] GC(64) Metaspace: 180881K(182208K)->180881K(182208K) NonClass: 158480K(159168K)->158480K(159168K) Class: 22400K(23040K)->22400K(23040K)
[2025-03-19T14:54:39.795+0000][39.687s][info ][gc          ] GC(64) Pause Young (Normal) (G1 Evacuation Pause) 401M->169M(477M) 24.247ms
[2025-03-19T14:54:39.795+0000][39.687s][info ][gc,cpu      ] GC(64) User=0.08s Sys=0.00s Real=0.03s
[2025-03-19T14:54:39.796+0000][39.687s][info ][safepoint   ] Safepoint "G1CollectForAllocation", Time since last: 319818550 ns, Reaching safepoint: 34703 ns, Cleanup: 23059 ns, At safepoint: 24536269 ns, Total: 24594031 ns
[2025-03-19T14:54:40.796+0000][40.687s][debug][safepoint   ] Safepoint synchronization initiated using futex wait barrier. (230 threads)
[2025-03-19T14:54:40.796+0000][40.688s][info ][safepoint   ] Safepoint "Cleanup", Time since last: 1000077952 ns, Reaching safepoint: 48145 ns, Cleanup: 46493 ns, At safepoint: 4207 ns, Total: 98845 ns
[2025-03-19T14:54:41.395+0000][41.287s][debug][safepoint   ] Safepoint synchronization initiated using futex wait barrier. (229 threads)
[2025-03-19T14:54:41.395+0000][41.287s][info ][gc,start    ] GC(65) Pause Young (Normal) (G1 Evacuation Pause)
[2025-03-19T14:54:41.395+0000][41.287s][info ][gc,task     ] GC(65) Using 4 workers of 4 for evacuation
[2025-03-19T14:54:41.410+0000][41.302s][info ][gc,phases   ] GC(65)   Pre Evacuate Collection Set: 0.1ms
[2025-03-19T14:54:41.410+0000][41.302s][info ][gc,phases   ] GC(65)   Merge Heap Roots: 0.1ms
[2025-03-19T14:54:41.410+0000][41.302s][info ][gc,phases   ] GC(65)   Evacuate Collection Set: 13.6ms
[2025-03-19T14:54:41.410+0000][41.302s][info ][gc,phases   ] GC(65)   Post Evacuate Collection Set: 1.2ms
[2025-03-19T14:54:41.410+0000][41.302s][info ][gc,phases   ] GC(65)   Other: 0.1ms
[2025-03-19T14:54:41.410+0000][41.302s][info ][gc,heap     ] GC(65) Eden regions: 236->0(239)
[2025-03-19T14:54:41.410+0000][41.302s][info ][gc,heap     ] GC(65) Survivor regions: 22->17(33)
[2025-03-19T14:54:41.410+0000][41.302s][info ][gc,heap     ] GC(65) Old regions: 147->153
[2025-03-19T14:54:41.410+0000][41.302s][info ][gc,heap     ] GC(65) Archive regions: 2->2
[2025-03-19T14:54:41.410+0000][41.302s][info ][gc,heap     ] GC(65) Humongous regions: 0->0
[2025-03-19T14:54:41.410+0000][41.302s][info ][gc,metaspace] GC(65) Metaspace: 181003K(182272K)->181003K(182272K) NonClass: 158594K(159232K)->158594K(159232K) Class: 22408K(23040K)->22408K(23040K)
[2025-03-19T14:54:41.410+0000][41.302s][info ][gc          ] GC(65) Pause Young (Normal) (G1 Evacuation Pause) 405M->169M(477M) 15.121ms
[2025-03-19T14:54:41.410+0000][41.302s][info ][gc,cpu      ] GC(65) User=0.06s Sys=0.00s Real=0.01s
[2025-03-19T14:54:41.410+0000][41.302s][info ][safepoint   ] Safepoint "G1CollectForAllocation", Time since last: 598967361 ns, Reaching safepoint: 33582 ns, Cleanup: 13332 ns, At safepoint: 15304603 ns, Total: 15351517 ns
[2025-03-19T14:54:42.410+0000][42.302s][debug][safepoint   ] Safepoint synchronization initiated using futex wait barrier. (230 threads)
[2025-03-19T14:54:42.410+0000][42.302s][info ][safepoint   ] Safepoint "Cleanup", Time since last: 1000078233 ns, Reaching safepoint: 79587 ns, Cleanup: 17867 ns, At safepoint: 4243 ns, Total: 101697 ns
[2025-03-19T14:54:42.641+0000][42.532s][debug][safepoint   ] Safepoint synchronization initiated using futex wait barrier. (230 threads)
[2025-03-19T14:54:42.641+0000][42.533s][info ][gc,start    ] GC(66) Pause Young (Normal) (G1 Evacuation Pause)
[2025-03-19T14:54:42.641+0000][42.533s][info ][gc,task     ] GC(66) Using 4 workers of 4 for evacuation
[2025-03-19T14:54:42.656+0000][42.548s][info ][gc,phases   ] GC(66)   Pre Evacuate Collection Set: 0.1ms
[2025-03-19T14:54:42.656+0000][42.548s][info ][gc,phases   ] GC(66)   Merge Heap Roots: 0.1ms
[2025-03-19T14:54:42.656+0000][42.548s][info ][gc,phases   ] GC(66)   Evacuate Collection Set: 13.7ms
[2025-03-19T14:54:42.656+0000][42.548s][info ][gc,phases   ] GC(66)   Post Evacuate Collection Set: 1.1ms
[2025-03-19T14:54:42.656+0000][42.548s][info ][gc,phases   ] GC(66)   Other: 0.1ms
[2025-03-19T14:54:42.656+0000][42.548s][info ][gc,heap     ] GC(66) Eden regions: 239->0(240)
[2025-03-19T14:54:42.656+0000][42.548s][info ][gc,heap     ] GC(66) Survivor regions: 17->17(32)
[2025-03-19T14:54:42.656+0000][42.548s][info ][gc,heap     ] GC(66) Old regions: 153->153
[2025-03-19T14:54:42.656+0000][42.548s][info ][gc,heap     ] GC(66) Archive regions: 2->2
[2025-03-19T14:54:42.656+0000][42.548s][info ][gc,heap     ] GC(66) Humongous regions: 0->0
[2025-03-19T14:54:42.656+0000][42.548s][info ][gc,metaspace] GC(66) Metaspace: 181031K(182336K)->181031K(182336K) NonClass: 158623K(159296K)->158623K(159296K) Class: 22408K(23040K)->22408K(23040K)
[2025-03-19T14:54:42.656+0000][42.548s][info ][gc          ] GC(66) Pause Young (Normal) (G1 Evacuation Pause) 408M->169M(477M) 15.093ms
[2025-03-19T14:54:42.656+0000][42.548s][info ][gc,cpu      ] GC(66) User=0.06s Sys=0.00s Real=0.02s
[2025-03-19T14:54:42.656+0000][42.548s][info ][safepoint   ] Safepoint "G1CollectForAllocation", Time since last: 230395322 ns, Reaching safepoint: 34032 ns, Cleanup: 3907 ns, At safepoint: 15175999 ns, Total: 15213938 ns
[2025-03-19T14:54:43.085+0000][42.977s][debug][safepoint   ] Safepoint synchronization initiated using futex wait barrier. (233 threads)
[2025-03-19T14:54:43.085+0000][42.977s][info ][safepoint   ] Safepoint "ICBufferFull", Time since last: 429158093 ns, Reaching safepoint: 55073 ns, Cleanup: 90894 ns, At safepoint: 3584 ns, Total: 149551 ns
[2025-03-19T14:54:43.365+0000][43.257s][debug][safepoint   ] Safepoint synchronization initiated using futex wait barrier. (234 threads)
[2025-03-19T14:54:43.365+0000][43.257s][info ][safepoint   ] Safepoint "ICBufferFull", Time since last: 279601575 ns, Reaching safepoint: 56144 ns, Cleanup: 111987 ns, At safepoint: 3378 ns, Total: 171509 ns
[2025-03-19T14:54:44.457+0000][44.349s][debug][safepoint   ] Safepoint synchronization initiated using futex wait barrier. (233 threads)
[2025-03-19T14:54:44.457+0000][44.349s][info ][safepoint   ] Safepoint "Cleanup", Time since last: 1092101325 ns, Reaching safepoint: 109651 ns, Cleanup: 176417 ns, At safepoint: 13537 ns, Total: 299605 ns
[2025-03-19T14:54:45.457+0000][45.349s][debug][safepoint   ] Safepoint synchronization initiated using futex wait barrier. (233 threads)
[2025-03-19T14:54:45.458+0000][45.349s][info ][safepoint   ] Safepoint "Cleanup", Time since last: 1000095912 ns, Reaching safepoint: 90814 ns, Cleanup: 20638 ns, At safepoint: 6379 ns, Total: 117831 ns
[2025-03-19T14:54:47.458+0000][47.350s][debug][safepoint   ] Safepoint synchronization initiated using futex wait barrier. (233 threads)
[2025-03-19T14:54:47.458+0000][47.350s][info ][safepoint   ] Safepoint "Cleanup", Time since last: 2000172865 ns, Reaching safepoint: 85449 ns, Cleanup: 21723 ns, At safepoint: 8779 ns, Total: 115951 ns
[2025-03-19T14:54:49.458+0000][49.350s][debug][safepoint   ] Safepoint synchronization initiated using futex wait barrier. (232 threads)
[2025-03-19T14:54:49.458+0000][49.350s][info ][safepoint   ] Safepoint "Cleanup", Time since last: 2000197410 ns, Reaching safepoint: 70124 ns, Cleanup: 15114 ns, At safepoint: 5762 ns, Total: 91000 ns
[2025-03-19T14:54:50.473+0000][50.365s][debug][safepoint   ] Safepoint synchronization initiated using futex wait barrier. (232 threads)
[2025-03-19T14:54:50.473+0000][50.365s][info ][gc,start    ] GC(67) Pause Young (Normal) (G1 Evacuation Pause)
[2025-03-19T14:54:50.473+0000][50.365s][info ][gc,task     ] GC(67) Using 4 workers of 4 for evacuation
[2025-03-19T14:54:50.499+0000][50.391s][info ][gc,phases   ] GC(67)   Pre Evacuate Collection Set: 0.2ms
[2025-03-19T14:54:50.499+0000][50.391s][info ][gc,phases   ] GC(67)   Merge Heap Roots: 0.2ms
[2025-03-19T14:54:50.499+0000][50.391s][info ][gc,phases   ] GC(67)   Evacuate Collection Set: 23.8ms
[2025-03-19T14:54:50.499+0000][50.391s][info ][gc,phases   ] GC(67)   Post Evacuate Collection Set: 1.4ms
[2025-03-19T14:54:50.499+0000][50.391s][info ][gc,phases   ] GC(67)   Other: 0.2ms
[2025-03-19T14:54:50.499+0000][50.391s][info ][gc,heap     ] GC(67) Eden regions: 240->0(226)
[2025-03-19T14:54:50.499+0000][50.391s][info ][gc,heap     ] GC(67) Survivor regions: 17->24(33)
[2025-03-19T14:54:50.499+0000][50.391s][info ][gc,heap     ] GC(67) Old regions: 153->153
[2025-03-19T14:54:50.499+0000][50.391s][info ][gc,heap     ] GC(67) Archive regions: 2->2
[2025-03-19T14:54:50.499+0000][50.391s][info ][gc,heap     ] GC(67) Humongous regions: 15->0
[2025-03-19T14:54:50.499+0000][50.391s][info ][gc,metaspace] GC(67) Metaspace: 184497K(185856K)->184497K(185856K) NonClass: 161763K(162432K)->161763K(162432K) Class: 22734K(23424K)->22734K(23424K)
[2025-03-19T14:54:50.499+0000][50.391s][info ][gc          ] GC(67) Pause Young (Normal) (G1 Evacuation Pause) 424M->177M(477M) 25.913ms
[2025-03-19T14:54:50.499+0000][50.391s][info ][gc,cpu      ] GC(67) User=0.09s Sys=0.00s Real=0.02s
[2025-03-19T14:54:50.500+0000][50.392s][info ][safepoint   ] Safepoint "G1CollectForAllocation", Time since last: 1014851714 ns, Reaching safepoint: 94499 ns, Cleanup: 11578 ns, At safepoint: 26590896 ns, Total: 26696973 ns
[2025-03-19T14:54:52.117+0000][52.009s][debug][safepoint   ] Safepoint synchronization initiated using futex wait barrier. (232 threads)
[2025-03-19T14:54:52.117+0000][52.009s][info ][safepoint   ] Safepoint "Cleanup", Time since last: 1617070646 ns, Reaching safepoint: 74719 ns, Cleanup: 100714 ns, At safepoint: 9016 ns, Total: 184449 ns
[2025-03-19T14:54:54.117+0000][54.009s][debug][safepoint   ] Safepoint synchronization initiated using futex wait barrier. (232 threads)
[2025-03-19T14:54:54.117+0000][54.009s][info ][safepoint   ] Safepoint "Cleanup", Time since last: 2000193338 ns, Reaching safepoint: 75552 ns, Cleanup: 15169 ns, At safepoint: 22534 ns, Total: 113255 ns
[2025-03-19T14:54:57.118+0000][57.009s][debug][safepoint   ] Safepoint synchronization initiated using futex wait barrier. (232 threads)
[2025-03-19T14:54:57.118+0000][57.009s][info ][safepoint   ] Safepoint "Cleanup", Time since last: 3000222923 ns, Reaching safepoint: 76418 ns, Cleanup: 18995 ns, At safepoint: 7444 ns, Total: 102857 ns
[2025-03-19T14:54:59.118+0000][59.010s][debug][safepoint   ] Safepoint synchronization initiated using futex wait barrier. (232 threads)
[2025-03-19T14:54:59.118+0000][59.010s][info ][safepoint   ] Safepoint "Cleanup", Time since last: 2000135540 ns, Reaching safepoint: 63087 ns, Cleanup: 9011 ns, At safepoint: 11014 ns, Total: 83112 ns
[2025-03-19T14:55:00.295+0000][60.187s][debug][safepoint   ] ... found polling page loop exception at pc = 0x00007edca12aa211, stub =0x00007edca098f400
[2025-03-19T14:55:00.304+0000][60.196s][debug][safepoint   ] Safepoint synchronization initiated using futex wait barrier. (232 threads)
[2025-03-19T14:55:00.304+0000][60.196s][debug][safepoint   ] ... found polling page loop exception at pc = 0x00007edca16663a0, stub =0x00007edca098eb80
[2025-03-19T14:55:00.307+0000][60.199s][info ][safepoint   ] Safepoint "Cleanup", Time since last: 1186040731 ns, Reaching safepoint: 412408 ns, Cleanup: 125327 ns, At safepoint: 2628426 ns, Total: 3166161 ns
[2025-03-19T14:55:01.028+0000][60.920s][debug][safepoint   ] Safepoint synchronization initiated using futex wait barrier. (233 threads)
[2025-03-19T14:55:01.028+0000][60.920s][info ][safepoint   ] Safepoint "ICBufferFull", Time since last: 721213129 ns, Reaching safepoint: 67564 ns, Cleanup: 136657 ns, At safepoint: 7678 ns, Total: 211899 ns
[2025-03-19T14:55:02.066+0000][61.958s][debug][safepoint   ] Safepoint synchronization initiated using futex wait barrier. (232 threads)
[2025-03-19T14:55:02.066+0000][61.958s][info ][safepoint   ] Safepoint "Cleanup", Time since last: 1037799959 ns, Reaching safepoint: 88427 ns, Cleanup: 96882 ns, At safepoint: 6396 ns, Total: 191705 ns
[2025-03-19T14:55:05.067+0000][64.959s][debug][safepoint   ] Safepoint synchronization initiated using futex wait barrier. (233 threads)
[2025-03-19T14:55:05.067+0000][64.959s][info ][safepoint   ] Safepoint "Cleanup", Time since last: 3000279694 ns, Reaching safepoint: 101070 ns, Cleanup: 97341 ns, At safepoint: 8729 ns, Total: 207140 ns
[2025-03-19T14:55:06.067+0000][65.959s][debug][safepoint   ] Safepoint synchronization initiated using futex wait barrier. (232 threads)
[2025-03-19T14:55:06.067+0000][65.959s][info ][safepoint   ] Safepoint "Cleanup", Time since last: 1000092950 ns, Reaching safepoint: 41449 ns, Cleanup: 9790 ns, At safepoint: 2609 ns, Total: 53848 ns
[2025-03-19T14:55:07.067+0000][66.959s][debug][safepoint   ] Safepoint synchronization initiated using futex wait barrier. (232 threads)
[2025-03-19T14:55:07.067+0000][66.959s][info ][safepoint   ] Safepoint "Cleanup", Time since last: 1000204406 ns, Reaching safepoint: 125375 ns, Cleanup: 18652 ns, At safepoint: 13932 ns, Total: 157959 ns
[2025-03-19T14:55:08.068+0000][67.959s][debug][safepoint   ] Safepoint synchronization initiated using futex wait barrier. (233 threads)
[2025-03-19T14:55:08.068+0000][67.959s][info ][safepoint   ] Safepoint "Cleanup", Time since last: 1000084682 ns, Reaching safepoint: 71083 ns, Cleanup: 32375 ns, At safepoint: 6524 ns, Total: 109982 ns
[2025-03-19T14:55:12.068+0000][71.960s][debug][safepoint   ] Safepoint synchronization initiated using futex wait barrier. (232 threads)
[2025-03-19T14:55:12.068+0000][71.960s][info ][safepoint   ] Safepoint "Cleanup", Time since last: 4000358658 ns, Reaching safepoint: 80145 ns, Cleanup: 19684 ns, At safepoint: 6747 ns, Total: 106576 ns
[2025-03-19T14:55:13.068+0000][72.960s][debug][safepoint   ] Safepoint synchronization initiated using futex wait barrier. (232 threads)
[2025-03-19T14:55:13.068+0000][72.960s][info ][safepoint   ] Safepoint "Cleanup", Time since last: 1000121530 ns, Reaching safepoint: 91116 ns, Cleanup: 24443 ns, At safepoint: 8499 ns, Total: 124058 ns
[2025-03-19T14:55:14.573+0000][74.465s][debug][safepoint   ] Safepoint synchronization initiated using futex wait barrier. (232 threads)
[2025-03-19T14:55:14.573+0000][74.465s][info ][gc,start    ] GC(68) Pause Young (Normal) (G1 Evacuation Pause)
[2025-03-19T14:55:14.573+0000][74.465s][info ][gc,task     ] GC(68) Using 4 workers of 4 for evacuation
[2025-03-19T14:55:14.602+0000][74.494s][info ][gc,phases   ] GC(68)   Pre Evacuate Collection Set: 0.2ms
[2025-03-19T14:55:14.602+0000][74.494s][info ][gc,phases   ] GC(68)   Merge Heap Roots: 0.3ms
[2025-03-19T14:55:14.602+0000][74.494s][info ][gc,phases   ] GC(68)   Evacuate Collection Set: 27.1ms
[2025-03-19T14:55:14.602+0000][74.494s][info ][gc,phases   ] GC(68)   Post Evacuate Collection Set: 1.3ms
[2025-03-19T14:55:14.602+0000][74.494s][info ][gc,phases   ] GC(68)   Other: 0.2ms
[2025-03-19T14:55:14.602+0000][74.494s][info ][gc,heap     ] GC(68) Eden regions: 226->0(223)
[2025-03-19T14:55:14.602+0000][74.494s][info ][gc,heap     ] GC(68) Survivor regions: 24->21(32)
[2025-03-19T14:55:14.602+0000][74.494s][info ][gc,heap     ] GC(68) Old regions: 153->162
[2025-03-19T14:55:14.602+0000][74.494s][info ][gc,heap     ] GC(68) Archive regions: 2->2
[2025-03-19T14:55:14.602+0000][74.494s][info ][gc,heap     ] GC(68) Humongous regions: 14->0
[2025-03-19T14:55:14.602+0000][74.494s][info ][gc,metaspace] GC(68) Metaspace: 186349K(187712K)->186349K(187712K) NonClass: 163475K(164160K)->163475K(164160K) Class: 22873K(23552K)->22873K(23552K)
[2025-03-19T14:55:14.603+0000][74.494s][info ][gc          ] GC(68) Pause Young (Normal) (G1 Evacuation Pause) 417M->182M(477M) 29.088ms
[2025-03-19T14:55:14.603+0000][74.494s][info ][gc,cpu      ] GC(68) User=0.11s Sys=0.00s Real=0.03s
[2025-03-19T14:55:14.603+0000][74.494s][info ][safepoint   ] Safepoint "G1CollectForAllocation", Time since last: 1504864278 ns, Reaching safepoint: 109502 ns, Cleanup: 17214 ns, At safepoint: 29359874 ns, Total: 29486590 ns
[2025-03-19T14:55:15.603+0000][75.495s][debug][safepoint   ] Safepoint synchronization initiated using futex wait barrier. (232 threads)
[2025-03-19T14:55:15.603+0000][75.495s][info ][safepoint   ] Safepoint "Cleanup", Time since last: 1000208574 ns, Reaching safepoint: 82174 ns, Cleanup: 24944 ns, At safepoint: 7520 ns, Total: 114638 ns
[2025-03-19T14:55:17.603+0000][77.495s][debug][safepoint   ] Safepoint synchronization initiated using futex wait barrier. (232 threads)
[2025-03-19T14:55:17.603+0000][77.495s][info ][safepoint   ] Safepoint "Cleanup", Time since last: 2000188395 ns, Reaching safepoint: 100732 ns, Cleanup: 20896 ns, At safepoint: 7285 ns, Total: 128913 ns
[2025-03-19T14:55:18.603+0000][78.495s][debug][safepoint   ] Safepoint synchronization initiated using futex wait barrier. (232 threads)
[2025-03-19T14:55:18.604+0000][78.495s][info ][safepoint   ] Safepoint "Cleanup", Time since last: 1000097809 ns, Reaching safepoint: 71870 ns, Cleanup: 15075 ns, At safepoint: 7844 ns, Total: 94789 ns
[2025-03-19T14:55:20.604+0000][80.495s][debug][safepoint   ] Safepoint synchronization initiated using futex wait barrier. (233 threads)
[2025-03-19T14:55:20.604+0000][80.496s][info ][safepoint   ] Safepoint "Cleanup", Time since last: 2000156041 ns, Reaching safepoint: 358981 ns, Cleanup: 48629 ns, At safepoint: 18902 ns, Total: 426512 ns
[2025-03-19T14:55:21.604+0000][81.496s][debug][safepoint   ] Safepoint synchronization initiated using futex wait barrier. (232 threads)
[2025-03-19T14:55:21.604+0000][81.496s][info ][safepoint   ] Safepoint "Cleanup", Time since last: 1000083504 ns, Reaching safepoint: 51248 ns, Cleanup: 91815 ns, At safepoint: 3801 ns, Total: 146864 ns
[2025-03-19T14:55:23.605+0000][83.496s][debug][safepoint   ] Safepoint synchronization initiated using futex wait barrier. (232 threads)
[2025-03-19T14:55:23.605+0000][83.497s][info ][safepoint   ] Safepoint "Cleanup", Time since last: 2000213239 ns, Reaching safepoint: 97652 ns, Cleanup: 62064 ns, At safepoint: 13375 ns, Total: 173091 ns
[2025-03-19T14:55:24.605+0000][84.497s][debug][safepoint   ] Safepoint synchronization initiated using futex wait barrier. (232 threads)
[2025-03-19T14:55:24.605+0000][84.497s][info ][safepoint   ] Safepoint "Cleanup", Time since last: 1000087497 ns, Reaching safepoint: 86781 ns, Cleanup: 15774 ns, At safepoint: 6383 ns, Total: 108938 ns
[2025-03-19T14:55:27.605+0000][87.497s][debug][safepoint   ] Safepoint synchronization initiated using futex wait barrier. (232 threads)
[2025-03-19T14:55:27.605+0000][87.497s][info ][safepoint   ] Safepoint "Cleanup", Time since last: 3000358549 ns, Reaching safepoint: 122755 ns, Cleanup: 13258 ns, At safepoint: 4861 ns, Total: 140874 ns
[2025-03-19T14:55:28.606+0000][88.497s][debug][safepoint   ] Safepoint synchronization initiated using futex wait barrier. (232 threads)
[2025-03-19T14:55:28.606+0000][88.497s][info ][safepoint   ] Safepoint "Cleanup", Time since last: 1000095861 ns, Reaching safepoint: 75995 ns, Cleanup: 15344 ns, At safepoint: 7577 ns, Total: 98916 ns
[2025-03-19T14:55:30.606+0000][90.498s][debug][safepoint   ] Safepoint synchronization initiated using futex wait barrier. (232 threads)
[2025-03-19T14:55:30.606+0000][90.498s][info ][safepoint   ] Safepoint "Cleanup", Time since last: 2000183899 ns, Reaching safepoint: 83807 ns, Cleanup: 22581 ns, At safepoint: 8246 ns, Total: 114634 ns
[2025-03-19T14:55:33.606+0000][93.498s][debug][safepoint   ] Safepoint synchronization initiated using futex wait barrier. (229 threads)
[2025-03-19T14:55:33.606+0000][93.498s][info ][safepoint   ] Safepoint "Cleanup", Time since last: 3000274795 ns, Reaching safepoint: 92367 ns, Cleanup: 74330 ns, At safepoint: 8845 ns, Total: 175542 ns
[2025-03-19T14:55:34.607+0000][94.498s][debug][safepoint   ] Safepoint synchronization initiated using futex wait barrier. (227 threads)
[2025-03-19T14:55:34.607+0000][94.498s][info ][safepoint   ] Safepoint "Cleanup", Time since last: 1000114475 ns, Reaching safepoint: 79036 ns, Cleanup: 23615 ns, At safepoint: 7838 ns, Total: 110489 ns
[2025-03-19T14:55:35.607+0000][95.499s][debug][safepoint   ] Safepoint synchronization initiated using futex wait barrier. (226 threads)
[2025-03-19T14:55:35.607+0000][95.499s][info ][safepoint   ] Safepoint "Cleanup", Time since last: 1000111536 ns, Reaching safepoint: 81968 ns, Cleanup: 27097 ns, At safepoint: 8337 ns, Total: 117402 ns
[2025-03-19T14:55:36.607+0000][96.499s][debug][safepoint   ] Safepoint synchronization initiated using futex wait barrier. (223 threads)
[2025-03-19T14:55:36.607+0000][96.499s][info ][safepoint   ] Safepoint "Cleanup", Time since last: 1000102205 ns, Reaching safepoint: 103181 ns, Cleanup: 67545 ns, At safepoint: 8176 ns, Total: 178902 ns
[2025-03-19T14:55:38.607+0000][98.499s][debug][safepoint   ] Safepoint synchronization initiated using futex wait barrier. (223 threads)
[2025-03-19T14:55:38.607+0000][98.499s][info ][safepoint   ] Safepoint "Cleanup", Time since last: 2000210331 ns, Reaching safepoint: 102923 ns, Cleanup: 34339 ns, At safepoint: 8142 ns, Total: 145404 ns
[2025-03-19T14:55:39.608+0000][99.499s][debug][safepoint   ] Safepoint synchronization initiated using futex wait barrier. (223 threads)
[2025-03-19T14:55:39.608+0000][99.499s][info ][safepoint   ] Safepoint "Cleanup", Time since last: 1000099033 ns, Reaching safepoint: 66200 ns, Cleanup: 12719 ns, At safepoint: 3252 ns, Total: 82171 ns
[2025-03-19T14:55:40.608+0000][100.500s][debug][safepoint   ] Safepoint synchronization initiated using futex wait barrier. (223 threads)
[2025-03-19T14:55:40.608+0000][100.500s][info ][safepoint   ] Safepoint "Cleanup", Time since last: 1000113301 ns, Reaching safepoint: 78798 ns, Cleanup: 19226 ns, At safepoint: 7672 ns, Total: 105696 ns
[2025-03-19T14:55:42.608+0000][102.500s][debug][safepoint   ] Safepoint synchronization initiated using futex wait barrier. (223 threads)
[2025-03-19T14:55:42.608+0000][102.500s][info ][safepoint   ] Safepoint "Cleanup", Time since last: 2000169775 ns, Reaching safepoint: 48526 ns, Cleanup: 9011 ns, At safepoint: 3814 ns, Total: 61351 ns
[2025-03-19T14:55:44.608+0000][104.500s][debug][safepoint   ] Safepoint synchronization initiated using futex wait barrier. (221 threads)
[2025-03-19T14:55:44.608+0000][104.500s][info ][safepoint   ] Safepoint "Cleanup", Time since last: 2000229790 ns, Reaching safepoint: 84751 ns, Cleanup: 17336 ns, At safepoint: 7787 ns, Total: 109874 ns
[2025-03-19T14:55:48.610+0000][108.501s][debug][safepoint   ] Safepoint synchronization initiated using futex wait barrier. (221 threads)
[2025-03-19T14:55:48.610+0000][108.502s][info ][safepoint   ] Safepoint "Cleanup", Time since last: 4001165794 ns, Reaching safepoint: 121962 ns, Cleanup: 20183 ns, At safepoint: 8829 ns, Total: 150974 ns
[2025-03-19T14:55:50.610+0000][110.502s][debug][safepoint   ] Safepoint synchronization initiated using futex wait barrier. (221 threads)
[2025-03-19T14:55:50.610+0000][110.502s][info ][safepoint   ] Safepoint "Cleanup", Time since last: 2000196935 ns, Reaching safepoint: 93951 ns, Cleanup: 18217 ns, At safepoint: 7265 ns, Total: 119433 ns
[2025-03-19T14:55:51.610+0000][111.502s][debug][safepoint   ] Safepoint synchronization initiated using futex wait barrier. (221 threads)
[2025-03-19T14:55:51.610+0000][111.502s][info ][safepoint   ] Safepoint "Cleanup", Time since last: 1000082761 ns, Reaching safepoint: 51396 ns, Cleanup: 11530 ns, At safepoint: 3858 ns, Total: 66784 ns
[2025-03-19T14:55:53.610+0000][113.502s][debug][safepoint   ] Safepoint synchronization initiated using futex wait barrier. (221 threads)
[2025-03-19T14:55:53.611+0000][113.502s][info ][safepoint   ] Safepoint "Cleanup", Time since last: 2000185893 ns, Reaching safepoint: 112236 ns, Cleanup: 20246 ns, At safepoint: 7081 ns, Total: 139563 ns
[2025-03-19T14:55:54.611+0000][114.502s][debug][safepoint   ] Safepoint synchronization initiated using futex wait barrier. (221 threads)
[2025-03-19T14:55:54.611+0000][114.503s][info ][safepoint   ] Safepoint "Cleanup", Time since last: 1000137627 ns, Reaching safepoint: 80291 ns, Cleanup: 20811 ns, At safepoint: 7019 ns, Total: 108121 ns
[2025-03-19T14:55:58.611+0000][118.503s][debug][safepoint   ] Safepoint synchronization initiated using futex wait barrier. (221 threads)
[2025-03-19T14:55:58.611+0000][118.503s][info ][safepoint   ] Safepoint "Cleanup", Time since last: 4000455808 ns, Reaching safepoint: 103710 ns, Cleanup: 27112 ns, At safepoint: 8059 ns, Total: 138881 ns
[2025-03-19T14:55:59.613+0000][119.504s][debug][safepoint   ] Safepoint synchronization initiated using futex wait barrier. (221 threads)
[2025-03-19T14:55:59.613+0000][119.505s][info ][safepoint   ] Safepoint "Cleanup", Time since last: 1001150898 ns, Reaching safepoint: 90258 ns, Cleanup: 133510 ns, At safepoint: 10621 ns, Total: 234389 ns
[2025-03-19T14:56:01.330+0000][121.221s][debug][safepoint   ] Safepoint synchronization initiated using futex wait barrier. (221 threads)
[2025-03-19T14:56:01.330+0000][121.222s][info ][safepoint   ] Safepoint "Cleanup", Time since last: 1716880477 ns, Reaching safepoint: 69723 ns, Cleanup: 33572 ns, At safepoint: 6798 ns, Total: 110093 ns
[2025-03-19T14:56:02.330+0000][122.222s][debug][safepoint   ] Safepoint synchronization initiated using futex wait barrier. (221 threads)
[2025-03-19T14:56:02.330+0000][122.222s][info ][safepoint   ] Safepoint "Cleanup", Time since last: 1000125398 ns, Reaching safepoint: 70435 ns, Cleanup: 9731 ns, At safepoint: 3261 ns, Total: 83427 ns
[2025-03-19T14:56:04.330+0000][124.222s][debug][safepoint   ] Safepoint synchronization initiated using futex wait barrier. (221 threads)
[2025-03-19T14:56:04.330+0000][124.222s][info ][safepoint   ] Safepoint "Cleanup", Time since last: 2000194814 ns, Reaching safepoint: 76913 ns, Cleanup: 17709 ns, At safepoint: 15922 ns, Total: 110544 ns
[2025-03-19T14:56:09.331+0000][129.222s][debug][safepoint   ] Safepoint synchronization initiated using futex wait barrier. (221 threads)
[2025-03-19T14:56:09.331+0000][129.223s][info ][safepoint   ] Safepoint "Cleanup", Time since last: 5000384098 ns, Reaching safepoint: 76803 ns, Cleanup: 16520 ns, At safepoint: 7711 ns, Total: 101034 ns
[2025-03-19T14:56:10.331+0000][130.223s][debug][safepoint   ] Safepoint synchronization initiated using futex wait barrier. (221 threads)
[2025-03-19T14:56:10.331+0000][130.223s][info ][safepoint   ] Safepoint "Cleanup", Time since last: 1000114962 ns, Reaching safepoint: 86006 ns, Cleanup: 18070 ns, At safepoint: 8205 ns, Total: 112281 ns
[2025-03-19T14:56:11.331+0000][131.223s][debug][safepoint   ] Safepoint synchronization initiated using futex wait barrier. (221 threads)
[2025-03-19T14:56:11.331+0000][131.223s][info ][safepoint   ] Safepoint "Cleanup", Time since last: 1000099998 ns, Reaching safepoint: 90151 ns, Cleanup: 24551 ns, At safepoint: 7816 ns, Total: 122518 ns
[2025-03-19T14:56:12.331+0000][132.223s][debug][safepoint   ] Safepoint synchronization initiated using futex wait barrier. (221 threads)
[2025-03-19T14:56:12.331+0000][132.223s][info ][safepoint   ] Safepoint "Cleanup", Time since last: 1000082174 ns, Reaching safepoint: 57022 ns, Cleanup: 21259 ns, At safepoint: 4817 ns, Total: 83098 ns
[2025-03-19T14:56:14.332+0000][134.223s][debug][safepoint   ] Safepoint synchronization initiated using futex wait barrier. (221 threads)
[2025-03-19T14:56:14.332+0000][134.223s][info ][safepoint   ] Safepoint "Cleanup", Time since last: 2000154814 ns, Reaching safepoint: 75057 ns, Cleanup: 21623 ns, At safepoint: 8047 ns, Total: 104727 ns
[2025-03-19T14:56:15.332+0000][135.224s][debug][safepoint   ] Safepoint synchronization initiated using futex wait barrier. (221 threads)
[2025-03-19T14:56:15.332+0000][135.224s][info ][safepoint   ] Safepoint "Cleanup", Time since last: 1000114125 ns, Reaching safepoint: 72049 ns, Cleanup: 18371 ns, At safepoint: 7539 ns, Total: 97959 ns
[2025-03-19T14:56:19.332+0000][139.224s][debug][safepoint   ] Safepoint synchronization initiated using futex wait barrier. (221 threads)
[2025-03-19T14:56:19.332+0000][139.224s][info ][safepoint   ] Safepoint "Cleanup", Time since last: 4000354156 ns, Reaching safepoint: 86355 ns, Cleanup: 15433 ns, At safepoint: 7061 ns, Total: 108849 ns
[2025-03-19T14:56:21.332+0000][141.224s][debug][safepoint   ] Safepoint synchronization initiated using futex wait barrier. (221 threads)
[2025-03-19T14:56:21.333+0000][141.224s][info ][safepoint   ] Safepoint "Cleanup", Time since last: 2000159812 ns, Reaching safepoint: 72984 ns, Cleanup: 15747 ns, At safepoint: 6878 ns, Total: 95609 ns
[2025-03-19T14:56:24.333+0000][144.225s][debug][safepoint   ] Safepoint synchronization initiated using futex wait barrier. (221 threads)
[2025-03-19T14:56:24.333+0000][144.225s][info ][safepoint   ] Safepoint "Cleanup", Time since last: 3000241492 ns, Reaching safepoint: 70542 ns, Cleanup: 8958 ns, At safepoint: 2433 ns, Total: 81933 ns
[2025-03-19T14:56:27.333+0000][147.225s][debug][safepoint   ] Safepoint synchronization initiated using futex wait barrier. (220 threads)
[2025-03-19T14:56:27.333+0000][147.225s][info ][safepoint   ] Safepoint "Cleanup", Time since last: 3000267458 ns, Reaching safepoint: 68893 ns, Cleanup: 16831 ns, At safepoint: 5539 ns, Total: 91263 ns
[2025-03-19T14:56:29.333+0000][149.225s][debug][safepoint   ] Safepoint synchronization initiated using futex wait barrier. (220 threads)
[2025-03-19T14:56:29.333+0000][149.225s][info ][safepoint   ] Safepoint "Cleanup", Time since last: 2000119812 ns, Reaching safepoint: 40390 ns, Cleanup: 9805 ns, At safepoint: 2547 ns, Total: 52742 ns
[2025-03-19T14:56:30.334+0000][150.225s][debug][safepoint   ] Safepoint synchronization initiated using futex wait barrier. (220 threads)
[2025-03-19T14:56:30.334+0000][150.225s][info ][safepoint   ] Safepoint "Cleanup", Time since last: 1000087018 ns, Reaching safepoint: 78613 ns, Cleanup: 15285 ns, At safepoint: 7400 ns, Total: 101298 ns
[2025-03-19T14:56:31.334+0000][151.225s][debug][safepoint   ] Safepoint synchronization initiated using futex wait barrier. (220 threads)
[2025-03-19T14:56:31.334+0000][151.226s][info ][safepoint   ] Safepoint "Cleanup", Time since last: 1000096373 ns, Reaching safepoint: 44574 ns, Cleanup: 13425 ns, At safepoint: 3223 ns, Total: 61222 ns
[2025-03-19T14:56:33.334+0000][153.226s][debug][safepoint   ] Safepoint synchronization initiated using futex wait barrier. (219 threads)
[2025-03-19T14:56:33.334+0000][153.226s][info ][safepoint   ] Safepoint "Cleanup", Time since last: 2000181900 ns, Reaching safepoint: 49455 ns, Cleanup: 14287 ns, At safepoint: 2903 ns, Total: 66645 ns
[2025-03-19T14:56:35.334+0000][155.226s][debug][safepoint   ] Safepoint synchronization initiated using futex wait barrier. (217 threads)
[2025-03-19T14:56:35.334+0000][155.226s][info ][safepoint   ] Safepoint "Cleanup", Time since last: 2000145554 ns, Reaching safepoint: 47819 ns, Cleanup: 15291 ns, At safepoint: 4318 ns, Total: 67428 ns
[2025-03-19T14:56:36.334+0000][156.226s][debug][safepoint   ] Safepoint synchronization initiated using futex wait barrier. (215 threads)
[2025-03-19T14:56:36.334+0000][156.226s][info ][safepoint   ] Safepoint "Cleanup", Time since last: 1000091152 ns, Reaching safepoint: 73977 ns, Cleanup: 23662 ns, At safepoint: 7521 ns, Total: 105160 ns
[2025-03-19T14:56:37.335+0000][157.226s][debug][safepoint   ] Safepoint synchronization initiated using futex wait barrier. (215 threads)
[2025-03-19T14:56:37.335+0000][157.226s][info ][safepoint   ] Safepoint "Cleanup", Time since last: 1000092952 ns, Reaching safepoint: 70392 ns, Cleanup: 19505 ns, At safepoint: 7710 ns, Total: 97607 ns
[2025-03-19T14:56:39.073+0000][158.965s][debug][safepoint   ] Safepoint synchronization initiated using futex wait barrier. (215 threads)
[2025-03-19T14:56:39.073+0000][158.965s][info ][safepoint   ] Safepoint "Cleanup", Time since last: 1738585033 ns, Reaching safepoint: 37766 ns, Cleanup: 18263 ns, At safepoint: 2484 ns, Total: 58513 ns
[2025-03-19T14:56:43.074+0000][162.965s][debug][safepoint   ] Safepoint synchronization initiated using futex wait barrier. (215 threads)
[2025-03-19T14:56:43.074+0000][162.965s][info ][safepoint   ] Safepoint "Cleanup", Time since last: 4000293106 ns, Reaching safepoint: 81057 ns, Cleanup: 20124 ns, At safepoint: 6079 ns, Total: 107260 ns
[2025-03-19T14:56:45.074+0000][164.966s][debug][safepoint   ] Safepoint synchronization initiated using futex wait barrier. (215 threads)
[2025-03-19T14:56:45.074+0000][164.966s][info ][safepoint   ] Safepoint "Cleanup", Time since last: 2000167411 ns, Reaching safepoint: 89044 ns, Cleanup: 20785 ns, At safepoint: 7747 ns, Total: 117576 ns
[2025-03-19T14:56:46.498+0000][166.389s][debug][safepoint   ] Safepoint synchronization initiated using futex wait barrier. (215 threads)
[2025-03-19T14:56:46.498+0000][166.389s][info ][gc,start    ] GC(69) Pause Young (Normal) (G1 Evacuation Pause)
[2025-03-19T14:56:46.498+0000][166.389s][info ][gc,task     ] GC(69) Using 4 workers of 4 for evacuation
[2025-03-19T14:56:46.522+0000][166.413s][info ][gc,phases   ] GC(69)   Pre Evacuate Collection Set: 0.3ms
[2025-03-19T14:56:46.522+0000][166.413s][info ][gc,phases   ] GC(69)   Merge Heap Roots: 0.3ms
[2025-03-19T14:56:46.522+0000][166.413s][info ][gc,phases   ] GC(69)   Evacuate Collection Set: 22.0ms
[2025-03-19T14:56:46.522+0000][166.413s][info ][gc,phases   ] GC(69)   Post Evacuate Collection Set: 1.2ms
[2025-03-19T14:56:46.522+0000][166.414s][info ][gc,phases   ] GC(69)   Other: 0.2ms
[2025-03-19T14:56:46.522+0000][166.414s][info ][gc,heap     ] GC(69) Eden regions: 223->0(228)
[2025-03-19T14:56:46.522+0000][166.414s][info ][gc,heap     ] GC(69) Survivor regions: 21->16(31)
[2025-03-19T14:56:46.522+0000][166.414s][info ][gc,heap     ] GC(69) Old regions: 162->167
[2025-03-19T14:56:46.522+0000][166.414s][info ][gc,heap     ] GC(69) Archive regions: 2->2
[2025-03-19T14:56:46.522+0000][166.414s][info ][gc,heap     ] GC(69) Humongous regions: 14->0
[2025-03-19T14:56:46.522+0000][166.414s][info ][gc,metaspace] GC(69) Metaspace: 187251K(188672K)->187251K(188672K) NonClass: 164341K(165056K)->164341K(165056K) Class: 22909K(23616K)->22909K(23616K)
[2025-03-19T14:56:46.522+0000][166.414s][info ][gc          ] GC(69) Pause Young (Normal) (G1 Evacuation Pause) 419M->183M(477M) 24.082ms
[2025-03-19T14:56:46.522+0000][166.414s][info ][gc,cpu      ] GC(69) User=0.09s Sys=0.00s Real=0.02s
[2025-03-19T14:56:46.522+0000][166.414s][info ][safepoint   ] Safepoint "G1CollectForAllocation", Time since last: 1423539040 ns, Reaching safepoint: 122051 ns, Cleanup: 7517 ns, At safepoint: 24820330 ns, Total: 24949898 ns
[2025-03-19T14:56:47.523+0000][167.414s][debug][safepoint   ] Safepoint synchronization initiated using futex wait barrier. (215 threads)
[2025-03-19T14:56:47.523+0000][167.414s][info ][safepoint   ] Safepoint "Cleanup", Time since last: 1000109921 ns, Reaching safepoint: 78669 ns, Cleanup: 20272 ns, At safepoint: 6187 ns, Total: 105128 ns
[2025-03-19T14:56:50.523+0000][170.415s][debug][safepoint   ] Safepoint synchronization initiated using futex wait barrier. (215 threads)
[2025-03-19T14:56:50.523+0000][170.415s][info ][safepoint   ] Safepoint "Cleanup", Time since last: 3000320331 ns, Reaching safepoint: 82717 ns, Cleanup: 22484 ns, At safepoint: 7414 ns, Total: 112615 ns
[2025-03-19T14:56:51.523+0000][171.415s][debug][safepoint   ] Safepoint synchronization initiated using futex wait barrier. (215 threads)
[2025-03-19T14:56:51.523+0000][171.415s][info ][safepoint   ] Safepoint "Cleanup", Time since last: 1000108253 ns, Reaching safepoint: 94365 ns, Cleanup: 17857 ns, At safepoint: 6640 ns, Total: 118862 ns
[2025-03-19T14:56:53.524+0000][173.416s][debug][safepoint   ] Safepoint synchronization initiated using futex wait barrier. (215 threads)
[2025-03-19T14:56:53.524+0000][173.416s][info ][safepoint   ] Safepoint "Cleanup", Time since last: 2000661517 ns, Reaching safepoint: 64835 ns, Cleanup: 14164 ns, At safepoint: 4420 ns, Total: 83419 ns
[2025-03-19T14:56:55.524+0000][175.416s][debug][safepoint   ] Safepoint synchronization initiated using futex wait barrier. (215 threads)
[2025-03-19T14:56:55.524+0000][175.416s][info ][safepoint   ] Safepoint "Cleanup", Time since last: 2000247496 ns, Reaching safepoint: 128067 ns, Cleanup: 29169 ns, At safepoint: 5180 ns, Total: 162416 ns
[2025-03-19T14:57:01.350+0000][181.242s][debug][safepoint   ] Safepoint synchronization initiated using futex wait barrier. (215 threads)
[2025-03-19T14:57:01.350+0000][181.242s][info ][safepoint   ] Safepoint "Cleanup", Time since last: 5825896082 ns, Reaching safepoint: 46167 ns, Cleanup: 9571 ns, At safepoint: 3135 ns, Total: 58873 ns
[2025-03-19T14:57:05.351+0000][185.243s][debug][safepoint   ] Safepoint synchronization initiated using futex wait barrier. (215 threads)
[2025-03-19T14:57:05.351+0000][185.243s][info ][safepoint   ] Safepoint "Cleanup", Time since last: 4000310866 ns, Reaching safepoint: 87255 ns, Cleanup: 19880 ns, At safepoint: 9303 ns, Total: 116438 ns
[2025-03-19T14:57:06.351+0000][186.243s][debug][safepoint   ] Safepoint synchronization initiated using futex wait barrier. (215 threads)
[2025-03-19T14:57:06.351+0000][186.243s][info ][safepoint   ] Safepoint "Cleanup", Time since last: 1000103832 ns, Reaching safepoint: 85784 ns, Cleanup: 22470 ns, At safepoint: 8093 ns, Total: 116347 ns
[2025-03-19T14:57:10.351+0000][190.243s][debug][safepoint   ] Safepoint synchronization initiated using futex wait barrier. (215 threads)
[2025-03-19T14:57:10.352+0000][190.243s][info ][safepoint   ] Safepoint "Cleanup", Time since last: 4000398011 ns, Reaching safepoint: 52307 ns, Cleanup: 12820 ns, At safepoint: 4235 ns, Total: 69362 ns
[2025-03-19T14:57:11.352+0000][191.243s][debug][safepoint   ] Safepoint synchronization initiated using futex wait barrier. (215 threads)
[2025-03-19T14:57:11.352+0000][191.244s][info ][safepoint   ] Safepoint "Cleanup", Time since last: 1000088420 ns, Reaching safepoint: 97220 ns, Cleanup: 20069 ns, At safepoint: 7224 ns, Total: 124513 ns
[2025-03-19T14:57:12.352+0000][192.244s][debug][safepoint   ] Safepoint synchronization initiated using futex wait barrier. (215 threads)
[2025-03-19T14:57:12.352+0000][192.244s][info ][safepoint   ] Safepoint "Cleanup", Time since last: 1000081936 ns, Reaching safepoint: 54140 ns, Cleanup: 11894 ns, At safepoint: 3442 ns, Total: 69476 ns
[2025-03-19T14:57:13.352+0000][193.244s][debug][safepoint   ] Safepoint synchronization initiated using futex wait barrier. (215 threads)
[2025-03-19T14:57:13.352+0000][193.244s][info ][safepoint   ] Safepoint "Cleanup", Time since last: 1000077790 ns, Reaching safepoint: 76286 ns, Cleanup: 17524 ns, At safepoint: 6578 ns, Total: 100388 ns
[2025-03-19T14:57:16.352+0000][196.244s][debug][safepoint   ] Safepoint synchronization initiated using futex wait barrier. (215 threads)
[2025-03-19T14:57:16.352+0000][196.244s][info ][safepoint   ] Safepoint "Cleanup", Time since last: 3000237727 ns, Reaching safepoint: 87993 ns, Cleanup: 15386 ns, At safepoint: 4689 ns, Total: 108068 ns
[2025-03-19T14:57:21.353+0000][201.245s][debug][safepoint   ] Safepoint synchronization initiated using futex wait barrier. (215 threads)
[2025-03-19T14:57:21.353+0000][201.245s][info ][safepoint   ] Safepoint "Cleanup", Time since last: 5000402661 ns, Reaching safepoint: 94895 ns, Cleanup: 26532 ns, At safepoint: 7005 ns, Total: 128432 ns
[2025-03-19T14:57:22.353+0000][202.245s][debug][safepoint   ] Safepoint synchronization initiated using futex wait barrier. (215 threads)
[2025-03-19T14:57:22.353+0000][202.245s][info ][safepoint   ] Safepoint "Cleanup", Time since last: 1000086689 ns, Reaching safepoint: 68601 ns, Cleanup: 15244 ns, At safepoint: 5238 ns, Total: 89083 ns
[2025-03-19T14:57:31.354+0000][211.246s][debug][safepoint   ] Safepoint synchronization initiated using futex wait barrier. (214 threads)
[2025-03-19T14:57:31.354+0000][211.246s][info ][safepoint   ] Safepoint "Cleanup", Time since last: 9000736899 ns, Reaching safepoint: 84848 ns, Cleanup: 15914 ns, At safepoint: 5317 ns, Total: 106079 ns
[2025-03-19T14:57:33.354+0000][213.246s][debug][safepoint   ] Safepoint synchronization initiated using futex wait barrier. (213 threads)
[2025-03-19T14:57:33.354+0000][213.246s][info ][safepoint   ] Safepoint "Cleanup", Time since last: 2000154637 ns, Reaching safepoint: 61415 ns, Cleanup: 21624 ns, At safepoint: 3259 ns, Total: 86298 ns
[2025-03-19T14:57:35.354+0000][215.246s][debug][safepoint   ] Safepoint synchronization initiated using futex wait barrier. (211 threads)
[2025-03-19T14:57:35.354+0000][215.246s][info ][safepoint   ] Safepoint "Cleanup", Time since last: 2000147828 ns, Reaching safepoint: 74230 ns, Cleanup: 15490 ns, At safepoint: 6428 ns, Total: 96148 ns
[2025-03-19T14:57:36.355+0000][216.246s][debug][safepoint   ] Safepoint synchronization initiated using futex wait barrier. (211 threads)
[2025-03-19T14:57:36.355+0000][216.247s][info ][safepoint   ] Safepoint "Cleanup", Time since last: 1000093577 ns, Reaching safepoint: 118122 ns, Cleanup: 37560 ns, At safepoint: 8024 ns, Total: 163706 ns
[2025-03-19T14:57:41.355+0000][221.247s][debug][safepoint   ] Safepoint synchronization initiated using futex wait barrier. (211 threads)
[2025-03-19T14:57:41.355+0000][221.247s][info ][safepoint   ] Safepoint "Cleanup", Time since last: 5000494408 ns, Reaching safepoint: 100853 ns, Cleanup: 40382 ns, At safepoint: 13330 ns, Total: 154565 ns
[2025-03-19T14:57:42.355+0000][222.247s][debug][safepoint   ] Safepoint synchronization initiated using futex wait barrier. (211 threads)
[2025-03-19T14:57:42.356+0000][222.247s][info ][safepoint   ] Safepoint "Cleanup", Time since last: 1000118049 ns, Reaching safepoint: 110343 ns, Cleanup: 27080 ns, At safepoint: 8485 ns, Total: 145908 ns
[2025-03-19T14:57:45.358+0000][225.250s][debug][safepoint   ] Safepoint synchronization initiated using futex wait barrier. (211 threads)
[2025-03-19T14:57:45.359+0000][225.250s][info ][safepoint   ] Safepoint "Cleanup", Time since last: 3002821452 ns, Reaching safepoint: 49330 ns, Cleanup: 9687 ns, At safepoint: 3743 ns, Total: 62760 ns
[2025-03-19T14:57:46.359+0000][226.250s][debug][safepoint   ] Safepoint synchronization initiated using futex wait barrier. (211 threads)
[2025-03-19T14:57:46.359+0000][226.250s][info ][safepoint   ] Safepoint "Cleanup", Time since last: 1000071735 ns, Reaching safepoint: 50056 ns, Cleanup: 12937 ns, At safepoint: 3763 ns, Total: 66756 ns
[2025-03-19T14:57:48.359+0000][228.251s][debug][safepoint   ] Safepoint synchronization initiated using futex wait barrier. (211 threads)
[2025-03-19T14:57:48.359+0000][228.251s][info ][safepoint   ] Safepoint "Cleanup", Time since last: 2000158805 ns, Reaching safepoint: 47023 ns, Cleanup: 14501 ns, At safepoint: 3156 ns, Total: 64680 ns
[2025-03-19T14:57:50.359+0000][230.251s][debug][safepoint   ] Safepoint synchronization initiated using futex wait barrier. (211 threads)
[2025-03-19T14:57:50.359+0000][230.251s][info ][safepoint   ] Safepoint "Cleanup", Time since last: 2000156983 ns, Reaching safepoint: 51618 ns, Cleanup: 10306 ns, At safepoint: 3540 ns, Total: 65464 ns
[2025-03-19T14:57:51.359+0000][231.251s][debug][safepoint   ] Safepoint synchronization initiated using futex wait barrier. (211 threads)
[2025-03-19T14:57:51.359+0000][231.251s][info ][safepoint   ] Safepoint "Cleanup", Time since last: 1000104295 ns, Reaching safepoint: 48257 ns, Cleanup: 16353 ns, At safepoint: 8428 ns, Total: 73038 ns
[2025-03-19T14:57:52.359+0000][232.251s][debug][safepoint   ] Safepoint synchronization initiated using futex wait barrier. (211 threads)
[2025-03-19T14:57:52.359+0000][232.251s][info ][safepoint   ] Safepoint "Cleanup", Time since last: 1000075019 ns, Reaching safepoint: 60304 ns, Cleanup: 14307 ns, At safepoint: 3153 ns, Total: 77764 ns
[2025-03-19T14:57:54.360+0000][234.251s][debug][safepoint   ] Safepoint synchronization initiated using futex wait barrier. (211 threads)
[2025-03-19T14:57:54.360+0000][234.251s][info ][safepoint   ] Safepoint "Cleanup", Time since last: 2000207570 ns, Reaching safepoint: 44600 ns, Cleanup: 9649 ns, At safepoint: 3247 ns, Total: 57496 ns
[2025-03-19T14:57:58.360+0000][238.252s][debug][safepoint   ] Safepoint synchronization initiated using futex wait barrier. (211 threads)
[2025-03-19T14:57:58.360+0000][238.252s][info ][safepoint   ] Safepoint "Cleanup", Time since last: 4000271383 ns, Reaching safepoint: 63209 ns, Cleanup: 13607 ns, At safepoint: 3381 ns, Total: 80197 ns
[2025-03-19T14:58:02.372+0000][242.264s][debug][safepoint   ] Safepoint synchronization initiated using futex wait barrier. (211 threads)
[2025-03-19T14:58:02.372+0000][242.264s][info ][safepoint   ] Safepoint "Cleanup", Time since last: 4012258420 ns, Reaching safepoint: 53355 ns, Cleanup: 15057 ns, At safepoint: 3844 ns, Total: 72256 ns
[2025-03-19T14:58:12.373+0000][252.265s][debug][safepoint   ] Safepoint synchronization initiated using futex wait barrier. (211 threads)
[2025-03-19T14:58:12.373+0000][252.265s][info ][safepoint   ] Safepoint "Cleanup", Time since last: 10000681897 ns, Reaching safepoint: 105064 ns, Cleanup: 20176 ns, At safepoint: 6173 ns, Total: 131413 ns
[2025-03-19T14:58:16.373+0000][256.265s][debug][safepoint   ] Safepoint synchronization initiated using futex wait barrier. (211 threads)
[2025-03-19T14:58:16.373+0000][256.265s][info ][safepoint   ] Safepoint "Cleanup", Time since last: 4000223128 ns, Reaching safepoint: 63928 ns, Cleanup: 11489 ns, At safepoint: 3424 ns, Total: 78841 ns
[2025-03-19T14:58:17.374+0000][257.265s][debug][safepoint   ] Safepoint synchronization initiated using futex wait barrier. (211 threads)
[2025-03-19T14:58:17.374+0000][257.265s][info ][safepoint   ] Safepoint "Cleanup", Time since last: 1000084014 ns, Reaching safepoint: 48604 ns, Cleanup: 15534 ns, At safepoint: 3273 ns, Total: 67411 ns
[2025-03-19T14:58:18.374+0000][258.266s][debug][safepoint   ] Safepoint synchronization initiated using futex wait barrier. (211 threads)
[2025-03-19T14:58:18.374+0000][258.266s][info ][safepoint   ] Safepoint "Cleanup", Time since last: 1000100884 ns, Reaching safepoint: 92635 ns, Cleanup: 22400 ns, At safepoint: 6805 ns, Total: 121840 ns
[2025-03-19T14:58:21.374+0000][261.266s][debug][safepoint   ] Safepoint synchronization initiated using futex wait barrier. (211 threads)
[2025-03-19T14:58:21.374+0000][261.266s][info ][safepoint   ] Safepoint "Cleanup", Time since last: 3000245276 ns, Reaching safepoint: 39057 ns, Cleanup: 11109 ns, At safepoint: 2705 ns, Total: 52871 ns
[2025-03-19T14:58:22.374+0000][262.266s][debug][safepoint   ] Safepoint synchronization initiated using futex wait barrier. (211 threads)
[2025-03-19T14:58:22.374+0000][262.266s][info ][safepoint   ] Safepoint "Cleanup", Time since last: 1000087699 ns, Reaching safepoint: 101282 ns, Cleanup: 15712 ns, At safepoint: 8066 ns, Total: 125060 ns
[2025-03-19T14:58:25.375+0000][265.266s][debug][safepoint   ] Safepoint synchronization initiated using futex wait barrier. (211 threads)
[2025-03-19T14:58:25.375+0000][265.267s][info ][safepoint   ] Safepoint "Cleanup", Time since last: 3000235449 ns, Reaching safepoint: 81141 ns, Cleanup: 16216 ns, At safepoint: 6252 ns, Total: 103609 ns
[2025-03-19T14:58:27.375+0000][267.267s][debug][safepoint   ] Safepoint synchronization initiated using futex wait barrier. (210 threads)
[2025-03-19T14:58:27.375+0000][267.267s][info ][safepoint   ] Safepoint "Cleanup", Time since last: 2000192648 ns, Reaching safepoint: 76632 ns, Cleanup: 15175 ns, At safepoint: 5822 ns, Total: 97629 ns
[2025-03-19T14:58:28.375+0000][268.267s][debug][safepoint   ] Safepoint synchronization initiated using futex wait barrier. (210 threads)
[2025-03-19T14:58:28.375+0000][268.267s][info ][safepoint   ] Safepoint "Cleanup", Time since last: 1000119096 ns, Reaching safepoint: 74359 ns, Cleanup: 21653 ns, At safepoint: 8100 ns, Total: 104112 ns
[2025-03-19T14:58:30.375+0000][270.267s][debug][safepoint   ] Safepoint synchronization initiated using futex wait barrier. (210 threads)
[2025-03-19T14:58:30.375+0000][270.267s][info ][safepoint   ] Safepoint "Cleanup", Time since last: 2000164365 ns, Reaching safepoint: 75890 ns, Cleanup: 17776 ns, At safepoint: 5866 ns, Total: 99532 ns
[2025-03-19T14:58:33.376+0000][273.268s][debug][safepoint   ] Safepoint synchronization initiated using futex wait barrier. (210 threads)
[2025-03-19T14:58:33.376+0000][273.268s][info ][safepoint   ] Safepoint "Cleanup", Time since last: 3000262357 ns, Reaching safepoint: 59615 ns, Cleanup: 14038 ns, At safepoint: 4649 ns, Total: 78302 ns
[2025-03-19T14:58:35.376+0000][275.268s][debug][safepoint   ] Safepoint synchronization initiated using futex wait barrier. (208 threads)
[2025-03-19T14:58:35.376+0000][275.268s][info ][safepoint   ] Safepoint "Cleanup", Time since last: 2000168280 ns, Reaching safepoint: 46504 ns, Cleanup: 11263 ns, At safepoint: 2775 ns, Total: 60542 ns
[2025-03-19T14:58:36.376+0000][276.268s][debug][safepoint   ] Safepoint synchronization initiated using futex wait barrier. (208 threads)
[2025-03-19T14:58:36.376+0000][276.268s][info ][safepoint   ] Safepoint "Cleanup", Time since last: 1000086577 ns, Reaching safepoint: 40363 ns, Cleanup: 9727 ns, At safepoint: 2656 ns, Total: 52746 ns
[2025-03-19T14:58:38.376+0000][278.268s][debug][safepoint   ] Safepoint synchronization initiated using futex wait barrier. (208 threads)
[2025-03-19T14:58:38.376+0000][278.268s][info ][safepoint   ] Safepoint "Cleanup", Time since last: 2000154421 ns, Reaching safepoint: 50128 ns, Cleanup: 10911 ns, At safepoint: 2676 ns, Total: 63715 ns
[2025-03-19T14:58:39.377+0000][279.268s][debug][safepoint   ] Safepoint synchronization initiated using futex wait barrier. (208 threads)
[2025-03-19T14:58:39.377+0000][279.268s][info ][safepoint   ] Safepoint "Cleanup", Time since last: 1000073204 ns, Reaching safepoint: 55557 ns, Cleanup: 11521 ns, At safepoint: 3319 ns, Total: 70397 ns
[2025-03-19T14:58:40.377+0000][280.268s][debug][safepoint   ] Safepoint synchronization initiated using futex wait barrier. (208 threads)
[2025-03-19T14:58:40.377+0000][280.268s][info ][safepoint   ] Safepoint "Cleanup", Time since last: 1000070311 ns, Reaching safepoint: 52606 ns, Cleanup: 13018 ns, At safepoint: 4126 ns, Total: 69750 ns
[2025-03-19T14:58:43.377+0000][283.269s][debug][safepoint   ] Safepoint synchronization initiated using futex wait barrier. (208 threads)
[2025-03-19T14:58:43.377+0000][283.269s][info ][safepoint   ] Safepoint "Cleanup", Time since last: 3000216948 ns, Reaching safepoint: 72921 ns, Cleanup: 15868 ns, At safepoint: 5433 ns, Total: 94222 ns
[2025-03-19T14:58:45.377+0000][285.269s][debug][safepoint   ] Safepoint synchronization initiated using futex wait barrier. (208 threads)
[2025-03-19T14:58:45.377+0000][285.269s][info ][safepoint   ] Safepoint "Cleanup", Time since last: 2000192528 ns, Reaching safepoint: 47323 ns, Cleanup: 12391 ns, At safepoint: 6500 ns, Total: 66214 ns
[2025-03-19T14:58:48.377+0000][288.269s][debug][safepoint   ] Safepoint synchronization initiated using futex wait barrier. (208 threads)
[2025-03-19T14:58:48.378+0000][288.269s][info ][safepoint   ] Safepoint "Cleanup", Time since last: 3000196357 ns, Reaching safepoint: 52711 ns, Cleanup: 17859 ns, At safepoint: 3884 ns, Total: 74454 ns
[2025-03-19T14:58:50.378+0000][290.270s][debug][safepoint   ] Safepoint synchronization initiated using futex wait barrier. (208 threads)
[2025-03-19T14:58:50.378+0000][290.270s][info ][safepoint   ] Safepoint "Cleanup", Time since last: 2000173722 ns, Reaching safepoint: 76713 ns, Cleanup: 16834 ns, At safepoint: 5265 ns, Total: 98812 ns
[2025-03-19T14:58:51.378+0000][291.270s][debug][safepoint   ] Safepoint synchronization initiated using futex wait barrier. (208 threads)
[2025-03-19T14:58:51.378+0000][291.270s][info ][safepoint   ] Safepoint "Cleanup", Time since last: 1000091816 ns, Reaching safepoint: 70318 ns, Cleanup: 23144 ns, At safepoint: 6691 ns, Total: 100153 ns
[2025-03-19T14:58:53.378+0000][293.270s][debug][safepoint   ] Safepoint synchronization initiated using futex wait barrier. (208 threads)
[2025-03-19T14:58:53.378+0000][293.270s][info ][safepoint   ] Safepoint "Cleanup", Time since last: 2000185597 ns, Reaching safepoint: 72173 ns, Cleanup: 34094 ns, At safepoint: 7435 ns, Total: 113702 ns
[2025-03-19T14:58:54.378+0000][294.270s][debug][safepoint   ] Safepoint synchronization initiated using futex wait barrier. (208 threads)
[2025-03-19T14:58:54.379+0000][294.270s][info ][safepoint   ] Safepoint "Cleanup", Time since last: 1000128932 ns, Reaching safepoint: 46412 ns, Cleanup: 9862 ns, At safepoint: 3309 ns, Total: 59583 ns
[2025-03-19T14:58:56.379+0000][296.270s][debug][safepoint   ] Safepoint synchronization initiated using futex wait barrier. (208 threads)
[2025-03-19T14:58:56.379+0000][296.271s][info ][safepoint   ] Safepoint "Cleanup", Time since last: 2000174845 ns, Reaching safepoint: 89682 ns, Cleanup: 23001 ns, At safepoint: 8661 ns, Total: 121344 ns
[2025-03-19T14:58:58.379+0000][298.271s][debug][safepoint   ] Safepoint synchronization initiated using futex wait barrier. (208 threads)
[2025-03-19T14:58:58.379+0000][298.271s][info ][safepoint   ] Safepoint "Cleanup", Time since last: 2000219677 ns, Reaching safepoint: 85451 ns, Cleanup: 17001 ns, At safepoint: 8134 ns, Total: 110586 ns
[2025-03-19T14:59:01.392+0000][301.283s][debug][safepoint   ] Safepoint synchronization initiated using futex wait barrier. (208 threads)
[2025-03-19T14:59:01.392+0000][301.283s][info ][safepoint   ] Safepoint "Cleanup", Time since last: 3012392857 ns, Reaching safepoint: 62161 ns, Cleanup: 14586 ns, At safepoint: 4391 ns, Total: 81138 ns
[2025-03-19T14:59:03.392+0000][303.284s][debug][safepoint   ] Safepoint synchronization initiated using futex wait barrier. (208 threads)
[2025-03-19T14:59:03.392+0000][303.284s][info ][safepoint   ] Safepoint "Cleanup", Time since last: 2000161640 ns, Reaching safepoint: 74871 ns, Cleanup: 18135 ns, At safepoint: 5607 ns, Total: 98613 ns
[2025-03-19T14:59:06.392+0000][306.284s][debug][safepoint   ] Safepoint synchronization initiated using futex wait barrier. (208 threads)
[2025-03-19T14:59:06.392+0000][306.284s][info ][safepoint   ] Safepoint "Cleanup", Time since last: 3000287634 ns, Reaching safepoint: 75116 ns, Cleanup: 18088 ns, At safepoint: 4774 ns, Total: 97978 ns
[2025-03-19T14:59:09.392+0000][309.284s][debug][safepoint   ] Safepoint synchronization initiated using futex wait barrier. (208 threads)
[2025-03-19T14:59:09.393+0000][309.284s][info ][safepoint   ] Safepoint "Cleanup", Time since last: 3000230634 ns, Reaching safepoint: 42546 ns, Cleanup: 20563 ns, At safepoint: 3010 ns, Total: 66119 ns
[2025-03-19T14:59:11.393+0000][311.284s][debug][safepoint   ] Safepoint synchronization initiated using futex wait barrier. (208 threads)
[2025-03-19T14:59:11.393+0000][311.285s][info ][safepoint   ] Safepoint "Cleanup", Time since last: 2000164894 ns, Reaching safepoint: 57999 ns, Cleanup: 13266 ns, At safepoint: 4361 ns, Total: 75626 ns
[2025-03-19T14:59:12.393+0000][312.285s][debug][safepoint   ] Safepoint synchronization initiated using futex wait barrier. (208 threads)
[2025-03-19T14:59:12.393+0000][312.285s][info ][safepoint   ] Safepoint "Cleanup", Time since last: 1000093221 ns, Reaching safepoint: 49963 ns, Cleanup: 13308 ns, At safepoint: 4410 ns, Total: 67681 ns
[2025-03-19T14:59:14.393+0000][314.285s][debug][safepoint   ] Safepoint synchronization initiated using futex wait barrier. (208 threads)
[2025-03-19T14:59:14.393+0000][314.285s][info ][safepoint   ] Safepoint "Cleanup", Time since last: 2000197505 ns, Reaching safepoint: 72726 ns, Cleanup: 16570 ns, At safepoint: 6615 ns, Total: 95911 ns
[2025-03-19T14:59:15.393+0000][315.285s][debug][safepoint   ] Safepoint synchronization initiated using futex wait barrier. (208 threads)
[2025-03-19T14:59:15.393+0000][315.285s][info ][safepoint   ] Safepoint "Cleanup", Time since last: 1000079918 ns, Reaching safepoint: 57167 ns, Cleanup: 14940 ns, At safepoint: 4198 ns, Total: 76305 ns
[2025-03-19T14:59:16.393+0000][316.285s][debug][safepoint   ] Safepoint synchronization initiated using futex wait barrier. (208 threads)
[2025-03-19T14:59:16.394+0000][316.285s][info ][safepoint   ] Safepoint "Cleanup", Time since last: 1000097671 ns, Reaching safepoint: 78926 ns, Cleanup: 15359 ns, At safepoint: 8049 ns, Total: 102334 ns
[2025-03-19T14:59:18.394+0000][318.286s][debug][safepoint   ] Safepoint synchronization initiated using futex wait barrier. (208 threads)
[2025-03-19T14:59:18.394+0000][318.286s][info ][safepoint   ] Safepoint "Cleanup", Time since last: 2000213285 ns, Reaching safepoint: 84571 ns, Cleanup: 16533 ns, At safepoint: 7687 ns, Total: 108791 ns
[2025-03-19T14:59:21.394+0000][321.286s][debug][safepoint   ] Safepoint synchronization initiated using futex wait barrier. (208 threads)
[2025-03-19T14:59:21.394+0000][321.286s][info ][safepoint   ] Safepoint "Cleanup", Time since last: 3000251282 ns, Reaching safepoint: 93851 ns, Cleanup: 36219 ns, At safepoint: 7764 ns, Total: 137834 ns
[2025-03-19T14:59:24.395+0000][324.286s][debug][safepoint   ] Safepoint synchronization initiated using futex wait barrier. (208 threads)
[2025-03-19T14:59:24.395+0000][324.286s][info ][safepoint   ] Safepoint "Cleanup", Time since last: 3000235157 ns, Reaching safepoint: 80662 ns, Cleanup: 17579 ns, At safepoint: 6647 ns, Total: 104888 ns
[2025-03-19T14:59:29.395+0000][329.287s][debug][safepoint   ] Safepoint synchronization initiated using futex wait barrier. (207 threads)
[2025-03-19T14:59:29.395+0000][329.287s][info ][safepoint   ] Safepoint "Cleanup", Time since last: 5000452869 ns, Reaching safepoint: 72815 ns, Cleanup: 19043 ns, At safepoint: 5774 ns, Total: 97632 ns
[2025-03-19T14:59:34.396+0000][334.287s][debug][safepoint   ] Safepoint synchronization initiated using futex wait barrier. (207 threads)
[2025-03-19T14:59:34.396+0000][334.288s][info ][safepoint   ] Safepoint "Cleanup", Time since last: 5000430285 ns, Reaching safepoint: 81007 ns, Cleanup: 20001 ns, At safepoint: 6464 ns, Total: 107472 ns
[2025-03-19T14:59:36.396+0000][336.288s][debug][safepoint   ] Safepoint synchronization initiated using futex wait barrier. (206 threads)
[2025-03-19T14:59:36.396+0000][336.288s][info ][safepoint   ] Safepoint "Cleanup", Time since last: 2000196196 ns, Reaching safepoint: 51671 ns, Cleanup: 17522 ns, At safepoint: 3712 ns, Total: 72905 ns
[2025-03-19T14:59:41.396+0000][341.288s][debug][safepoint   ] Safepoint synchronization initiated using futex wait barrier. (206 threads)
[2025-03-19T14:59:41.397+0000][341.288s][info ][safepoint   ] Safepoint "Cleanup", Time since last: 5000381234 ns, Reaching safepoint: 110671 ns, Cleanup: 17465 ns, At safepoint: 7456 ns, Total: 135592 ns
[2025-03-19T14:59:45.349+0000][345.241s][debug][safepoint   ] Safepoint synchronization initiated using futex wait barrier. (206 threads)
[2025-03-19T14:59:45.349+0000][345.241s][info ][gc,start    ] GC(70) Pause Young (Normal) (G1 Evacuation Pause)
[2025-03-19T14:59:45.349+0000][345.241s][info ][gc,task     ] GC(70) Using 4 workers of 4 for evacuation
[2025-03-19T14:59:45.363+0000][345.255s][info ][gc,phases   ] GC(70)   Pre Evacuate Collection Set: 0.1ms
[2025-03-19T14:59:45.363+0000][345.255s][info ][gc,phases   ] GC(70)   Merge Heap Roots: 0.1ms
[2025-03-19T14:59:45.363+0000][345.255s][info ][gc,phases   ] GC(70)   Evacuate Collection Set: 12.9ms
[2025-03-19T14:59:45.363+0000][345.255s][info ][gc,phases   ] GC(70)   Post Evacuate Collection Set: 1.0ms
[2025-03-19T14:59:45.363+0000][345.255s][info ][gc,phases   ] GC(70)   Other: 0.1ms
[2025-03-19T14:59:45.363+0000][345.255s][info ][gc,heap     ] GC(70) Eden regions: 228->0(230)
[2025-03-19T14:59:45.363+0000][345.255s][info ][gc,heap     ] GC(70) Survivor regions: 16->15(31)
[2025-03-19T14:59:45.363+0000][345.255s][info ][gc,heap     ] GC(70) Old regions: 167->167
[2025-03-19T14:59:45.363+0000][345.255s][info ][gc,heap     ] GC(70) Archive regions: 2->2
[2025-03-19T14:59:45.363+0000][345.255s][info ][gc,heap     ] GC(70) Humongous regions: 0->0
[2025-03-19T14:59:45.363+0000][345.255s][info ][gc,metaspace] GC(70) Metaspace: 187806K(189248K)->187806K(189248K) NonClass: 164893K(165632K)->164893K(165632K) Class: 22912K(23616K)->22912K(23616K)
[2025-03-19T14:59:45.363+0000][345.255s][info ][gc          ] GC(70) Pause Young (Normal) (G1 Evacuation Pause) 411M->182M(477M) 14.334ms
[2025-03-19T14:59:45.363+0000][345.255s][info ][gc,cpu      ] GC(70) User=0.04s Sys=0.01s Real=0.02s
[2025-03-19T14:59:45.363+0000][345.255s][info ][safepoint   ] Safepoint "G1CollectForAllocation", Time since last: 3952396069 ns, Reaching safepoint: 56162 ns, Cleanup: 15857 ns, At safepoint: 14477693 ns, Total: 14549712 ns
[2025-03-19T14:59:50.364+0000][350.256s][debug][safepoint   ] Safepoint synchronization initiated using futex wait barrier. (206 threads)
[2025-03-19T14:59:50.364+0000][350.256s][info ][safepoint   ] Safepoint "Cleanup", Time since last: 5000392673 ns, Reaching safepoint: 82936 ns, Cleanup: 25794 ns, At safepoint: 8004 ns, Total: 116734 ns
[2025-03-19T14:59:54.364+0000][354.256s][debug][safepoint   ] Safepoint synchronization initiated using futex wait barrier. (206 threads)
[2025-03-19T14:59:54.364+0000][354.256s][info ][safepoint   ] Safepoint "Cleanup", Time since last: 4000338847 ns, Reaching safepoint: 87643 ns, Cleanup: 18553 ns, At safepoint: 7226 ns, Total: 113422 ns
[2025-03-19T14:59:55.365+0000][355.256s][debug][safepoint   ] Safepoint synchronization initiated using futex wait barrier. (206 threads)
[2025-03-19T14:59:55.365+0000][355.256s][info ][safepoint   ] Safepoint "Cleanup", Time since last: 1000112272 ns, Reaching safepoint: 102781 ns, Cleanup: 25200 ns, At safepoint: 8724 ns, Total: 136705 ns
[2025-03-19T14:59:57.365+0000][357.257s][debug][safepoint   ] Safepoint synchronization initiated using futex wait barrier. (206 threads)
[2025-03-19T14:59:57.365+0000][357.257s][info ][safepoint   ] Safepoint "Cleanup", Time since last: 2000184253 ns, Reaching safepoint: 74617 ns, Cleanup: 27430 ns, At safepoint: 7762 ns, Total: 109809 ns
[2025-03-19T15:00:00.365+0000][360.257s][debug][safepoint   ] Safepoint synchronization initiated using futex wait barrier. (206 threads)
[2025-03-19T15:00:00.365+0000][360.257s][info ][safepoint   ] Safepoint "Cleanup", Time since last: 3000256754 ns, Reaching safepoint: 113561 ns, Cleanup: 36698 ns, At safepoint: 7578 ns, Total: 157837 ns
[2025-03-19T15:00:01.412+0000][361.303s][debug][safepoint   ] Safepoint synchronization initiated using futex wait barrier. (206 threads)
[2025-03-19T15:00:01.412+0000][361.304s][info ][safepoint   ] Safepoint "Cleanup", Time since last: 1046314440 ns, Reaching safepoint: 79656 ns, Cleanup: 25094 ns, At safepoint: 7254 ns, Total: 112004 ns
[2025-03-19T15:00:04.412+0000][364.304s][debug][safepoint   ] Safepoint synchronization initiated using futex wait barrier. (206 threads)
[2025-03-19T15:00:04.412+0000][364.304s][info ][safepoint   ] Safepoint "Cleanup", Time since last: 3000276800 ns, Reaching safepoint: 85899 ns, Cleanup: 16467 ns, At safepoint: 7750 ns, Total: 110116 ns
[2025-03-19T15:00:05.412+0000][365.304s][debug][safepoint   ] Safepoint synchronization initiated using futex wait barrier. (206 threads)
[2025-03-19T15:00:05.412+0000][365.304s][info ][safepoint   ] Safepoint "Cleanup", Time since last: 1000127130 ns, Reaching safepoint: 54415 ns, Cleanup: 15262 ns, At safepoint: 4158 ns, Total: 73835 ns
[2025-03-19T15:00:06.412+0000][366.304s][debug][safepoint   ] Safepoint synchronization initiated using futex wait barrier. (206 threads)
[2025-03-19T15:00:06.413+0000][366.305s][info ][safepoint   ] Safepoint "Cleanup", Time since last: 1000089789 ns, Reaching safepoint: 207683 ns, Cleanup: 20014 ns, At safepoint: 8932 ns, Total: 236629 ns
[2025-03-19T15:00:10.413+0000][370.305s][debug][safepoint   ] Safepoint synchronization initiated using futex wait barrier. (206 threads)
[2025-03-19T15:00:10.413+0000][370.305s][info ][safepoint   ] Safepoint "Cleanup", Time since last: 4000440894 ns, Reaching safepoint: 203236 ns, Cleanup: 27818 ns, At safepoint: 8505 ns, Total: 239559 ns
[2025-03-19T15:00:11.414+0000][371.305s][debug][safepoint   ] Safepoint synchronization initiated using futex wait barrier. (206 threads)
[2025-03-19T15:00:11.414+0000][371.305s][info ][safepoint   ] Safepoint "Cleanup", Time since last: 1000100841 ns, Reaching safepoint: 69266 ns, Cleanup: 19087 ns, At safepoint: 5975 ns, Total: 94328 ns
[2025-03-19T15:00:21.415+0000][381.306s][debug][safepoint   ] Safepoint synchronization initiated using futex wait barrier. (206 threads)
[2025-03-19T15:00:21.415+0000][381.307s][info ][safepoint   ] Safepoint "Cleanup", Time since last: 10000956516 ns, Reaching safepoint: 106218 ns, Cleanup: 42548 ns, At safepoint: 7619 ns, Total: 156385 ns
[2025-03-19T15:00:24.415+0000][384.307s][debug][safepoint   ] Safepoint synchronization initiated using futex wait barrier. (206 threads)
[2025-03-19T15:00:24.415+0000][384.307s][info ][safepoint   ] Safepoint "Cleanup", Time since last: 3000286187 ns, Reaching safepoint: 108441 ns, Cleanup: 21903 ns, At safepoint: 8071 ns, Total: 138415 ns
[2025-03-19T15:00:26.415+0000][386.307s][debug][safepoint   ] Safepoint synchronization initiated using futex wait barrier. (206 threads)
[2025-03-19T15:00:26.416+0000][386.307s][info ][safepoint   ] Safepoint "Cleanup", Time since last: 2000236778 ns, Reaching safepoint: 101674 ns, Cleanup: 29838 ns, At safepoint: 7581 ns, Total: 139093 ns
[2025-03-19T15:00:27.416+0000][387.307s][debug][safepoint   ] Safepoint synchronization initiated using futex wait barrier. (205 threads)
[2025-03-19T15:00:27.416+0000][387.308s][info ][safepoint   ] Safepoint "Cleanup", Time since last: 1000109481 ns, Reaching safepoint: 111407 ns, Cleanup: 24497 ns, At safepoint: 7042 ns, Total: 142946 ns
[2025-03-19T15:00:31.416+0000][391.308s][debug][safepoint   ] Safepoint synchronization initiated using futex wait barrier. (205 threads)
[2025-03-19T15:00:31.416+0000][391.308s][info ][safepoint   ] Safepoint "Cleanup", Time since last: 4000384698 ns, Reaching safepoint: 80984 ns, Cleanup: 50101 ns, At safepoint: 7519 ns, Total: 138604 ns
[2025-03-19T15:00:36.417+0000][396.309s][debug][safepoint   ] Safepoint synchronization initiated using futex wait barrier. (204 threads)
[2025-03-19T15:00:36.417+0000][396.309s][info ][safepoint   ] Safepoint "Cleanup", Time since last: 5000531116 ns, Reaching safepoint: 40234 ns, Cleanup: 8742 ns, At safepoint: 2768 ns, Total: 51744 ns
[2025-03-19T15:00:39.417+0000][399.309s][debug][safepoint   ] Safepoint synchronization initiated using futex wait barrier. (204 threads)
[2025-03-19T15:00:39.417+0000][399.309s][info ][safepoint   ] Safepoint "Cleanup", Time since last: 3000283430 ns, Reaching safepoint: 128890 ns, Cleanup: 16178 ns, At safepoint: 7077 ns, Total: 152145 ns
[2025-03-19T15:00:41.418+0000][401.310s][debug][safepoint   ] Safepoint synchronization initiated using futex wait barrier. (204 threads)
[2025-03-19T15:00:41.418+0000][401.310s][info ][safepoint   ] Safepoint "Cleanup", Time since last: 2000406397 ns, Reaching safepoint: 90491 ns, Cleanup: 21135 ns, At safepoint: 8218 ns, Total: 119844 ns
[2025-03-19T15:00:48.418+0000][408.310s][debug][safepoint   ] Safepoint synchronization initiated using futex wait barrier. (205 threads)
[2025-03-19T15:00:48.419+0000][408.310s][info ][safepoint   ] Safepoint "Cleanup", Time since last: 7000618733 ns, Reaching safepoint: 132689 ns, Cleanup: 17397 ns, At safepoint: 56443 ns, Total: 206529 ns
[2025-03-19T15:00:51.419+0000][411.311s][debug][safepoint   ] Safepoint synchronization initiated using futex wait barrier. (205 threads)
[2025-03-19T15:00:51.419+0000][411.311s][info ][safepoint   ] Safepoint "Cleanup", Time since last: 3000302591 ns, Reaching safepoint: 99226 ns, Cleanup: 16607 ns, At safepoint: 7830 ns, Total: 123663 ns
[2025-03-19T15:01:01.433+0000][421.324s][debug][safepoint   ] Safepoint synchronization initiated using futex wait barrier. (205 threads)
[2025-03-19T15:01:01.433+0000][421.325s][info ][safepoint   ] Safepoint "Cleanup", Time since last: 10013574224 ns, Reaching safepoint: 86192 ns, Cleanup: 20662 ns, At safepoint: 6655 ns, Total: 113509 ns
[2025-03-19T15:01:02.433+0000][422.325s][debug][safepoint   ] Safepoint synchronization initiated using futex wait barrier. (205 threads)
[2025-03-19T15:01:02.433+0000][422.325s][info ][safepoint   ] Safepoint "Cleanup", Time since last: 1000127505 ns, Reaching safepoint: 94370 ns, Cleanup: 19898 ns, At safepoint: 8470 ns, Total: 122738 ns
[2025-03-19T15:01:07.433+0000][427.325s][debug][safepoint   ] Safepoint synchronization initiated using futex wait barrier. (205 threads)
[2025-03-19T15:01:07.434+0000][427.325s][info ][safepoint   ] Safepoint "Cleanup", Time since last: 5000439492 ns, Reaching safepoint: 60786 ns, Cleanup: 12648 ns, At safepoint: 3175 ns, Total: 76609 ns
[2025-03-19T15:01:08.434+0000][428.325s][debug][safepoint   ] Safepoint synchronization initiated using futex wait barrier. (205 threads)
[2025-03-19T15:01:08.434+0000][428.326s][info ][safepoint   ] Safepoint "Cleanup", Time since last: 1000086477 ns, Reaching safepoint: 77122 ns, Cleanup: 19106 ns, At safepoint: 6693 ns, Total: 102921 ns
[2025-03-19T15:01:09.434+0000][429.326s][debug][safepoint   ] Safepoint synchronization initiated using futex wait barrier. (205 threads)
[2025-03-19T15:01:09.434+0000][429.326s][info ][safepoint   ] Safepoint "Cleanup", Time since last: 1000127776 ns, Reaching safepoint: 86375 ns, Cleanup: 16941 ns, At safepoint: 7925 ns, Total: 111241 ns
[2025-03-19T15:01:11.434+0000][431.326s][debug][safepoint   ] Safepoint synchronization initiated using futex wait barrier. (205 threads)
[2025-03-19T15:01:11.434+0000][431.326s][info ][safepoint   ] Safepoint "Cleanup", Time since last: 2000195576 ns, Reaching safepoint: 78996 ns, Cleanup: 17131 ns, At safepoint: 5986 ns, Total: 102113 ns
[2025-03-19T15:01:12.434+0000][432.326s][debug][safepoint   ] Safepoint synchronization initiated using futex wait barrier. (205 threads)
[2025-03-19T15:01:12.435+0000][432.326s][info ][safepoint   ] Safepoint "Cleanup", Time since last: 1000106479 ns, Reaching safepoint: 113857 ns, Cleanup: 27893 ns, At safepoint: 8227 ns, Total: 149977 ns
[2025-03-19T15:01:15.435+0000][435.327s][debug][safepoint   ] Safepoint synchronization initiated using futex wait barrier. (205 threads)
[2025-03-19T15:01:15.435+0000][435.327s][info ][safepoint   ] Safepoint "Cleanup", Time since last: 3000237689 ns, Reaching safepoint: 90627 ns, Cleanup: 19197 ns, At safepoint: 7610 ns, Total: 117434 ns
[2025-03-19T15:01:17.435+0000][437.327s][debug][safepoint   ] Safepoint synchronization initiated using futex wait barrier. (205 threads)
[2025-03-19T15:01:17.435+0000][437.327s][info ][safepoint   ] Safepoint "Cleanup", Time since last: 2000165640 ns, Reaching safepoint: 87196 ns, Cleanup: 20143 ns, At safepoint: 7829 ns, Total: 115168 ns
[2025-03-19T15:01:25.436+0000][445.328s][debug][safepoint   ] Safepoint synchronization initiated using futex wait barrier. (205 threads)
[2025-03-19T15:01:25.436+0000][445.328s][info ][safepoint   ] Safepoint "Cleanup", Time since last: 8000586992 ns, Reaching safepoint: 64504 ns, Cleanup: 34075 ns, At safepoint: 3705 ns, Total: 102284 ns
[2025-03-19T15:01:26.436+0000][446.328s][debug][safepoint   ] Safepoint synchronization initiated using futex wait barrier. (205 threads)
[2025-03-19T15:01:26.436+0000][446.328s][info ][safepoint   ] Safepoint "Cleanup", Time since last: 1000122410 ns, Reaching safepoint: 80856 ns, Cleanup: 21026 ns, At safepoint: 8299 ns, Total: 110181 ns
[2025-03-19T15:01:27.436+0000][447.328s][debug][safepoint   ] Safepoint synchronization initiated using futex wait barrier. (205 threads)
[2025-03-19T15:01:27.436+0000][447.328s][info ][safepoint   ] Safepoint "Cleanup", Time since last: 1000156234 ns, Reaching safepoint: 93723 ns, Cleanup: 16001 ns, At safepoint: 6537 ns, Total: 116261 ns
[2025-03-19T15:01:28.436+0000][448.328s][debug][safepoint   ] Safepoint synchronization initiated using futex wait barrier. (209 threads)
[2025-03-19T15:01:28.437+0000][448.328s][info ][safepoint   ] Safepoint "Cleanup", Time since last: 1000102596 ns, Reaching safepoint: 75822 ns, Cleanup: 47404 ns, At safepoint: 11045 ns, Total: 134271 ns
[2025-03-19T15:01:29.437+0000][449.328s][debug][safepoint   ] Safepoint synchronization initiated using futex wait barrier. (213 threads)
[2025-03-19T15:01:29.437+0000][449.329s][info ][safepoint   ] Safepoint "Cleanup", Time since last: 1000108745 ns, Reaching safepoint: 74669 ns, Cleanup: 80130 ns, At safepoint: 6527 ns, Total: 161326 ns
[2025-03-19T15:01:33.437+0000][453.329s][debug][safepoint   ] Safepoint synchronization initiated using futex wait barrier. (213 threads)
[2025-03-19T15:01:33.437+0000][453.329s][info ][safepoint   ] Safepoint "Cleanup", Time since last: 4000394989 ns, Reaching safepoint: 83358 ns, Cleanup: 28006 ns, At safepoint: 6367 ns, Total: 117731 ns
[2025-03-19T15:01:35.438+0000][455.329s][debug][safepoint   ] Safepoint synchronization initiated using futex wait barrier. (212 threads)
[2025-03-19T15:01:35.438+0000][455.329s][info ][safepoint   ] Safepoint "Cleanup", Time since last: 2000172881 ns, Reaching safepoint: 80236 ns, Cleanup: 16437 ns, At safepoint: 7909 ns, Total: 104582 ns
[2025-03-19T15:01:38.438+0000][458.330s][debug][safepoint   ] Safepoint synchronization initiated using futex wait barrier. (212 threads)
[2025-03-19T15:01:38.438+0000][458.330s][info ][safepoint   ] Safepoint "Cleanup", Time since last: 3000309528 ns, Reaching safepoint: 88298 ns, Cleanup: 17669 ns, At safepoint: 7549 ns, Total: 113516 ns
[2025-03-19T15:01:39.438+0000][459.330s][debug][safepoint   ] Safepoint synchronization initiated using futex wait barrier. (212 threads)
[2025-03-19T15:01:39.438+0000][459.330s][info ][safepoint   ] Safepoint "Cleanup", Time since last: 1000132462 ns, Reaching safepoint: 101903 ns, Cleanup: 19632 ns, At safepoint: 8483 ns, Total: 130018 ns
[2025-03-19T15:01:49.440+0000][469.331s][debug][safepoint   ] Safepoint synchronization initiated using futex wait barrier. (212 threads)
[2025-03-19T15:01:49.440+0000][469.332s][info ][safepoint   ] Safepoint "Cleanup", Time since last: 10001277118 ns, Reaching safepoint: 93566 ns, Cleanup: 16681 ns, At safepoint: 8192 ns, Total: 118439 ns
[2025-03-19T15:01:51.440+0000][471.332s][debug][safepoint   ] Safepoint synchronization initiated using futex wait barrier. (212 threads)
[2025-03-19T15:01:51.440+0000][471.332s][info ][safepoint   ] Safepoint "Cleanup", Time since last: 2000235285 ns, Reaching safepoint: 79312 ns, Cleanup: 17568 ns, At safepoint: 7805 ns, Total: 104685 ns
[2025-03-19T15:01:53.440+0000][473.332s][debug][safepoint   ] Safepoint synchronization initiated using futex wait barrier. (212 threads)
[2025-03-19T15:01:53.440+0000][473.332s][info ][safepoint   ] Safepoint "Cleanup", Time since last: 2000231616 ns, Reaching safepoint: 84159 ns, Cleanup: 17539 ns, At safepoint: 7956 ns, Total: 109654 ns
[2025-03-19T15:01:54.441+0000][474.332s][debug][safepoint   ] Safepoint synchronization initiated using futex wait barrier. (212 threads)
[2025-03-19T15:01:54.441+0000][474.332s][info ][safepoint   ] Safepoint "Cleanup", Time since last: 1000121463 ns, Reaching safepoint: 86836 ns, Cleanup: 17070 ns, At safepoint: 25692 ns, Total: 129598 ns
[2025-03-19T15:02:00.441+0000][480.333s][debug][safepoint   ] Safepoint synchronization initiated using futex wait barrier. (212 threads)
[2025-03-19T15:02:00.442+0000][480.333s][info ][safepoint   ] Safepoint "Cleanup", Time since last: 6000819149 ns, Reaching safepoint: 91741 ns, Cleanup: 19483 ns, At safepoint: 8076 ns, Total: 119300 ns
[2025-03-19T15:02:03.454+0000][483.346s][debug][safepoint   ] Safepoint synchronization initiated using futex wait barrier. (212 threads)
[2025-03-19T15:02:03.454+0000][483.346s][info ][safepoint   ] Safepoint "Cleanup", Time since last: 3012138065 ns, Reaching safepoint: 85160 ns, Cleanup: 16596 ns, At safepoint: 8159 ns, Total: 109915 ns
[2025-03-19T15:02:22.455+0000][502.347s][debug][safepoint   ] Safepoint synchronization initiated using futex wait barrier. (212 threads)
[2025-03-19T15:02:22.455+0000][502.347s][info ][safepoint   ] Safepoint "Cleanup", Time since last: 19001452721 ns, Reaching safepoint: 75835 ns, Cleanup: 15765 ns, At safepoint: 7765 ns, Total: 99365 ns
[2025-03-19T15:02:23.456+0000][503.347s][debug][safepoint   ] Safepoint synchronization initiated using futex wait barrier. (212 threads)
[2025-03-19T15:02:23.456+0000][503.347s][info ][safepoint   ] Safepoint "Cleanup", Time since last: 1000099031 ns, Reaching safepoint: 81518 ns, Cleanup: 16998 ns, At safepoint: 8255 ns, Total: 106771 ns
[2025-03-19T15:02:25.456+0000][505.348s][debug][safepoint   ] Safepoint synchronization initiated using futex wait barrier. (212 threads)
[2025-03-19T15:02:25.456+0000][505.348s][info ][safepoint   ] Safepoint "Cleanup", Time since last: 2000202691 ns, Reaching safepoint: 71181 ns, Cleanup: 18217 ns, At safepoint: 7477 ns, Total: 96875 ns
[2025-03-19T15:02:29.456+0000][509.348s][debug][safepoint   ] Safepoint synchronization initiated using futex wait barrier. (208 threads)
[2025-03-19T15:02:29.456+0000][509.348s][info ][safepoint   ] Safepoint "Cleanup", Time since last: 4000326571 ns, Reaching safepoint: 102855 ns, Cleanup: 17102 ns, At safepoint: 8013 ns, Total: 127970 ns
[2025-03-19T15:02:30.456+0000][510.348s][debug][safepoint   ] Safepoint synchronization initiated using futex wait barrier. (208 threads)
[2025-03-19T15:02:30.457+0000][510.348s][info ][safepoint   ] Safepoint "Cleanup", Time since last: 1000091417 ns, Reaching safepoint: 52469 ns, Cleanup: 16538 ns, At safepoint: 4041 ns, Total: 73048 ns
[2025-03-19T15:02:31.457+0000][511.348s][debug][safepoint   ] Safepoint synchronization initiated using futex wait barrier. (208 threads)
[2025-03-19T15:02:31.457+0000][511.348s][info ][safepoint   ] Safepoint "Cleanup", Time since last: 1000100477 ns, Reaching safepoint: 47557 ns, Cleanup: 12634 ns, At safepoint: 4497 ns, Total: 64688 ns
[2025-03-19T15:02:33.457+0000][513.349s][debug][safepoint   ] Safepoint synchronization initiated using futex wait barrier. (208 threads)
[2025-03-19T15:02:33.457+0000][513.349s][info ][safepoint   ] Safepoint "Cleanup", Time since last: 2000222731 ns, Reaching safepoint: 83558 ns, Cleanup: 16827 ns, At safepoint: 8333 ns, Total: 108718 ns
[2025-03-19T15:02:36.457+0000][516.349s][debug][safepoint   ] Safepoint synchronization initiated using futex wait barrier. (207 threads)
[2025-03-19T15:02:36.457+0000][516.349s][info ][safepoint   ] Safepoint "Cleanup", Time since last: 3000228295 ns, Reaching safepoint: 96658 ns, Cleanup: 17477 ns, At safepoint: 7648 ns, Total: 121783 ns
[2025-03-19T15:02:41.458+0000][521.350s][debug][safepoint   ] Safepoint synchronization initiated using futex wait barrier. (207 threads)
[2025-03-19T15:02:41.458+0000][521.350s][info ][safepoint   ] Safepoint "Cleanup", Time since last: 5000361892 ns, Reaching safepoint: 50056 ns, Cleanup: 12277 ns, At safepoint: 3131 ns, Total: 65464 ns
[2025-03-19T15:02:43.458+0000][523.350s][debug][safepoint   ] Safepoint synchronization initiated using futex wait barrier. (207 threads)
[2025-03-19T15:02:43.458+0000][523.350s][info ][safepoint   ] Safepoint "Cleanup", Time since last: 2000194881 ns, Reaching safepoint: 84257 ns, Cleanup: 16849 ns, At safepoint: 7824 ns, Total: 108930 ns
[2025-03-19T15:02:47.458+0000][527.350s][debug][safepoint   ] Safepoint synchronization initiated using futex wait barrier. (207 threads)
[2025-03-19T15:02:47.459+0000][527.350s][info ][gc,start    ] GC(71) Pause Young (Normal) (G1 Evacuation Pause)
[2025-03-19T15:02:47.459+0000][527.350s][info ][gc,task     ] GC(71) Using 4 workers of 4 for evacuation
[2025-03-19T15:02:47.470+0000][527.362s][info ][gc,phases   ] GC(71)   Pre Evacuate Collection Set: 0.1ms
[2025-03-19T15:02:47.470+0000][527.362s][info ][gc,phases   ] GC(71)   Merge Heap Roots: 0.1ms
[2025-03-19T15:02:47.470+0000][527.362s][info ][gc,phases   ] GC(71)   Evacuate Collection Set: 10.2ms
[2025-03-19T15:02:47.470+0000][527.362s][info ][gc,phases   ] GC(71)   Post Evacuate Collection Set: 1.0ms
[2025-03-19T15:02:47.470+0000][527.362s][info ][gc,phases   ] GC(71)   Other: 0.1ms
[2025-03-19T15:02:47.470+0000][527.362s][info ][gc,heap     ] GC(71) Eden regions: 230->0(228)
[2025-03-19T15:02:47.470+0000][527.362s][info ][gc,heap     ] GC(71) Survivor regions: 15->16(31)
[2025-03-19T15:02:47.470+0000][527.362s][info ][gc,heap     ] GC(71) Old regions: 167->167
[2025-03-19T15:02:47.470+0000][527.362s][info ][gc,heap     ] GC(71) Archive regions: 2->2
[2025-03-19T15:02:47.470+0000][527.362s][info ][gc,heap     ] GC(71) Humongous regions: 0->0
[2025-03-19T15:02:47.470+0000][527.362s][info ][gc,metaspace] GC(71) Metaspace: 188206K(189632K)->188206K(189632K) NonClass: 165290K(166016K)->165290K(166016K) Class: 22915K(23616K)->22915K(23616K)
[2025-03-19T15:02:47.470+0000][527.362s][info ][gc          ] GC(71) Pause Young (Normal) (G1 Evacuation Pause) 412M->183M(477M) 11.463ms
[2025-03-19T15:02:47.470+0000][527.362s][info ][gc,cpu      ] GC(71) User=0.04s Sys=0.00s Real=0.01s
[2025-03-19T15:02:47.470+0000][527.362s][info ][safepoint   ] Safepoint "G1CollectForAllocation", Time since last: 4000346764 ns, Reaching safepoint: 42918 ns, Cleanup: 8903 ns, At safepoint: 11604686 ns, Total: 11656507 ns
[2025-03-19T15:02:48.470+0000][528.362s][debug][safepoint   ] Safepoint synchronization initiated using futex wait barrier. (207 threads)
[2025-03-19T15:02:48.470+0000][528.362s][info ][safepoint   ] Safepoint "Cleanup", Time since last: 1000100202 ns, Reaching safepoint: 83642 ns, Cleanup: 22870 ns, At safepoint: 7618 ns, Total: 114130 ns
[2025-03-19T15:02:49.470+0000][529.362s][debug][safepoint   ] Safepoint synchronization initiated using futex wait barrier. (207 threads)
[2025-03-19T15:02:49.471+0000][529.362s][info ][safepoint   ] Safepoint "Cleanup", Time since last: 1000095693 ns, Reaching safepoint: 75339 ns, Cleanup: 15843 ns, At safepoint: 7484 ns, Total: 98666 ns
[2025-03-19T15:02:51.471+0000][531.362s][debug][safepoint   ] Safepoint synchronization initiated using futex wait barrier. (207 threads)
[2025-03-19T15:02:51.471+0000][531.363s][info ][safepoint   ] Safepoint "Cleanup", Time since last: 2000185132 ns, Reaching safepoint: 92344 ns, Cleanup: 18988 ns, At safepoint: 7442 ns, Total: 118774 ns
[2025-03-19T15:02:54.471+0000][534.363s][debug][safepoint   ] Safepoint synchronization initiated using futex wait barrier. (207 threads)
[2025-03-19T15:02:54.471+0000][534.363s][info ][safepoint   ] Safepoint "Cleanup", Time since last: 3000446527 ns, Reaching safepoint: 112485 ns, Cleanup: 20720 ns, At safepoint: 7982 ns, Total: 141187 ns
[2025-03-19T15:02:56.472+0000][536.363s][debug][safepoint   ] Safepoint synchronization initiated using futex wait barrier. (207 threads)
[2025-03-19T15:02:56.472+0000][536.363s][info ][safepoint   ] Safepoint "Cleanup", Time since last: 2000185673 ns, Reaching safepoint: 69507 ns, Cleanup: 14704 ns, At safepoint: 6362 ns, Total: 90573 ns
[2025-03-19T15:02:57.472+0000][537.364s][debug][safepoint   ] Safepoint synchronization initiated using futex wait barrier. (207 threads)
[2025-03-19T15:02:57.472+0000][537.364s][info ][safepoint   ] Safepoint "Cleanup", Time since last: 1000127091 ns, Reaching safepoint: 81898 ns, Cleanup: 16569 ns, At safepoint: 7496 ns, Total: 105963 ns
[2025-03-19T15:02:58.472+0000][538.364s][debug][safepoint   ] Safepoint synchronization initiated using futex wait barrier. (207 threads)
[2025-03-19T15:02:58.472+0000][538.364s][info ][safepoint   ] Safepoint "Cleanup", Time since last: 1000113655 ns, Reaching safepoint: 74322 ns, Cleanup: 16296 ns, At safepoint: 7845 ns, Total: 98463 ns
[2025-03-19T15:03:00.472+0000][540.364s][debug][safepoint   ] Safepoint synchronization initiated using futex wait barrier. (207 threads)
[2025-03-19T15:03:00.472+0000][540.364s][info ][safepoint   ] Safepoint "Cleanup", Time since last: 2000157987 ns, Reaching safepoint: 79932 ns, Cleanup: 12154 ns, At safepoint: 4500 ns, Total: 96586 ns
[2025-03-19T15:03:01.474+0000][541.366s][debug][safepoint   ] Safepoint synchronization initiated using futex wait barrier. (207 threads)
[2025-03-19T15:03:01.474+0000][541.366s][info ][safepoint   ] Safepoint "Cleanup", Time since last: 1001379686 ns, Reaching safepoint: 102620 ns, Cleanup: 20819 ns, At safepoint: 7454 ns, Total: 130893 ns
[2025-03-19T15:03:02.474+0000][542.366s][debug][safepoint   ] Safepoint synchronization initiated using futex wait barrier. (207 threads)
[2025-03-19T15:03:02.474+0000][542.366s][info ][safepoint   ] Safepoint "Cleanup", Time since last: 1000118850 ns, Reaching safepoint: 82266 ns, Cleanup: 23959 ns, At safepoint: 7588 ns, Total: 113813 ns
[2025-03-19T15:03:03.474+0000][543.366s][debug][safepoint   ] Safepoint synchronization initiated using futex wait barrier. (207 threads)
[2025-03-19T15:03:03.474+0000][543.366s][info ][safepoint   ] Safepoint "Cleanup", Time since last: 1000090325 ns, Reaching safepoint: 90358 ns, Cleanup: 16099 ns, At safepoint: 8279 ns, Total: 114736 ns
[2025-03-19T15:03:06.475+0000][546.366s][debug][safepoint   ] Safepoint synchronization initiated using futex wait barrier. (207 threads)
[2025-03-19T15:03:06.475+0000][546.366s][info ][safepoint   ] Safepoint "Cleanup", Time since last: 3000239247 ns, Reaching safepoint: 78320 ns, Cleanup: 17438 ns, At safepoint: 7244 ns, Total: 103002 ns
[2025-03-19T15:03:09.475+0000][549.367s][debug][safepoint   ] Safepoint synchronization initiated using futex wait barrier. (207 threads)
[2025-03-19T15:03:09.475+0000][549.367s][info ][safepoint   ] Safepoint "Cleanup", Time since last: 3000225713 ns, Reaching safepoint: 77519 ns, Cleanup: 16951 ns, At safepoint: 5655 ns, Total: 100125 ns
[2025-03-19T15:03:12.475+0000][552.367s][debug][safepoint   ] Safepoint synchronization initiated using futex wait barrier. (207 threads)
[2025-03-19T15:03:12.475+0000][552.367s][info ][safepoint   ] Safepoint "Cleanup", Time since last: 3000219878 ns, Reaching safepoint: 49377 ns, Cleanup: 16321 ns, At safepoint: 4104 ns, Total: 69802 ns
[2025-03-19T15:03:17.476+0000][557.368s][debug][safepoint   ] Safepoint synchronization initiated using futex wait barrier. (207 threads)
[2025-03-19T15:03:17.476+0000][557.368s][info ][safepoint   ] Safepoint "Cleanup", Time since last: 5000430800 ns, Reaching safepoint: 139058 ns, Cleanup: 29986 ns, At safepoint: 8709 ns, Total: 177753 ns
[2025-03-19T15:03:18.476+0000][558.368s][debug][safepoint   ] Safepoint synchronization initiated using futex wait barrier. (207 threads)
[2025-03-19T15:03:18.476+0000][558.368s][info ][safepoint   ] Safepoint "Cleanup", Time since last: 1000115758 ns, Reaching safepoint: 101805 ns, Cleanup: 31599 ns, At safepoint: 13008 ns, Total: 146412 ns
[2025-03-19T15:03:21.476+0000][561.368s][debug][safepoint   ] Safepoint synchronization initiated using futex wait barrier. (207 threads)
[2025-03-19T15:03:21.476+0000][561.368s][info ][safepoint   ] Safepoint "Cleanup", Time since last: 3000204140 ns, Reaching safepoint: 76505 ns, Cleanup: 16714 ns, At safepoint: 5863 ns, Total: 99082 ns
[2025-03-19T15:03:22.477+0000][562.368s][debug][safepoint   ] Safepoint synchronization initiated using futex wait barrier. (207 threads)
[2025-03-19T15:03:22.477+0000][562.368s][info ][safepoint   ] Safepoint "Cleanup", Time since last: 1000106248 ns, Reaching safepoint: 109165 ns, Cleanup: 19516 ns, At safepoint: 8194 ns, Total: 136875 ns
[2025-03-19T15:03:23.477+0000][563.369s][debug][safepoint   ] Safepoint synchronization initiated using futex wait barrier. (207 threads)
[2025-03-19T15:03:23.477+0000][563.369s][info ][safepoint   ] Safepoint "Cleanup", Time since last: 1000116020 ns, Reaching safepoint: 49682 ns, Cleanup: 14473 ns, At safepoint: 3475 ns, Total: 67630 ns
[2025-03-19T15:03:27.478+0000][567.370s][debug][safepoint   ] Safepoint synchronization initiated using futex wait barrier. (207 threads)
[2025-03-19T15:03:27.478+0000][567.370s][info ][safepoint   ] Safepoint "Cleanup", Time since last: 4000858327 ns, Reaching safepoint: 74236 ns, Cleanup: 16310 ns, At safepoint: 3798 ns, Total: 94344 ns
[2025-03-19T15:03:28.478+0000][568.370s][debug][safepoint   ] Safepoint synchronization initiated using futex wait barrier. (207 threads)
[2025-03-19T15:03:28.478+0000][568.370s][info ][safepoint   ] Safepoint "Cleanup", Time since last: 1000088372 ns, Reaching safepoint: 47108 ns, Cleanup: 10715 ns, At safepoint: 2928 ns, Total: 60751 ns
[2025-03-19T15:03:29.478+0000][569.370s][debug][safepoint   ] Safepoint synchronization initiated using futex wait barrier. (205 threads)
[2025-03-19T15:03:29.478+0000][569.370s][info ][safepoint   ] Safepoint "Cleanup", Time since last: 1000073106 ns, Reaching safepoint: 61853 ns, Cleanup: 21661 ns, At safepoint: 4049 ns, Total: 87563 ns
[2025-03-19T15:03:32.478+0000][572.370s][debug][safepoint   ] Safepoint synchronization initiated using futex wait barrier. (205 threads)
[2025-03-19T15:03:32.478+0000][572.370s][info ][safepoint   ] Safepoint "Cleanup", Time since last: 3000195901 ns, Reaching safepoint: 48009 ns, Cleanup: 12496 ns, At safepoint: 2566 ns, Total: 63071 ns
[2025-03-19T15:03:35.479+0000][575.370s][debug][safepoint   ] Safepoint synchronization initiated using futex wait barrier. (204 threads)
[2025-03-19T15:03:35.479+0000][575.370s][info ][safepoint   ] Safepoint "Cleanup", Time since last: 3000198549 ns, Reaching safepoint: 45341 ns, Cleanup: 10210 ns, At safepoint: 2347 ns, Total: 57898 ns
[2025-03-19T15:03:36.479+0000][576.371s][debug][safepoint   ] Safepoint synchronization initiated using futex wait barrier. (204 threads)
[2025-03-19T15:03:36.479+0000][576.371s][info ][safepoint   ] Safepoint "Cleanup", Time since last: 1000074029 ns, Reaching safepoint: 59073 ns, Cleanup: 14954 ns, At safepoint: 7473 ns, Total: 81500 ns
[2025-03-19T15:03:37.479+0000][577.371s][debug][safepoint   ] Safepoint synchronization initiated using futex wait barrier. (204 threads)
[2025-03-19T15:03:37.479+0000][577.371s][info ][safepoint   ] Safepoint "Cleanup", Time since last: 1000091444 ns, Reaching safepoint: 54447 ns, Cleanup: 18057 ns, At safepoint: 3313 ns, Total: 75817 ns
[2025-03-19T15:03:39.479+0000][579.371s][debug][safepoint   ] Safepoint synchronization initiated using futex wait barrier. (204 threads)
[2025-03-19T15:03:39.479+0000][579.371s][info ][safepoint   ] Safepoint "Cleanup", Time since last: 2000152275 ns, Reaching safepoint: 61442 ns, Cleanup: 15175 ns, At safepoint: 3690 ns, Total: 80307 ns
[2025-03-19T15:03:42.479+0000][582.371s][debug][safepoint   ] Safepoint synchronization initiated using futex wait barrier. (204 threads)
[2025-03-19T15:03:42.479+0000][582.371s][info ][safepoint   ] Safepoint "Cleanup", Time since last: 3000191506 ns, Reaching safepoint: 46872 ns, Cleanup: 9945 ns, At safepoint: 3039 ns, Total: 59856 ns
[2025-03-19T15:03:47.480+0000][587.372s][debug][safepoint   ] Safepoint synchronization initiated using futex wait barrier. (204 threads)
[2025-03-19T15:03:47.480+0000][587.372s][info ][safepoint   ] Safepoint "Cleanup", Time since last: 5000388884 ns, Reaching safepoint: 74334 ns, Cleanup: 15428 ns, At safepoint: 3372 ns, Total: 93134 ns
[2025-03-19T15:03:49.480+0000][589.372s][debug][safepoint   ] Safepoint synchronization initiated using futex wait barrier. (204 threads)
[2025-03-19T15:03:49.480+0000][589.372s][info ][safepoint   ] Safepoint "Cleanup", Time since last: 2000140144 ns, Reaching safepoint: 56485 ns, Cleanup: 10831 ns, At safepoint: 3576 ns, Total: 70892 ns
[2025-03-19T15:03:54.480+0000][594.372s][debug][safepoint   ] Safepoint synchronization initiated using futex wait barrier. (204 threads)
[2025-03-19T15:03:54.481+0000][594.372s][info ][safepoint   ] Safepoint "Cleanup", Time since last: 5000317942 ns, Reaching safepoint: 74790 ns, Cleanup: 11542 ns, At safepoint: 3270 ns, Total: 89602 ns
[2025-03-19T15:03:58.481+0000][598.373s][debug][safepoint   ] Safepoint synchronization initiated using futex wait barrier. (204 threads)
[2025-03-19T15:03:58.481+0000][598.373s][info ][safepoint   ] Safepoint "Cleanup", Time since last: 4000311087 ns, Reaching safepoint: 53788 ns, Cleanup: 9131 ns, At safepoint: 2935 ns, Total: 65854 ns
[2025-03-19T15:03:59.481+0000][599.373s][debug][safepoint   ] Safepoint synchronization initiated using futex wait barrier. (204 threads)
[2025-03-19T15:03:59.481+0000][599.373s][info ][safepoint   ] Safepoint "Cleanup", Time since last: 1000079502 ns, Reaching safepoint: 59469 ns, Cleanup: 11463 ns, At safepoint: 3517 ns, Total: 74449 ns
[2025-03-19T15:04:00.492+0000][600.384s][debug][safepoint   ] Safepoint synchronization initiated using futex wait barrier. (204 threads)
[2025-03-19T15:04:00.492+0000][600.384s][info ][safepoint   ] Safepoint "Cleanup", Time since last: 1010752118 ns, Reaching safepoint: 33851 ns, Cleanup: 7680 ns, At safepoint: 1952 ns, Total: 43483 ns
[2025-03-19T15:04:01.492+0000][601.384s][debug][safepoint   ] Safepoint synchronization initiated using futex wait barrier. (204 threads)
[2025-03-19T15:04:01.492+0000][601.384s][info ][safepoint   ] Safepoint "Cleanup", Time since last: 1000092238 ns, Reaching safepoint: 46973 ns, Cleanup: 11088 ns, At safepoint: 3330 ns, Total: 61391 ns
[2025-03-19T15:04:06.492+0000][606.384s][debug][safepoint   ] Safepoint synchronization initiated using futex wait barrier. (204 threads)
[2025-03-19T15:04:06.493+0000][606.384s][info ][safepoint   ] Safepoint "Cleanup", Time since last: 5000421038 ns, Reaching safepoint: 101311 ns, Cleanup: 21262 ns, At safepoint: 8490 ns, Total: 131063 ns
[2025-03-19T15:04:08.493+0000][608.385s][debug][safepoint   ] Safepoint synchronization initiated using futex wait barrier. (204 threads)
[2025-03-19T15:04:08.493+0000][608.385s][info ][safepoint   ] Safepoint "Cleanup", Time since last: 2000213393 ns, Reaching safepoint: 101853 ns, Cleanup: 22290 ns, At safepoint: 9001 ns, Total: 133144 ns
[2025-03-19T15:04:13.494+0000][613.385s][debug][safepoint   ] Safepoint synchronization initiated using futex wait barrier. (204 threads)
[2025-03-19T15:04:13.494+0000][613.385s][info ][safepoint   ] Safepoint "Cleanup", Time since last: 5000616419 ns, Reaching safepoint: 83515 ns, Cleanup: 16750 ns, At safepoint: 6187 ns, Total: 106452 ns
[2025-03-19T15:04:14.494+0000][614.386s][debug][safepoint   ] Safepoint synchronization initiated using futex wait barrier. (204 threads)
[2025-03-19T15:04:14.494+0000][614.386s][info ][safepoint   ] Safepoint "Cleanup", Time since last: 1000112058 ns, Reaching safepoint: 75894 ns, Cleanup: 16431 ns, At safepoint: 6529 ns, Total: 98854 ns
[2025-03-19T15:04:18.494+0000][618.386s][debug][safepoint   ] Safepoint synchronization initiated using futex wait barrier. (204 threads)
[2025-03-19T15:04:18.494+0000][618.386s][info ][safepoint   ] Safepoint "Cleanup", Time since last: 4000368250 ns, Reaching safepoint: 86900 ns, Cleanup: 21829 ns, At safepoint: 6727 ns, Total: 115456 ns
[2025-03-19T15:04:23.495+0000][623.387s][debug][safepoint   ] Safepoint synchronization initiated using futex wait barrier. (204 threads)
[2025-03-19T15:04:23.495+0000][623.387s][info ][safepoint   ] Safepoint "Cleanup", Time since last: 5000645124 ns, Reaching safepoint: 82053 ns, Cleanup: 17811 ns, At safepoint: 6941 ns, Total: 106805 ns
[2025-03-19T15:04:28.496+0000][628.387s][debug][safepoint   ] Safepoint synchronization initiated using futex wait barrier. (204 threads)
[2025-03-19T15:04:28.496+0000][628.388s][info ][safepoint   ] Safepoint "Cleanup", Time since last: 5000564731 ns, Reaching safepoint: 80532 ns, Cleanup: 15188 ns, At safepoint: 7462 ns, Total: 103182 ns
[2025-03-19T15:04:29.496+0000][629.388s][debug][safepoint   ] Safepoint synchronization initiated using futex wait barrier. (204 threads)
[2025-03-19T15:04:29.496+0000][629.388s][info ][safepoint   ] Safepoint "Cleanup", Time since last: 1000105988 ns, Reaching safepoint: 83189 ns, Cleanup: 18452 ns, At safepoint: 7681 ns, Total: 109322 ns
[2025-03-19T15:04:31.496+0000][631.388s][debug][safepoint   ] Safepoint synchronization initiated using futex wait barrier. (204 threads)
[2025-03-19T15:04:31.496+0000][631.388s][info ][safepoint   ] Safepoint "Cleanup", Time since last: 2000183642 ns, Reaching safepoint: 127224 ns, Cleanup: 17552 ns, At safepoint: 8418 ns, Total: 153194 ns
[2025-03-19T15:04:33.497+0000][633.388s][debug][safepoint   ] Safepoint synchronization initiated using futex wait barrier. (204 threads)
[2025-03-19T15:04:33.497+0000][633.388s][info ][safepoint   ] Safepoint "Cleanup", Time since last: 2000160754 ns, Reaching safepoint: 76031 ns, Cleanup: 17440 ns, At safepoint: 7295 ns, Total: 100766 ns
[2025-03-19T15:04:34.497+0000][634.389s][debug][safepoint   ] Safepoint synchronization initiated using futex wait barrier. (204 threads)
[2025-03-19T15:04:34.497+0000][634.389s][info ][safepoint   ] Safepoint "Cleanup", Time since last: 1000108104 ns, Reaching safepoint: 76253 ns, Cleanup: 18424 ns, At safepoint: 7032 ns, Total: 101709 ns
[2025-03-19T15:04:41.498+0000][641.389s][debug][safepoint   ] Safepoint synchronization initiated using futex wait barrier. (203 threads)
[2025-03-19T15:04:41.498+0000][641.389s][info ][safepoint   ] Safepoint "Cleanup", Time since last: 7000727679 ns, Reaching safepoint: 80317 ns, Cleanup: 16756 ns, At safepoint: 7869 ns, Total: 104942 ns
[2025-03-19T15:04:44.498+0000][644.390s][debug][safepoint   ] Safepoint synchronization initiated using futex wait barrier. (203 threads)
[2025-03-19T15:04:44.498+0000][644.390s][info ][safepoint   ] Safepoint "Cleanup", Time since last: 3000269526 ns, Reaching safepoint: 83359 ns, Cleanup: 16422 ns, At safepoint: 6875 ns, Total: 106656 ns
[2025-03-19T15:05:00.513+0000][660.405s][debug][safepoint   ] ... found polling page loop exception at pc = 0x00007edca0fef7fd, stub =0x00007edca098eb80
[2025-03-19T15:05:00.513+0000][660.405s][debug][safepoint   ] Safepoint synchronization initiated using futex wait barrier. (203 threads)
[2025-03-19T15:05:00.513+0000][660.405s][info ][safepoint   ] Safepoint "Cleanup", Time since last: 16015039603 ns, Reaching safepoint: 58230 ns, Cleanup: 13016 ns, At safepoint: 10482 ns, Total: 81728 ns
[2025-03-19T15:05:15.514+0000][675.406s][debug][safepoint   ] Safepoint synchronization initiated using futex wait barrier. (203 threads)
[2025-03-19T15:05:15.515+0000][675.406s][info ][safepoint   ] Safepoint "Cleanup", Time since last: 15001311204 ns, Reaching safepoint: 76367 ns, Cleanup: 17640 ns, At safepoint: 6141 ns, Total: 100148 ns
[2025-03-19T15:05:20.515+0000][680.407s][debug][safepoint   ] Safepoint synchronization initiated using futex wait barrier. (203 threads)
[2025-03-19T15:05:20.515+0000][680.407s][info ][safepoint   ] Safepoint "Cleanup", Time since last: 5000445866 ns, Reaching safepoint: 88897 ns, Cleanup: 16295 ns, At safepoint: 6179 ns, Total: 111371 ns
[2025-03-19T15:05:21.515+0000][681.407s][debug][safepoint   ] Safepoint synchronization initiated using futex wait barrier. (203 threads)
[2025-03-19T15:05:21.515+0000][681.407s][info ][safepoint   ] Safepoint "Cleanup", Time since last: 1000119913 ns, Reaching safepoint: 97089 ns, Cleanup: 15525 ns, At safepoint: 7233 ns, Total: 119847 ns
[2025-03-19T15:05:29.516+0000][689.408s][debug][safepoint   ] Safepoint synchronization initiated using futex wait barrier. (203 threads)
[2025-03-19T15:05:29.516+0000][689.408s][info ][safepoint   ] Safepoint "Cleanup", Time since last: 8000639749 ns, Reaching safepoint: 74634 ns, Cleanup: 20518 ns, At safepoint: 6668 ns, Total: 101820 ns
[2025-03-19T15:05:30.516+0000][690.408s][debug][safepoint   ] Safepoint synchronization initiated using futex wait barrier. (203 threads)
[2025-03-19T15:05:30.516+0000][690.408s][info ][safepoint   ] Safepoint "Cleanup", Time since last: 1000079226 ns, Reaching safepoint: 38412 ns, Cleanup: 8095 ns, At safepoint: 3446 ns, Total: 49953 ns
[2025-03-19T15:05:48.518+0000][708.410s][debug][safepoint   ] Safepoint synchronization initiated using futex wait barrier. (203 threads)
[2025-03-19T15:05:48.519+0000][708.410s][info ][safepoint   ] Safepoint "Cleanup", Time since last: 18002157603 ns, Reaching safepoint: 99240 ns, Cleanup: 18147 ns, At safepoint: 6365 ns, Total: 123752 ns
[2025-03-19T15:05:50.555+0000][710.447s][debug][safepoint   ] Safepoint synchronization initiated using futex wait barrier. (203 threads)
[2025-03-19T15:05:50.555+0000][710.447s][info ][gc,start    ] GC(72) Pause Young (Normal) (G1 Evacuation Pause)
[2025-03-19T15:05:50.555+0000][710.447s][info ][gc,task     ] GC(72) Using 4 workers of 4 for evacuation
[2025-03-19T15:05:50.567+0000][710.458s][info ][gc,phases   ] GC(72)   Pre Evacuate Collection Set: 0.1ms
[2025-03-19T15:05:50.567+0000][710.458s][info ][gc,phases   ] GC(72)   Merge Heap Roots: 0.1ms
[2025-03-19T15:05:50.567+0000][710.458s][info ][gc,phases   ] GC(72)   Evacuate Collection Set: 9.9ms
[2025-03-19T15:05:50.567+0000][710.458s][info ][gc,phases   ] GC(72)   Post Evacuate Collection Set: 1.0ms
[2025-03-19T15:05:50.567+0000][710.458s][info ][gc,phases   ] GC(72)   Other: 0.1ms
[2025-03-19T15:05:50.567+0000][710.458s][info ][gc,heap     ] GC(72) Eden regions: 228->0(228)
[2025-03-19T15:05:50.567+0000][710.458s][info ][gc,heap     ] GC(72) Survivor regions: 16->16(31)
[2025-03-19T15:05:50.567+0000][710.458s][info ][gc,heap     ] GC(72) Old regions: 167->167
[2025-03-19T15:05:50.567+0000][710.458s][info ][gc,heap     ] GC(72) Archive regions: 2->2
[2025-03-19T15:05:50.567+0000][710.458s][info ][gc,heap     ] GC(72) Humongous regions: 0->0
[2025-03-19T15:05:50.567+0000][710.459s][info ][gc,metaspace] GC(72) Metaspace: 188553K(189952K)->188553K(189952K) NonClass: 165637K(166336K)->165637K(166336K) Class: 22915K(23616K)->22915K(23616K)
[2025-03-19T15:05:50.567+0000][710.459s][info ][gc          ] GC(72) Pause Young (Normal) (G1 Evacuation Pause) 411M->183M(477M) 11.247ms
[2025-03-19T15:05:50.567+0000][710.459s][info ][gc,cpu      ] GC(72) User=0.04s Sys=0.00s Real=0.01s
[2025-03-19T15:05:50.567+0000][710.459s][info ][safepoint   ] Safepoint "G1CollectForAllocation", Time since last: 2036902662 ns, Reaching safepoint: 43937 ns, Cleanup: 3990 ns, At safepoint: 11475921 ns, Total: 11523848 ns
[2025-03-19T15:05:51.567+0000][711.459s][debug][safepoint   ] Safepoint synchronization initiated using futex wait barrier. (203 threads)
[2025-03-19T15:05:51.567+0000][711.459s][info ][safepoint   ] Safepoint "Cleanup", Time since last: 1000095275 ns, Reaching safepoint: 95211 ns, Cleanup: 18422 ns, At safepoint: 17213 ns, Total: 130846 ns
[2025-03-19T15:06:06.537+0000][726.428s][debug][safepoint   ] Safepoint synchronization initiated using futex wait barrier. (203 threads)
[2025-03-19T15:06:06.537+0000][726.428s][info ][safepoint   ] Safepoint "Cleanup", Time since last: 14969350751 ns, Reaching safepoint: 86127 ns, Cleanup: 21061 ns, At safepoint: 7942 ns, Total: 115130 ns
[2025-03-19T15:06:09.537+0000][729.429s][debug][safepoint   ] Safepoint synchronization initiated using futex wait barrier. (203 threads)
[2025-03-19T15:06:09.537+0000][729.429s][info ][safepoint   ] Safepoint "Cleanup", Time since last: 3000280319 ns, Reaching safepoint: 46066 ns, Cleanup: 10278 ns, At safepoint: 2805 ns, Total: 59149 ns
[2025-03-19T15:06:21.538+0000][741.430s][debug][safepoint   ] Safepoint synchronization initiated using futex wait barrier. (203 threads)
[2025-03-19T15:06:21.538+0000][741.430s][info ][safepoint   ] Safepoint "Cleanup", Time since last: 12000850804 ns, Reaching safepoint: 40097 ns, Cleanup: 8951 ns, At safepoint: 2796 ns, Total: 51844 ns
[2025-03-19T15:06:24.538+0000][744.430s][debug][safepoint   ] Safepoint synchronization initiated using futex wait barrier. (203 threads)
[2025-03-19T15:06:24.538+0000][744.430s][info ][safepoint   ] Safepoint "Cleanup", Time since last: 3000218649 ns, Reaching safepoint: 44637 ns, Cleanup: 9182 ns, At safepoint: 2658 ns, Total: 56477 ns
[2025-03-19T15:06:25.538+0000][745.430s][debug][safepoint   ] Safepoint synchronization initiated using futex wait barrier. (203 threads)
[2025-03-19T15:06:25.538+0000][745.430s][info ][safepoint   ] Safepoint "Cleanup", Time since last: 1000069780 ns, Reaching safepoint: 54073 ns, Cleanup: 22437 ns, At safepoint: 4194 ns, Total: 80704 ns
[2025-03-19T15:06:27.538+0000][747.430s][debug][safepoint   ] Safepoint synchronization initiated using futex wait barrier. (203 threads)
[2025-03-19T15:06:27.538+0000][747.430s][info ][safepoint   ] Safepoint "Cleanup", Time since last: 2000150232 ns, Reaching safepoint: 38980 ns, Cleanup: 9806 ns, At safepoint: 2665 ns, Total: 51451 ns
[2025-03-19T15:06:32.539+0000][752.431s][debug][safepoint   ] Safepoint synchronization initiated using futex wait barrier. (203 threads)
[2025-03-19T15:06:32.539+0000][752.431s][info ][safepoint   ] Safepoint "Cleanup", Time since last: 5000385890 ns, Reaching safepoint: 149499 ns, Cleanup: 26663 ns, At safepoint: 8881 ns, Total: 185043 ns
[2025-03-19T15:06:33.539+0000][753.431s][debug][safepoint   ] Safepoint synchronization initiated using futex wait barrier. (203 threads)
[2025-03-19T15:06:33.539+0000][753.431s][info ][safepoint   ] Safepoint "Cleanup", Time since last: 1000113218 ns, Reaching safepoint: 46793 ns, Cleanup: 11664 ns, At safepoint: 3462 ns, Total: 61919 ns
[2025-03-19T15:06:35.540+0000][755.432s][debug][safepoint   ] Safepoint synchronization initiated using futex wait barrier. (203 threads)
[2025-03-19T15:06:35.540+0000][755.432s][info ][safepoint   ] Safepoint "Cleanup", Time since last: 2000747927 ns, Reaching safepoint: 58655 ns, Cleanup: 12116 ns, At safepoint: 3368 ns, Total: 74139 ns
[2025-03-19T15:06:37.540+0000][757.432s][debug][safepoint   ] Safepoint synchronization initiated using futex wait barrier. (203 threads)
[2025-03-19T15:06:37.540+0000][757.432s][info ][safepoint   ] Safepoint "Cleanup", Time since last: 2000323078 ns, Reaching safepoint: 70736 ns, Cleanup: 16085 ns, At safepoint: 6431 ns, Total: 93252 ns
[2025-03-19T15:06:52.542+0000][772.434s][debug][safepoint   ] Safepoint synchronization initiated using futex wait barrier. (203 threads)
[2025-03-19T15:06:52.542+0000][772.434s][info ][safepoint   ] Safepoint "Cleanup", Time since last: 15001311074 ns, Reaching safepoint: 72857 ns, Cleanup: 16545 ns, At safepoint: 6539 ns, Total: 95941 ns
[2025-03-19T15:06:55.542+0000][775.434s][debug][safepoint   ] Safepoint synchronization initiated using futex wait barrier. (203 threads)
[2025-03-19T15:06:55.542+0000][775.434s][info ][safepoint   ] Safepoint "Cleanup", Time since last: 3000274193 ns, Reaching safepoint: 48339 ns, Cleanup: 10368 ns, At safepoint: 3687 ns, Total: 62394 ns
[2025-03-19T15:06:57.542+0000][777.434s][debug][safepoint   ] Safepoint synchronization initiated using futex wait barrier. (203 threads)
[2025-03-19T15:06:57.542+0000][777.434s][info ][safepoint   ] Safepoint "Cleanup", Time since last: 2000156341 ns, Reaching safepoint: 50262 ns, Cleanup: 12869 ns, At safepoint: 2802 ns, Total: 65933 ns
[2025-03-19T15:07:03.556+0000][783.448s][debug][safepoint   ] Safepoint synchronization initiated using futex wait barrier. (203 threads)
[2025-03-19T15:07:03.557+0000][783.448s][info ][safepoint   ] Safepoint "Cleanup", Time since last: 6014044038 ns, Reaching safepoint: 48922 ns, Cleanup: 11077 ns, At safepoint: 3266 ns, Total: 63265 ns
[2025-03-19T15:07:10.557+0000][790.449s][debug][safepoint   ] Safepoint synchronization initiated using futex wait barrier. (203 threads)
[2025-03-19T15:07:10.557+0000][790.449s][info ][safepoint   ] Safepoint "Cleanup", Time since last: 7000664219 ns, Reaching safepoint: 49570 ns, Cleanup: 13673 ns, At safepoint: 2813 ns, Total: 66056 ns
[2025-03-19T15:07:12.557+0000][792.449s][debug][safepoint   ] Safepoint synchronization initiated using futex wait barrier. (203 threads)
[2025-03-19T15:07:12.557+0000][792.449s][info ][safepoint   ] Safepoint "Cleanup", Time since last: 2000127379 ns, Reaching safepoint: 44506 ns, Cleanup: 11232 ns, At safepoint: 3053 ns, Total: 58791 ns
[2025-03-19T15:07:20.558+0000][800.450s][debug][safepoint   ] Safepoint synchronization initiated using futex wait barrier. (203 threads)
[2025-03-19T15:07:20.558+0000][800.450s][info ][safepoint   ] Safepoint "Cleanup", Time since last: 8000781096 ns, Reaching safepoint: 102981 ns, Cleanup: 15814 ns, At safepoint: 7978 ns, Total: 126773 ns
[2025-03-19T15:07:29.559+0000][809.451s][debug][safepoint   ] Safepoint synchronization initiated using futex wait barrier. (203 threads)
[2025-03-19T15:07:29.559+0000][809.451s][info ][safepoint   ] Safepoint "Cleanup", Time since last: 9000735785 ns, Reaching safepoint: 50308 ns, Cleanup: 13128 ns, At safepoint: 3539 ns, Total: 66975 ns
[2025-03-19T15:07:46.561+0000][826.452s][debug][safepoint   ] Safepoint synchronization initiated using futex wait barrier. (203 threads)
[2025-03-19T15:07:46.561+0000][826.452s][info ][safepoint   ] Safepoint "Cleanup", Time since last: 17001394240 ns, Reaching safepoint: 82162 ns, Cleanup: 17259 ns, At safepoint: 7543 ns, Total: 106964 ns
[2025-03-19T15:07:48.561+0000][828.453s][debug][safepoint   ] Safepoint synchronization initiated using futex wait barrier. (203 threads)
[2025-03-19T15:07:48.561+0000][828.453s][info ][safepoint   ] Safepoint "Cleanup", Time since last: 2000149967 ns, Reaching safepoint: 48916 ns, Cleanup: 12697 ns, At safepoint: 3808 ns, Total: 65421 ns
[2025-03-19T15:07:49.561+0000][829.453s][debug][safepoint   ] Safepoint synchronization initiated using futex wait barrier. (203 threads)
[2025-03-19T15:07:49.561+0000][829.453s][info ][safepoint   ] Safepoint "Cleanup", Time since last: 1000076525 ns, Reaching safepoint: 60473 ns, Cleanup: 13734 ns, At safepoint: 3435 ns, Total: 77642 ns
[2025-03-19T15:07:52.561+0000][832.453s][debug][safepoint   ] Safepoint synchronization initiated using futex wait barrier. (203 threads)
[2025-03-19T15:07:52.561+0000][832.453s][info ][safepoint   ] Safepoint "Cleanup", Time since last: 3000296893 ns, Reaching safepoint: 38219 ns, Cleanup: 10403 ns, At safepoint: 2905 ns, Total: 51527 ns
[2025-03-19T15:07:59.562+0000][839.454s][debug][safepoint   ] Safepoint synchronization initiated using futex wait barrier. (203 threads)
[2025-03-19T15:07:59.562+0000][839.454s][info ][safepoint   ] Safepoint "Cleanup", Time since last: 7000520987 ns, Reaching safepoint: 49316 ns, Cleanup: 11117 ns, At safepoint: 3433 ns, Total: 63866 ns
[2025-03-19T15:08:17.579+0000][857.471s][debug][safepoint   ] Safepoint synchronization initiated using futex wait barrier. (203 threads)
[2025-03-19T15:08:17.579+0000][857.471s][info ][safepoint   ] Safepoint "Cleanup", Time since last: 18016935869 ns, Reaching safepoint: 50063 ns, Cleanup: 10502 ns, At safepoint: 2911 ns, Total: 63476 ns
[2025-03-19T15:08:18.579+0000][858.471s][debug][safepoint   ] Safepoint synchronization initiated using futex wait barrier. (203 threads)
[2025-03-19T15:08:18.579+0000][858.471s][info ][safepoint   ] Safepoint "Cleanup", Time since last: 1000092354 ns, Reaching safepoint: 76673 ns, Cleanup: 15802 ns, At safepoint: 7871 ns, Total: 100346 ns
[2025-03-19T15:08:19.579+0000][859.471s][debug][safepoint   ] Safepoint synchronization initiated using futex wait barrier. (203 threads)
[2025-03-19T15:08:19.579+0000][859.471s][info ][safepoint   ] Safepoint "Cleanup", Time since last: 1000115142 ns, Reaching safepoint: 47067 ns, Cleanup: 10805 ns, At safepoint: 2666 ns, Total: 60538 ns
[2025-03-19T15:08:20.579+0000][860.471s][debug][safepoint   ] Safepoint synchronization initiated using futex wait barrier. (203 threads)
[2025-03-19T15:08:20.579+0000][860.471s][info ][safepoint   ] Safepoint "Cleanup", Time since last: 1000068217 ns, Reaching safepoint: 38458 ns, Cleanup: 9005 ns, At safepoint: 2716 ns, Total: 50179 ns
[2025-03-19T15:08:29.580+0000][869.472s][debug][safepoint   ] Safepoint synchronization initiated using futex wait barrier. (203 threads)
[2025-03-19T15:08:29.580+0000][869.472s][info ][safepoint   ] Safepoint "Cleanup", Time since last: 9000830905 ns, Reaching safepoint: 97562 ns, Cleanup: 24443 ns, At safepoint: 8841 ns, Total: 130846 ns
[2025-03-19T15:08:30.581+0000][870.472s][debug][safepoint   ] Safepoint synchronization initiated using futex wait barrier. (203 threads)
[2025-03-19T15:08:30.581+0000][870.472s][info ][safepoint   ] Safepoint "Cleanup", Time since last: 1000074587 ns, Reaching safepoint: 33677 ns, Cleanup: 10227 ns, At safepoint: 2701 ns, Total: 46605 ns
[2025-03-19T15:08:32.581+0000][872.473s][debug][safepoint   ] Safepoint synchronization initiated using futex wait barrier. (203 threads)
[2025-03-19T15:08:32.581+0000][872.473s][info ][safepoint   ] Safepoint "Cleanup", Time since last: 2000170233 ns, Reaching safepoint: 46679 ns, Cleanup: 12330 ns, At safepoint: 3024 ns, Total: 62033 ns
[2025-03-19T15:08:35.581+0000][875.473s][debug][safepoint   ] Safepoint synchronization initiated using futex wait barrier. (203 threads)
[2025-03-19T15:08:35.581+0000][875.473s][info ][safepoint   ] Safepoint "Cleanup", Time since last: 3000328705 ns, Reaching safepoint: 96539 ns, Cleanup: 22698 ns, At safepoint: 8284 ns, Total: 127521 ns
[2025-03-19T15:08:36.581+0000][876.473s][debug][safepoint   ] Safepoint synchronization initiated using futex wait barrier. (203 threads)
[2025-03-19T15:08:36.582+0000][876.473s][info ][safepoint   ] Safepoint "Cleanup", Time since last: 1000210868 ns, Reaching safepoint: 78877 ns, Cleanup: 16667 ns, At safepoint: 7622 ns, Total: 103166 ns
[2025-03-19T15:08:40.582+0000][880.474s][debug][safepoint   ] Safepoint synchronization initiated using futex wait barrier. (203 threads)
[2025-03-19T15:08:40.582+0000][880.474s][info ][safepoint   ] Safepoint "Cleanup", Time since last: 4000386945 ns, Reaching safepoint: 76632 ns, Cleanup: 19914 ns, At safepoint: 7223 ns, Total: 103769 ns
[2025-03-19T15:08:42.582+0000][882.474s][debug][safepoint   ] Safepoint synchronization initiated using futex wait barrier. (203 threads)
[2025-03-19T15:08:42.582+0000][882.474s][info ][safepoint   ] Safepoint "Cleanup", Time since last: 2000205230 ns, Reaching safepoint: 94992 ns, Cleanup: 12755 ns, At safepoint: 2900 ns, Total: 110647 ns
[2025-03-19T15:08:43.583+0000][883.474s][debug][safepoint   ] Safepoint synchronization initiated using futex wait barrier. (203 threads)
[2025-03-19T15:08:43.583+0000][883.475s][info ][safepoint   ] Safepoint "Cleanup", Time since last: 1000344731 ns, Reaching safepoint: 90534 ns, Cleanup: 12892 ns, At safepoint: 5898 ns, Total: 109324 ns
[2025-03-19T15:08:45.583+0000][885.475s][debug][safepoint   ] Safepoint synchronization initiated using futex wait barrier. (203 threads)
[2025-03-19T15:08:45.583+0000][885.475s][info ][safepoint   ] Safepoint "Cleanup", Time since last: 2000192099 ns, Reaching safepoint: 67615 ns, Cleanup: 15552 ns, At safepoint: 5481 ns, Total: 88648 ns
[2025-03-19T15:08:48.517+0000][888.409s][debug][safepoint   ] Safepoint synchronization initiated using futex wait barrier. (203 threads)
[2025-03-19T15:08:48.517+0000][888.409s][info ][safepoint   ] Safepoint "Cleanup", Time since last: 2934284996 ns, Reaching safepoint: 89019 ns, Cleanup: 11050 ns, At safepoint: 14049 ns, Total: 114118 ns
[2025-03-19T15:08:49.518+0000][889.409s][debug][safepoint   ] Safepoint synchronization initiated using futex wait barrier. (203 threads)
[2025-03-19T15:08:49.518+0000][889.410s][info ][safepoint   ] Safepoint "Cleanup", Time since last: 1000114133 ns, Reaching safepoint: 77577 ns, Cleanup: 66117 ns, At safepoint: 7321 ns, Total: 151015 ns
[2025-03-19T15:08:51.518+0000][891.410s][debug][safepoint   ] Safepoint synchronization initiated using futex wait barrier. (203 threads)
[2025-03-19T15:08:51.518+0000][891.410s][info ][safepoint   ] Safepoint "Cleanup", Time since last: 2000179901 ns, Reaching safepoint: 136227 ns, Cleanup: 25882 ns, At safepoint: 7009 ns, Total: 169118 ns
[2025-03-19T15:08:54.273+0000][894.165s][debug][safepoint   ] Safepoint synchronization initiated using futex wait barrier. (203 threads)
[2025-03-19T15:08:54.274+0000][894.165s][info ][gc,start    ] GC(73) Pause Young (Normal) (G1 Evacuation Pause)
[2025-03-19T15:08:54.274+0000][894.165s][info ][gc,task     ] GC(73) Using 4 workers of 4 for evacuation
[2025-03-19T15:08:54.288+0000][894.180s][info ][gc,phases   ] GC(73)   Pre Evacuate Collection Set: 0.1ms
[2025-03-19T15:08:54.288+0000][894.180s][info ][gc,phases   ] GC(73)   Merge Heap Roots: 0.1ms
[2025-03-19T15:08:54.288+0000][894.180s][info ][gc,phases   ] GC(73)   Evacuate Collection Set: 13.3ms
[2025-03-19T15:08:54.288+0000][894.180s][info ][gc,phases   ] GC(73)   Post Evacuate Collection Set: 1.2ms
[2025-03-19T15:08:54.288+0000][894.180s][info ][gc,phases   ] GC(73)   Other: 0.1ms
[2025-03-19T15:08:54.288+0000][894.180s][info ][gc,heap     ] GC(73) Eden regions: 228->0(230)
[2025-03-19T15:08:54.288+0000][894.180s][info ][gc,heap     ] GC(73) Survivor regions: 16->15(31)
[2025-03-19T15:08:54.288+0000][894.180s][info ][gc,heap     ] GC(73) Old regions: 167->167
[2025-03-19T15:08:54.288+0000][894.180s][info ][gc,heap     ] GC(73) Archive regions: 2->2
[2025-03-19T15:08:54.288+0000][894.180s][info ][gc,heap     ] GC(73) Humongous regions: 0->0
[2025-03-19T15:08:54.288+0000][894.180s][info ][gc,metaspace] GC(73) Metaspace: 188797K(190208K)->188797K(190208K) NonClass: 165881K(166592K)->165881K(166592K) Class: 22916K(23616K)->22916K(23616K)
[2025-03-19T15:08:54.288+0000][894.180s][info ][gc          ] GC(73) Pause Young (Normal) (G1 Evacuation Pause) 411M->182M(477M) 14.929ms
[2025-03-19T15:08:54.288+0000][894.180s][info ][gc,cpu      ] GC(73) User=0.04s Sys=0.00s Real=0.01s
[2025-03-19T15:08:54.289+0000][894.180s][info ][safepoint   ] Safepoint "G1CollectForAllocation", Time since last: 2755295092 ns, Reaching safepoint: 60522 ns, Cleanup: 4589 ns, At safepoint: 15195557 ns, Total: 15260668 ns
[2025-03-19T15:08:55.289+0000][895.181s][debug][safepoint   ] Safepoint synchronization initiated using futex wait barrier. (203 threads)
[2025-03-19T15:08:55.289+0000][895.181s][info ][safepoint   ] Safepoint "Cleanup", Time since last: 1000188777 ns, Reaching safepoint: 80304 ns, Cleanup: 21395 ns, At safepoint: 7301 ns, Total: 109000 ns
[2025-03-19T15:08:56.289+0000][896.181s][debug][safepoint   ] Safepoint synchronization initiated using futex wait barrier. (203 threads)
[2025-03-19T15:08:56.289+0000][896.181s][info ][safepoint   ] Safepoint "Cleanup", Time since last: 1000089248 ns, Reaching safepoint: 45016 ns, Cleanup: 22085 ns, At safepoint: 3240 ns, Total: 70341 ns
[2025-03-19T15:09:03.598+0000][903.490s][debug][safepoint   ] Safepoint synchronization initiated using futex wait barrier. (203 threads)
[2025-03-19T15:09:03.598+0000][903.490s][info ][safepoint   ] Safepoint "Cleanup", Time since last: 7309062340 ns, Reaching safepoint: 77444 ns, Cleanup: 36924 ns, At safepoint: 6976 ns, Total: 121344 ns
[2025-03-19T15:09:06.599+0000][906.490s][debug][safepoint   ] Safepoint synchronization initiated using futex wait barrier. (203 threads)
[2025-03-19T15:09:06.599+0000][906.490s][info ][safepoint   ] Safepoint "Cleanup", Time since last: 3000207197 ns, Reaching safepoint: 49127 ns, Cleanup: 10858 ns, At safepoint: 2701 ns, Total: 62686 ns
[2025-03-19T15:09:25.601+0000][925.493s][debug][safepoint   ] Safepoint synchronization initiated using futex wait barrier. (203 threads)
[2025-03-19T15:09:25.601+0000][925.493s][info ][safepoint   ] Safepoint "Cleanup", Time since last: 19002537646 ns, Reaching safepoint: 49240 ns, Cleanup: 10457 ns, At safepoint: 3214 ns, Total: 62911 ns
[2025-03-19T15:09:26.601+0000][926.493s][debug][safepoint   ] Safepoint synchronization initiated using futex wait barrier. (203 threads)
[2025-03-19T15:09:26.601+0000][926.493s][info ][safepoint   ] Safepoint "Cleanup", Time since last: 1000079497 ns, Reaching safepoint: 70257 ns, Cleanup: 12409 ns, At safepoint: 3584 ns, Total: 86250 ns
[2025-03-19T15:09:28.601+0000][928.493s][debug][safepoint   ] Safepoint synchronization initiated using futex wait barrier. (203 threads)
[2025-03-19T15:09:28.602+0000][928.493s][info ][safepoint   ] Safepoint "Cleanup", Time since last: 2000135790 ns, Reaching safepoint: 48995 ns, Cleanup: 10839 ns, At safepoint: 2984 ns, Total: 62818 ns
[2025-03-19T15:09:29.602+0000][929.493s][debug][safepoint   ] Safepoint synchronization initiated using futex wait barrier. (203 threads)
[2025-03-19T15:09:29.602+0000][929.493s][info ][safepoint   ] Safepoint "Cleanup", Time since last: 1000092953 ns, Reaching safepoint: 47052 ns, Cleanup: 9974 ns, At safepoint: 3220 ns, Total: 60246 ns
[2025-03-19T15:09:31.602+0000][931.494s][debug][safepoint   ] Safepoint synchronization initiated using futex wait barrier. (203 threads)
[2025-03-19T15:09:31.602+0000][931.494s][info ][safepoint   ] Safepoint "Cleanup", Time since last: 2000169376 ns, Reaching safepoint: 58017 ns, Cleanup: 9991 ns, At safepoint: 3253 ns, Total: 71261 ns
[2025-03-19T15:09:33.602+0000][933.494s][debug][safepoint   ] Safepoint synchronization initiated using futex wait barrier. (203 threads)
[2025-03-19T15:09:33.602+0000][933.494s][info ][safepoint   ] Safepoint "Cleanup", Time since last: 2000216729 ns, Reaching safepoint: 48932 ns, Cleanup: 10850 ns, At safepoint: 3450 ns, Total: 63232 ns
[2025-03-19T15:09:39.603+0000][939.494s][debug][safepoint   ] Safepoint synchronization initiated using futex wait barrier. (203 threads)
[2025-03-19T15:09:39.603+0000][939.495s][info ][safepoint   ] Safepoint "Cleanup", Time since last: 6000494072 ns, Reaching safepoint: 81153 ns, Cleanup: 19474 ns, At safepoint: 7477 ns, Total: 108104 ns
[2025-03-19T15:09:42.603+0000][942.495s][debug][safepoint   ] Safepoint synchronization initiated using futex wait barrier. (203 threads)
[2025-03-19T15:09:42.603+0000][942.495s][info ][safepoint   ] Safepoint "Cleanup", Time since last: 3000433597 ns, Reaching safepoint: 83670 ns, Cleanup: 12114 ns, At safepoint: 4797 ns, Total: 100581 ns
[2025-03-19T15:09:50.604+0000][950.496s][debug][safepoint   ] Safepoint synchronization initiated using futex wait barrier. (203 threads)
[2025-03-19T15:09:50.604+0000][950.496s][info ][safepoint   ] Safepoint "Cleanup", Time since last: 8000653847 ns, Reaching safepoint: 84247 ns, Cleanup: 16470 ns, At safepoint: 7369 ns, Total: 108086 ns
[2025-03-19T15:09:57.605+0000][957.497s][debug][safepoint   ] Safepoint synchronization initiated using futex wait barrier. (203 threads)
[2025-03-19T15:09:57.605+0000][957.497s][info ][safepoint   ] Safepoint "Cleanup", Time since last: 7000826318 ns, Reaching safepoint: 76998 ns, Cleanup: 17057 ns, At safepoint: 8938 ns, Total: 102993 ns
[2025-03-19T15:10:00.605+0000][960.497s][debug][safepoint   ] Safepoint synchronization initiated using futex wait barrier. (203 threads)
[2025-03-19T15:10:00.605+0000][960.497s][info ][safepoint   ] Safepoint "Cleanup", Time since last: 3000361302 ns, Reaching safepoint: 70721 ns, Cleanup: 12086 ns, At safepoint: 8239 ns, Total: 91046 ns
[2025-03-19T15:10:03.627+0000][963.519s][debug][safepoint   ] Safepoint synchronization initiated using futex wait barrier. (203 threads)
[2025-03-19T15:10:03.627+0000][963.519s][info ][safepoint   ] Safepoint "Cleanup", Time since last: 3021835893 ns, Reaching safepoint: 80661 ns, Cleanup: 14645 ns, At safepoint: 6416 ns, Total: 101722 ns
[2025-03-19T15:10:16.629+0000][976.520s][debug][safepoint   ] Safepoint synchronization initiated using futex wait barrier. (203 threads)
[2025-03-19T15:10:16.629+0000][976.520s][info ][safepoint   ] Safepoint "Cleanup", Time since last: 13001072640 ns, Reaching safepoint: 85034 ns, Cleanup: 15360 ns, At safepoint: 7028 ns, Total: 107422 ns
[2025-03-19T15:10:17.629+0000][977.521s][debug][safepoint   ] Safepoint synchronization initiated using futex wait barrier. (203 threads)
[2025-03-19T15:10:17.629+0000][977.521s][info ][safepoint   ] Safepoint "Cleanup", Time since last: 1000108064 ns, Reaching safepoint: 78453 ns, Cleanup: 19119 ns, At safepoint: 8846 ns, Total: 106418 ns
[2025-03-19T15:10:20.629+0000][980.521s][debug][safepoint   ] Safepoint synchronization initiated using futex wait barrier. (203 threads)
[2025-03-19T15:10:20.629+0000][980.521s][info ][safepoint   ] Safepoint "Cleanup", Time since last: 3000286599 ns, Reaching safepoint: 77731 ns, Cleanup: 15105 ns, At safepoint: 6078 ns, Total: 98914 ns
[2025-03-19T15:10:28.630+0000][988.522s][debug][safepoint   ] Safepoint synchronization initiated using futex wait barrier. (203 threads)
[2025-03-19T15:10:28.630+0000][988.522s][info ][safepoint   ] Safepoint "Cleanup", Time since last: 8000769726 ns, Reaching safepoint: 89551 ns, Cleanup: 17945 ns, At safepoint: 7644 ns, Total: 115140 ns
[2025-03-19T15:10:33.631+0000][993.522s][debug][safepoint   ] Safepoint synchronization initiated using futex wait barrier. (203 threads)
[2025-03-19T15:10:33.631+0000][993.522s][info ][safepoint   ] Safepoint "Cleanup", Time since last: 5000425060 ns, Reaching safepoint: 123098 ns, Cleanup: 16462 ns, At safepoint: 8422 ns, Total: 147982 ns
[2025-03-19T15:10:50.633+0000][1010.524s][debug][safepoint   ] Safepoint synchronization initiated using futex wait barrier. (203 threads)
[2025-03-19T15:10:50.633+0000][1010.525s][info ][safepoint   ] Safepoint "Cleanup", Time since last: 17001986136 ns, Reaching safepoint: 90008 ns, Cleanup: 17923 ns, At safepoint: 8598 ns, Total: 116529 ns
[2025-03-19T15:10:54.633+0000][1014.525s][debug][safepoint   ] Safepoint synchronization initiated using futex wait barrier. (203 threads)
[2025-03-19T15:10:54.633+0000][1014.525s][info ][safepoint   ] Safepoint "Cleanup", Time since last: 4000378266 ns, Reaching safepoint: 88697 ns, Cleanup: 18842 ns, At safepoint: 7638 ns, Total: 115177 ns
[2025-03-19T15:11:06.653+0000][1026.544s][debug][safepoint   ] Safepoint synchronization initiated using futex wait barrier. (203 threads)
[2025-03-19T15:11:06.653+0000][1026.544s][info ][safepoint   ] Safepoint "Cleanup", Time since last: 12019274867 ns, Reaching safepoint: 93105 ns, Cleanup: 25197 ns, At safepoint: 16069 ns, Total: 134371 ns
[2025-03-19T15:11:10.653+0000][1030.545s][debug][safepoint   ] Safepoint synchronization initiated using futex wait barrier. (203 threads)
[2025-03-19T15:11:10.653+0000][1030.545s][info ][safepoint   ] Safepoint "Cleanup", Time since last: 4000494172 ns, Reaching safepoint: 75312 ns, Cleanup: 15479 ns, At safepoint: 6081 ns, Total: 96872 ns
[2025-03-19T15:11:14.654+0000][1034.545s][debug][safepoint   ] Safepoint synchronization initiated using futex wait barrier. (203 threads)
[2025-03-19T15:11:14.654+0000][1034.546s][info ][safepoint   ] Safepoint "Cleanup", Time since last: 4000443038 ns, Reaching safepoint: 89528 ns, Cleanup: 16656 ns, At safepoint: 8110 ns, Total: 114294 ns
[2025-03-19T15:11:21.655+0000][1041.546s][debug][safepoint   ] Safepoint synchronization initiated using futex wait barrier. (203 threads)
[2025-03-19T15:11:21.655+0000][1041.547s][info ][safepoint   ] Safepoint "Cleanup", Time since last: 7000882889 ns, Reaching safepoint: 83169 ns, Cleanup: 16515 ns, At safepoint: 5743 ns, Total: 105427 ns
[2025-03-19T15:11:25.655+0000][1045.547s][debug][safepoint   ] Safepoint synchronization initiated using futex wait barrier. (203 threads)
[2025-03-19T15:11:25.655+0000][1045.547s][info ][safepoint   ] Safepoint "Cleanup", Time since last: 4000335861 ns, Reaching safepoint: 89034 ns, Cleanup: 17178 ns, At safepoint: 7006 ns, Total: 113218 ns
[2025-03-19T15:11:30.656+0000][1050.548s][debug][safepoint   ] Safepoint synchronization initiated using futex wait barrier. (203 threads)
[2025-03-19T15:11:30.656+0000][1050.548s][info ][safepoint   ] Safepoint "Cleanup", Time since last: 5000483768 ns, Reaching safepoint: 100043 ns, Cleanup: 21120 ns, At safepoint: 11719 ns, Total: 132882 ns
[2025-03-19T15:11:40.657+0000][1060.549s][debug][safepoint   ] Safepoint synchronization initiated using futex wait barrier. (203 threads)
[2025-03-19T15:11:40.657+0000][1060.549s][info ][safepoint   ] Safepoint "Cleanup", Time since last: 10000839974 ns, Reaching safepoint: 89172 ns, Cleanup: 16577 ns, At safepoint: 6503 ns, Total: 112252 ns
[2025-03-19T15:11:42.657+0000][1062.549s][debug][safepoint   ] Safepoint synchronization initiated using futex wait barrier. (203 threads)
[2025-03-19T15:11:42.657+0000][1062.549s][info ][safepoint   ] Safepoint "Cleanup", Time since last: 2000163598 ns, Reaching safepoint: 85890 ns, Cleanup: 18447 ns, At safepoint: 8742 ns, Total: 113079 ns
[2025-03-19T15:11:50.658+0000][1070.550s][debug][safepoint   ] Safepoint synchronization initiated using futex wait barrier. (203 threads)
[2025-03-19T15:11:50.658+0000][1070.550s][info ][safepoint   ] Safepoint "Cleanup", Time since last: 8000940079 ns, Reaching safepoint: 84383 ns, Cleanup: 16968 ns, At safepoint: 8174 ns, Total: 109525 ns
[2025-03-19T15:11:51.658+0000][1071.550s][debug][safepoint   ] Safepoint synchronization initiated using futex wait barrier. (203 threads)
[2025-03-19T15:11:51.658+0000][1071.550s][info ][safepoint   ] Safepoint "Cleanup", Time since last: 1000137421 ns, Reaching safepoint: 80836 ns, Cleanup: 17273 ns, At safepoint: 8229 ns, Total: 106338 ns
[2025-03-19T15:11:59.816+0000][1079.708s][debug][safepoint   ] Safepoint synchronization initiated using futex wait barrier. (203 threads)
[2025-03-19T15:11:59.816+0000][1079.708s][info ][gc,start    ] GC(74) Pause Young (Normal) (G1 Evacuation Pause)
[2025-03-19T15:11:59.816+0000][1079.708s][info ][gc,task     ] GC(74) Using 4 workers of 4 for evacuation
[2025-03-19T15:11:59.838+0000][1079.730s][info ][gc,phases   ] GC(74)   Pre Evacuate Collection Set: 0.2ms
[2025-03-19T15:11:59.838+0000][1079.730s][info ][gc,phases   ] GC(74)   Merge Heap Roots: 0.2ms
[2025-03-19T15:11:59.838+0000][1079.730s][info ][gc,phases   ] GC(74)   Evacuate Collection Set: 19.9ms
[2025-03-19T15:11:59.838+0000][1079.730s][info ][gc,phases   ] GC(74)   Post Evacuate Collection Set: 1.2ms
[2025-03-19T15:11:59.838+0000][1079.730s][info ][gc,phases   ] GC(74)   Other: 0.2ms
[2025-03-19T15:11:59.838+0000][1079.730s][info ][gc,heap     ] GC(74) Eden regions: 230->0(230)
[2025-03-19T15:11:59.838+0000][1079.730s][info ][gc,heap     ] GC(74) Survivor regions: 15->15(31)
[2025-03-19T15:11:59.838+0000][1079.730s][info ][gc,heap     ] GC(74) Old regions: 167->167
[2025-03-19T15:11:59.838+0000][1079.730s][info ][gc,heap     ] GC(74) Archive regions: 2->2
[2025-03-19T15:11:59.838+0000][1079.730s][info ][gc,heap     ] GC(74) Humongous regions: 0->0
[2025-03-19T15:11:59.838+0000][1079.730s][info ][gc,metaspace] GC(74) Metaspace: 188968K(190400K)->188968K(190400K) NonClass: 166048K(166784K)->166048K(166784K) Class: 22920K(23616K)->22920K(23616K)
[2025-03-19T15:11:59.838+0000][1079.730s][info ][gc          ] GC(74) Pause Young (Normal) (G1 Evacuation Pause) 412M->182M(477M) 21.664ms
[2025-03-19T15:11:59.838+0000][1079.730s][info ][gc,cpu      ] GC(74) User=0.09s Sys=0.00s Real=0.02s
[2025-03-19T15:11:59.838+0000][1079.730s][info ][safepoint   ] Safepoint "G1CollectForAllocation", Time since last: 8157595414 ns, Reaching safepoint: 80489 ns, Cleanup: 6305 ns, At safepoint: 21851063 ns, Total: 21937857 ns
[2025-03-19T15:12:02.677+0000][1082.569s][debug][safepoint   ] Safepoint synchronization initiated using futex wait barrier. (203 threads)
[2025-03-19T15:12:02.677+0000][1082.569s][info ][safepoint   ] Safepoint "Cleanup", Time since last: 2839358221 ns, Reaching safepoint: 81387 ns, Cleanup: 16581 ns, At safepoint: 6596 ns, Total: 104564 ns
[2025-03-19T15:12:05.678+0000][1085.569s][debug][safepoint   ] Safepoint synchronization initiated using futex wait barrier. (203 threads)
[2025-03-19T15:12:05.678+0000][1085.570s][info ][safepoint   ] Safepoint "Cleanup", Time since last: 3000240961 ns, Reaching safepoint: 80130 ns, Cleanup: 15821 ns, At safepoint: 7574 ns, Total: 103525 ns
[2025-03-19T15:12:06.678+0000][1086.570s][debug][safepoint   ] Safepoint synchronization initiated using futex wait barrier. (203 threads)
[2025-03-19T15:12:06.678+0000][1086.570s][info ][safepoint   ] Safepoint "Cleanup", Time since last: 1000361027 ns, Reaching safepoint: 96493 ns, Cleanup: 19007 ns, At safepoint: 8634 ns, Total: 124134 ns
[2025-03-19T15:12:09.678+0000][1089.570s][debug][safepoint   ] Safepoint synchronization initiated using futex wait barrier. (203 threads)
[2025-03-19T15:12:09.679+0000][1089.570s][info ][safepoint   ] Safepoint "Cleanup", Time since last: 3000242573 ns, Reaching safepoint: 84717 ns, Cleanup: 16010 ns, At safepoint: 7176 ns, Total: 107903 ns
[2025-03-19T15:12:26.681+0000][1106.572s][debug][safepoint   ] Safepoint synchronization initiated using futex wait barrier. (203 threads)
[2025-03-19T15:12:26.681+0000][1106.573s][info ][safepoint   ] Safepoint "Cleanup", Time since last: 17002113109 ns, Reaching safepoint: 72443 ns, Cleanup: 18545 ns, At safepoint: 5771 ns, Total: 96759 ns
[2025-03-19T15:12:54.683+0000][1134.575s][debug][safepoint   ] Safepoint synchronization initiated using futex wait barrier. (203 threads)
[2025-03-19T15:12:54.684+0000][1134.575s][info ][safepoint   ] Safepoint "Cleanup", Time since last: 28002692658 ns, Reaching safepoint: 52394 ns, Cleanup: 11581 ns, At safepoint: 3306 ns, Total: 67281 ns
[2025-03-19T15:13:00.684+0000][1140.576s][debug][safepoint   ] Safepoint synchronization initiated using futex wait barrier. (203 threads)
[2025-03-19T15:13:00.684+0000][1140.576s][info ][safepoint   ] Safepoint "Cleanup", Time since last: 6000765482 ns, Reaching safepoint: 86962 ns, Cleanup: 16507 ns, At safepoint: 8050 ns, Total: 111519 ns
[2025-03-19T15:13:03.703+0000][1143.595s][debug][safepoint   ] Safepoint synchronization initiated using futex wait barrier. (203 threads)
[2025-03-19T15:13:03.703+0000][1143.595s][info ][safepoint   ] Safepoint "Cleanup", Time since last: 3018451752 ns, Reaching safepoint: 83388 ns, Cleanup: 16942 ns, At safepoint: 7052 ns, Total: 107382 ns
[2025-03-19T15:13:20.705+0000][1160.597s][debug][safepoint   ] Safepoint synchronization initiated using futex wait barrier. (203 threads)
[2025-03-19T15:13:20.705+0000][1160.597s][info ][safepoint   ] Safepoint "Cleanup", Time since last: 17002342600 ns, Reaching safepoint: 81740 ns, Cleanup: 22197 ns, At safepoint: 7130 ns, Total: 111067 ns
[2025-03-19T15:13:22.706+0000][1162.597s][debug][safepoint   ] Safepoint synchronization initiated using futex wait barrier. (203 threads)
[2025-03-19T15:13:22.706+0000][1162.597s][info ][safepoint   ] Safepoint "Cleanup", Time since last: 2000144334 ns, Reaching safepoint: 44516 ns, Cleanup: 11945 ns, At safepoint: 3564 ns, Total: 60025 ns
[2025-03-19T15:13:29.706+0000][1169.598s][debug][safepoint   ] Safepoint synchronization initiated using futex wait barrier. (203 threads)
[2025-03-19T15:13:29.706+0000][1169.598s][info ][safepoint   ] Safepoint "Cleanup", Time since last: 7000729091 ns, Reaching safepoint: 87994 ns, Cleanup: 19361 ns, At safepoint: 8087 ns, Total: 115442 ns
[2025-03-19T15:13:33.707+0000][1173.599s][debug][safepoint   ] Safepoint synchronization initiated using futex wait barrier. (203 threads)
[2025-03-19T15:13:33.707+0000][1173.599s][info ][safepoint   ] Safepoint "Cleanup", Time since last: 4000413992 ns, Reaching safepoint: 89590 ns, Cleanup: 17311 ns, At safepoint: 7944 ns, Total: 114845 ns
[2025-03-19T15:13:35.707+0000][1175.599s][debug][safepoint   ] Safepoint synchronization initiated using futex wait barrier. (203 threads)
[2025-03-19T15:13:35.707+0000][1175.599s][info ][safepoint   ] Safepoint "Cleanup", Time since last: 2000287200 ns, Reaching safepoint: 76910 ns, Cleanup: 16644 ns, At safepoint: 6356 ns, Total: 99910 ns
[2025-03-19T15:13:40.708+0000][1180.600s][debug][safepoint   ] Safepoint synchronization initiated using futex wait barrier. (203 threads)
[2025-03-19T15:13:40.708+0000][1180.600s][info ][safepoint   ] Safepoint "Cleanup", Time since last: 5000414869 ns, Reaching safepoint: 86185 ns, Cleanup: 17405 ns, At safepoint: 7855 ns, Total: 111445 ns
[2025-03-19T15:13:43.708+0000][1183.600s][debug][safepoint   ] Safepoint synchronization initiated using futex wait barrier. (203 threads)
[2025-03-19T15:13:43.708+0000][1183.600s][info ][safepoint   ] Safepoint "Cleanup", Time since last: 3000323845 ns, Reaching safepoint: 94004 ns, Cleanup: 19283 ns, At safepoint: 7941 ns, Total: 121228 ns
[2025-03-19T15:13:44.709+0000][1184.600s][debug][safepoint   ] Safepoint synchronization initiated using futex wait barrier. (203 threads)
[2025-03-19T15:13:44.709+0000][1184.600s][info ][safepoint   ] Safepoint "Cleanup", Time since last: 1000226864 ns, Reaching safepoint: 54704 ns, Cleanup: 10751 ns, At safepoint: 4916 ns, Total: 70371 ns
[2025-03-19T15:13:49.709+0000][1189.601s][debug][safepoint   ] Safepoint synchronization initiated using futex wait barrier. (203 threads)
[2025-03-19T15:13:49.709+0000][1189.601s][info ][safepoint   ] Safepoint "Cleanup", Time since last: 5000443994 ns, Reaching safepoint: 80065 ns, Cleanup: 20134 ns, At safepoint: 6111 ns, Total: 106310 ns
[2025-03-19T15:13:52.709+0000][1192.601s][debug][safepoint   ] Safepoint synchronization initiated using futex wait barrier. (203 threads)
[2025-03-19T15:13:52.710+0000][1192.601s][info ][safepoint   ] Safepoint "Cleanup", Time since last: 3000253874 ns, Reaching safepoint: 60800 ns, Cleanup: 12840 ns, At safepoint: 4625 ns, Total: 78265 ns
[2025-03-19T15:14:02.727+0000][1202.619s][debug][safepoint   ] Safepoint synchronization initiated using futex wait barrier. (203 threads)
[2025-03-19T15:14:02.727+0000][1202.619s][info ][safepoint   ] Safepoint "Cleanup", Time since last: 10017222967 ns, Reaching safepoint: 41740 ns, Cleanup: 9597 ns, At safepoint: 2794 ns, Total: 54131 ns
[2025-03-19T15:14:33.729+0000][1233.621s][debug][safepoint   ] Safepoint synchronization initiated using futex wait barrier. (203 threads)
[2025-03-19T15:14:33.730+0000][1233.621s][info ][safepoint   ] Safepoint "Cleanup", Time since last: 31002652572 ns, Reaching safepoint: 45036 ns, Cleanup: 11234 ns, At safepoint: 3952 ns, Total: 60222 ns
[2025-03-19T15:14:40.730+0000][1240.622s][debug][safepoint   ] Safepoint synchronization initiated using futex wait barrier. (203 threads)
[2025-03-19T15:14:40.730+0000][1240.622s][info ][safepoint   ] Safepoint "Cleanup", Time since last: 7000555047 ns, Reaching safepoint: 82704 ns, Cleanup: 20443 ns, At safepoint: 7315 ns, Total: 110462 ns
[2025-03-19T15:14:42.730+0000][1242.622s][debug][safepoint   ] Safepoint synchronization initiated using futex wait barrier. (203 threads)
[2025-03-19T15:14:42.730+0000][1242.622s][info ][safepoint   ] Safepoint "Cleanup", Time since last: 2000149298 ns, Reaching safepoint: 79616 ns, Cleanup: 22241 ns, At safepoint: 4945 ns, Total: 106802 ns
[2025-03-19T15:14:44.731+0000][1244.622s][debug][safepoint   ] Safepoint synchronization initiated using futex wait barrier. (203 threads)
[2025-03-19T15:14:44.731+0000][1244.622s][info ][safepoint   ] Safepoint "Cleanup", Time since last: 2000149566 ns, Reaching safepoint: 61992 ns, Cleanup: 11174 ns, At safepoint: 5429 ns, Total: 78595 ns
[2025-03-19T15:14:45.731+0000][1245.623s][debug][safepoint   ] Safepoint synchronization initiated using futex wait barrier. (203 threads)
[2025-03-19T15:14:45.731+0000][1245.623s][info ][safepoint   ] Safepoint "Cleanup", Time since last: 1000080187 ns, Reaching safepoint: 60654 ns, Cleanup: 14258 ns, At safepoint: 3884 ns, Total: 78796 ns
[2025-03-19T15:14:58.734+0000][1258.626s][debug][safepoint   ] Safepoint synchronization initiated using futex wait barrier. (203 threads)
[2025-03-19T15:14:58.734+0000][1258.626s][info ][safepoint   ] Safepoint "Cleanup", Time since last: 13003303029 ns, Reaching safepoint: 57576 ns, Cleanup: 12613 ns, At safepoint: 3009 ns, Total: 73198 ns
[2025-03-19T15:15:05.712+0000][1265.604s][debug][safepoint   ] Safepoint synchronization initiated using futex wait barrier. (203 threads)
[2025-03-19T15:15:05.712+0000][1265.604s][info ][gc,start    ] GC(75) Pause Young (Normal) (G1 Evacuation Pause)
[2025-03-19T15:15:05.712+0000][1265.604s][info ][gc,task     ] GC(75) Using 4 workers of 4 for evacuation
[2025-03-19T15:15:05.734+0000][1265.625s][info ][gc,phases   ] GC(75)   Pre Evacuate Collection Set: 0.2ms
[2025-03-19T15:15:05.734+0000][1265.625s][info ][gc,phases   ] GC(75)   Merge Heap Roots: 0.2ms
[2025-03-19T15:15:05.734+0000][1265.625s][info ][gc,phases   ] GC(75)   Evacuate Collection Set: 19.7ms
[2025-03-19T15:15:05.734+0000][1265.625s][info ][gc,phases   ] GC(75)   Post Evacuate Collection Set: 1.1ms
[2025-03-19T15:15:05.734+0000][1265.625s][info ][gc,phases   ] GC(75)   Other: 0.2ms
[2025-03-19T15:15:05.734+0000][1265.625s][info ][gc,heap     ] GC(75) Eden regions: 230->0(228)
[2025-03-19T15:15:05.734+0000][1265.625s][info ][gc,heap     ] GC(75) Survivor regions: 15->16(31)
[2025-03-19T15:15:05.734+0000][1265.625s][info ][gc,heap     ] GC(75) Old regions: 167->167
[2025-03-19T15:15:05.734+0000][1265.625s][info ][gc,heap     ] GC(75) Archive regions: 2->2
[2025-03-19T15:15:05.734+0000][1265.625s][info ][gc,heap     ] GC(75) Humongous regions: 0->0
[2025-03-19T15:15:05.734+0000][1265.625s][info ][gc,metaspace] GC(75) Metaspace: 189095K(190528K)->189095K(190528K) NonClass: 166173K(166912K)->166173K(166912K) Class: 22921K(23616K)->22921K(23616K)
[2025-03-19T15:15:05.734+0000][1265.625s][info ][gc          ] GC(75) Pause Young (Normal) (G1 Evacuation Pause) 412M->183M(477M) 21.455ms
[2025-03-19T15:15:05.734+0000][1265.625s][info ][gc,cpu      ] GC(75) User=0.08s Sys=0.00s Real=0.03s
[2025-03-19T15:15:05.734+0000][1265.626s][info ][safepoint   ] Safepoint "G1CollectForAllocation", Time since last: 6977842649 ns, Reaching safepoint: 78552 ns, Cleanup: 6310 ns, At safepoint: 21603189 ns, Total: 21688051 ns
[2025-03-19T15:15:11.734+0000][1271.626s][debug][safepoint   ] Safepoint synchronization initiated using futex wait barrier. (203 threads)
[2025-03-19T15:15:11.734+0000][1271.626s][info ][safepoint   ] Safepoint "Cleanup", Time since last: 6000467565 ns, Reaching safepoint: 91656 ns, Cleanup: 21364 ns, At safepoint: 6902 ns, Total: 119922 ns
[2025-03-19T15:15:12.734+0000][1272.626s][debug][safepoint   ] Safepoint synchronization initiated using futex wait barrier. (203 threads)
[2025-03-19T15:15:12.735+0000][1272.626s][info ][safepoint   ] Safepoint "Cleanup", Time since last: 1000105397 ns, Reaching safepoint: 91030 ns, Cleanup: 19611 ns, At safepoint: 8833 ns, Total: 119474 ns
[2025-03-19T15:15:28.737+0000][1288.629s][debug][safepoint   ] Safepoint synchronization initiated using futex wait barrier. (203 threads)
[2025-03-19T15:15:28.737+0000][1288.629s][info ][safepoint   ] Safepoint "Cleanup", Time since last: 16002627927 ns, Reaching safepoint: 107420 ns, Cleanup: 23480 ns, At safepoint: 5173 ns, Total: 136073 ns
[2025-03-19T15:15:32.738+0000][1292.629s][debug][safepoint   ] Safepoint synchronization initiated using futex wait barrier. (203 threads)
[2025-03-19T15:15:32.738+0000][1292.630s][info ][safepoint   ] Safepoint "Cleanup", Time since last: 4000311841 ns, Reaching safepoint: 69326 ns, Cleanup: 15674 ns, At safepoint: 7515 ns, Total: 92515 ns
[2025-03-19T15:15:38.738+0000][1298.630s][debug][safepoint   ] Safepoint synchronization initiated using futex wait barrier. (203 threads)
[2025-03-19T15:15:38.738+0000][1298.630s][info ][safepoint   ] Safepoint "Cleanup", Time since last: 6000626095 ns, Reaching safepoint: 66414 ns, Cleanup: 15968 ns, At safepoint: 6285 ns, Total: 88667 ns
[2025-03-19T15:15:42.739+0000][1302.631s][debug][safepoint   ] Safepoint synchronization initiated using futex wait barrier. (203 threads)
[2025-03-19T15:15:42.739+0000][1302.631s][info ][safepoint   ] Safepoint "Cleanup", Time since last: 4000315198 ns, Reaching safepoint: 56264 ns, Cleanup: 10627 ns, At safepoint: 4665 ns, Total: 71556 ns
[2025-03-19T15:15:44.739+0000][1304.631s][debug][safepoint   ] Safepoint synchronization initiated using futex wait barrier. (203 threads)
[2025-03-19T15:15:44.739+0000][1304.631s][info ][safepoint   ] Safepoint "Cleanup", Time since last: 2000198356 ns, Reaching safepoint: 50634 ns, Cleanup: 11832 ns, At safepoint: 3442 ns, Total: 65908 ns
[2025-03-19T15:15:47.739+0000][1307.631s][debug][safepoint   ] Safepoint synchronization initiated using futex wait barrier. (203 threads)
[2025-03-19T15:15:47.739+0000][1307.631s][info ][safepoint   ] Safepoint "Cleanup", Time since last: 3000197066 ns, Reaching safepoint: 59493 ns, Cleanup: 13726 ns, At safepoint: 2977 ns, Total: 76196 ns
[2025-03-19T15:15:57.741+0000][1317.632s][debug][safepoint   ] Safepoint synchronization initiated using futex wait barrier. (203 threads)
[2025-03-19T15:15:57.741+0000][1317.632s][info ][safepoint   ] Safepoint "Cleanup", Time since last: 10001240493 ns, Reaching safepoint: 68774 ns, Cleanup: 13674 ns, At safepoint: 3489 ns, Total: 85937 ns
[2025-03-19T15:15:59.741+0000][1319.633s][debug][safepoint   ] Safepoint synchronization initiated using futex wait barrier. (203 threads)
[2025-03-19T15:15:59.741+0000][1319.633s][info ][safepoint   ] Safepoint "Cleanup", Time since last: 2000172679 ns, Reaching safepoint: 44870 ns, Cleanup: 10472 ns, At safepoint: 2824 ns, Total: 58166 ns
[2025-03-19T15:16:00.741+0000][1320.633s][debug][safepoint   ] Safepoint synchronization initiated using futex wait barrier. (203 threads)
[2025-03-19T15:16:00.741+0000][1320.633s][info ][safepoint   ] Safepoint "Cleanup", Time since last: 1000115915 ns, Reaching safepoint: 74002 ns, Cleanup: 25301 ns, At safepoint: 7594 ns, Total: 106897 ns
[2025-03-19T15:16:02.770+0000][1322.662s][debug][safepoint   ] Safepoint synchronization initiated using futex wait barrier. (203 threads)
[2025-03-19T15:16:02.771+0000][1322.662s][info ][safepoint   ] Safepoint "Cleanup", Time since last: 2029318147 ns, Reaching safepoint: 57711 ns, Cleanup: 12569 ns, At safepoint: 3540 ns, Total: 73820 ns
[2025-03-19T15:16:10.771+0000][1330.663s][debug][safepoint   ] Safepoint synchronization initiated using futex wait barrier. (203 threads)
[2025-03-19T15:16:10.771+0000][1330.663s][info ][safepoint   ] Safepoint "Cleanup", Time since last: 8000542276 ns, Reaching safepoint: 86776 ns, Cleanup: 14968 ns, At safepoint: 5817 ns, Total: 107561 ns
[2025-03-19T15:16:23.772+0000][1343.664s][debug][safepoint   ] Safepoint synchronization initiated using futex wait barrier. (203 threads)
[2025-03-19T15:16:23.772+0000][1343.664s][info ][safepoint   ] Safepoint "Cleanup", Time since last: 13001004033 ns, Reaching safepoint: 232805 ns, Cleanup: 33475 ns, At safepoint: 7704 ns, Total: 273984 ns
[2025-03-19T15:16:44.871+0000][1364.763s][debug][safepoint   ] Safepoint synchronization initiated using futex wait barrier. (203 threads)
[2025-03-19T15:16:44.871+0000][1364.763s][info ][safepoint   ] Safepoint "Cleanup", Time since last: 21098741344 ns, Reaching safepoint: 83820 ns, Cleanup: 14934 ns, At safepoint: 7893 ns, Total: 106647 ns
[2025-03-19T15:16:45.871+0000][1365.763s][debug][safepoint   ] Safepoint synchronization initiated using futex wait barrier. (203 threads)
[2025-03-19T15:16:45.872+0000][1365.763s][info ][safepoint   ] Safepoint "Cleanup", Time since last: 1000090623 ns, Reaching safepoint: 77617 ns, Cleanup: 19225 ns, At safepoint: 6329 ns, Total: 103171 ns
[2025-03-19T15:16:50.872+0000][1370.764s][debug][safepoint   ] Safepoint synchronization initiated using futex wait barrier. (202 threads)
[2025-03-19T15:16:50.872+0000][1370.764s][info ][safepoint   ] Safepoint "Cleanup", Time since last: 5000429185 ns, Reaching safepoint: 84145 ns, Cleanup: 18810 ns, At safepoint: 7822 ns, Total: 110777 ns
[2025-03-19T15:17:04.790+0000][1384.682s][debug][safepoint   ] Safepoint synchronization initiated using futex wait barrier. (202 threads)
[2025-03-19T15:17:04.791+0000][1384.682s][info ][safepoint   ] Safepoint "Cleanup", Time since last: 13918394756 ns, Reaching safepoint: 73718 ns, Cleanup: 14640 ns, At safepoint: 5492 ns, Total: 93850 ns
[2025-03-19T15:17:05.791+0000][1385.682s][debug][safepoint   ] Safepoint synchronization initiated using futex wait barrier. (202 threads)
[2025-03-19T15:17:05.791+0000][1385.683s][info ][safepoint   ] Safepoint "Cleanup", Time since last: 1000100547 ns, Reaching safepoint: 77312 ns, Cleanup: 13844 ns, At safepoint: 15619 ns, Total: 106775 ns
[2025-03-19T15:17:08.791+0000][1388.683s][debug][safepoint   ] Safepoint synchronization initiated using futex wait barrier. (202 threads)
[2025-03-19T15:17:08.791+0000][1388.683s][info ][safepoint   ] Safepoint "Cleanup", Time since last: 3000321395 ns, Reaching safepoint: 54607 ns, Cleanup: 18760 ns, At safepoint: 3744 ns, Total: 77111 ns
[2025-03-19T15:17:10.791+0000][1390.683s][debug][safepoint   ] Safepoint synchronization initiated using futex wait barrier. (202 threads)
[2025-03-19T15:17:10.791+0000][1390.683s][info ][safepoint   ] Safepoint "Cleanup", Time since last: 2000156944 ns, Reaching safepoint: 85532 ns, Cleanup: 17254 ns, At safepoint: 7296 ns, Total: 110082 ns
[2025-03-19T15:17:11.792+0000][1391.683s][debug][safepoint   ] Safepoint synchronization initiated using futex wait barrier. (206 threads)
[2025-03-19T15:17:11.792+0000][1391.684s][info ][safepoint   ] Safepoint "Cleanup", Time since last: 1000202794 ns, Reaching safepoint: 81563 ns, Cleanup: 54665 ns, At safepoint: 8367 ns, Total: 144595 ns
[2025-03-19T15:17:12.792+0000][1392.684s][debug][safepoint   ] Safepoint synchronization initiated using futex wait barrier. (211 threads)
[2025-03-19T15:17:12.792+0000][1392.684s][info ][safepoint   ] Safepoint "Cleanup", Time since last: 1000150613 ns, Reaching safepoint: 85981 ns, Cleanup: 182009 ns, At safepoint: 12860 ns, Total: 280850 ns
[2025-03-19T15:17:13.792+0000][1393.684s][debug][safepoint   ] Safepoint synchronization initiated using futex wait barrier. (211 threads)
[2025-03-19T15:17:13.792+0000][1393.684s][info ][safepoint   ] Safepoint "Cleanup", Time since last: 1000116891 ns, Reaching safepoint: 82422 ns, Cleanup: 18726 ns, At safepoint: 7516 ns, Total: 108664 ns
[2025-03-19T15:17:14.793+0000][1394.684s][debug][safepoint   ] Safepoint synchronization initiated using futex wait barrier. (212 threads)
[2025-03-19T15:17:14.793+0000][1394.684s][info ][safepoint   ] Safepoint "Cleanup", Time since last: 1000093005 ns, Reaching safepoint: 81367 ns, Cleanup: 18873 ns, At safepoint: 8021 ns, Total: 108261 ns
[2025-03-19T15:17:21.793+0000][1401.685s][debug][safepoint   ] Safepoint synchronization initiated using futex wait barrier. (212 threads)
[2025-03-19T15:17:21.794+0000][1401.685s][info ][safepoint   ] Safepoint "Cleanup", Time since last: 7000810320 ns, Reaching safepoint: 84294 ns, Cleanup: 20006 ns, At safepoint: 8810 ns, Total: 113110 ns
