[2025-03-19T08:31:01.041+0000][0.003s][info][gc] Using G1
[2025-03-19T08:31:01.043+0000][0.005s][info][gc,init] Version: 17.0.13+11-Debian-2deb12u1 (release)
[2025-03-19T08:31:01.043+0000][0.005s][info][gc,init] CPUs: 4 total, 4 available
[2025-03-19T08:31:01.043+0000][0.005s][info][gc,init] Memory: 7213M
[2025-03-19T08:31:01.043+0000][0.005s][info][gc,init] Large Page Support: Disabled
[2025-03-19T08:31:01.043+0000][0.005s][info][gc,init] NUMA Support: Disabled
[2025-03-19T08:31:01.043+0000][0.005s][info][gc,init] Compressed Oops: Enabled (32-bit)
[2025-03-19T08:31:01.043+0000][0.005s][info][gc,init] Heap Region Size: 1M
[2025-03-19T08:31:01.043+0000][0.005s][info][gc,init] Heap Min Capacity: 8M
[2025-03-19T08:31:01.043+0000][0.005s][info][gc,init] Heap Initial Capacity: 114M
[2025-03-19T08:31:01.043+0000][0.005s][info][gc,init] Heap Max Capacity: 1804M
[2025-03-19T08:31:01.043+0000][0.005s][info][gc,init] Pre-touch: Disabled
[2025-03-19T08:31:01.043+0000][0.005s][info][gc,init] Parallel Workers: 4
[2025-03-19T08:31:01.043+0000][0.005s][info][gc,init] Concurrent Workers: 1
[2025-03-19T08:31:01.043+0000][0.005s][info][gc,init] Concurrent Refinement Workers: 4
[2025-03-19T08:31:01.043+0000][0.005s][info][gc,init] Periodic GC: Disabled
[2025-03-19T08:31:01.051+0000][0.013s][info][gc,metaspace] CDS archive(s) mapped at: [0x0000735b2f000000-0x0000735b2fbc9000-0x0000735b2fbc9000), size 12357632, SharedBaseAddress: 0x0000735b2f000000, ArchiveRelocationMode: 1.
[2025-03-19T08:31:01.051+0000][0.013s][info][gc,metaspace] Compressed class space mapped at: 0x0000735b30000000-0x0000735b70000000, reserved size: 1073741824
[2025-03-19T08:31:01.051+0000][0.013s][info][gc,metaspace] Narrow klass base: 0x0000735b2f000000, Narrow klass shift: 0, Narrow klass range: 0x100000000
[2025-03-19T08:31:01.058+0000][0.020s][info][cds,heap    ] initialize_from_archived_subgraph java.lang.Module$ArchivedData 0x0000735b2f183388 (early)
[2025-03-19T08:31:01.059+0000][0.021s][info][cds,heap    ] initialize_from_archived_subgraph java.util.ImmutableCollections 0x0000735b2f070cd8 (early)
[2025-03-19T08:31:01.062+0000][0.024s][info][cds,heap    ] initialize_from_archived_subgraph java.lang.Integer$IntegerCache 0x0000735b2f036060 (early)
[2025-03-19T08:31:01.066+0000][0.028s][info][cds,heap    ] initialize_from_archived_subgraph java.lang.module.Configuration 0x0000735b2f171308 (early)
[2025-03-19T08:31:01.066+0000][0.028s][info][cds,heap    ] initialize_from_archived_subgraph java.lang.ModuleLayer 0x0000735b2f145c58 (early)
[2025-03-19T08:31:01.067+0000][0.029s][info][cds,heap    ] initialize_from_archived_subgraph jdk.internal.loader.ArchivedClassLoaders 0x0000735b2f1a79f0 (early)
[2025-03-19T08:31:01.067+0000][0.029s][info][cds,heap    ] initialize_from_archived_subgraph jdk.internal.module.ArchivedBootLayer 0x0000735b2f177f48 (early)
[2025-03-19T08:31:01.070+0000][0.031s][info][cds,heap    ] initialize_from_archived_subgraph sun.util.locale.BaseLocale 0x0000735b2f26bb10
[2025-03-19T08:31:01.084+0000][0.045s][info][cds,heap    ] initialize_from_archived_subgraph java.util.jar.Attributes$Name 0x0000735b2f199468
[2025-03-19T08:31:01.129+0000][0.091s][info][cds,heap    ] initialize_from_archived_subgraph java.lang.Long$LongCache 0x0000735b2f01f998
[2025-03-19T08:31:01.216+0000][0.178s][info][cds,heap    ] initialize_from_archived_subgraph java.lang.Character$CharacterCache 0x0000735b2f0393e8
[2025-03-19T08:31:01.592+0000][0.554s][debug][safepoint   ] Safepoint synchronization initiated using futex wait barrier. (13 threads)
[2025-03-19T08:31:01.593+0000][0.554s][info ][gc,start    ] GC(0) Pause Young (Normal) (G1 Evacuation Pause)
[2025-03-19T08:31:01.593+0000][0.554s][info ][gc,task     ] GC(0) Using 2 workers of 4 for evacuation
[2025-03-19T08:31:01.603+0000][0.565s][info ][gc,phases   ] GC(0)   Pre Evacuate Collection Set: 0.6ms
[2025-03-19T08:31:01.603+0000][0.565s][info ][gc,phases   ] GC(0)   Merge Heap Roots: 0.1ms
[2025-03-19T08:31:01.603+0000][0.565s][info ][gc,phases   ] GC(0)   Evacuate Collection Set: 8.6ms
[2025-03-19T08:31:01.603+0000][0.565s][info ][gc,phases   ] GC(0)   Post Evacuate Collection Set: 0.8ms
[2025-03-19T08:31:01.603+0000][0.565s][info ][gc,phases   ] GC(0)   Other: 0.3ms
[2025-03-19T08:31:01.603+0000][0.565s][info ][gc,heap     ] GC(0) Eden regions: 37->0(48)
[2025-03-19T08:31:01.603+0000][0.565s][info ][gc,heap     ] GC(0) Survivor regions: 0->5(5)
[2025-03-19T08:31:01.603+0000][0.565s][info ][gc,heap     ] GC(0) Old regions: 0->2
[2025-03-19T08:31:01.603+0000][0.565s][info ][gc,heap     ] GC(0) Archive regions: 2->2
[2025-03-19T08:31:01.603+0000][0.565s][info ][gc,heap     ] GC(0) Humongous regions: 0->0
[2025-03-19T08:31:01.603+0000][0.565s][info ][gc,metaspace] GC(0) Metaspace: 2060K(2304K)->2060K(2304K) NonClass: 1854K(1984K)->1854K(1984K) Class: 205K(320K)->205K(320K)
[2025-03-19T08:31:01.603+0000][0.565s][info ][gc          ] GC(0) Pause Young (Normal) (G1 Evacuation Pause) 37M->7M(116M) 10.529ms
[2025-03-19T08:31:01.603+0000][0.565s][info ][gc,cpu      ] GC(0) User=0.03s Sys=0.01s Real=0.01s
[2025-03-19T08:31:01.603+0000][0.565s][info ][safepoint   ] Safepoint "G1CollectForAllocation", Time since last: 534820150 ns, Reaching safepoint: 47839 ns, Cleanup: 86362 ns, At safepoint: 10607796 ns, Total: 10741997 ns
[2025-03-19T08:31:02.125+0000][1.087s][debug][safepoint   ] Safepoint synchronization initiated using futex wait barrier. (13 threads)
[2025-03-19T08:31:02.125+0000][1.087s][info ][gc,start    ] GC(1) Pause Young (Normal) (G1 Evacuation Pause)
[2025-03-19T08:31:02.125+0000][1.087s][info ][gc,task     ] GC(1) Using 2 workers of 4 for evacuation
[2025-03-19T08:31:02.136+0000][1.098s][info ][gc,phases   ] GC(1)   Pre Evacuate Collection Set: 0.1ms
[2025-03-19T08:31:02.136+0000][1.098s][info ][gc,phases   ] GC(1)   Merge Heap Roots: 0.0ms
[2025-03-19T08:31:02.136+0000][1.098s][info ][gc,phases   ] GC(1)   Evacuate Collection Set: 10.4ms
[2025-03-19T08:31:02.136+0000][1.098s][info ][gc,phases   ] GC(1)   Post Evacuate Collection Set: 0.6ms
[2025-03-19T08:31:02.136+0000][1.098s][info ][gc,phases   ] GC(1)   Other: 0.1ms
[2025-03-19T08:31:02.136+0000][1.098s][info ][gc,heap     ] GC(1) Eden regions: 48->0(64)
[2025-03-19T08:31:02.136+0000][1.098s][info ][gc,heap     ] GC(1) Survivor regions: 5->4(7)
[2025-03-19T08:31:02.136+0000][1.098s][info ][gc,heap     ] GC(1) Old regions: 2->7
[2025-03-19T08:31:02.136+0000][1.098s][info ][gc,heap     ] GC(1) Archive regions: 2->2
[2025-03-19T08:31:02.136+0000][1.098s][info ][gc,heap     ] GC(1) Humongous regions: 0->0
[2025-03-19T08:31:02.136+0000][1.098s][info ][gc,metaspace] GC(1) Metaspace: 3519K(3776K)->3519K(3776K) NonClass: 3153K(3264K)->3153K(3264K) Class: 365K(512K)->365K(512K)
[2025-03-19T08:31:02.136+0000][1.098s][info ][gc          ] GC(1) Pause Young (Normal) (G1 Evacuation Pause) 55M->11M(116M) 11.248ms
[2025-03-19T08:31:02.136+0000][1.098s][info ][gc,cpu      ] GC(1) User=0.02s Sys=0.01s Real=0.01s
[2025-03-19T08:31:02.136+0000][1.098s][info ][safepoint   ] Safepoint "G1CollectForAllocation", Time since last: 521740166 ns, Reaching safepoint: 127280 ns, Cleanup: 69665 ns, At safepoint: 11296884 ns, Total: 11493829 ns
[2025-03-19T08:31:02.727+0000][1.689s][debug][safepoint   ] Safepoint synchronization initiated using futex wait barrier. (14 threads)
[2025-03-19T08:31:02.727+0000][1.689s][info ][gc,start    ] GC(2) Pause Young (Normal) (G1 Evacuation Pause)
[2025-03-19T08:31:02.727+0000][1.689s][info ][gc,task     ] GC(2) Using 2 workers of 4 for evacuation
[2025-03-19T08:31:02.738+0000][1.699s][info ][gc,phases   ] GC(2)   Pre Evacuate Collection Set: 0.1ms
[2025-03-19T08:31:02.738+0000][1.699s][info ][gc,phases   ] GC(2)   Merge Heap Roots: 0.1ms
[2025-03-19T08:31:02.738+0000][1.699s][info ][gc,phases   ] GC(2)   Evacuate Collection Set: 9.2ms
[2025-03-19T08:31:02.738+0000][1.699s][info ][gc,phases   ] GC(2)   Post Evacuate Collection Set: 0.7ms
[2025-03-19T08:31:02.738+0000][1.699s][info ][gc,phases   ] GC(2)   Other: 0.1ms
[2025-03-19T08:31:02.738+0000][1.699s][info ][gc,heap     ] GC(2) Eden regions: 64->0(63)
[2025-03-19T08:31:02.738+0000][1.699s][info ][gc,heap     ] GC(2) Survivor regions: 4->5(9)
[2025-03-19T08:31:02.738+0000][1.699s][info ][gc,heap     ] GC(2) Old regions: 7->7
[2025-03-19T08:31:02.738+0000][1.699s][info ][gc,heap     ] GC(2) Archive regions: 2->2
[2025-03-19T08:31:02.738+0000][1.699s][info ][gc,heap     ] GC(2) Humongous regions: 0->0
[2025-03-19T08:31:02.738+0000][1.699s][info ][gc,metaspace] GC(2) Metaspace: 6211K(6528K)->6211K(6528K) NonClass: 5448K(5568K)->5448K(5568K) Class: 762K(960K)->762K(960K)
[2025-03-19T08:31:02.738+0000][1.699s][info ][gc          ] GC(2) Pause Young (Normal) (G1 Evacuation Pause) 75M->12M(116M) 10.326ms
[2025-03-19T08:31:02.738+0000][1.699s][info ][gc,cpu      ] GC(2) User=0.04s Sys=0.00s Real=0.01s
[2025-03-19T08:31:02.739+0000][1.701s][info ][safepoint   ] Safepoint "G1CollectForAllocation", Time since last: 590798539 ns, Reaching safepoint: 46070 ns, Cleanup: 128704 ns, At safepoint: 11579422 ns, Total: 11754196 ns
[2025-03-19T08:31:03.256+0000][2.217s][debug][safepoint   ] Safepoint synchronization initiated using futex wait barrier. (14 threads)
[2025-03-19T08:31:03.256+0000][2.217s][info ][gc,start    ] GC(3) Pause Young (Normal) (G1 Evacuation Pause)
[2025-03-19T08:31:03.256+0000][2.217s][info ][gc,task     ] GC(3) Using 2 workers of 4 for evacuation
[2025-03-19T08:31:03.264+0000][2.225s][info ][gc,phases   ] GC(3)   Pre Evacuate Collection Set: 0.1ms
[2025-03-19T08:31:03.264+0000][2.225s][info ][gc,phases   ] GC(3)   Merge Heap Roots: 0.0ms
[2025-03-19T08:31:03.264+0000][2.225s][info ][gc,phases   ] GC(3)   Evacuate Collection Set: 6.8ms
[2025-03-19T08:31:03.264+0000][2.225s][info ][gc,phases   ] GC(3)   Post Evacuate Collection Set: 0.8ms
[2025-03-19T08:31:03.264+0000][2.225s][info ][gc,phases   ] GC(3)   Other: 0.1ms
[2025-03-19T08:31:03.264+0000][2.225s][info ][gc,heap     ] GC(3) Eden regions: 63->0(65)
[2025-03-19T08:31:03.264+0000][2.225s][info ][gc,heap     ] GC(3) Survivor regions: 5->3(9)
[2025-03-19T08:31:03.264+0000][2.225s][info ][gc,heap     ] GC(3) Old regions: 7->10
[2025-03-19T08:31:03.264+0000][2.225s][info ][gc,heap     ] GC(3) Archive regions: 2->2
[2025-03-19T08:31:03.264+0000][2.225s][info ][gc,heap     ] GC(3) Humongous regions: 0->0
[2025-03-19T08:31:03.264+0000][2.225s][info ][gc,metaspace] GC(3) Metaspace: 9689K(9984K)->9689K(9984K) NonClass: 8442K(8576K)->8442K(8576K) Class: 1247K(1408K)->1247K(1408K)
[2025-03-19T08:31:03.264+0000][2.225s][info ][gc          ] GC(3) Pause Young (Normal) (G1 Evacuation Pause) 75M->13M(116M) 7.880ms
[2025-03-19T08:31:03.264+0000][2.225s][info ][gc,cpu      ] GC(3) User=0.02s Sys=0.00s Real=0.00s
[2025-03-19T08:31:03.264+0000][2.225s][info ][safepoint   ] Safepoint "G1CollectForAllocation", Time since last: 516525753 ns, Reaching safepoint: 118906 ns, Cleanup: 79509 ns, At safepoint: 7925268 ns, Total: 8123683 ns
[2025-03-19T08:31:03.574+0000][2.536s][debug][safepoint   ] Safepoint synchronization initiated using futex wait barrier. (14 threads)
[2025-03-19T08:31:03.574+0000][2.536s][info ][gc,start    ] GC(4) Pause Young (Normal) (G1 Evacuation Pause)
[2025-03-19T08:31:03.574+0000][2.536s][info ][gc,task     ] GC(4) Using 2 workers of 4 for evacuation
[2025-03-19T08:31:03.579+0000][2.541s][info ][gc,phases   ] GC(4)   Pre Evacuate Collection Set: 0.1ms
[2025-03-19T08:31:03.580+0000][2.541s][info ][gc,phases   ] GC(4)   Merge Heap Roots: 0.0ms
[2025-03-19T08:31:03.580+0000][2.541s][info ][gc,phases   ] GC(4)   Evacuate Collection Set: 4.5ms
[2025-03-19T08:31:03.580+0000][2.541s][info ][gc,phases   ] GC(4)   Post Evacuate Collection Set: 0.7ms
[2025-03-19T08:31:03.580+0000][2.541s][info ][gc,phases   ] GC(4)   Other: 0.1ms
[2025-03-19T08:31:03.580+0000][2.541s][info ][gc,heap     ] GC(4) Eden regions: 65->0(80)
[2025-03-19T08:31:03.580+0000][2.541s][info ][gc,heap     ] GC(4) Survivor regions: 3->4(9)
[2025-03-19T08:31:03.580+0000][2.541s][info ][gc,heap     ] GC(4) Old regions: 10->10
[2025-03-19T08:31:03.580+0000][2.541s][info ][gc,heap     ] GC(4) Archive regions: 2->2
[2025-03-19T08:31:03.580+0000][2.541s][info ][gc,heap     ] GC(4) Humongous regions: 0->0
[2025-03-19T08:31:03.580+0000][2.541s][info ][gc,metaspace] GC(4) Metaspace: 11272K(11520K)->11272K(11520K) NonClass: 9787K(9920K)->9787K(9920K) Class: 1484K(1600K)->1484K(1600K)
[2025-03-19T08:31:03.580+0000][2.541s][info ][gc          ] GC(4) Pause Young (Normal) (G1 Evacuation Pause) 78M->14M(140M) 5.431ms
[2025-03-19T08:31:03.580+0000][2.541s][info ][gc,cpu      ] GC(4) User=0.01s Sys=0.00s Real=0.00s
[2025-03-19T08:31:03.580+0000][2.541s][info ][safepoint   ] Safepoint "G1CollectForAllocation", Time since last: 310368972 ns, Reaching safepoint: 62215 ns, Cleanup: 34307 ns, At safepoint: 5471512 ns, Total: 5568034 ns
[2025-03-19T08:31:03.662+0000][2.623s][debug][safepoint   ] ... found polling page loop exception at pc = 0x0000735b98fd8fba, stub =0x0000735b9898eb80
[2025-03-19T08:31:03.702+0000][2.664s][debug][safepoint   ] Safepoint synchronization initiated using futex wait barrier. (14 threads)
[2025-03-19T08:31:03.702+0000][2.664s][info ][safepoint   ] Safepoint "ICBufferFull", Time since last: 122338722 ns, Reaching safepoint: 42575 ns, Cleanup: 96618 ns, At safepoint: 2770 ns, Total: 141963 ns
[2025-03-19T08:31:04.040+0000][3.001s][debug][safepoint   ] Safepoint synchronization initiated using futex wait barrier. (15 threads)
[2025-03-19T08:31:04.040+0000][3.001s][debug][safepoint   ] ... found polling page loop exception at pc = 0x0000735b98f65048, stub =0x0000735b9898eb80
[2025-03-19T08:31:04.040+0000][3.001s][info ][safepoint   ] Safepoint "ICBufferFull", Time since last: 337500757 ns, Reaching safepoint: 114076 ns, Cleanup: 92779 ns, At safepoint: 2783 ns, Total: 209638 ns
[2025-03-19T08:31:04.058+0000][3.019s][debug][safepoint   ] Safepoint synchronization initiated using futex wait barrier. (15 threads)
[2025-03-19T08:31:04.058+0000][3.019s][info ][gc,start    ] GC(5) Pause Young (Normal) (G1 Evacuation Pause)
[2025-03-19T08:31:04.058+0000][3.019s][info ][gc,task     ] GC(5) Using 4 workers of 4 for evacuation
[2025-03-19T08:31:04.065+0000][3.026s][info ][gc,phases   ] GC(5)   Pre Evacuate Collection Set: 0.1ms
[2025-03-19T08:31:04.065+0000][3.026s][info ][gc,phases   ] GC(5)   Merge Heap Roots: 0.1ms
[2025-03-19T08:31:04.065+0000][3.026s][info ][gc,phases   ] GC(5)   Evacuate Collection Set: 6.3ms
[2025-03-19T08:31:04.065+0000][3.026s][info ][gc,phases   ] GC(5)   Post Evacuate Collection Set: 0.6ms
[2025-03-19T08:31:04.065+0000][3.027s][info ][gc,phases   ] GC(5)   Other: 0.1ms
[2025-03-19T08:31:04.065+0000][3.027s][info ][gc,heap     ] GC(5) Eden regions: 80->0(78)
[2025-03-19T08:31:04.065+0000][3.027s][info ][gc,heap     ] GC(5) Survivor regions: 4->6(11)
[2025-03-19T08:31:04.065+0000][3.027s][info ][gc,heap     ] GC(5) Old regions: 10->10
[2025-03-19T08:31:04.065+0000][3.027s][info ][gc,heap     ] GC(5) Archive regions: 2->2
[2025-03-19T08:31:04.065+0000][3.027s][info ][gc,heap     ] GC(5) Humongous regions: 0->0
[2025-03-19T08:31:04.065+0000][3.027s][info ][gc,metaspace] GC(5) Metaspace: 14299K(14656K)->14299K(14656K) NonClass: 12446K(12608K)->12446K(12608K) Class: 1853K(2048K)->1853K(2048K)
[2025-03-19T08:31:04.065+0000][3.027s][info ][gc          ] GC(5) Pause Young (Normal) (G1 Evacuation Pause) 94M->16M(140M) 7.159ms
[2025-03-19T08:31:04.065+0000][3.027s][info ][gc,cpu      ] GC(5) User=0.02s Sys=0.00s Real=0.01s
[2025-03-19T08:31:04.065+0000][3.027s][info ][safepoint   ] Safepoint "G1CollectForAllocation", Time since last: 17782153 ns, Reaching safepoint: 178708 ns, Cleanup: 15750 ns, At safepoint: 7203467 ns, Total: 7397925 ns
[2025-03-19T08:31:04.280+0000][3.242s][info ][cds,heap    ] initialize_from_archived_subgraph java.lang.Byte$ByteCache 0x0000735b2f0395f8
[2025-03-19T08:31:04.280+0000][3.242s][info ][cds,heap    ] initialize_from_archived_subgraph java.lang.Short$ShortCache 0x0000735b2f03fce8
[2025-03-19T08:31:04.334+0000][3.296s][debug][safepoint   ] Safepoint synchronization initiated using futex wait barrier. (15 threads)
[2025-03-19T08:31:04.335+0000][3.296s][debug][safepoint   ] ... found polling page loop exception at pc = 0x0000735b99049e87, stub =0x0000735b9898f400
[2025-03-19T08:31:04.335+0000][3.297s][info ][gc,start    ] GC(6) Pause Young (Normal) (G1 Evacuation Pause)
[2025-03-19T08:31:04.335+0000][3.297s][info ][gc,task     ] GC(6) Using 4 workers of 4 for evacuation
[2025-03-19T08:31:04.341+0000][3.302s][info ][gc,phases   ] GC(6)   Pre Evacuate Collection Set: 0.1ms
[2025-03-19T08:31:04.341+0000][3.302s][info ][gc,phases   ] GC(6)   Merge Heap Roots: 0.0ms
[2025-03-19T08:31:04.341+0000][3.302s][info ][gc,phases   ] GC(6)   Evacuate Collection Set: 4.6ms
[2025-03-19T08:31:04.341+0000][3.302s][info ][gc,phases   ] GC(6)   Post Evacuate Collection Set: 0.5ms
[2025-03-19T08:31:04.341+0000][3.302s][info ][gc,phases   ] GC(6)   Other: 0.1ms
[2025-03-19T08:31:04.341+0000][3.302s][info ][gc,heap     ] GC(6) Eden regions: 78->0(77)
[2025-03-19T08:31:04.341+0000][3.302s][info ][gc,heap     ] GC(6) Survivor regions: 6->7(11)
[2025-03-19T08:31:04.341+0000][3.302s][info ][gc,heap     ] GC(6) Old regions: 10->10
[2025-03-19T08:31:04.341+0000][3.302s][info ][gc,heap     ] GC(6) Archive regions: 2->2
[2025-03-19T08:31:04.341+0000][3.302s][info ][gc,heap     ] GC(6) Humongous regions: 0->0
[2025-03-19T08:31:04.341+0000][3.302s][info ][gc,metaspace] GC(6) Metaspace: 16536K(16896K)->16536K(16896K) NonClass: 14289K(14464K)->14289K(14464K) Class: 2247K(2432K)->2247K(2432K)
[2025-03-19T08:31:04.341+0000][3.302s][info ][gc          ] GC(6) Pause Young (Normal) (G1 Evacuation Pause) 94M->17M(140M) 5.349ms
[2025-03-19T08:31:04.341+0000][3.302s][info ][gc,cpu      ] GC(6) User=0.02s Sys=0.00s Real=0.00s
[2025-03-19T08:31:04.341+0000][3.302s][info ][safepoint   ] Safepoint "G1CollectForAllocation", Time since last: 269480698 ns, Reaching safepoint: 834687 ns, Cleanup: 42482 ns, At safepoint: 5390961 ns, Total: 6268130 ns
[2025-03-19T08:31:04.355+0000][3.316s][debug][safepoint   ] ... found polling page loop exception at pc = 0x0000735b98ff3378, stub =0x0000735b9898f400
[2025-03-19T08:31:04.488+0000][3.450s][debug][safepoint   ] ... found polling page loop exception at pc = 0x0000735b919bf425, stub =0x0000735b9898f400
[2025-03-19T08:31:04.641+0000][3.603s][debug][safepoint   ] Safepoint synchronization initiated using futex wait barrier. (15 threads)
[2025-03-19T08:31:04.641+0000][3.603s][info ][gc,start    ] GC(7) Pause Young (Normal) (G1 Evacuation Pause)
[2025-03-19T08:31:04.641+0000][3.603s][info ][gc,task     ] GC(7) Using 4 workers of 4 for evacuation
[2025-03-19T08:31:04.653+0000][3.614s][info ][gc,phases   ] GC(7)   Pre Evacuate Collection Set: 0.1ms
[2025-03-19T08:31:04.653+0000][3.614s][info ][gc,phases   ] GC(7)   Merge Heap Roots: 0.0ms
[2025-03-19T08:31:04.653+0000][3.614s][info ][gc,phases   ] GC(7)   Evacuate Collection Set: 10.2ms
[2025-03-19T08:31:04.653+0000][3.614s][info ][gc,phases   ] GC(7)   Post Evacuate Collection Set: 0.9ms
[2025-03-19T08:31:04.653+0000][3.614s][info ][gc,phases   ] GC(7)   Other: 0.1ms
[2025-03-19T08:31:04.653+0000][3.614s][info ][gc,heap     ] GC(7) Eden regions: 77->0(76)
[2025-03-19T08:31:04.653+0000][3.614s][info ][gc,heap     ] GC(7) Survivor regions: 7->8(11)
[2025-03-19T08:31:04.653+0000][3.614s][info ][gc,heap     ] GC(7) Old regions: 10->12
[2025-03-19T08:31:04.653+0000][3.614s][info ][gc,heap     ] GC(7) Archive regions: 2->2
[2025-03-19T08:31:04.653+0000][3.614s][info ][gc,heap     ] GC(7) Humongous regions: 0->0
[2025-03-19T08:31:04.653+0000][3.614s][info ][gc,metaspace] GC(7) Metaspace: 19667K(20032K)->19667K(20032K) NonClass: 17078K(17280K)->17078K(17280K) Class: 2588K(2752K)->2588K(2752K)
[2025-03-19T08:31:04.653+0000][3.614s][info ][gc          ] GC(7) Pause Young (Normal) (G1 Evacuation Pause) 94M->19M(140M) 11.428ms
[2025-03-19T08:31:04.653+0000][3.614s][info ][gc,cpu      ] GC(7) User=0.04s Sys=0.00s Real=0.01s
[2025-03-19T08:31:04.653+0000][3.614s][info ][safepoint   ] Safepoint "G1CollectForAllocation", Time since last: 300314284 ns, Reaching safepoint: 119493 ns, Cleanup: 48012 ns, At safepoint: 11504396 ns, Total: 11671901 ns
[2025-03-19T08:31:04.801+0000][3.762s][debug][safepoint   ] Safepoint synchronization initiated using futex wait barrier. (15 threads)
[2025-03-19T08:31:04.801+0000][3.762s][info ][gc,start    ] GC(8) Pause Young (Concurrent Start) (Metadata GC Threshold)
[2025-03-19T08:31:04.801+0000][3.763s][info ][gc,task     ] GC(8) Using 4 workers of 4 for evacuation
[2025-03-19T08:31:04.810+0000][3.772s][info ][gc,phases   ] GC(8)   Pre Evacuate Collection Set: 0.1ms
[2025-03-19T08:31:04.810+0000][3.772s][info ][gc,phases   ] GC(8)   Merge Heap Roots: 0.0ms
[2025-03-19T08:31:04.810+0000][3.772s][info ][gc,phases   ] GC(8)   Evacuate Collection Set: 8.0ms
[2025-03-19T08:31:04.810+0000][3.772s][info ][gc,phases   ] GC(8)   Post Evacuate Collection Set: 0.9ms
[2025-03-19T08:31:04.810+0000][3.772s][info ][gc,phases   ] GC(8)   Other: 0.2ms
[2025-03-19T08:31:04.810+0000][3.772s][info ][gc,heap     ] GC(8) Eden regions: 30->0(94)
[2025-03-19T08:31:04.810+0000][3.772s][info ][gc,heap     ] GC(8) Survivor regions: 8->6(11)
[2025-03-19T08:31:04.810+0000][3.772s][info ][gc,heap     ] GC(8) Old regions: 12->15
[2025-03-19T08:31:04.810+0000][3.772s][info ][gc,heap     ] GC(8) Archive regions: 2->2
[2025-03-19T08:31:04.810+0000][3.772s][info ][gc,heap     ] GC(8) Humongous regions: 0->0
[2025-03-19T08:31:04.810+0000][3.772s][info ][gc,metaspace] GC(8) Metaspace: 21217K(21504K)->21217K(21504K) NonClass: 18444K(18560K)->18444K(18560K) Class: 2773K(2944K)->2773K(2944K)
[2025-03-19T08:31:04.810+0000][3.772s][info ][gc          ] GC(8) Pause Young (Concurrent Start) (Metadata GC Threshold) 49M->21M(168M) 9.238ms
[2025-03-19T08:31:04.810+0000][3.772s][info ][gc,cpu      ] GC(8) User=0.03s Sys=0.00s Real=0.01s
[2025-03-19T08:31:04.810+0000][3.772s][info ][gc          ] GC(9) Concurrent Mark Cycle
[2025-03-19T08:31:04.810+0000][3.772s][info ][gc,marking  ] GC(9) Concurrent Clear Claimed Marks
[2025-03-19T08:31:04.810+0000][3.772s][info ][safepoint   ] Safepoint "CollectForMetadataAllocation", Time since last: 148019409 ns, Reaching safepoint: 111507 ns, Cleanup: 33640 ns, At safepoint: 9309655 ns, Total: 9454802 ns
[2025-03-19T08:31:04.810+0000][3.772s][info ][gc,marking  ] GC(9) Concurrent Clear Claimed Marks 0.035ms
[2025-03-19T08:31:04.810+0000][3.772s][info ][gc,marking  ] GC(9) Concurrent Scan Root Regions
[2025-03-19T08:31:04.817+0000][3.778s][info ][gc,marking  ] GC(9) Concurrent Scan Root Regions 6.465ms
[2025-03-19T08:31:04.817+0000][3.778s][info ][gc,marking  ] GC(9) Concurrent Mark
[2025-03-19T08:31:04.817+0000][3.778s][info ][gc,marking  ] GC(9) Concurrent Mark From Roots
[2025-03-19T08:31:04.817+0000][3.778s][info ][gc,task     ] GC(9) Using 1 workers of 1 for marking
[2025-03-19T08:31:04.831+0000][3.792s][debug][safepoint   ] Safepoint synchronization initiated using futex wait barrier. (15 threads)
[2025-03-19T08:31:04.831+0000][3.792s][info ][safepoint   ] Safepoint "CollectForMetadataAllocation", Time since last: 20359819 ns, Reaching safepoint: 143320 ns, Cleanup: 9618 ns, At safepoint: 32052 ns, Total: 184990 ns
[2025-03-19T08:31:04.840+0000][3.802s][info ][gc,marking  ] GC(9) Concurrent Mark From Roots 23.696ms
[2025-03-19T08:31:04.840+0000][3.802s][info ][gc,marking  ] GC(9) Concurrent Preclean
[2025-03-19T08:31:04.841+0000][3.802s][info ][gc,marking  ] GC(9) Concurrent Preclean 0.293ms
[2025-03-19T08:31:04.841+0000][3.802s][debug][safepoint   ] Safepoint synchronization initiated using futex wait barrier. (15 threads)
[2025-03-19T08:31:04.841+0000][3.802s][info ][gc,start    ] GC(9) Pause Remark
[2025-03-19T08:31:04.844+0000][3.806s][info ][gc          ] GC(9) Pause Remark 26M->26M(94M) 3.098ms
[2025-03-19T08:31:04.844+0000][3.806s][info ][gc,cpu      ] GC(9) User=0.01s Sys=0.00s Real=0.00s
[2025-03-19T08:31:04.844+0000][3.806s][info ][safepoint   ] Safepoint "G1PauseRemark", Time since last: 10085312 ns, Reaching safepoint: 10861 ns, Cleanup: 12996 ns, At safepoint: 3198172 ns, Total: 3222029 ns
[2025-03-19T08:31:04.844+0000][3.806s][info ][gc,marking  ] GC(9) Concurrent Mark 27.516ms
[2025-03-19T08:31:04.844+0000][3.806s][info ][gc,marking  ] GC(9) Concurrent Rebuild Remembered Sets
[2025-03-19T08:31:04.857+0000][3.818s][info ][gc,marking  ] GC(9) Concurrent Rebuild Remembered Sets 12.518ms
[2025-03-19T08:31:04.857+0000][3.818s][debug][safepoint   ] Safepoint synchronization initiated using futex wait barrier. (15 threads)
[2025-03-19T08:31:04.857+0000][3.819s][info ][gc,start    ] GC(9) Pause Cleanup
[2025-03-19T08:31:04.857+0000][3.819s][info ][gc          ] GC(9) Pause Cleanup 26M->26M(94M) 0.072ms
[2025-03-19T08:31:04.857+0000][3.819s][info ][gc,cpu      ] GC(9) User=0.00s Sys=0.00s Real=0.00s
[2025-03-19T08:31:04.857+0000][3.819s][info ][safepoint   ] Safepoint "G1PauseCleanup", Time since last: 12826091 ns, Reaching safepoint: 79807 ns, Cleanup: 9668 ns, At safepoint: 101341 ns, Total: 190816 ns
[2025-03-19T08:31:04.857+0000][3.819s][info ][gc,marking  ] GC(9) Concurrent Cleanup for Next Mark
[2025-03-19T08:31:04.861+0000][3.822s][info ][gc,marking  ] GC(9) Concurrent Cleanup for Next Mark 3.794ms
[2025-03-19T08:31:04.861+0000][3.823s][info ][gc          ] GC(9) Concurrent Mark Cycle 50.755ms
[2025-03-19T08:31:05.117+0000][4.078s][debug][safepoint   ] Safepoint synchronization initiated using futex wait barrier. (15 threads)
[2025-03-19T08:31:05.117+0000][4.079s][info ][gc,start    ] GC(10) Pause Young (Concurrent Start) (G1 Evacuation Pause)
[2025-03-19T08:31:05.117+0000][4.079s][info ][gc,task     ] GC(10) Using 4 workers of 4 for evacuation
[2025-03-19T08:31:05.125+0000][4.087s][info ][gc,phases   ] GC(10)   Pre Evacuate Collection Set: 0.1ms
[2025-03-19T08:31:05.125+0000][4.087s][info ][gc,phases   ] GC(10)   Merge Heap Roots: 0.1ms
[2025-03-19T08:31:05.125+0000][4.087s][info ][gc,phases   ] GC(10)   Evacuate Collection Set: 7.4ms
[2025-03-19T08:31:05.125+0000][4.087s][info ][gc,phases   ] GC(10)   Post Evacuate Collection Set: 0.7ms
[2025-03-19T08:31:05.125+0000][4.087s][info ][gc,phases   ] GC(10)   Other: 0.1ms
[2025-03-19T08:31:05.125+0000][4.087s][info ][gc,heap     ] GC(10) Eden regions: 59->0(49)
[2025-03-19T08:31:05.125+0000][4.087s][info ][gc,heap     ] GC(10) Survivor regions: 6->7(9)
[2025-03-19T08:31:05.125+0000][4.087s][info ][gc,heap     ] GC(10) Old regions: 15->16
[2025-03-19T08:31:05.125+0000][4.087s][info ][gc,heap     ] GC(10) Archive regions: 2->2
[2025-03-19T08:31:05.125+0000][4.087s][info ][gc,heap     ] GC(10) Humongous regions: 0->0
[2025-03-19T08:31:05.125+0000][4.087s][info ][gc,metaspace] GC(10) Metaspace: 23365K(23744K)->23365K(23744K) NonClass: 20302K(20480K)->20302K(20480K) Class: 3063K(3264K)->3063K(3264K)
[2025-03-19T08:31:05.125+0000][4.087s][info ][gc          ] GC(10) Pause Young (Concurrent Start) (G1 Evacuation Pause) 80M->23M(94M) 8.424ms
[2025-03-19T08:31:05.125+0000][4.087s][info ][gc,cpu      ] GC(10) User=0.03s Sys=0.00s Real=0.01s
[2025-03-19T08:31:05.125+0000][4.087s][info ][gc          ] GC(11) Concurrent Mark Cycle
[2025-03-19T08:31:05.125+0000][4.087s][info ][gc,marking  ] GC(11) Concurrent Clear Claimed Marks
[2025-03-19T08:31:05.125+0000][4.087s][info ][safepoint   ] Safepoint "G1CollectForAllocation", Time since last: 259696621 ns, Reaching safepoint: 112950 ns, Cleanup: 71325 ns, At safepoint: 8471980 ns, Total: 8656255 ns
[2025-03-19T08:31:05.125+0000][4.087s][info ][gc,marking  ] GC(11) Concurrent Clear Claimed Marks 0.032ms
[2025-03-19T08:31:05.125+0000][4.087s][info ][gc,marking  ] GC(11) Concurrent Scan Root Regions
[2025-03-19T08:31:05.135+0000][4.097s][info ][gc,marking  ] GC(11) Concurrent Scan Root Regions 9.992ms
[2025-03-19T08:31:05.135+0000][4.097s][info ][gc,marking  ] GC(11) Concurrent Mark
[2025-03-19T08:31:05.135+0000][4.097s][info ][gc,marking  ] GC(11) Concurrent Mark From Roots
[2025-03-19T08:31:05.135+0000][4.097s][info ][gc,task     ] GC(11) Using 1 workers of 1 for marking
[2025-03-19T08:31:05.162+0000][4.123s][info ][gc,marking  ] GC(11) Concurrent Mark From Roots 26.075ms
[2025-03-19T08:31:05.162+0000][4.123s][info ][gc,marking  ] GC(11) Concurrent Preclean
[2025-03-19T08:31:05.162+0000][4.124s][info ][gc,marking  ] GC(11) Concurrent Preclean 0.295ms
[2025-03-19T08:31:05.164+0000][4.125s][debug][safepoint   ] Safepoint synchronization initiated using futex wait barrier. (15 threads)
[2025-03-19T08:31:05.164+0000][4.125s][debug][safepoint   ] ... found polling page loop exception at pc = 0x0000735b990d7471, stub =0x0000735b9898f400
[2025-03-19T08:31:05.164+0000][4.125s][info ][gc,start    ] GC(11) Pause Remark
[2025-03-19T08:31:05.169+0000][4.131s][info ][gc          ] GC(11) Pause Remark 29M->29M(94M) 5.611ms
[2025-03-19T08:31:05.169+0000][4.131s][info ][gc,cpu      ] GC(11) User=0.02s Sys=0.00s Real=0.01s
[2025-03-19T08:31:05.169+0000][4.131s][info ][safepoint   ] Safepoint "G1PauseRemark", Time since last: 38132239 ns, Reaching safepoint: 175677 ns, Cleanup: 17222 ns, At safepoint: 5705765 ns, Total: 5898664 ns
[2025-03-19T08:31:05.171+0000][4.133s][info ][gc,marking  ] GC(11) Concurrent Mark 35.493ms
[2025-03-19T08:31:05.171+0000][4.133s][info ][gc,marking  ] GC(11) Concurrent Rebuild Remembered Sets
[2025-03-19T08:31:05.192+0000][4.154s][info ][gc,marking  ] GC(11) Concurrent Rebuild Remembered Sets 20.996ms
[2025-03-19T08:31:05.195+0000][4.157s][debug][safepoint   ] Safepoint synchronization initiated using futex wait barrier. (15 threads)
[2025-03-19T08:31:05.196+0000][4.157s][info ][gc,start    ] GC(11) Pause Cleanup
[2025-03-19T08:31:05.196+0000][4.157s][info ][gc          ] GC(11) Pause Cleanup 31M->31M(94M) 0.092ms
[2025-03-19T08:31:05.196+0000][4.157s][info ][gc,cpu      ] GC(11) User=0.00s Sys=0.00s Real=0.00s
[2025-03-19T08:31:05.196+0000][4.157s][info ][safepoint   ] Safepoint "G1PauseCleanup", Time since last: 22645521 ns, Reaching safepoint: 3520449 ns, Cleanup: 13843 ns, At safepoint: 126920 ns, Total: 3661212 ns
[2025-03-19T08:31:05.197+0000][4.159s][info ][gc,marking  ] GC(11) Concurrent Cleanup for Next Mark
[2025-03-19T08:31:05.198+0000][4.160s][info ][gc,marking  ] GC(11) Concurrent Cleanup for Next Mark 1.135ms
[2025-03-19T08:31:05.198+0000][4.160s][info ][gc          ] GC(11) Concurrent Mark Cycle 72.817ms
[2025-03-19T08:31:05.401+0000][4.363s][debug][safepoint   ] Safepoint synchronization initiated using futex wait barrier. (14 threads)
[2025-03-19T08:31:05.401+0000][4.363s][info ][gc,start    ] GC(12) Pause Young (Normal) (G1 Evacuation Pause)
[2025-03-19T08:31:05.401+0000][4.363s][info ][gc,task     ] GC(12) Using 3 workers of 4 for evacuation
[2025-03-19T08:31:05.409+0000][4.371s][info ][gc,phases   ] GC(12)   Pre Evacuate Collection Set: 0.1ms
[2025-03-19T08:31:05.409+0000][4.371s][info ][gc,phases   ] GC(12)   Merge Heap Roots: 0.1ms
[2025-03-19T08:31:05.409+0000][4.371s][info ][gc,phases   ] GC(12)   Evacuate Collection Set: 7.2ms
[2025-03-19T08:31:05.409+0000][4.371s][info ][gc,phases   ] GC(12)   Post Evacuate Collection Set: 0.8ms
[2025-03-19T08:31:05.409+0000][4.371s][info ][gc,phases   ] GC(12)   Other: 0.1ms
[2025-03-19T08:31:05.410+0000][4.371s][info ][gc,heap     ] GC(12) Eden regions: 49->0(48)
[2025-03-19T08:31:05.410+0000][4.371s][info ][gc,heap     ] GC(12) Survivor regions: 7->7(7)
[2025-03-19T08:31:05.410+0000][4.371s][info ][gc,heap     ] GC(12) Old regions: 16->19
[2025-03-19T08:31:05.410+0000][4.371s][info ][gc,heap     ] GC(12) Archive regions: 2->2
[2025-03-19T08:31:05.410+0000][4.371s][info ][gc,heap     ] GC(12) Humongous regions: 0->0
[2025-03-19T08:31:05.410+0000][4.371s][info ][gc,metaspace] GC(12) Metaspace: 24413K(24768K)->24413K(24768K) NonClass: 21226K(21376K)->21226K(21376K) Class: 3187K(3392K)->3187K(3392K)
[2025-03-19T08:31:05.410+0000][4.371s][info ][gc          ] GC(12) Pause Young (Normal) (G1 Evacuation Pause) 72M->26M(94M) 8.303ms
[2025-03-19T08:31:05.410+0000][4.371s][info ][gc,cpu      ] GC(12) User=0.03s Sys=0.00s Real=0.01s
[2025-03-19T08:31:05.410+0000][4.371s][info ][safepoint   ] Safepoint "G1CollectForAllocation", Time since last: 205342138 ns, Reaching safepoint: 50996 ns, Cleanup: 90818 ns, At safepoint: 8354187 ns, Total: 8496001 ns
[2025-03-19T08:31:05.540+0000][4.501s][debug][safepoint   ] Safepoint synchronization initiated using futex wait barrier. (14 threads)
[2025-03-19T08:31:05.540+0000][4.502s][info ][gc,start    ] GC(13) Pause Young (Normal) (G1 Evacuation Pause)
[2025-03-19T08:31:05.540+0000][4.502s][info ][gc,task     ] GC(13) Using 2 workers of 4 for evacuation
[2025-03-19T08:31:05.557+0000][4.519s][info ][gc,phases   ] GC(13)   Pre Evacuate Collection Set: 0.1ms
[2025-03-19T08:31:05.557+0000][4.519s][info ][gc,phases   ] GC(13)   Merge Heap Roots: 0.0ms
[2025-03-19T08:31:05.557+0000][4.519s][info ][gc,phases   ] GC(13)   Evacuate Collection Set: 16.2ms
[2025-03-19T08:31:05.557+0000][4.519s][info ][gc,phases   ] GC(13)   Post Evacuate Collection Set: 0.9ms
[2025-03-19T08:31:05.557+0000][4.519s][info ][gc,phases   ] GC(13)   Other: 0.1ms
[2025-03-19T08:31:05.557+0000][4.519s][info ][gc,heap     ] GC(13) Eden regions: 48->0(39)
[2025-03-19T08:31:05.557+0000][4.519s][info ][gc,heap     ] GC(13) Survivor regions: 7->7(7)
[2025-03-19T08:31:05.557+0000][4.519s][info ][gc,heap     ] GC(13) Old regions: 19->27
[2025-03-19T08:31:05.557+0000][4.519s][info ][gc,heap     ] GC(13) Archive regions: 2->2
[2025-03-19T08:31:05.557+0000][4.519s][info ][gc,heap     ] GC(13) Humongous regions: 0->0
[2025-03-19T08:31:05.557+0000][4.519s][info ][gc,metaspace] GC(13) Metaspace: 24441K(24832K)->24441K(24832K) NonClass: 21246K(21440K)->21246K(21440K) Class: 3194K(3392K)->3194K(3392K)
[2025-03-19T08:31:05.557+0000][4.519s][info ][gc          ] GC(13) Pause Young (Normal) (G1 Evacuation Pause) 74M->33M(94M) 17.364ms
[2025-03-19T08:31:05.557+0000][4.519s][info ][gc,cpu      ] GC(13) User=0.04s Sys=0.00s Real=0.02s
[2025-03-19T08:31:05.557+0000][4.519s][info ][safepoint   ] Safepoint "G1CollectForAllocation", Time since last: 130284932 ns, Reaching safepoint: 48193 ns, Cleanup: 20212 ns, At safepoint: 17408863 ns, Total: 17477268 ns
[2025-03-19T08:31:05.664+0000][4.626s][debug][safepoint   ] Safepoint synchronization initiated using futex wait barrier. (14 threads)
[2025-03-19T08:31:05.664+0000][4.626s][info ][gc,start    ] GC(14) Pause Young (Normal) (G1 Evacuation Pause)
[2025-03-19T08:31:05.664+0000][4.626s][info ][gc,task     ] GC(14) Using 2 workers of 4 for evacuation
[2025-03-19T08:31:05.680+0000][4.641s][info ][gc,phases   ] GC(14)   Pre Evacuate Collection Set: 0.0ms
[2025-03-19T08:31:05.680+0000][4.641s][info ][gc,phases   ] GC(14)   Merge Heap Roots: 0.1ms
[2025-03-19T08:31:05.680+0000][4.641s][info ][gc,phases   ] GC(14)   Evacuate Collection Set: 14.0ms
[2025-03-19T08:31:05.680+0000][4.641s][info ][gc,phases   ] GC(14)   Post Evacuate Collection Set: 1.0ms
[2025-03-19T08:31:05.680+0000][4.641s][info ][gc,phases   ] GC(14)   Other: 0.1ms
[2025-03-19T08:31:05.680+0000][4.641s][info ][gc,heap     ] GC(14) Eden regions: 39->0(35)
[2025-03-19T08:31:05.680+0000][4.641s][info ][gc,heap     ] GC(14) Survivor regions: 7->5(6)
[2025-03-19T08:31:05.680+0000][4.641s][info ][gc,heap     ] GC(14) Old regions: 27->32
[2025-03-19T08:31:05.680+0000][4.641s][info ][gc,heap     ] GC(14) Archive regions: 2->2
[2025-03-19T08:31:05.680+0000][4.641s][info ][gc,heap     ] GC(14) Humongous regions: 0->0
[2025-03-19T08:31:05.680+0000][4.641s][info ][gc,metaspace] GC(14) Metaspace: 24482K(24832K)->24482K(24832K) NonClass: 21283K(21440K)->21283K(21440K) Class: 3198K(3392K)->3198K(3392K)
[2025-03-19T08:31:05.680+0000][4.641s][info ][gc          ] GC(14) Pause Young (Normal) (G1 Evacuation Pause) 72M->37M(94M) 15.292ms
[2025-03-19T08:31:05.680+0000][4.641s][info ][gc,cpu      ] GC(14) User=0.05s Sys=0.00s Real=0.01s
[2025-03-19T08:31:05.680+0000][4.641s][info ][safepoint   ] Safepoint "G1CollectForAllocation", Time since last: 107042298 ns, Reaching safepoint: 39176 ns, Cleanup: 28174 ns, At safepoint: 15332532 ns, Total: 15399882 ns
[2025-03-19T08:31:05.790+0000][4.752s][debug][safepoint   ] Safepoint synchronization initiated using futex wait barrier. (14 threads)
[2025-03-19T08:31:05.790+0000][4.752s][info ][gc,start    ] GC(15) Pause Young (Normal) (G1 Evacuation Pause)
[2025-03-19T08:31:05.790+0000][4.752s][info ][gc,task     ] GC(15) Using 2 workers of 4 for evacuation
[2025-03-19T08:31:05.805+0000][4.766s][info ][gc,phases   ] GC(15)   Pre Evacuate Collection Set: 0.0ms
[2025-03-19T08:31:05.805+0000][4.766s][info ][gc,phases   ] GC(15)   Merge Heap Roots: 0.0ms
[2025-03-19T08:31:05.805+0000][4.766s][info ][gc,phases   ] GC(15)   Evacuate Collection Set: 13.6ms
[2025-03-19T08:31:05.805+0000][4.766s][info ][gc,phases   ] GC(15)   Post Evacuate Collection Set: 0.9ms
[2025-03-19T08:31:05.805+0000][4.766s][info ][gc,phases   ] GC(15)   Other: 0.1ms
[2025-03-19T08:31:05.805+0000][4.766s][info ][gc,heap     ] GC(15) Eden regions: 35->0(31)
[2025-03-19T08:31:05.805+0000][4.766s][info ][gc,heap     ] GC(15) Survivor regions: 5->4(5)
[2025-03-19T08:31:05.805+0000][4.766s][info ][gc,heap     ] GC(15) Old regions: 32->38
[2025-03-19T08:31:05.805+0000][4.766s][info ][gc,heap     ] GC(15) Archive regions: 2->2
[2025-03-19T08:31:05.805+0000][4.766s][info ][gc,heap     ] GC(15) Humongous regions: 0->0
[2025-03-19T08:31:05.805+0000][4.766s][info ][gc,metaspace] GC(15) Metaspace: 24594K(24960K)->24594K(24960K) NonClass: 21385K(21568K)->21385K(21568K) Class: 3209K(3392K)->3209K(3392K)
[2025-03-19T08:31:05.805+0000][4.766s][info ][gc          ] GC(15) Pause Young (Normal) (G1 Evacuation Pause) 72M->42M(94M) 14.808ms
[2025-03-19T08:31:05.805+0000][4.766s][info ][gc,cpu      ] GC(15) User=0.04s Sys=0.00s Real=0.02s
[2025-03-19T08:31:05.805+0000][4.766s][info ][safepoint   ] Safepoint "G1CollectForAllocation", Time since last: 110147534 ns, Reaching safepoint: 47261 ns, Cleanup: 41724 ns, At safepoint: 14855149 ns, Total: 14944134 ns
[2025-03-19T08:31:05.916+0000][4.878s][debug][safepoint   ] ... found polling page loop exception at pc = 0x0000735b98f0766f, stub =0x0000735b9898f400
[2025-03-19T08:31:05.941+0000][4.903s][debug][safepoint   ] Safepoint synchronization initiated using futex wait barrier. (14 threads)
[2025-03-19T08:31:05.947+0000][4.909s][info ][gc,start    ] GC(16) Pause Young (Normal) (G1 Evacuation Pause)
[2025-03-19T08:31:05.947+0000][4.909s][info ][gc,task     ] GC(16) Using 2 workers of 4 for evacuation
[2025-03-19T08:31:05.959+0000][4.920s][info ][gc,phases   ] GC(16)   Pre Evacuate Collection Set: 0.1ms
[2025-03-19T08:31:05.959+0000][4.920s][info ][gc,phases   ] GC(16)   Merge Heap Roots: 0.1ms
[2025-03-19T08:31:05.959+0000][4.920s][info ][gc,phases   ] GC(16)   Evacuate Collection Set: 8.8ms
[2025-03-19T08:31:05.959+0000][4.920s][info ][gc,phases   ] GC(16)   Post Evacuate Collection Set: 2.2ms
[2025-03-19T08:31:05.959+0000][4.920s][info ][gc,phases   ] GC(16)   Other: 0.2ms
[2025-03-19T08:31:05.959+0000][4.920s][info ][gc,heap     ] GC(16) Eden regions: 31->0(96)
[2025-03-19T08:31:05.959+0000][4.920s][info ][gc,heap     ] GC(16) Survivor regions: 4->3(5)
[2025-03-19T08:31:05.959+0000][4.920s][info ][gc,heap     ] GC(16) Old regions: 38->41
[2025-03-19T08:31:05.959+0000][4.920s][info ][gc,heap     ] GC(16) Archive regions: 2->2
[2025-03-19T08:31:05.959+0000][4.920s][info ][gc,heap     ] GC(16) Humongous regions: 0->0
[2025-03-19T08:31:05.959+0000][4.920s][info ][gc,metaspace] GC(16) Metaspace: 24734K(25088K)->24734K(25088K) NonClass: 21494K(21696K)->21494K(21696K) Class: 3239K(3392K)->3239K(3392K)
[2025-03-19T08:31:05.959+0000][4.920s][info ][gc          ] GC(16) Pause Young (Normal) (G1 Evacuation Pause) 73M->44M(188M) 11.489ms
[2025-03-19T08:31:05.959+0000][4.920s][info ][gc,cpu      ] GC(16) User=0.04s Sys=0.00s Real=0.01s
[2025-03-19T08:31:05.959+0000][4.920s][info ][safepoint   ] Safepoint "G1CollectForAllocation", Time since last: 136301373 ns, Reaching safepoint: 6009398 ns, Cleanup: 52792 ns, At safepoint: 11563436 ns, Total: 17625626 ns
[2025-03-19T08:31:06.440+0000][5.402s][debug][safepoint   ] Safepoint synchronization initiated using futex wait barrier. (14 threads)
[2025-03-19T08:31:06.440+0000][5.402s][info ][gc,start    ] GC(17) Pause Young (Normal) (G1 Evacuation Pause)
[2025-03-19T08:31:06.440+0000][5.402s][info ][gc,task     ] GC(17) Using 4 workers of 4 for evacuation
[2025-03-19T08:31:06.451+0000][5.413s][info ][gc,phases   ] GC(17)   Pre Evacuate Collection Set: 0.1ms
[2025-03-19T08:31:06.451+0000][5.413s][info ][gc,phases   ] GC(17)   Merge Heap Roots: 0.1ms
[2025-03-19T08:31:06.451+0000][5.413s][info ][gc,phases   ] GC(17)   Evacuate Collection Set: 9.9ms
[2025-03-19T08:31:06.451+0000][5.413s][info ][gc,phases   ] GC(17)   Post Evacuate Collection Set: 0.7ms
[2025-03-19T08:31:06.451+0000][5.413s][info ][gc,phases   ] GC(17)   Other: 0.1ms
[2025-03-19T08:31:06.451+0000][5.413s][info ][gc,heap     ] GC(17) Eden regions: 96->0(91)
[2025-03-19T08:31:06.451+0000][5.413s][info ][gc,heap     ] GC(17) Survivor regions: 3->9(13)
[2025-03-19T08:31:06.451+0000][5.413s][info ][gc,heap     ] GC(17) Old regions: 41->41
[2025-03-19T08:31:06.451+0000][5.413s][info ][gc,heap     ] GC(17) Archive regions: 2->2
[2025-03-19T08:31:06.451+0000][5.413s][info ][gc,heap     ] GC(17) Humongous regions: 0->0
[2025-03-19T08:31:06.451+0000][5.413s][info ][gc,metaspace] GC(17) Metaspace: 25099K(25472K)->25099K(25472K) NonClass: 21835K(22016K)->21835K(22016K) Class: 3263K(3456K)->3263K(3456K)
[2025-03-19T08:31:06.451+0000][5.413s][info ][gc          ] GC(17) Pause Young (Normal) (G1 Evacuation Pause) 140M->50M(188M) 10.932ms
[2025-03-19T08:31:06.451+0000][5.413s][info ][gc,cpu      ] GC(17) User=0.04s Sys=0.00s Real=0.01s
[2025-03-19T08:31:06.451+0000][5.413s][info ][safepoint   ] Safepoint "G1CollectForAllocation", Time since last: 481273909 ns, Reaching safepoint: 49437 ns, Cleanup: 102919 ns, At safepoint: 11143659 ns, Total: 11296015 ns
[2025-03-19T08:31:06.864+0000][5.825s][debug][safepoint   ] Safepoint synchronization initiated using futex wait barrier. (14 threads)
[2025-03-19T08:31:06.864+0000][5.826s][info ][gc,start    ] GC(18) Pause Young (Normal) (G1 Evacuation Pause)
[2025-03-19T08:31:06.864+0000][5.826s][info ][gc,task     ] GC(18) Using 4 workers of 4 for evacuation
[2025-03-19T08:31:06.877+0000][5.839s][info ][gc,phases   ] GC(18)   Pre Evacuate Collection Set: 0.1ms
[2025-03-19T08:31:06.877+0000][5.839s][info ][gc,phases   ] GC(18)   Merge Heap Roots: 0.1ms
[2025-03-19T08:31:06.877+0000][5.839s][info ][gc,phases   ] GC(18)   Evacuate Collection Set: 11.8ms
[2025-03-19T08:31:06.877+0000][5.839s][info ][gc,phases   ] GC(18)   Post Evacuate Collection Set: 1.1ms
[2025-03-19T08:31:06.877+0000][5.839s][info ][gc,phases   ] GC(18)   Other: 0.1ms
[2025-03-19T08:31:06.877+0000][5.839s][info ][gc,heap     ] GC(18) Eden regions: 91->0(91)
[2025-03-19T08:31:06.877+0000][5.839s][info ][gc,heap     ] GC(18) Survivor regions: 9->10(13)
[2025-03-19T08:31:06.877+0000][5.839s][info ][gc,heap     ] GC(18) Old regions: 41->44
[2025-03-19T08:31:06.877+0000][5.839s][info ][gc,heap     ] GC(18) Archive regions: 2->2
[2025-03-19T08:31:06.877+0000][5.839s][info ][gc,heap     ] GC(18) Humongous regions: 0->0
[2025-03-19T08:31:06.877+0000][5.839s][info ][gc,metaspace] GC(18) Metaspace: 25147K(25536K)->25147K(25536K) NonClass: 21879K(22080K)->21879K(22080K) Class: 3268K(3456K)->3268K(3456K)
[2025-03-19T08:31:06.877+0000][5.839s][info ][gc          ] GC(18) Pause Young (Normal) (G1 Evacuation Pause) 141M->54M(188M) 13.229ms
[2025-03-19T08:31:06.877+0000][5.839s][info ][gc,cpu      ] GC(18) User=0.05s Sys=0.00s Real=0.01s
[2025-03-19T08:31:06.877+0000][5.839s][info ][safepoint   ] Safepoint "G1CollectForAllocation", Time since last: 412480959 ns, Reaching safepoint: 45157 ns, Cleanup: 87651 ns, At safepoint: 13301942 ns, Total: 13434750 ns
[2025-03-19T08:31:07.211+0000][6.173s][debug][safepoint   ] Safepoint synchronization initiated using futex wait barrier. (15 threads)
[2025-03-19T08:31:07.211+0000][6.173s][info ][gc,start    ] GC(19) Pause Young (Normal) (G1 Evacuation Pause)
[2025-03-19T08:31:07.211+0000][6.173s][info ][gc,task     ] GC(19) Using 4 workers of 4 for evacuation
[2025-03-19T08:31:07.223+0000][6.184s][info ][gc,phases   ] GC(19)   Pre Evacuate Collection Set: 0.1ms
[2025-03-19T08:31:07.223+0000][6.184s][info ][gc,phases   ] GC(19)   Merge Heap Roots: 0.1ms
[2025-03-19T08:31:07.223+0000][6.184s][info ][gc,phases   ] GC(19)   Evacuate Collection Set: 10.1ms
[2025-03-19T08:31:07.223+0000][6.184s][info ][gc,phases   ] GC(19)   Post Evacuate Collection Set: 1.1ms
[2025-03-19T08:31:07.223+0000][6.184s][info ][gc,phases   ] GC(19)   Other: 0.1ms
[2025-03-19T08:31:07.223+0000][6.184s][info ][gc,heap     ] GC(19) Eden regions: 91->0(93)
[2025-03-19T08:31:07.223+0000][6.184s][info ][gc,heap     ] GC(19) Survivor regions: 10->6(13)
[2025-03-19T08:31:07.223+0000][6.184s][info ][gc,heap     ] GC(19) Old regions: 44->50
[2025-03-19T08:31:07.223+0000][6.184s][info ][gc,heap     ] GC(19) Archive regions: 2->2
[2025-03-19T08:31:07.223+0000][6.184s][info ][gc,heap     ] GC(19) Humongous regions: 0->0
[2025-03-19T08:31:07.223+0000][6.184s][info ][gc,metaspace] GC(19) Metaspace: 26369K(26688K)->26369K(26688K) NonClass: 23007K(23168K)->23007K(23168K) Class: 3362K(3520K)->3362K(3520K)
[2025-03-19T08:31:07.223+0000][6.184s][info ][gc          ] GC(19) Pause Young (Normal) (G1 Evacuation Pause) 145M->56M(188M) 11.483ms
[2025-03-19T08:31:07.223+0000][6.184s][info ][gc,cpu      ] GC(19) User=0.04s Sys=0.01s Real=0.01s
[2025-03-19T08:31:07.223+0000][6.184s][info ][safepoint   ] Safepoint "G1CollectForAllocation", Time since last: 333881763 ns, Reaching safepoint: 118088 ns, Cleanup: 64062 ns, At safepoint: 11528633 ns, Total: 11710783 ns
[2025-03-19T08:31:07.446+0000][6.408s][debug][safepoint   ] Safepoint synchronization initiated using futex wait barrier. (15 threads)
[2025-03-19T08:31:07.446+0000][6.408s][info ][gc,start    ] GC(20) Pause Young (Normal) (G1 Evacuation Pause)
[2025-03-19T08:31:07.446+0000][6.408s][info ][gc,task     ] GC(20) Using 4 workers of 4 for evacuation
[2025-03-19T08:31:07.453+0000][6.415s][info ][gc,phases   ] GC(20)   Pre Evacuate Collection Set: 0.1ms
[2025-03-19T08:31:07.453+0000][6.415s][info ][gc,phases   ] GC(20)   Merge Heap Roots: 0.1ms
[2025-03-19T08:31:07.453+0000][6.415s][info ][gc,phases   ] GC(20)   Evacuate Collection Set: 5.0ms
[2025-03-19T08:31:07.453+0000][6.415s][info ][gc,phases   ] GC(20)   Post Evacuate Collection Set: 1.8ms
[2025-03-19T08:31:07.453+0000][6.415s][info ][gc,phases   ] GC(20)   Other: 0.1ms
[2025-03-19T08:31:07.453+0000][6.415s][info ][gc,heap     ] GC(20) Eden regions: 93->0(141)
[2025-03-19T08:31:07.453+0000][6.415s][info ][gc,heap     ] GC(20) Survivor regions: 6->6(13)
[2025-03-19T08:31:07.453+0000][6.415s][info ][gc,heap     ] GC(20) Old regions: 50->50
[2025-03-19T08:31:07.453+0000][6.415s][info ][gc,heap     ] GC(20) Archive regions: 2->2
[2025-03-19T08:31:07.453+0000][6.415s][info ][gc,heap     ] GC(20) Humongous regions: 0->0
[2025-03-19T08:31:07.453+0000][6.415s][info ][gc,metaspace] GC(20) Metaspace: 26841K(27200K)->26841K(27200K) NonClass: 23437K(23616K)->23437K(23616K) Class: 3403K(3584K)->3403K(3584K)
[2025-03-19T08:31:07.453+0000][6.415s][info ][gc          ] GC(20) Pause Young (Normal) (G1 Evacuation Pause) 149M->56M(246M) 7.146ms
[2025-03-19T08:31:07.453+0000][6.415s][info ][gc,cpu      ] GC(20) User=0.01s Sys=0.00s Real=0.00s
[2025-03-19T08:31:07.454+0000][6.415s][info ][safepoint   ] Safepoint "G1CollectForAllocation", Time since last: 223377142 ns, Reaching safepoint: 36488 ns, Cleanup: 12794 ns, At safepoint: 7202652 ns, Total: 7251934 ns
[2025-03-19T08:31:08.163+0000][7.124s][debug][safepoint   ] Safepoint synchronization initiated using futex wait barrier. (14 threads)
[2025-03-19T08:31:08.163+0000][7.124s][info ][safepoint   ] Safepoint "ICBufferFull", Time since last: 709116091 ns, Reaching safepoint: 69796 ns, Cleanup: 97214 ns, At safepoint: 3214 ns, Total: 170224 ns
[2025-03-19T08:31:08.194+0000][7.156s][debug][safepoint   ] Safepoint synchronization initiated using futex wait barrier. (14 threads)
[2025-03-19T08:31:08.194+0000][7.156s][info ][gc,start    ] GC(21) Pause Young (Normal) (G1 Evacuation Pause)
[2025-03-19T08:31:08.194+0000][7.156s][info ][gc,task     ] GC(21) Using 4 workers of 4 for evacuation
[2025-03-19T08:31:08.201+0000][7.162s][info ][gc,phases   ] GC(21)   Pre Evacuate Collection Set: 0.1ms
[2025-03-19T08:31:08.201+0000][7.163s][info ][gc,phases   ] GC(21)   Merge Heap Roots: 0.1ms
[2025-03-19T08:31:08.201+0000][7.163s][info ][gc,phases   ] GC(21)   Evacuate Collection Set: 5.3ms
[2025-03-19T08:31:08.201+0000][7.163s][info ][gc,phases   ] GC(21)   Post Evacuate Collection Set: 1.0ms
[2025-03-19T08:31:08.201+0000][7.163s][info ][gc,phases   ] GC(21)   Other: 0.1ms
[2025-03-19T08:31:08.201+0000][7.163s][info ][gc,heap     ] GC(21) Eden regions: 141->0(138)
[2025-03-19T08:31:08.201+0000][7.163s][info ][gc,heap     ] GC(21) Survivor regions: 6->9(19)
[2025-03-19T08:31:08.201+0000][7.163s][info ][gc,heap     ] GC(21) Old regions: 50->50
[2025-03-19T08:31:08.201+0000][7.163s][info ][gc,heap     ] GC(21) Archive regions: 2->2
[2025-03-19T08:31:08.201+0000][7.163s][info ][gc,heap     ] GC(21) Humongous regions: 0->0
[2025-03-19T08:31:08.201+0000][7.163s][info ][gc,metaspace] GC(21) Metaspace: 33655K(34048K)->33655K(34048K) NonClass: 29481K(29696K)->29481K(29696K) Class: 4173K(4352K)->4173K(4352K)
[2025-03-19T08:31:08.201+0000][7.163s][info ][gc          ] GC(21) Pause Young (Normal) (G1 Evacuation Pause) 197M->59M(246M) 6.736ms
[2025-03-19T08:31:08.201+0000][7.163s][info ][gc,cpu      ] GC(21) User=0.02s Sys=0.00s Real=0.00s
[2025-03-19T08:31:08.201+0000][7.163s][info ][safepoint   ] Safepoint "G1CollectForAllocation", Time since last: 31382195 ns, Reaching safepoint: 43288 ns, Cleanup: 19495 ns, At safepoint: 6797153 ns, Total: 6859936 ns
[2025-03-19T08:31:08.934+0000][7.895s][debug][safepoint   ] Safepoint synchronization initiated using futex wait barrier. (14 threads)
[2025-03-19T08:31:08.934+0000][7.895s][debug][safepoint   ] ... found polling page loop exception at pc = 0x0000735b991b65ca, stub =0x0000735b9898f400
[2025-03-19T08:31:08.934+0000][7.896s][info ][safepoint   ] Safepoint "ICBufferFull", Time since last: 732741048 ns, Reaching safepoint: 114003 ns, Cleanup: 162301 ns, At safepoint: 6767 ns, Total: 283071 ns
[2025-03-19T08:31:08.959+0000][7.920s][debug][safepoint   ] Safepoint synchronization initiated using futex wait barrier. (14 threads)
[2025-03-19T08:31:08.959+0000][7.920s][info ][gc,start    ] GC(22) Pause Young (Normal) (G1 Evacuation Pause)
[2025-03-19T08:31:08.959+0000][7.920s][info ][gc,task     ] GC(22) Using 4 workers of 4 for evacuation
[2025-03-19T08:31:08.968+0000][7.930s][info ][gc,phases   ] GC(22)   Pre Evacuate Collection Set: 0.1ms
[2025-03-19T08:31:08.968+0000][7.930s][info ][gc,phases   ] GC(22)   Merge Heap Roots: 0.1ms
[2025-03-19T08:31:08.968+0000][7.930s][info ][gc,phases   ] GC(22)   Evacuate Collection Set: 8.2ms
[2025-03-19T08:31:08.968+0000][7.930s][info ][gc,phases   ] GC(22)   Post Evacuate Collection Set: 0.9ms
[2025-03-19T08:31:08.968+0000][7.930s][info ][gc,phases   ] GC(22)   Other: 0.1ms
[2025-03-19T08:31:08.968+0000][7.930s][info ][gc,heap     ] GC(22) Eden regions: 138->0(139)
[2025-03-19T08:31:08.968+0000][7.930s][info ][gc,heap     ] GC(22) Survivor regions: 9->8(19)
[2025-03-19T08:31:08.968+0000][7.930s][info ][gc,heap     ] GC(22) Old regions: 50->50
[2025-03-19T08:31:08.968+0000][7.930s][info ][gc,heap     ] GC(22) Archive regions: 2->2
[2025-03-19T08:31:08.968+0000][7.930s][info ][gc,heap     ] GC(22) Humongous regions: 0->0
[2025-03-19T08:31:08.968+0000][7.930s][info ][gc,metaspace] GC(22) Metaspace: 35012K(35392K)->35012K(35392K) NonClass: 30651K(30848K)->30651K(30848K) Class: 4360K(4544K)->4360K(4544K)
[2025-03-19T08:31:08.968+0000][7.930s][info ][gc          ] GC(22) Pause Young (Normal) (G1 Evacuation Pause) 197M->58M(246M) 9.415ms
[2025-03-19T08:31:08.968+0000][7.930s][info ][gc,cpu      ] GC(22) User=0.04s Sys=0.00s Real=0.01s
[2025-03-19T08:31:08.968+0000][7.930s][info ][safepoint   ] Safepoint "G1CollectForAllocation", Time since last: 24503600 ns, Reaching safepoint: 45946 ns, Cleanup: 72647 ns, At safepoint: 9464599 ns, Total: 9583192 ns
[2025-03-19T08:31:09.640+0000][8.602s][debug][safepoint   ] Safepoint synchronization initiated using futex wait barrier. (14 threads)
[2025-03-19T08:31:09.641+0000][8.602s][info ][gc,start    ] GC(23) Pause Young (Normal) (G1 Evacuation Pause)
[2025-03-19T08:31:09.641+0000][8.602s][info ][gc,task     ] GC(23) Using 4 workers of 4 for evacuation
[2025-03-19T08:31:09.655+0000][8.616s][info ][gc,phases   ] GC(23)   Pre Evacuate Collection Set: 1.4ms
[2025-03-19T08:31:09.655+0000][8.616s][info ][gc,phases   ] GC(23)   Merge Heap Roots: 0.2ms
[2025-03-19T08:31:09.655+0000][8.616s][info ][gc,phases   ] GC(23)   Evacuate Collection Set: 11.3ms
[2025-03-19T08:31:09.655+0000][8.616s][info ][gc,phases   ] GC(23)   Post Evacuate Collection Set: 1.2ms
[2025-03-19T08:31:09.655+0000][8.616s][info ][gc,phases   ] GC(23)   Other: 0.1ms
[2025-03-19T08:31:09.655+0000][8.616s][info ][gc,heap     ] GC(23) Eden regions: 139->0(137)
[2025-03-19T08:31:09.655+0000][8.616s][info ][gc,heap     ] GC(23) Survivor regions: 8->10(19)
[2025-03-19T08:31:09.655+0000][8.616s][info ][gc,heap     ] GC(23) Old regions: 50->50
[2025-03-19T08:31:09.655+0000][8.616s][info ][gc,heap     ] GC(23) Archive regions: 2->2
[2025-03-19T08:31:09.655+0000][8.616s][info ][gc,heap     ] GC(23) Humongous regions: 0->0
[2025-03-19T08:31:09.655+0000][8.616s][info ][gc,metaspace] GC(23) Metaspace: 38826K(39232K)->38826K(39232K) NonClass: 33925K(34112K)->33925K(34112K) Class: 4901K(5120K)->4901K(5120K)
[2025-03-19T08:31:09.655+0000][8.616s][info ][gc          ] GC(23) Pause Young (Normal) (G1 Evacuation Pause) 197M->60M(246M) 14.238ms
[2025-03-19T08:31:09.655+0000][8.616s][info ][gc,cpu      ] GC(23) User=0.05s Sys=0.00s Real=0.02s
[2025-03-19T08:31:09.655+0000][8.616s][info ][safepoint   ] Safepoint "G1CollectForAllocation", Time since last: 672306896 ns, Reaching safepoint: 47051 ns, Cleanup: 98411 ns, At safepoint: 14294078 ns, Total: 14439540 ns
[2025-03-19T08:31:09.909+0000][8.871s][debug][safepoint   ] Safepoint synchronization initiated using futex wait barrier. (14 threads)
[2025-03-19T08:31:09.909+0000][8.871s][info ][gc,start    ] GC(24) Pause Young (Concurrent Start) (Metadata GC Threshold)
[2025-03-19T08:31:09.909+0000][8.871s][info ][gc,task     ] GC(24) Using 4 workers of 4 for evacuation
[2025-03-19T08:31:09.922+0000][8.884s][info ][gc,phases   ] GC(24)   Pre Evacuate Collection Set: 0.1ms
[2025-03-19T08:31:09.922+0000][8.884s][info ][gc,phases   ] GC(24)   Merge Heap Roots: 0.1ms
[2025-03-19T08:31:09.922+0000][8.884s][info ][gc,phases   ] GC(24)   Evacuate Collection Set: 10.7ms
[2025-03-19T08:31:09.922+0000][8.884s][info ][gc,phases   ] GC(24)   Post Evacuate Collection Set: 1.9ms
[2025-03-19T08:31:09.922+0000][8.884s][info ][gc,phases   ] GC(24)   Other: 0.1ms
[2025-03-19T08:31:09.922+0000][8.884s][info ][gc,heap     ] GC(24) Eden regions: 42->0(136)
[2025-03-19T08:31:09.922+0000][8.884s][info ][gc,heap     ] GC(24) Survivor regions: 10->11(19)
[2025-03-19T08:31:09.922+0000][8.884s][info ][gc,heap     ] GC(24) Old regions: 50->50
[2025-03-19T08:31:09.922+0000][8.884s][info ][gc,heap     ] GC(24) Archive regions: 2->2
[2025-03-19T08:31:09.922+0000][8.884s][info ][gc,heap     ] GC(24) Humongous regions: 0->0
[2025-03-19T08:31:09.922+0000][8.884s][info ][gc,metaspace] GC(24) Metaspace: 39561K(39936K)->39561K(39936K) NonClass: 34575K(34752K)->34575K(34752K) Class: 4985K(5184K)->4985K(5184K)
[2025-03-19T08:31:09.922+0000][8.884s][info ][gc          ] GC(24) Pause Young (Concurrent Start) (Metadata GC Threshold) 102M->61M(246M) 12.959ms
[2025-03-19T08:31:09.922+0000][8.884s][info ][gc,cpu      ] GC(24) User=0.03s Sys=0.00s Real=0.01s
[2025-03-19T08:31:09.922+0000][8.884s][info ][gc          ] GC(25) Concurrent Mark Cycle
[2025-03-19T08:31:09.922+0000][8.884s][info ][gc,marking  ] GC(25) Concurrent Clear Claimed Marks
[2025-03-19T08:31:09.922+0000][8.884s][info ][safepoint   ] Safepoint "CollectForMetadataAllocation", Time since last: 254105420 ns, Reaching safepoint: 128937 ns, Cleanup: 104321 ns, At safepoint: 13084593 ns, Total: 13317851 ns
[2025-03-19T08:31:09.922+0000][8.884s][info ][gc,marking  ] GC(25) Concurrent Clear Claimed Marks 0.048ms
[2025-03-19T08:31:09.922+0000][8.884s][info ][gc,marking  ] GC(25) Concurrent Scan Root Regions
[2025-03-19T08:31:09.940+0000][8.902s][info ][gc,marking  ] GC(25) Concurrent Scan Root Regions 17.582ms
[2025-03-19T08:31:09.940+0000][8.902s][info ][gc,marking  ] GC(25) Concurrent Mark
[2025-03-19T08:31:09.940+0000][8.902s][info ][gc,marking  ] GC(25) Concurrent Mark From Roots
[2025-03-19T08:31:09.940+0000][8.902s][info ][gc,task     ] GC(25) Using 1 workers of 1 for marking
[2025-03-19T08:31:10.027+0000][8.989s][info ][gc,marking  ] GC(25) Concurrent Mark From Roots 87.389ms
[2025-03-19T08:31:10.027+0000][8.989s][info ][gc,marking  ] GC(25) Concurrent Preclean
[2025-03-19T08:31:10.028+0000][8.989s][info ][gc,marking  ] GC(25) Concurrent Preclean 0.309ms
[2025-03-19T08:31:10.028+0000][8.989s][debug][safepoint   ] Safepoint synchronization initiated using futex wait barrier. (14 threads)
[2025-03-19T08:31:10.028+0000][8.990s][info ][gc,start    ] GC(25) Pause Remark
[2025-03-19T08:31:10.033+0000][8.995s][info ][gc          ] GC(25) Pause Remark 70M->70M(240M) 5.291ms
[2025-03-19T08:31:10.033+0000][8.995s][info ][gc,cpu      ] GC(25) User=0.02s Sys=0.00s Real=0.00s
[2025-03-19T08:31:10.033+0000][8.995s][info ][safepoint   ] Safepoint "G1PauseRemark", Time since last: 105484657 ns, Reaching safepoint: 82228 ns, Cleanup: 18927 ns, At safepoint: 5381601 ns, Total: 5482756 ns
[2025-03-19T08:31:10.033+0000][8.995s][info ][gc,marking  ] GC(25) Concurrent Mark 93.335ms
[2025-03-19T08:31:10.033+0000][8.995s][info ][gc,marking  ] GC(25) Concurrent Rebuild Remembered Sets
[2025-03-19T08:31:10.079+0000][9.041s][info ][gc,marking  ] GC(25) Concurrent Rebuild Remembered Sets 45.794ms
[2025-03-19T08:31:10.079+0000][9.041s][debug][safepoint   ] Safepoint synchronization initiated using futex wait barrier. (14 threads)
[2025-03-19T08:31:10.080+0000][9.041s][info ][gc,start    ] GC(25) Pause Cleanup
[2025-03-19T08:31:10.080+0000][9.041s][info ][gc          ] GC(25) Pause Cleanup 74M->74M(240M) 0.238ms
[2025-03-19T08:31:10.080+0000][9.041s][info ][gc,cpu      ] GC(25) User=0.00s Sys=0.00s Real=0.00s
[2025-03-19T08:31:10.080+0000][9.041s][info ][safepoint   ] Safepoint "G1PauseCleanup", Time since last: 45900803 ns, Reaching safepoint: 384626 ns, Cleanup: 21816 ns, At safepoint: 289097 ns, Total: 695539 ns
[2025-03-19T08:31:10.082+0000][9.044s][info ][gc,marking  ] GC(25) Concurrent Cleanup for Next Mark
[2025-03-19T08:31:10.084+0000][9.046s][info ][gc,marking  ] GC(25) Concurrent Cleanup for Next Mark 2.239ms
[2025-03-19T08:31:10.084+0000][9.046s][info ][gc          ] GC(25) Concurrent Mark Cycle 162.086ms
[2025-03-19T08:31:11.077+0000][10.038s][debug][safepoint   ] Safepoint synchronization initiated using futex wait barrier. (14 threads)
[2025-03-19T08:31:11.077+0000][10.038s][info ][gc,start    ] GC(26) Pause Young (Prepare Mixed) (G1 Evacuation Pause)
[2025-03-19T08:31:11.077+0000][10.038s][info ][gc,task     ] GC(26) Using 4 workers of 4 for evacuation
[2025-03-19T08:31:11.092+0000][10.054s][info ][gc,phases   ] GC(26)   Pre Evacuate Collection Set: 0.1ms
[2025-03-19T08:31:11.092+0000][10.054s][info ][gc,phases   ] GC(26)   Merge Heap Roots: 0.1ms
[2025-03-19T08:31:11.092+0000][10.054s][info ][gc,phases   ] GC(26)   Evacuate Collection Set: 13.0ms
[2025-03-19T08:31:11.092+0000][10.054s][info ][gc,phases   ] GC(26)   Post Evacuate Collection Set: 1.9ms
[2025-03-19T08:31:11.092+0000][10.054s][info ][gc,phases   ] GC(26)   Other: 0.1ms
[2025-03-19T08:31:11.092+0000][10.054s][info ][gc,heap     ] GC(26) Eden regions: 133->0(2)
[2025-03-19T08:31:11.092+0000][10.054s][info ][gc,heap     ] GC(26) Survivor regions: 11->10(18)
[2025-03-19T08:31:11.092+0000][10.054s][info ][gc,heap     ] GC(26) Old regions: 50->53
[2025-03-19T08:31:11.092+0000][10.054s][info ][gc,heap     ] GC(26) Archive regions: 2->2
[2025-03-19T08:31:11.092+0000][10.054s][info ][gc,heap     ] GC(26) Humongous regions: 0->0
[2025-03-19T08:31:11.092+0000][10.054s][info ][gc,metaspace] GC(26) Metaspace: 41657K(42048K)->41657K(42048K) NonClass: 36355K(36544K)->36355K(36544K) Class: 5302K(5504K)->5302K(5504K)
[2025-03-19T08:31:11.092+0000][10.054s][info ][gc          ] GC(26) Pause Young (Prepare Mixed) (G1 Evacuation Pause) 194M->62M(240M) 15.355ms
[2025-03-19T08:31:11.092+0000][10.054s][info ][gc,cpu      ] GC(26) User=0.05s Sys=0.00s Real=0.01s
[2025-03-19T08:31:11.092+0000][10.054s][info ][safepoint   ] Safepoint "G1CollectForAllocation", Time since last: 996625675 ns, Reaching safepoint: 112614 ns, Cleanup: 67399 ns, At safepoint: 15398641 ns, Total: 15578654 ns
[2025-03-19T08:31:11.112+0000][10.073s][debug][safepoint   ] Safepoint synchronization initiated using futex wait barrier. (14 threads)
[2025-03-19T08:31:11.112+0000][10.073s][info ][gc,start    ] GC(27) Pause Young (Mixed) (G1 Evacuation Pause)
[2025-03-19T08:31:11.112+0000][10.073s][info ][gc,task     ] GC(27) Using 4 workers of 4 for evacuation
[2025-03-19T08:31:11.123+0000][10.084s][info ][gc,phases   ] GC(27)   Pre Evacuate Collection Set: 0.1ms
[2025-03-19T08:31:11.123+0000][10.084s][info ][gc,phases   ] GC(27)   Merge Heap Roots: 0.1ms
[2025-03-19T08:31:11.123+0000][10.084s][info ][gc,phases   ] GC(27)   Evacuate Collection Set: 9.7ms
[2025-03-19T08:31:11.123+0000][10.084s][info ][gc,phases   ] GC(27)   Post Evacuate Collection Set: 1.1ms
[2025-03-19T08:31:11.123+0000][10.084s][info ][gc,phases   ] GC(27)   Other: 0.1ms
[2025-03-19T08:31:11.123+0000][10.084s][info ][gc,heap     ] GC(27) Eden regions: 2->0(142)
[2025-03-19T08:31:11.123+0000][10.084s][info ][gc,heap     ] GC(27) Survivor regions: 10->2(2)
[2025-03-19T08:31:11.123+0000][10.084s][info ][gc,heap     ] GC(27) Old regions: 53->59
[2025-03-19T08:31:11.123+0000][10.084s][info ][gc,heap     ] GC(27) Archive regions: 2->2
[2025-03-19T08:31:11.123+0000][10.084s][info ][gc,heap     ] GC(27) Humongous regions: 0->0
[2025-03-19T08:31:11.123+0000][10.084s][info ][gc,metaspace] GC(27) Metaspace: 41675K(42048K)->41675K(42048K) NonClass: 36369K(36544K)->36369K(36544K) Class: 5306K(5504K)->5306K(5504K)
[2025-03-19T08:31:11.123+0000][10.084s][info ][gc          ] GC(27) Pause Young (Mixed) (G1 Evacuation Pause) 64M->60M(240M) 11.141ms
[2025-03-19T08:31:11.123+0000][10.084s][info ][gc,cpu      ] GC(27) User=0.03s Sys=0.00s Real=0.01s
[2025-03-19T08:31:11.123+0000][10.084s][info ][safepoint   ] Safepoint "G1CollectForAllocation", Time since last: 19548714 ns, Reaching safepoint: 55435 ns, Cleanup: 12127 ns, At safepoint: 11187516 ns, Total: 11255078 ns
[2025-03-19T08:31:11.817+0000][10.778s][debug][safepoint   ] Safepoint synchronization initiated using futex wait barrier. (14 threads)
[2025-03-19T08:31:11.817+0000][10.779s][info ][safepoint   ] Safepoint "ICBufferFull", Time since last: 693972215 ns, Reaching safepoint: 50528 ns, Cleanup: 164464 ns, At safepoint: 3597 ns, Total: 218589 ns
[2025-03-19T08:31:12.161+0000][11.122s][debug][safepoint   ] Safepoint synchronization initiated using futex wait barrier. (14 threads)
[2025-03-19T08:31:12.161+0000][11.122s][info ][gc,start    ] GC(28) Pause Young (Normal) (G1 Evacuation Pause)
[2025-03-19T08:31:12.161+0000][11.122s][info ][gc,task     ] GC(28) Using 4 workers of 4 for evacuation
[2025-03-19T08:31:12.174+0000][11.135s][info ][gc,phases   ] GC(28)   Pre Evacuate Collection Set: 0.1ms
[2025-03-19T08:31:12.174+0000][11.135s][info ][gc,phases   ] GC(28)   Merge Heap Roots: 0.1ms
[2025-03-19T08:31:12.174+0000][11.135s][info ][gc,phases   ] GC(28)   Evacuate Collection Set: 11.3ms
[2025-03-19T08:31:12.174+0000][11.135s][info ][gc,phases   ] GC(28)   Post Evacuate Collection Set: 1.2ms
[2025-03-19T08:31:12.174+0000][11.135s][info ][gc,phases   ] GC(28)   Other: 0.1ms
[2025-03-19T08:31:12.174+0000][11.135s][info ][gc,heap     ] GC(28) Eden regions: 142->0(140)
[2025-03-19T08:31:12.174+0000][11.135s][info ][gc,heap     ] GC(28) Survivor regions: 2->4(18)
[2025-03-19T08:31:12.174+0000][11.135s][info ][gc,heap     ] GC(28) Old regions: 59->59
[2025-03-19T08:31:12.174+0000][11.135s][info ][gc,heap     ] GC(28) Archive regions: 2->2
[2025-03-19T08:31:12.174+0000][11.135s][info ][gc,heap     ] GC(28) Humongous regions: 0->0
[2025-03-19T08:31:12.174+0000][11.135s][info ][gc,metaspace] GC(28) Metaspace: 45461K(45888K)->45461K(45888K) NonClass: 39626K(39872K)->39626K(39872K) Class: 5835K(6016K)->5835K(6016K)
[2025-03-19T08:31:12.174+0000][11.135s][info ][gc          ] GC(28) Pause Young (Normal) (G1 Evacuation Pause) 202M->63M(240M) 12.825ms
[2025-03-19T08:31:12.174+0000][11.135s][info ][gc,cpu      ] GC(28) User=0.05s Sys=0.00s Real=0.01s
[2025-03-19T08:31:12.174+0000][11.135s][info ][safepoint   ] Safepoint "G1CollectForAllocation", Time since last: 343666449 ns, Reaching safepoint: 41875 ns, Cleanup: 55160 ns, At safepoint: 12868983 ns, Total: 12966018 ns
[2025-03-19T08:31:13.182+0000][12.143s][debug][safepoint   ] Safepoint synchronization initiated using futex wait barrier. (14 threads)
[2025-03-19T08:31:13.182+0000][12.144s][info ][gc,start    ] GC(29) Pause Young (Normal) (G1 Evacuation Pause)
[2025-03-19T08:31:13.182+0000][12.144s][info ][gc,task     ] GC(29) Using 4 workers of 4 for evacuation
[2025-03-19T08:31:13.202+0000][12.163s][info ][gc,phases   ] GC(29)   Pre Evacuate Collection Set: 0.2ms
[2025-03-19T08:31:13.202+0000][12.163s][info ][gc,phases   ] GC(29)   Merge Heap Roots: 0.2ms
[2025-03-19T08:31:13.202+0000][12.163s][info ][gc,phases   ] GC(29)   Evacuate Collection Set: 16.8ms
[2025-03-19T08:31:13.202+0000][12.163s][info ][gc,phases   ] GC(29)   Post Evacuate Collection Set: 2.4ms
[2025-03-19T08:31:13.202+0000][12.163s][info ][gc,phases   ] GC(29)   Other: 0.1ms
[2025-03-19T08:31:13.202+0000][12.163s][info ][gc,heap     ] GC(29) Eden regions: 140->0(138)
[2025-03-19T08:31:13.202+0000][12.163s][info ][gc,heap     ] GC(29) Survivor regions: 4->6(18)
[2025-03-19T08:31:13.202+0000][12.163s][info ][gc,heap     ] GC(29) Old regions: 59->59
[2025-03-19T08:31:13.202+0000][12.163s][info ][gc,heap     ] GC(29) Archive regions: 2->2
[2025-03-19T08:31:13.202+0000][12.163s][info ][gc,heap     ] GC(29) Humongous regions: 0->0
[2025-03-19T08:31:13.202+0000][12.163s][info ][gc,metaspace] GC(29) Metaspace: 51761K(52160K)->51761K(52160K) NonClass: 45179K(45376K)->45179K(45376K) Class: 6582K(6784K)->6582K(6784K)
[2025-03-19T08:31:13.202+0000][12.163s][info ][gc          ] GC(29) Pause Young (Normal) (G1 Evacuation Pause) 203M->65M(240M) 19.771ms
[2025-03-19T08:31:13.202+0000][12.163s][info ][gc,cpu      ] GC(29) User=0.07s Sys=0.00s Real=0.02s
[2025-03-19T08:31:13.202+0000][12.163s][info ][safepoint   ] Safepoint "G1CollectForAllocation", Time since last: 1008027963 ns, Reaching safepoint: 44361 ns, Cleanup: 155644 ns, At safepoint: 19839514 ns, Total: 20039519 ns
[2025-03-19T08:31:14.362+0000][13.324s][debug][safepoint   ] Safepoint synchronization initiated using futex wait barrier. (17 threads)
[2025-03-19T08:31:14.363+0000][13.324s][info ][safepoint   ] Safepoint "Cleanup", Time since last: 1160710619 ns, Reaching safepoint: 61263 ns, Cleanup: 33726 ns, At safepoint: 4915 ns, Total: 99904 ns
[2025-03-19T08:31:14.851+0000][13.813s][debug][safepoint   ] Safepoint synchronization initiated using futex wait barrier. (17 threads)
[2025-03-19T08:31:14.851+0000][13.813s][info ][safepoint   ] Safepoint "ICBufferFull", Time since last: 488713346 ns, Reaching safepoint: 49430 ns, Cleanup: 139871 ns, At safepoint: 3314 ns, Total: 192615 ns
[2025-03-19T08:31:15.110+0000][14.071s][debug][safepoint   ] ... found polling page loop exception at pc = 0x0000735b990d4b9d, stub =0x0000735b9898f400
[2025-03-19T08:31:15.773+0000][14.734s][debug][safepoint   ] Safepoint synchronization initiated using futex wait barrier. (17 threads)
[2025-03-19T08:31:15.773+0000][14.734s][info ][gc,start    ] GC(30) Pause Young (Normal) (G1 Evacuation Pause)
[2025-03-19T08:31:15.773+0000][14.734s][info ][gc,task     ] GC(30) Using 4 workers of 4 for evacuation
[2025-03-19T08:31:15.801+0000][14.763s][info ][gc,phases   ] GC(30)   Pre Evacuate Collection Set: 0.1ms
[2025-03-19T08:31:15.801+0000][14.763s][info ][gc,phases   ] GC(30)   Merge Heap Roots: 0.2ms
[2025-03-19T08:31:15.802+0000][14.763s][info ][gc,phases   ] GC(30)   Evacuate Collection Set: 26.0ms
[2025-03-19T08:31:15.802+0000][14.763s][info ][gc,phases   ] GC(30)   Post Evacuate Collection Set: 2.4ms
[2025-03-19T08:31:15.802+0000][14.763s][info ][gc,phases   ] GC(30)   Other: 0.1ms
[2025-03-19T08:31:15.802+0000][14.763s][info ][gc,heap     ] GC(30) Eden regions: 138->0(135)
[2025-03-19T08:31:15.802+0000][14.763s][info ][gc,heap     ] GC(30) Survivor regions: 6->9(18)
[2025-03-19T08:31:15.802+0000][14.763s][info ][gc,heap     ] GC(30) Old regions: 59->59
[2025-03-19T08:31:15.802+0000][14.763s][info ][gc,heap     ] GC(30) Archive regions: 2->2
[2025-03-19T08:31:15.802+0000][14.763s][info ][gc,heap     ] GC(30) Humongous regions: 0->0
[2025-03-19T08:31:15.802+0000][14.763s][info ][gc,metaspace] GC(30) Metaspace: 56537K(56896K)->56537K(56896K) NonClass: 49358K(49536K)->49358K(49536K) Class: 7179K(7360K)->7179K(7360K)
[2025-03-19T08:31:15.802+0000][14.763s][info ][gc          ] GC(30) Pause Young (Normal) (G1 Evacuation Pause) 203M->68M(240M) 28.911ms
[2025-03-19T08:31:15.802+0000][14.763s][info ][gc,cpu      ] GC(30) User=0.06s Sys=0.00s Real=0.03s
[2025-03-19T08:31:15.802+0000][14.763s][info ][safepoint   ] Safepoint "G1CollectForAllocation", Time since last: 921033400 ns, Reaching safepoint: 41381 ns, Cleanup: 94004 ns, At safepoint: 28976681 ns, Total: 29112066 ns
[2025-03-19T08:31:16.873+0000][15.835s][debug][safepoint   ] Safepoint synchronization initiated using futex wait barrier. (20 threads)
[2025-03-19T08:31:16.874+0000][15.835s][info ][gc,start    ] GC(31) Pause Young (Normal) (G1 Evacuation Pause)
[2025-03-19T08:31:16.874+0000][15.835s][info ][gc,task     ] GC(31) Using 4 workers of 4 for evacuation
[2025-03-19T08:31:16.893+0000][15.855s][info ][gc,phases   ] GC(31)   Pre Evacuate Collection Set: 0.1ms
[2025-03-19T08:31:16.893+0000][15.855s][info ][gc,phases   ] GC(31)   Merge Heap Roots: 0.2ms
[2025-03-19T08:31:16.893+0000][15.855s][info ][gc,phases   ] GC(31)   Evacuate Collection Set: 17.2ms
[2025-03-19T08:31:16.893+0000][15.855s][info ][gc,phases   ] GC(31)   Post Evacuate Collection Set: 1.8ms
[2025-03-19T08:31:16.893+0000][15.855s][info ][gc,phases   ] GC(31)   Other: 0.1ms
[2025-03-19T08:31:16.893+0000][15.855s][info ][gc,heap     ] GC(31) Eden regions: 135->0(134)
[2025-03-19T08:31:16.893+0000][15.855s][info ][gc,heap     ] GC(31) Survivor regions: 9->10(18)
[2025-03-19T08:31:16.893+0000][15.855s][info ][gc,heap     ] GC(31) Old regions: 59->59
[2025-03-19T08:31:16.893+0000][15.855s][info ][gc,heap     ] GC(31) Archive regions: 2->2
[2025-03-19T08:31:16.893+0000][15.855s][info ][gc,heap     ] GC(31) Humongous regions: 0->0
[2025-03-19T08:31:16.893+0000][15.855s][info ][gc,metaspace] GC(31) Metaspace: 61921K(62400K)->61921K(62400K) NonClass: 54006K(54272K)->54006K(54272K) Class: 7914K(8128K)->7914K(8128K)
[2025-03-19T08:31:16.893+0000][15.855s][info ][gc          ] GC(31) Pause Young (Normal) (G1 Evacuation Pause) 203M->69M(240M) 19.635ms
[2025-03-19T08:31:16.893+0000][15.855s][info ][gc,cpu      ] GC(31) User=0.04s Sys=0.00s Real=0.02s
[2025-03-19T08:31:16.893+0000][15.855s][info ][safepoint   ] Safepoint "G1CollectForAllocation", Time since last: 1071789638 ns, Reaching safepoint: 110227 ns, Cleanup: 90073 ns, At safepoint: 19702635 ns, Total: 19902935 ns
[2025-03-19T08:31:17.650+0000][16.611s][debug][safepoint   ] Safepoint synchronization initiated using futex wait barrier. (20 threads)
[2025-03-19T08:31:17.651+0000][16.613s][info ][gc,start    ] GC(32) Pause Young (Normal) (G1 Evacuation Pause)
[2025-03-19T08:31:17.651+0000][16.613s][info ][gc,task     ] GC(32) Using 4 workers of 4 for evacuation
[2025-03-19T08:31:17.664+0000][16.626s][info ][gc,phases   ] GC(32)   Pre Evacuate Collection Set: 0.2ms
[2025-03-19T08:31:17.664+0000][16.626s][info ][gc,phases   ] GC(32)   Merge Heap Roots: 0.1ms
[2025-03-19T08:31:17.664+0000][16.626s][info ][gc,phases   ] GC(32)   Evacuate Collection Set: 11.5ms
[2025-03-19T08:31:17.664+0000][16.626s][info ][gc,phases   ] GC(32)   Post Evacuate Collection Set: 1.2ms
[2025-03-19T08:31:17.664+0000][16.626s][info ][gc,phases   ] GC(32)   Other: 0.1ms
[2025-03-19T08:31:17.664+0000][16.626s][info ][gc,heap     ] GC(32) Eden regions: 134->0(136)
[2025-03-19T08:31:17.664+0000][16.626s][info ][gc,heap     ] GC(32) Survivor regions: 10->7(18)
[2025-03-19T08:31:17.664+0000][16.626s][info ][gc,heap     ] GC(32) Old regions: 59->63
[2025-03-19T08:31:17.664+0000][16.626s][info ][gc,heap     ] GC(32) Archive regions: 2->2
[2025-03-19T08:31:17.664+0000][16.626s][info ][gc,heap     ] GC(32) Humongous regions: 0->0
[2025-03-19T08:31:17.664+0000][16.626s][info ][gc,metaspace] GC(32) Metaspace: 64228K(64704K)->64228K(64704K) NonClass: 56001K(56256K)->56001K(56256K) Class: 8226K(8448K)->8226K(8448K)
[2025-03-19T08:31:17.664+0000][16.626s][info ][gc          ] GC(32) Pause Young (Normal) (G1 Evacuation Pause) 203M->69M(240M) 13.234ms
[2025-03-19T08:31:17.664+0000][16.626s][info ][gc,cpu      ] GC(32) User=0.05s Sys=0.00s Real=0.02s
[2025-03-19T08:31:17.664+0000][16.626s][info ][safepoint   ] Safepoint "G1CollectForAllocation", Time since last: 756556617 ns, Reaching safepoint: 43345 ns, Cleanup: 1166728 ns, At safepoint: 13292935 ns, Total: 14503008 ns
[2025-03-19T08:31:17.909+0000][16.871s][debug][safepoint   ] Safepoint synchronization initiated using futex wait barrier. (20 threads)
[2025-03-19T08:31:17.910+0000][16.871s][info ][gc,start    ] GC(33) Pause Young (Concurrent Start) (Metadata GC Threshold)
[2025-03-19T08:31:17.910+0000][16.871s][info ][gc,task     ] GC(33) Using 4 workers of 4 for evacuation
[2025-03-19T08:31:17.922+0000][16.883s][info ][gc,phases   ] GC(33)   Pre Evacuate Collection Set: 0.1ms
[2025-03-19T08:31:17.922+0000][16.883s][info ][gc,phases   ] GC(33)   Merge Heap Roots: 0.1ms
[2025-03-19T08:31:17.922+0000][16.883s][info ][gc,phases   ] GC(33)   Evacuate Collection Set: 10.4ms
[2025-03-19T08:31:17.922+0000][16.883s][info ][gc,phases   ] GC(33)   Post Evacuate Collection Set: 1.3ms
[2025-03-19T08:31:17.922+0000][16.883s][info ][gc,phases   ] GC(33)   Other: 0.1ms
[2025-03-19T08:31:17.922+0000][16.883s][info ][gc,heap     ] GC(33) Eden regions: 63->0(135)
[2025-03-19T08:31:17.922+0000][16.883s][info ][gc,heap     ] GC(33) Survivor regions: 7->8(18)
[2025-03-19T08:31:17.922+0000][16.883s][info ][gc,heap     ] GC(33) Old regions: 63->63
[2025-03-19T08:31:17.922+0000][16.883s][info ][gc,heap     ] GC(33) Archive regions: 2->2
[2025-03-19T08:31:17.922+0000][16.883s][info ][gc,heap     ] GC(33) Humongous regions: 0->0
[2025-03-19T08:31:17.922+0000][16.883s][info ][gc,metaspace] GC(33) Metaspace: 66461K(66880K)->66461K(66880K) NonClass: 57920K(58112K)->57920K(58112K) Class: 8541K(8768K)->8541K(8768K)
[2025-03-19T08:31:17.922+0000][16.883s][info ][gc          ] GC(33) Pause Young (Concurrent Start) (Metadata GC Threshold) 132M->70M(240M) 12.165ms
[2025-03-19T08:31:17.922+0000][16.883s][info ][gc,cpu      ] GC(33) User=0.04s Sys=0.00s Real=0.01s
[2025-03-19T08:31:17.922+0000][16.883s][info ][gc          ] GC(34) Concurrent Mark Cycle
[2025-03-19T08:31:17.922+0000][16.883s][info ][gc,marking  ] GC(34) Concurrent Clear Claimed Marks
[2025-03-19T08:31:17.922+0000][16.883s][info ][safepoint   ] Safepoint "CollectForMetadataAllocation", Time since last: 245006635 ns, Reaching safepoint: 47457 ns, Cleanup: 33989 ns, At safepoint: 12257070 ns, Total: 12338516 ns
[2025-03-19T08:31:17.922+0000][16.883s][info ][gc,marking  ] GC(34) Concurrent Clear Claimed Marks 0.048ms
[2025-03-19T08:31:17.922+0000][16.883s][info ][gc,marking  ] GC(34) Concurrent Scan Root Regions
[2025-03-19T08:31:17.929+0000][16.891s][info ][gc,marking  ] GC(34) Concurrent Scan Root Regions 7.662ms
[2025-03-19T08:31:17.929+0000][16.891s][info ][gc,marking  ] GC(34) Concurrent Mark
[2025-03-19T08:31:17.929+0000][16.891s][info ][gc,marking  ] GC(34) Concurrent Mark From Roots
[2025-03-19T08:31:17.930+0000][16.891s][info ][gc,task     ] GC(34) Using 1 workers of 1 for marking
[2025-03-19T08:31:17.974+0000][16.936s][debug][safepoint   ] Safepoint synchronization initiated using futex wait barrier. (20 threads)
[2025-03-19T08:31:17.974+0000][16.936s][info ][safepoint   ] Safepoint "CollectForMetadataAllocation", Time since last: 52370865 ns, Reaching safepoint: 63840 ns, Cleanup: 17801 ns, At safepoint: 25878 ns, Total: 107519 ns
[2025-03-19T08:31:18.015+0000][16.977s][debug][safepoint   ] Safepoint synchronization initiated using futex wait barrier. (20 threads)
[2025-03-19T08:31:18.015+0000][16.977s][info ][safepoint   ] Safepoint "CollectForMetadataAllocation", Time since last: 41016539 ns, Reaching safepoint: 53917 ns, Cleanup: 13576 ns, At safepoint: 26852 ns, Total: 94345 ns
[2025-03-19T08:31:18.018+0000][16.979s][info ][gc,marking  ] GC(34) Concurrent Mark From Roots 88.083ms
[2025-03-19T08:31:18.018+0000][16.979s][info ][gc,marking  ] GC(34) Concurrent Preclean
[2025-03-19T08:31:18.018+0000][16.980s][info ][gc,marking  ] GC(34) Concurrent Preclean 0.420ms
[2025-03-19T08:31:18.018+0000][16.980s][debug][safepoint   ] Safepoint synchronization initiated using futex wait barrier. (20 threads)
[2025-03-19T08:31:18.018+0000][16.980s][info ][gc,start    ] GC(34) Pause Remark
[2025-03-19T08:31:18.023+0000][16.984s][info ][gc          ] GC(34) Pause Remark 92M->92M(240M) 4.634ms
[2025-03-19T08:31:18.023+0000][16.984s][info ][gc,cpu      ] GC(34) User=0.02s Sys=0.00s Real=0.00s
[2025-03-19T08:31:18.023+0000][16.984s][info ][safepoint   ] Safepoint "G1PauseRemark", Time since last: 2750377 ns, Reaching safepoint: 85802 ns, Cleanup: 2935 ns, At safepoint: 4710074 ns, Total: 4798811 ns
[2025-03-19T08:31:18.023+0000][16.984s][info ][gc,marking  ] GC(34) Concurrent Mark 93.402ms
[2025-03-19T08:31:18.023+0000][16.984s][info ][gc,marking  ] GC(34) Concurrent Rebuild Remembered Sets
[2025-03-19T08:31:18.075+0000][17.037s][info ][gc,marking  ] GC(34) Concurrent Rebuild Remembered Sets 52.509ms
[2025-03-19T08:31:18.075+0000][17.037s][debug][safepoint   ] Safepoint synchronization initiated using futex wait barrier. (20 threads)
[2025-03-19T08:31:18.076+0000][17.037s][info ][gc,start    ] GC(34) Pause Cleanup
[2025-03-19T08:31:18.076+0000][17.037s][info ][gc          ] GC(34) Pause Cleanup 105M->105M(240M) 0.078ms
[2025-03-19T08:31:18.076+0000][17.037s][info ][gc,cpu      ] GC(34) User=0.00s Sys=0.00s Real=0.00s
[2025-03-19T08:31:18.076+0000][17.037s][info ][safepoint   ] Safepoint "G1PauseCleanup", Time since last: 52579208 ns, Reaching safepoint: 76256 ns, Cleanup: 14370 ns, At safepoint: 98941 ns, Total: 189567 ns
[2025-03-19T08:31:18.076+0000][17.037s][info ][gc,marking  ] GC(34) Concurrent Cleanup for Next Mark
[2025-03-19T08:31:18.077+0000][17.038s][info ][gc,marking  ] GC(34) Concurrent Cleanup for Next Mark 0.967ms
[2025-03-19T08:31:18.077+0000][17.038s][info ][gc          ] GC(34) Concurrent Mark Cycle 154.944ms
[2025-03-19T08:31:18.582+0000][17.544s][debug][safepoint   ] Safepoint synchronization initiated using futex wait barrier. (20 threads)
[2025-03-19T08:31:18.582+0000][17.544s][info ][safepoint   ] Safepoint "ICBufferFull", Time since last: 506327093 ns, Reaching safepoint: 51425 ns, Cleanup: 141888 ns, At safepoint: 3075 ns, Total: 196388 ns
[2025-03-19T08:31:18.756+0000][17.718s][debug][safepoint   ] Safepoint synchronization initiated using futex wait barrier. (20 threads)
[2025-03-19T08:31:18.756+0000][17.718s][info ][gc,start    ] GC(35) Pause Young (Prepare Mixed) (G1 Evacuation Pause)
[2025-03-19T08:31:18.756+0000][17.718s][info ][gc,task     ] GC(35) Using 4 workers of 4 for evacuation
[2025-03-19T08:31:18.769+0000][17.730s][info ][gc,phases   ] GC(35)   Pre Evacuate Collection Set: 0.1ms
[2025-03-19T08:31:18.769+0000][17.731s][info ][gc,phases   ] GC(35)   Merge Heap Roots: 0.1ms
[2025-03-19T08:31:18.769+0000][17.731s][info ][gc,phases   ] GC(35)   Evacuate Collection Set: 11.0ms
[2025-03-19T08:31:18.769+0000][17.731s][info ][gc,phases   ] GC(35)   Post Evacuate Collection Set: 1.2ms
[2025-03-19T08:31:18.769+0000][17.731s][info ][gc,phases   ] GC(35)   Other: 0.1ms
[2025-03-19T08:31:18.769+0000][17.731s][info ][gc,heap     ] GC(35) Eden regions: 135->0(1)
[2025-03-19T08:31:18.769+0000][17.731s][info ][gc,heap     ] GC(35) Survivor regions: 8->11(18)
[2025-03-19T08:31:18.769+0000][17.731s][info ][gc,heap     ] GC(35) Old regions: 63->63
[2025-03-19T08:31:18.769+0000][17.731s][info ][gc,heap     ] GC(35) Archive regions: 2->2
[2025-03-19T08:31:18.769+0000][17.731s][info ][gc,heap     ] GC(35) Humongous regions: 0->0
[2025-03-19T08:31:18.769+0000][17.731s][info ][gc,metaspace] GC(35) Metaspace: 68599K(69120K)->68599K(69120K) NonClass: 59774K(60032K)->59774K(60032K) Class: 8825K(9088K)->8825K(9088K)
[2025-03-19T08:31:18.769+0000][17.731s][info ][gc          ] GC(35) Pause Young (Prepare Mixed) (G1 Evacuation Pause) 205M->73M(240M) 12.592ms
[2025-03-19T08:31:18.769+0000][17.731s][info ][gc,cpu      ] GC(35) User=0.04s Sys=0.00s Real=0.01s
[2025-03-19T08:31:18.769+0000][17.731s][info ][safepoint   ] Safepoint "G1CollectForAllocation", Time since last: 174127849 ns, Reaching safepoint: 44905 ns, Cleanup: 38772 ns, At safepoint: 12665084 ns, Total: 12748761 ns
[2025-03-19T08:31:18.780+0000][17.741s][debug][safepoint   ] Safepoint synchronization initiated using futex wait barrier. (20 threads)
[2025-03-19T08:31:18.780+0000][17.741s][info ][gc,start    ] GC(36) Pause Young (Mixed) (G1 Evacuation Pause)
[2025-03-19T08:31:18.780+0000][17.741s][info ][gc,task     ] GC(36) Using 4 workers of 4 for evacuation
[2025-03-19T08:31:18.798+0000][17.759s][info ][gc,phases   ] GC(36)   Pre Evacuate Collection Set: 0.1ms
[2025-03-19T08:31:18.798+0000][17.759s][info ][gc,phases   ] GC(36)   Merge Heap Roots: 0.1ms
[2025-03-19T08:31:18.798+0000][17.759s][info ][gc,phases   ] GC(36)   Evacuate Collection Set: 16.2ms
[2025-03-19T08:31:18.798+0000][17.759s][info ][gc,phases   ] GC(36)   Post Evacuate Collection Set: 1.4ms
[2025-03-19T08:31:18.798+0000][17.759s][info ][gc,phases   ] GC(36)   Other: 0.1ms
[2025-03-19T08:31:18.798+0000][17.759s][info ][gc,heap     ] GC(36) Eden regions: 1->0(133)
[2025-03-19T08:31:18.798+0000][17.759s][info ][gc,heap     ] GC(36) Survivor regions: 11->2(2)
[2025-03-19T08:31:18.798+0000][17.759s][info ][gc,heap     ] GC(36) Old regions: 63->71
[2025-03-19T08:31:18.798+0000][17.759s][info ][gc,heap     ] GC(36) Archive regions: 2->2
[2025-03-19T08:31:18.798+0000][17.759s][info ][gc,heap     ] GC(36) Humongous regions: 0->0
[2025-03-19T08:31:18.798+0000][17.759s][info ][gc,metaspace] GC(36) Metaspace: 68620K(69120K)->68620K(69120K) NonClass: 59791K(60032K)->59791K(60032K) Class: 8829K(9088K)->8829K(9088K)
[2025-03-19T08:31:18.798+0000][17.759s][info ][gc          ] GC(36) Pause Young (Mixed) (G1 Evacuation Pause) 74M->72M(240M) 18.081ms
[2025-03-19T08:31:18.798+0000][17.759s][info ][gc,cpu      ] GC(36) User=0.07s Sys=0.00s Real=0.02s
[2025-03-19T08:31:18.798+0000][17.759s][info ][safepoint   ] Safepoint "G1CollectForAllocation", Time since last: 10506467 ns, Reaching safepoint: 42277 ns, Cleanup: 7853 ns, At safepoint: 18135964 ns, Total: 18186094 ns
[2025-03-19T08:31:19.443+0000][18.404s][debug][safepoint   ] Safepoint synchronization initiated using futex wait barrier. (20 threads)
[2025-03-19T08:31:19.443+0000][18.404s][info ][safepoint   ] Safepoint "ICBufferFull", Time since last: 644767347 ns, Reaching safepoint: 46554 ns, Cleanup: 128106 ns, At safepoint: 6243 ns, Total: 180903 ns
[2025-03-19T08:31:19.630+0000][18.592s][debug][safepoint   ] Safepoint synchronization initiated using futex wait barrier. (20 threads)
[2025-03-19T08:31:19.631+0000][18.592s][info ][safepoint   ] Safepoint "ICBufferFull", Time since last: 187706191 ns, Reaching safepoint: 119277 ns, Cleanup: 123780 ns, At safepoint: 4433 ns, Total: 247490 ns
[2025-03-19T08:31:19.878+0000][18.839s][debug][safepoint   ] Safepoint synchronization initiated using futex wait barrier. (20 threads)
[2025-03-19T08:31:19.879+0000][18.840s][info ][gc,start    ] GC(37) Pause Young (Concurrent Start) (G1 Evacuation Pause)
[2025-03-19T08:31:19.879+0000][18.840s][info ][gc,task     ] GC(37) Using 4 workers of 4 for evacuation
[2025-03-19T08:31:19.886+0000][18.847s][info ][gc,phases   ] GC(37)   Pre Evacuate Collection Set: 0.2ms
[2025-03-19T08:31:19.886+0000][18.847s][info ][gc,phases   ] GC(37)   Merge Heap Roots: 0.2ms
[2025-03-19T08:31:19.886+0000][18.847s][info ][gc,phases   ] GC(37)   Evacuate Collection Set: 5.5ms
[2025-03-19T08:31:19.886+0000][18.847s][info ][gc,phases   ] GC(37)   Post Evacuate Collection Set: 1.3ms
[2025-03-19T08:31:19.886+0000][18.847s][info ][gc,phases   ] GC(37)   Other: 0.1ms
[2025-03-19T08:31:19.886+0000][18.847s][info ][gc,heap     ] GC(37) Eden regions: 133->0(133)
[2025-03-19T08:31:19.886+0000][18.847s][info ][gc,heap     ] GC(37) Survivor regions: 2->2(17)
[2025-03-19T08:31:19.886+0000][18.847s][info ][gc,heap     ] GC(37) Old regions: 71->71
[2025-03-19T08:31:19.886+0000][18.847s][info ][gc,heap     ] GC(37) Archive regions: 2->2
[2025-03-19T08:31:19.886+0000][18.848s][info ][gc,heap     ] GC(37) Humongous regions: 0->0
[2025-03-19T08:31:19.886+0000][18.848s][info ][gc,metaspace] GC(37) Metaspace: 73007K(73472K)->73007K(73472K) NonClass: 63641K(63872K)->63641K(63872K) Class: 9365K(9600K)->9365K(9600K)
[2025-03-19T08:31:19.886+0000][18.848s][info ][gc          ] GC(37) Pause Young (Concurrent Start) (G1 Evacuation Pause) 205M->73M(240M) 7.431ms
[2025-03-19T08:31:19.886+0000][18.848s][info ][gc,cpu      ] GC(37) User=0.03s Sys=0.00s Real=0.01s
[2025-03-19T08:31:19.886+0000][18.848s][info ][gc          ] GC(38) Concurrent Mark Cycle
[2025-03-19T08:31:19.886+0000][18.848s][info ][gc,marking  ] GC(38) Concurrent Clear Claimed Marks
[2025-03-19T08:31:19.886+0000][18.848s][info ][gc,marking  ] GC(38) Concurrent Clear Claimed Marks 0.056ms
[2025-03-19T08:31:19.886+0000][18.848s][info ][gc,marking  ] GC(38) Concurrent Scan Root Regions
[2025-03-19T08:31:19.886+0000][18.848s][info ][safepoint   ] Safepoint "G1CollectForAllocation", Time since last: 247195152 ns, Reaching safepoint: 589464 ns, Cleanup: 61534 ns, At safepoint: 7492976 ns, Total: 8143974 ns
[2025-03-19T08:31:19.892+0000][18.854s][info ][gc,marking  ] GC(38) Concurrent Scan Root Regions 5.880ms
[2025-03-19T08:31:19.892+0000][18.854s][info ][gc,marking  ] GC(38) Concurrent Mark
[2025-03-19T08:31:19.892+0000][18.854s][info ][gc,marking  ] GC(38) Concurrent Mark From Roots
[2025-03-19T08:31:19.892+0000][18.854s][info ][gc,task     ] GC(38) Using 1 workers of 1 for marking
[2025-03-19T08:31:20.065+0000][19.026s][info ][gc,marking  ] GC(38) Concurrent Mark From Roots 172.507ms
[2025-03-19T08:31:20.065+0000][19.026s][info ][gc,marking  ] GC(38) Concurrent Preclean
[2025-03-19T08:31:20.065+0000][19.026s][info ][gc,marking  ] GC(38) Concurrent Preclean 0.312ms
[2025-03-19T08:31:20.065+0000][19.027s][debug][safepoint   ] Safepoint synchronization initiated using futex wait barrier. (19 threads)
[2025-03-19T08:31:20.065+0000][19.027s][info ][gc,start    ] GC(38) Pause Remark
[2025-03-19T08:31:20.072+0000][19.033s][info ][gc          ] GC(38) Pause Remark 95M->95M(240M) 6.387ms
[2025-03-19T08:31:20.072+0000][19.033s][info ][gc,cpu      ] GC(38) User=0.01s Sys=0.00s Real=0.00s
[2025-03-19T08:31:20.072+0000][19.033s][info ][safepoint   ] Safepoint "G1PauseRemark", Time since last: 178931223 ns, Reaching safepoint: 357050 ns, Cleanup: 3179 ns, At safepoint: 6471864 ns, Total: 6832093 ns
[2025-03-19T08:31:20.072+0000][19.033s][info ][gc,marking  ] GC(38) Concurrent Mark 179.885ms
[2025-03-19T08:31:20.072+0000][19.033s][info ][gc,marking  ] GC(38) Concurrent Rebuild Remembered Sets
[2025-03-19T08:31:20.157+0000][19.119s][info ][gc,marking  ] GC(38) Concurrent Rebuild Remembered Sets 85.393ms
[2025-03-19T08:31:20.157+0000][19.119s][debug][safepoint   ] Safepoint synchronization initiated using futex wait barrier. (19 threads)
[2025-03-19T08:31:20.160+0000][19.121s][info ][gc,start    ] GC(38) Pause Cleanup
[2025-03-19T08:31:20.160+0000][19.121s][info ][gc          ] GC(38) Pause Cleanup 108M->108M(240M) 0.117ms
[2025-03-19T08:31:20.160+0000][19.121s][info ][gc,cpu      ] GC(38) User=0.00s Sys=0.00s Real=0.00s
[2025-03-19T08:31:20.160+0000][19.121s][info ][safepoint   ] Safepoint "G1PauseCleanup", Time since last: 85621252 ns, Reaching safepoint: 2163553 ns, Cleanup: 11508 ns, At safepoint: 144868 ns, Total: 2319929 ns
[2025-03-19T08:31:20.160+0000][19.121s][info ][gc,marking  ] GC(38) Concurrent Cleanup for Next Mark
[2025-03-19T08:31:20.160+0000][19.122s][info ][gc,marking  ] GC(38) Concurrent Cleanup for Next Mark 0.328ms
[2025-03-19T08:31:20.160+0000][19.122s][info ][gc          ] GC(38) Concurrent Mark Cycle 274.085ms
[2025-03-19T08:31:20.492+0000][19.453s][debug][safepoint   ] ... found polling page loop exception at pc = 0x0000735b991b64ac, stub =0x0000735b9898f400
[2025-03-19T08:31:20.585+0000][19.546s][debug][safepoint   ] Safepoint synchronization initiated using futex wait barrier. (20 threads)
[2025-03-19T08:31:20.585+0000][19.546s][info ][gc,start    ] GC(39) Pause Young (Prepare Mixed) (G1 Evacuation Pause)
[2025-03-19T08:31:20.585+0000][19.546s][info ][gc,task     ] GC(39) Using 4 workers of 4 for evacuation
[2025-03-19T08:31:20.591+0000][19.553s][info ][gc,phases   ] GC(39)   Pre Evacuate Collection Set: 0.1ms
[2025-03-19T08:31:20.591+0000][19.553s][info ][gc,phases   ] GC(39)   Merge Heap Roots: 0.1ms
[2025-03-19T08:31:20.591+0000][19.553s][info ][gc,phases   ] GC(39)   Evacuate Collection Set: 5.2ms
[2025-03-19T08:31:20.591+0000][19.553s][info ][gc,phases   ] GC(39)   Post Evacuate Collection Set: 0.9ms
[2025-03-19T08:31:20.591+0000][19.553s][info ][gc,phases   ] GC(39)   Other: 0.1ms
[2025-03-19T08:31:20.591+0000][19.553s][info ][gc,heap     ] GC(39) Eden regions: 133->0(9)
[2025-03-19T08:31:20.591+0000][19.553s][info ][gc,heap     ] GC(39) Survivor regions: 2->3(17)
[2025-03-19T08:31:20.591+0000][19.553s][info ][gc,heap     ] GC(39) Old regions: 71->71
[2025-03-19T08:31:20.591+0000][19.553s][info ][gc,heap     ] GC(39) Archive regions: 2->2
[2025-03-19T08:31:20.591+0000][19.553s][info ][gc,heap     ] GC(39) Humongous regions: 0->0
[2025-03-19T08:31:20.591+0000][19.553s][info ][gc,metaspace] GC(39) Metaspace: 77261K(77696K)->77261K(77696K) NonClass: 67134K(67328K)->67134K(67328K) Class: 10127K(10368K)->10127K(10368K)
[2025-03-19T08:31:20.591+0000][19.553s][info ][gc          ] GC(39) Pause Young (Prepare Mixed) (G1 Evacuation Pause) 206M->74M(240M) 6.523ms
[2025-03-19T08:31:20.591+0000][19.553s][info ][gc,cpu      ] GC(39) User=0.02s Sys=0.00s Real=0.00s
[2025-03-19T08:31:20.591+0000][19.553s][info ][safepoint   ] Safepoint "G1CollectForAllocation", Time since last: 424833342 ns, Reaching safepoint: 45021 ns, Cleanup: 77305 ns, At safepoint: 6564943 ns, Total: 6687269 ns
[2025-03-19T08:31:20.617+0000][19.579s][debug][safepoint   ] Safepoint synchronization initiated using futex wait barrier. (20 threads)
[2025-03-19T08:31:20.617+0000][19.579s][info ][gc,start    ] GC(40) Pause Young (Mixed) (G1 Evacuation Pause)
[2025-03-19T08:31:20.617+0000][19.579s][info ][gc,task     ] GC(40) Using 4 workers of 4 for evacuation
[2025-03-19T08:31:20.624+0000][19.585s][info ][gc,phases   ] GC(40)   Pre Evacuate Collection Set: 0.1ms
[2025-03-19T08:31:20.624+0000][19.585s][info ][gc,phases   ] GC(40)   Merge Heap Roots: 0.1ms
[2025-03-19T08:31:20.624+0000][19.585s][info ][gc,phases   ] GC(40)   Evacuate Collection Set: 5.3ms
[2025-03-19T08:31:20.624+0000][19.585s][info ][gc,phases   ] GC(40)   Post Evacuate Collection Set: 1.2ms
[2025-03-19T08:31:20.624+0000][19.585s][info ][gc,phases   ] GC(40)   Other: 0.1ms
[2025-03-19T08:31:20.624+0000][19.585s][info ][gc,heap     ] GC(40) Eden regions: 9->0(133)
[2025-03-19T08:31:20.624+0000][19.585s][info ][gc,heap     ] GC(40) Survivor regions: 3->1(2)
[2025-03-19T08:31:20.624+0000][19.585s][info ][gc,heap     ] GC(40) Old regions: 71->73
[2025-03-19T08:31:20.624+0000][19.585s][info ][gc,heap     ] GC(40) Archive regions: 2->2
[2025-03-19T08:31:20.624+0000][19.585s][info ][gc,heap     ] GC(40) Humongous regions: 0->0
[2025-03-19T08:31:20.624+0000][19.585s][info ][gc,metaspace] GC(40) Metaspace: 77372K(77824K)->77372K(77824K) NonClass: 67225K(67456K)->67225K(67456K) Class: 10146K(10368K)->10146K(10368K)
[2025-03-19T08:31:20.624+0000][19.585s][info ][gc          ] GC(40) Pause Young (Mixed) (G1 Evacuation Pause) 83M->73M(240M) 6.802ms
[2025-03-19T08:31:20.624+0000][19.586s][info ][gc,cpu      ] GC(40) User=0.03s Sys=0.00s Real=0.00s
[2025-03-19T08:31:20.624+0000][19.586s][info ][safepoint   ] Safepoint "G1CollectForAllocation", Time since last: 25823555 ns, Reaching safepoint: 35945 ns, Cleanup: 10518 ns, At safepoint: 6844526 ns, Total: 6890989 ns
[2025-03-19T08:31:20.967+0000][19.929s][debug][safepoint   ] Safepoint synchronization initiated using futex wait barrier. (20 threads)
[2025-03-19T08:31:20.967+0000][19.929s][info ][safepoint   ] Safepoint "ICBufferFull", Time since last: 343105374 ns, Reaching safepoint: 47021 ns, Cleanup: 127662 ns, At safepoint: 6997 ns, Total: 181680 ns
[2025-03-19T08:31:21.093+0000][20.055s][debug][safepoint   ] Safepoint synchronization initiated using futex wait barrier. (20 threads)
[2025-03-19T08:31:21.093+0000][20.055s][info ][safepoint   ] Safepoint "ICBufferFull", Time since last: 125921847 ns, Reaching safepoint: 58993 ns, Cleanup: 113914 ns, At safepoint: 3446 ns, Total: 176353 ns
[2025-03-19T08:31:21.170+0000][20.132s][debug][safepoint   ] Safepoint synchronization initiated using futex wait barrier. (20 threads)
[2025-03-19T08:31:21.171+0000][20.132s][info ][safepoint   ] Safepoint "ICBufferFull", Time since last: 77046749 ns, Reaching safepoint: 115041 ns, Cleanup: 116218 ns, At safepoint: 4703 ns, Total: 235962 ns
[2025-03-19T08:31:21.267+0000][20.228s][debug][safepoint   ] Safepoint synchronization initiated using futex wait barrier. (20 threads)
[2025-03-19T08:31:21.267+0000][20.229s][info ][safepoint   ] Safepoint "ICBufferFull", Time since last: 96218626 ns, Reaching safepoint: 41398 ns, Cleanup: 100961 ns, At safepoint: 3311 ns, Total: 145670 ns
[2025-03-19T08:31:21.479+0000][20.441s][debug][safepoint   ] Safepoint synchronization initiated using futex wait barrier. (20 threads)
[2025-03-19T08:31:21.479+0000][20.441s][info ][safepoint   ] Safepoint "ICBufferFull", Time since last: 212191342 ns, Reaching safepoint: 38063 ns, Cleanup: 124634 ns, At safepoint: 2034 ns, Total: 164731 ns
[2025-03-19T08:31:21.554+0000][20.515s][debug][safepoint   ] Safepoint synchronization initiated using futex wait barrier. (20 threads)
[2025-03-19T08:31:21.554+0000][20.515s][info ][gc,start    ] GC(41) Pause Young (Normal) (G1 Evacuation Pause)
[2025-03-19T08:31:21.554+0000][20.515s][info ][gc,task     ] GC(41) Using 4 workers of 4 for evacuation
[2025-03-19T08:31:21.561+0000][20.522s][info ][gc,phases   ] GC(41)   Pre Evacuate Collection Set: 0.1ms
[2025-03-19T08:31:21.561+0000][20.522s][info ][gc,phases   ] GC(41)   Merge Heap Roots: 0.1ms
[2025-03-19T08:31:21.561+0000][20.522s][info ][gc,phases   ] GC(41)   Evacuate Collection Set: 5.1ms
[2025-03-19T08:31:21.561+0000][20.522s][info ][gc,phases   ] GC(41)   Post Evacuate Collection Set: 1.5ms
[2025-03-19T08:31:21.561+0000][20.522s][info ][gc,phases   ] GC(41)   Other: 0.1ms
[2025-03-19T08:31:21.561+0000][20.522s][info ][gc,heap     ] GC(41) Eden regions: 133->0(133)
[2025-03-19T08:31:21.561+0000][20.522s][info ][gc,heap     ] GC(41) Survivor regions: 1->2(17)
[2025-03-19T08:31:21.561+0000][20.522s][info ][gc,heap     ] GC(41) Old regions: 73->73
[2025-03-19T08:31:21.561+0000][20.522s][info ][gc,heap     ] GC(41) Archive regions: 2->2
[2025-03-19T08:31:21.561+0000][20.522s][info ][gc,heap     ] GC(41) Humongous regions: 0->0
[2025-03-19T08:31:21.561+0000][20.522s][info ][gc,metaspace] GC(41) Metaspace: 79974K(80448K)->79974K(80448K) NonClass: 69495K(69760K)->69495K(69760K) Class: 10479K(10688K)->10479K(10688K)
[2025-03-19T08:31:21.561+0000][20.522s][info ][gc          ] GC(41) Pause Young (Normal) (G1 Evacuation Pause) 206M->74M(240M) 7.016ms
[2025-03-19T08:31:21.561+0000][20.522s][info ][gc,cpu      ] GC(41) User=0.02s Sys=0.00s Real=0.01s
[2025-03-19T08:31:21.561+0000][20.522s][info ][safepoint   ] Safepoint "G1CollectForAllocation", Time since last: 74290870 ns, Reaching safepoint: 49232 ns, Cleanup: 79919 ns, At safepoint: 7086985 ns, Total: 7216136 ns
[2025-03-19T08:31:22.085+0000][21.047s][debug][safepoint   ] Safepoint synchronization initiated using futex wait barrier. (20 threads)
[2025-03-19T08:31:22.086+0000][21.047s][info ][safepoint   ] Safepoint "ICBufferFull", Time since last: 524666207 ns, Reaching safepoint: 42160 ns, Cleanup: 98033 ns, At safepoint: 2262 ns, Total: 142455 ns
[2025-03-19T08:31:22.231+0000][21.193s][debug][safepoint   ] Safepoint synchronization initiated using futex wait barrier. (19 threads)
[2025-03-19T08:31:22.231+0000][21.193s][info ][gc,start    ] GC(42) Pause Young (Normal) (G1 Evacuation Pause)
[2025-03-19T08:31:22.231+0000][21.193s][info ][gc,task     ] GC(42) Using 4 workers of 4 for evacuation
[2025-03-19T08:31:22.237+0000][21.198s][info ][gc,phases   ] GC(42)   Pre Evacuate Collection Set: 0.1ms
[2025-03-19T08:31:22.237+0000][21.198s][info ][gc,phases   ] GC(42)   Merge Heap Roots: 0.1ms
[2025-03-19T08:31:22.237+0000][21.198s][info ][gc,phases   ] GC(42)   Evacuate Collection Set: 4.5ms
[2025-03-19T08:31:22.237+0000][21.198s][info ][gc,phases   ] GC(42)   Post Evacuate Collection Set: 0.9ms
[2025-03-19T08:31:22.237+0000][21.198s][info ][gc,phases   ] GC(42)   Other: 0.1ms
[2025-03-19T08:31:22.237+0000][21.198s][info ][gc,heap     ] GC(42) Eden regions: 133->0(130)
[2025-03-19T08:31:22.237+0000][21.198s][info ][gc,heap     ] GC(42) Survivor regions: 2->4(17)
[2025-03-19T08:31:22.237+0000][21.198s][info ][gc,heap     ] GC(42) Old regions: 73->73
[2025-03-19T08:31:22.237+0000][21.198s][info ][gc,heap     ] GC(42) Archive regions: 2->2
[2025-03-19T08:31:22.237+0000][21.198s][info ][gc,heap     ] GC(42) Humongous regions: 0->0
[2025-03-19T08:31:22.237+0000][21.198s][info ][gc,metaspace] GC(42) Metaspace: 83052K(83584K)->83052K(83584K) NonClass: 72124K(72384K)->72124K(72384K) Class: 10927K(11200K)->10927K(11200K)
[2025-03-19T08:31:22.237+0000][21.198s][info ][gc          ] GC(42) Pause Young (Normal) (G1 Evacuation Pause) 207M->76M(240M) 5.751ms
[2025-03-19T08:31:22.237+0000][21.198s][info ][gc,cpu      ] GC(42) User=0.02s Sys=0.00s Real=0.01s
[2025-03-19T08:31:22.237+0000][21.198s][info ][safepoint   ] Safepoint "G1CollectForAllocation", Time since last: 145404457 ns, Reaching safepoint: 35472 ns, Cleanup: 17274 ns, At safepoint: 5788961 ns, Total: 5841707 ns
[2025-03-19T08:31:22.713+0000][21.674s][debug][safepoint   ] Safepoint synchronization initiated using futex wait barrier. (19 threads)
[2025-03-19T08:31:22.713+0000][21.674s][info ][safepoint   ] Safepoint "ICBufferFull", Time since last: 475645147 ns, Reaching safepoint: 44063 ns, Cleanup: 154244 ns, At safepoint: 2480 ns, Total: 200787 ns
[2025-03-19T08:31:23.343+0000][22.305s][debug][safepoint   ] Safepoint synchronization initiated using futex wait barrier. (19 threads)
[2025-03-19T08:31:23.343+0000][22.305s][info ][gc,start    ] GC(43) Pause Young (Concurrent Start) (G1 Evacuation Pause)
[2025-03-19T08:31:23.343+0000][22.305s][info ][gc,task     ] GC(43) Using 4 workers of 4 for evacuation
[2025-03-19T08:31:23.358+0000][22.320s][info ][gc,phases   ] GC(43)   Pre Evacuate Collection Set: 0.3ms
[2025-03-19T08:31:23.358+0000][22.320s][info ][gc,phases   ] GC(43)   Merge Heap Roots: 0.8ms
[2025-03-19T08:31:23.358+0000][22.320s][info ][gc,phases   ] GC(43)   Evacuate Collection Set: 11.8ms
[2025-03-19T08:31:23.358+0000][22.320s][info ][gc,phases   ] GC(43)   Post Evacuate Collection Set: 1.7ms
[2025-03-19T08:31:23.358+0000][22.320s][info ][gc,phases   ] GC(43)   Other: 0.1ms
[2025-03-19T08:31:23.358+0000][22.320s][info ][gc,heap     ] GC(43) Eden regions: 130->0(126)
[2025-03-19T08:31:23.358+0000][22.320s][info ][gc,heap     ] GC(43) Survivor regions: 4->7(17)
[2025-03-19T08:31:23.358+0000][22.320s][info ][gc,heap     ] GC(43) Old regions: 73->73
[2025-03-19T08:31:23.358+0000][22.320s][info ][gc,heap     ] GC(43) Archive regions: 2->2
[2025-03-19T08:31:23.358+0000][22.320s][info ][gc,heap     ] GC(43) Humongous regions: 0->0
[2025-03-19T08:31:23.358+0000][22.320s][info ][gc,metaspace] GC(43) Metaspace: 85370K(85888K)->85370K(85888K) NonClass: 74280K(74560K)->74280K(74560K) Class: 11090K(11328K)->11090K(11328K)
[2025-03-19T08:31:23.358+0000][22.320s][info ][gc          ] GC(43) Pause Young (Concurrent Start) (G1 Evacuation Pause) 206M->79M(240M) 14.844ms
[2025-03-19T08:31:23.358+0000][22.320s][info ][gc,cpu      ] GC(43) User=0.05s Sys=0.00s Real=0.02s
[2025-03-19T08:31:23.358+0000][22.320s][info ][gc          ] GC(44) Concurrent Mark Cycle
[2025-03-19T08:31:23.358+0000][22.320s][info ][gc,marking  ] GC(44) Concurrent Clear Claimed Marks
[2025-03-19T08:31:23.358+0000][22.320s][info ][gc,marking  ] GC(44) Concurrent Clear Claimed Marks 0.067ms
[2025-03-19T08:31:23.358+0000][22.320s][info ][gc,marking  ] GC(44) Concurrent Scan Root Regions
[2025-03-19T08:31:23.358+0000][22.320s][info ][safepoint   ] Safepoint "G1CollectForAllocation", Time since last: 630330736 ns, Reaching safepoint: 53174 ns, Cleanup: 105006 ns, At safepoint: 15197893 ns, Total: 15356073 ns
[2025-03-19T08:31:23.376+0000][22.337s][info ][gc,marking  ] GC(44) Concurrent Scan Root Regions 17.338ms
[2025-03-19T08:31:23.376+0000][22.337s][info ][gc,marking  ] GC(44) Concurrent Mark
[2025-03-19T08:31:23.376+0000][22.337s][info ][gc,marking  ] GC(44) Concurrent Mark From Roots
[2025-03-19T08:31:23.376+0000][22.337s][info ][gc,task     ] GC(44) Using 1 workers of 1 for marking
[2025-03-19T08:31:23.526+0000][22.488s][info ][gc,marking  ] GC(44) Concurrent Mark From Roots 150.570ms
[2025-03-19T08:31:23.526+0000][22.488s][info ][gc,marking  ] GC(44) Concurrent Preclean
[2025-03-19T08:31:23.527+0000][22.488s][info ][gc,marking  ] GC(44) Concurrent Preclean 0.393ms
[2025-03-19T08:31:23.527+0000][22.488s][debug][safepoint   ] Safepoint synchronization initiated using futex wait barrier. (19 threads)
[2025-03-19T08:31:23.527+0000][22.489s][info ][gc,start    ] GC(44) Pause Remark
[2025-03-19T08:31:23.541+0000][22.502s][info ][gc          ] GC(44) Pause Remark 93M->93M(240M) 13.527ms
[2025-03-19T08:31:23.541+0000][22.503s][info ][gc,cpu      ] GC(44) User=0.05s Sys=0.00s Real=0.01s
[2025-03-19T08:31:23.541+0000][22.503s][info ][safepoint   ] Safepoint "G1PauseRemark", Time since last: 168431735 ns, Reaching safepoint: 80588 ns, Cleanup: 33424 ns, At safepoint: 14516614 ns, Total: 14630626 ns
[2025-03-19T08:31:23.542+0000][22.503s][info ][gc,marking  ] GC(44) Concurrent Mark 165.735ms
[2025-03-19T08:31:23.542+0000][22.503s][info ][gc,marking  ] GC(44) Concurrent Rebuild Remembered Sets
[2025-03-19T08:31:23.632+0000][22.594s][info ][gc,marking  ] GC(44) Concurrent Rebuild Remembered Sets 90.968ms
[2025-03-19T08:31:23.633+0000][22.594s][debug][safepoint   ] Safepoint synchronization initiated using futex wait barrier. (19 threads)
[2025-03-19T08:31:23.633+0000][22.594s][info ][gc,start    ] GC(44) Pause Cleanup
[2025-03-19T08:31:23.633+0000][22.594s][info ][gc          ] GC(44) Pause Cleanup 100M->100M(240M) 0.094ms
[2025-03-19T08:31:23.633+0000][22.594s][info ][gc,cpu      ] GC(44) User=0.00s Sys=0.00s Real=0.00s
[2025-03-19T08:31:23.633+0000][22.594s][info ][safepoint   ] Safepoint "G1PauseCleanup", Time since last: 91100914 ns, Reaching safepoint: 157280 ns, Cleanup: 9800 ns, At safepoint: 118120 ns, Total: 285200 ns
[2025-03-19T08:31:23.633+0000][22.594s][info ][gc,marking  ] GC(44) Concurrent Cleanup for Next Mark
[2025-03-19T08:31:23.633+0000][22.595s][info ][gc,marking  ] GC(44) Concurrent Cleanup for Next Mark 0.300ms
[2025-03-19T08:31:23.663+0000][22.625s][info ][gc          ] GC(44) Concurrent Mark Cycle 304.979ms
[2025-03-19T08:31:24.585+0000][23.547s][debug][safepoint   ] Safepoint synchronization initiated using futex wait barrier. (24 threads)
[2025-03-19T08:31:24.586+0000][23.547s][info ][gc,start    ] GC(45) Pause Young (Prepare Mixed) (G1 Evacuation Pause)
[2025-03-19T08:31:24.586+0000][23.547s][info ][gc,task     ] GC(45) Using 4 workers of 4 for evacuation
[2025-03-19T08:31:24.603+0000][23.564s][info ][gc,phases   ] GC(45)   Pre Evacuate Collection Set: 0.1ms
[2025-03-19T08:31:24.603+0000][23.564s][info ][gc,phases   ] GC(45)   Merge Heap Roots: 0.1ms
[2025-03-19T08:31:24.603+0000][23.564s][info ][gc,phases   ] GC(45)   Evacuate Collection Set: 14.5ms
[2025-03-19T08:31:24.603+0000][23.564s][info ][gc,phases   ] GC(45)   Post Evacuate Collection Set: 2.2ms
[2025-03-19T08:31:24.603+0000][23.564s][info ][gc,phases   ] GC(45)   Other: 0.1ms
[2025-03-19T08:31:24.603+0000][23.564s][info ][gc,heap     ] GC(45) Eden regions: 126->0(2)
[2025-03-19T08:31:24.603+0000][23.564s][info ][gc,heap     ] GC(45) Survivor regions: 7->10(17)
[2025-03-19T08:31:24.603+0000][23.564s][info ][gc,heap     ] GC(45) Old regions: 73->73
[2025-03-19T08:31:24.603+0000][23.564s][info ][gc,heap     ] GC(45) Archive regions: 2->2
[2025-03-19T08:31:24.603+0000][23.564s][info ][gc,heap     ] GC(45) Humongous regions: 0->0
[2025-03-19T08:31:24.603+0000][23.564s][info ][gc,metaspace] GC(45) Metaspace: 87501K(88064K)->87501K(88064K) NonClass: 76218K(76544K)->76218K(76544K) Class: 11282K(11520K)->11282K(11520K)
[2025-03-19T08:31:24.603+0000][23.564s][info ][gc          ] GC(45) Pause Young (Prepare Mixed) (G1 Evacuation Pause) 205M->82M(240M) 17.062ms
[2025-03-19T08:31:24.603+0000][23.564s][info ][gc,cpu      ] GC(45) User=0.06s Sys=0.00s Real=0.01s
[2025-03-19T08:31:24.603+0000][23.564s][info ][safepoint   ] Safepoint "G1CollectForAllocation", Time since last: 952619700 ns, Reaching safepoint: 40069 ns, Cleanup: 74989 ns, At safepoint: 17109935 ns, Total: 17224993 ns
[2025-03-19T08:31:24.623+0000][23.584s][debug][safepoint   ] Safepoint synchronization initiated using futex wait barrier. (24 threads)
[2025-03-19T08:31:24.623+0000][23.584s][info ][gc,start    ] GC(46) Pause Young (Mixed) (G1 Evacuation Pause)
[2025-03-19T08:31:24.623+0000][23.584s][info ][gc,task     ] GC(46) Using 4 workers of 4 for evacuation
[2025-03-19T08:31:24.640+0000][23.602s][info ][gc,phases   ] GC(46)   Pre Evacuate Collection Set: 0.1ms
[2025-03-19T08:31:24.640+0000][23.602s][info ][gc,phases   ] GC(46)   Merge Heap Roots: 0.1ms
[2025-03-19T08:31:24.640+0000][23.602s][info ][gc,phases   ] GC(46)   Evacuate Collection Set: 15.8ms
[2025-03-19T08:31:24.640+0000][23.602s][info ][gc,phases   ] GC(46)   Post Evacuate Collection Set: 1.2ms
[2025-03-19T08:31:24.640+0000][23.602s][info ][gc,phases   ] GC(46)   Other: 0.1ms
[2025-03-19T08:31:24.640+0000][23.602s][info ][gc,heap     ] GC(46) Eden regions: 2->0(122)
[2025-03-19T08:31:24.640+0000][23.602s][info ][gc,heap     ] GC(46) Survivor regions: 10->2(2)
[2025-03-19T08:31:24.640+0000][23.602s][info ][gc,heap     ] GC(46) Old regions: 73->81
[2025-03-19T08:31:24.640+0000][23.602s][info ][gc,heap     ] GC(46) Archive regions: 2->2
[2025-03-19T08:31:24.640+0000][23.602s][info ][gc,heap     ] GC(46) Humongous regions: 0->0
[2025-03-19T08:31:24.640+0000][23.602s][info ][gc,metaspace] GC(46) Metaspace: 87525K(88064K)->87525K(88064K) NonClass: 76242K(76544K)->76242K(76544K) Class: 11283K(11520K)->11283K(11520K)
[2025-03-19T08:31:24.640+0000][23.602s][info ][gc          ] GC(46) Pause Young (Mixed) (G1 Evacuation Pause) 84M->82M(240M) 17.333ms
[2025-03-19T08:31:24.640+0000][23.602s][info ][gc,cpu      ] GC(46) User=0.06s Sys=0.00s Real=0.02s
[2025-03-19T08:31:24.640+0000][23.602s][info ][safepoint   ] Safepoint "G1CollectForAllocation", Time since last: 20028621 ns, Reaching safepoint: 46472 ns, Cleanup: 22210 ns, At safepoint: 17381048 ns, Total: 17449730 ns
[2025-03-19T08:31:25.630+0000][24.592s][debug][safepoint   ] Safepoint synchronization initiated using futex wait barrier. (24 threads)
[2025-03-19T08:31:25.631+0000][24.592s][info ][gc,start    ] GC(47) Pause Young (Normal) (G1 Evacuation Pause)
[2025-03-19T08:31:25.631+0000][24.592s][info ][gc,task     ] GC(47) Using 4 workers of 4 for evacuation
[2025-03-19T08:31:25.637+0000][24.599s][info ][gc,phases   ] GC(47)   Pre Evacuate Collection Set: 0.1ms
[2025-03-19T08:31:25.637+0000][24.599s][info ][gc,phases   ] GC(47)   Merge Heap Roots: 0.1ms
[2025-03-19T08:31:25.637+0000][24.599s][info ][gc,phases   ] GC(47)   Evacuate Collection Set: 4.7ms
[2025-03-19T08:31:25.637+0000][24.599s][info ][gc,phases   ] GC(47)   Post Evacuate Collection Set: 1.6ms
[2025-03-19T08:31:25.637+0000][24.599s][info ][gc,phases   ] GC(47)   Other: 0.1ms
[2025-03-19T08:31:25.637+0000][24.599s][info ][gc,heap     ] GC(47) Eden regions: 122->0(120)
[2025-03-19T08:31:25.637+0000][24.599s][info ][gc,heap     ] GC(47) Survivor regions: 2->4(16)
[2025-03-19T08:31:25.637+0000][24.599s][info ][gc,heap     ] GC(47) Old regions: 81->81
[2025-03-19T08:31:25.637+0000][24.599s][info ][gc,heap     ] GC(47) Archive regions: 2->2
[2025-03-19T08:31:25.637+0000][24.599s][info ][gc,heap     ] GC(47) Humongous regions: 0->0
[2025-03-19T08:31:25.637+0000][24.599s][info ][gc,metaspace] GC(47) Metaspace: 90033K(90560K)->90033K(90560K) NonClass: 78505K(78784K)->78505K(78784K) Class: 11528K(11776K)->11528K(11776K)
[2025-03-19T08:31:25.637+0000][24.599s][info ][gc          ] GC(47) Pause Young (Normal) (G1 Evacuation Pause) 204M->84M(240M) 6.558ms
[2025-03-19T08:31:25.637+0000][24.599s][info ][gc,cpu      ] GC(47) User=0.02s Sys=0.00s Real=0.01s
[2025-03-19T08:31:25.638+0000][24.600s][info ][safepoint   ] Safepoint "G1CollectForAllocation", Time since last: 990273643 ns, Reaching safepoint: 49042 ns, Cleanup: 128103 ns, At safepoint: 7618484 ns, Total: 7795629 ns
[2025-03-19T08:31:26.481+0000][25.443s][debug][safepoint   ] Safepoint synchronization initiated using futex wait barrier. (24 threads)
[2025-03-19T08:31:26.481+0000][25.443s][info ][safepoint   ] Safepoint "ICBufferFull", Time since last: 842785730 ns, Reaching safepoint: 119439 ns, Cleanup: 145805 ns, At safepoint: 5345 ns, Total: 270589 ns
[2025-03-19T08:31:26.627+0000][25.588s][debug][safepoint   ] Safepoint synchronization initiated using futex wait barrier. (24 threads)
[2025-03-19T08:31:26.627+0000][25.588s][info ][gc,start    ] GC(48) Pause Young (Normal) (G1 Evacuation Pause)
[2025-03-19T08:31:26.627+0000][25.588s][info ][gc,task     ] GC(48) Using 4 workers of 4 for evacuation
[2025-03-19T08:31:26.639+0000][25.600s][info ][gc,phases   ] GC(48)   Pre Evacuate Collection Set: 0.1ms
[2025-03-19T08:31:26.639+0000][25.601s][info ][gc,phases   ] GC(48)   Merge Heap Roots: 0.1ms
[2025-03-19T08:31:26.639+0000][25.601s][info ][gc,phases   ] GC(48)   Evacuate Collection Set: 10.1ms
[2025-03-19T08:31:26.639+0000][25.601s][info ][gc,phases   ] GC(48)   Post Evacuate Collection Set: 1.9ms
[2025-03-19T08:31:26.639+0000][25.601s][info ][gc,phases   ] GC(48)   Other: 0.1ms
[2025-03-19T08:31:26.639+0000][25.601s][info ][gc,heap     ] GC(48) Eden regions: 120->0(117)
[2025-03-19T08:31:26.639+0000][25.601s][info ][gc,heap     ] GC(48) Survivor regions: 4->7(16)
[2025-03-19T08:31:26.639+0000][25.601s][info ][gc,heap     ] GC(48) Old regions: 81->81
[2025-03-19T08:31:26.639+0000][25.601s][info ][gc,heap     ] GC(48) Archive regions: 2->2
[2025-03-19T08:31:26.639+0000][25.601s][info ][gc,heap     ] GC(48) Humongous regions: 0->0
[2025-03-19T08:31:26.639+0000][25.601s][info ][gc,metaspace] GC(48) Metaspace: 94012K(94592K)->94012K(94592K) NonClass: 81801K(82112K)->81801K(82112K) Class: 12211K(12480K)->12211K(12480K)
[2025-03-19T08:31:26.639+0000][25.601s][info ][gc          ] GC(48) Pause Young (Normal) (G1 Evacuation Pause) 204M->88M(240M) 12.295ms
[2025-03-19T08:31:26.639+0000][25.601s][info ][gc,cpu      ] GC(48) User=0.04s Sys=0.01s Real=0.01s
[2025-03-19T08:31:26.639+0000][25.601s][info ][safepoint   ] Safepoint "G1CollectForAllocation", Time since last: 145249769 ns, Reaching safepoint: 44341 ns, Cleanup: 58966 ns, At safepoint: 12345157 ns, Total: 12448464 ns
[2025-03-19T08:31:27.313+0000][26.275s][debug][safepoint   ] Safepoint synchronization initiated using futex wait barrier. (24 threads)
[2025-03-19T08:31:27.314+0000][26.275s][info ][gc,start    ] GC(49) Pause Young (Normal) (G1 Evacuation Pause)
[2025-03-19T08:31:27.314+0000][26.275s][info ][gc,task     ] GC(49) Using 4 workers of 4 for evacuation
[2025-03-19T08:31:27.336+0000][26.297s][info ][gc,phases   ] GC(49)   Pre Evacuate Collection Set: 0.1ms
[2025-03-19T08:31:27.336+0000][26.298s][info ][gc,phases   ] GC(49)   Merge Heap Roots: 0.1ms
[2025-03-19T08:31:27.336+0000][26.298s][info ][gc,phases   ] GC(49)   Evacuate Collection Set: 20.0ms
[2025-03-19T08:31:27.336+0000][26.298s][info ][gc,phases   ] GC(49)   Post Evacuate Collection Set: 2.1ms
[2025-03-19T08:31:27.336+0000][26.298s][info ][gc,phases   ] GC(49)   Other: 0.1ms
[2025-03-19T08:31:27.336+0000][26.298s][info ][gc,heap     ] GC(49) Eden regions: 117->0(107)
[2025-03-19T08:31:27.336+0000][26.298s][info ][gc,heap     ] GC(49) Survivor regions: 7->13(16)
[2025-03-19T08:31:27.336+0000][26.298s][info ][gc,heap     ] GC(49) Old regions: 81->81
[2025-03-19T08:31:27.336+0000][26.298s][info ][gc,heap     ] GC(49) Archive regions: 2->2
[2025-03-19T08:31:27.336+0000][26.298s][info ][gc,heap     ] GC(49) Humongous regions: 0->0
[2025-03-19T08:31:27.336+0000][26.298s][info ][gc,metaspace] GC(49) Metaspace: 95628K(96192K)->95628K(96192K) NonClass: 83069K(83392K)->83069K(83392K) Class: 12559K(12800K)->12559K(12800K)
[2025-03-19T08:31:27.336+0000][26.298s][info ][gc          ] GC(49) Pause Young (Normal) (G1 Evacuation Pause) 205M->94M(240M) 22.516ms
[2025-03-19T08:31:27.336+0000][26.298s][info ][gc,cpu      ] GC(49) User=0.07s Sys=0.00s Real=0.03s
[2025-03-19T08:31:27.336+0000][26.298s][info ][safepoint   ] Safepoint "G1CollectForAllocation", Time since last: 674401489 ns, Reaching safepoint: 51007 ns, Cleanup: 46929 ns, At safepoint: 22593056 ns, Total: 22690992 ns
[2025-03-19T08:31:28.335+0000][27.297s][debug][safepoint   ] Safepoint synchronization initiated using futex wait barrier. (25 threads)
[2025-03-19T08:31:28.336+0000][27.297s][info ][gc,start    ] GC(50) Pause Young (Normal) (G1 Evacuation Pause)
[2025-03-19T08:31:28.336+0000][27.297s][info ][gc,task     ] GC(50) Using 4 workers of 4 for evacuation
[2025-03-19T08:31:28.352+0000][27.314s][info ][gc,phases   ] GC(50)   Pre Evacuate Collection Set: 0.1ms
[2025-03-19T08:31:28.352+0000][27.314s][info ][gc,phases   ] GC(50)   Merge Heap Roots: 0.1ms
[2025-03-19T08:31:28.352+0000][27.314s][info ][gc,phases   ] GC(50)   Evacuate Collection Set: 14.9ms
[2025-03-19T08:31:28.352+0000][27.314s][info ][gc,phases   ] GC(50)   Post Evacuate Collection Set: 1.3ms
[2025-03-19T08:31:28.352+0000][27.314s][info ][gc,phases   ] GC(50)   Other: 0.1ms
[2025-03-19T08:31:28.352+0000][27.314s][info ][gc,heap     ] GC(50) Eden regions: 107->0(111)
[2025-03-19T08:31:28.352+0000][27.314s][info ][gc,heap     ] GC(50) Survivor regions: 13->5(15)
[2025-03-19T08:31:28.352+0000][27.314s][info ][gc,heap     ] GC(50) Old regions: 81->86
[2025-03-19T08:31:28.352+0000][27.314s][info ][gc,heap     ] GC(50) Archive regions: 2->2
[2025-03-19T08:31:28.352+0000][27.314s][info ][gc,heap     ] GC(50) Humongous regions: 0->0
[2025-03-19T08:31:28.352+0000][27.314s][info ][gc,metaspace] GC(50) Metaspace: 100353K(100928K)->100353K(100928K) NonClass: 87173K(87488K)->87173K(87488K) Class: 13179K(13440K)->13179K(13440K)
[2025-03-19T08:31:28.352+0000][27.314s][info ][gc          ] GC(50) Pause Young (Normal) (G1 Evacuation Pause) 201M->91M(240M) 16.662ms
[2025-03-19T08:31:28.352+0000][27.314s][info ][gc,cpu      ] GC(50) User=0.06s Sys=0.00s Real=0.01s
[2025-03-19T08:31:28.352+0000][27.314s][info ][safepoint   ] Safepoint "G1CollectForAllocation", Time since last: 999190053 ns, Reaching safepoint: 111845 ns, Cleanup: 124435 ns, At safepoint: 16831080 ns, Total: 17067360 ns
[2025-03-19T08:31:29.362+0000][28.323s][debug][safepoint   ] Safepoint synchronization initiated using futex wait barrier. (27 threads)
[2025-03-19T08:31:29.362+0000][28.323s][info ][gc,start    ] GC(51) Pause Young (Normal) (G1 Evacuation Pause)
[2025-03-19T08:31:29.362+0000][28.323s][info ][gc,task     ] GC(51) Using 4 workers of 4 for evacuation
[2025-03-19T08:31:29.375+0000][28.337s][info ][gc,phases   ] GC(51)   Pre Evacuate Collection Set: 0.1ms
[2025-03-19T08:31:29.375+0000][28.337s][info ][gc,phases   ] GC(51)   Merge Heap Roots: 0.1ms
[2025-03-19T08:31:29.375+0000][28.337s][info ][gc,phases   ] GC(51)   Evacuate Collection Set: 11.5ms
[2025-03-19T08:31:29.375+0000][28.337s][info ][gc,phases   ] GC(51)   Post Evacuate Collection Set: 1.7ms
[2025-03-19T08:31:29.375+0000][28.337s][info ][gc,phases   ] GC(51)   Other: 0.1ms
[2025-03-19T08:31:29.375+0000][28.337s][info ][gc,heap     ] GC(51) Eden regions: 111->0(110)
[2025-03-19T08:31:29.375+0000][28.337s][info ][gc,heap     ] GC(51) Survivor regions: 5->7(15)
[2025-03-19T08:31:29.375+0000][28.337s][info ][gc,heap     ] GC(51) Old regions: 86->86
[2025-03-19T08:31:29.375+0000][28.337s][info ][gc,heap     ] GC(51) Archive regions: 2->2
[2025-03-19T08:31:29.375+0000][28.337s][info ][gc,heap     ] GC(51) Humongous regions: 0->0
[2025-03-19T08:31:29.375+0000][28.337s][info ][gc,metaspace] GC(51) Metaspace: 103026K(103616K)->103026K(103616K) NonClass: 89438K(89728K)->89438K(89728K) Class: 13587K(13888K)->13587K(13888K)
[2025-03-19T08:31:29.375+0000][28.337s][info ][gc          ] GC(51) Pause Young (Normal) (G1 Evacuation Pause) 202M->93M(240M) 13.538ms
[2025-03-19T08:31:29.375+0000][28.337s][info ][gc,cpu      ] GC(51) User=0.04s Sys=0.00s Real=0.02s
[2025-03-19T08:31:29.375+0000][28.337s][info ][safepoint   ] Safepoint "G1CollectForAllocation", Time since last: 1009190141 ns, Reaching safepoint: 50931 ns, Cleanup: 123055 ns, At safepoint: 13612839 ns, Total: 13786825 ns
[2025-03-19T08:31:30.343+0000][29.304s][debug][safepoint   ] Safepoint synchronization initiated using futex wait barrier. (27 threads)
[2025-03-19T08:31:30.343+0000][29.304s][info ][gc,start    ] GC(52) Pause Young (Normal) (G1 Evacuation Pause)
[2025-03-19T08:31:30.343+0000][29.304s][info ][gc,task     ] GC(52) Using 4 workers of 4 for evacuation
[2025-03-19T08:31:30.364+0000][29.325s][info ][gc,phases   ] GC(52)   Pre Evacuate Collection Set: 0.1ms
[2025-03-19T08:31:30.364+0000][29.325s][info ][gc,phases   ] GC(52)   Merge Heap Roots: 0.1ms
[2025-03-19T08:31:30.364+0000][29.325s][info ][gc,phases   ] GC(52)   Evacuate Collection Set: 17.6ms
[2025-03-19T08:31:30.364+0000][29.325s][info ][gc,phases   ] GC(52)   Post Evacuate Collection Set: 3.0ms
[2025-03-19T08:31:30.364+0000][29.325s][info ][gc,phases   ] GC(52)   Other: 0.1ms
[2025-03-19T08:31:30.364+0000][29.325s][info ][gc,heap     ] GC(52) Eden regions: 110->0(109)
[2025-03-19T08:31:30.364+0000][29.325s][info ][gc,heap     ] GC(52) Survivor regions: 7->9(15)
[2025-03-19T08:31:30.364+0000][29.325s][info ][gc,heap     ] GC(52) Old regions: 86->86
[2025-03-19T08:31:30.364+0000][29.325s][info ][gc,heap     ] GC(52) Archive regions: 2->2
[2025-03-19T08:31:30.364+0000][29.325s][info ][gc,heap     ] GC(52) Humongous regions: 0->0
[2025-03-19T08:31:30.364+0000][29.325s][info ][gc,metaspace] GC(52) Metaspace: 105968K(106624K)->105968K(106624K) NonClass: 92048K(92416K)->92048K(92416K) Class: 13919K(14208K)->13919K(14208K)
[2025-03-19T08:31:30.364+0000][29.325s][info ][gc          ] GC(52) Pause Young (Normal) (G1 Evacuation Pause) 203M->95M(240M) 20.996ms
[2025-03-19T08:31:30.364+0000][29.325s][info ][gc,cpu      ] GC(52) User=0.07s Sys=0.00s Real=0.02s
[2025-03-19T08:31:30.364+0000][29.325s][info ][safepoint   ] Safepoint "G1CollectForAllocation", Time since last: 967204238 ns, Reaching safepoint: 56015 ns, Cleanup: 98697 ns, At safepoint: 21049530 ns, Total: 21204242 ns
[2025-03-19T08:31:31.364+0000][30.326s][debug][safepoint   ] Safepoint synchronization initiated using futex wait barrier. (33 threads)
[2025-03-19T08:31:31.365+0000][30.326s][info ][safepoint   ] Safepoint "Cleanup", Time since last: 1000746525 ns, Reaching safepoint: 120054 ns, Cleanup: 114327 ns, At safepoint: 4217 ns, Total: 238598 ns
[2025-03-19T08:31:31.440+0000][30.402s][debug][safepoint   ] Safepoint synchronization initiated using futex wait barrier. (36 threads)
[2025-03-19T08:31:31.440+0000][30.402s][info ][gc,start    ] GC(53) Pause Young (Normal) (G1 Evacuation Pause)
[2025-03-19T08:31:31.440+0000][30.402s][info ][gc,task     ] GC(53) Using 4 workers of 4 for evacuation
[2025-03-19T08:31:31.464+0000][30.426s][info ][gc,phases   ] GC(53)   Pre Evacuate Collection Set: 0.1ms
[2025-03-19T08:31:31.464+0000][30.426s][info ][gc,phases   ] GC(53)   Merge Heap Roots: 0.2ms
[2025-03-19T08:31:31.464+0000][30.426s][info ][gc,phases   ] GC(53)   Evacuate Collection Set: 21.1ms
[2025-03-19T08:31:31.464+0000][30.426s][info ][gc,phases   ] GC(53)   Post Evacuate Collection Set: 2.2ms
[2025-03-19T08:31:31.464+0000][30.426s][info ][gc,phases   ] GC(53)   Other: 0.1ms
[2025-03-19T08:31:31.464+0000][30.426s][info ][gc,heap     ] GC(53) Eden regions: 109->0(105)
[2025-03-19T08:31:31.464+0000][30.426s][info ][gc,heap     ] GC(53) Survivor regions: 9->10(15)
[2025-03-19T08:31:31.464+0000][30.426s][info ][gc,heap     ] GC(53) Old regions: 86->89
[2025-03-19T08:31:31.464+0000][30.426s][info ][gc,heap     ] GC(53) Archive regions: 2->2
[2025-03-19T08:31:31.464+0000][30.426s][info ][gc,heap     ] GC(53) Humongous regions: 0->0
[2025-03-19T08:31:31.464+0000][30.426s][info ][gc,metaspace] GC(53) Metaspace: 107881K(108608K)->107881K(108608K) NonClass: 93813K(94208K)->93813K(94208K) Class: 14067K(14400K)->14067K(14400K)
[2025-03-19T08:31:31.464+0000][30.426s][info ][gc          ] GC(53) Pause Young (Normal) (G1 Evacuation Pause) 204M->98M(240M) 23.826ms
[2025-03-19T08:31:31.464+0000][30.426s][info ][gc,cpu      ] GC(53) User=0.09s Sys=0.00s Real=0.03s
[2025-03-19T08:31:31.464+0000][30.426s][info ][safepoint   ] Safepoint "G1CollectForAllocation", Time since last: 75573852 ns, Reaching safepoint: 61129 ns, Cleanup: 12096 ns, At safepoint: 23912858 ns, Total: 23986083 ns
[2025-03-19T08:31:31.729+0000][30.691s][debug][safepoint   ] ... found polling page loop exception at pc = 0x0000735b991b64ac, stub =0x0000735b9898f400
[2025-03-19T08:31:32.164+0000][31.126s][debug][safepoint   ] Safepoint synchronization initiated using futex wait barrier. (36 threads)
[2025-03-19T08:31:32.165+0000][31.126s][info ][gc,start    ] GC(54) Pause Young (Normal) (G1 Evacuation Pause)
[2025-03-19T08:31:32.165+0000][31.126s][info ][gc,task     ] GC(54) Using 4 workers of 4 for evacuation
[2025-03-19T08:31:32.181+0000][31.143s][info ][gc,phases   ] GC(54)   Pre Evacuate Collection Set: 0.1ms
[2025-03-19T08:31:32.181+0000][31.143s][info ][gc,phases   ] GC(54)   Merge Heap Roots: 0.1ms
[2025-03-19T08:31:32.181+0000][31.143s][info ][gc,phases   ] GC(54)   Evacuate Collection Set: 14.7ms
[2025-03-19T08:31:32.181+0000][31.143s][info ][gc,phases   ] GC(54)   Post Evacuate Collection Set: 1.6ms
[2025-03-19T08:31:32.181+0000][31.143s][info ][gc,phases   ] GC(54)   Other: 0.1ms
[2025-03-19T08:31:32.181+0000][31.143s][info ][gc,heap     ] GC(54) Eden regions: 105->0(105)
[2025-03-19T08:31:32.181+0000][31.143s][info ][gc,heap     ] GC(54) Survivor regions: 10->8(15)
[2025-03-19T08:31:32.181+0000][31.143s][info ][gc,heap     ] GC(54) Old regions: 89->92
[2025-03-19T08:31:32.181+0000][31.143s][info ][gc,heap     ] GC(54) Archive regions: 2->2
[2025-03-19T08:31:32.181+0000][31.143s][info ][gc,heap     ] GC(54) Humongous regions: 0->0
[2025-03-19T08:31:32.181+0000][31.143s][info ][gc,metaspace] GC(54) Metaspace: 109783K(110400K)->109783K(110400K) NonClass: 95491K(95808K)->95491K(95808K) Class: 14291K(14592K)->14291K(14592K)
[2025-03-19T08:31:32.181+0000][31.143s][info ][gc          ] GC(54) Pause Young (Normal) (G1 Evacuation Pause) 203M->100M(240M) 16.738ms
[2025-03-19T08:31:32.181+0000][31.143s][info ][gc,cpu      ] GC(54) User=0.05s Sys=0.00s Real=0.01s
[2025-03-19T08:31:32.181+0000][31.143s][info ][safepoint   ] Safepoint "G1CollectForAllocation", Time since last: 700125082 ns, Reaching safepoint: 51013 ns, Cleanup: 148620 ns, At safepoint: 16850573 ns, Total: 17050206 ns
[2025-03-19T08:31:32.916+0000][31.877s][debug][safepoint   ] Safepoint synchronization initiated using futex wait barrier. (40 threads)
[2025-03-19T08:31:32.916+0000][31.877s][info ][gc,start    ] GC(55) Pause Young (Normal) (G1 Evacuation Pause)
[2025-03-19T08:31:32.916+0000][31.877s][info ][gc,task     ] GC(55) Using 4 workers of 4 for evacuation
[2025-03-19T08:31:32.943+0000][31.904s][info ][gc,phases   ] GC(55)   Pre Evacuate Collection Set: 0.1ms
[2025-03-19T08:31:32.943+0000][31.904s][info ][gc,phases   ] GC(55)   Merge Heap Roots: 0.2ms
[2025-03-19T08:31:32.943+0000][31.904s][info ][gc,phases   ] GC(55)   Evacuate Collection Set: 21.3ms
[2025-03-19T08:31:32.943+0000][31.904s][info ][gc,phases   ] GC(55)   Post Evacuate Collection Set: 5.1ms
[2025-03-19T08:31:32.943+0000][31.904s][info ][gc,phases   ] GC(55)   Other: 0.2ms
[2025-03-19T08:31:32.943+0000][31.904s][info ][gc,heap     ] GC(55) Eden regions: 105->0(143)
[2025-03-19T08:31:32.943+0000][31.904s][info ][gc,heap     ] GC(55) Survivor regions: 8->10(15)
[2025-03-19T08:31:32.943+0000][31.905s][info ][gc,heap     ] GC(55) Old regions: 92->92
[2025-03-19T08:31:32.943+0000][31.905s][info ][gc,heap     ] GC(55) Archive regions: 2->2
[2025-03-19T08:31:32.943+0000][31.905s][info ][gc,heap     ] GC(55) Humongous regions: 0->0
[2025-03-19T08:31:32.943+0000][31.905s][info ][gc,metaspace] GC(55) Metaspace: 112472K(113088K)->112472K(113088K) NonClass: 97923K(98240K)->97923K(98240K) Class: 14548K(14848K)->14548K(14848K)
[2025-03-19T08:31:32.943+0000][31.905s][info ][gc          ] GC(55) Pause Young (Normal) (G1 Evacuation Pause) 205M->102M(288M) 27.146ms
[2025-03-19T08:31:32.943+0000][31.905s][info ][gc,cpu      ] GC(55) User=0.10s Sys=0.00s Real=0.02s
[2025-03-19T08:31:32.943+0000][31.905s][info ][safepoint   ] Safepoint "G1CollectForAllocation", Time since last: 734246031 ns, Reaching safepoint: 47096 ns, Cleanup: 102725 ns, At safepoint: 27245764 ns, Total: 27395585 ns
[2025-03-19T08:31:33.351+0000][32.313s][debug][safepoint   ] Safepoint synchronization initiated using futex wait barrier. (40 threads)
[2025-03-19T08:31:33.352+0000][32.313s][info ][safepoint   ] Safepoint "ICBufferFull", Time since last: 408342009 ns, Reaching safepoint: 115075 ns, Cleanup: 133889 ns, At safepoint: 6075 ns, Total: 255039 ns
[2025-03-19T08:31:34.567+0000][33.529s][debug][safepoint   ] Safepoint synchronization initiated using futex wait barrier. (41 threads)
[2025-03-19T08:31:34.576+0000][33.537s][info ][safepoint   ] Safepoint "Cleanup", Time since last: 1215344625 ns, Reaching safepoint: 121022 ns, Cleanup: 165309 ns, At safepoint: 8377909 ns, Total: 8664240 ns
[2025-03-19T08:31:35.050+0000][34.011s][debug][safepoint   ] Safepoint synchronization initiated using futex wait barrier. (42 threads)
[2025-03-19T08:31:35.050+0000][34.011s][info ][gc,start    ] GC(56) Pause Young (Normal) (G1 Evacuation Pause)
[2025-03-19T08:31:35.050+0000][34.011s][info ][gc,task     ] GC(56) Using 4 workers of 4 for evacuation
[2025-03-19T08:31:35.067+0000][34.028s][info ][gc,phases   ] GC(56)   Pre Evacuate Collection Set: 0.1ms
[2025-03-19T08:31:35.067+0000][34.028s][info ][gc,phases   ] GC(56)   Merge Heap Roots: 0.2ms
[2025-03-19T08:31:35.067+0000][34.028s][info ][gc,phases   ] GC(56)   Evacuate Collection Set: 15.3ms
[2025-03-19T08:31:35.067+0000][34.028s][info ][gc,phases   ] GC(56)   Post Evacuate Collection Set: 1.2ms
[2025-03-19T08:31:35.067+0000][34.028s][info ][gc,phases   ] GC(56)   Other: 0.1ms
[2025-03-19T08:31:35.067+0000][34.028s][info ][gc,heap     ] GC(56) Eden regions: 143->0(137)
[2025-03-19T08:31:35.067+0000][34.028s][info ][gc,heap     ] GC(56) Survivor regions: 10->14(20)
[2025-03-19T08:31:35.067+0000][34.028s][info ][gc,heap     ] GC(56) Old regions: 92->92
[2025-03-19T08:31:35.067+0000][34.028s][info ][gc,heap     ] GC(56) Archive regions: 2->2
[2025-03-19T08:31:35.067+0000][34.028s][info ][gc,heap     ] GC(56) Humongous regions: 0->0
[2025-03-19T08:31:35.067+0000][34.028s][info ][gc,metaspace] GC(56) Metaspace: 116029K(116736K)->116029K(116736K) NonClass: 101155K(101504K)->101155K(101504K) Class: 14873K(15232K)->14873K(15232K)
[2025-03-19T08:31:35.067+0000][34.028s][info ][gc          ] GC(56) Pause Young (Normal) (G1 Evacuation Pause) 245M->106M(288M) 16.982ms
[2025-03-19T08:31:35.067+0000][34.028s][info ][gc,cpu      ] GC(56) User=0.05s Sys=0.00s Real=0.02s
[2025-03-19T08:31:35.067+0000][34.028s][info ][safepoint   ] Safepoint "G1CollectForAllocation", Time since last: 473933638 ns, Reaching safepoint: 44176 ns, Cleanup: 93508 ns, At safepoint: 17130067 ns, Total: 17267751 ns
[2025-03-19T08:31:35.572+0000][34.534s][debug][safepoint   ] ... found polling page loop exception at pc = 0x0000735b9908da03, stub =0x0000735b9898eb80
[2025-03-19T08:31:35.995+0000][34.956s][debug][safepoint   ] Safepoint synchronization initiated using futex wait barrier. (45 threads)
[2025-03-19T08:31:35.995+0000][34.956s][info ][gc,start    ] GC(57) Pause Young (Normal) (G1 Evacuation Pause)
[2025-03-19T08:31:35.995+0000][34.956s][info ][gc,task     ] GC(57) Using 4 workers of 4 for evacuation
[2025-03-19T08:31:36.025+0000][34.986s][info ][gc,phases   ] GC(57)   Pre Evacuate Collection Set: 0.1ms
[2025-03-19T08:31:36.025+0000][34.987s][info ][gc,phases   ] GC(57)   Merge Heap Roots: 0.2ms
[2025-03-19T08:31:36.025+0000][34.987s][info ][gc,phases   ] GC(57)   Evacuate Collection Set: 26.3ms
[2025-03-19T08:31:36.025+0000][34.987s][info ][gc,phases   ] GC(57)   Post Evacuate Collection Set: 3.5ms
[2025-03-19T08:31:36.025+0000][34.987s][info ][gc,phases   ] GC(57)   Other: 0.1ms
[2025-03-19T08:31:36.025+0000][34.987s][info ][gc,heap     ] GC(57) Eden regions: 137->0(136)
[2025-03-19T08:31:36.025+0000][34.987s][info ][gc,heap     ] GC(57) Survivor regions: 14->12(19)
[2025-03-19T08:31:36.025+0000][34.987s][info ][gc,heap     ] GC(57) Old regions: 92->97
[2025-03-19T08:31:36.025+0000][34.987s][info ][gc,heap     ] GC(57) Archive regions: 2->2
[2025-03-19T08:31:36.025+0000][34.987s][info ][gc,heap     ] GC(57) Humongous regions: 0->0
[2025-03-19T08:31:36.025+0000][34.987s][info ][gc,metaspace] GC(57) Metaspace: 117580K(118272K)->117580K(118272K) NonClass: 102480K(102848K)->102480K(102848K) Class: 15100K(15424K)->15100K(15424K)
[2025-03-19T08:31:36.025+0000][34.987s][info ][gc          ] GC(57) Pause Young (Normal) (G1 Evacuation Pause) 243M->109M(288M) 30.335ms
[2025-03-19T08:31:36.025+0000][34.987s][info ][gc,cpu      ] GC(57) User=0.10s Sys=0.00s Real=0.03s
[2025-03-19T08:31:36.028+0000][34.990s][info ][safepoint   ] Safepoint "G1CollectForAllocation", Time since last: 927597187 ns, Reaching safepoint: 46235 ns, Cleanup: 156237 ns, At safepoint: 33321250 ns, Total: 33523722 ns
[2025-03-19T08:31:37.415+0000][36.376s][debug][safepoint   ] Safepoint synchronization initiated using futex wait barrier. (45 threads)
[2025-03-19T08:31:37.415+0000][36.376s][info ][gc,start    ] GC(58) Pause Young (Normal) (G1 Evacuation Pause)
[2025-03-19T08:31:37.415+0000][36.376s][info ][gc,task     ] GC(58) Using 4 workers of 4 for evacuation
[2025-03-19T08:31:37.448+0000][36.410s][info ][gc,phases   ] GC(58)   Pre Evacuate Collection Set: 0.1ms
[2025-03-19T08:31:37.449+0000][36.410s][info ][gc,phases   ] GC(58)   Merge Heap Roots: 0.3ms
[2025-03-19T08:31:37.449+0000][36.410s][info ][gc,phases   ] GC(58)   Evacuate Collection Set: 30.8ms
[2025-03-19T08:31:37.449+0000][36.410s][info ][gc,phases   ] GC(58)   Post Evacuate Collection Set: 2.4ms
[2025-03-19T08:31:37.449+0000][36.410s][info ][gc,phases   ] GC(58)   Other: 0.1ms
[2025-03-19T08:31:37.449+0000][36.410s][info ][gc,heap     ] GC(58) Eden regions: 136->0(130)
[2025-03-19T08:31:37.449+0000][36.410s][info ][gc,heap     ] GC(58) Survivor regions: 12->14(19)
[2025-03-19T08:31:37.449+0000][36.410s][info ][gc,heap     ] GC(58) Old regions: 97->99
[2025-03-19T08:31:37.449+0000][36.410s][info ][gc,heap     ] GC(58) Archive regions: 2->2
[2025-03-19T08:31:37.449+0000][36.410s][info ][gc,heap     ] GC(58) Humongous regions: 0->0
[2025-03-19T08:31:37.449+0000][36.410s][info ][gc,metaspace] GC(58) Metaspace: 124678K(125632K)->124678K(125632K) NonClass: 108732K(109248K)->108732K(109248K) Class: 15946K(16384K)->15946K(16384K)
[2025-03-19T08:31:37.449+0000][36.410s][info ][gc          ] GC(58) Pause Young (Normal) (G1 Evacuation Pause) 245M->113M(288M) 33.932ms
[2025-03-19T08:31:37.449+0000][36.410s][info ][gc,cpu      ] GC(58) User=0.09s Sys=0.00s Real=0.03s
[2025-03-19T08:31:37.449+0000][36.410s][info ][safepoint   ] Safepoint "G1CollectForAllocation", Time since last: 1386498769 ns, Reaching safepoint: 63228 ns, Cleanup: 151889 ns, At safepoint: 34031085 ns, Total: 34246202 ns
[2025-03-19T08:31:38.487+0000][37.449s][debug][safepoint   ] Safepoint synchronization initiated using futex wait barrier. (53 threads)
[2025-03-19T08:31:38.488+0000][37.449s][info ][gc,start    ] GC(59) Pause Young (Normal) (G1 Evacuation Pause)
[2025-03-19T08:31:38.488+0000][37.449s][info ][gc,task     ] GC(59) Using 4 workers of 4 for evacuation
[2025-03-19T08:31:38.512+0000][37.473s][info ][gc,phases   ] GC(59)   Pre Evacuate Collection Set: 0.1ms
[2025-03-19T08:31:38.512+0000][37.473s][info ][gc,phases   ] GC(59)   Merge Heap Roots: 0.2ms
[2025-03-19T08:31:38.512+0000][37.473s][info ][gc,phases   ] GC(59)   Evacuate Collection Set: 21.4ms
[2025-03-19T08:31:38.512+0000][37.473s][info ][gc,phases   ] GC(59)   Post Evacuate Collection Set: 2.3ms
[2025-03-19T08:31:38.512+0000][37.473s][info ][gc,phases   ] GC(59)   Other: 0.1ms
[2025-03-19T08:31:38.512+0000][37.473s][info ][gc,heap     ] GC(59) Eden regions: 130->0(129)
[2025-03-19T08:31:38.512+0000][37.473s][info ][gc,heap     ] GC(59) Survivor regions: 14->11(18)
[2025-03-19T08:31:38.512+0000][37.473s][info ][gc,heap     ] GC(59) Old regions: 99->105
[2025-03-19T08:31:38.512+0000][37.473s][info ][gc,heap     ] GC(59) Archive regions: 2->2
[2025-03-19T08:31:38.512+0000][37.473s][info ][gc,heap     ] GC(59) Humongous regions: 1->0
[2025-03-19T08:31:38.512+0000][37.473s][info ][gc,metaspace] GC(59) Metaspace: 130714K(131712K)->130714K(131712K) NonClass: 114221K(114752K)->114221K(114752K) Class: 16492K(16960K)->16492K(16960K)
[2025-03-19T08:31:38.512+0000][37.474s][info ][gc          ] GC(59) Pause Young (Normal) (G1 Evacuation Pause) 244M->116M(288M) 24.302ms
[2025-03-19T08:31:38.512+0000][37.474s][info ][gc,cpu      ] GC(59) User=0.08s Sys=0.00s Real=0.02s
[2025-03-19T08:31:38.512+0000][37.474s][info ][safepoint   ] Safepoint "G1CollectForAllocation", Time since last: 1038610017 ns, Reaching safepoint: 54627 ns, Cleanup: 157992 ns, At safepoint: 24437539 ns, Total: 24650158 ns
[2025-03-19T08:31:39.195+0000][38.157s][debug][safepoint   ] Safepoint synchronization initiated using futex wait barrier. (54 threads)
[2025-03-19T08:31:39.195+0000][38.157s][info ][gc,start    ] GC(60) Pause Young (Normal) (G1 Evacuation Pause)
[2025-03-19T08:31:39.195+0000][38.157s][info ][gc,task     ] GC(60) Using 4 workers of 4 for evacuation
[2025-03-19T08:31:39.209+0000][38.171s][info ][gc,phases   ] GC(60)   Pre Evacuate Collection Set: 0.1ms
[2025-03-19T08:31:39.209+0000][38.171s][info ][gc,phases   ] GC(60)   Merge Heap Roots: 0.1ms
[2025-03-19T08:31:39.209+0000][38.171s][info ][gc,phases   ] GC(60)   Evacuate Collection Set: 11.7ms
[2025-03-19T08:31:39.209+0000][38.171s][info ][gc,phases   ] GC(60)   Post Evacuate Collection Set: 1.7ms
[2025-03-19T08:31:39.209+0000][38.171s][info ][gc,phases   ] GC(60)   Other: 0.1ms
[2025-03-19T08:31:39.209+0000][38.171s][info ][gc,heap     ] GC(60) Eden regions: 129->0(130)
[2025-03-19T08:31:39.209+0000][38.171s][info ][gc,heap     ] GC(60) Survivor regions: 11->9(18)
[2025-03-19T08:31:39.209+0000][38.171s][info ][gc,heap     ] GC(60) Old regions: 105->108
[2025-03-19T08:31:39.209+0000][38.171s][info ][gc,heap     ] GC(60) Archive regions: 2->2
[2025-03-19T08:31:39.209+0000][38.171s][info ][gc,heap     ] GC(60) Humongous regions: 0->0
[2025-03-19T08:31:39.209+0000][38.171s][info ][gc,metaspace] GC(60) Metaspace: 133876K(134912K)->133876K(134912K) NonClass: 116974K(117504K)->116974K(117504K) Class: 16901K(17408K)->16901K(17408K)
[2025-03-19T08:31:39.209+0000][38.171s][info ][gc          ] GC(60) Pause Young (Normal) (G1 Evacuation Pause) 245M->117M(288M) 13.728ms
[2025-03-19T08:31:39.209+0000][38.171s][info ][gc,cpu      ] GC(60) User=0.04s Sys=0.00s Real=0.01s
[2025-03-19T08:31:39.209+0000][38.171s][info ][safepoint   ] Safepoint "G1CollectForAllocation", Time since last: 683180178 ns, Reaching safepoint: 43977 ns, Cleanup: 10929 ns, At safepoint: 13786622 ns, Total: 13841528 ns
[2025-03-19T08:31:39.910+0000][38.871s][debug][safepoint   ] ... found polling page loop exception at pc = 0x0000735b996c102e, stub =0x0000735b9898f400
[2025-03-19T08:31:40.412+0000][39.374s][debug][safepoint   ] Safepoint synchronization initiated using futex wait barrier. (54 threads)
[2025-03-19T08:31:40.412+0000][39.374s][info ][safepoint   ] Safepoint "Cleanup", Time since last: 1203122853 ns, Reaching safepoint: 53642 ns, Cleanup: 107810 ns, At safepoint: 2779 ns, Total: 164231 ns
[2025-03-19T08:31:40.667+0000][39.628s][debug][safepoint   ] Safepoint synchronization initiated using futex wait barrier. (54 threads)
[2025-03-19T08:31:40.667+0000][39.628s][info ][gc,start    ] GC(61) Pause Young (Normal) (G1 Evacuation Pause)
[2025-03-19T08:31:40.667+0000][39.628s][info ][gc,task     ] GC(61) Using 4 workers of 4 for evacuation
[2025-03-19T08:31:40.725+0000][39.687s][info ][gc,phases   ] GC(61)   Pre Evacuate Collection Set: 0.2ms
[2025-03-19T08:31:40.725+0000][39.687s][info ][gc,phases   ] GC(61)   Merge Heap Roots: 0.2ms
[2025-03-19T08:31:40.725+0000][39.687s][info ][gc,phases   ] GC(61)   Evacuate Collection Set: 54.8ms
[2025-03-19T08:31:40.725+0000][39.687s][info ][gc,phases   ] GC(61)   Post Evacuate Collection Set: 3.2ms
[2025-03-19T08:31:40.725+0000][39.687s][info ][gc,phases   ] GC(61)   Other: 0.1ms
[2025-03-19T08:31:40.725+0000][39.687s][info ][gc,heap     ] GC(61) Eden regions: 130->0(125)
[2025-03-19T08:31:40.725+0000][39.687s][info ][gc,heap     ] GC(61) Survivor regions: 9->12(18)
[2025-03-19T08:31:40.725+0000][39.687s][info ][gc,heap     ] GC(61) Old regions: 108->108
[2025-03-19T08:31:40.725+0000][39.687s][info ][gc,heap     ] GC(61) Archive regions: 2->2
[2025-03-19T08:31:40.725+0000][39.687s][info ][gc,heap     ] GC(61) Humongous regions: 0->0
[2025-03-19T08:31:40.725+0000][39.687s][info ][gc,metaspace] GC(61) Metaspace: 136322K(137344K)->136322K(137344K) NonClass: 119245K(119808K)->119245K(119808K) Class: 17077K(17536K)->17077K(17536K)
[2025-03-19T08:31:40.726+0000][39.687s][info ][gc          ] GC(61) Pause Young (Normal) (G1 Evacuation Pause) 247M->120M(288M) 58.623ms
[2025-03-19T08:31:40.726+0000][39.687s][info ][gc,cpu      ] GC(61) User=0.12s Sys=0.00s Real=0.06s
[2025-03-19T08:31:40.726+0000][39.687s][info ][safepoint   ] Safepoint "G1CollectForAllocation", Time since last: 254433103 ns, Reaching safepoint: 51385 ns, Cleanup: 33731 ns, At safepoint: 58796782 ns, Total: 58881898 ns
[2025-03-19T08:31:41.683+0000][40.645s][debug][safepoint   ] Safepoint synchronization initiated using futex wait barrier. (54 threads)
[2025-03-19T08:31:41.684+0000][40.645s][info ][gc,start    ] GC(62) Pause Young (Normal) (G1 Evacuation Pause)
[2025-03-19T08:31:41.684+0000][40.645s][info ][gc,task     ] GC(62) Using 4 workers of 4 for evacuation
[2025-03-19T08:31:41.720+0000][40.682s][info ][gc,phases   ] GC(62)   Pre Evacuate Collection Set: 0.1ms
[2025-03-19T08:31:41.720+0000][40.682s][info ][gc,phases   ] GC(62)   Merge Heap Roots: 0.2ms
[2025-03-19T08:31:41.720+0000][40.682s][info ][gc,phases   ] GC(62)   Evacuate Collection Set: 32.9ms
[2025-03-19T08:31:41.720+0000][40.682s][info ][gc,phases   ] GC(62)   Post Evacuate Collection Set: 3.5ms
[2025-03-19T08:31:41.720+0000][40.682s][info ][gc,phases   ] GC(62)   Other: 0.1ms
[2025-03-19T08:31:41.720+0000][40.682s][info ][gc,heap     ] GC(62) Eden regions: 125->0(120)
[2025-03-19T08:31:41.720+0000][40.682s][info ][gc,heap     ] GC(62) Survivor regions: 12->12(18)
[2025-03-19T08:31:41.720+0000][40.682s][info ][gc,heap     ] GC(62) Old regions: 108->113
[2025-03-19T08:31:41.720+0000][40.682s][info ][gc,heap     ] GC(62) Archive regions: 2->2
[2025-03-19T08:31:41.720+0000][40.682s][info ][gc,heap     ] GC(62) Humongous regions: 0->0
[2025-03-19T08:31:41.720+0000][40.682s][info ][gc,metaspace] GC(62) Metaspace: 138387K(139392K)->138387K(139392K) NonClass: 121211K(121728K)->121211K(121728K) Class: 17176K(17664K)->17176K(17664K)
[2025-03-19T08:31:41.720+0000][40.682s][info ][gc          ] GC(62) Pause Young (Normal) (G1 Evacuation Pause) 245M->125M(288M) 36.945ms
[2025-03-19T08:31:41.721+0000][40.682s][info ][gc,cpu      ] GC(62) User=0.08s Sys=0.00s Real=0.04s
[2025-03-19T08:31:41.724+0000][40.686s][info ][safepoint   ] Safepoint "G1CollectForAllocation", Time since last: 957768892 ns, Reaching safepoint: 50377 ns, Cleanup: 56938 ns, At safepoint: 40479879 ns, Total: 40587194 ns
[2025-03-19T08:31:42.725+0000][41.686s][debug][safepoint   ] Safepoint synchronization initiated using futex wait barrier. (58 threads)
[2025-03-19T08:31:42.727+0000][41.689s][info ][safepoint   ] Safepoint "Cleanup", Time since last: 1000781535 ns, Reaching safepoint: 2234959 ns, Cleanup: 37522 ns, At safepoint: 17787 ns, Total: 2290268 ns
[2025-03-19T08:31:42.812+0000][41.773s][debug][safepoint   ] Safepoint synchronization initiated using futex wait barrier. (58 threads)
[2025-03-19T08:31:42.812+0000][41.774s][info ][gc,start    ] GC(63) Pause Young (Normal) (G1 Evacuation Pause)
[2025-03-19T08:31:42.812+0000][41.774s][info ][gc,task     ] GC(63) Using 4 workers of 4 for evacuation
[2025-03-19T08:31:42.868+0000][41.830s][info ][gc,phases   ] GC(63)   Pre Evacuate Collection Set: 0.1ms
[2025-03-19T08:31:42.868+0000][41.830s][info ][gc,phases   ] GC(63)   Merge Heap Roots: 0.2ms
[2025-03-19T08:31:42.868+0000][41.830s][info ][gc,phases   ] GC(63)   Evacuate Collection Set: 47.4ms
[2025-03-19T08:31:42.868+0000][41.830s][info ][gc,phases   ] GC(63)   Post Evacuate Collection Set: 7.6ms
[2025-03-19T08:31:42.868+0000][41.830s][info ][gc,phases   ] GC(63)   Other: 0.2ms
[2025-03-19T08:31:42.868+0000][41.830s][info ][gc,heap     ] GC(63) Eden regions: 120->0(165)
[2025-03-19T08:31:42.868+0000][41.830s][info ][gc,heap     ] GC(63) Survivor regions: 12->14(17)
[2025-03-19T08:31:42.868+0000][41.830s][info ][gc,heap     ] GC(63) Old regions: 113->116
[2025-03-19T08:31:42.868+0000][41.830s][info ][gc,heap     ] GC(63) Archive regions: 2->2
[2025-03-19T08:31:42.868+0000][41.830s][info ][gc,heap     ] GC(63) Humongous regions: 0->0
[2025-03-19T08:31:42.868+0000][41.830s][info ][gc,metaspace] GC(63) Metaspace: 140926K(142016K)->140926K(142016K) NonClass: 123600K(124160K)->123600K(124160K) Class: 17325K(17856K)->17325K(17856K)
[2025-03-19T08:31:42.868+0000][41.830s][info ][gc          ] GC(63) Pause Young (Normal) (G1 Evacuation Pause) 245M->129M(346M) 55.702ms
[2025-03-19T08:31:42.868+0000][41.830s][info ][gc,cpu      ] GC(63) User=0.12s Sys=0.01s Real=0.06s
[2025-03-19T08:31:42.870+0000][41.832s][info ][safepoint   ] Safepoint "G1CollectForAllocation", Time since last: 84633726 ns, Reaching safepoint: 683688 ns, Cleanup: 4831 ns, At safepoint: 57612440 ns, Total: 58300959 ns
[2025-03-19T08:31:43.330+0000][42.292s][debug][safepoint   ] Safepoint synchronization initiated using futex wait barrier. (58 threads)
[2025-03-19T08:31:43.331+0000][42.292s][info ][gc,start    ] GC(64) Pause Young (Concurrent Start) (Metadata GC Threshold)
[2025-03-19T08:31:43.331+0000][42.292s][info ][gc,task     ] GC(64) Using 4 workers of 4 for evacuation
[2025-03-19T08:31:43.368+0000][42.330s][info ][gc,phases   ] GC(64)   Pre Evacuate Collection Set: 0.3ms
[2025-03-19T08:31:43.368+0000][42.330s][info ][gc,phases   ] GC(64)   Merge Heap Roots: 0.2ms
[2025-03-19T08:31:43.368+0000][42.330s][info ][gc,phases   ] GC(64)   Evacuate Collection Set: 34.5ms
[2025-03-19T08:31:43.368+0000][42.330s][info ][gc,phases   ] GC(64)   Post Evacuate Collection Set: 2.6ms
[2025-03-19T08:31:43.368+0000][42.330s][info ][gc,phases   ] GC(64)   Other: 0.2ms
[2025-03-19T08:31:43.368+0000][42.330s][info ][gc,heap     ] GC(64) Eden regions: 48->0(164)
[2025-03-19T08:31:43.368+0000][42.330s][info ][gc,heap     ] GC(64) Survivor regions: 14->12(23)
[2025-03-19T08:31:43.368+0000][42.330s][info ][gc,heap     ] GC(64) Old regions: 116->120
[2025-03-19T08:31:43.368+0000][42.330s][info ][gc,heap     ] GC(64) Archive regions: 2->2
[2025-03-19T08:31:43.368+0000][42.330s][info ][gc,heap     ] GC(64) Humongous regions: 0->0
[2025-03-19T08:31:43.368+0000][42.330s][info ][gc,metaspace] GC(64) Metaspace: 142620K(143680K)->142620K(143680K) NonClass: 125149K(125696K)->125149K(125696K) Class: 17471K(17984K)->17471K(17984K)
[2025-03-19T08:31:43.368+0000][42.330s][info ][gc          ] GC(64) Pause Young (Concurrent Start) (Metadata GC Threshold) 177M->131M(346M) 37.728ms
[2025-03-19T08:31:43.368+0000][42.330s][info ][gc,cpu      ] GC(64) User=0.10s Sys=0.01s Real=0.04s
[2025-03-19T08:31:43.368+0000][42.330s][info ][gc          ] GC(65) Concurrent Mark Cycle
[2025-03-19T08:31:43.368+0000][42.330s][info ][gc,marking  ] GC(65) Concurrent Clear Claimed Marks
[2025-03-19T08:31:43.369+0000][42.330s][info ][gc,marking  ] GC(65) Concurrent Clear Claimed Marks 0.141ms
[2025-03-19T08:31:43.369+0000][42.330s][info ][gc,marking  ] GC(65) Concurrent Scan Root Regions
[2025-03-19T08:31:43.369+0000][42.330s][info ][safepoint   ] Safepoint "CollectForMetadataAllocation", Time since last: 460454273 ns, Reaching safepoint: 55112 ns, Cleanup: 56753 ns, At safepoint: 38044601 ns, Total: 38156466 ns
[2025-03-19T08:31:43.398+0000][42.360s][debug][safepoint   ] Safepoint synchronization initiated using futex wait barrier. (58 threads)
[2025-03-19T08:31:43.399+0000][42.360s][info ][safepoint   ] Safepoint "CollectForMetadataAllocation", Time since last: 29813292 ns, Reaching safepoint: 53371 ns, Cleanup: 11358 ns, At safepoint: 33869 ns, Total: 98598 ns
[2025-03-19T08:31:43.414+0000][42.376s][info ][gc,marking  ] GC(65) Concurrent Scan Root Regions 45.341ms
[2025-03-19T08:31:43.414+0000][42.376s][info ][gc,marking  ] GC(65) Concurrent Mark
[2025-03-19T08:31:43.414+0000][42.376s][info ][gc,marking  ] GC(65) Concurrent Mark From Roots
[2025-03-19T08:31:43.414+0000][42.376s][info ][gc,task     ] GC(65) Using 1 workers of 1 for marking
[2025-03-19T08:31:43.440+0000][42.402s][debug][safepoint   ] Safepoint synchronization initiated using futex wait barrier. (59 threads)
[2025-03-19T08:31:43.440+0000][42.402s][info ][safepoint   ] Safepoint "CollectForMetadataAllocation", Time since last: 41502403 ns, Reaching safepoint: 67897 ns, Cleanup: 14134 ns, At safepoint: 29825 ns, Total: 111856 ns
[2025-03-19T08:31:43.516+0000][42.477s][debug][safepoint   ] Safepoint synchronization initiated using futex wait barrier. (59 threads)
[2025-03-19T08:31:43.516+0000][42.477s][info ][safepoint   ] Safepoint "CollectForMetadataAllocation", Time since last: 75515948 ns, Reaching safepoint: 156128 ns, Cleanup: 23754 ns, At safepoint: 46522 ns, Total: 226404 ns
[2025-03-19T08:31:43.617+0000][42.578s][debug][safepoint   ] Safepoint synchronization initiated using futex wait barrier. (60 threads)
[2025-03-19T08:31:43.617+0000][42.579s][info ][safepoint   ] Safepoint "CollectForMetadataAllocation", Time since last: 100829120 ns, Reaching safepoint: 138647 ns, Cleanup: 4637 ns, At safepoint: 53587 ns, Total: 196871 ns
[2025-03-19T08:31:43.685+0000][42.646s][debug][safepoint   ] Safepoint synchronization initiated using futex wait barrier. (60 threads)
[2025-03-19T08:31:43.686+0000][42.648s][info ][safepoint   ] Safepoint "CollectForMetadataAllocation", Time since last: 67507405 ns, Reaching safepoint: 166964 ns, Cleanup: 3926 ns, At safepoint: 1333462 ns, Total: 1504352 ns
[2025-03-19T08:31:43.689+0000][42.651s][debug][safepoint   ] Safepoint synchronization initiated using futex wait barrier. (60 threads)
[2025-03-19T08:31:43.689+0000][42.651s][info ][safepoint   ] Safepoint "CollectForMetadataAllocation", Time since last: 3296397 ns, Reaching safepoint: 36232 ns, Cleanup: 3428 ns, At safepoint: 4698 ns, Total: 44358 ns
[2025-03-19T08:31:43.733+0000][42.694s][debug][safepoint   ] Safepoint synchronization initiated using futex wait barrier. (60 threads)
[2025-03-19T08:31:43.733+0000][42.695s][info ][safepoint   ] Safepoint "CollectForMetadataAllocation", Time since last: 43440046 ns, Reaching safepoint: 156585 ns, Cleanup: 13300 ns, At safepoint: 33540 ns, Total: 203425 ns
[2025-03-19T08:31:43.759+0000][42.720s][debug][safepoint   ] Safepoint synchronization initiated using futex wait barrier. (60 threads)
[2025-03-19T08:31:43.759+0000][42.720s][info ][safepoint   ] Safepoint "CollectForMetadataAllocation", Time since last: 25192683 ns, Reaching safepoint: 538745 ns, Cleanup: 4893 ns, At safepoint: 47436 ns, Total: 591074 ns
[2025-03-19T08:31:43.759+0000][42.721s][debug][safepoint   ] Safepoint synchronization initiated using futex wait barrier. (60 threads)
[2025-03-19T08:31:43.759+0000][42.721s][info ][safepoint   ] Safepoint "CollectForMetadataAllocation", Time since last: 186628 ns, Reaching safepoint: 396746 ns, Cleanup: 2390 ns, At safepoint: 8236 ns, Total: 407372 ns
[2025-03-19T08:31:43.806+0000][42.767s][debug][safepoint   ] Safepoint synchronization initiated using futex wait barrier. (60 threads)
[2025-03-19T08:31:43.806+0000][42.767s][info ][safepoint   ] Safepoint "CollectForMetadataAllocation", Time since last: 44956716 ns, Reaching safepoint: 1368248 ns, Cleanup: 15483 ns, At safepoint: 54130 ns, Total: 1437861 ns
[2025-03-19T08:31:43.812+0000][42.774s][debug][safepoint   ] Safepoint synchronization initiated using futex wait barrier. (60 threads)
[2025-03-19T08:31:43.812+0000][42.774s][debug][safepoint   ] ... found polling page loop exception at pc = 0x0000735b99049b8f, stub =0x0000735b9898f400
[2025-03-19T08:31:43.816+0000][42.778s][info ][safepoint   ] Safepoint "CollectForMetadataAllocation", Time since last: 6357917 ns, Reaching safepoint: 194510 ns, Cleanup: 4020 ns, At safepoint: 4133162 ns, Total: 4331692 ns
[2025-03-19T08:31:43.858+0000][42.820s][debug][safepoint   ] Safepoint synchronization initiated using futex wait barrier. (64 threads)
[2025-03-19T08:31:43.858+0000][42.820s][info ][safepoint   ] Safepoint "CollectForMetadataAllocation", Time since last: 41365508 ns, Reaching safepoint: 352297 ns, Cleanup: 4251 ns, At safepoint: 20712 ns, Total: 377260 ns
[2025-03-19T08:31:43.859+0000][42.820s][debug][safepoint   ] Safepoint synchronization initiated using futex wait barrier. (64 threads)
[2025-03-19T08:31:43.859+0000][42.821s][info ][safepoint   ] Safepoint "CollectForMetadataAllocation", Time since last: 553799 ns, Reaching safepoint: 707465 ns, Cleanup: 3268 ns, At safepoint: 16555 ns, Total: 727288 ns
[2025-03-19T08:31:43.890+0000][42.852s][debug][safepoint   ] Safepoint synchronization initiated using futex wait barrier. (66 threads)
[2025-03-19T08:31:43.890+0000][42.852s][info ][safepoint   ] Safepoint "CollectForMetadataAllocation", Time since last: 30660695 ns, Reaching safepoint: 65383 ns, Cleanup: 29709 ns, At safepoint: 99565 ns, Total: 194657 ns
[2025-03-19T08:31:43.900+0000][42.861s][info ][gc,marking  ] GC(65) Concurrent Mark From Roots 485.483ms
[2025-03-19T08:31:43.900+0000][42.861s][info ][gc,marking  ] GC(65) Concurrent Preclean
[2025-03-19T08:31:43.900+0000][42.861s][info ][gc,marking  ] GC(65) Concurrent Preclean 0.228ms
[2025-03-19T08:31:43.900+0000][42.861s][debug][safepoint   ] Safepoint synchronization initiated using futex wait barrier. (66 threads)
[2025-03-19T08:31:43.900+0000][42.862s][info ][gc,start    ] GC(65) Pause Remark
[2025-03-19T08:31:43.913+0000][42.874s][info ][gc          ] GC(65) Pause Remark 187M->187M(346M) 12.861ms
[2025-03-19T08:31:43.913+0000][42.874s][info ][gc,cpu      ] GC(65) User=0.02s Sys=0.00s Real=0.01s
[2025-03-19T08:31:43.913+0000][42.874s][info ][safepoint   ] Safepoint "G1PauseRemark", Time since last: 9553093 ns, Reaching safepoint: 96764 ns, Cleanup: 4651 ns, At safepoint: 12949587 ns, Total: 13051002 ns
[2025-03-19T08:31:43.914+0000][42.876s][info ][gc,marking  ] GC(65) Concurrent Mark 500.065ms
[2025-03-19T08:31:43.914+0000][42.876s][info ][gc,marking  ] GC(65) Concurrent Rebuild Remembered Sets
[2025-03-19T08:31:44.039+0000][43.001s][info ][cds,heap    ] initialize_from_archived_subgraph jdk.internal.math.FDBigInteger 0x0000735b2f14d8f0
[2025-03-19T08:31:44.061+0000][43.023s][info ][gc,marking  ] GC(65) Concurrent Rebuild Remembered Sets 146.920ms
[2025-03-19T08:31:44.062+0000][43.024s][debug][safepoint   ] Safepoint synchronization initiated using futex wait barrier. (66 threads)
[2025-03-19T08:31:44.062+0000][43.024s][info ][gc,start    ] GC(65) Pause Cleanup
[2025-03-19T08:31:44.062+0000][43.024s][info ][gc          ] GC(65) Pause Cleanup 205M->205M(346M) 0.129ms
[2025-03-19T08:31:44.062+0000][43.024s][info ][gc,cpu      ] GC(65) User=0.00s Sys=0.00s Real=0.00s
[2025-03-19T08:31:44.062+0000][43.024s][info ][safepoint   ] Safepoint "G1PauseCleanup", Time since last: 149158186 ns, Reaching safepoint: 103581 ns, Cleanup: 14614 ns, At safepoint: 168024 ns, Total: 286219 ns
[2025-03-19T08:31:44.064+0000][43.026s][info ][gc,marking  ] GC(65) Concurrent Cleanup for Next Mark
[2025-03-19T08:31:44.065+0000][43.027s][info ][gc,marking  ] GC(65) Concurrent Cleanup for Next Mark 1.140ms
[2025-03-19T08:31:44.065+0000][43.027s][info ][gc          ] GC(65) Concurrent Mark Cycle 696.838ms
[2025-03-19T08:31:44.853+0000][43.815s][debug][safepoint   ] Safepoint synchronization initiated using futex wait barrier. (80 threads)
[2025-03-19T08:31:44.853+0000][43.815s][info ][gc,start    ] GC(66) Pause Young (Prepare Mixed) (G1 Evacuation Pause)
[2025-03-19T08:31:44.853+0000][43.815s][info ][gc,task     ] GC(66) Using 4 workers of 4 for evacuation
[2025-03-19T08:31:44.886+0000][43.848s][info ][gc,phases   ] GC(66)   Pre Evacuate Collection Set: 0.1ms
[2025-03-19T08:31:44.886+0000][43.848s][info ][gc,phases   ] GC(66)   Merge Heap Roots: 0.3ms
[2025-03-19T08:31:44.886+0000][43.848s][info ][gc,phases   ] GC(66)   Evacuate Collection Set: 29.4ms
[2025-03-19T08:31:44.886+0000][43.848s][info ][gc,phases   ] GC(66)   Post Evacuate Collection Set: 2.8ms
[2025-03-19T08:31:44.886+0000][43.848s][info ][gc,phases   ] GC(66)   Other: 0.1ms
[2025-03-19T08:31:44.886+0000][43.848s][info ][gc,heap     ] GC(66) Eden regions: 164->0(3)
[2025-03-19T08:31:44.886+0000][43.848s][info ][gc,heap     ] GC(66) Survivor regions: 12->14(22)
[2025-03-19T08:31:44.886+0000][43.848s][info ][gc,heap     ] GC(66) Old regions: 120->120
[2025-03-19T08:31:44.886+0000][43.848s][info ][gc,heap     ] GC(66) Archive regions: 2->2
[2025-03-19T08:31:44.886+0000][43.848s][info ][gc,heap     ] GC(66) Humongous regions: 0->0
[2025-03-19T08:31:44.886+0000][43.848s][info ][gc,metaspace] GC(66) Metaspace: 149138K(150272K)->149138K(150272K) NonClass: 130851K(131456K)->130851K(131456K) Class: 18287K(18816K)->18287K(18816K)
[2025-03-19T08:31:44.886+0000][43.848s][info ][gc          ] GC(66) Pause Young (Prepare Mixed) (G1 Evacuation Pause) 295M->134M(346M) 32.898ms
[2025-03-19T08:31:44.886+0000][43.848s][info ][gc,cpu      ] GC(66) User=0.10s Sys=0.00s Real=0.04s
[2025-03-19T08:31:44.887+0000][43.848s][info ][safepoint   ] Safepoint "G1CollectForAllocation", Time since last: 790790038 ns, Reaching safepoint: 128153 ns, Cleanup: 101090 ns, At safepoint: 33263155 ns, Total: 33492398 ns
[2025-03-19T08:31:44.915+0000][43.876s][debug][safepoint   ] Safepoint synchronization initiated using futex wait barrier. (80 threads)
[2025-03-19T08:31:44.915+0000][43.876s][info ][gc,start    ] GC(67) Pause Young (Mixed) (G1 Evacuation Pause)
[2025-03-19T08:31:44.915+0000][43.876s][info ][gc,task     ] GC(67) Using 4 workers of 4 for evacuation
[2025-03-19T08:31:44.957+0000][43.919s][info ][gc,phases   ] GC(67)   Pre Evacuate Collection Set: 0.1ms
[2025-03-19T08:31:44.958+0000][43.919s][info ][gc,phases   ] GC(67)   Merge Heap Roots: 0.4ms
[2025-03-19T08:31:44.958+0000][43.919s][info ][gc,phases   ] GC(67)   Evacuate Collection Set: 39.5ms
[2025-03-19T08:31:44.958+0000][43.919s][info ][gc,phases   ] GC(67)   Post Evacuate Collection Set: 2.4ms
[2025-03-19T08:31:44.958+0000][43.919s][info ][gc,phases   ] GC(67)   Other: 0.1ms
[2025-03-19T08:31:44.958+0000][43.919s][info ][gc,heap     ] GC(67) Eden regions: 3->0(162)
[2025-03-19T08:31:44.958+0000][43.919s][info ][gc,heap     ] GC(67) Survivor regions: 14->2(3)
[2025-03-19T08:31:44.958+0000][43.919s][info ][gc,heap     ] GC(67) Old regions: 120->131
[2025-03-19T08:31:44.958+0000][43.919s][info ][gc,heap     ] GC(67) Archive regions: 2->2
[2025-03-19T08:31:44.958+0000][43.919s][info ][gc,heap     ] GC(67) Humongous regions: 0->0
[2025-03-19T08:31:44.958+0000][43.919s][info ][gc,metaspace] GC(67) Metaspace: 149188K(150272K)->149188K(150272K) NonClass: 130896K(131456K)->130896K(131456K) Class: 18292K(18816K)->18292K(18816K)
[2025-03-19T08:31:44.958+0000][43.919s][info ][gc          ] GC(67) Pause Young (Mixed) (G1 Evacuation Pause) 137M->133M(346M) 42.766ms
[2025-03-19T08:31:44.958+0000][43.919s][info ][gc,cpu      ] GC(67) User=0.09s Sys=0.00s Real=0.04s
[2025-03-19T08:31:44.958+0000][43.920s][info ][safepoint   ] Safepoint "G1CollectForAllocation", Time since last: 28161187 ns, Reaching safepoint: 58961 ns, Cleanup: 13014 ns, At safepoint: 43486370 ns, Total: 43558345 ns
[2025-03-19T08:31:45.947+0000][44.909s][debug][safepoint   ] Safepoint synchronization initiated using futex wait barrier. (81 threads)
[2025-03-19T08:31:45.948+0000][44.909s][info ][gc,start    ] GC(68) Pause Young (Concurrent Start) (G1 Evacuation Pause)
[2025-03-19T08:31:45.948+0000][44.909s][info ][gc,task     ] GC(68) Using 4 workers of 4 for evacuation
[2025-03-19T08:31:45.969+0000][44.931s][info ][gc,phases   ] GC(68)   Pre Evacuate Collection Set: 0.3ms
[2025-03-19T08:31:45.969+0000][44.931s][info ][gc,phases   ] GC(68)   Merge Heap Roots: 0.2ms
[2025-03-19T08:31:45.969+0000][44.931s][info ][gc,phases   ] GC(68)   Evacuate Collection Set: 17.1ms
[2025-03-19T08:31:45.969+0000][44.931s][info ][gc,phases   ] GC(68)   Post Evacuate Collection Set: 3.7ms
[2025-03-19T08:31:45.969+0000][44.931s][info ][gc,phases   ] GC(68)   Other: 0.2ms
[2025-03-19T08:31:45.969+0000][44.931s][info ][gc,heap     ] GC(68) Eden regions: 162->0(163)
[2025-03-19T08:31:45.969+0000][44.931s][info ][gc,heap     ] GC(68) Survivor regions: 2->3(21)
[2025-03-19T08:31:45.969+0000][44.931s][info ][gc,heap     ] GC(68) Old regions: 131->131
[2025-03-19T08:31:45.969+0000][44.931s][info ][gc,heap     ] GC(68) Archive regions: 2->2
[2025-03-19T08:31:45.969+0000][44.931s][info ][gc,heap     ] GC(68) Humongous regions: 0->0
[2025-03-19T08:31:45.969+0000][44.931s][info ][gc,metaspace] GC(68) Metaspace: 151455K(152576K)->151455K(152576K) NonClass: 132855K(133440K)->132855K(133440K) Class: 18600K(19136K)->18600K(19136K)
[2025-03-19T08:31:45.969+0000][44.931s][info ][gc          ] GC(68) Pause Young (Concurrent Start) (G1 Evacuation Pause) 295M->134M(346M) 21.557ms
[2025-03-19T08:31:45.969+0000][44.931s][info ][gc,cpu      ] GC(68) User=0.03s Sys=0.01s Real=0.02s
[2025-03-19T08:31:45.969+0000][44.931s][info ][gc          ] GC(69) Concurrent Mark Cycle
[2025-03-19T08:31:45.972+0000][44.934s][info ][gc,marking  ] GC(69) Concurrent Clear Claimed Marks
[2025-03-19T08:31:45.969+0000][44.931s][info ][safepoint   ] Safepoint "G1CollectForAllocation", Time since last: 989077114 ns, Reaching safepoint: 116975 ns, Cleanup: 79330 ns, At safepoint: 21675660 ns, Total: 21871965 ns
[2025-03-19T08:31:45.972+0000][44.934s][info ][gc,marking  ] GC(69) Concurrent Clear Claimed Marks 0.198ms
[2025-03-19T08:31:45.972+0000][44.934s][info ][gc,marking  ] GC(69) Concurrent Scan Root Regions
[2025-03-19T08:31:45.987+0000][44.949s][info ][gc,marking  ] GC(69) Concurrent Scan Root Regions 14.779ms
[2025-03-19T08:31:45.987+0000][44.949s][info ][gc,marking  ] GC(69) Concurrent Mark
[2025-03-19T08:31:45.987+0000][44.949s][info ][gc,marking  ] GC(69) Concurrent Mark From Roots
[2025-03-19T08:31:45.987+0000][44.949s][info ][gc,task     ] GC(69) Using 1 workers of 1 for marking
[2025-03-19T08:31:46.575+0000][45.537s][info ][gc,marking  ] GC(69) Concurrent Mark From Roots 587.944ms
[2025-03-19T08:31:46.575+0000][45.537s][info ][gc,marking  ] GC(69) Concurrent Preclean
[2025-03-19T08:31:46.575+0000][45.537s][info ][gc,marking  ] GC(69) Concurrent Preclean 0.336ms
[2025-03-19T08:31:46.580+0000][45.541s][debug][safepoint   ] Safepoint synchronization initiated using futex wait barrier. (81 threads)
[2025-03-19T08:31:46.580+0000][45.541s][info ][gc,start    ] GC(69) Pause Remark
[2025-03-19T08:31:46.592+0000][45.554s][info ][gc          ] GC(69) Pause Remark 189M->189M(346M) 12.494ms
[2025-03-19T08:31:46.592+0000][45.554s][info ][gc,cpu      ] GC(69) User=0.03s Sys=0.00s Real=0.01s
[2025-03-19T08:31:46.593+0000][45.554s][info ][safepoint   ] Safepoint "G1PauseRemark", Time since last: 610397867 ns, Reaching safepoint: 38062 ns, Cleanup: 146421 ns, At safepoint: 12750874 ns, Total: 12935357 ns
[2025-03-19T08:31:46.593+0000][45.554s][info ][gc,marking  ] GC(69) Concurrent Mark 605.571ms
[2025-03-19T08:31:46.593+0000][45.554s][info ][gc,marking  ] GC(69) Concurrent Rebuild Remembered Sets
[2025-03-19T08:31:46.769+0000][45.730s][info ][gc,marking  ] GC(69) Concurrent Rebuild Remembered Sets 176.056ms
[2025-03-19T08:31:46.769+0000][45.730s][debug][safepoint   ] Safepoint synchronization initiated using futex wait barrier. (81 threads)
[2025-03-19T08:31:46.769+0000][45.730s][debug][safepoint   ] ... found polling page loop exception at pc = 0x0000735b994d13bc, stub =0x0000735b9898f400
[2025-03-19T08:31:46.769+0000][45.731s][info ][gc,start    ] GC(69) Pause Cleanup
[2025-03-19T08:31:46.772+0000][45.734s][info ][gc          ] GC(69) Pause Cleanup 214M->214M(346M) 2.988ms
[2025-03-19T08:31:46.772+0000][45.734s][info ][gc,cpu      ] GC(69) User=0.00s Sys=0.00s Real=0.00s
[2025-03-19T08:31:46.772+0000][45.734s][info ][safepoint   ] Safepoint "G1PauseCleanup", Time since last: 176174691 ns, Reaching safepoint: 275187 ns, Cleanup: 28760 ns, At safepoint: 3099439 ns, Total: 3403386 ns
[2025-03-19T08:31:46.772+0000][45.734s][info ][gc,marking  ] GC(69) Concurrent Cleanup for Next Mark
[2025-03-19T08:31:46.774+0000][45.735s][info ][gc,marking  ] GC(69) Concurrent Cleanup for Next Mark 1.382ms
[2025-03-19T08:31:46.774+0000][45.735s][info ][gc          ] GC(69) Concurrent Mark Cycle 804.504ms
[2025-03-19T08:31:47.310+0000][46.272s][debug][safepoint   ] Safepoint synchronization initiated using futex wait barrier. (81 threads)
[2025-03-19T08:31:47.311+0000][46.272s][info ][gc,start    ] GC(70) Pause Young (Prepare Mixed) (G1 Evacuation Pause)
[2025-03-19T08:31:47.311+0000][46.272s][info ][gc,task     ] GC(70) Using 4 workers of 4 for evacuation
[2025-03-19T08:31:47.343+0000][46.304s][info ][gc,phases   ] GC(70)   Pre Evacuate Collection Set: 0.1ms
[2025-03-19T08:31:47.343+0000][46.304s][info ][gc,phases   ] GC(70)   Merge Heap Roots: 1.2ms
[2025-03-19T08:31:47.343+0000][46.304s][info ][gc,phases   ] GC(70)   Evacuate Collection Set: 27.9ms
[2025-03-19T08:31:47.343+0000][46.304s][info ][gc,phases   ] GC(70)   Post Evacuate Collection Set: 2.7ms
[2025-03-19T08:31:47.343+0000][46.304s][info ][gc,phases   ] GC(70)   Other: 0.1ms
[2025-03-19T08:31:47.343+0000][46.304s][info ][gc,heap     ] GC(70) Eden regions: 163->0(8)
[2025-03-19T08:31:47.343+0000][46.304s][info ][gc,heap     ] GC(70) Survivor regions: 3->9(21)
[2025-03-19T08:31:47.343+0000][46.304s][info ][gc,heap     ] GC(70) Old regions: 131->131
[2025-03-19T08:31:47.343+0000][46.304s][info ][gc,heap     ] GC(70) Archive regions: 2->2
[2025-03-19T08:31:47.343+0000][46.304s][info ][gc,heap     ] GC(70) Humongous regions: 0->0
[2025-03-19T08:31:47.343+0000][46.304s][info ][gc,metaspace] GC(70) Metaspace: 152810K(153984K)->152810K(153984K) NonClass: 134026K(134656K)->134026K(134656K) Class: 18784K(19328K)->18784K(19328K)
[2025-03-19T08:31:47.343+0000][46.304s][info ][gc          ] GC(70) Pause Young (Prepare Mixed) (G1 Evacuation Pause) 297M->139M(346M) 32.109ms
[2025-03-19T08:31:47.343+0000][46.304s][info ][gc,cpu      ] GC(70) User=0.06s Sys=0.00s Real=0.03s
[2025-03-19T08:31:47.344+0000][46.306s][info ][safepoint   ] Safepoint "G1CollectForAllocation", Time since last: 537852062 ns, Reaching safepoint: 532291 ns, Cleanup: 74690 ns, At safepoint: 33752748 ns, Total: 34359729 ns
[2025-03-19T08:31:47.417+0000][46.378s][debug][safepoint   ] Safepoint synchronization initiated using futex wait barrier. (81 threads)
[2025-03-19T08:31:47.417+0000][46.378s][info ][gc,start    ] GC(71) Pause Young (Mixed) (G1 Evacuation Pause)
[2025-03-19T08:31:47.417+0000][46.378s][info ][gc,task     ] GC(71) Using 4 workers of 4 for evacuation
[2025-03-19T08:31:47.447+0000][46.408s][info ][gc,phases   ] GC(71)   Pre Evacuate Collection Set: 0.1ms
[2025-03-19T08:31:47.447+0000][46.408s][info ][gc,phases   ] GC(71)   Merge Heap Roots: 0.4ms
[2025-03-19T08:31:47.447+0000][46.408s][info ][gc,phases   ] GC(71)   Evacuate Collection Set: 21.9ms
[2025-03-19T08:31:47.447+0000][46.408s][info ][gc,phases   ] GC(71)   Post Evacuate Collection Set: 7.1ms
[2025-03-19T08:31:47.447+0000][46.408s][info ][gc,phases   ] GC(71)   Other: 0.2ms
[2025-03-19T08:31:47.447+0000][46.408s][info ][gc,heap     ] GC(71) Eden regions: 8->0(426)
[2025-03-19T08:31:47.447+0000][46.408s][info ][gc,heap     ] GC(71) Survivor regions: 9->2(3)
[2025-03-19T08:31:47.447+0000][46.408s][info ][gc,heap     ] GC(71) Old regions: 131->138
[2025-03-19T08:31:47.447+0000][46.408s][info ][gc,heap     ] GC(71) Archive regions: 2->2
[2025-03-19T08:31:47.447+0000][46.408s][info ][gc,heap     ] GC(71) Humongous regions: 0->0
[2025-03-19T08:31:47.447+0000][46.408s][info ][gc,metaspace] GC(71) Metaspace: 152853K(153984K)->152853K(153984K) NonClass: 134060K(134656K)->134060K(134656K) Class: 18792K(19328K)->18792K(19328K)
[2025-03-19T08:31:47.447+0000][46.408s][info ][gc          ] GC(71) Pause Young (Mixed) (G1 Evacuation Pause) 147M->139M(714M) 29.816ms
[2025-03-19T08:31:47.447+0000][46.408s][info ][gc,cpu      ] GC(71) User=0.06s Sys=0.00s Real=0.03s
[2025-03-19T08:31:47.450+0000][46.412s][info ][safepoint   ] Safepoint "G1CollectForAllocation", Time since last: 72311933 ns, Reaching safepoint: 54768 ns, Cleanup: 27386 ns, At safepoint: 33575796 ns, Total: 33657950 ns
[2025-03-19T08:31:48.619+0000][47.581s][debug][safepoint   ] Safepoint synchronization initiated using futex wait barrier. (81 threads)
[2025-03-19T08:31:48.621+0000][47.583s][info ][safepoint   ] Safepoint "Cleanup", Time since last: 1169122361 ns, Reaching safepoint: 78129 ns, Cleanup: 442724 ns, At safepoint: 1024653 ns, Total: 1545506 ns
[2025-03-19T08:31:49.588+0000][48.550s][debug][safepoint   ] Safepoint synchronization initiated using futex wait barrier. (81 threads)
[2025-03-19T08:31:49.589+0000][48.550s][info ][safepoint   ] Safepoint "ICBufferFull", Time since last: 967400595 ns, Reaching safepoint: 58585 ns, Cleanup: 178572 ns, At safepoint: 4638 ns, Total: 241795 ns
[2025-03-19T08:31:50.391+0000][49.352s][debug][safepoint   ] Safepoint synchronization initiated using futex wait barrier. (87 threads)
[2025-03-19T08:31:50.391+0000][49.353s][info ][gc,start    ] GC(72) Pause Young (Normal) (G1 Evacuation Pause)
[2025-03-19T08:31:50.391+0000][49.353s][info ][gc,task     ] GC(72) Using 4 workers of 4 for evacuation
[2025-03-19T08:31:50.431+0000][49.392s][info ][gc,phases   ] GC(72)   Pre Evacuate Collection Set: 0.1ms
[2025-03-19T08:31:50.431+0000][49.392s][info ][gc,phases   ] GC(72)   Merge Heap Roots: 0.3ms
[2025-03-19T08:31:50.431+0000][49.392s][info ][gc,phases   ] GC(72)   Evacuate Collection Set: 35.2ms
[2025-03-19T08:31:50.431+0000][49.392s][info ][gc,phases   ] GC(72)   Post Evacuate Collection Set: 3.6ms
[2025-03-19T08:31:50.431+0000][49.392s][info ][gc,phases   ] GC(72)   Other: 0.5ms
[2025-03-19T08:31:50.431+0000][49.392s][info ][gc,heap     ] GC(72) Eden regions: 426->0(418)
[2025-03-19T08:31:50.431+0000][49.392s][info ][gc,heap     ] GC(72) Survivor regions: 2->10(54)
[2025-03-19T08:31:50.431+0000][49.392s][info ][gc,heap     ] GC(72) Old regions: 138->138
[2025-03-19T08:31:50.431+0000][49.392s][info ][gc,heap     ] GC(72) Archive regions: 2->2
[2025-03-19T08:31:50.431+0000][49.392s][info ][gc,heap     ] GC(72) Humongous regions: 0->0
[2025-03-19T08:31:50.431+0000][49.392s][info ][gc,metaspace] GC(72) Metaspace: 158166K(159296K)->158166K(159296K) NonClass: 138558K(139136K)->138558K(139136K) Class: 19607K(20160K)->19607K(20160K)
[2025-03-19T08:31:50.431+0000][49.393s][info ][gc          ] GC(72) Pause Young (Normal) (G1 Evacuation Pause) 565M->147M(714M) 39.924ms
[2025-03-19T08:31:50.431+0000][49.393s][info ][gc,cpu      ] GC(72) User=0.10s Sys=0.01s Real=0.04s
[2025-03-19T08:31:50.431+0000][49.393s][info ][safepoint   ] Safepoint "G1CollectForAllocation", Time since last: 802187397 ns, Reaching safepoint: 61539 ns, Cleanup: 60318 ns, At safepoint: 40112204 ns, Total: 40234061 ns
[2025-03-19T08:31:51.431+0000][50.393s][debug][safepoint   ] Safepoint synchronization initiated using futex wait barrier. (87 threads)
[2025-03-19T08:31:51.434+0000][50.395s][info ][safepoint   ] Safepoint "Cleanup", Time since last: 1000061407 ns, Reaching safepoint: 47301 ns, Cleanup: 158228 ns, At safepoint: 2392035 ns, Total: 2597564 ns
[2025-03-19T08:31:52.405+0000][51.366s][debug][safepoint   ] Safepoint synchronization initiated using futex wait barrier. (157 threads)
[2025-03-19T08:31:52.406+0000][51.367s][info ][safepoint   ] Safepoint "ICBufferFull", Time since last: 970761556 ns, Reaching safepoint: 590056 ns, Cleanup: 553727 ns, At safepoint: 24741 ns, Total: 1168524 ns
[2025-03-19T08:31:52.935+0000][51.897s][debug][safepoint   ] ... found polling page loop exception at pc = 0x0000735b990c6bff, stub =0x0000735b9898eb80
[2025-03-19T08:31:53.011+0000][51.973s][debug][safepoint   ] ... found polling page loop exception at pc = 0x0000735b991d912f, stub =0x0000735b9898f400
[2025-03-19T08:31:53.328+0000][52.290s][debug][safepoint   ] Safepoint synchronization initiated using futex wait barrier. (184 threads)
[2025-03-19T08:31:53.329+0000][52.290s][info ][gc,start    ] GC(73) Pause Young (Normal) (G1 Evacuation Pause)
[2025-03-19T08:31:53.329+0000][52.290s][info ][gc,task     ] GC(73) Using 4 workers of 4 for evacuation
[2025-03-19T08:31:53.409+0000][52.371s][info ][gc,phases   ] GC(73)   Pre Evacuate Collection Set: 0.5ms
[2025-03-19T08:31:53.409+0000][52.371s][info ][gc,phases   ] GC(73)   Merge Heap Roots: 0.3ms
[2025-03-19T08:31:53.409+0000][52.371s][info ][gc,phases   ] GC(73)   Evacuate Collection Set: 73.1ms
[2025-03-19T08:31:53.409+0000][52.371s][info ][gc,phases   ] GC(73)   Post Evacuate Collection Set: 6.3ms
[2025-03-19T08:31:53.409+0000][52.371s][info ][gc,phases   ] GC(73)   Other: 0.2ms
[2025-03-19T08:31:53.409+0000][52.371s][info ][gc,heap     ] GC(73) Eden regions: 418->0(406)
[2025-03-19T08:31:53.409+0000][52.371s][info ][gc,heap     ] GC(73) Survivor regions: 10->22(54)
[2025-03-19T08:31:53.409+0000][52.371s][info ][gc,heap     ] GC(73) Old regions: 138->138
[2025-03-19T08:31:53.409+0000][52.371s][info ][gc,heap     ] GC(73) Archive regions: 2->2
[2025-03-19T08:31:53.409+0000][52.371s][info ][gc,heap     ] GC(73) Humongous regions: 0->0
[2025-03-19T08:31:53.409+0000][52.371s][info ][gc,metaspace] GC(73) Metaspace: 165596K(166848K)->165596K(166848K) NonClass: 145070K(145728K)->145070K(145728K) Class: 20526K(21120K)->20526K(21120K)
[2025-03-19T08:31:53.409+0000][52.371s][info ][gc          ] GC(73) Pause Young (Normal) (G1 Evacuation Pause) 565M->159M(714M) 80.600ms
[2025-03-19T08:31:53.409+0000][52.371s][info ][gc,cpu      ] GC(73) User=0.19s Sys=0.01s Real=0.08s
[2025-03-19T08:31:53.410+0000][52.371s][info ][safepoint   ] Safepoint "G1CollectForAllocation", Time since last: 922624253 ns, Reaching safepoint: 67517 ns, Cleanup: 220939 ns, At safepoint: 81023806 ns, Total: 81312262 ns
[2025-03-19T08:31:54.338+0000][53.299s][debug][safepoint   ] Safepoint synchronization initiated using futex wait barrier. (187 threads)
[2025-03-19T08:31:54.338+0000][53.300s][info ][safepoint   ] Safepoint "ICBufferFull", Time since last: 927906636 ns, Reaching safepoint: 123255 ns, Cleanup: 141084 ns, At safepoint: 611690 ns, Total: 876029 ns
[2025-03-19T08:31:54.861+0000][53.822s][debug][safepoint   ] ... found polling page loop exception at pc = 0x0000735b9927ab26, stub =0x0000735b9898eb80
[2025-03-19T08:31:55.026+0000][53.987s][debug][safepoint   ] Safepoint synchronization initiated using futex wait barrier. (206 threads)
[2025-03-19T08:31:55.026+0000][53.988s][info ][safepoint   ] Safepoint "ICBufferFull", Time since last: 687109047 ns, Reaching safepoint: 462640 ns, Cleanup: 131437 ns, At safepoint: 15106 ns, Total: 609183 ns
[2025-03-19T08:31:55.168+0000][54.130s][debug][safepoint   ] ... found polling page loop exception at pc = 0x0000735b92a52e1d, stub =0x0000735b9898f400
[2025-03-19T08:31:55.413+0000][54.375s][debug][safepoint   ] Safepoint synchronization initiated using futex wait barrier. (226 threads)
[2025-03-19T08:31:55.414+0000][54.375s][info ][safepoint   ] Safepoint "ICBufferFull", Time since last: 387055481 ns, Reaching safepoint: 256078 ns, Cleanup: 137667 ns, At safepoint: 123020 ns, Total: 516765 ns
[2025-03-19T08:31:56.091+0000][55.052s][debug][safepoint   ] Safepoint synchronization initiated using futex wait barrier. (227 threads)
[2025-03-19T08:31:56.091+0000][55.052s][debug][safepoint   ] ... found polling page loop exception at pc = 0x0000735b98ff3378, stub =0x0000735b9898f400
[2025-03-19T08:31:56.093+0000][55.055s][info ][safepoint   ] Safepoint "ICBufferFull", Time since last: 677098163 ns, Reaching safepoint: 216272 ns, Cleanup: 149542 ns, At safepoint: 2047413 ns, Total: 2413227 ns
[2025-03-19T08:31:56.210+0000][55.172s][debug][safepoint   ] Safepoint synchronization initiated using futex wait barrier. (228 threads)
[2025-03-19T08:31:56.211+0000][55.172s][info ][gc,start    ] GC(74) Pause Young (Normal) (G1 Evacuation Pause)
[2025-03-19T08:31:56.211+0000][55.172s][info ][gc,task     ] GC(74) Using 4 workers of 4 for evacuation
[2025-03-19T08:31:56.261+0000][55.223s][info ][gc,phases   ] GC(74)   Pre Evacuate Collection Set: 0.4ms
[2025-03-19T08:31:56.261+0000][55.223s][info ][gc,phases   ] GC(74)   Merge Heap Roots: 0.3ms
[2025-03-19T08:31:56.261+0000][55.223s][info ][gc,phases   ] GC(74)   Evacuate Collection Set: 43.7ms
[2025-03-19T08:31:56.261+0000][55.223s][info ][gc,phases   ] GC(74)   Post Evacuate Collection Set: 6.0ms
[2025-03-19T08:31:56.261+0000][55.223s][info ][gc,phases   ] GC(74)   Other: 0.2ms
[2025-03-19T08:31:56.261+0000][55.223s][info ][gc,heap     ] GC(74) Eden regions: 406->0(399)
[2025-03-19T08:31:56.261+0000][55.223s][info ][gc,heap     ] GC(74) Survivor regions: 22->29(54)
[2025-03-19T08:31:56.261+0000][55.223s][info ][gc,heap     ] GC(74) Old regions: 138->138
[2025-03-19T08:31:56.261+0000][55.223s][info ][gc,heap     ] GC(74) Archive regions: 2->2
[2025-03-19T08:31:56.261+0000][55.223s][info ][gc,heap     ] GC(74) Humongous regions: 0->0
[2025-03-19T08:31:56.261+0000][55.223s][info ][gc,metaspace] GC(74) Metaspace: 174048K(175360K)->174048K(175360K) NonClass: 152513K(153216K)->152513K(153216K) Class: 21535K(22144K)->21535K(22144K)
[2025-03-19T08:31:56.261+0000][55.223s][info ][gc          ] GC(74) Pause Young (Normal) (G1 Evacuation Pause) 565M->166M(714M) 50.801ms
[2025-03-19T08:31:56.261+0000][55.223s][info ][gc,cpu      ] GC(74) User=0.12s Sys=0.00s Real=0.05s
[2025-03-19T08:31:56.262+0000][55.224s][info ][safepoint   ] Safepoint "G1CollectForAllocation", Time since last: 117202413 ns, Reaching safepoint: 134592 ns, Cleanup: 64030 ns, At safepoint: 51896218 ns, Total: 52094840 ns
[2025-03-19T08:31:57.650+0000][56.611s][debug][safepoint   ] Safepoint synchronization initiated using futex wait barrier. (232 threads)
[2025-03-19T08:31:57.650+0000][56.611s][info ][safepoint   ] Safepoint "Cleanup", Time since last: 1387031604 ns, Reaching safepoint: 73651 ns, Cleanup: 146805 ns, At safepoint: 4716 ns, Total: 225172 ns
[2025-03-19T08:31:58.615+0000][57.577s][debug][safepoint   ] Safepoint synchronization initiated using futex wait barrier. (232 threads)
[2025-03-19T08:31:58.615+0000][57.577s][info ][safepoint   ] Safepoint "ICBufferFull", Time since last: 965354916 ns, Reaching safepoint: 65175 ns, Cleanup: 182517 ns, At safepoint: 11675 ns, Total: 259367 ns
[2025-03-19T08:31:59.393+0000][58.355s][debug][safepoint   ] Safepoint synchronization initiated using futex wait barrier. (233 threads)
[2025-03-19T08:31:59.393+0000][58.355s][info ][safepoint   ] Safepoint "ICBufferFull", Time since last: 777578777 ns, Reaching safepoint: 87385 ns, Cleanup: 176232 ns, At safepoint: 16375 ns, Total: 279992 ns
[2025-03-19T08:32:00.393+0000][59.355s][debug][safepoint   ] Safepoint synchronization initiated using futex wait barrier. (235 threads)
[2025-03-19T08:32:00.394+0000][59.355s][info ][safepoint   ] Safepoint "Cleanup", Time since last: 1000115727 ns, Reaching safepoint: 438101 ns, Cleanup: 113869 ns, At safepoint: 9826 ns, Total: 561796 ns
[2025-03-19T08:32:00.902+0000][59.864s][debug][safepoint   ] Safepoint synchronization initiated using futex wait barrier. (235 threads)
[2025-03-19T08:32:00.902+0000][59.864s][info ][safepoint   ] Safepoint "ICBufferFull", Time since last: 508099797 ns, Reaching safepoint: 72819 ns, Cleanup: 134923 ns, At safepoint: 7841 ns, Total: 215583 ns
[2025-03-19T08:32:02.187+0000][61.149s][debug][safepoint   ] Safepoint synchronization initiated using futex wait barrier. (236 threads)
[2025-03-19T08:32:02.187+0000][61.149s][info ][safepoint   ] Safepoint "Cleanup", Time since last: 1284768509 ns, Reaching safepoint: 105232 ns, Cleanup: 140065 ns, At safepoint: 55139 ns, Total: 300436 ns
[2025-03-19T08:32:03.187+0000][62.149s][debug][safepoint   ] Safepoint synchronization initiated using futex wait barrier. (236 threads)
[2025-03-19T08:32:03.187+0000][62.149s][info ][safepoint   ] Safepoint "Cleanup", Time since last: 1000086367 ns, Reaching safepoint: 91545 ns, Cleanup: 20689 ns, At safepoint: 13141 ns, Total: 125375 ns
[2025-03-19T08:32:05.188+0000][64.149s][debug][safepoint   ] Safepoint synchronization initiated using futex wait barrier. (236 threads)
[2025-03-19T08:32:05.188+0000][64.149s][info ][safepoint   ] Safepoint "Cleanup", Time since last: 2000165082 ns, Reaching safepoint: 217782 ns, Cleanup: 15018 ns, At safepoint: 4661 ns, Total: 237461 ns
[2025-03-19T08:32:08.188+0000][67.150s][debug][safepoint   ] Safepoint synchronization initiated using futex wait barrier. (235 threads)
[2025-03-19T08:32:08.188+0000][67.150s][info ][safepoint   ] Safepoint "Cleanup", Time since last: 3000194103 ns, Reaching safepoint: 104617 ns, Cleanup: 16589 ns, At safepoint: 6984 ns, Total: 128190 ns
[2025-03-19T08:32:18.191+0000][77.152s][debug][safepoint   ] Safepoint synchronization initiated using futex wait barrier. (235 threads)
[2025-03-19T08:32:18.191+0000][77.152s][info ][safepoint   ] Safepoint "Cleanup", Time since last: 10002364528 ns, Reaching safepoint: 77776 ns, Cleanup: 14238 ns, At safepoint: 5711 ns, Total: 97725 ns
[2025-03-19T08:32:21.191+0000][80.153s][debug][safepoint   ] Safepoint synchronization initiated using futex wait barrier. (235 threads)
[2025-03-19T08:32:21.191+0000][80.153s][info ][safepoint   ] Safepoint "Cleanup", Time since last: 3000354462 ns, Reaching safepoint: 76242 ns, Cleanup: 16221 ns, At safepoint: 5310 ns, Total: 97773 ns
[2025-03-19T08:32:32.192+0000][91.154s][debug][safepoint   ] Safepoint synchronization initiated using futex wait barrier. (235 threads)
[2025-03-19T08:32:32.192+0000][91.154s][info ][safepoint   ] Safepoint "Cleanup", Time since last: 11000822899 ns, Reaching safepoint: 194903 ns, Cleanup: 17325 ns, At safepoint: 5980 ns, Total: 218208 ns
[2025-03-19T08:32:35.192+0000][94.154s][debug][safepoint   ] Safepoint synchronization initiated using futex wait barrier. (235 threads)
[2025-03-19T08:32:35.193+0000][94.154s][info ][safepoint   ] Safepoint "Cleanup", Time since last: 3000310569 ns, Reaching safepoint: 302453 ns, Cleanup: 21048 ns, At safepoint: 13027 ns, Total: 336528 ns
[2025-03-19T08:32:42.193+0000][101.155s][debug][safepoint   ] Safepoint synchronization initiated using futex wait barrier. (235 threads)
[2025-03-19T08:32:42.193+0000][101.155s][info ][safepoint   ] Safepoint "Cleanup", Time since last: 7000534525 ns, Reaching safepoint: 101363 ns, Cleanup: 16800 ns, At safepoint: 6862 ns, Total: 125025 ns
[2025-03-19T08:32:47.194+0000][106.156s][debug][safepoint   ] Safepoint synchronization initiated using futex wait barrier. (235 threads)
[2025-03-19T08:32:47.194+0000][106.156s][info ][safepoint   ] Safepoint "Cleanup", Time since last: 5000561478 ns, Reaching safepoint: 88792 ns, Cleanup: 16637 ns, At safepoint: 6088 ns, Total: 111517 ns
[2025-03-19T08:32:48.194+0000][107.156s][debug][safepoint   ] Safepoint synchronization initiated using futex wait barrier. (235 threads)
[2025-03-19T08:32:48.194+0000][107.156s][info ][safepoint   ] Safepoint "Cleanup", Time since last: 1000089638 ns, Reaching safepoint: 70317 ns, Cleanup: 14110 ns, At safepoint: 4903 ns, Total: 89330 ns
[2025-03-19T08:32:52.195+0000][111.156s][debug][safepoint   ] Safepoint synchronization initiated using futex wait barrier. (233 threads)
[2025-03-19T08:32:52.195+0000][111.156s][info ][safepoint   ] Safepoint "Cleanup", Time since last: 4000366218 ns, Reaching safepoint: 89719 ns, Cleanup: 74213 ns, At safepoint: 8489 ns, Total: 172421 ns
[2025-03-19T08:32:53.195+0000][112.157s][debug][safepoint   ] Safepoint synchronization initiated using futex wait barrier. (231 threads)
[2025-03-19T08:32:53.195+0000][112.157s][info ][safepoint   ] Safepoint "Cleanup", Time since last: 1000121279 ns, Reaching safepoint: 127781 ns, Cleanup: 30105 ns, At safepoint: 9666 ns, Total: 167552 ns
[2025-03-19T08:32:55.195+0000][114.157s][debug][safepoint   ] Safepoint synchronization initiated using futex wait barrier. (229 threads)
[2025-03-19T08:32:55.195+0000][114.157s][info ][safepoint   ] Safepoint "Cleanup", Time since last: 2000193279 ns, Reaching safepoint: 61566 ns, Cleanup: 20371 ns, At safepoint: 4295 ns, Total: 86232 ns
[2025-03-19T08:32:56.196+0000][115.157s][debug][safepoint   ] Safepoint synchronization initiated using futex wait barrier. (229 threads)
[2025-03-19T08:32:56.196+0000][115.157s][info ][safepoint   ] Safepoint "Cleanup", Time since last: 1000109394 ns, Reaching safepoint: 109168 ns, Cleanup: 27941 ns, At safepoint: 48264 ns, Total: 185373 ns
[2025-03-19T08:32:57.196+0000][116.157s][debug][safepoint   ] Safepoint synchronization initiated using futex wait barrier. (227 threads)
[2025-03-19T08:32:57.196+0000][116.158s][info ][safepoint   ] Safepoint "Cleanup", Time since last: 1000124132 ns, Reaching safepoint: 89443 ns, Cleanup: 36025 ns, At safepoint: 5550 ns, Total: 131018 ns
[2025-03-19T08:33:01.196+0000][120.158s][debug][safepoint   ] Safepoint synchronization initiated using futex wait barrier. (227 threads)
[2025-03-19T08:33:01.196+0000][120.158s][info ][safepoint   ] Safepoint "Cleanup", Time since last: 4000322072 ns, Reaching safepoint: 73585 ns, Cleanup: 31430 ns, At safepoint: 6406 ns, Total: 111421 ns
[2025-03-19T08:33:05.209+0000][124.170s][debug][safepoint   ] Safepoint synchronization initiated using futex wait barrier. (223 threads)
[2025-03-19T08:33:05.209+0000][124.171s][info ][safepoint   ] Safepoint "Cleanup", Time since last: 4012457219 ns, Reaching safepoint: 87698 ns, Cleanup: 16878 ns, At safepoint: 7588 ns, Total: 112164 ns
[2025-03-19T08:33:06.209+0000][125.171s][debug][safepoint   ] Safepoint synchronization initiated using futex wait barrier. (223 threads)
[2025-03-19T08:33:06.209+0000][125.171s][info ][safepoint   ] Safepoint "Cleanup", Time since last: 1000175020 ns, Reaching safepoint: 82114 ns, Cleanup: 19914 ns, At safepoint: 7526 ns, Total: 109554 ns
[2025-03-19T08:33:20.211+0000][139.172s][debug][safepoint   ] Safepoint synchronization initiated using futex wait barrier. (223 threads)
[2025-03-19T08:33:20.211+0000][139.172s][info ][safepoint   ] Safepoint "Cleanup", Time since last: 14001422190 ns, Reaching safepoint: 109188 ns, Cleanup: 18376 ns, At safepoint: 7387 ns, Total: 134951 ns
[2025-03-19T08:33:22.211+0000][141.173s][debug][safepoint   ] Safepoint synchronization initiated using futex wait barrier. (223 threads)
[2025-03-19T08:33:22.211+0000][141.173s][info ][safepoint   ] Safepoint "Cleanup", Time since last: 2000190899 ns, Reaching safepoint: 98618 ns, Cleanup: 21215 ns, At safepoint: 11558 ns, Total: 131391 ns
[2025-03-19T08:33:24.964+0000][143.926s][debug][safepoint   ] Safepoint synchronization initiated using futex wait barrier. (223 threads)
[2025-03-19T08:33:24.964+0000][143.926s][info ][gc,start    ] GC(75) Pause Young (Normal) (G1 Evacuation Pause)
[2025-03-19T08:33:24.964+0000][143.926s][info ][gc,task     ] GC(75) Using 4 workers of 4 for evacuation
[2025-03-19T08:33:25.043+0000][144.004s][info ][gc,phases   ] GC(75)   Pre Evacuate Collection Set: 0.3ms
[2025-03-19T08:33:25.043+0000][144.004s][info ][gc,phases   ] GC(75)   Merge Heap Roots: 0.6ms
[2025-03-19T08:33:25.043+0000][144.004s][info ][gc,phases   ] GC(75)   Evacuate Collection Set: 73.8ms
[2025-03-19T08:33:25.043+0000][144.004s][info ][gc,phases   ] GC(75)   Post Evacuate Collection Set: 3.4ms
[2025-03-19T08:33:25.043+0000][144.004s][info ][gc,phases   ] GC(75)   Other: 0.2ms
[2025-03-19T08:33:25.043+0000][144.004s][info ][gc,heap     ] GC(75) Eden regions: 399->0(390)
[2025-03-19T08:33:25.043+0000][144.004s][info ][gc,heap     ] GC(75) Survivor regions: 29->38(54)
[2025-03-19T08:33:25.043+0000][144.004s][info ][gc,heap     ] GC(75) Old regions: 138->138
[2025-03-19T08:33:25.043+0000][144.004s][info ][gc,heap     ] GC(75) Archive regions: 2->2
[2025-03-19T08:33:25.043+0000][144.004s][info ][gc,heap     ] GC(75) Humongous regions: 54->2
[2025-03-19T08:33:25.043+0000][144.004s][info ][gc,metaspace] GC(75) Metaspace: 182252K(183488K)->182252K(183488K) NonClass: 159866K(160512K)->159866K(160512K) Class: 22385K(22976K)->22385K(22976K)
[2025-03-19T08:33:25.043+0000][144.004s][info ][gc          ] GC(75) Pause Young (Normal) (G1 Evacuation Pause) 619M->178M(714M) 78.424ms
[2025-03-19T08:33:25.043+0000][144.004s][info ][gc,cpu      ] GC(75) User=0.27s Sys=0.00s Real=0.07s
[2025-03-19T08:33:25.043+0000][144.005s][info ][safepoint   ] Safepoint "G1CollectForAllocation", Time since last: 2752973767 ns, Reaching safepoint: 101282 ns, Cleanup: 6308 ns, At safepoint: 78808132 ns, Total: 78915722 ns
[2025-03-19T08:33:26.043+0000][145.005s][debug][safepoint   ] Safepoint synchronization initiated using futex wait barrier. (223 threads)
[2025-03-19T08:33:26.043+0000][145.005s][info ][safepoint   ] Safepoint "Cleanup", Time since last: 1000120980 ns, Reaching safepoint: 80902 ns, Cleanup: 31964 ns, At safepoint: 8161 ns, Total: 121027 ns
[2025-03-19T08:33:27.043+0000][146.005s][debug][safepoint   ] Safepoint synchronization initiated using futex wait barrier. (223 threads)
[2025-03-19T08:33:27.044+0000][146.005s][info ][safepoint   ] Safepoint "Cleanup", Time since last: 1000180277 ns, Reaching safepoint: 75829 ns, Cleanup: 16597 ns, At safepoint: 7272 ns, Total: 99698 ns
[2025-03-19T08:33:36.045+0000][155.006s][debug][safepoint   ] Safepoint synchronization initiated using futex wait barrier. (223 threads)
[2025-03-19T08:33:36.045+0000][155.006s][info ][safepoint   ] Safepoint "Cleanup", Time since last: 9000934664 ns, Reaching safepoint: 82828 ns, Cleanup: 20715 ns, At safepoint: 7484 ns, Total: 111027 ns
[2025-03-19T08:33:44.046+0000][163.007s][debug][safepoint   ] Safepoint synchronization initiated using futex wait barrier. (223 threads)
[2025-03-19T08:33:44.046+0000][163.007s][info ][safepoint   ] Safepoint "Cleanup", Time since last: 8000961519 ns, Reaching safepoint: 86973 ns, Cleanup: 15769 ns, At safepoint: 7851 ns, Total: 110593 ns
[2025-03-19T08:33:45.046+0000][164.007s][debug][safepoint   ] Safepoint synchronization initiated using futex wait barrier. (223 threads)
[2025-03-19T08:33:45.046+0000][164.008s][info ][safepoint   ] Safepoint "Cleanup", Time since last: 1000127642 ns, Reaching safepoint: 97211 ns, Cleanup: 22470 ns, At safepoint: 10432 ns, Total: 130113 ns
[2025-03-19T08:33:46.046+0000][165.008s][debug][safepoint   ] Safepoint synchronization initiated using futex wait barrier. (223 threads)
[2025-03-19T08:33:46.046+0000][165.008s][info ][safepoint   ] Safepoint "Cleanup", Time since last: 1000116974 ns, Reaching safepoint: 88842 ns, Cleanup: 18476 ns, At safepoint: 7848 ns, Total: 115166 ns
[2025-03-19T08:33:52.047+0000][171.008s][debug][safepoint   ] Safepoint synchronization initiated using futex wait barrier. (222 threads)
[2025-03-19T08:33:52.047+0000][171.008s][info ][safepoint   ] Safepoint "Cleanup", Time since last: 6000597078 ns, Reaching safepoint: 76454 ns, Cleanup: 34428 ns, At safepoint: 6365 ns, Total: 117247 ns
[2025-03-19T08:33:56.047+0000][175.009s][debug][safepoint   ] Safepoint synchronization initiated using futex wait barrier. (221 threads)
[2025-03-19T08:33:56.047+0000][175.009s][info ][safepoint   ] Safepoint "Cleanup", Time since last: 4000321168 ns, Reaching safepoint: 73274 ns, Cleanup: 23312 ns, At safepoint: 6169 ns, Total: 102755 ns
[2025-03-19T08:33:57.047+0000][176.009s][debug][safepoint   ] Safepoint synchronization initiated using futex wait barrier. (219 threads)
[2025-03-19T08:33:57.048+0000][176.009s][info ][safepoint   ] Safepoint "Cleanup", Time since last: 1000110736 ns, Reaching safepoint: 79385 ns, Cleanup: 24006 ns, At safepoint: 8159 ns, Total: 111550 ns
[2025-03-19T08:33:58.048+0000][177.009s][debug][safepoint   ] Safepoint synchronization initiated using futex wait barrier. (219 threads)
[2025-03-19T08:33:58.048+0000][177.009s][info ][safepoint   ] Safepoint "Cleanup", Time since last: 1000117691 ns, Reaching safepoint: 73245 ns, Cleanup: 15320 ns, At safepoint: 6834 ns, Total: 95399 ns
[2025-03-19T08:34:01.048+0000][180.010s][debug][safepoint   ] Safepoint synchronization initiated using futex wait barrier. (219 threads)
[2025-03-19T08:34:01.048+0000][180.010s][info ][safepoint   ] Safepoint "Cleanup", Time since last: 3000288795 ns, Reaching safepoint: 121657 ns, Cleanup: 21896 ns, At safepoint: 9011 ns, Total: 152564 ns
[2025-03-19T08:34:02.232+0000][181.194s][debug][safepoint   ] Safepoint synchronization initiated using futex wait barrier. (217 threads)
[2025-03-19T08:34:02.232+0000][181.194s][info ][safepoint   ] Safepoint "Cleanup", Time since last: 1183964196 ns, Reaching safepoint: 79881 ns, Cleanup: 17069 ns, At safepoint: 6598 ns, Total: 103548 ns
[2025-03-19T08:34:03.232+0000][182.194s][debug][safepoint   ] Safepoint synchronization initiated using futex wait barrier. (217 threads)
[2025-03-19T08:34:03.232+0000][182.194s][info ][safepoint   ] Safepoint "Cleanup", Time since last: 1000124506 ns, Reaching safepoint: 79032 ns, Cleanup: 17075 ns, At safepoint: 6674 ns, Total: 102781 ns
[2025-03-19T08:34:09.233+0000][188.195s][debug][safepoint   ] Safepoint synchronization initiated using futex wait barrier. (217 threads)
[2025-03-19T08:34:09.233+0000][188.195s][info ][safepoint   ] Safepoint "Cleanup", Time since last: 6000511821 ns, Reaching safepoint: 118540 ns, Cleanup: 19293 ns, At safepoint: 7433 ns, Total: 145266 ns
[2025-03-19T08:34:12.233+0000][191.195s][debug][safepoint   ] Safepoint synchronization initiated using futex wait barrier. (217 threads)
[2025-03-19T08:34:12.234+0000][191.195s][info ][safepoint   ] Safepoint "Cleanup", Time since last: 3000250383 ns, Reaching safepoint: 83951 ns, Cleanup: 17583 ns, At safepoint: 8252 ns, Total: 109786 ns
[2025-03-19T08:34:56.237+0000][235.199s][debug][safepoint   ] Safepoint synchronization initiated using futex wait barrier. (215 threads)
[2025-03-19T08:34:56.237+0000][235.199s][info ][safepoint   ] Safepoint "Cleanup", Time since last: 44003733516 ns, Reaching safepoint: 70037 ns, Cleanup: 16326 ns, At safepoint: 5897 ns, Total: 92260 ns
[2025-03-19T08:34:58.237+0000][237.199s][debug][safepoint   ] Safepoint synchronization initiated using futex wait barrier. (213 threads)
[2025-03-19T08:34:58.238+0000][237.199s][info ][safepoint   ] Safepoint "Cleanup", Time since last: 2000157015 ns, Reaching safepoint: 80444 ns, Cleanup: 18945 ns, At safepoint: 6162 ns, Total: 105551 ns
[2025-03-19T08:35:01.239+0000][240.200s][debug][safepoint   ] Safepoint synchronization initiated using futex wait barrier. (213 threads)
[2025-03-19T08:35:01.239+0000][240.200s][info ][safepoint   ] Safepoint "Cleanup", Time since last: 3001181043 ns, Reaching safepoint: 81715 ns, Cleanup: 28757 ns, At safepoint: 7571 ns, Total: 118043 ns
[2025-03-19T08:35:09.256+0000][248.217s][debug][safepoint   ] Safepoint synchronization initiated using futex wait barrier. (211 threads)
[2025-03-19T08:35:09.256+0000][248.217s][info ][safepoint   ] Safepoint "Cleanup", Time since last: 8016622615 ns, Reaching safepoint: 108764 ns, Cleanup: 23432 ns, At safepoint: 6912 ns, Total: 139108 ns
[2025-03-19T08:35:36.258+0000][275.220s][debug][safepoint   ] Safepoint synchronization initiated using futex wait barrier. (211 threads)
[2025-03-19T08:35:36.258+0000][275.220s][info ][safepoint   ] Safepoint "Cleanup", Time since last: 27002375514 ns, Reaching safepoint: 89536 ns, Cleanup: 18084 ns, At safepoint: 7199 ns, Total: 114819 ns
[2025-03-19T08:35:41.259+0000][280.220s][debug][safepoint   ] Safepoint synchronization initiated using futex wait barrier. (211 threads)
[2025-03-19T08:35:41.259+0000][280.220s][info ][safepoint   ] Safepoint "Cleanup", Time since last: 5000553758 ns, Reaching safepoint: 87041 ns, Cleanup: 30489 ns, At safepoint: 7511 ns, Total: 125041 ns
[2025-03-19T08:35:52.260+0000][291.222s][debug][safepoint   ] Safepoint synchronization initiated using futex wait barrier. (211 threads)
[2025-03-19T08:35:52.260+0000][291.222s][info ][safepoint   ] Safepoint "Cleanup", Time since last: 11001084331 ns, Reaching safepoint: 124438 ns, Cleanup: 23569 ns, At safepoint: 8649 ns, Total: 156656 ns
[2025-03-19T08:35:55.260+0000][294.222s][debug][safepoint   ] Safepoint synchronization initiated using futex wait barrier. (210 threads)
[2025-03-19T08:35:55.260+0000][294.222s][info ][safepoint   ] Safepoint "Cleanup", Time since last: 3000243861 ns, Reaching safepoint: 96057 ns, Cleanup: 15866 ns, At safepoint: 7273 ns, Total: 119196 ns
[2025-03-19T08:35:56.261+0000][295.222s][debug][safepoint   ] Safepoint synchronization initiated using futex wait barrier. (210 threads)
[2025-03-19T08:35:56.261+0000][295.222s][info ][safepoint   ] Safepoint "Cleanup", Time since last: 1000095076 ns, Reaching safepoint: 90727 ns, Cleanup: 17013 ns, At safepoint: 5603 ns, Total: 113343 ns
[2025-03-19T08:35:57.501+0000][296.462s][debug][safepoint   ] Safepoint synchronization initiated using futex wait barrier. (208 threads)
[2025-03-19T08:35:57.501+0000][296.462s][info ][safepoint   ] Safepoint "Cleanup", Time since last: 1240003013 ns, Reaching safepoint: 58717 ns, Cleanup: 17579 ns, At safepoint: 5178 ns, Total: 81474 ns
[2025-03-19T08:35:57.910+0000][296.872s][debug][safepoint   ] ... found polling page loop exception at pc = 0x0000735b9927ab26, stub =0x0000735b9898eb80
[2025-03-19T08:35:58.483+0000][297.445s][debug][safepoint   ] Safepoint synchronization initiated using futex wait barrier. (209 threads)
[2025-03-19T08:35:58.484+0000][297.445s][info ][safepoint   ] Safepoint "ICBufferFull", Time since last: 982595525 ns, Reaching safepoint: 75030 ns, Cleanup: 192933 ns, At safepoint: 9702 ns, Total: 277665 ns
[2025-03-19T08:35:59.570+0000][298.532s][debug][safepoint   ] Safepoint synchronization initiated using futex wait barrier. (209 threads)
[2025-03-19T08:35:59.571+0000][298.533s][info ][safepoint   ] Safepoint "Cleanup", Time since last: 1086785488 ns, Reaching safepoint: 921863 ns, Cleanup: 89137 ns, At safepoint: 9643 ns, Total: 1020643 ns
[2025-03-19T08:35:59.853+0000][298.815s][debug][safepoint   ] Safepoint synchronization initiated using futex wait barrier. (209 threads)
[2025-03-19T08:35:59.853+0000][298.815s][info ][gc,start    ] GC(76) Pause Young (Normal) (G1 Evacuation Pause)
[2025-03-19T08:35:59.854+0000][298.815s][info ][gc,task     ] GC(76) Using 4 workers of 4 for evacuation
[2025-03-19T08:35:59.940+0000][298.902s][info ][gc,phases   ] GC(76)   Pre Evacuate Collection Set: 1.0ms
[2025-03-19T08:35:59.940+0000][298.902s][info ][gc,phases   ] GC(76)   Merge Heap Roots: 0.3ms
[2025-03-19T08:35:59.940+0000][298.902s][info ][gc,phases   ] GC(76)   Evacuate Collection Set: 81.3ms
[2025-03-19T08:35:59.940+0000][298.902s][info ][gc,phases   ] GC(76)   Post Evacuate Collection Set: 3.9ms
[2025-03-19T08:35:59.940+0000][298.902s][info ][gc,phases   ] GC(76)   Other: 0.2ms
[2025-03-19T08:35:59.940+0000][298.902s][info ][gc,heap     ] GC(76) Eden regions: 390->0(403)
[2025-03-19T08:35:59.940+0000][298.902s][info ][gc,heap     ] GC(76) Survivor regions: 38->25(54)
[2025-03-19T08:35:59.940+0000][298.902s][info ][gc,heap     ] GC(76) Old regions: 138->154
[2025-03-19T08:35:59.940+0000][298.902s][info ][gc,heap     ] GC(76) Archive regions: 2->2
[2025-03-19T08:35:59.940+0000][298.902s][info ][gc,heap     ] GC(76) Humongous regions: 16->2
[2025-03-19T08:35:59.940+0000][298.902s][info ][gc,metaspace] GC(76) Metaspace: 185490K(186816K)->185490K(186816K) NonClass: 162712K(163456K)->162712K(163456K) Class: 22777K(23360K)->22777K(23360K)
[2025-03-19T08:35:59.940+0000][298.902s][info ][gc          ] GC(76) Pause Young (Normal) (G1 Evacuation Pause) 582M->180M(714M) 86.887ms
[2025-03-19T08:35:59.940+0000][298.902s][info ][gc,cpu      ] GC(76) User=0.17s Sys=0.01s Real=0.09s
[2025-03-19T08:35:59.941+0000][298.903s][info ][safepoint   ] Safepoint "G1CollectForAllocation", Time since last: 281707775 ns, Reaching safepoint: 281771 ns, Cleanup: 57678 ns, At safepoint: 87612827 ns, Total: 87952276 ns
[2025-03-19T08:36:00.789+0000][299.750s][debug][safepoint   ] Safepoint synchronization initiated using futex wait barrier. (209 threads)
[2025-03-19T08:36:00.790+0000][299.752s][info ][safepoint   ] Safepoint "ICBufferFull", Time since last: 847546326 ns, Reaching safepoint: 1439912 ns, Cleanup: 204968 ns, At safepoint: 41061 ns, Total: 1685941 ns
[2025-03-19T08:36:00.790+0000][299.752s][debug][safepoint   ] Safepoint synchronization initiated using futex wait barrier. (209 threads)
[2025-03-19T08:36:00.791+0000][299.752s][debug][safepoint   ] ... found polling page loop exception at pc = 0x0000735b991b65ca, stub =0x0000735b9898f400
[2025-03-19T08:36:00.791+0000][299.752s][info ][safepoint   ] Safepoint "ICBufferFull", Time since last: 110978 ns, Reaching safepoint: 295133 ns, Cleanup: 2210 ns, At safepoint: 15029 ns, Total: 312372 ns
[2025-03-19T08:36:01.825+0000][300.786s][debug][safepoint   ] Safepoint synchronization initiated using futex wait barrier. (210 threads)
[2025-03-19T08:36:01.825+0000][300.786s][info ][safepoint   ] Safepoint "ICBufferFull", Time since last: 1033796686 ns, Reaching safepoint: 75697 ns, Cleanup: 161750 ns, At safepoint: 5153 ns, Total: 242600 ns
[2025-03-19T08:36:02.694+0000][301.655s][debug][safepoint   ] Safepoint synchronization initiated using futex wait barrier. (218 threads)
[2025-03-19T08:36:02.695+0000][301.657s][info ][safepoint   ] Safepoint "ICBufferFull", Time since last: 869104708 ns, Reaching safepoint: 76495 ns, Cleanup: 1105762 ns, At safepoint: 30464 ns, Total: 1212721 ns
[2025-03-19T08:36:04.352+0000][303.314s][debug][safepoint   ] Safepoint synchronization initiated using futex wait barrier. (219 threads)
[2025-03-19T08:36:04.352+0000][303.314s][info ][safepoint   ] Safepoint "Cleanup", Time since last: 1656851878 ns, Reaching safepoint: 86995 ns, Cleanup: 218924 ns, At safepoint: 13734 ns, Total: 319653 ns
[2025-03-19T08:36:06.352+0000][305.314s][debug][safepoint   ] Safepoint synchronization initiated using futex wait barrier. (218 threads)
[2025-03-19T08:36:06.353+0000][305.314s][info ][safepoint   ] Safepoint "Cleanup", Time since last: 2000186117 ns, Reaching safepoint: 65507 ns, Cleanup: 15180 ns, At safepoint: 4954 ns, Total: 85641 ns
[2025-03-19T08:36:09.353+0000][308.314s][debug][safepoint   ] Safepoint synchronization initiated using futex wait barrier. (218 threads)
[2025-03-19T08:36:09.353+0000][308.315s][info ][safepoint   ] Safepoint "Cleanup", Time since last: 3000254082 ns, Reaching safepoint: 115573 ns, Cleanup: 19610 ns, At safepoint: 7689 ns, Total: 142872 ns
[2025-03-19T08:36:41.689+0000][340.650s][debug][safepoint   ] Safepoint synchronization initiated using futex wait barrier. (218 threads)
[2025-03-19T08:36:41.689+0000][340.650s][info ][safepoint   ] Safepoint "Cleanup", Time since last: 32335733653 ns, Reaching safepoint: 107120 ns, Cleanup: 15575 ns, At safepoint: 9179 ns, Total: 131874 ns
[2025-03-19T08:36:42.689+0000][341.650s][debug][safepoint   ] Safepoint synchronization initiated using futex wait barrier. (218 threads)
[2025-03-19T08:36:42.689+0000][341.651s][info ][safepoint   ] Safepoint "Cleanup", Time since last: 1000120673 ns, Reaching safepoint: 80060 ns, Cleanup: 69440 ns, At safepoint: 24530 ns, Total: 174030 ns
[2025-03-19T08:36:43.689+0000][342.651s][debug][safepoint   ] Safepoint synchronization initiated using futex wait barrier. (218 threads)
[2025-03-19T08:36:43.689+0000][342.651s][info ][safepoint   ] Safepoint "Cleanup", Time since last: 1000085854 ns, Reaching safepoint: 74023 ns, Cleanup: 73419 ns, At safepoint: 7357 ns, Total: 154799 ns
[2025-03-19T08:36:44.690+0000][343.651s][debug][safepoint   ] Safepoint synchronization initiated using futex wait barrier. (218 threads)
[2025-03-19T08:36:44.690+0000][343.651s][info ][safepoint   ] Safepoint "Cleanup", Time since last: 1000223189 ns, Reaching safepoint: 86551 ns, Cleanup: 24345 ns, At safepoint: 7583 ns, Total: 118479 ns
[2025-03-19T08:36:45.690+0000][344.651s][debug][safepoint   ] Safepoint synchronization initiated using futex wait barrier. (218 threads)
[2025-03-19T08:36:45.690+0000][344.651s][info ][safepoint   ] Safepoint "Cleanup", Time since last: 1000124591 ns, Reaching safepoint: 75738 ns, Cleanup: 16794 ns, At safepoint: 6717 ns, Total: 99249 ns
[2025-03-19T08:36:51.690+0000][350.652s][debug][safepoint   ] Safepoint synchronization initiated using futex wait barrier. (218 threads)
[2025-03-19T08:36:51.690+0000][350.652s][info ][safepoint   ] Safepoint "Cleanup", Time since last: 6000420460 ns, Reaching safepoint: 105005 ns, Cleanup: 19784 ns, At safepoint: 7583 ns, Total: 132372 ns
[2025-03-19T08:36:52.691+0000][351.652s][debug][safepoint   ] Safepoint synchronization initiated using futex wait barrier. (218 threads)
[2025-03-19T08:36:52.691+0000][351.652s][info ][safepoint   ] Safepoint "Cleanup", Time since last: 1000119514 ns, Reaching safepoint: 80589 ns, Cleanup: 19166 ns, At safepoint: 7005 ns, Total: 106760 ns
[2025-03-19T08:36:55.691+0000][354.653s][debug][safepoint   ] Safepoint synchronization initiated using futex wait barrier. (218 threads)
[2025-03-19T08:36:55.691+0000][354.653s][info ][safepoint   ] Safepoint "Cleanup", Time since last: 3000277286 ns, Reaching safepoint: 94892 ns, Cleanup: 23236 ns, At safepoint: 6406 ns, Total: 124534 ns
[2025-03-19T08:37:00.692+0000][359.653s][debug][safepoint   ] Safepoint synchronization initiated using futex wait barrier. (217 threads)
[2025-03-19T08:37:00.692+0000][359.653s][info ][safepoint   ] Safepoint "Cleanup", Time since last: 5000621399 ns, Reaching safepoint: 75341 ns, Cleanup: 17896 ns, At safepoint: 4318 ns, Total: 97555 ns
[2025-03-19T08:37:02.308+0000][361.270s][debug][safepoint   ] Safepoint synchronization initiated using futex wait barrier. (217 threads)
[2025-03-19T08:37:02.308+0000][361.270s][info ][safepoint   ] Safepoint "Cleanup", Time since last: 1616452189 ns, Reaching safepoint: 79173 ns, Cleanup: 25467 ns, At safepoint: 4850 ns, Total: 109490 ns
[2025-03-19T08:37:03.308+0000][362.270s][debug][safepoint   ] Safepoint synchronization initiated using futex wait barrier. (217 threads)
[2025-03-19T08:37:03.308+0000][362.270s][info ][safepoint   ] Safepoint "Cleanup", Time since last: 1000077548 ns, Reaching safepoint: 53619 ns, Cleanup: 12327 ns, At safepoint: 3665 ns, Total: 69611 ns
[2025-03-19T08:37:24.310+0000][383.272s][debug][safepoint   ] Safepoint synchronization initiated using futex wait barrier. (216 threads)
[2025-03-19T08:37:24.310+0000][383.272s][info ][safepoint   ] Safepoint "Cleanup", Time since last: 21001567716 ns, Reaching safepoint: 83817 ns, Cleanup: 16200 ns, At safepoint: 6110 ns, Total: 106127 ns
[2025-03-19T08:37:33.311+0000][392.272s][debug][safepoint   ] Safepoint synchronization initiated using futex wait barrier. (216 threads)
[2025-03-19T08:37:33.311+0000][392.273s][info ][safepoint   ] Safepoint "Cleanup", Time since last: 9000739384 ns, Reaching safepoint: 87511 ns, Cleanup: 35191 ns, At safepoint: 8854 ns, Total: 131556 ns
[2025-03-19T08:37:36.204+0000][395.166s][debug][safepoint   ] Safepoint synchronization initiated using futex wait barrier. (216 threads)
[2025-03-19T08:37:36.204+0000][395.166s][info ][gc,start    ] GC(77) Pause Young (Normal) (G1 Evacuation Pause)
[2025-03-19T08:37:36.204+0000][395.166s][info ][gc,task     ] GC(77) Using 4 workers of 4 for evacuation
[2025-03-19T08:37:36.260+0000][395.222s][info ][gc,phases   ] GC(77)   Pre Evacuate Collection Set: 0.2ms
[2025-03-19T08:37:36.260+0000][395.222s][info ][gc,phases   ] GC(77)   Merge Heap Roots: 0.4ms
[2025-03-19T08:37:36.260+0000][395.222s][info ][gc,phases   ] GC(77)   Evacuate Collection Set: 52.7ms
[2025-03-19T08:37:36.260+0000][395.222s][info ][gc,phases   ] GC(77)   Post Evacuate Collection Set: 2.8ms
[2025-03-19T08:37:36.260+0000][395.222s][info ][gc,phases   ] GC(77)   Other: 0.2ms
[2025-03-19T08:37:36.260+0000][395.222s][info ][gc,heap     ] GC(77) Eden regions: 403->0(395)
[2025-03-19T08:37:36.260+0000][395.222s][info ][gc,heap     ] GC(77) Survivor regions: 25->33(54)
[2025-03-19T08:37:36.260+0000][395.222s][info ][gc,heap     ] GC(77) Old regions: 154->154
[2025-03-19T08:37:36.260+0000][395.222s][info ][gc,heap     ] GC(77) Archive regions: 2->2
[2025-03-19T08:37:36.261+0000][395.222s][info ][gc,heap     ] GC(77) Humongous regions: 3->2
[2025-03-19T08:37:36.261+0000][395.222s][info ][gc,metaspace] GC(77) Metaspace: 188143K(189504K)->188143K(189504K) NonClass: 165094K(165824K)->165094K(165824K) Class: 23048K(23680K)->23048K(23680K)
[2025-03-19T08:37:36.261+0000][395.222s][info ][gc          ] GC(77) Pause Young (Normal) (G1 Evacuation Pause) 584M->188M(714M) 56.339ms
[2025-03-19T08:37:36.261+0000][395.222s][info ][gc,cpu      ] GC(77) User=0.20s Sys=0.00s Real=0.05s
[2025-03-19T08:37:36.261+0000][395.222s][info ][safepoint   ] Safepoint "G1CollectForAllocation", Time since last: 2892994294 ns, Reaching safepoint: 108053 ns, Cleanup: 8989 ns, At safepoint: 56723883 ns, Total: 56840925 ns
[2025-03-19T08:37:37.261+0000][396.223s][debug][safepoint   ] Safepoint synchronization initiated using futex wait barrier. (216 threads)
[2025-03-19T08:37:37.261+0000][396.223s][info ][safepoint   ] Safepoint "Cleanup", Time since last: 1000154945 ns, Reaching safepoint: 88042 ns, Cleanup: 22163 ns, At safepoint: 8406 ns, Total: 118611 ns
[2025-03-19T08:37:42.262+0000][401.223s][debug][safepoint   ] Safepoint synchronization initiated using futex wait barrier. (216 threads)
[2025-03-19T08:37:42.262+0000][401.223s][info ][safepoint   ] Safepoint "Cleanup", Time since last: 5000506986 ns, Reaching safepoint: 84827 ns, Cleanup: 17617 ns, At safepoint: 7420 ns, Total: 109864 ns
[2025-03-19T08:37:45.265+0000][404.227s][debug][safepoint   ] Safepoint synchronization initiated using futex wait barrier. (216 threads)
[2025-03-19T08:37:45.265+0000][404.227s][info ][safepoint   ] Safepoint "Cleanup", Time since last: 3003263831 ns, Reaching safepoint: 69357 ns, Cleanup: 21192 ns, At safepoint: 8521 ns, Total: 99070 ns
[2025-03-19T08:37:46.265+0000][405.227s][debug][safepoint   ] Safepoint synchronization initiated using futex wait barrier. (216 threads)
[2025-03-19T08:37:46.265+0000][405.227s][info ][safepoint   ] Safepoint "Cleanup", Time since last: 1000150454 ns, Reaching safepoint: 80380 ns, Cleanup: 64184 ns, At safepoint: 5039 ns, Total: 149603 ns
[2025-03-19T08:37:52.266+0000][411.228s][debug][safepoint   ] Safepoint synchronization initiated using futex wait barrier. (216 threads)
[2025-03-19T08:37:52.266+0000][411.228s][info ][safepoint   ] Safepoint "Cleanup", Time since last: 6000499475 ns, Reaching safepoint: 82393 ns, Cleanup: 39967 ns, At safepoint: 6125 ns, Total: 128485 ns
[2025-03-19T08:37:55.266+0000][414.228s][debug][safepoint   ] Safepoint synchronization initiated using futex wait barrier. (216 threads)
[2025-03-19T08:37:55.267+0000][414.228s][info ][safepoint   ] Safepoint "Cleanup", Time since last: 3000352658 ns, Reaching safepoint: 81630 ns, Cleanup: 30374 ns, At safepoint: 7467 ns, Total: 119471 ns
[2025-03-19T08:37:57.267+0000][416.228s][debug][safepoint   ] Safepoint synchronization initiated using futex wait barrier. (215 threads)
[2025-03-19T08:37:57.267+0000][416.228s][info ][safepoint   ] Safepoint "Cleanup", Time since last: 2000174218 ns, Reaching safepoint: 121156 ns, Cleanup: 22051 ns, At safepoint: 10949 ns, Total: 154156 ns
[2025-03-19T08:38:01.267+0000][420.229s][debug][safepoint   ] Safepoint synchronization initiated using futex wait barrier. (215 threads)
[2025-03-19T08:38:01.267+0000][420.229s][info ][safepoint   ] Safepoint "Cleanup", Time since last: 4000345534 ns, Reaching safepoint: 103733 ns, Cleanup: 17408 ns, At safepoint: 7657 ns, Total: 128798 ns
[2025-03-19T08:38:02.330+0000][421.292s][debug][safepoint   ] Safepoint synchronization initiated using futex wait barrier. (215 threads)
[2025-03-19T08:38:02.330+0000][421.292s][info ][safepoint   ] Safepoint "Cleanup", Time since last: 1062714977 ns, Reaching safepoint: 110035 ns, Cleanup: 22881 ns, At safepoint: 8013 ns, Total: 140929 ns
[2025-03-19T08:38:03.330+0000][422.292s][debug][safepoint   ] Safepoint synchronization initiated using futex wait barrier. (215 threads)
[2025-03-19T08:38:03.330+0000][422.292s][info ][safepoint   ] Safepoint "Cleanup", Time since last: 1000093504 ns, Reaching safepoint: 82681 ns, Cleanup: 16252 ns, At safepoint: 7204 ns, Total: 106137 ns
[2025-03-19T08:38:04.330+0000][423.292s][debug][safepoint   ] Safepoint synchronization initiated using futex wait barrier. (214 threads)
[2025-03-19T08:38:04.331+0000][423.292s][info ][safepoint   ] Safepoint "Cleanup", Time since last: 1000107856 ns, Reaching safepoint: 76344 ns, Cleanup: 54109 ns, At safepoint: 4876 ns, Total: 135329 ns
[2025-03-19T08:38:06.331+0000][425.292s][debug][safepoint   ] Safepoint synchronization initiated using futex wait barrier. (214 threads)
[2025-03-19T08:38:06.331+0000][425.292s][info ][safepoint   ] Safepoint "Cleanup", Time since last: 2000149103 ns, Reaching safepoint: 84034 ns, Cleanup: 26987 ns, At safepoint: 7802 ns, Total: 118823 ns
[2025-03-19T08:38:52.335+0000][471.297s][debug][safepoint   ] Safepoint synchronization initiated using futex wait barrier. (214 threads)
[2025-03-19T08:38:52.336+0000][471.297s][info ][safepoint   ] Safepoint "Cleanup", Time since last: 46004605949 ns, Reaching safepoint: 106095 ns, Cleanup: 40148 ns, At safepoint: 8360 ns, Total: 154603 ns
[2025-03-19T08:38:55.336+0000][474.298s][debug][safepoint   ] Safepoint synchronization initiated using futex wait barrier. (214 threads)
[2025-03-19T08:38:55.336+0000][474.298s][info ][safepoint   ] Safepoint "Cleanup", Time since last: 3000291452 ns, Reaching safepoint: 98908 ns, Cleanup: 42112 ns, At safepoint: 7361 ns, Total: 148381 ns
[2025-03-19T08:39:01.337+0000][480.298s][debug][safepoint   ] Safepoint synchronization initiated using futex wait barrier. (213 threads)
[2025-03-19T08:39:01.337+0000][480.298s][info ][safepoint   ] Safepoint "Cleanup", Time since last: 6000505600 ns, Reaching safepoint: 80001 ns, Cleanup: 15555 ns, At safepoint: 6992 ns, Total: 102548 ns
[2025-03-19T08:39:02.359+0000][481.321s][debug][safepoint   ] Safepoint synchronization initiated using futex wait barrier. (213 threads)
[2025-03-19T08:39:02.359+0000][481.321s][info ][safepoint   ] Safepoint "Cleanup", Time since last: 1022376809 ns, Reaching safepoint: 109850 ns, Cleanup: 30499 ns, At safepoint: 11950 ns, Total: 152299 ns
[2025-03-19T08:39:06.360+0000][485.321s][debug][safepoint   ] Safepoint synchronization initiated using futex wait barrier. (212 threads)
[2025-03-19T08:39:06.360+0000][485.321s][info ][safepoint   ] Safepoint "Cleanup", Time since last: 4000336065 ns, Reaching safepoint: 88053 ns, Cleanup: 20717 ns, At safepoint: 5444 ns, Total: 114214 ns
[2025-03-19T08:39:15.360+0000][494.322s][debug][safepoint   ] Safepoint synchronization initiated using futex wait barrier. (212 threads)
[2025-03-19T08:39:15.361+0000][494.322s][info ][safepoint   ] Safepoint "Cleanup", Time since last: 9000746631 ns, Reaching safepoint: 83855 ns, Cleanup: 15746 ns, At safepoint: 5586 ns, Total: 105187 ns
[2025-03-19T08:39:52.364+0000][531.326s][debug][safepoint   ] Safepoint synchronization initiated using futex wait barrier. (212 threads)
[2025-03-19T08:39:52.364+0000][531.326s][info ][safepoint   ] Safepoint "Cleanup", Time since last: 37003727104 ns, Reaching safepoint: 85884 ns, Cleanup: 22321 ns, At safepoint: 7927 ns, Total: 116132 ns
[2025-03-19T08:40:06.381+0000][545.342s][debug][safepoint   ] Safepoint synchronization initiated using futex wait barrier. (210 threads)
[2025-03-19T08:40:06.381+0000][545.342s][info ][safepoint   ] Safepoint "Cleanup", Time since last: 14016347469 ns, Reaching safepoint: 81661 ns, Cleanup: 14652 ns, At safepoint: 6965 ns, Total: 103278 ns
[2025-03-19T08:40:18.383+0000][557.344s][debug][safepoint   ] Safepoint synchronization initiated using futex wait barrier. (210 threads)
[2025-03-19T08:40:18.383+0000][557.344s][info ][safepoint   ] Safepoint "Cleanup", Time since last: 12001786619 ns, Reaching safepoint: 80805 ns, Cleanup: 14914 ns, At safepoint: 5511 ns, Total: 101230 ns
[2025-03-19T08:40:22.383+0000][561.345s][debug][safepoint   ] Safepoint synchronization initiated using futex wait barrier. (210 threads)
[2025-03-19T08:40:22.383+0000][561.345s][info ][safepoint   ] Safepoint "Cleanup", Time since last: 4000335334 ns, Reaching safepoint: 83509 ns, Cleanup: 15829 ns, At safepoint: 6269 ns, Total: 105607 ns
[2025-03-19T08:40:32.384+0000][571.346s][debug][safepoint   ] Safepoint synchronization initiated using futex wait barrier. (210 threads)
[2025-03-19T08:40:32.384+0000][571.346s][info ][safepoint   ] Safepoint "Cleanup", Time since last: 10000823405 ns, Reaching safepoint: 108131 ns, Cleanup: 18023 ns, At safepoint: 7123 ns, Total: 133277 ns
[2025-03-19T08:40:52.386+0000][591.348s][debug][safepoint   ] Safepoint synchronization initiated using futex wait barrier. (210 threads)
[2025-03-19T08:40:52.386+0000][591.348s][info ][safepoint   ] Safepoint "Cleanup", Time since last: 20002006686 ns, Reaching safepoint: 330091 ns, Cleanup: 37041 ns, At safepoint: 13235 ns, Total: 380367 ns
[2025-03-19T08:40:54.388+0000][593.349s][debug][safepoint   ] Safepoint synchronization initiated using futex wait barrier. (210 threads)
[2025-03-19T08:40:54.388+0000][593.349s][info ][safepoint   ] Safepoint "Cleanup", Time since last: 2001075312 ns, Reaching safepoint: 105679 ns, Cleanup: 37874 ns, At safepoint: 7190 ns, Total: 150743 ns
[2025-03-19T08:41:01.388+0000][600.350s][debug][safepoint   ] Safepoint synchronization initiated using futex wait barrier. (209 threads)
[2025-03-19T08:41:01.388+0000][600.350s][info ][safepoint   ] Safepoint "Cleanup", Time since last: 7000621168 ns, Reaching safepoint: 80473 ns, Cleanup: 19394 ns, At safepoint: 7371 ns, Total: 107238 ns
