[2025-03-19T10:15:58.587+0000][0.027s][info][gc] Using G1
[2025-03-19T10:15:58.592+0000][0.032s][info][gc,init] Version: 17.0.13+11-Debian-2deb12u1 (release)
[2025-03-19T10:15:58.592+0000][0.032s][info][gc,init] CPUs: 4 total, 4 available
[2025-03-19T10:15:58.592+0000][0.032s][info][gc,init] Memory: 7213M
[2025-03-19T10:15:58.592+0000][0.032s][info][gc,init] Large Page Support: Disabled
[2025-03-19T10:15:58.592+0000][0.032s][info][gc,init] NUMA Support: Disabled
[2025-03-19T10:15:58.592+0000][0.032s][info][gc,init] Compressed Oops: Enabled (32-bit)
[2025-03-19T10:15:58.592+0000][0.032s][info][gc,init] Heap Region Size: 1M
[2025-03-19T10:15:58.592+0000][0.032s][info][gc,init] Heap Min Capacity: 8M
[2025-03-19T10:15:58.592+0000][0.032s][info][gc,init] Heap Initial Capacity: 114M
[2025-03-19T10:15:58.592+0000][0.032s][info][gc,init] Heap Max Capacity: 1804M
[2025-03-19T10:15:58.592+0000][0.032s][info][gc,init] Pre-touch: Disabled
[2025-03-19T10:15:58.592+0000][0.032s][info][gc,init] Parallel Workers: 4
[2025-03-19T10:15:58.592+0000][0.032s][info][gc,init] Concurrent Workers: 1
[2025-03-19T10:15:58.592+0000][0.032s][info][gc,init] Concurrent Refinement Workers: 4
[2025-03-19T10:15:58.592+0000][0.032s][info][gc,init] Periodic GC: Disabled
[2025-03-19T10:15:58.666+0000][0.106s][info][gc,metaspace] CDS archive(s) mapped at: [0x0000771973000000-0x0000771973bc9000-0x0000771973bc9000), size 12357632, SharedBaseAddress: 0x0000771973000000, ArchiveRelocationMode: 1.
[2025-03-19T10:15:58.666+0000][0.106s][info][gc,metaspace] Compressed class space mapped at: 0x0000771974000000-0x00007719b4000000, reserved size: 1073741824
[2025-03-19T10:15:58.666+0000][0.106s][info][gc,metaspace] Narrow klass base: 0x0000771973000000, Narrow klass shift: 0, Narrow klass range: 0x100000000
[2025-03-19T10:15:58.686+0000][0.126s][info][cds,heap    ] initialize_from_archived_subgraph java.lang.Module$ArchivedData 0x0000771973183388 (early)
[2025-03-19T10:15:58.687+0000][0.127s][info][cds,heap    ] initialize_from_archived_subgraph java.util.ImmutableCollections 0x0000771973070cd8 (early)
[2025-03-19T10:15:58.690+0000][0.130s][info][cds,heap    ] initialize_from_archived_subgraph java.lang.Integer$IntegerCache 0x0000771973036060 (early)
[2025-03-19T10:15:58.697+0000][0.137s][info][cds,heap    ] initialize_from_archived_subgraph java.lang.module.Configuration 0x0000771973171308 (early)
[2025-03-19T10:15:58.697+0000][0.137s][info][cds,heap    ] initialize_from_archived_subgraph java.lang.ModuleLayer 0x0000771973145c58 (early)
[2025-03-19T10:15:58.698+0000][0.138s][info][cds,heap    ] initialize_from_archived_subgraph jdk.internal.loader.ArchivedClassLoaders 0x00007719731a79f0 (early)
[2025-03-19T10:15:58.698+0000][0.138s][info][cds,heap    ] initialize_from_archived_subgraph jdk.internal.module.ArchivedBootLayer 0x0000771973177f48 (early)
[2025-03-19T10:15:58.703+0000][0.143s][info][cds,heap    ] initialize_from_archived_subgraph sun.util.locale.BaseLocale 0x000077197326bb10
[2025-03-19T10:15:58.728+0000][0.168s][info][cds,heap    ] initialize_from_archived_subgraph java.util.jar.Attributes$Name 0x0000771973199468
[2025-03-19T10:15:58.774+0000][0.214s][info][cds,heap    ] initialize_from_archived_subgraph java.lang.Long$LongCache 0x000077197301f998
[2025-03-19T10:15:58.886+0000][0.326s][info][cds,heap    ] initialize_from_archived_subgraph java.lang.Character$CharacterCache 0x00007719730393e8
[2025-03-19T10:15:59.351+0000][0.791s][debug][safepoint   ] Safepoint synchronization initiated using futex wait barrier. (13 threads)
[2025-03-19T10:15:59.352+0000][0.792s][info ][gc,start    ] GC(0) Pause Young (Normal) (G1 Evacuation Pause)
[2025-03-19T10:15:59.352+0000][0.792s][info ][gc,task     ] GC(0) Using 2 workers of 4 for evacuation
[2025-03-19T10:15:59.363+0000][0.803s][info ][gc,phases   ] GC(0)   Pre Evacuate Collection Set: 0.1ms
[2025-03-19T10:15:59.363+0000][0.803s][info ][gc,phases   ] GC(0)   Merge Heap Roots: 0.1ms
[2025-03-19T10:15:59.363+0000][0.803s][info ][gc,phases   ] GC(0)   Evacuate Collection Set: 10.4ms
[2025-03-19T10:15:59.363+0000][0.803s][info ][gc,phases   ] GC(0)   Post Evacuate Collection Set: 0.8ms
[2025-03-19T10:15:59.363+0000][0.803s][info ][gc,phases   ] GC(0)   Other: 0.3ms
[2025-03-19T10:15:59.363+0000][0.803s][info ][gc,heap     ] GC(0) Eden regions: 37->0(48)
[2025-03-19T10:15:59.363+0000][0.803s][info ][gc,heap     ] GC(0) Survivor regions: 0->5(5)
[2025-03-19T10:15:59.363+0000][0.803s][info ][gc,heap     ] GC(0) Old regions: 0->2
[2025-03-19T10:15:59.363+0000][0.803s][info ][gc,heap     ] GC(0) Archive regions: 2->2
[2025-03-19T10:15:59.363+0000][0.803s][info ][gc,heap     ] GC(0) Humongous regions: 0->0
[2025-03-19T10:15:59.363+0000][0.803s][info ][gc,metaspace] GC(0) Metaspace: 2076K(2304K)->2076K(2304K) NonClass: 1870K(1984K)->1870K(1984K) Class: 205K(320K)->205K(320K)
[2025-03-19T10:15:59.363+0000][0.803s][info ][gc          ] GC(0) Pause Young (Normal) (G1 Evacuation Pause) 37M->7M(116M) 11.853ms
[2025-03-19T10:15:59.363+0000][0.803s][info ][gc,cpu      ] GC(0) User=0.02s Sys=0.01s Real=0.01s
[2025-03-19T10:15:59.363+0000][0.803s][info ][safepoint   ] Safepoint "G1CollectForAllocation", Time since last: 666957943 ns, Reaching safepoint: 56864 ns, Cleanup: 100737 ns, At safepoint: 11940924 ns, Total: 12098525 ns
[2025-03-19T10:16:00.046+0000][1.486s][debug][safepoint   ] Safepoint synchronization initiated using futex wait barrier. (13 threads)
[2025-03-19T10:16:00.046+0000][1.486s][info ][gc,start    ] GC(1) Pause Young (Normal) (G1 Evacuation Pause)
[2025-03-19T10:16:00.046+0000][1.486s][info ][gc,task     ] GC(1) Using 2 workers of 4 for evacuation
[2025-03-19T10:16:00.054+0000][1.494s][info ][gc,phases   ] GC(1)   Pre Evacuate Collection Set: 0.1ms
[2025-03-19T10:16:00.054+0000][1.494s][info ][gc,phases   ] GC(1)   Merge Heap Roots: 0.0ms
[2025-03-19T10:16:00.054+0000][1.494s][info ][gc,phases   ] GC(1)   Evacuate Collection Set: 7.1ms
[2025-03-19T10:16:00.054+0000][1.494s][info ][gc,phases   ] GC(1)   Post Evacuate Collection Set: 0.5ms
[2025-03-19T10:16:00.054+0000][1.494s][info ][gc,phases   ] GC(1)   Other: 0.1ms
[2025-03-19T10:16:00.054+0000][1.494s][info ][gc,heap     ] GC(1) Eden regions: 48->0(64)
[2025-03-19T10:16:00.054+0000][1.494s][info ][gc,heap     ] GC(1) Survivor regions: 5->4(7)
[2025-03-19T10:16:00.054+0000][1.494s][info ][gc,heap     ] GC(1) Old regions: 2->7
[2025-03-19T10:16:00.054+0000][1.494s][info ][gc,heap     ] GC(1) Archive regions: 2->2
[2025-03-19T10:16:00.054+0000][1.494s][info ][gc,heap     ] GC(1) Humongous regions: 0->0
[2025-03-19T10:16:00.054+0000][1.494s][info ][gc,metaspace] GC(1) Metaspace: 3565K(3840K)->3565K(3840K) NonClass: 3195K(3328K)->3195K(3328K) Class: 370K(512K)->370K(512K)
[2025-03-19T10:16:00.054+0000][1.494s][info ][gc          ] GC(1) Pause Young (Normal) (G1 Evacuation Pause) 55M->10M(116M) 7.874ms
[2025-03-19T10:16:00.054+0000][1.494s][info ][gc,cpu      ] GC(1) User=0.01s Sys=0.01s Real=0.01s
[2025-03-19T10:16:00.054+0000][1.494s][info ][safepoint   ] Safepoint "G1CollectForAllocation", Time since last: 682607315 ns, Reaching safepoint: 46346 ns, Cleanup: 79084 ns, At safepoint: 7918088 ns, Total: 8043518 ns
[2025-03-19T10:16:00.678+0000][2.118s][debug][safepoint   ] Safepoint synchronization initiated using futex wait barrier. (14 threads)
[2025-03-19T10:16:00.678+0000][2.118s][info ][gc,start    ] GC(2) Pause Young (Normal) (G1 Evacuation Pause)
[2025-03-19T10:16:00.678+0000][2.118s][info ][gc,task     ] GC(2) Using 2 workers of 4 for evacuation
[2025-03-19T10:16:00.685+0000][2.125s][info ][gc,phases   ] GC(2)   Pre Evacuate Collection Set: 0.0ms
[2025-03-19T10:16:00.685+0000][2.125s][info ][gc,phases   ] GC(2)   Merge Heap Roots: 0.0ms
[2025-03-19T10:16:00.685+0000][2.125s][info ][gc,phases   ] GC(2)   Evacuate Collection Set: 6.1ms
[2025-03-19T10:16:00.685+0000][2.125s][info ][gc,phases   ] GC(2)   Post Evacuate Collection Set: 0.5ms
[2025-03-19T10:16:00.685+0000][2.125s][info ][gc,phases   ] GC(2)   Other: 0.1ms
[2025-03-19T10:16:00.685+0000][2.125s][info ][gc,heap     ] GC(2) Eden regions: 64->0(63)
[2025-03-19T10:16:00.685+0000][2.125s][info ][gc,heap     ] GC(2) Survivor regions: 4->5(9)
[2025-03-19T10:16:00.685+0000][2.125s][info ][gc,heap     ] GC(2) Old regions: 7->7
[2025-03-19T10:16:00.685+0000][2.125s][info ][gc,heap     ] GC(2) Archive regions: 2->2
[2025-03-19T10:16:00.685+0000][2.125s][info ][gc,heap     ] GC(2) Humongous regions: 0->0
[2025-03-19T10:16:00.685+0000][2.125s][info ][gc,metaspace] GC(2) Metaspace: 6225K(6528K)->6225K(6528K) NonClass: 5462K(5568K)->5462K(5568K) Class: 763K(960K)->763K(960K)
[2025-03-19T10:16:00.685+0000][2.125s][info ][gc          ] GC(2) Pause Young (Normal) (G1 Evacuation Pause) 74M->12M(116M) 6.880ms
[2025-03-19T10:16:00.685+0000][2.125s][info ][gc,cpu      ] GC(2) User=0.02s Sys=0.00s Real=0.01s
[2025-03-19T10:16:00.685+0000][2.125s][info ][safepoint   ] Safepoint "G1CollectForAllocation", Time since last: 623940360 ns, Reaching safepoint: 46908 ns, Cleanup: 126478 ns, At safepoint: 6929368 ns, Total: 7102754 ns
[2025-03-19T10:16:01.580+0000][3.020s][debug][safepoint   ] Safepoint synchronization initiated using futex wait barrier. (14 threads)
[2025-03-19T10:16:01.580+0000][3.020s][info ][gc,start    ] GC(3) Pause Young (Normal) (G1 Evacuation Pause)
[2025-03-19T10:16:01.580+0000][3.020s][info ][gc,task     ] GC(3) Using 2 workers of 4 for evacuation
[2025-03-19T10:16:01.607+0000][3.047s][info ][gc,phases   ] GC(3)   Pre Evacuate Collection Set: 0.1ms
[2025-03-19T10:16:01.607+0000][3.047s][info ][gc,phases   ] GC(3)   Merge Heap Roots: 0.2ms
[2025-03-19T10:16:01.607+0000][3.047s][info ][gc,phases   ] GC(3)   Evacuate Collection Set: 25.2ms
[2025-03-19T10:16:01.607+0000][3.047s][info ][gc,phases   ] GC(3)   Post Evacuate Collection Set: 0.8ms
[2025-03-19T10:16:01.607+0000][3.047s][info ][gc,phases   ] GC(3)   Other: 0.1ms
[2025-03-19T10:16:01.607+0000][3.047s][info ][gc,heap     ] GC(3) Eden regions: 63->0(65)
[2025-03-19T10:16:01.607+0000][3.047s][info ][gc,heap     ] GC(3) Survivor regions: 5->3(9)
[2025-03-19T10:16:01.607+0000][3.047s][info ][gc,heap     ] GC(3) Old regions: 7->10
[2025-03-19T10:16:01.607+0000][3.047s][info ][gc,heap     ] GC(3) Archive regions: 2->2
[2025-03-19T10:16:01.607+0000][3.047s][info ][gc,heap     ] GC(3) Humongous regions: 0->0
[2025-03-19T10:16:01.607+0000][3.047s][info ][gc,metaspace] GC(3) Metaspace: 9697K(9984K)->9697K(9984K) NonClass: 8448K(8576K)->8448K(8576K) Class: 1249K(1408K)->1249K(1408K)
[2025-03-19T10:16:01.607+0000][3.047s][info ][gc          ] GC(3) Pause Young (Normal) (G1 Evacuation Pause) 75M->13M(116M) 26.420ms
[2025-03-19T10:16:01.607+0000][3.047s][info ][gc,cpu      ] GC(3) User=0.02s Sys=0.00s Real=0.03s
[2025-03-19T10:16:01.607+0000][3.047s][info ][safepoint   ] Safepoint "G1CollectForAllocation", Time since last: 894944012 ns, Reaching safepoint: 41896 ns, Cleanup: 80004 ns, At safepoint: 26462736 ns, Total: 26584636 ns
[2025-03-19T10:16:01.996+0000][3.436s][debug][safepoint   ] Safepoint synchronization initiated using futex wait barrier. (14 threads)
[2025-03-19T10:16:01.996+0000][3.436s][info ][gc,start    ] GC(4) Pause Young (Normal) (G1 Evacuation Pause)
[2025-03-19T10:16:01.996+0000][3.436s][info ][gc,task     ] GC(4) Using 2 workers of 4 for evacuation
[2025-03-19T10:16:02.002+0000][3.442s][info ][gc,phases   ] GC(4)   Pre Evacuate Collection Set: 0.0ms
[2025-03-19T10:16:02.002+0000][3.442s][info ][gc,phases   ] GC(4)   Merge Heap Roots: 0.0ms
[2025-03-19T10:16:02.002+0000][3.442s][info ][gc,phases   ] GC(4)   Evacuate Collection Set: 4.5ms
[2025-03-19T10:16:02.002+0000][3.442s][info ][gc,phases   ] GC(4)   Post Evacuate Collection Set: 0.8ms
[2025-03-19T10:16:02.002+0000][3.442s][info ][gc,phases   ] GC(4)   Other: 0.1ms
[2025-03-19T10:16:02.002+0000][3.442s][info ][gc,heap     ] GC(4) Eden regions: 65->0(80)
[2025-03-19T10:16:02.002+0000][3.442s][info ][gc,heap     ] GC(4) Survivor regions: 3->4(9)
[2025-03-19T10:16:02.002+0000][3.442s][info ][gc,heap     ] GC(4) Old regions: 10->10
[2025-03-19T10:16:02.002+0000][3.442s][info ][gc,heap     ] GC(4) Archive regions: 2->2
[2025-03-19T10:16:02.002+0000][3.442s][info ][gc,heap     ] GC(4) Humongous regions: 0->0
[2025-03-19T10:16:02.002+0000][3.442s][info ][gc,metaspace] GC(4) Metaspace: 11284K(11584K)->11284K(11584K) NonClass: 9799K(9984K)->9799K(9984K) Class: 1484K(1600K)->1484K(1600K)
[2025-03-19T10:16:02.002+0000][3.442s][info ][gc          ] GC(4) Pause Young (Normal) (G1 Evacuation Pause) 78M->13M(140M) 5.558ms
[2025-03-19T10:16:02.002+0000][3.442s][info ][gc,cpu      ] GC(4) User=0.01s Sys=0.00s Real=0.00s
[2025-03-19T10:16:02.002+0000][3.442s][info ][safepoint   ] Safepoint "G1CollectForAllocation", Time since last: 389422844 ns, Reaching safepoint: 34012 ns, Cleanup: 72317 ns, At safepoint: 5597757 ns, Total: 5704086 ns
[2025-03-19T10:16:02.199+0000][3.639s][debug][safepoint   ] Safepoint synchronization initiated using futex wait barrier. (14 threads)
[2025-03-19T10:16:02.199+0000][3.639s][info ][safepoint   ] Safepoint "ICBufferFull", Time since last: 197149030 ns, Reaching safepoint: 43911 ns, Cleanup: 105479 ns, At safepoint: 2322 ns, Total: 151712 ns
[2025-03-19T10:16:02.518+0000][3.958s][debug][safepoint   ] Safepoint synchronization initiated using futex wait barrier. (15 threads)
[2025-03-19T10:16:02.518+0000][3.958s][debug][safepoint   ] ... found polling page loop exception at pc = 0x00007719dcf7fcac, stub =0x00007719dc98f400
[2025-03-19T10:16:02.518+0000][3.958s][info ][gc,start    ] GC(5) Pause Young (Normal) (G1 Evacuation Pause)
[2025-03-19T10:16:02.518+0000][3.958s][info ][gc,task     ] GC(5) Using 4 workers of 4 for evacuation
[2025-03-19T10:16:02.523+0000][3.963s][info ][gc,phases   ] GC(5)   Pre Evacuate Collection Set: 0.1ms
[2025-03-19T10:16:02.523+0000][3.963s][info ][gc,phases   ] GC(5)   Merge Heap Roots: 0.0ms
[2025-03-19T10:16:02.523+0000][3.963s][info ][gc,phases   ] GC(5)   Evacuate Collection Set: 4.4ms
[2025-03-19T10:16:02.523+0000][3.963s][info ][gc,phases   ] GC(5)   Post Evacuate Collection Set: 0.7ms
[2025-03-19T10:16:02.523+0000][3.963s][info ][gc,phases   ] GC(5)   Other: 0.1ms
[2025-03-19T10:16:02.523+0000][3.963s][info ][gc,heap     ] GC(5) Eden regions: 80->0(78)
[2025-03-19T10:16:02.523+0000][3.963s][info ][gc,heap     ] GC(5) Survivor regions: 4->6(11)
[2025-03-19T10:16:02.523+0000][3.963s][info ][gc,heap     ] GC(5) Old regions: 10->10
[2025-03-19T10:16:02.523+0000][3.963s][info ][gc,heap     ] GC(5) Archive regions: 2->2
[2025-03-19T10:16:02.523+0000][3.963s][info ][gc,heap     ] GC(5) Humongous regions: 0->0
[2025-03-19T10:16:02.523+0000][3.963s][info ][gc,metaspace] GC(5) Metaspace: 14350K(14720K)->14350K(14720K) NonClass: 12493K(12672K)->12493K(12672K) Class: 1856K(2048K)->1856K(2048K)
[2025-03-19T10:16:02.523+0000][3.963s][info ][gc          ] GC(5) Pause Young (Normal) (G1 Evacuation Pause) 93M->16M(140M) 5.373ms
[2025-03-19T10:16:02.523+0000][3.963s][info ][gc,cpu      ] GC(5) User=0.02s Sys=0.00s Real=0.00s
[2025-03-19T10:16:02.523+0000][3.963s][info ][safepoint   ] Safepoint "G1CollectForAllocation", Time since last: 318595365 ns, Reaching safepoint: 102399 ns, Cleanup: 64900 ns, At safepoint: 5410387 ns, Total: 5577686 ns
[2025-03-19T10:16:02.736+0000][4.176s][info ][cds,heap    ] initialize_from_archived_subgraph java.lang.Byte$ByteCache 0x00007719730395f8
[2025-03-19T10:16:02.736+0000][4.176s][info ][cds,heap    ] initialize_from_archived_subgraph java.lang.Short$ShortCache 0x000077197303fce8
[2025-03-19T10:16:02.790+0000][4.230s][debug][safepoint   ] Safepoint synchronization initiated using futex wait barrier. (15 threads)
[2025-03-19T10:16:02.790+0000][4.230s][info ][gc,start    ] GC(6) Pause Young (Normal) (G1 Evacuation Pause)
[2025-03-19T10:16:02.790+0000][4.230s][info ][gc,task     ] GC(6) Using 4 workers of 4 for evacuation
[2025-03-19T10:16:02.797+0000][4.237s][info ][gc,phases   ] GC(6)   Pre Evacuate Collection Set: 0.1ms
[2025-03-19T10:16:02.797+0000][4.237s][info ][gc,phases   ] GC(6)   Merge Heap Roots: 0.1ms
[2025-03-19T10:16:02.797+0000][4.237s][info ][gc,phases   ] GC(6)   Evacuate Collection Set: 6.0ms
[2025-03-19T10:16:02.797+0000][4.237s][info ][gc,phases   ] GC(6)   Post Evacuate Collection Set: 0.8ms
[2025-03-19T10:16:02.797+0000][4.237s][info ][gc,phases   ] GC(6)   Other: 0.1ms
[2025-03-19T10:16:02.797+0000][4.237s][info ][gc,heap     ] GC(6) Eden regions: 78->0(77)
[2025-03-19T10:16:02.797+0000][4.237s][info ][gc,heap     ] GC(6) Survivor regions: 6->7(11)
[2025-03-19T10:16:02.797+0000][4.237s][info ][gc,heap     ] GC(6) Old regions: 10->10
[2025-03-19T10:16:02.798+0000][4.238s][info ][gc,heap     ] GC(6) Archive regions: 2->2
[2025-03-19T10:16:02.798+0000][4.238s][info ][gc,heap     ] GC(6) Humongous regions: 0->0
[2025-03-19T10:16:02.798+0000][4.238s][info ][gc,metaspace] GC(6) Metaspace: 16533K(16896K)->16533K(16896K) NonClass: 14286K(14464K)->14286K(14464K) Class: 2246K(2432K)->2246K(2432K)
[2025-03-19T10:16:02.798+0000][4.238s][info ][gc          ] GC(6) Pause Young (Normal) (G1 Evacuation Pause) 94M->16M(140M) 7.088ms
[2025-03-19T10:16:02.798+0000][4.238s][info ][gc,cpu      ] GC(6) User=0.02s Sys=0.00s Real=0.01s
[2025-03-19T10:16:02.798+0000][4.238s][info ][safepoint   ] Safepoint "G1CollectForAllocation", Time since last: 266898291 ns, Reaching safepoint: 184618 ns, Cleanup: 65888 ns, At safepoint: 7155622 ns, Total: 7406128 ns
[2025-03-19T10:16:02.816+0000][4.256s][debug][safepoint   ] ... found polling page loop exception at pc = 0x00007719dcf7fd2a, stub =0x00007719dc98f400
[2025-03-19T10:16:03.168+0000][4.608s][debug][safepoint   ] Safepoint synchronization initiated using futex wait barrier. (15 threads)
[2025-03-19T10:16:03.168+0000][4.608s][info ][gc,start    ] GC(7) Pause Young (Normal) (G1 Evacuation Pause)
[2025-03-19T10:16:03.168+0000][4.608s][info ][gc,task     ] GC(7) Using 4 workers of 4 for evacuation
[2025-03-19T10:16:03.183+0000][4.623s][info ][gc,phases   ] GC(7)   Pre Evacuate Collection Set: 0.1ms
[2025-03-19T10:16:03.183+0000][4.623s][info ][gc,phases   ] GC(7)   Merge Heap Roots: 0.1ms
[2025-03-19T10:16:03.183+0000][4.623s][info ][gc,phases   ] GC(7)   Evacuate Collection Set: 13.2ms
[2025-03-19T10:16:03.183+0000][4.623s][info ][gc,phases   ] GC(7)   Post Evacuate Collection Set: 1.1ms
[2025-03-19T10:16:03.183+0000][4.623s][info ][gc,phases   ] GC(7)   Other: 0.1ms
[2025-03-19T10:16:03.183+0000][4.623s][info ][gc,heap     ] GC(7) Eden regions: 77->0(76)
[2025-03-19T10:16:03.183+0000][4.623s][info ][gc,heap     ] GC(7) Survivor regions: 7->8(11)
[2025-03-19T10:16:03.183+0000][4.623s][info ][gc,heap     ] GC(7) Old regions: 10->12
[2025-03-19T10:16:03.183+0000][4.623s][info ][gc,heap     ] GC(7) Archive regions: 2->2
[2025-03-19T10:16:03.183+0000][4.623s][info ][gc,heap     ] GC(7) Humongous regions: 0->0
[2025-03-19T10:16:03.183+0000][4.623s][info ][gc,metaspace] GC(7) Metaspace: 19711K(20032K)->19711K(20032K) NonClass: 17115K(17280K)->17115K(17280K) Class: 2595K(2752K)->2595K(2752K)
[2025-03-19T10:16:03.183+0000][4.623s][info ][gc          ] GC(7) Pause Young (Normal) (G1 Evacuation Pause) 93M->19M(140M) 14.721ms
[2025-03-19T10:16:03.183+0000][4.623s][info ][gc,cpu      ] GC(7) User=0.06s Sys=0.00s Real=0.01s
[2025-03-19T10:16:03.183+0000][4.623s][info ][safepoint   ] Safepoint "G1CollectForAllocation", Time since last: 370405249 ns, Reaching safepoint: 55087 ns, Cleanup: 63737 ns, At safepoint: 14775726 ns, Total: 14894550 ns
[2025-03-19T10:16:03.353+0000][4.793s][debug][safepoint   ] Safepoint synchronization initiated using futex wait barrier. (15 threads)
[2025-03-19T10:16:03.354+0000][4.794s][info ][gc,start    ] GC(8) Pause Young (Concurrent Start) (Metadata GC Threshold)
[2025-03-19T10:16:03.354+0000][4.794s][info ][gc,task     ] GC(8) Using 4 workers of 4 for evacuation
[2025-03-19T10:16:03.362+0000][4.802s][info ][gc,phases   ] GC(8)   Pre Evacuate Collection Set: 0.1ms
[2025-03-19T10:16:03.362+0000][4.802s][info ][gc,phases   ] GC(8)   Merge Heap Roots: 0.1ms
[2025-03-19T10:16:03.362+0000][4.802s][info ][gc,phases   ] GC(8)   Evacuate Collection Set: 7.3ms
[2025-03-19T10:16:03.362+0000][4.802s][info ][gc,phases   ] GC(8)   Post Evacuate Collection Set: 0.5ms
[2025-03-19T10:16:03.362+0000][4.802s][info ][gc,phases   ] GC(8)   Other: 0.1ms
[2025-03-19T10:16:03.362+0000][4.802s][info ][gc,heap     ] GC(8) Eden regions: 30->0(78)
[2025-03-19T10:16:03.362+0000][4.802s][info ][gc,heap     ] GC(8) Survivor regions: 8->6(11)
[2025-03-19T10:16:03.362+0000][4.802s][info ][gc,heap     ] GC(8) Old regions: 12->15
[2025-03-19T10:16:03.362+0000][4.802s][info ][gc,heap     ] GC(8) Archive regions: 2->2
[2025-03-19T10:16:03.362+0000][4.802s][info ][gc,heap     ] GC(8) Humongous regions: 0->0
[2025-03-19T10:16:03.362+0000][4.802s][info ][gc,metaspace] GC(8) Metaspace: 21190K(21504K)->21190K(21504K) NonClass: 18424K(18560K)->18424K(18560K) Class: 2766K(2944K)->2766K(2944K)
[2025-03-19T10:16:03.362+0000][4.802s][info ][gc          ] GC(8) Pause Young (Concurrent Start) (Metadata GC Threshold) 49M->21M(140M) 8.205ms
[2025-03-19T10:16:03.362+0000][4.802s][info ][gc,cpu      ] GC(8) User=0.02s Sys=0.00s Real=0.01s
[2025-03-19T10:16:03.362+0000][4.802s][info ][gc          ] GC(9) Concurrent Mark Cycle
[2025-03-19T10:16:03.362+0000][4.802s][info ][gc,marking  ] GC(9) Concurrent Clear Claimed Marks
[2025-03-19T10:16:03.362+0000][4.802s][info ][safepoint   ] Safepoint "CollectForMetadataAllocation", Time since last: 170531703 ns, Reaching safepoint: 40640 ns, Cleanup: 54936 ns, At safepoint: 8285735 ns, Total: 8381311 ns
[2025-03-19T10:16:03.362+0000][4.802s][info ][gc,marking  ] GC(9) Concurrent Clear Claimed Marks 0.029ms
[2025-03-19T10:16:03.362+0000][4.802s][info ][gc,marking  ] GC(9) Concurrent Scan Root Regions
[2025-03-19T10:16:03.366+0000][4.806s][debug][safepoint   ] Safepoint synchronization initiated using futex wait barrier. (15 threads)
[2025-03-19T10:16:03.366+0000][4.806s][info ][safepoint   ] Safepoint "CollectForMetadataAllocation", Time since last: 1248573 ns, Reaching safepoint: 3158685 ns, Cleanup: 5861 ns, At safepoint: 16260 ns, Total: 3180806 ns
[2025-03-19T10:16:03.375+0000][4.815s][info ][gc,marking  ] GC(9) Concurrent Scan Root Regions 13.029ms
[2025-03-19T10:16:03.375+0000][4.815s][info ][gc,marking  ] GC(9) Concurrent Mark
[2025-03-19T10:16:03.375+0000][4.815s][info ][gc,marking  ] GC(9) Concurrent Mark From Roots
[2025-03-19T10:16:03.375+0000][4.815s][info ][gc,task     ] GC(9) Using 1 workers of 1 for marking
[2025-03-19T10:16:03.396+0000][4.836s][info ][gc,marking  ] GC(9) Concurrent Mark From Roots 21.316ms
[2025-03-19T10:16:03.396+0000][4.836s][info ][gc,marking  ] GC(9) Concurrent Preclean
[2025-03-19T10:16:03.397+0000][4.837s][info ][gc,marking  ] GC(9) Concurrent Preclean 0.686ms
[2025-03-19T10:16:03.397+0000][4.837s][debug][safepoint   ] Safepoint synchronization initiated using futex wait barrier. (15 threads)
[2025-03-19T10:16:03.398+0000][4.838s][info ][gc,start    ] GC(9) Pause Remark
[2025-03-19T10:16:03.401+0000][4.841s][info ][gc          ] GC(9) Pause Remark 24M->24M(90M) 3.277ms
[2025-03-19T10:16:03.401+0000][4.841s][info ][gc,cpu      ] GC(9) User=0.01s Sys=0.00s Real=0.00s
[2025-03-19T10:16:03.401+0000][4.841s][info ][safepoint   ] Safepoint "G1PauseRemark", Time since last: 30792472 ns, Reaching safepoint: 82122 ns, Cleanup: 13198 ns, At safepoint: 3876787 ns, Total: 3972107 ns
[2025-03-19T10:16:03.402+0000][4.842s][info ][gc,marking  ] GC(9) Concurrent Mark 27.195ms
[2025-03-19T10:16:03.402+0000][4.842s][info ][gc,marking  ] GC(9) Concurrent Rebuild Remembered Sets
[2025-03-19T10:16:03.418+0000][4.858s][info ][gc,marking  ] GC(9) Concurrent Rebuild Remembered Sets 15.476ms
[2025-03-19T10:16:03.418+0000][4.858s][debug][safepoint   ] Safepoint synchronization initiated using futex wait barrier. (15 threads)
[2025-03-19T10:16:03.418+0000][4.858s][info ][gc,start    ] GC(9) Pause Cleanup
[2025-03-19T10:16:03.418+0000][4.858s][info ][gc          ] GC(9) Pause Cleanup 25M->25M(90M) 0.081ms
[2025-03-19T10:16:03.418+0000][4.858s][info ][gc,cpu      ] GC(9) User=0.00s Sys=0.00s Real=0.00s
[2025-03-19T10:16:03.418+0000][4.858s][info ][safepoint   ] Safepoint "G1PauseCleanup", Time since last: 16687366 ns, Reaching safepoint: 273032 ns, Cleanup: 9233 ns, At safepoint: 115110 ns, Total: 397375 ns
[2025-03-19T10:16:03.421+0000][4.861s][info ][gc,marking  ] GC(9) Concurrent Cleanup for Next Mark
[2025-03-19T10:16:03.422+0000][4.862s][info ][gc,marking  ] GC(9) Concurrent Cleanup for Next Mark 0.815ms
[2025-03-19T10:16:03.422+0000][4.862s][info ][gc          ] GC(9) Concurrent Mark Cycle 60.092ms
[2025-03-19T10:16:03.665+0000][5.105s][debug][safepoint   ] Safepoint synchronization initiated using futex wait barrier. (15 threads)
[2025-03-19T10:16:03.665+0000][5.105s][info ][safepoint   ] Safepoint "G1CollectForAllocation", Time since last: 247145877 ns, Reaching safepoint: 54600 ns, Cleanup: 65631 ns, At safepoint: 5559 ns, Total: 125790 ns
[2025-03-19T10:16:03.665+0000][5.105s][debug][safepoint   ] Safepoint synchronization initiated using futex wait barrier. (15 threads)
[2025-03-19T10:16:03.665+0000][5.105s][info ][gc,start    ] GC(10) Pause Young (Normal) (GCLocker Initiated GC)
[2025-03-19T10:16:03.665+0000][5.105s][info ][gc,task     ] GC(10) Using 4 workers of 4 for evacuation
[2025-03-19T10:16:03.672+0000][5.112s][info ][gc,phases   ] GC(10)   Pre Evacuate Collection Set: 0.1ms
[2025-03-19T10:16:03.672+0000][5.112s][info ][gc,phases   ] GC(10)   Merge Heap Roots: 0.0ms
[2025-03-19T10:16:03.672+0000][5.112s][info ][gc,phases   ] GC(10)   Evacuate Collection Set: 5.9ms
[2025-03-19T10:16:03.672+0000][5.112s][info ][gc,phases   ] GC(10)   Post Evacuate Collection Set: 0.7ms
[2025-03-19T10:16:03.672+0000][5.112s][info ][gc,phases   ] GC(10)   Other: 0.1ms
[2025-03-19T10:16:03.672+0000][5.112s][info ][gc,heap     ] GC(10) Eden regions: 53->0(49)
[2025-03-19T10:16:03.672+0000][5.112s][info ][gc,heap     ] GC(10) Survivor regions: 6->4(8)
[2025-03-19T10:16:03.672+0000][5.112s][info ][gc,heap     ] GC(10) Old regions: 15->19
[2025-03-19T10:16:03.672+0000][5.112s][info ][gc,heap     ] GC(10) Archive regions: 2->2
[2025-03-19T10:16:03.672+0000][5.112s][info ][gc,heap     ] GC(10) Humongous regions: 0->0
[2025-03-19T10:16:03.672+0000][5.112s][info ][gc,metaspace] GC(10) Metaspace: 23190K(23552K)->23190K(23552K) NonClass: 20151K(20352K)->20151K(20352K) Class: 3039K(3200K)->3039K(3200K)
[2025-03-19T10:16:03.672+0000][5.112s][info ][gc          ] GC(10) Pause Young (Normal) (GCLocker Initiated GC) 74M->23M(90M) 6.847ms
[2025-03-19T10:16:03.672+0000][5.112s][info ][gc,cpu      ] GC(10) User=0.02s Sys=0.00s Real=0.00s
[2025-03-19T10:16:03.672+0000][5.112s][info ][safepoint   ] Safepoint "G1CollectForAllocation", Time since last: 33747 ns, Reaching safepoint: 4994 ns, Cleanup: 609 ns, At safepoint: 6881587 ns, Total: 6887190 ns
[2025-03-19T10:16:03.995+0000][5.435s][debug][safepoint   ] ... found polling page loop exception at pc = 0x00007719dcf6f748, stub =0x00007719dc98eb80
[2025-03-19T10:16:04.008+0000][5.448s][debug][safepoint   ] Safepoint synchronization initiated using futex wait barrier. (15 threads)
[2025-03-19T10:16:04.008+0000][5.448s][info ][gc,start    ] GC(11) Pause Young (Normal) (G1 Evacuation Pause)
[2025-03-19T10:16:04.008+0000][5.448s][info ][gc,task     ] GC(11) Using 4 workers of 4 for evacuation
[2025-03-19T10:16:04.016+0000][5.456s][info ][gc,phases   ] GC(11)   Pre Evacuate Collection Set: 0.1ms
[2025-03-19T10:16:04.016+0000][5.456s][info ][gc,phases   ] GC(11)   Merge Heap Roots: 0.1ms
[2025-03-19T10:16:04.016+0000][5.456s][info ][gc,phases   ] GC(11)   Evacuate Collection Set: 6.9ms
[2025-03-19T10:16:04.016+0000][5.456s][info ][gc,phases   ] GC(11)   Post Evacuate Collection Set: 0.9ms
[2025-03-19T10:16:04.016+0000][5.456s][info ][gc,phases   ] GC(11)   Other: 0.1ms
[2025-03-19T10:16:04.016+0000][5.456s][info ][gc,heap     ] GC(11) Eden regions: 49->0(58)
[2025-03-19T10:16:04.016+0000][5.456s][info ][gc,heap     ] GC(11) Survivor regions: 4->7(7)
[2025-03-19T10:16:04.016+0000][5.456s][info ][gc,heap     ] GC(11) Old regions: 19->19
[2025-03-19T10:16:04.016+0000][5.456s][info ][gc,heap     ] GC(11) Archive regions: 2->2
[2025-03-19T10:16:04.016+0000][5.456s][info ][gc,heap     ] GC(11) Humongous regions: 0->0
[2025-03-19T10:16:04.016+0000][5.456s][info ][gc,metaspace] GC(11) Metaspace: 24397K(24768K)->24397K(24768K) NonClass: 21224K(21376K)->21224K(21376K) Class: 3172K(3392K)->3172K(3392K)
[2025-03-19T10:16:04.016+0000][5.456s][info ][gc          ] GC(11) Pause Young (Normal) (G1 Evacuation Pause) 72M->26M(109M) 8.094ms
[2025-03-19T10:16:04.016+0000][5.456s][info ][gc,cpu      ] GC(11) User=0.02s Sys=0.00s Real=0.01s
[2025-03-19T10:16:04.016+0000][5.456s][info ][safepoint   ] Safepoint "G1CollectForAllocation", Time since last: 335632443 ns, Reaching safepoint: 117051 ns, Cleanup: 88186 ns, At safepoint: 8171624 ns, Total: 8376861 ns
[2025-03-19T10:16:04.183+0000][5.623s][debug][safepoint   ] Safepoint synchronization initiated using futex wait barrier. (14 threads)
[2025-03-19T10:16:04.183+0000][5.623s][info ][gc,start    ] GC(12) Pause Young (Normal) (G1 Evacuation Pause)
[2025-03-19T10:16:04.183+0000][5.623s][info ][gc,task     ] GC(12) Using 3 workers of 4 for evacuation
[2025-03-19T10:16:04.206+0000][5.646s][info ][gc,phases   ] GC(12)   Pre Evacuate Collection Set: 0.0ms
[2025-03-19T10:16:04.206+0000][5.646s][info ][gc,phases   ] GC(12)   Merge Heap Roots: 0.0ms
[2025-03-19T10:16:04.206+0000][5.646s][info ][gc,phases   ] GC(12)   Evacuate Collection Set: 20.1ms
[2025-03-19T10:16:04.206+0000][5.646s][info ][gc,phases   ] GC(12)   Post Evacuate Collection Set: 3.0ms
[2025-03-19T10:16:04.206+0000][5.646s][info ][gc,phases   ] GC(12)   Other: 0.1ms
[2025-03-19T10:16:04.206+0000][5.646s][info ][gc,heap     ] GC(12) Eden regions: 58->0(51)
[2025-03-19T10:16:04.206+0000][5.646s][info ][gc,heap     ] GC(12) Survivor regions: 7->9(9)
[2025-03-19T10:16:04.206+0000][5.646s][info ][gc,heap     ] GC(12) Old regions: 19->24
[2025-03-19T10:16:04.206+0000][5.646s][info ][gc,heap     ] GC(12) Archive regions: 2->2
[2025-03-19T10:16:04.206+0000][5.646s][info ][gc,heap     ] GC(12) Humongous regions: 0->0
[2025-03-19T10:16:04.206+0000][5.646s][info ][gc,metaspace] GC(12) Metaspace: 24500K(24896K)->24500K(24896K) NonClass: 21304K(21504K)->21304K(21504K) Class: 3196K(3392K)->3196K(3392K)
[2025-03-19T10:16:04.206+0000][5.646s][info ][gc          ] GC(12) Pause Young (Normal) (G1 Evacuation Pause) 84M->33M(109M) 23.428ms
[2025-03-19T10:16:04.206+0000][5.646s][info ][gc,cpu      ] GC(12) User=0.09s Sys=0.00s Real=0.03s
[2025-03-19T10:16:04.206+0000][5.646s][info ][safepoint   ] Safepoint "G1CollectForAllocation", Time since last: 166657418 ns, Reaching safepoint: 48815 ns, Cleanup: 15345 ns, At safepoint: 23491459 ns, Total: 23555619 ns
[2025-03-19T10:16:04.395+0000][5.835s][debug][safepoint   ] Safepoint synchronization initiated using futex wait barrier. (14 threads)
[2025-03-19T10:16:04.395+0000][5.835s][info ][gc,start    ] GC(13) Pause Young (Normal) (G1 Evacuation Pause)
[2025-03-19T10:16:04.395+0000][5.835s][info ][gc,task     ] GC(13) Using 2 workers of 4 for evacuation
[2025-03-19T10:16:04.421+0000][5.861s][info ][gc,phases   ] GC(13)   Pre Evacuate Collection Set: 0.6ms
[2025-03-19T10:16:04.421+0000][5.861s][info ][gc,phases   ] GC(13)   Merge Heap Roots: 0.1ms
[2025-03-19T10:16:04.421+0000][5.861s][info ][gc,phases   ] GC(13)   Evacuate Collection Set: 23.2ms
[2025-03-19T10:16:04.421+0000][5.861s][info ][gc,phases   ] GC(13)   Post Evacuate Collection Set: 1.2ms
[2025-03-19T10:16:04.421+0000][5.861s][info ][gc,phases   ] GC(13)   Other: 0.1ms
[2025-03-19T10:16:04.421+0000][5.861s][info ][gc,heap     ] GC(13) Eden regions: 51->0(45)
[2025-03-19T10:16:04.421+0000][5.861s][info ][gc,heap     ] GC(13) Survivor regions: 9->7(8)
[2025-03-19T10:16:04.421+0000][5.861s][info ][gc,heap     ] GC(13) Old regions: 24->33
[2025-03-19T10:16:04.421+0000][5.861s][info ][gc,heap     ] GC(13) Archive regions: 2->2
[2025-03-19T10:16:04.421+0000][5.861s][info ][gc,heap     ] GC(13) Humongous regions: 0->0
[2025-03-19T10:16:04.421+0000][5.861s][info ][gc,metaspace] GC(13) Metaspace: 24565K(24960K)->24565K(24960K) NonClass: 21363K(21568K)->21363K(21568K) Class: 3202K(3392K)->3202K(3392K)
[2025-03-19T10:16:04.421+0000][5.861s][info ][gc          ] GC(13) Pause Young (Normal) (G1 Evacuation Pause) 84M->39M(109M) 25.176ms
[2025-03-19T10:16:04.421+0000][5.861s][info ][gc,cpu      ] GC(13) User=0.07s Sys=0.00s Real=0.02s
[2025-03-19T10:16:04.421+0000][5.861s][info ][safepoint   ] Safepoint "G1CollectForAllocation", Time since last: 188869233 ns, Reaching safepoint: 38046 ns, Cleanup: 27423 ns, At safepoint: 25223038 ns, Total: 25288507 ns
[2025-03-19T10:16:04.683+0000][6.123s][debug][safepoint   ] Safepoint synchronization initiated using futex wait barrier. (14 threads)
[2025-03-19T10:16:04.683+0000][6.123s][info ][gc,start    ] GC(14) Pause Young (Normal) (G1 Evacuation Pause)
[2025-03-19T10:16:04.683+0000][6.123s][info ][gc,task     ] GC(14) Using 2 workers of 4 for evacuation
[2025-03-19T10:16:04.702+0000][6.142s][info ][gc,phases   ] GC(14)   Pre Evacuate Collection Set: 0.1ms
[2025-03-19T10:16:04.702+0000][6.142s][info ][gc,phases   ] GC(14)   Merge Heap Roots: 0.1ms
[2025-03-19T10:16:04.702+0000][6.142s][info ][gc,phases   ] GC(14)   Evacuate Collection Set: 17.1ms
[2025-03-19T10:16:04.702+0000][6.142s][info ][gc,phases   ] GC(14)   Post Evacuate Collection Set: 1.2ms
[2025-03-19T10:16:04.702+0000][6.142s][info ][gc,phases   ] GC(14)   Other: 0.1ms
[2025-03-19T10:16:04.702+0000][6.142s][info ][gc,heap     ] GC(14) Eden regions: 45->0(42)
[2025-03-19T10:16:04.702+0000][6.142s][info ][gc,heap     ] GC(14) Survivor regions: 7->4(7)
[2025-03-19T10:16:04.702+0000][6.142s][info ][gc,heap     ] GC(14) Old regions: 33->39
[2025-03-19T10:16:04.702+0000][6.142s][info ][gc,heap     ] GC(14) Archive regions: 2->2
[2025-03-19T10:16:04.702+0000][6.142s][info ][gc,heap     ] GC(14) Humongous regions: 0->0
[2025-03-19T10:16:04.702+0000][6.142s][info ][gc,metaspace] GC(14) Metaspace: 24767K(25152K)->24767K(25152K) NonClass: 21525K(21696K)->21525K(21696K) Class: 3241K(3456K)->3241K(3456K)
[2025-03-19T10:16:04.702+0000][6.142s][info ][gc          ] GC(14) Pause Young (Normal) (G1 Evacuation Pause) 84M->43M(109M) 18.598ms
[2025-03-19T10:16:04.702+0000][6.142s][info ][gc,cpu      ] GC(14) User=0.07s Sys=0.00s Real=0.02s
[2025-03-19T10:16:04.702+0000][6.142s][info ][safepoint   ] Safepoint "G1CollectForAllocation", Time since last: 262495692 ns, Reaching safepoint: 44303 ns, Cleanup: 53762 ns, At safepoint: 18641817 ns, Total: 18739882 ns
[2025-03-19T10:16:04.929+0000][6.369s][debug][safepoint   ] Safepoint synchronization initiated using futex wait barrier. (14 threads)
[2025-03-19T10:16:04.929+0000][6.369s][info ][gc,start    ] GC(15) Pause Young (Normal) (G1 Evacuation Pause)
[2025-03-19T10:16:04.929+0000][6.369s][info ][gc,task     ] GC(15) Using 2 workers of 4 for evacuation
[2025-03-19T10:16:04.941+0000][6.381s][info ][gc,phases   ] GC(15)   Pre Evacuate Collection Set: 0.1ms
[2025-03-19T10:16:04.941+0000][6.381s][info ][gc,phases   ] GC(15)   Merge Heap Roots: 0.1ms
[2025-03-19T10:16:04.941+0000][6.381s][info ][gc,phases   ] GC(15)   Evacuate Collection Set: 9.5ms
[2025-03-19T10:16:04.941+0000][6.381s][info ][gc,phases   ] GC(15)   Post Evacuate Collection Set: 2.5ms
[2025-03-19T10:16:04.941+0000][6.381s][info ][gc,phases   ] GC(15)   Other: 0.1ms
[2025-03-19T10:16:04.941+0000][6.381s][info ][gc,heap     ] GC(15) Eden regions: 42->0(106)
[2025-03-19T10:16:04.941+0000][6.381s][info ][gc,heap     ] GC(15) Survivor regions: 4->5(6)
[2025-03-19T10:16:04.941+0000][6.381s][info ][gc,heap     ] GC(15) Old regions: 39->43
[2025-03-19T10:16:04.941+0000][6.381s][info ][gc,heap     ] GC(15) Archive regions: 2->2
[2025-03-19T10:16:04.941+0000][6.381s][info ][gc,heap     ] GC(15) Humongous regions: 0->0
[2025-03-19T10:16:04.941+0000][6.381s][info ][gc,metaspace] GC(15) Metaspace: 24943K(25344K)->24943K(25344K) NonClass: 21688K(21888K)->21688K(21888K) Class: 3255K(3456K)->3255K(3456K)
[2025-03-19T10:16:04.941+0000][6.381s][info ][gc          ] GC(15) Pause Young (Normal) (G1 Evacuation Pause) 85M->48M(211M) 12.332ms
[2025-03-19T10:16:04.941+0000][6.381s][info ][gc,cpu      ] GC(15) User=0.03s Sys=0.00s Real=0.01s
[2025-03-19T10:16:04.941+0000][6.381s][info ][safepoint   ] Safepoint "G1CollectForAllocation", Time since last: 226705443 ns, Reaching safepoint: 49912 ns, Cleanup: 83936 ns, At safepoint: 12392750 ns, Total: 12526598 ns
[2025-03-19T10:16:05.436+0000][6.876s][debug][safepoint   ] Safepoint synchronization initiated using futex wait barrier. (14 threads)
[2025-03-19T10:16:05.436+0000][6.876s][info ][safepoint   ] Safepoint "ICBufferFull", Time since last: 494835728 ns, Reaching safepoint: 51550 ns, Cleanup: 107261 ns, At safepoint: 1668 ns, Total: 160479 ns
[2025-03-19T10:16:05.569+0000][7.009s][debug][safepoint   ] Safepoint synchronization initiated using futex wait barrier. (14 threads)
[2025-03-19T10:16:05.569+0000][7.009s][info ][gc,start    ] GC(16) Pause Young (Normal) (G1 Evacuation Pause)
[2025-03-19T10:16:05.569+0000][7.009s][info ][gc,task     ] GC(16) Using 4 workers of 4 for evacuation
[2025-03-19T10:16:05.582+0000][7.022s][info ][gc,phases   ] GC(16)   Pre Evacuate Collection Set: 0.1ms
[2025-03-19T10:16:05.582+0000][7.022s][info ][gc,phases   ] GC(16)   Merge Heap Roots: 0.1ms
[2025-03-19T10:16:05.582+0000][7.022s][info ][gc,phases   ] GC(16)   Evacuate Collection Set: 12.1ms
[2025-03-19T10:16:05.582+0000][7.022s][info ][gc,phases   ] GC(16)   Post Evacuate Collection Set: 0.9ms
[2025-03-19T10:16:05.582+0000][7.022s][info ][gc,phases   ] GC(16)   Other: 0.1ms
[2025-03-19T10:16:05.582+0000][7.022s][info ][gc,heap     ] GC(16) Eden regions: 106->0(110)
[2025-03-19T10:16:05.582+0000][7.022s][info ][gc,heap     ] GC(16) Survivor regions: 5->9(14)
[2025-03-19T10:16:05.582+0000][7.022s][info ][gc,heap     ] GC(16) Old regions: 43->43
[2025-03-19T10:16:05.582+0000][7.022s][info ][gc,heap     ] GC(16) Archive regions: 2->2
[2025-03-19T10:16:05.582+0000][7.022s][info ][gc,heap     ] GC(16) Humongous regions: 0->0
[2025-03-19T10:16:05.582+0000][7.022s][info ][gc,metaspace] GC(16) Metaspace: 25190K(25536K)->25190K(25536K) NonClass: 21921K(22080K)->21921K(22080K) Class: 3268K(3456K)->3268K(3456K)
[2025-03-19T10:16:05.582+0000][7.022s][info ][gc          ] GC(16) Pause Young (Normal) (G1 Evacuation Pause) 154M->52M(211M) 13.470ms
[2025-03-19T10:16:05.582+0000][7.022s][info ][gc,cpu      ] GC(16) User=0.05s Sys=0.00s Real=0.01s
[2025-03-19T10:16:05.582+0000][7.022s][info ][safepoint   ] Safepoint "G1CollectForAllocation", Time since last: 132684120 ns, Reaching safepoint: 50709 ns, Cleanup: 39850 ns, At safepoint: 13524963 ns, Total: 13615522 ns
[2025-03-19T10:16:05.985+0000][7.425s][debug][safepoint   ] Safepoint synchronization initiated using futex wait barrier. (15 threads)
[2025-03-19T10:16:05.985+0000][7.425s][info ][gc,start    ] GC(17) Pause Young (Normal) (G1 Evacuation Pause)
[2025-03-19T10:16:05.985+0000][7.425s][info ][gc,task     ] GC(17) Using 4 workers of 4 for evacuation
[2025-03-19T10:16:05.998+0000][7.438s][info ][gc,phases   ] GC(17)   Pre Evacuate Collection Set: 0.1ms
[2025-03-19T10:16:05.998+0000][7.438s][info ][gc,phases   ] GC(17)   Merge Heap Roots: 0.1ms
[2025-03-19T10:16:05.998+0000][7.438s][info ][gc,phases   ] GC(17)   Evacuate Collection Set: 11.5ms
[2025-03-19T10:16:05.998+0000][7.438s][info ][gc,phases   ] GC(17)   Post Evacuate Collection Set: 1.0ms
[2025-03-19T10:16:05.998+0000][7.438s][info ][gc,phases   ] GC(17)   Other: 0.1ms
[2025-03-19T10:16:05.998+0000][7.438s][info ][gc,heap     ] GC(17) Eden regions: 110->0(110)
[2025-03-19T10:16:05.998+0000][7.438s][info ][gc,heap     ] GC(17) Survivor regions: 9->8(15)
[2025-03-19T10:16:05.998+0000][7.438s][info ][gc,heap     ] GC(17) Old regions: 43->48
[2025-03-19T10:16:05.998+0000][7.438s][info ][gc,heap     ] GC(17) Archive regions: 2->2
[2025-03-19T10:16:05.998+0000][7.438s][info ][gc,heap     ] GC(17) Humongous regions: 0->0
[2025-03-19T10:16:05.998+0000][7.438s][info ][gc,metaspace] GC(17) Metaspace: 26054K(26432K)->26054K(26432K) NonClass: 22721K(22912K)->22721K(22912K) Class: 3333K(3520K)->3333K(3520K)
[2025-03-19T10:16:05.998+0000][7.438s][info ][gc          ] GC(17) Pause Young (Normal) (G1 Evacuation Pause) 162M->55M(211M) 12.864ms
[2025-03-19T10:16:05.998+0000][7.438s][info ][gc,cpu      ] GC(17) User=0.05s Sys=0.00s Real=0.01s
[2025-03-19T10:16:05.998+0000][7.438s][info ][safepoint   ] Safepoint "G1CollectForAllocation", Time since last: 402293980 ns, Reaching safepoint: 47280 ns, Cleanup: 71156 ns, At safepoint: 12913523 ns, Total: 13031959 ns
[2025-03-19T10:16:06.323+0000][7.763s][debug][safepoint   ] Safepoint synchronization initiated using futex wait barrier. (15 threads)
[2025-03-19T10:16:06.323+0000][7.763s][debug][safepoint   ] ... found polling page loop exception at pc = 0x00007719dcff5aae, stub =0x00007719dc98f400
[2025-03-19T10:16:06.323+0000][7.763s][info ][gc,start    ] GC(18) Pause Young (Normal) (G1 Evacuation Pause)
[2025-03-19T10:16:06.323+0000][7.763s][info ][gc,task     ] GC(18) Using 4 workers of 4 for evacuation
[2025-03-19T10:16:06.332+0000][7.772s][info ][gc,phases   ] GC(18)   Pre Evacuate Collection Set: 0.1ms
[2025-03-19T10:16:06.332+0000][7.772s][info ][gc,phases   ] GC(18)   Merge Heap Roots: 0.1ms
[2025-03-19T10:16:06.332+0000][7.772s][info ][gc,phases   ] GC(18)   Evacuate Collection Set: 7.5ms
[2025-03-19T10:16:06.332+0000][7.772s][info ][gc,phases   ] GC(18)   Post Evacuate Collection Set: 1.2ms
[2025-03-19T10:16:06.332+0000][7.772s][info ][gc,phases   ] GC(18)   Other: 0.1ms
[2025-03-19T10:16:06.332+0000][7.772s][info ][gc,heap     ] GC(18) Eden regions: 110->0(113)
[2025-03-19T10:16:06.332+0000][7.772s][info ][gc,heap     ] GC(18) Survivor regions: 8->9(15)
[2025-03-19T10:16:06.332+0000][7.772s][info ][gc,heap     ] GC(18) Old regions: 48->48
[2025-03-19T10:16:06.332+0000][7.772s][info ][gc,heap     ] GC(18) Archive regions: 2->2
[2025-03-19T10:16:06.332+0000][7.772s][info ][gc,heap     ] GC(18) Humongous regions: 0->0
[2025-03-19T10:16:06.332+0000][7.772s][info ][gc,metaspace] GC(18) Metaspace: 26896K(27264K)->26896K(27264K) NonClass: 23490K(23680K)->23490K(23680K) Class: 3406K(3584K)->3406K(3584K)
[2025-03-19T10:16:06.332+0000][7.772s][info ][gc          ] GC(18) Pause Young (Normal) (G1 Evacuation Pause) 165M->56M(211M) 8.959ms
[2025-03-19T10:16:06.332+0000][7.772s][info ][gc,cpu      ] GC(18) User=0.03s Sys=0.00s Real=0.01s
[2025-03-19T10:16:06.332+0000][7.772s][info ][safepoint   ] Safepoint "G1CollectForAllocation", Time since last: 325346809 ns, Reaching safepoint: 330010 ns, Cleanup: 10659 ns, At safepoint: 9002974 ns, Total: 9343643 ns
[2025-03-19T10:16:07.027+0000][8.467s][debug][safepoint   ] Safepoint synchronization initiated using futex wait barrier. (14 threads)
[2025-03-19T10:16:07.028+0000][8.468s][info ][gc,start    ] GC(19) Pause Young (Normal) (G1 Evacuation Pause)
[2025-03-19T10:16:07.028+0000][8.468s][info ][gc,task     ] GC(19) Using 4 workers of 4 for evacuation
[2025-03-19T10:16:07.045+0000][8.485s][info ][gc,phases   ] GC(19)   Pre Evacuate Collection Set: 0.1ms
[2025-03-19T10:16:07.045+0000][8.485s][info ][gc,phases   ] GC(19)   Merge Heap Roots: 3.2ms
[2025-03-19T10:16:07.045+0000][8.485s][info ][gc,phases   ] GC(19)   Evacuate Collection Set: 11.3ms
[2025-03-19T10:16:07.045+0000][8.485s][info ][gc,phases   ] GC(19)   Post Evacuate Collection Set: 2.9ms
[2025-03-19T10:16:07.045+0000][8.485s][info ][gc,phases   ] GC(19)   Other: 0.1ms
[2025-03-19T10:16:07.045+0000][8.485s][info ][gc,heap     ] GC(19) Eden regions: 113->0(141)
[2025-03-19T10:16:07.045+0000][8.485s][info ][gc,heap     ] GC(19) Survivor regions: 9->11(16)
[2025-03-19T10:16:07.045+0000][8.485s][info ][gc,heap     ] GC(19) Old regions: 48->48
[2025-03-19T10:16:07.045+0000][8.485s][info ][gc,heap     ] GC(19) Archive regions: 2->2
[2025-03-19T10:16:07.045+0000][8.485s][info ][gc,heap     ] GC(19) Humongous regions: 0->0
[2025-03-19T10:16:07.045+0000][8.485s][info ][gc,metaspace] GC(19) Metaspace: 32967K(33408K)->32967K(33408K) NonClass: 28887K(29120K)->28887K(29120K) Class: 4080K(4288K)->4080K(4288K)
[2025-03-19T10:16:07.045+0000][8.485s][info ][gc          ] GC(19) Pause Young (Normal) (G1 Evacuation Pause) 169M->58M(254M) 17.630ms
[2025-03-19T10:16:07.045+0000][8.485s][info ][gc,cpu      ] GC(19) User=0.03s Sys=0.00s Real=0.02s
[2025-03-19T10:16:07.045+0000][8.485s][info ][safepoint   ] Safepoint "G1CollectForAllocation", Time since last: 695004289 ns, Reaching safepoint: 43857 ns, Cleanup: 103874 ns, At safepoint: 17681079 ns, Total: 17828810 ns
[2025-03-19T10:16:07.659+0000][9.099s][debug][safepoint   ] Safepoint synchronization initiated using futex wait barrier. (14 threads)
[2025-03-19T10:16:07.659+0000][9.099s][info ][safepoint   ] Safepoint "ICBufferFull", Time since last: 613769037 ns, Reaching safepoint: 49156 ns, Cleanup: 119774 ns, At safepoint: 2439 ns, Total: 171369 ns
[2025-03-19T10:16:07.976+0000][9.416s][debug][safepoint   ] Safepoint synchronization initiated using futex wait barrier. (14 threads)
[2025-03-19T10:16:07.976+0000][9.416s][info ][gc,start    ] GC(20) Pause Young (Normal) (G1 Evacuation Pause)
[2025-03-19T10:16:07.976+0000][9.416s][info ][gc,task     ] GC(20) Using 4 workers of 4 for evacuation
[2025-03-19T10:16:07.995+0000][9.435s][info ][gc,phases   ] GC(20)   Pre Evacuate Collection Set: 0.1ms
[2025-03-19T10:16:07.995+0000][9.435s][info ][gc,phases   ] GC(20)   Merge Heap Roots: 0.1ms
[2025-03-19T10:16:07.995+0000][9.435s][info ][gc,phases   ] GC(20)   Evacuate Collection Set: 16.6ms
[2025-03-19T10:16:07.995+0000][9.435s][info ][gc,phases   ] GC(20)   Post Evacuate Collection Set: 2.2ms
[2025-03-19T10:16:07.995+0000][9.435s][info ][gc,phases   ] GC(20)   Other: 0.1ms
[2025-03-19T10:16:07.995+0000][9.435s][info ][gc,heap     ] GC(20) Eden regions: 141->0(145)
[2025-03-19T10:16:07.995+0000][9.435s][info ][gc,heap     ] GC(20) Survivor regions: 11->7(19)
[2025-03-19T10:16:07.995+0000][9.435s][info ][gc,heap     ] GC(20) Old regions: 48->50
[2025-03-19T10:16:07.995+0000][9.435s][info ][gc,heap     ] GC(20) Archive regions: 2->2
[2025-03-19T10:16:07.995+0000][9.435s][info ][gc,heap     ] GC(20) Humongous regions: 0->0
[2025-03-19T10:16:07.995+0000][9.435s][info ][gc,metaspace] GC(20) Metaspace: 34772K(35200K)->34772K(35200K) NonClass: 30451K(30656K)->30451K(30656K) Class: 4320K(4544K)->4320K(4544K)
[2025-03-19T10:16:07.996+0000][9.436s][info ][gc          ] GC(20) Pause Young (Normal) (G1 Evacuation Pause) 199M->57M(254M) 19.446ms
[2025-03-19T10:16:07.996+0000][9.436s][info ][gc,cpu      ] GC(20) User=0.06s Sys=0.00s Real=0.02s
[2025-03-19T10:16:07.996+0000][9.436s][info ][safepoint   ] Safepoint "G1CollectForAllocation", Time since last: 316929608 ns, Reaching safepoint: 43892 ns, Cleanup: 26333 ns, At safepoint: 19505402 ns, Total: 19575627 ns
[2025-03-19T10:16:08.397+0000][9.837s][debug][safepoint   ] Safepoint synchronization initiated using futex wait barrier. (14 threads)
[2025-03-19T10:16:08.397+0000][9.837s][info ][gc,start    ] GC(21) Pause Young (Concurrent Start) (Metadata GC Threshold)
[2025-03-19T10:16:08.397+0000][9.837s][info ][gc,task     ] GC(21) Using 4 workers of 4 for evacuation
[2025-03-19T10:16:08.413+0000][9.853s][info ][gc,phases   ] GC(21)   Pre Evacuate Collection Set: 0.1ms
[2025-03-19T10:16:08.413+0000][9.853s][info ][gc,phases   ] GC(21)   Merge Heap Roots: 0.1ms
[2025-03-19T10:16:08.413+0000][9.853s][info ][gc,phases   ] GC(21)   Evacuate Collection Set: 13.6ms
[2025-03-19T10:16:08.413+0000][9.853s][info ][gc,phases   ] GC(21)   Post Evacuate Collection Set: 1.2ms
[2025-03-19T10:16:08.413+0000][9.853s][info ][gc,phases   ] GC(21)   Other: 0.1ms
[2025-03-19T10:16:08.413+0000][9.853s][info ][gc,heap     ] GC(21) Eden regions: 64->0(144)
[2025-03-19T10:16:08.413+0000][9.853s][info ][gc,heap     ] GC(21) Survivor regions: 7->8(19)
[2025-03-19T10:16:08.413+0000][9.853s][info ][gc,heap     ] GC(21) Old regions: 50->50
[2025-03-19T10:16:08.413+0000][9.853s][info ][gc,heap     ] GC(21) Archive regions: 2->2
[2025-03-19T10:16:08.413+0000][9.853s][info ][gc,heap     ] GC(21) Humongous regions: 0->0
[2025-03-19T10:16:08.413+0000][9.853s][info ][gc,metaspace] GC(21) Metaspace: 35900K(36288K)->35900K(36288K) NonClass: 31446K(31616K)->31446K(31616K) Class: 4454K(4672K)->4454K(4672K)
[2025-03-19T10:16:08.413+0000][9.853s][info ][gc          ] GC(21) Pause Young (Concurrent Start) (Metadata GC Threshold) 120M->57M(254M) 15.331ms
[2025-03-19T10:16:08.413+0000][9.853s][info ][gc,cpu      ] GC(21) User=0.06s Sys=0.00s Real=0.01s
[2025-03-19T10:16:08.413+0000][9.853s][info ][safepoint   ] Safepoint "CollectForMetadataAllocation", Time since last: 401448739 ns, Reaching safepoint: 53986 ns, Cleanup: 113652 ns, At safepoint: 15452295 ns, Total: 15619933 ns
[2025-03-19T10:16:08.413+0000][9.853s][info ][gc          ] GC(22) Concurrent Mark Cycle
[2025-03-19T10:16:08.413+0000][9.853s][info ][gc,marking  ] GC(22) Concurrent Clear Claimed Marks
[2025-03-19T10:16:08.413+0000][9.853s][info ][gc,marking  ] GC(22) Concurrent Clear Claimed Marks 0.041ms
[2025-03-19T10:16:08.413+0000][9.853s][info ][gc,marking  ] GC(22) Concurrent Scan Root Regions
[2025-03-19T10:16:08.426+0000][9.866s][info ][gc,marking  ] GC(22) Concurrent Scan Root Regions 13.255ms
[2025-03-19T10:16:08.426+0000][9.866s][info ][gc,marking  ] GC(22) Concurrent Mark
[2025-03-19T10:16:08.426+0000][9.866s][info ][gc,marking  ] GC(22) Concurrent Mark From Roots
[2025-03-19T10:16:08.426+0000][9.866s][info ][gc,task     ] GC(22) Using 1 workers of 1 for marking
[2025-03-19T10:16:08.503+0000][9.943s][debug][safepoint   ] Safepoint synchronization initiated using futex wait barrier. (14 threads)
[2025-03-19T10:16:08.504+0000][9.944s][info ][safepoint   ] Safepoint "CollectForMetadataAllocation", Time since last: 90585916 ns, Reaching safepoint: 73261 ns, Cleanup: 29713 ns, At safepoint: 56563 ns, Total: 159537 ns
[2025-03-19T10:16:08.517+0000][9.957s][info ][gc,marking  ] GC(22) Concurrent Mark From Roots 90.496ms
[2025-03-19T10:16:08.517+0000][9.957s][info ][gc,marking  ] GC(22) Concurrent Preclean
[2025-03-19T10:16:08.517+0000][9.957s][info ][gc,marking  ] GC(22) Concurrent Preclean 0.324ms
[2025-03-19T10:16:08.518+0000][9.958s][debug][safepoint   ] Safepoint synchronization initiated using futex wait barrier. (14 threads)
[2025-03-19T10:16:08.518+0000][9.958s][info ][gc,start    ] GC(22) Pause Remark
[2025-03-19T10:16:08.522+0000][9.962s][info ][gc          ] GC(22) Pause Remark 67M->67M(234M) 4.744ms
[2025-03-19T10:16:08.522+0000][9.962s][info ][gc,cpu      ] GC(22) User=0.02s Sys=0.00s Real=0.00s
[2025-03-19T10:16:08.522+0000][9.962s][info ][safepoint   ] Safepoint "G1PauseRemark", Time since last: 14115163 ns, Reaching safepoint: 18620 ns, Cleanup: 3686 ns, At safepoint: 4820103 ns, Total: 4842409 ns
[2025-03-19T10:16:08.523+0000][9.962s][info ][gc,marking  ] GC(22) Concurrent Mark 96.324ms
[2025-03-19T10:16:08.523+0000][9.963s][info ][gc,marking  ] GC(22) Concurrent Rebuild Remembered Sets
[2025-03-19T10:16:08.565+0000][10.005s][info ][gc,marking  ] GC(22) Concurrent Rebuild Remembered Sets 42.022ms
[2025-03-19T10:16:08.565+0000][10.005s][debug][safepoint   ] Safepoint synchronization initiated using futex wait barrier. (14 threads)
[2025-03-19T10:16:08.565+0000][10.005s][info ][gc,start    ] GC(22) Pause Cleanup
[2025-03-19T10:16:08.565+0000][10.005s][info ][gc          ] GC(22) Pause Cleanup 70M->70M(234M) 0.093ms
[2025-03-19T10:16:08.565+0000][10.005s][info ][gc,cpu      ] GC(22) User=0.00s Sys=0.00s Real=0.00s
[2025-03-19T10:16:08.565+0000][10.005s][info ][safepoint   ] Safepoint "G1PauseCleanup", Time since last: 42137217 ns, Reaching safepoint: 143013 ns, Cleanup: 3549 ns, At safepoint: 120833 ns, Total: 267395 ns
[2025-03-19T10:16:08.565+0000][10.005s][info ][gc,marking  ] GC(22) Concurrent Cleanup for Next Mark
[2025-03-19T10:16:08.567+0000][10.007s][info ][gc,marking  ] GC(22) Concurrent Cleanup for Next Mark 1.737ms
[2025-03-19T10:16:08.567+0000][10.007s][info ][gc          ] GC(22) Concurrent Mark Cycle 153.872ms
[2025-03-19T10:16:08.671+0000][10.111s][debug][safepoint   ] ... found polling page loop exception at pc = 0x00007719dd1c2c6b, stub =0x00007719dc98f400
[2025-03-19T10:16:09.201+0000][10.641s][debug][safepoint   ] Safepoint synchronization initiated using futex wait barrier. (14 threads)
[2025-03-19T10:16:09.201+0000][10.641s][info ][gc,start    ] GC(23) Pause Young (Prepare Mixed) (G1 Evacuation Pause)
[2025-03-19T10:16:09.201+0000][10.641s][info ][gc,task     ] GC(23) Using 4 workers of 4 for evacuation
[2025-03-19T10:16:09.212+0000][10.652s][info ][gc,phases   ] GC(23)   Pre Evacuate Collection Set: 0.1ms
[2025-03-19T10:16:09.212+0000][10.652s][info ][gc,phases   ] GC(23)   Merge Heap Roots: 0.1ms
[2025-03-19T10:16:09.212+0000][10.652s][info ][gc,phases   ] GC(23)   Evacuate Collection Set: 8.8ms
[2025-03-19T10:16:09.212+0000][10.652s][info ][gc,phases   ] GC(23)   Post Evacuate Collection Set: 1.2ms
[2025-03-19T10:16:09.212+0000][10.652s][info ][gc,phases   ] GC(23)   Other: 0.1ms
[2025-03-19T10:16:09.212+0000][10.652s][info ][gc,heap     ] GC(23) Eden regions: 132->0(2)
[2025-03-19T10:16:09.212+0000][10.652s][info ][gc,heap     ] GC(23) Survivor regions: 8->9(18)
[2025-03-19T10:16:09.212+0000][10.652s][info ][gc,heap     ] GC(23) Old regions: 50->50
[2025-03-19T10:16:09.212+0000][10.652s][info ][gc,heap     ] GC(23) Archive regions: 2->2
[2025-03-19T10:16:09.212+0000][10.652s][info ][gc,heap     ] GC(23) Humongous regions: 0->0
[2025-03-19T10:16:09.212+0000][10.652s][info ][gc,metaspace] GC(23) Metaspace: 38997K(39424K)->38997K(39424K) NonClass: 34081K(34304K)->34081K(34304K) Class: 4915K(5120K)->4915K(5120K)
[2025-03-19T10:16:09.212+0000][10.652s][info ][gc          ] GC(23) Pause Young (Prepare Mixed) (G1 Evacuation Pause) 189M->58M(234M) 10.478ms
[2025-03-19T10:16:09.212+0000][10.652s][info ][gc,cpu      ] GC(23) User=0.03s Sys=0.00s Real=0.01s
[2025-03-19T10:16:09.212+0000][10.652s][info ][safepoint   ] Safepoint "G1CollectForAllocation", Time since last: 636234081 ns, Reaching safepoint: 125138 ns, Cleanup: 74100 ns, At safepoint: 10536421 ns, Total: 10735659 ns
[2025-03-19T10:16:09.257+0000][10.697s][debug][safepoint   ] Safepoint synchronization initiated using futex wait barrier. (14 threads)
[2025-03-19T10:16:09.257+0000][10.697s][info ][gc,start    ] GC(24) Pause Young (Mixed) (G1 Evacuation Pause)
[2025-03-19T10:16:09.257+0000][10.697s][info ][gc,task     ] GC(24) Using 4 workers of 4 for evacuation
[2025-03-19T10:16:09.270+0000][10.710s][info ][gc,phases   ] GC(24)   Pre Evacuate Collection Set: 0.1ms
[2025-03-19T10:16:09.270+0000][10.710s][info ][gc,phases   ] GC(24)   Merge Heap Roots: 0.1ms
[2025-03-19T10:16:09.270+0000][10.710s][info ][gc,phases   ] GC(24)   Evacuate Collection Set: 10.9ms
[2025-03-19T10:16:09.270+0000][10.710s][info ][gc,phases   ] GC(24)   Post Evacuate Collection Set: 1.4ms
[2025-03-19T10:16:09.270+0000][10.710s][info ][gc,phases   ] GC(24)   Other: 0.1ms
[2025-03-19T10:16:09.270+0000][10.710s][info ][gc,heap     ] GC(24) Eden regions: 2->0(138)
[2025-03-19T10:16:09.270+0000][10.710s][info ][gc,heap     ] GC(24) Survivor regions: 9->2(2)
[2025-03-19T10:16:09.270+0000][10.710s][info ][gc,heap     ] GC(24) Old regions: 50->56
[2025-03-19T10:16:09.270+0000][10.710s][info ][gc,heap     ] GC(24) Archive regions: 2->2
[2025-03-19T10:16:09.270+0000][10.710s][info ][gc,heap     ] GC(24) Humongous regions: 0->0
[2025-03-19T10:16:09.270+0000][10.710s][info ][gc,metaspace] GC(24) Metaspace: 39012K(39424K)->39012K(39424K) NonClass: 34094K(34304K)->34094K(34304K) Class: 4917K(5120K)->4917K(5120K)
[2025-03-19T10:16:09.270+0000][10.710s][info ][gc          ] GC(24) Pause Young (Mixed) (G1 Evacuation Pause) 60M->57M(234M) 12.651ms
[2025-03-19T10:16:09.270+0000][10.710s][info ][gc,cpu      ] GC(24) User=0.04s Sys=0.00s Real=0.01s
[2025-03-19T10:16:09.270+0000][10.710s][info ][safepoint   ] Safepoint "G1CollectForAllocation", Time since last: 45370906 ns, Reaching safepoint: 41406 ns, Cleanup: 21773 ns, At safepoint: 12694553 ns, Total: 12757732 ns
[2025-03-19T10:16:10.283+0000][11.723s][debug][safepoint   ] Safepoint synchronization initiated using futex wait barrier. (14 threads)
[2025-03-19T10:16:10.283+0000][11.723s][info ][gc,start    ] GC(25) Pause Young (Concurrent Start) (G1 Evacuation Pause)
[2025-03-19T10:16:10.283+0000][11.723s][info ][gc,task     ] GC(25) Using 4 workers of 4 for evacuation
[2025-03-19T10:16:10.290+0000][11.730s][info ][gc,phases   ] GC(25)   Pre Evacuate Collection Set: 0.1ms
[2025-03-19T10:16:10.290+0000][11.730s][info ][gc,phases   ] GC(25)   Merge Heap Roots: 0.1ms
[2025-03-19T10:16:10.290+0000][11.730s][info ][gc,phases   ] GC(25)   Evacuate Collection Set: 5.5ms
[2025-03-19T10:16:10.290+0000][11.730s][info ][gc,phases   ] GC(25)   Post Evacuate Collection Set: 1.2ms
[2025-03-19T10:16:10.290+0000][11.730s][info ][gc,phases   ] GC(25)   Other: 0.1ms
[2025-03-19T10:16:10.290+0000][11.730s][info ][gc,heap     ] GC(25) Eden regions: 138->0(137)
[2025-03-19T10:16:10.290+0000][11.730s][info ][gc,heap     ] GC(25) Survivor regions: 2->3(18)
[2025-03-19T10:16:10.290+0000][11.730s][info ][gc,heap     ] GC(25) Old regions: 56->56
[2025-03-19T10:16:10.290+0000][11.730s][info ][gc,heap     ] GC(25) Archive regions: 2->2
[2025-03-19T10:16:10.290+0000][11.730s][info ][gc,heap     ] GC(25) Humongous regions: 0->0
[2025-03-19T10:16:10.290+0000][11.730s][info ][gc,metaspace] GC(25) Metaspace: 41623K(42048K)->41623K(42048K) NonClass: 36345K(36608K)->36345K(36608K) Class: 5278K(5440K)->5278K(5440K)
[2025-03-19T10:16:10.290+0000][11.730s][info ][gc          ] GC(25) Pause Young (Concurrent Start) (G1 Evacuation Pause) 195M->58M(234M) 7.276ms
[2025-03-19T10:16:10.290+0000][11.730s][info ][gc,cpu      ] GC(25) User=0.02s Sys=0.00s Real=0.01s
[2025-03-19T10:16:10.290+0000][11.730s][info ][gc          ] GC(26) Concurrent Mark Cycle
[2025-03-19T10:16:10.290+0000][11.730s][info ][gc,marking  ] GC(26) Concurrent Clear Claimed Marks
[2025-03-19T10:16:10.291+0000][11.731s][info ][gc,marking  ] GC(26) Concurrent Clear Claimed Marks 0.042ms
[2025-03-19T10:16:10.291+0000][11.731s][info ][gc,marking  ] GC(26) Concurrent Scan Root Regions
[2025-03-19T10:16:10.290+0000][11.730s][info ][safepoint   ] Safepoint "G1CollectForAllocation", Time since last: 1012964119 ns, Reaching safepoint: 41214 ns, Cleanup: 115617 ns, At safepoint: 7344165 ns, Total: 7500996 ns
[2025-03-19T10:16:10.295+0000][11.735s][info ][gc,marking  ] GC(26) Concurrent Scan Root Regions 4.795ms
[2025-03-19T10:16:10.295+0000][11.735s][info ][gc,marking  ] GC(26) Concurrent Mark
[2025-03-19T10:16:10.295+0000][11.735s][info ][gc,marking  ] GC(26) Concurrent Mark From Roots
[2025-03-19T10:16:10.295+0000][11.735s][info ][gc,task     ] GC(26) Using 1 workers of 1 for marking
[2025-03-19T10:16:10.402+0000][11.842s][info ][gc,marking  ] GC(26) Concurrent Mark From Roots 106.489ms
[2025-03-19T10:16:10.402+0000][11.842s][info ][gc,marking  ] GC(26) Concurrent Preclean
[2025-03-19T10:16:10.402+0000][11.842s][info ][gc,marking  ] GC(26) Concurrent Preclean 0.326ms
[2025-03-19T10:16:10.402+0000][11.842s][debug][safepoint   ] Safepoint synchronization initiated using futex wait barrier. (14 threads)
[2025-03-19T10:16:10.402+0000][11.842s][info ][gc,start    ] GC(26) Pause Remark
[2025-03-19T10:16:10.408+0000][11.848s][info ][gc          ] GC(26) Pause Remark 69M->69M(234M) 5.950ms
[2025-03-19T10:16:10.408+0000][11.848s][info ][gc,cpu      ] GC(26) User=0.01s Sys=0.00s Real=0.01s
[2025-03-19T10:16:10.408+0000][11.848s][info ][safepoint   ] Safepoint "G1PauseRemark", Time since last: 111838466 ns, Reaching safepoint: 80682 ns, Cleanup: 14126 ns, At safepoint: 6029226 ns, Total: 6124034 ns
[2025-03-19T10:16:10.408+0000][11.848s][info ][gc,marking  ] GC(26) Concurrent Mark 113.073ms
[2025-03-19T10:16:10.408+0000][11.848s][info ][gc,marking  ] GC(26) Concurrent Rebuild Remembered Sets
[2025-03-19T10:16:10.463+0000][11.903s][info ][gc,marking  ] GC(26) Concurrent Rebuild Remembered Sets 55.021ms
[2025-03-19T10:16:10.464+0000][11.904s][debug][safepoint   ] Safepoint synchronization initiated using futex wait barrier. (14 threads)
[2025-03-19T10:16:10.464+0000][11.904s][info ][gc,start    ] GC(26) Pause Cleanup
[2025-03-19T10:16:10.464+0000][11.904s][info ][gc          ] GC(26) Pause Cleanup 74M->74M(234M) 0.102ms
[2025-03-19T10:16:10.464+0000][11.904s][info ][gc,cpu      ] GC(26) User=0.01s Sys=0.00s Real=0.00s
[2025-03-19T10:16:10.464+0000][11.904s][info ][safepoint   ] Safepoint "G1PauseCleanup", Time since last: 55119884 ns, Reaching safepoint: 79158 ns, Cleanup: 15459 ns, At safepoint: 130153 ns, Total: 224770 ns
[2025-03-19T10:16:10.464+0000][11.904s][info ][gc,marking  ] GC(26) Concurrent Cleanup for Next Mark
[2025-03-19T10:16:10.465+0000][11.905s][info ][gc,marking  ] GC(26) Concurrent Cleanup for Next Mark 1.314ms
[2025-03-19T10:16:10.465+0000][11.905s][info ][gc          ] GC(26) Concurrent Mark Cycle 174.686ms
[2025-03-19T10:16:11.470+0000][12.910s][debug][safepoint   ] Safepoint synchronization initiated using futex wait barrier. (14 threads)
[2025-03-19T10:16:11.470+0000][12.910s][info ][safepoint   ] Safepoint "Cleanup", Time since last: 1006257199 ns, Reaching safepoint: 163140 ns, Cleanup: 115263 ns, At safepoint: 6472 ns, Total: 284875 ns
[2025-03-19T10:16:11.471+0000][12.911s][debug][safepoint   ] Safepoint synchronization initiated using futex wait barrier. (14 threads)
[2025-03-19T10:16:11.471+0000][12.911s][info ][gc,start    ] GC(27) Pause Young (Prepare Mixed) (G1 Evacuation Pause)
[2025-03-19T10:16:11.471+0000][12.911s][info ][gc,task     ] GC(27) Using 4 workers of 4 for evacuation
[2025-03-19T10:16:11.480+0000][12.920s][info ][gc,phases   ] GC(27)   Pre Evacuate Collection Set: 0.1ms
[2025-03-19T10:16:11.480+0000][12.920s][info ][gc,phases   ] GC(27)   Merge Heap Roots: 0.1ms
[2025-03-19T10:16:11.480+0000][12.920s][info ][gc,phases   ] GC(27)   Evacuate Collection Set: 7.7ms
[2025-03-19T10:16:11.480+0000][12.920s][info ][gc,phases   ] GC(27)   Post Evacuate Collection Set: 0.8ms
[2025-03-19T10:16:11.480+0000][12.920s][info ][gc,phases   ] GC(27)   Other: 0.1ms
[2025-03-19T10:16:11.480+0000][12.920s][info ][gc,heap     ] GC(27) Eden regions: 137->0(5)
[2025-03-19T10:16:11.480+0000][12.920s][info ][gc,heap     ] GC(27) Survivor regions: 3->6(18)
[2025-03-19T10:16:11.480+0000][12.920s][info ][gc,heap     ] GC(27) Old regions: 56->56
[2025-03-19T10:16:11.480+0000][12.920s][info ][gc,heap     ] GC(27) Archive regions: 2->2
[2025-03-19T10:16:11.480+0000][12.920s][info ][gc,heap     ] GC(27) Humongous regions: 0->0
[2025-03-19T10:16:11.480+0000][12.920s][info ][gc,metaspace] GC(27) Metaspace: 44993K(45440K)->44993K(45440K) NonClass: 39235K(39488K)->39235K(39488K) Class: 5758K(5952K)->5758K(5952K)
[2025-03-19T10:16:11.480+0000][12.920s][info ][gc          ] GC(27) Pause Young (Prepare Mixed) (G1 Evacuation Pause) 195M->61M(234M) 8.844ms
[2025-03-19T10:16:11.480+0000][12.920s][info ][gc,cpu      ] GC(27) User=0.03s Sys=0.00s Real=0.01s
[2025-03-19T10:16:11.480+0000][12.920s][info ][safepoint   ] Safepoint "G1CollectForAllocation", Time since last: 795448 ns, Reaching safepoint: 23303 ns, Cleanup: 2408 ns, At safepoint: 8893886 ns, Total: 8919597 ns
[2025-03-19T10:16:11.512+0000][12.952s][debug][safepoint   ] Safepoint synchronization initiated using futex wait barrier. (14 threads)
[2025-03-19T10:16:11.512+0000][12.952s][info ][gc,start    ] GC(28) Pause Young (Mixed) (G1 Evacuation Pause)
[2025-03-19T10:16:11.512+0000][12.952s][info ][gc,task     ] GC(28) Using 4 workers of 4 for evacuation
[2025-03-19T10:16:11.523+0000][12.963s][info ][gc,phases   ] GC(28)   Pre Evacuate Collection Set: 0.1ms
[2025-03-19T10:16:11.523+0000][12.963s][info ][gc,phases   ] GC(28)   Merge Heap Roots: 0.1ms
[2025-03-19T10:16:11.523+0000][12.963s][info ][gc,phases   ] GC(28)   Evacuate Collection Set: 9.2ms
[2025-03-19T10:16:11.523+0000][12.963s][info ][gc,phases   ] GC(28)   Post Evacuate Collection Set: 0.9ms
[2025-03-19T10:16:11.523+0000][12.963s][info ][gc,phases   ] GC(28)   Other: 0.1ms
[2025-03-19T10:16:11.523+0000][12.963s][info ][gc,heap     ] GC(28) Eden regions: 5->0(137)
[2025-03-19T10:16:11.523+0000][12.963s][info ][gc,heap     ] GC(28) Survivor regions: 6->1(2)
[2025-03-19T10:16:11.523+0000][12.963s][info ][gc,heap     ] GC(28) Old regions: 56->60
[2025-03-19T10:16:11.523+0000][12.963s][info ][gc,heap     ] GC(28) Archive regions: 2->2
[2025-03-19T10:16:11.523+0000][12.963s][info ][gc,heap     ] GC(28) Humongous regions: 0->0
[2025-03-19T10:16:11.523+0000][12.963s][info ][gc,metaspace] GC(28) Metaspace: 45231K(45632K)->45231K(45632K) NonClass: 39439K(39680K)->39439K(39680K) Class: 5791K(5952K)->5791K(5952K)
[2025-03-19T10:16:11.523+0000][12.963s][info ][gc          ] GC(28) Pause Young (Mixed) (G1 Evacuation Pause) 66M->61M(234M) 10.590ms
[2025-03-19T10:16:11.523+0000][12.963s][info ][gc,cpu      ] GC(28) User=0.04s Sys=0.00s Real=0.01s
[2025-03-19T10:16:11.523+0000][12.963s][info ][safepoint   ] Safepoint "G1CollectForAllocation", Time since last: 32168865 ns, Reaching safepoint: 59510 ns, Cleanup: 11916 ns, At safepoint: 10644414 ns, Total: 10715840 ns
[2025-03-19T10:16:12.551+0000][13.991s][debug][safepoint   ] Safepoint synchronization initiated using futex wait barrier. (15 threads)
[2025-03-19T10:16:12.551+0000][13.991s][info ][gc,start    ] GC(29) Pause Young (Normal) (G1 Evacuation Pause)
[2025-03-19T10:16:12.551+0000][13.991s][info ][gc,task     ] GC(29) Using 4 workers of 4 for evacuation
[2025-03-19T10:16:12.557+0000][13.997s][info ][gc,phases   ] GC(29)   Pre Evacuate Collection Set: 0.1ms
[2025-03-19T10:16:12.557+0000][13.997s][info ][gc,phases   ] GC(29)   Merge Heap Roots: 0.1ms
[2025-03-19T10:16:12.557+0000][13.997s][info ][gc,phases   ] GC(29)   Evacuate Collection Set: 4.3ms
[2025-03-19T10:16:12.557+0000][13.997s][info ][gc,phases   ] GC(29)   Post Evacuate Collection Set: 0.9ms
[2025-03-19T10:16:12.557+0000][13.997s][info ][gc,phases   ] GC(29)   Other: 0.1ms
[2025-03-19T10:16:12.557+0000][13.997s][info ][gc,heap     ] GC(29) Eden regions: 137->0(135)
[2025-03-19T10:16:12.557+0000][13.997s][info ][gc,heap     ] GC(29) Survivor regions: 1->3(18)
[2025-03-19T10:16:12.557+0000][13.997s][info ][gc,heap     ] GC(29) Old regions: 60->60
[2025-03-19T10:16:12.557+0000][13.997s][info ][gc,heap     ] GC(29) Archive regions: 2->2
[2025-03-19T10:16:12.557+0000][13.997s][info ][gc,heap     ] GC(29) Humongous regions: 0->0
[2025-03-19T10:16:12.557+0000][13.997s][info ][gc,metaspace] GC(29) Metaspace: 50849K(51328K)->50849K(51328K) NonClass: 44353K(44608K)->44353K(44608K) Class: 6495K(6720K)->6495K(6720K)
[2025-03-19T10:16:12.557+0000][13.997s][info ][gc          ] GC(29) Pause Young (Normal) (G1 Evacuation Pause) 198M->63M(234M) 5.543ms
[2025-03-19T10:16:12.557+0000][13.997s][info ][gc,cpu      ] GC(29) User=0.02s Sys=0.00s Real=0.01s
[2025-03-19T10:16:12.557+0000][13.997s][info ][safepoint   ] Safepoint "G1CollectForAllocation", Time since last: 1028145627 ns, Reaching safepoint: 47105 ns, Cleanup: 121229 ns, At safepoint: 5596094 ns, Total: 5764428 ns
[2025-03-19T10:16:13.794+0000][15.234s][debug][safepoint   ] Safepoint synchronization initiated using futex wait barrier. (17 threads)
[2025-03-19T10:16:13.794+0000][15.234s][info ][safepoint   ] Safepoint "Cleanup", Time since last: 1237262624 ns, Reaching safepoint: 57256 ns, Cleanup: 65299 ns, At safepoint: 3845 ns, Total: 126400 ns
[2025-03-19T10:16:14.054+0000][15.494s][debug][safepoint   ] Safepoint synchronization initiated using futex wait barrier. (17 threads)
[2025-03-19T10:16:14.055+0000][15.495s][info ][safepoint   ] Safepoint "ICBufferFull", Time since last: 260295339 ns, Reaching safepoint: 53167 ns, Cleanup: 142164 ns, At safepoint: 2603 ns, Total: 197934 ns
[2025-03-19T10:16:14.661+0000][16.101s][debug][safepoint   ] Safepoint synchronization initiated using futex wait barrier. (17 threads)
[2025-03-19T10:16:14.661+0000][16.101s][info ][gc,start    ] GC(30) Pause Young (Normal) (G1 Evacuation Pause)
[2025-03-19T10:16:14.661+0000][16.101s][info ][gc,task     ] GC(30) Using 4 workers of 4 for evacuation
[2025-03-19T10:16:14.674+0000][16.114s][info ][gc,phases   ] GC(30)   Pre Evacuate Collection Set: 0.1ms
[2025-03-19T10:16:14.674+0000][16.114s][info ][gc,phases   ] GC(30)   Merge Heap Roots: 0.1ms
[2025-03-19T10:16:14.674+0000][16.114s][info ][gc,phases   ] GC(30)   Evacuate Collection Set: 10.6ms
[2025-03-19T10:16:14.674+0000][16.114s][info ][gc,phases   ] GC(30)   Post Evacuate Collection Set: 1.4ms
[2025-03-19T10:16:14.674+0000][16.114s][info ][gc,phases   ] GC(30)   Other: 0.1ms
[2025-03-19T10:16:14.674+0000][16.114s][info ][gc,heap     ] GC(30) Eden regions: 135->0(132)
[2025-03-19T10:16:14.674+0000][16.114s][info ][gc,heap     ] GC(30) Survivor regions: 3->6(18)
[2025-03-19T10:16:14.674+0000][16.114s][info ][gc,heap     ] GC(30) Old regions: 60->60
[2025-03-19T10:16:14.674+0000][16.114s][info ][gc,heap     ] GC(30) Archive regions: 2->2
[2025-03-19T10:16:14.674+0000][16.114s][info ][gc,heap     ] GC(30) Humongous regions: 0->0
[2025-03-19T10:16:14.674+0000][16.114s][info ][gc,metaspace] GC(30) Metaspace: 56156K(56640K)->56156K(56640K) NonClass: 49039K(49280K)->49039K(49280K) Class: 7116K(7360K)->7116K(7360K)
[2025-03-19T10:16:14.674+0000][16.114s][info ][gc          ] GC(30) Pause Young (Normal) (G1 Evacuation Pause) 198M->66M(234M) 12.344ms
[2025-03-19T10:16:14.674+0000][16.114s][info ][gc,cpu      ] GC(30) User=0.05s Sys=0.00s Real=0.01s
[2025-03-19T10:16:14.674+0000][16.114s][info ][safepoint   ] Safepoint "G1CollectForAllocation", Time since last: 606630570 ns, Reaching safepoint: 38969 ns, Cleanup: 102679 ns, At safepoint: 12398905 ns, Total: 12540553 ns
[2025-03-19T10:16:15.603+0000][17.043s][debug][safepoint   ] Safepoint synchronization initiated using futex wait barrier. (20 threads)
[2025-03-19T10:16:15.604+0000][17.044s][info ][gc,start    ] GC(31) Pause Young (Normal) (G1 Evacuation Pause)
[2025-03-19T10:16:15.604+0000][17.044s][info ][gc,task     ] GC(31) Using 4 workers of 4 for evacuation
[2025-03-19T10:16:15.618+0000][17.058s][info ][gc,phases   ] GC(31)   Pre Evacuate Collection Set: 0.1ms
[2025-03-19T10:16:15.618+0000][17.058s][info ][gc,phases   ] GC(31)   Merge Heap Roots: 0.1ms
[2025-03-19T10:16:15.618+0000][17.058s][info ][gc,phases   ] GC(31)   Evacuate Collection Set: 11.9ms
[2025-03-19T10:16:15.618+0000][17.058s][info ][gc,phases   ] GC(31)   Post Evacuate Collection Set: 2.5ms
[2025-03-19T10:16:15.618+0000][17.058s][info ][gc,phases   ] GC(31)   Other: 0.1ms
[2025-03-19T10:16:15.618+0000][17.058s][info ][gc,heap     ] GC(31) Eden regions: 132->0(132)
[2025-03-19T10:16:15.618+0000][17.058s][info ][gc,heap     ] GC(31) Survivor regions: 6->7(18)
[2025-03-19T10:16:15.618+0000][17.058s][info ][gc,heap     ] GC(31) Old regions: 60->60
[2025-03-19T10:16:15.618+0000][17.058s][info ][gc,heap     ] GC(31) Archive regions: 2->2
[2025-03-19T10:16:15.618+0000][17.058s][info ][gc,heap     ] GC(31) Humongous regions: 0->0
[2025-03-19T10:16:15.618+0000][17.058s][info ][gc,metaspace] GC(31) Metaspace: 61175K(61632K)->61175K(61632K) NonClass: 53367K(53568K)->53367K(53568K) Class: 7808K(8064K)->7808K(8064K)
[2025-03-19T10:16:15.618+0000][17.058s][info ][gc          ] GC(31) Pause Young (Normal) (G1 Evacuation Pause) 198M->67M(234M) 14.854ms
[2025-03-19T10:16:15.618+0000][17.058s][info ][gc,cpu      ] GC(31) User=0.06s Sys=0.00s Real=0.02s
[2025-03-19T10:16:15.618+0000][17.058s][info ][safepoint   ] Safepoint "G1CollectForAllocation", Time since last: 929480143 ns, Reaching safepoint: 47542 ns, Cleanup: 102811 ns, At safepoint: 14918198 ns, Total: 15068551 ns
[2025-03-19T10:16:16.322+0000][17.762s][debug][safepoint   ] Safepoint synchronization initiated using futex wait barrier. (20 threads)
[2025-03-19T10:16:16.323+0000][17.763s][info ][safepoint   ] Safepoint "ICBufferFull", Time since last: 703905183 ns, Reaching safepoint: 40071 ns, Cleanup: 918174 ns, At safepoint: 14537 ns, Total: 972782 ns
[2025-03-19T10:16:16.419+0000][17.859s][debug][safepoint   ] Safepoint synchronization initiated using futex wait barrier. (20 threads)
[2025-03-19T10:16:16.419+0000][17.859s][info ][gc,start    ] GC(32) Pause Young (Normal) (G1 Evacuation Pause)
[2025-03-19T10:16:16.419+0000][17.859s][info ][gc,task     ] GC(32) Using 4 workers of 4 for evacuation
[2025-03-19T10:16:16.428+0000][17.868s][info ][gc,phases   ] GC(32)   Pre Evacuate Collection Set: 0.1ms
[2025-03-19T10:16:16.428+0000][17.868s][info ][gc,phases   ] GC(32)   Merge Heap Roots: 0.1ms
[2025-03-19T10:16:16.428+0000][17.868s][info ][gc,phases   ] GC(32)   Evacuate Collection Set: 7.7ms
[2025-03-19T10:16:16.428+0000][17.868s][info ][gc,phases   ] GC(32)   Post Evacuate Collection Set: 1.1ms
[2025-03-19T10:16:16.428+0000][17.868s][info ][gc,phases   ] GC(32)   Other: 0.1ms
[2025-03-19T10:16:16.428+0000][17.868s][info ][gc,heap     ] GC(32) Eden regions: 132->0(132)
[2025-03-19T10:16:16.428+0000][17.868s][info ][gc,heap     ] GC(32) Survivor regions: 7->8(18)
[2025-03-19T10:16:16.428+0000][17.868s][info ][gc,heap     ] GC(32) Old regions: 60->60
[2025-03-19T10:16:16.428+0000][17.868s][info ][gc,heap     ] GC(32) Archive regions: 2->2
[2025-03-19T10:16:16.428+0000][17.868s][info ][gc,heap     ] GC(32) Humongous regions: 0->0
[2025-03-19T10:16:16.428+0000][17.868s][info ][gc,metaspace] GC(32) Metaspace: 63907K(64384K)->63907K(64384K) NonClass: 55758K(56000K)->55758K(56000K) Class: 8149K(8384K)->8149K(8384K)
[2025-03-19T10:16:16.428+0000][17.868s][info ][gc          ] GC(32) Pause Young (Normal) (G1 Evacuation Pause) 199M->68M(234M) 9.121ms
[2025-03-19T10:16:16.428+0000][17.868s][info ][gc,cpu      ] GC(32) User=0.03s Sys=0.00s Real=0.01s
[2025-03-19T10:16:16.428+0000][17.868s][info ][safepoint   ] Safepoint "G1CollectForAllocation", Time since last: 95637354 ns, Reaching safepoint: 41162 ns, Cleanup: 12692 ns, At safepoint: 9162681 ns, Total: 9216535 ns
[2025-03-19T10:16:17.157+0000][18.597s][debug][safepoint   ] Safepoint synchronization initiated using futex wait barrier. (20 threads)
[2025-03-19T10:16:17.157+0000][18.597s][info ][gc,start    ] GC(33) Pause Young (Normal) (G1 Evacuation Pause)
[2025-03-19T10:16:17.157+0000][18.597s][info ][gc,task     ] GC(33) Using 4 workers of 4 for evacuation
[2025-03-19T10:16:17.174+0000][18.614s][info ][gc,phases   ] GC(33)   Pre Evacuate Collection Set: 0.1ms
[2025-03-19T10:16:17.174+0000][18.614s][info ][gc,phases   ] GC(33)   Merge Heap Roots: 0.1ms
[2025-03-19T10:16:17.174+0000][18.614s][info ][gc,phases   ] GC(33)   Evacuate Collection Set: 14.6ms
[2025-03-19T10:16:17.174+0000][18.614s][info ][gc,phases   ] GC(33)   Post Evacuate Collection Set: 1.4ms
[2025-03-19T10:16:17.174+0000][18.614s][info ][gc,phases   ] GC(33)   Other: 0.1ms
[2025-03-19T10:16:17.174+0000][18.614s][info ][gc,heap     ] GC(33) Eden regions: 132->0(130)
[2025-03-19T10:16:17.174+0000][18.614s][info ][gc,heap     ] GC(33) Survivor regions: 8->9(18)
[2025-03-19T10:16:17.174+0000][18.614s][info ][gc,heap     ] GC(33) Old regions: 60->60
[2025-03-19T10:16:17.174+0000][18.614s][info ][gc,heap     ] GC(33) Archive regions: 2->2
[2025-03-19T10:16:17.174+0000][18.614s][info ][gc,heap     ] GC(33) Humongous regions: 0->0
[2025-03-19T10:16:17.174+0000][18.614s][info ][gc,metaspace] GC(33) Metaspace: 67782K(68224K)->67782K(68224K) NonClass: 59070K(59264K)->59070K(59264K) Class: 8712K(8960K)->8712K(8960K)
[2025-03-19T10:16:17.174+0000][18.614s][info ][gc          ] GC(33) Pause Young (Normal) (G1 Evacuation Pause) 200M->69M(234M) 16.361ms
[2025-03-19T10:16:17.174+0000][18.614s][info ][gc,cpu      ] GC(33) User=0.06s Sys=0.00s Real=0.01s
[2025-03-19T10:16:17.174+0000][18.614s][info ][safepoint   ] Safepoint "G1CollectForAllocation", Time since last: 729167005 ns, Reaching safepoint: 56278 ns, Cleanup: 78833 ns, At safepoint: 16413501 ns, Total: 16548612 ns
[2025-03-19T10:16:17.839+0000][19.279s][debug][safepoint   ] Safepoint synchronization initiated using futex wait barrier. (20 threads)
[2025-03-19T10:16:17.839+0000][19.279s][info ][safepoint   ] Safepoint "ICBufferFull", Time since last: 664871313 ns, Reaching safepoint: 106156 ns, Cleanup: 95639 ns, At safepoint: 2938 ns, Total: 204733 ns
[2025-03-19T10:16:18.148+0000][19.588s][debug][safepoint   ] Safepoint synchronization initiated using futex wait barrier. (20 threads)
[2025-03-19T10:16:18.148+0000][19.588s][info ][gc,start    ] GC(34) Pause Young (Concurrent Start) (Metadata GC Threshold)
[2025-03-19T10:16:18.148+0000][19.588s][info ][gc,task     ] GC(34) Using 4 workers of 4 for evacuation
[2025-03-19T10:16:18.163+0000][19.603s][info ][gc,phases   ] GC(34)   Pre Evacuate Collection Set: 0.1ms
[2025-03-19T10:16:18.163+0000][19.603s][info ][gc,phases   ] GC(34)   Merge Heap Roots: 0.1ms
[2025-03-19T10:16:18.163+0000][19.603s][info ][gc,phases   ] GC(34)   Evacuate Collection Set: 13.9ms
[2025-03-19T10:16:18.163+0000][19.603s][info ][gc,phases   ] GC(34)   Post Evacuate Collection Set: 1.1ms
[2025-03-19T10:16:18.163+0000][19.603s][info ][gc,phases   ] GC(34)   Other: 0.1ms
[2025-03-19T10:16:18.163+0000][19.603s][info ][gc,heap     ] GC(34) Eden regions: 111->0(122)
[2025-03-19T10:16:18.163+0000][19.603s][info ][gc,heap     ] GC(34) Survivor regions: 9->13(18)
[2025-03-19T10:16:18.163+0000][19.603s][info ][gc,heap     ] GC(34) Old regions: 60->60
[2025-03-19T10:16:18.163+0000][19.603s][info ][gc,heap     ] GC(34) Archive regions: 2->2
[2025-03-19T10:16:18.163+0000][19.603s][info ][gc,heap     ] GC(34) Humongous regions: 0->0
[2025-03-19T10:16:18.163+0000][19.603s][info ][gc,metaspace] GC(34) Metaspace: 69849K(70336K)->69849K(70336K) NonClass: 60895K(61120K)->60895K(61120K) Class: 8954K(9216K)->8954K(9216K)
[2025-03-19T10:16:18.163+0000][19.603s][info ][gc          ] GC(34) Pause Young (Concurrent Start) (Metadata GC Threshold) 180M->73M(234M) 15.353ms
[2025-03-19T10:16:18.163+0000][19.603s][info ][gc,cpu      ] GC(34) User=0.05s Sys=0.00s Real=0.01s
[2025-03-19T10:16:18.163+0000][19.603s][info ][gc          ] GC(35) Concurrent Mark Cycle
[2025-03-19T10:16:18.163+0000][19.603s][info ][gc,marking  ] GC(35) Concurrent Clear Claimed Marks
[2025-03-19T10:16:18.163+0000][19.603s][info ][safepoint   ] Safepoint "CollectForMetadataAllocation", Time since last: 308790843 ns, Reaching safepoint: 34549 ns, Cleanup: 43421 ns, At safepoint: 15428425 ns, Total: 15506395 ns
[2025-03-19T10:16:18.163+0000][19.603s][info ][gc,marking  ] GC(35) Concurrent Clear Claimed Marks 0.050ms
[2025-03-19T10:16:18.163+0000][19.603s][info ][gc,marking  ] GC(35) Concurrent Scan Root Regions
[2025-03-19T10:16:18.173+0000][19.613s][info ][gc,marking  ] GC(35) Concurrent Scan Root Regions 9.604ms
[2025-03-19T10:16:18.173+0000][19.613s][info ][gc,marking  ] GC(35) Concurrent Mark
[2025-03-19T10:16:18.173+0000][19.613s][info ][gc,marking  ] GC(35) Concurrent Mark From Roots
[2025-03-19T10:16:18.173+0000][19.613s][info ][gc,task     ] GC(35) Using 1 workers of 1 for marking
[2025-03-19T10:16:18.200+0000][19.640s][debug][safepoint   ] Safepoint synchronization initiated using futex wait barrier. (20 threads)
[2025-03-19T10:16:18.200+0000][19.640s][info ][safepoint   ] Safepoint "CollectForMetadataAllocation", Time since last: 36705532 ns, Reaching safepoint: 67668 ns, Cleanup: 22431 ns, At safepoint: 33271 ns, Total: 123370 ns
[2025-03-19T10:16:18.236+0000][19.676s][debug][safepoint   ] Safepoint synchronization initiated using futex wait barrier. (20 threads)
[2025-03-19T10:16:18.236+0000][19.676s][info ][safepoint   ] Safepoint "CollectForMetadataAllocation", Time since last: 35998833 ns, Reaching safepoint: 68634 ns, Cleanup: 12230 ns, At safepoint: 32009 ns, Total: 112873 ns
[2025-03-19T10:16:18.273+0000][19.713s][debug][safepoint   ] Safepoint synchronization initiated using futex wait barrier. (20 threads)
[2025-03-19T10:16:18.273+0000][19.713s][info ][safepoint   ] Safepoint "CollectForMetadataAllocation", Time since last: 36596859 ns, Reaching safepoint: 131651 ns, Cleanup: 3826 ns, At safepoint: 43112 ns, Total: 178589 ns
[2025-03-19T10:16:18.274+0000][19.714s][info ][gc,marking  ] GC(35) Concurrent Mark From Roots 101.406ms
[2025-03-19T10:16:18.274+0000][19.714s][info ][gc,marking  ] GC(35) Concurrent Preclean
[2025-03-19T10:16:18.275+0000][19.715s][info ][gc,marking  ] GC(35) Concurrent Preclean 0.259ms
[2025-03-19T10:16:18.275+0000][19.715s][debug][safepoint   ] Safepoint synchronization initiated using futex wait barrier. (20 threads)
[2025-03-19T10:16:18.275+0000][19.715s][info ][gc,start    ] GC(35) Pause Remark
[2025-03-19T10:16:18.280+0000][19.720s][info ][gc          ] GC(35) Pause Remark 94M->94M(234M) 5.654ms
[2025-03-19T10:16:18.280+0000][19.720s][info ][gc,cpu      ] GC(35) User=0.02s Sys=0.00s Real=0.00s
[2025-03-19T10:16:18.280+0000][19.720s][info ][safepoint   ] Safepoint "G1PauseRemark", Time since last: 1703420 ns, Reaching safepoint: 97225 ns, Cleanup: 3726 ns, At safepoint: 5725710 ns, Total: 5826661 ns
[2025-03-19T10:16:18.280+0000][19.720s][info ][gc,marking  ] GC(35) Concurrent Mark 107.581ms
[2025-03-19T10:16:18.281+0000][19.721s][info ][gc,marking  ] GC(35) Concurrent Rebuild Remembered Sets
[2025-03-19T10:16:18.344+0000][19.784s][info ][gc,marking  ] GC(35) Concurrent Rebuild Remembered Sets 63.923ms
[2025-03-19T10:16:18.345+0000][19.785s][debug][safepoint   ] Safepoint synchronization initiated using futex wait barrier. (20 threads)
[2025-03-19T10:16:18.345+0000][19.785s][info ][gc,start    ] GC(35) Pause Cleanup
[2025-03-19T10:16:18.345+0000][19.785s][info ][gc          ] GC(35) Pause Cleanup 104M->104M(234M) 0.118ms
[2025-03-19T10:16:18.345+0000][19.785s][info ][gc,cpu      ] GC(35) User=0.00s Sys=0.00s Real=0.00s
[2025-03-19T10:16:18.345+0000][19.785s][info ][safepoint   ] Safepoint "G1PauseCleanup", Time since last: 64041155 ns, Reaching safepoint: 35579 ns, Cleanup: 13104 ns, At safepoint: 151137 ns, Total: 199820 ns
[2025-03-19T10:16:18.346+0000][19.786s][info ][gc,marking  ] GC(35) Concurrent Cleanup for Next Mark
[2025-03-19T10:16:18.346+0000][19.786s][info ][gc,marking  ] GC(35) Concurrent Cleanup for Next Mark 0.251ms
[2025-03-19T10:16:18.346+0000][19.786s][info ][gc          ] GC(35) Concurrent Mark Cycle 182.592ms
[2025-03-19T10:16:18.554+0000][19.994s][debug][safepoint   ] Safepoint synchronization initiated using futex wait barrier. (20 threads)
[2025-03-19T10:16:18.555+0000][19.995s][info ][safepoint   ] Safepoint "ICBufferFull", Time since last: 209721327 ns, Reaching safepoint: 46943 ns, Cleanup: 134313 ns, At safepoint: 2988 ns, Total: 184244 ns
[2025-03-19T10:16:18.958+0000][20.398s][debug][safepoint   ] Safepoint synchronization initiated using futex wait barrier. (20 threads)
[2025-03-19T10:16:18.958+0000][20.398s][info ][gc,start    ] GC(36) Pause Young (Prepare Mixed) (G1 Evacuation Pause)
[2025-03-19T10:16:18.958+0000][20.398s][info ][gc,task     ] GC(36) Using 4 workers of 4 for evacuation
[2025-03-19T10:16:18.973+0000][20.413s][info ][gc,phases   ] GC(36)   Pre Evacuate Collection Set: 0.1ms
[2025-03-19T10:16:18.973+0000][20.413s][info ][gc,phases   ] GC(36)   Merge Heap Roots: 0.1ms
[2025-03-19T10:16:18.973+0000][20.413s][info ][gc,phases   ] GC(36)   Evacuate Collection Set: 12.5ms
[2025-03-19T10:16:18.973+0000][20.413s][info ][gc,phases   ] GC(36)   Post Evacuate Collection Set: 1.4ms
[2025-03-19T10:16:18.973+0000][20.413s][info ][gc,phases   ] GC(36)   Other: 0.1ms
[2025-03-19T10:16:18.973+0000][20.413s][info ][gc,heap     ] GC(36) Eden regions: 122->0(2)
[2025-03-19T10:16:18.973+0000][20.413s][info ][gc,heap     ] GC(36) Survivor regions: 13->9(17)
[2025-03-19T10:16:18.973+0000][20.413s][info ][gc,heap     ] GC(36) Old regions: 60->65
[2025-03-19T10:16:18.973+0000][20.413s][info ][gc,heap     ] GC(36) Archive regions: 2->2
[2025-03-19T10:16:18.973+0000][20.413s][info ][gc,heap     ] GC(36) Humongous regions: 0->0
[2025-03-19T10:16:18.973+0000][20.413s][info ][gc,metaspace] GC(36) Metaspace: 73569K(74048K)->73569K(74048K) NonClass: 64138K(64384K)->64138K(64384K) Class: 9430K(9664K)->9430K(9664K)
[2025-03-19T10:16:18.973+0000][20.413s][info ][gc          ] GC(36) Pause Young (Prepare Mixed) (G1 Evacuation Pause) 195M->74M(234M) 14.291ms
[2025-03-19T10:16:18.973+0000][20.413s][info ][gc,cpu      ] GC(36) User=0.05s Sys=0.00s Real=0.01s
[2025-03-19T10:16:18.973+0000][20.413s][info ][safepoint   ] Safepoint "G1CollectForAllocation", Time since last: 403747198 ns, Reaching safepoint: 37656 ns, Cleanup: 61321 ns, At safepoint: 14346864 ns, Total: 14445841 ns
[2025-03-19T10:16:18.981+0000][20.421s][debug][safepoint   ] Safepoint synchronization initiated using futex wait barrier. (20 threads)
[2025-03-19T10:16:18.981+0000][20.421s][info ][gc,start    ] GC(37) Pause Young (Mixed) (G1 Evacuation Pause)
[2025-03-19T10:16:18.981+0000][20.421s][info ][gc,task     ] GC(37) Using 4 workers of 4 for evacuation
[2025-03-19T10:16:18.991+0000][20.431s][info ][gc,phases   ] GC(37)   Pre Evacuate Collection Set: 0.1ms
[2025-03-19T10:16:18.991+0000][20.431s][info ][gc,phases   ] GC(37)   Merge Heap Roots: 0.1ms
[2025-03-19T10:16:18.991+0000][20.431s][info ][gc,phases   ] GC(37)   Evacuate Collection Set: 9.2ms
[2025-03-19T10:16:18.991+0000][20.431s][info ][gc,phases   ] GC(37)   Post Evacuate Collection Set: 1.1ms
[2025-03-19T10:16:18.991+0000][20.431s][info ][gc,phases   ] GC(37)   Other: 0.1ms
[2025-03-19T10:16:18.991+0000][20.431s][info ][gc,heap     ] GC(37) Eden regions: 2->0(126)
[2025-03-19T10:16:18.991+0000][20.431s][info ][gc,heap     ] GC(37) Survivor regions: 9->2(2)
[2025-03-19T10:16:18.991+0000][20.431s][info ][gc,heap     ] GC(37) Old regions: 65->72
[2025-03-19T10:16:18.991+0000][20.431s][info ][gc,heap     ] GC(37) Archive regions: 2->2
[2025-03-19T10:16:18.991+0000][20.431s][info ][gc,heap     ] GC(37) Humongous regions: 0->0
[2025-03-19T10:16:18.991+0000][20.431s][info ][gc,metaspace] GC(37) Metaspace: 73628K(74048K)->73628K(74048K) NonClass: 64193K(64384K)->64193K(64384K) Class: 9435K(9664K)->9435K(9664K)
[2025-03-19T10:16:18.991+0000][20.431s][info ][gc          ] GC(37) Pause Young (Mixed) (G1 Evacuation Pause) 76M->74M(234M) 10.620ms
[2025-03-19T10:16:18.991+0000][20.431s][info ][gc,cpu      ] GC(37) User=0.04s Sys=0.00s Real=0.01s
[2025-03-19T10:16:18.991+0000][20.431s][info ][safepoint   ] Safepoint "G1CollectForAllocation", Time since last: 7735427 ns, Reaching safepoint: 35878 ns, Cleanup: 4022 ns, At safepoint: 10659679 ns, Total: 10699579 ns
[2025-03-19T10:16:19.605+0000][21.045s][debug][safepoint   ] Safepoint synchronization initiated using futex wait barrier. (20 threads)
[2025-03-19T10:16:19.605+0000][21.045s][info ][gc,start    ] GC(38) Pause Young (Concurrent Start) (G1 Evacuation Pause)
[2025-03-19T10:16:19.605+0000][21.045s][info ][gc,task     ] GC(38) Using 4 workers of 4 for evacuation
[2025-03-19T10:16:19.612+0000][21.052s][info ][gc,phases   ] GC(38)   Pre Evacuate Collection Set: 0.1ms
[2025-03-19T10:16:19.612+0000][21.052s][info ][gc,phases   ] GC(38)   Merge Heap Roots: 0.1ms
[2025-03-19T10:16:19.612+0000][21.052s][info ][gc,phases   ] GC(38)   Evacuate Collection Set: 6.0ms
[2025-03-19T10:16:19.612+0000][21.052s][info ][gc,phases   ] GC(38)   Post Evacuate Collection Set: 0.8ms
[2025-03-19T10:16:19.612+0000][21.052s][info ][gc,phases   ] GC(38)   Other: 0.1ms
[2025-03-19T10:16:19.612+0000][21.052s][info ][gc,heap     ] GC(38) Eden regions: 126->0(127)
[2025-03-19T10:16:19.612+0000][21.052s][info ][gc,heap     ] GC(38) Survivor regions: 2->2(16)
[2025-03-19T10:16:19.612+0000][21.052s][info ][gc,heap     ] GC(38) Old regions: 72->72
[2025-03-19T10:16:19.612+0000][21.052s][info ][gc,heap     ] GC(38) Archive regions: 2->2
[2025-03-19T10:16:19.612+0000][21.052s][info ][gc,heap     ] GC(38) Humongous regions: 0->0
[2025-03-19T10:16:19.612+0000][21.052s][info ][gc,metaspace] GC(38) Metaspace: 77438K(77952K)->77438K(77952K) NonClass: 67300K(67584K)->67300K(67584K) Class: 10138K(10368K)->10138K(10368K)
[2025-03-19T10:16:19.612+0000][21.052s][info ][gc          ] GC(38) Pause Young (Concurrent Start) (G1 Evacuation Pause) 200M->74M(234M) 7.129ms
[2025-03-19T10:16:19.612+0000][21.052s][info ][gc,cpu      ] GC(38) User=0.03s Sys=0.00s Real=0.00s
[2025-03-19T10:16:19.612+0000][21.052s][info ][gc          ] GC(39) Concurrent Mark Cycle
[2025-03-19T10:16:19.612+0000][21.052s][info ][safepoint   ] Safepoint "G1CollectForAllocation", Time since last: 613705495 ns, Reaching safepoint: 35983 ns, Cleanup: 57993 ns, At safepoint: 7186163 ns, Total: 7280139 ns
[2025-03-19T10:16:19.612+0000][21.052s][info ][gc,marking  ] GC(39) Concurrent Clear Claimed Marks
[2025-03-19T10:16:19.612+0000][21.052s][info ][gc,marking  ] GC(39) Concurrent Clear Claimed Marks 0.065ms
[2025-03-19T10:16:19.612+0000][21.052s][info ][gc,marking  ] GC(39) Concurrent Scan Root Regions
[2025-03-19T10:16:19.617+0000][21.057s][info ][gc,marking  ] GC(39) Concurrent Scan Root Regions 4.200ms
[2025-03-19T10:16:19.617+0000][21.057s][info ][gc,marking  ] GC(39) Concurrent Mark
[2025-03-19T10:16:19.617+0000][21.057s][info ][gc,marking  ] GC(39) Concurrent Mark From Roots
[2025-03-19T10:16:19.617+0000][21.057s][info ][gc,task     ] GC(39) Using 1 workers of 1 for marking
[2025-03-19T10:16:19.743+0000][21.183s][info ][gc,marking  ] GC(39) Concurrent Mark From Roots 126.374ms
[2025-03-19T10:16:19.743+0000][21.183s][info ][gc,marking  ] GC(39) Concurrent Preclean
[2025-03-19T10:16:19.743+0000][21.183s][info ][gc,marking  ] GC(39) Concurrent Preclean 0.325ms
[2025-03-19T10:16:19.743+0000][21.183s][debug][safepoint   ] Safepoint synchronization initiated using futex wait barrier. (19 threads)
[2025-03-19T10:16:19.743+0000][21.183s][info ][gc,start    ] GC(39) Pause Remark
[2025-03-19T10:16:19.749+0000][21.189s][info ][gc          ] GC(39) Pause Remark 106M->106M(234M) 5.104ms
[2025-03-19T10:16:19.749+0000][21.189s][info ][gc,cpu      ] GC(39) User=0.01s Sys=0.00s Real=0.01s
[2025-03-19T10:16:19.749+0000][21.189s][info ][safepoint   ] Safepoint "G1PauseRemark", Time since last: 131115506 ns, Reaching safepoint: 94090 ns, Cleanup: 14986 ns, At safepoint: 5175757 ns, Total: 5284833 ns
[2025-03-19T10:16:19.749+0000][21.189s][info ][gc,marking  ] GC(39) Concurrent Mark 132.105ms
[2025-03-19T10:16:19.749+0000][21.189s][info ][gc,marking  ] GC(39) Concurrent Rebuild Remembered Sets
[2025-03-19T10:16:19.838+0000][21.278s][info ][gc,marking  ] GC(39) Concurrent Rebuild Remembered Sets 89.373ms
[2025-03-19T10:16:19.838+0000][21.278s][debug][safepoint   ] Safepoint synchronization initiated using futex wait barrier. (20 threads)
[2025-03-19T10:16:19.838+0000][21.278s][info ][gc,start    ] GC(39) Pause Cleanup
[2025-03-19T10:16:19.838+0000][21.278s][info ][gc          ] GC(39) Pause Cleanup 117M->117M(234M) 0.133ms
[2025-03-19T10:16:19.838+0000][21.278s][info ][gc,cpu      ] GC(39) User=0.00s Sys=0.00s Real=0.00s
[2025-03-19T10:16:19.838+0000][21.278s][info ][safepoint   ] Safepoint "G1PauseCleanup", Time since last: 89478084 ns, Reaching safepoint: 80652 ns, Cleanup: 35719 ns, At safepoint: 166457 ns, Total: 282828 ns
[2025-03-19T10:16:19.840+0000][21.280s][info ][gc,marking  ] GC(39) Concurrent Cleanup for Next Mark
[2025-03-19T10:16:19.840+0000][21.280s][info ][gc,marking  ] GC(39) Concurrent Cleanup for Next Mark 0.277ms
[2025-03-19T10:16:19.840+0000][21.280s][info ][gc          ] GC(39) Concurrent Mark Cycle 227.793ms
[2025-03-19T10:16:20.101+0000][21.541s][debug][safepoint   ] Safepoint synchronization initiated using futex wait barrier. (20 threads)
[2025-03-19T10:16:20.101+0000][21.541s][info ][safepoint   ] Safepoint "ICBufferFull", Time since last: 262177824 ns, Reaching safepoint: 43914 ns, Cleanup: 99620 ns, At safepoint: 3275 ns, Total: 146809 ns
[2025-03-19T10:16:20.180+0000][21.620s][debug][safepoint   ] Safepoint synchronization initiated using futex wait barrier. (20 threads)
[2025-03-19T10:16:20.180+0000][21.620s][info ][safepoint   ] Safepoint "ICBufferFull", Time since last: 79335581 ns, Reaching safepoint: 52538 ns, Cleanup: 151589 ns, At safepoint: 10199 ns, Total: 214326 ns
[2025-03-19T10:16:20.243+0000][21.683s][debug][safepoint   ] Safepoint synchronization initiated using futex wait barrier. (20 threads)
[2025-03-19T10:16:20.243+0000][21.683s][info ][safepoint   ] Safepoint "ICBufferFull", Time since last: 62381112 ns, Reaching safepoint: 44556 ns, Cleanup: 134683 ns, At safepoint: 7059 ns, Total: 186298 ns
[2025-03-19T10:16:20.371+0000][21.811s][debug][safepoint   ] Safepoint synchronization initiated using futex wait barrier. (20 threads)
[2025-03-19T10:16:20.372+0000][21.812s][info ][safepoint   ] Safepoint "ICBufferFull", Time since last: 128457975 ns, Reaching safepoint: 113733 ns, Cleanup: 107483 ns, At safepoint: 3029 ns, Total: 224245 ns
[2025-03-19T10:16:20.553+0000][21.993s][debug][safepoint   ] Safepoint synchronization initiated using futex wait barrier. (20 threads)
[2025-03-19T10:16:20.554+0000][21.994s][info ][gc,start    ] GC(40) Pause Young (Prepare Mixed) (G1 Evacuation Pause)
[2025-03-19T10:16:20.554+0000][21.994s][info ][gc,task     ] GC(40) Using 4 workers of 4 for evacuation
[2025-03-19T10:16:20.558+0000][21.998s][info ][gc,phases   ] GC(40)   Pre Evacuate Collection Set: 0.1ms
[2025-03-19T10:16:20.558+0000][21.998s][info ][gc,phases   ] GC(40)   Merge Heap Roots: 0.1ms
[2025-03-19T10:16:20.558+0000][21.998s][info ][gc,phases   ] GC(40)   Evacuate Collection Set: 3.1ms
[2025-03-19T10:16:20.558+0000][21.998s][info ][gc,phases   ] GC(40)   Post Evacuate Collection Set: 1.3ms
[2025-03-19T10:16:20.558+0000][21.998s][info ][gc,phases   ] GC(40)   Other: 0.1ms
[2025-03-19T10:16:20.558+0000][21.998s][info ][gc,heap     ] GC(40) Eden regions: 127->0(8)
[2025-03-19T10:16:20.558+0000][21.998s][info ][gc,heap     ] GC(40) Survivor regions: 2->3(17)
[2025-03-19T10:16:20.558+0000][21.998s][info ][gc,heap     ] GC(40) Old regions: 72->72
[2025-03-19T10:16:20.558+0000][21.998s][info ][gc,heap     ] GC(40) Archive regions: 2->2
[2025-03-19T10:16:20.558+0000][21.998s][info ][gc,heap     ] GC(40) Humongous regions: 0->0
[2025-03-19T10:16:20.558+0000][21.998s][info ][gc,metaspace] GC(40) Metaspace: 79762K(80192K)->79762K(80192K) NonClass: 69294K(69504K)->69294K(69504K) Class: 10467K(10688K)->10467K(10688K)
[2025-03-19T10:16:20.558+0000][21.998s][info ][gc          ] GC(40) Pause Young (Prepare Mixed) (G1 Evacuation Pause) 201M->75M(234M) 4.756ms
[2025-03-19T10:16:20.558+0000][21.998s][info ][gc,cpu      ] GC(40) User=0.01s Sys=0.00s Real=0.01s
[2025-03-19T10:16:20.558+0000][21.998s][info ][safepoint   ] Safepoint "G1CollectForAllocation", Time since last: 181890530 ns, Reaching safepoint: 39957 ns, Cleanup: 92625 ns, At safepoint: 4804433 ns, Total: 4937015 ns
[2025-03-19T10:16:20.609+0000][22.049s][debug][safepoint   ] Safepoint synchronization initiated using futex wait barrier. (20 threads)
[2025-03-19T10:16:20.609+0000][22.049s][info ][gc,start    ] GC(41) Pause Young (Mixed) (G1 Evacuation Pause)
[2025-03-19T10:16:20.609+0000][22.049s][info ][gc,task     ] GC(41) Using 4 workers of 4 for evacuation
[2025-03-19T10:16:20.617+0000][22.057s][info ][gc,phases   ] GC(41)   Pre Evacuate Collection Set: 0.3ms
[2025-03-19T10:16:20.617+0000][22.057s][info ][gc,phases   ] GC(41)   Merge Heap Roots: 0.1ms
[2025-03-19T10:16:20.617+0000][22.057s][info ][gc,phases   ] GC(41)   Evacuate Collection Set: 6.9ms
[2025-03-19T10:16:20.617+0000][22.057s][info ][gc,phases   ] GC(41)   Post Evacuate Collection Set: 0.8ms
[2025-03-19T10:16:20.617+0000][22.057s][info ][gc,phases   ] GC(41)   Other: 0.1ms
[2025-03-19T10:16:20.617+0000][22.057s][info ][gc,heap     ] GC(41) Eden regions: 8->0(127)
[2025-03-19T10:16:20.617+0000][22.057s][info ][gc,heap     ] GC(41) Survivor regions: 3->1(2)
[2025-03-19T10:16:20.617+0000][22.057s][info ][gc,heap     ] GC(41) Old regions: 72->73
[2025-03-19T10:16:20.617+0000][22.057s][info ][gc,heap     ] GC(41) Archive regions: 2->2
[2025-03-19T10:16:20.617+0000][22.057s][info ][gc,heap     ] GC(41) Humongous regions: 0->0
[2025-03-19T10:16:20.617+0000][22.057s][info ][gc,metaspace] GC(41) Metaspace: 79856K(80320K)->79856K(80320K) NonClass: 69378K(69632K)->69378K(69632K) Class: 10477K(10688K)->10477K(10688K)
[2025-03-19T10:16:20.617+0000][22.057s][info ][gc          ] GC(41) Pause Young (Mixed) (G1 Evacuation Pause) 83M->74M(234M) 8.251ms
[2025-03-19T10:16:20.617+0000][22.057s][info ][gc,cpu      ] GC(41) User=0.02s Sys=0.00s Real=0.01s
[2025-03-19T10:16:20.617+0000][22.057s][info ][safepoint   ] Safepoint "G1CollectForAllocation", Time since last: 50616056 ns, Reaching safepoint: 51857 ns, Cleanup: 57899 ns, At safepoint: 8297752 ns, Total: 8407508 ns
[2025-03-19T10:16:21.226+0000][22.666s][debug][safepoint   ] Safepoint synchronization initiated using futex wait barrier. (18 threads)
[2025-03-19T10:16:21.227+0000][22.667s][info ][safepoint   ] Safepoint "ICBufferFull", Time since last: 609096920 ns, Reaching safepoint: 37543 ns, Cleanup: 96564 ns, At safepoint: 1703 ns, Total: 135810 ns
[2025-03-19T10:16:21.250+0000][22.690s][debug][safepoint   ] Safepoint synchronization initiated using futex wait barrier. (18 threads)
[2025-03-19T10:16:21.250+0000][22.690s][info ][gc,start    ] GC(42) Pause Young (Normal) (G1 Evacuation Pause)
[2025-03-19T10:16:21.250+0000][22.690s][info ][gc,task     ] GC(42) Using 4 workers of 4 for evacuation
[2025-03-19T10:16:21.258+0000][22.698s][info ][gc,phases   ] GC(42)   Pre Evacuate Collection Set: 0.1ms
[2025-03-19T10:16:21.258+0000][22.698s][info ][gc,phases   ] GC(42)   Merge Heap Roots: 0.1ms
[2025-03-19T10:16:21.258+0000][22.698s][info ][gc,phases   ] GC(42)   Evacuate Collection Set: 3.9ms
[2025-03-19T10:16:21.258+0000][22.698s][info ][gc,phases   ] GC(42)   Post Evacuate Collection Set: 3.3ms
[2025-03-19T10:16:21.258+0000][22.698s][info ][gc,phases   ] GC(42)   Other: 0.1ms
[2025-03-19T10:16:21.258+0000][22.698s][info ][gc,heap     ] GC(42) Eden regions: 127->0(325)
[2025-03-19T10:16:21.258+0000][22.698s][info ][gc,heap     ] GC(42) Survivor regions: 1->3(16)
[2025-03-19T10:16:21.258+0000][22.698s][info ][gc,heap     ] GC(42) Old regions: 73->73
[2025-03-19T10:16:21.258+0000][22.698s][info ][gc,heap     ] GC(42) Archive regions: 2->2
[2025-03-19T10:16:21.258+0000][22.698s][info ][gc,heap     ] GC(42) Humongous regions: 0->0
[2025-03-19T10:16:21.258+0000][22.698s][info ][gc,metaspace] GC(42) Metaspace: 82958K(83520K)->82958K(83520K) NonClass: 72028K(72320K)->72028K(72320K) Class: 10929K(11200K)->10929K(11200K)
[2025-03-19T10:16:21.258+0000][22.698s][info ][gc          ] GC(42) Pause Young (Normal) (G1 Evacuation Pause) 201M->76M(547M) 7.550ms
[2025-03-19T10:16:21.258+0000][22.698s][info ][gc,cpu      ] GC(42) User=0.01s Sys=0.00s Real=0.01s
[2025-03-19T10:16:21.258+0000][22.698s][info ][safepoint   ] Safepoint "G1CollectForAllocation", Time since last: 23685187 ns, Reaching safepoint: 34080 ns, Cleanup: 9048 ns, At safepoint: 7601788 ns, Total: 7644916 ns
[2025-03-19T10:16:21.678+0000][23.118s][debug][safepoint   ] Safepoint synchronization initiated using futex wait barrier. (19 threads)
[2025-03-19T10:16:21.678+0000][23.118s][info ][safepoint   ] Safepoint "ICBufferFull", Time since last: 420162254 ns, Reaching safepoint: 46148 ns, Cleanup: 137048 ns, At safepoint: 3139 ns, Total: 186335 ns
[2025-03-19T10:16:22.699+0000][24.139s][debug][safepoint   ] Safepoint synchronization initiated using futex wait barrier. (20 threads)
[2025-03-19T10:16:22.699+0000][24.139s][info ][safepoint   ] Safepoint "Cleanup", Time since last: 1020425822 ns, Reaching safepoint: 250805 ns, Cleanup: 164388 ns, At safepoint: 11432 ns, Total: 426625 ns
[2025-03-19T10:16:23.693+0000][25.133s][debug][safepoint   ] Safepoint synchronization initiated using futex wait barrier. (24 threads)
[2025-03-19T10:16:23.693+0000][25.133s][info ][safepoint   ] Safepoint "ICBufferFull", Time since last: 993904486 ns, Reaching safepoint: 40965 ns, Cleanup: 173898 ns, At safepoint: 2707 ns, Total: 217570 ns
[2025-03-19T10:16:24.261+0000][25.701s][debug][safepoint   ] Safepoint synchronization initiated using futex wait barrier. (24 threads)
[2025-03-19T10:16:24.261+0000][25.701s][info ][gc,start    ] GC(43) Pause Young (Normal) (G1 Evacuation Pause)
[2025-03-19T10:16:24.261+0000][25.701s][info ][gc,task     ] GC(43) Using 4 workers of 4 for evacuation
[2025-03-19T10:16:24.284+0000][25.724s][info ][gc,phases   ] GC(43)   Pre Evacuate Collection Set: 0.1ms
[2025-03-19T10:16:24.284+0000][25.724s][info ][gc,phases   ] GC(43)   Merge Heap Roots: 0.2ms
[2025-03-19T10:16:24.284+0000][25.724s][info ][gc,phases   ] GC(43)   Evacuate Collection Set: 19.2ms
[2025-03-19T10:16:24.284+0000][25.724s][info ][gc,phases   ] GC(43)   Post Evacuate Collection Set: 2.6ms
[2025-03-19T10:16:24.284+0000][25.724s][info ][gc,phases   ] GC(43)   Other: 0.2ms
[2025-03-19T10:16:24.284+0000][25.724s][info ][gc,heap     ] GC(43) Eden regions: 325->0(317)
[2025-03-19T10:16:24.284+0000][25.724s][info ][gc,heap     ] GC(43) Survivor regions: 3->11(41)
[2025-03-19T10:16:24.284+0000][25.724s][info ][gc,heap     ] GC(43) Old regions: 73->73
[2025-03-19T10:16:24.284+0000][25.724s][info ][gc,heap     ] GC(43) Archive regions: 2->2
[2025-03-19T10:16:24.284+0000][25.724s][info ][gc,heap     ] GC(43) Humongous regions: 0->0
[2025-03-19T10:16:24.284+0000][25.724s][info ][gc,metaspace] GC(43) Metaspace: 88573K(89152K)->88573K(89152K) NonClass: 77224K(77504K)->77224K(77504K) Class: 11349K(11648K)->11349K(11648K)
[2025-03-19T10:16:24.284+0000][25.724s][info ][gc          ] GC(43) Pause Young (Normal) (G1 Evacuation Pause) 401M->83M(547M) 22.410ms
[2025-03-19T10:16:24.284+0000][25.724s][info ][gc,cpu      ] GC(43) User=0.08s Sys=0.00s Real=0.02s
[2025-03-19T10:16:24.284+0000][25.724s][info ][safepoint   ] Safepoint "G1CollectForAllocation", Time since last: 568017981 ns, Reaching safepoint: 48034 ns, Cleanup: 50234 ns, At safepoint: 22464940 ns, Total: 22563208 ns
[2025-03-19T10:16:25.081+0000][26.521s][debug][safepoint   ] Safepoint synchronization initiated using futex wait barrier. (24 threads)
[2025-03-19T10:16:25.081+0000][26.521s][info ][safepoint   ] Safepoint "ICBufferFull", Time since last: 797050854 ns, Reaching safepoint: 45730 ns, Cleanup: 156160 ns, At safepoint: 4113 ns, Total: 206003 ns
[2025-03-19T10:16:25.629+0000][27.069s][debug][safepoint   ] Safepoint synchronization initiated using futex wait barrier. (24 threads)
[2025-03-19T10:16:25.630+0000][27.070s][info ][safepoint   ] Safepoint "ICBufferFull", Time since last: 548260045 ns, Reaching safepoint: 52906 ns, Cleanup: 119639 ns, At safepoint: 2590 ns, Total: 175135 ns
[2025-03-19T10:16:26.057+0000][27.497s][debug][safepoint   ] Safepoint synchronization initiated using futex wait barrier. (24 threads)
[2025-03-19T10:16:26.057+0000][27.497s][info ][safepoint   ] Safepoint "ICBufferFull", Time since last: 427429264 ns, Reaching safepoint: 128187 ns, Cleanup: 155119 ns, At safepoint: 4645 ns, Total: 287951 ns
[2025-03-19T10:16:26.241+0000][27.681s][debug][safepoint   ] Safepoint synchronization initiated using futex wait barrier. (24 threads)
[2025-03-19T10:16:26.241+0000][27.681s][info ][gc,start    ] GC(44) Pause Young (Normal) (G1 Evacuation Pause)
[2025-03-19T10:16:26.241+0000][27.681s][info ][gc,task     ] GC(44) Using 4 workers of 4 for evacuation
[2025-03-19T10:16:26.267+0000][27.707s][info ][gc,phases   ] GC(44)   Pre Evacuate Collection Set: 0.1ms
[2025-03-19T10:16:26.267+0000][27.707s][info ][gc,phases   ] GC(44)   Merge Heap Roots: 0.1ms
[2025-03-19T10:16:26.267+0000][27.707s][info ][gc,phases   ] GC(44)   Evacuate Collection Set: 23.1ms
[2025-03-19T10:16:26.267+0000][27.707s][info ][gc,phases   ] GC(44)   Post Evacuate Collection Set: 2.9ms
[2025-03-19T10:16:26.267+0000][27.707s][info ][gc,phases   ] GC(44)   Other: 0.1ms
[2025-03-19T10:16:26.268+0000][27.707s][info ][gc,heap     ] GC(44) Eden regions: 317->0(309)
[2025-03-19T10:16:26.268+0000][27.708s][info ][gc,heap     ] GC(44) Survivor regions: 11->19(41)
[2025-03-19T10:16:26.268+0000][27.708s][info ][gc,heap     ] GC(44) Old regions: 73->73
[2025-03-19T10:16:26.268+0000][27.708s][info ][gc,heap     ] GC(44) Archive regions: 2->2
[2025-03-19T10:16:26.268+0000][27.708s][info ][gc,heap     ] GC(44) Humongous regions: 0->0
[2025-03-19T10:16:26.268+0000][27.708s][info ][gc,metaspace] GC(44) Metaspace: 95747K(96320K)->95747K(96320K) NonClass: 83185K(83520K)->83185K(83520K) Class: 12561K(12800K)->12561K(12800K)
[2025-03-19T10:16:26.268+0000][27.708s][info ][gc          ] GC(44) Pause Young (Normal) (G1 Evacuation Pause) 400M->92M(547M) 26.439ms
[2025-03-19T10:16:26.268+0000][27.708s][info ][gc,cpu      ] GC(44) User=0.10s Sys=0.00s Real=0.03s
[2025-03-19T10:16:26.268+0000][27.708s][info ][safepoint   ] Safepoint "G1CollectForAllocation", Time since last: 183719486 ns, Reaching safepoint: 54398 ns, Cleanup: 65078 ns, At safepoint: 26583514 ns, Total: 26702990 ns
[2025-03-19T10:16:27.652+0000][29.092s][debug][safepoint   ] Safepoint synchronization initiated using futex wait barrier. (27 threads)
[2025-03-19T10:16:27.652+0000][29.092s][info ][safepoint   ] Safepoint "ICBufferFull", Time since last: 1384085740 ns, Reaching safepoint: 55285 ns, Cleanup: 129566 ns, At safepoint: 2554 ns, Total: 187405 ns
[2025-03-19T10:16:28.821+0000][30.261s][debug][safepoint   ] Safepoint synchronization initiated using futex wait barrier. (27 threads)
[2025-03-19T10:16:28.821+0000][30.261s][info ][gc,start    ] GC(45) Pause Young (Normal) (G1 Evacuation Pause)
[2025-03-19T10:16:28.821+0000][30.261s][info ][gc,task     ] GC(45) Using 4 workers of 4 for evacuation
[2025-03-19T10:16:28.845+0000][30.285s][info ][gc,phases   ] GC(45)   Pre Evacuate Collection Set: 0.1ms
[2025-03-19T10:16:28.845+0000][30.285s][info ][gc,phases   ] GC(45)   Merge Heap Roots: 0.1ms
[2025-03-19T10:16:28.845+0000][30.285s][info ][gc,phases   ] GC(45)   Evacuate Collection Set: 21.0ms
[2025-03-19T10:16:28.845+0000][30.285s][info ][gc,phases   ] GC(45)   Post Evacuate Collection Set: 2.2ms
[2025-03-19T10:16:28.845+0000][30.285s][info ][gc,phases   ] GC(45)   Other: 0.1ms
[2025-03-19T10:16:28.845+0000][30.285s][info ][gc,heap     ] GC(45) Eden regions: 309->0(306)
[2025-03-19T10:16:28.845+0000][30.285s][info ][gc,heap     ] GC(45) Survivor regions: 19->22(41)
[2025-03-19T10:16:28.845+0000][30.285s][info ][gc,heap     ] GC(45) Old regions: 73->73
[2025-03-19T10:16:28.845+0000][30.285s][info ][gc,heap     ] GC(45) Archive regions: 2->2
[2025-03-19T10:16:28.845+0000][30.285s][info ][gc,heap     ] GC(45) Humongous regions: 0->0
[2025-03-19T10:16:28.845+0000][30.285s][info ][gc,metaspace] GC(45) Metaspace: 106038K(106688K)->106038K(106688K) NonClass: 92122K(92480K)->92122K(92480K) Class: 13916K(14208K)->13916K(14208K)
[2025-03-19T10:16:28.845+0000][30.285s][info ][gc          ] GC(45) Pause Young (Normal) (G1 Evacuation Pause) 401M->95M(547M) 23.672ms
[2025-03-19T10:16:28.845+0000][30.285s][info ][gc,cpu      ] GC(45) User=0.08s Sys=0.00s Real=0.03s
[2025-03-19T10:16:28.845+0000][30.285s][info ][safepoint   ] Safepoint "G1CollectForAllocation", Time since last: 1168865284 ns, Reaching safepoint: 58561 ns, Cleanup: 105765 ns, At safepoint: 23727903 ns, Total: 23892229 ns
[2025-03-19T10:16:29.978+0000][31.418s][debug][safepoint   ] Safepoint synchronization initiated using futex wait barrier. (36 threads)
[2025-03-19T10:16:29.979+0000][31.419s][info ][safepoint   ] Safepoint "Cleanup", Time since last: 1133612573 ns, Reaching safepoint: 113642 ns, Cleanup: 122808 ns, At safepoint: 4220 ns, Total: 240670 ns
[2025-03-19T10:16:31.202+0000][32.642s][debug][safepoint   ] Safepoint synchronization initiated using futex wait barrier. (40 threads)
[2025-03-19T10:16:31.202+0000][32.642s][info ][gc,start    ] GC(46) Pause Young (Normal) (G1 Evacuation Pause)
[2025-03-19T10:16:31.202+0000][32.642s][info ][gc,task     ] GC(46) Using 4 workers of 4 for evacuation
[2025-03-19T10:16:31.253+0000][32.693s][info ][gc,phases   ] GC(46)   Pre Evacuate Collection Set: 0.1ms
[2025-03-19T10:16:31.253+0000][32.693s][info ][gc,phases   ] GC(46)   Merge Heap Roots: 0.2ms
[2025-03-19T10:16:31.253+0000][32.693s][info ][gc,phases   ] GC(46)   Evacuate Collection Set: 44.8ms
[2025-03-19T10:16:31.253+0000][32.693s][info ][gc,phases   ] GC(46)   Post Evacuate Collection Set: 5.9ms
[2025-03-19T10:16:31.253+0000][32.693s][info ][gc,phases   ] GC(46)   Other: 0.1ms
[2025-03-19T10:16:31.253+0000][32.693s][info ][gc,heap     ] GC(46) Eden regions: 306->0(300)
[2025-03-19T10:16:31.253+0000][32.693s][info ][gc,heap     ] GC(46) Survivor regions: 22->28(41)
[2025-03-19T10:16:31.253+0000][32.693s][info ][gc,heap     ] GC(46) Old regions: 73->76
[2025-03-19T10:16:31.253+0000][32.693s][info ][gc,heap     ] GC(46) Archive regions: 2->2
[2025-03-19T10:16:31.253+0000][32.693s][info ][gc,heap     ] GC(46) Humongous regions: 0->0
[2025-03-19T10:16:31.253+0000][32.693s][info ][gc,metaspace] GC(46) Metaspace: 112440K(113088K)->112440K(113088K) NonClass: 97903K(98240K)->97903K(98240K) Class: 14536K(14848K)->14536K(14848K)
[2025-03-19T10:16:31.253+0000][32.693s][info ][gc          ] GC(46) Pause Young (Normal) (G1 Evacuation Pause) 401M->103M(547M) 51.330ms
[2025-03-19T10:16:31.253+0000][32.693s][info ][gc,cpu      ] GC(46) User=0.17s Sys=0.00s Real=0.05s
[2025-03-19T10:16:31.253+0000][32.693s][info ][safepoint   ] Safepoint "G1CollectForAllocation", Time since last: 1223173313 ns, Reaching safepoint: 56020 ns, Cleanup: 124355 ns, At safepoint: 51418074 ns, Total: 51598449 ns
[2025-03-19T10:16:31.690+0000][33.130s][debug][safepoint   ] Safepoint synchronization initiated using futex wait barrier. (40 threads)
[2025-03-19T10:16:31.690+0000][33.130s][info ][safepoint   ] Safepoint "ICBufferFull", Time since last: 436519162 ns, Reaching safepoint: 36306 ns, Cleanup: 102189 ns, At safepoint: 2850 ns, Total: 141345 ns
[2025-03-19T10:16:32.509+0000][33.949s][debug][safepoint   ] Safepoint synchronization initiated using futex wait barrier. (40 threads)
[2025-03-19T10:16:32.509+0000][33.949s][info ][safepoint   ] Safepoint "ICBufferFull", Time since last: 819023380 ns, Reaching safepoint: 46201 ns, Cleanup: 121309 ns, At safepoint: 3629 ns, Total: 171139 ns
[2025-03-19T10:16:33.448+0000][34.888s][debug][safepoint   ] Safepoint synchronization initiated using futex wait barrier. (41 threads)
[2025-03-19T10:16:33.448+0000][34.888s][info ][safepoint   ] Safepoint "ICBufferFull", Time since last: 938543246 ns, Reaching safepoint: 45830 ns, Cleanup: 162058 ns, At safepoint: 3737 ns, Total: 211625 ns
[2025-03-19T10:16:33.852+0000][35.292s][debug][safepoint   ] Safepoint synchronization initiated using futex wait barrier. (44 threads)
[2025-03-19T10:16:33.853+0000][35.293s][info ][gc,start    ] GC(47) Pause Young (Normal) (G1 Evacuation Pause)
[2025-03-19T10:16:33.853+0000][35.293s][info ][gc,task     ] GC(47) Using 4 workers of 4 for evacuation
[2025-03-19T10:16:33.889+0000][35.329s][info ][gc,phases   ] GC(47)   Pre Evacuate Collection Set: 0.1ms
[2025-03-19T10:16:33.889+0000][35.329s][info ][gc,phases   ] GC(47)   Merge Heap Roots: 0.2ms
[2025-03-19T10:16:33.889+0000][35.329s][info ][gc,phases   ] GC(47)   Evacuate Collection Set: 33.2ms
[2025-03-19T10:16:33.889+0000][35.329s][info ][gc,phases   ] GC(47)   Post Evacuate Collection Set: 2.6ms
[2025-03-19T10:16:33.889+0000][35.329s][info ][gc,phases   ] GC(47)   Other: 0.1ms
[2025-03-19T10:16:33.889+0000][35.329s][info ][gc,heap     ] GC(47) Eden regions: 300->0(301)
[2025-03-19T10:16:33.889+0000][35.329s][info ][gc,heap     ] GC(47) Survivor regions: 28->27(41)
[2025-03-19T10:16:33.889+0000][35.329s][info ][gc,heap     ] GC(47) Old regions: 76->82
[2025-03-19T10:16:33.889+0000][35.329s][info ][gc,heap     ] GC(47) Archive regions: 2->2
[2025-03-19T10:16:33.889+0000][35.329s][info ][gc,heap     ] GC(47) Humongous regions: 0->0
[2025-03-19T10:16:33.889+0000][35.329s][info ][gc,metaspace] GC(47) Metaspace: 117673K(118336K)->117673K(118336K) NonClass: 102574K(102912K)->102574K(102912K) Class: 15099K(15424K)->15099K(15424K)
[2025-03-19T10:16:33.889+0000][35.329s][info ][gc          ] GC(47) Pause Young (Normal) (G1 Evacuation Pause) 403M->109M(547M) 36.414ms
[2025-03-19T10:16:33.889+0000][35.329s][info ][gc,cpu      ] GC(47) User=0.12s Sys=0.00s Real=0.04s
[2025-03-19T10:16:33.889+0000][35.329s][info ][safepoint   ] Safepoint "G1CollectForAllocation", Time since last: 404430202 ns, Reaching safepoint: 60340 ns, Cleanup: 62316 ns, At safepoint: 36622818 ns, Total: 36745474 ns
[2025-03-19T10:16:34.983+0000][36.423s][debug][safepoint   ] Safepoint synchronization initiated using futex wait barrier. (44 threads)
[2025-03-19T10:16:34.983+0000][36.423s][info ][safepoint   ] Safepoint "Cleanup", Time since last: 1094162844 ns, Reaching safepoint: 109495 ns, Cleanup: 83158 ns, At safepoint: 1971 ns, Total: 194624 ns
[2025-03-19T10:16:35.603+0000][37.043s][debug][safepoint   ] Safepoint synchronization initiated using futex wait barrier. (52 threads)
[2025-03-19T10:16:35.603+0000][37.043s][info ][gc,start    ] GC(48) Pause Young (Concurrent Start) (Metadata GC Threshold)
[2025-03-19T10:16:35.604+0000][37.044s][info ][gc,task     ] GC(48) Using 4 workers of 4 for evacuation
[2025-03-19T10:16:35.636+0000][37.076s][info ][gc,phases   ] GC(48)   Pre Evacuate Collection Set: 0.2ms
[2025-03-19T10:16:35.636+0000][37.076s][info ][gc,phases   ] GC(48)   Merge Heap Roots: 0.2ms
[2025-03-19T10:16:35.636+0000][37.076s][info ][gc,phases   ] GC(48)   Evacuate Collection Set: 29.9ms
[2025-03-19T10:16:35.636+0000][37.076s][info ][gc,phases   ] GC(48)   Post Evacuate Collection Set: 2.1ms
[2025-03-19T10:16:35.636+0000][37.076s][info ][gc,phases   ] GC(48)   Other: 0.2ms
[2025-03-19T10:16:35.636+0000][37.076s][info ][gc,heap     ] GC(48) Eden regions: 234->0(301)
[2025-03-19T10:16:35.636+0000][37.076s][info ][gc,heap     ] GC(48) Survivor regions: 27->27(41)
[2025-03-19T10:16:35.636+0000][37.076s][info ][gc,heap     ] GC(48) Old regions: 82->89
[2025-03-19T10:16:35.636+0000][37.076s][info ][gc,heap     ] GC(48) Archive regions: 2->2
[2025-03-19T10:16:35.636+0000][37.076s][info ][gc,heap     ] GC(48) Humongous regions: 1->0
[2025-03-19T10:16:35.636+0000][37.076s][info ][gc,metaspace] GC(48) Metaspace: 129858K(130816K)->129858K(130816K) NonClass: 113446K(113920K)->113446K(113920K) Class: 16412K(16896K)->16412K(16896K)
[2025-03-19T10:16:35.636+0000][37.076s][info ][gc          ] GC(48) Pause Young (Concurrent Start) (Metadata GC Threshold) 344M->115M(547M) 32.651ms
[2025-03-19T10:16:35.636+0000][37.076s][info ][gc,cpu      ] GC(48) User=0.11s Sys=0.00s Real=0.04s
[2025-03-19T10:16:35.636+0000][37.076s][info ][gc          ] GC(49) Concurrent Mark Cycle
[2025-03-19T10:16:35.636+0000][37.076s][info ][gc,marking  ] GC(49) Concurrent Clear Claimed Marks
[2025-03-19T10:16:35.636+0000][37.076s][info ][gc,marking  ] GC(49) Concurrent Clear Claimed Marks 0.145ms
[2025-03-19T10:16:35.636+0000][37.076s][info ][gc,marking  ] GC(49) Concurrent Scan Root Regions
[2025-03-19T10:16:35.636+0000][37.076s][info ][safepoint   ] Safepoint "CollectForMetadataAllocation", Time since last: 619829999 ns, Reaching safepoint: 44754 ns, Cleanup: 121135 ns, At safepoint: 32787726 ns, Total: 32953615 ns
[2025-03-19T10:16:35.680+0000][37.120s][info ][gc,marking  ] GC(49) Concurrent Scan Root Regions 43.862ms
[2025-03-19T10:16:35.680+0000][37.120s][info ][gc,marking  ] GC(49) Concurrent Mark
[2025-03-19T10:16:35.680+0000][37.120s][info ][gc,marking  ] GC(49) Concurrent Mark From Roots
[2025-03-19T10:16:35.680+0000][37.120s][info ][gc,task     ] GC(49) Using 1 workers of 1 for marking
[2025-03-19T10:16:35.729+0000][37.169s][debug][safepoint   ] Safepoint synchronization initiated using futex wait barrier. (52 threads)
[2025-03-19T10:16:35.729+0000][37.169s][info ][safepoint   ] Safepoint "CollectForMetadataAllocation", Time since last: 92681292 ns, Reaching safepoint: 74248 ns, Cleanup: 15773 ns, At safepoint: 44786 ns, Total: 134807 ns
[2025-03-19T10:16:35.823+0000][37.263s][debug][safepoint   ] Safepoint synchronization initiated using futex wait barrier. (52 threads)
[2025-03-19T10:16:35.823+0000][37.263s][info ][safepoint   ] Safepoint "CollectForMetadataAllocation", Time since last: 93586085 ns, Reaching safepoint: 63357 ns, Cleanup: 4202 ns, At safepoint: 46657 ns, Total: 114216 ns
[2025-03-19T10:16:35.860+0000][37.300s][info ][gc,marking  ] GC(49) Concurrent Mark From Roots 179.922ms
[2025-03-19T10:16:35.860+0000][37.300s][info ][gc,marking  ] GC(49) Concurrent Preclean
[2025-03-19T10:16:35.861+0000][37.301s][info ][gc,marking  ] GC(49) Concurrent Preclean 0.287ms
[2025-03-19T10:16:35.861+0000][37.301s][debug][safepoint   ] Safepoint synchronization initiated using futex wait barrier. (52 threads)
[2025-03-19T10:16:35.861+0000][37.301s][info ][gc,start    ] GC(49) Pause Remark
[2025-03-19T10:16:35.871+0000][37.311s][info ][gc          ] GC(49) Pause Remark 143M->143M(487M) 10.218ms
[2025-03-19T10:16:35.871+0000][37.311s][info ][gc,cpu      ] GC(49) User=0.04s Sys=0.00s Real=0.01s
[2025-03-19T10:16:35.871+0000][37.311s][info ][safepoint   ] Safepoint "G1PauseRemark", Time since last: 38290454 ns, Reaching safepoint: 101332 ns, Cleanup: 5299 ns, At safepoint: 10330363 ns, Total: 10436994 ns
[2025-03-19T10:16:35.872+0000][37.312s][info ][gc,marking  ] GC(49) Concurrent Mark 191.183ms
[2025-03-19T10:16:35.872+0000][37.312s][info ][gc,marking  ] GC(49) Concurrent Rebuild Remembered Sets
[2025-03-19T10:16:35.980+0000][37.420s][info ][gc,marking  ] GC(49) Concurrent Rebuild Remembered Sets 108.274ms
[2025-03-19T10:16:35.980+0000][37.420s][debug][safepoint   ] Safepoint synchronization initiated using futex wait barrier. (52 threads)
[2025-03-19T10:16:35.980+0000][37.420s][info ][gc,start    ] GC(49) Pause Cleanup
[2025-03-19T10:16:35.980+0000][37.420s][info ][gc          ] GC(49) Pause Cleanup 168M->168M(487M) 0.131ms
[2025-03-19T10:16:35.980+0000][37.420s][info ][gc,cpu      ] GC(49) User=0.00s Sys=0.00s Real=0.00s
[2025-03-19T10:16:35.980+0000][37.420s][info ][safepoint   ] Safepoint "G1PauseCleanup", Time since last: 108370807 ns, Reaching safepoint: 77331 ns, Cleanup: 2524 ns, At safepoint: 162152 ns, Total: 242007 ns
[2025-03-19T10:16:35.980+0000][37.420s][info ][gc,marking  ] GC(49) Concurrent Cleanup for Next Mark
[2025-03-19T10:16:35.982+0000][37.422s][info ][gc,marking  ] GC(49) Concurrent Cleanup for Next Mark 1.943ms
[2025-03-19T10:16:35.982+0000][37.422s][info ][gc          ] GC(49) Concurrent Mark Cycle 345.845ms
[2025-03-19T10:16:36.980+0000][38.420s][debug][safepoint   ] Safepoint synchronization initiated using futex wait barrier. (53 threads)
[2025-03-19T10:16:36.980+0000][38.420s][info ][safepoint   ] Safepoint "Cleanup", Time since last: 1000083630 ns, Reaching safepoint: 120543 ns, Cleanup: 40808 ns, At safepoint: 5223 ns, Total: 166574 ns
[2025-03-19T10:16:37.067+0000][38.507s][debug][safepoint   ] Safepoint synchronization initiated using futex wait barrier. (53 threads)
[2025-03-19T10:16:37.067+0000][38.507s][info ][gc,start    ] GC(50) Pause Young (Prepare Mixed) (G1 Evacuation Pause)
[2025-03-19T10:16:37.067+0000][38.507s][info ][gc,task     ] GC(50) Using 4 workers of 4 for evacuation
[2025-03-19T10:16:37.097+0000][38.537s][info ][gc,phases   ] GC(50)   Pre Evacuate Collection Set: 0.1ms
[2025-03-19T10:16:37.097+0000][38.537s][info ][gc,phases   ] GC(50)   Merge Heap Roots: 0.2ms
[2025-03-19T10:16:37.097+0000][38.537s][info ][gc,phases   ] GC(50)   Evacuate Collection Set: 27.7ms
[2025-03-19T10:16:37.097+0000][38.537s][info ][gc,phases   ] GC(50)   Post Evacuate Collection Set: 2.2ms
[2025-03-19T10:16:37.097+0000][38.537s][info ][gc,phases   ] GC(50)   Other: 0.1ms
[2025-03-19T10:16:37.097+0000][38.537s][info ][gc,heap     ] GC(50) Eden regions: 265->0(5)
[2025-03-19T10:16:37.097+0000][38.537s][info ][gc,heap     ] GC(50) Survivor regions: 27->19(37)
[2025-03-19T10:16:37.097+0000][38.537s][info ][gc,heap     ] GC(50) Old regions: 89->100
[2025-03-19T10:16:37.097+0000][38.537s][info ][gc,heap     ] GC(50) Archive regions: 2->2
[2025-03-19T10:16:37.097+0000][38.537s][info ][gc,heap     ] GC(50) Humongous regions: 0->0
[2025-03-19T10:16:37.097+0000][38.537s][info ][gc,metaspace] GC(50) Metaspace: 135476K(136512K)->135476K(136512K) NonClass: 118426K(118976K)->118426K(118976K) Class: 17049K(17536K)->17049K(17536K)
[2025-03-19T10:16:37.098+0000][38.538s][info ][gc          ] GC(50) Pause Young (Prepare Mixed) (G1 Evacuation Pause) 380M->118M(487M) 30.391ms
[2025-03-19T10:16:37.098+0000][38.538s][info ][gc,cpu      ] GC(50) User=0.10s Sys=0.00s Real=0.03s
[2025-03-19T10:16:37.098+0000][38.538s][info ][safepoint   ] Safepoint "G1CollectForAllocation", Time since last: 86669806 ns, Reaching safepoint: 47588 ns, Cleanup: 28568 ns, At safepoint: 30459870 ns, Total: 30536026 ns
[2025-03-19T10:16:37.168+0000][38.608s][debug][safepoint   ] Safepoint synchronization initiated using futex wait barrier. (53 threads)
[2025-03-19T10:16:37.168+0000][38.608s][info ][gc,start    ] GC(51) Pause Young (Mixed) (G1 Evacuation Pause)
[2025-03-19T10:16:37.168+0000][38.608s][info ][gc,task     ] GC(51) Using 4 workers of 4 for evacuation
[2025-03-19T10:16:37.221+0000][38.661s][info ][gc,phases   ] GC(51)   Pre Evacuate Collection Set: 0.1ms
[2025-03-19T10:16:37.221+0000][38.661s][info ][gc,phases   ] GC(51)   Merge Heap Roots: 0.2ms
[2025-03-19T10:16:37.221+0000][38.661s][info ][gc,phases   ] GC(51)   Evacuate Collection Set: 49.6ms
[2025-03-19T10:16:37.221+0000][38.661s][info ][gc,phases   ] GC(51)   Post Evacuate Collection Set: 3.2ms
[2025-03-19T10:16:37.221+0000][38.661s][info ][gc,phases   ] GC(51)   Other: 0.1ms
[2025-03-19T10:16:37.221+0000][38.661s][info ][gc,heap     ] GC(51) Eden regions: 5->0(290)
[2025-03-19T10:16:37.221+0000][38.661s][info ][gc,heap     ] GC(51) Survivor regions: 19->2(3)
[2025-03-19T10:16:37.221+0000][38.661s][info ][gc,heap     ] GC(51) Old regions: 100->116
[2025-03-19T10:16:37.221+0000][38.661s][info ][gc,heap     ] GC(51) Archive regions: 2->2
[2025-03-19T10:16:37.221+0000][38.661s][info ][gc,heap     ] GC(51) Humongous regions: 0->0
[2025-03-19T10:16:37.221+0000][38.661s][info ][gc,metaspace] GC(51) Metaspace: 135658K(136640K)->135658K(136640K) NonClass: 118598K(119104K)->118598K(119104K) Class: 17059K(17536K)->17059K(17536K)
[2025-03-19T10:16:37.221+0000][38.661s][info ][gc          ] GC(51) Pause Young (Mixed) (G1 Evacuation Pause) 123M->118M(487M) 53.263ms
[2025-03-19T10:16:37.221+0000][38.661s][info ][gc,cpu      ] GC(51) User=0.15s Sys=0.00s Real=0.05s
[2025-03-19T10:16:37.222+0000][38.662s][info ][safepoint   ] Safepoint "G1CollectForAllocation", Time since last: 70527879 ns, Reaching safepoint: 31159 ns, Cleanup: 13933 ns, At safepoint: 53431103 ns, Total: 53476195 ns
[2025-03-19T10:16:38.223+0000][39.663s][debug][safepoint   ] Safepoint synchronization initiated using futex wait barrier. (57 threads)
[2025-03-19T10:16:38.223+0000][39.663s][info ][safepoint   ] Safepoint "Cleanup", Time since last: 1001060134 ns, Reaching safepoint: 125041 ns, Cleanup: 89243 ns, At safepoint: 5622 ns, Total: 219906 ns
[2025-03-19T10:16:38.536+0000][39.976s][debug][safepoint   ] Safepoint synchronization initiated using futex wait barrier. (57 threads)
[2025-03-19T10:16:38.536+0000][39.976s][info ][gc,start    ] GC(52) Pause Young (Concurrent Start) (G1 Evacuation Pause)
[2025-03-19T10:16:38.536+0000][39.976s][info ][gc,task     ] GC(52) Using 4 workers of 4 for evacuation
[2025-03-19T10:16:38.552+0000][39.992s][info ][gc,phases   ] GC(52)   Pre Evacuate Collection Set: 0.2ms
[2025-03-19T10:16:38.552+0000][39.992s][info ][gc,phases   ] GC(52)   Merge Heap Roots: 0.1ms
[2025-03-19T10:16:38.552+0000][39.992s][info ][gc,phases   ] GC(52)   Evacuate Collection Set: 14.0ms
[2025-03-19T10:16:38.552+0000][39.992s][info ][gc,phases   ] GC(52)   Post Evacuate Collection Set: 1.6ms
[2025-03-19T10:16:38.552+0000][39.992s][info ][gc,phases   ] GC(52)   Other: 0.1ms
[2025-03-19T10:16:38.552+0000][39.992s][info ][gc,heap     ] GC(52) Eden regions: 290->0(281)
[2025-03-19T10:16:38.552+0000][39.992s][info ][gc,heap     ] GC(52) Survivor regions: 2->11(37)
[2025-03-19T10:16:38.552+0000][39.992s][info ][gc,heap     ] GC(52) Old regions: 116->116
[2025-03-19T10:16:38.552+0000][39.992s][info ][gc,heap     ] GC(52) Archive regions: 2->2
[2025-03-19T10:16:38.552+0000][39.992s][info ][gc,heap     ] GC(52) Humongous regions: 0->0
[2025-03-19T10:16:38.552+0000][39.992s][info ][gc,metaspace] GC(52) Metaspace: 140805K(141888K)->140805K(141888K) NonClass: 123478K(124032K)->123478K(124032K) Class: 17326K(17856K)->17326K(17856K)
[2025-03-19T10:16:38.552+0000][39.992s][info ][gc          ] GC(52) Pause Young (Concurrent Start) (G1 Evacuation Pause) 408M->127M(487M) 16.180ms
[2025-03-19T10:16:38.552+0000][39.992s][info ][gc,cpu      ] GC(52) User=0.06s Sys=0.00s Real=0.01s
[2025-03-19T10:16:38.552+0000][39.992s][info ][gc          ] GC(53) Concurrent Mark Cycle
[2025-03-19T10:16:38.552+0000][39.992s][info ][gc,marking  ] GC(53) Concurrent Clear Claimed Marks
[2025-03-19T10:16:38.552+0000][39.992s][info ][safepoint   ] Safepoint "G1CollectForAllocation", Time since last: 313235204 ns, Reaching safepoint: 54048 ns, Cleanup: 14779 ns, At safepoint: 16254975 ns, Total: 16323802 ns
[2025-03-19T10:16:38.553+0000][39.993s][info ][gc,marking  ] GC(53) Concurrent Clear Claimed Marks 0.151ms
[2025-03-19T10:16:38.553+0000][39.993s][info ][gc,marking  ] GC(53) Concurrent Scan Root Regions
[2025-03-19T10:16:38.569+0000][40.009s][info ][gc,marking  ] GC(53) Concurrent Scan Root Regions 16.361ms
[2025-03-19T10:16:38.569+0000][40.009s][info ][gc,marking  ] GC(53) Concurrent Mark
[2025-03-19T10:16:38.569+0000][40.009s][info ][gc,marking  ] GC(53) Concurrent Mark From Roots
[2025-03-19T10:16:38.569+0000][40.009s][info ][gc,task     ] GC(53) Using 1 workers of 1 for marking
[2025-03-19T10:16:38.826+0000][40.266s][info ][gc,marking  ] GC(53) Concurrent Mark From Roots 256.799ms
[2025-03-19T10:16:38.826+0000][40.266s][info ][gc,marking  ] GC(53) Concurrent Preclean
[2025-03-19T10:16:38.826+0000][40.266s][info ][gc,marking  ] GC(53) Concurrent Preclean 0.371ms
[2025-03-19T10:16:38.826+0000][40.266s][debug][safepoint   ] Safepoint synchronization initiated using futex wait barrier. (57 threads)
[2025-03-19T10:16:38.826+0000][40.266s][info ][gc,start    ] GC(53) Pause Remark
[2025-03-19T10:16:38.837+0000][40.277s][info ][gc          ] GC(53) Pause Remark 159M->159M(487M) 10.524ms
[2025-03-19T10:16:38.837+0000][40.277s][info ][gc,cpu      ] GC(53) User=0.03s Sys=0.00s Real=0.01s
[2025-03-19T10:16:38.838+0000][40.278s][info ][safepoint   ] Safepoint "G1PauseRemark", Time since last: 273859626 ns, Reaching safepoint: 34202 ns, Cleanup: 33017 ns, At safepoint: 11702238 ns, Total: 11769457 ns
[2025-03-19T10:16:38.839+0000][40.279s][info ][gc,marking  ] GC(53) Concurrent Mark 269.918ms
[2025-03-19T10:16:38.839+0000][40.279s][info ][gc,marking  ] GC(53) Concurrent Rebuild Remembered Sets
[2025-03-19T10:16:38.958+0000][40.398s][info ][gc,marking  ] GC(53) Concurrent Rebuild Remembered Sets 119.371ms
[2025-03-19T10:16:38.958+0000][40.398s][debug][safepoint   ] Safepoint synchronization initiated using futex wait barrier. (58 threads)
[2025-03-19T10:16:38.959+0000][40.399s][info ][gc,start    ] GC(53) Pause Cleanup
[2025-03-19T10:16:38.959+0000][40.399s][info ][gc          ] GC(53) Pause Cleanup 173M->173M(487M) 0.136ms
[2025-03-19T10:16:38.959+0000][40.399s][info ][gc,cpu      ] GC(53) User=0.00s Sys=0.00s Real=0.00s
[2025-03-19T10:16:38.959+0000][40.399s][info ][safepoint   ] Safepoint "G1PauseCleanup", Time since last: 120323182 ns, Reaching safepoint: 780575 ns, Cleanup: 16135 ns, At safepoint: 168798 ns, Total: 965508 ns
[2025-03-19T10:16:38.959+0000][40.399s][info ][gc,marking  ] GC(53) Concurrent Cleanup for Next Mark
[2025-03-19T10:16:38.961+0000][40.401s][info ][gc,marking  ] GC(53) Concurrent Cleanup for Next Mark 2.062ms
[2025-03-19T10:16:38.961+0000][40.401s][info ][gc          ] GC(53) Concurrent Mark Cycle 409.040ms
[2025-03-19T10:16:39.258+0000][40.698s][info ][cds,heap    ] initialize_from_archived_subgraph jdk.internal.math.FDBigInteger 0x000077197314d8f0
[2025-03-19T10:16:40.116+0000][41.556s][debug][safepoint   ] Safepoint synchronization initiated using futex wait barrier. (79 threads)
[2025-03-19T10:16:40.117+0000][41.557s][info ][safepoint   ] Safepoint "Cleanup", Time since last: 1157063596 ns, Reaching safepoint: 53451 ns, Cleanup: 117018 ns, At safepoint: 5191 ns, Total: 175660 ns
[2025-03-19T10:16:40.117+0000][41.557s][debug][safepoint   ] ... found polling page loop exception at pc = 0x00007719dd2d3da3, stub =0x00007719dc98f400
[2025-03-19T10:16:40.294+0000][41.734s][debug][safepoint   ] Safepoint synchronization initiated using futex wait barrier. (79 threads)
[2025-03-19T10:16:40.294+0000][41.734s][info ][gc,start    ] GC(54) Pause Young (Prepare Mixed) (G1 Evacuation Pause)
[2025-03-19T10:16:40.294+0000][41.734s][info ][gc,task     ] GC(54) Using 4 workers of 4 for evacuation
[2025-03-19T10:16:40.320+0000][41.760s][info ][gc,phases   ] GC(54)   Pre Evacuate Collection Set: 0.1ms
[2025-03-19T10:16:40.320+0000][41.760s][info ][gc,phases   ] GC(54)   Merge Heap Roots: 0.2ms
[2025-03-19T10:16:40.320+0000][41.760s][info ][gc,phases   ] GC(54)   Evacuate Collection Set: 22.8ms
[2025-03-19T10:16:40.320+0000][41.760s][info ][gc,phases   ] GC(54)   Post Evacuate Collection Set: 2.1ms
[2025-03-19T10:16:40.320+0000][41.760s][info ][gc,phases   ] GC(54)   Other: 0.1ms
[2025-03-19T10:16:40.320+0000][41.760s][info ][gc,heap     ] GC(54) Eden regions: 281->0(7)
[2025-03-19T10:16:40.320+0000][41.760s][info ][gc,heap     ] GC(54) Survivor regions: 11->17(37)
[2025-03-19T10:16:40.320+0000][41.760s][info ][gc,heap     ] GC(54) Old regions: 116->116
[2025-03-19T10:16:40.320+0000][41.760s][info ][gc,heap     ] GC(54) Archive regions: 2->2
[2025-03-19T10:16:40.320+0000][41.760s][info ][gc,heap     ] GC(54) Humongous regions: 0->0
[2025-03-19T10:16:40.320+0000][41.760s][info ][gc,metaspace] GC(54) Metaspace: 150374K(151424K)->150374K(151424K) NonClass: 131935K(132480K)->131935K(132480K) Class: 18438K(18944K)->18438K(18944K)
[2025-03-19T10:16:40.320+0000][41.760s][info ][gc          ] GC(54) Pause Young (Prepare Mixed) (G1 Evacuation Pause) 408M->133M(487M) 25.488ms
[2025-03-19T10:16:40.320+0000][41.760s][info ][gc,cpu      ] GC(54) User=0.10s Sys=0.00s Real=0.02s
[2025-03-19T10:16:40.320+0000][41.760s][info ][safepoint   ] Safepoint "G1CollectForAllocation", Time since last: 177594352 ns, Reaching safepoint: 39334 ns, Cleanup: 24005 ns, At safepoint: 25593459 ns, Total: 25656798 ns
[2025-03-19T10:16:40.347+0000][41.787s][debug][safepoint   ] Safepoint synchronization initiated using futex wait barrier. (79 threads)
[2025-03-19T10:16:40.347+0000][41.787s][info ][gc,start    ] GC(55) Pause Young (Mixed) (G1 Evacuation Pause)
[2025-03-19T10:16:40.347+0000][41.787s][info ][gc,task     ] GC(55) Using 4 workers of 4 for evacuation
[2025-03-19T10:16:40.367+0000][41.807s][info ][gc,phases   ] GC(55)   Pre Evacuate Collection Set: 0.1ms
[2025-03-19T10:16:40.367+0000][41.807s][info ][gc,phases   ] GC(55)   Merge Heap Roots: 0.2ms
[2025-03-19T10:16:40.367+0000][41.807s][info ][gc,phases   ] GC(55)   Evacuate Collection Set: 18.6ms
[2025-03-19T10:16:40.367+0000][41.807s][info ][gc,phases   ] GC(55)   Post Evacuate Collection Set: 1.6ms
[2025-03-19T10:16:40.367+0000][41.807s][info ][gc,phases   ] GC(55)   Other: 0.1ms
[2025-03-19T10:16:40.367+0000][41.807s][info ][gc,heap     ] GC(55) Eden regions: 7->0(281)
[2025-03-19T10:16:40.367+0000][41.807s][info ][gc,heap     ] GC(55) Survivor regions: 17->2(3)
[2025-03-19T10:16:40.367+0000][41.807s][info ][gc,heap     ] GC(55) Old regions: 116->130
[2025-03-19T10:16:40.367+0000][41.807s][info ][gc,heap     ] GC(55) Archive regions: 2->2
[2025-03-19T10:16:40.367+0000][41.807s][info ][gc,heap     ] GC(55) Humongous regions: 0->0
[2025-03-19T10:16:40.367+0000][41.807s][info ][gc,metaspace] GC(55) Metaspace: 150400K(151424K)->150400K(151424K) NonClass: 131957K(132480K)->131957K(132480K) Class: 18443K(18944K)->18443K(18944K)
[2025-03-19T10:16:40.367+0000][41.807s][info ][gc          ] GC(55) Pause Young (Mixed) (G1 Evacuation Pause) 140M->132M(487M) 20.579ms
[2025-03-19T10:16:40.367+0000][41.807s][info ][gc,cpu      ] GC(55) User=0.08s Sys=0.00s Real=0.02s
[2025-03-19T10:16:40.367+0000][41.807s][info ][safepoint   ] Safepoint "G1CollectForAllocation", Time since last: 26875318 ns, Reaching safepoint: 46945 ns, Cleanup: 4452 ns, At safepoint: 20643705 ns, Total: 20695102 ns
[2025-03-19T10:16:41.530+0000][42.970s][debug][safepoint   ] Safepoint synchronization initiated using futex wait barrier. (80 threads)
[2025-03-19T10:16:41.531+0000][42.971s][info ][safepoint   ] Safepoint "Cleanup", Time since last: 1162946458 ns, Reaching safepoint: 114075 ns, Cleanup: 105740 ns, At safepoint: 6284 ns, Total: 226099 ns
[2025-03-19T10:16:41.645+0000][43.085s][debug][safepoint   ] Safepoint synchronization initiated using futex wait barrier. (80 threads)
[2025-03-19T10:16:41.646+0000][43.086s][info ][gc,start    ] GC(56) Pause Young (Normal) (G1 Evacuation Pause)
[2025-03-19T10:16:41.646+0000][43.086s][info ][gc,task     ] GC(56) Using 4 workers of 4 for evacuation
[2025-03-19T10:16:41.660+0000][43.100s][info ][gc,phases   ] GC(56)   Pre Evacuate Collection Set: 0.1ms
[2025-03-19T10:16:41.660+0000][43.100s][info ][gc,phases   ] GC(56)   Merge Heap Roots: 0.1ms
[2025-03-19T10:16:41.660+0000][43.100s][info ][gc,phases   ] GC(56)   Evacuate Collection Set: 12.9ms
[2025-03-19T10:16:41.660+0000][43.100s][info ][gc,phases   ] GC(56)   Post Evacuate Collection Set: 1.6ms
[2025-03-19T10:16:41.660+0000][43.100s][info ][gc,phases   ] GC(56)   Other: 0.1ms
[2025-03-19T10:16:41.660+0000][43.100s][info ][gc,heap     ] GC(56) Eden regions: 281->0(275)
[2025-03-19T10:16:41.660+0000][43.100s][info ][gc,heap     ] GC(56) Survivor regions: 2->8(36)
[2025-03-19T10:16:41.660+0000][43.100s][info ][gc,heap     ] GC(56) Old regions: 130->130
[2025-03-19T10:16:41.660+0000][43.100s][info ][gc,heap     ] GC(56) Archive regions: 2->2
[2025-03-19T10:16:41.660+0000][43.100s][info ][gc,heap     ] GC(56) Humongous regions: 0->0
[2025-03-19T10:16:41.660+0000][43.100s][info ][gc,metaspace] GC(56) Metaspace: 153200K(154240K)->153200K(154240K) NonClass: 134341K(134848K)->134341K(134848K) Class: 18858K(19392K)->18858K(19392K)
[2025-03-19T10:16:41.661+0000][43.101s][info ][gc          ] GC(56) Pause Young (Normal) (G1 Evacuation Pause) 413M->138M(487M) 14.956ms
[2025-03-19T10:16:41.661+0000][43.101s][info ][gc,cpu      ] GC(56) User=0.05s Sys=0.00s Real=0.01s
[2025-03-19T10:16:41.661+0000][43.101s][info ][safepoint   ] Safepoint "G1CollectForAllocation", Time since last: 114898477 ns, Reaching safepoint: 49565 ns, Cleanup: 24728 ns, At safepoint: 15041690 ns, Total: 15115983 ns
[2025-03-19T10:16:42.880+0000][44.320s][debug][safepoint   ] Safepoint synchronization initiated using futex wait barrier. (80 threads)
[2025-03-19T10:16:42.880+0000][44.320s][info ][safepoint   ] Safepoint "Cleanup", Time since last: 1219026937 ns, Reaching safepoint: 188717 ns, Cleanup: 121355 ns, At safepoint: 3306 ns, Total: 313378 ns
[2025-03-19T10:16:43.000+0000][44.440s][debug][safepoint   ] Safepoint synchronization initiated using futex wait barrier. (80 threads)
[2025-03-19T10:16:43.000+0000][44.440s][info ][gc,start    ] GC(57) Pause Young (Normal) (G1 Evacuation Pause)
[2025-03-19T10:16:43.000+0000][44.440s][info ][gc,task     ] GC(57) Using 4 workers of 4 for evacuation
[2025-03-19T10:16:43.021+0000][44.461s][info ][gc,phases   ] GC(57)   Pre Evacuate Collection Set: 0.1ms
[2025-03-19T10:16:43.021+0000][44.461s][info ][gc,phases   ] GC(57)   Merge Heap Roots: 0.1ms
[2025-03-19T10:16:43.021+0000][44.461s][info ][gc,phases   ] GC(57)   Evacuate Collection Set: 17.9ms
[2025-03-19T10:16:43.021+0000][44.461s][info ][gc,phases   ] GC(57)   Post Evacuate Collection Set: 2.9ms
[2025-03-19T10:16:43.021+0000][44.461s][info ][gc,phases   ] GC(57)   Other: 0.1ms
[2025-03-19T10:16:43.021+0000][44.461s][info ][gc,heap     ] GC(57) Eden regions: 275->0(269)
[2025-03-19T10:16:43.021+0000][44.461s][info ][gc,heap     ] GC(57) Survivor regions: 8->15(36)
[2025-03-19T10:16:43.021+0000][44.461s][info ][gc,heap     ] GC(57) Old regions: 130->130
[2025-03-19T10:16:43.021+0000][44.461s][info ][gc,heap     ] GC(57) Archive regions: 2->2
[2025-03-19T10:16:43.021+0000][44.461s][info ][gc,heap     ] GC(57) Humongous regions: 0->0
[2025-03-19T10:16:43.021+0000][44.461s][info ][gc,metaspace] GC(57) Metaspace: 156774K(157952K)->156774K(157952K) NonClass: 137423K(138048K)->137423K(138048K) Class: 19351K(19904K)->19351K(19904K)
[2025-03-19T10:16:43.021+0000][44.461s][info ][gc          ] GC(57) Pause Young (Normal) (G1 Evacuation Pause) 413M->144M(487M) 21.204ms
[2025-03-19T10:16:43.021+0000][44.461s][info ][gc,cpu      ] GC(57) User=0.07s Sys=0.00s Real=0.02s
[2025-03-19T10:16:43.021+0000][44.461s][info ][safepoint   ] Safepoint "G1CollectForAllocation", Time since last: 119825681 ns, Reaching safepoint: 109579 ns, Cleanup: 58973 ns, At safepoint: 21319503 ns, Total: 21488055 ns
[2025-03-19T10:16:44.097+0000][45.537s][debug][safepoint   ] Safepoint synchronization initiated using futex wait barrier. (85 threads)
[2025-03-19T10:16:44.097+0000][45.537s][info ][safepoint   ] Safepoint "Cleanup", Time since last: 1075970889 ns, Reaching safepoint: 118782 ns, Cleanup: 159191 ns, At safepoint: 6927 ns, Total: 284900 ns
[2025-03-19T10:16:44.412+0000][45.852s][debug][safepoint   ] Safepoint synchronization initiated using futex wait barrier. (150 threads)
[2025-03-19T10:16:44.413+0000][45.853s][info ][gc,start    ] GC(58) Pause Young (Normal) (G1 Evacuation Pause)
[2025-03-19T10:16:44.413+0000][45.853s][info ][gc,task     ] GC(58) Using 4 workers of 4 for evacuation
[2025-03-19T10:16:44.440+0000][45.880s][info ][gc,phases   ] GC(58)   Pre Evacuate Collection Set: 0.1ms
[2025-03-19T10:16:44.440+0000][45.880s][info ][gc,phases   ] GC(58)   Merge Heap Roots: 0.2ms
[2025-03-19T10:16:44.440+0000][45.880s][info ][gc,phases   ] GC(58)   Evacuate Collection Set: 25.1ms
[2025-03-19T10:16:44.440+0000][45.880s][info ][gc,phases   ] GC(58)   Post Evacuate Collection Set: 1.7ms
[2025-03-19T10:16:44.440+0000][45.880s][info ][gc,phases   ] GC(58)   Other: 0.1ms
[2025-03-19T10:16:44.440+0000][45.880s][info ][gc,heap     ] GC(58) Eden regions: 269->0(265)
[2025-03-19T10:16:44.440+0000][45.880s][info ][gc,heap     ] GC(58) Survivor regions: 15->20(36)
[2025-03-19T10:16:44.440+0000][45.880s][info ][gc,heap     ] GC(58) Old regions: 130->130
[2025-03-19T10:16:44.440+0000][45.880s][info ][gc,heap     ] GC(58) Archive regions: 2->2
[2025-03-19T10:16:44.440+0000][45.880s][info ][gc,heap     ] GC(58) Humongous regions: 0->0
[2025-03-19T10:16:44.440+0000][45.880s][info ][gc,metaspace] GC(58) Metaspace: 160915K(162048K)->160915K(162048K) NonClass: 140917K(141504K)->140917K(141504K) Class: 19998K(20544K)->19998K(20544K)
[2025-03-19T10:16:44.440+0000][45.880s][info ][gc          ] GC(58) Pause Young (Normal) (G1 Evacuation Pause) 413M->150M(487M) 27.391ms
[2025-03-19T10:16:44.440+0000][45.880s][info ][gc,cpu      ] GC(58) User=0.10s Sys=0.00s Real=0.03s
[2025-03-19T10:16:44.440+0000][45.880s][info ][safepoint   ] Safepoint "G1CollectForAllocation", Time since last: 314900516 ns, Reaching safepoint: 41986 ns, Cleanup: 100999 ns, At safepoint: 27826639 ns, Total: 27969624 ns
[2025-03-19T10:16:44.957+0000][46.397s][debug][safepoint   ] ... found polling page loop exception at pc = 0x00007719dd4bb431, stub =0x00007719dc98f400
[2025-03-19T10:16:44.988+0000][46.428s][debug][safepoint   ] ... found polling page loop exception at pc = 0x00007719dd34de51, stub =0x00007719dc98f400
[2025-03-19T10:16:45.024+0000][46.464s][debug][safepoint   ] Safepoint synchronization initiated using futex wait barrier. (179 threads)
[2025-03-19T10:16:45.024+0000][46.464s][debug][safepoint   ] ... found polling page loop exception at pc = 0x00007719dcff5aae, stub =0x00007719dc98f400
[2025-03-19T10:16:45.024+0000][46.464s][info ][safepoint   ] Safepoint "ICBufferFull", Time since last: 583482182 ns, Reaching safepoint: 125155 ns, Cleanup: 136673 ns, At safepoint: 5637 ns, Total: 267465 ns
[2025-03-19T10:16:45.060+0000][46.500s][debug][safepoint   ] ... found polling page loop exception at pc = 0x00007719dd975232, stub =0x00007719dc98f400
[2025-03-19T10:16:45.295+0000][46.735s][debug][safepoint   ] Safepoint synchronization initiated using futex wait barrier. (181 threads)
[2025-03-19T10:16:45.295+0000][46.735s][info ][gc,start    ] GC(59) Pause Young (Normal) (G1 Evacuation Pause)
[2025-03-19T10:16:45.295+0000][46.735s][info ][gc,task     ] GC(59) Using 4 workers of 4 for evacuation
[2025-03-19T10:16:45.324+0000][46.764s][info ][gc,phases   ] GC(59)   Pre Evacuate Collection Set: 0.1ms
[2025-03-19T10:16:45.324+0000][46.764s][info ][gc,phases   ] GC(59)   Merge Heap Roots: 0.2ms
[2025-03-19T10:16:45.324+0000][46.764s][info ][gc,phases   ] GC(59)   Evacuate Collection Set: 26.2ms
[2025-03-19T10:16:45.324+0000][46.764s][info ][gc,phases   ] GC(59)   Post Evacuate Collection Set: 1.8ms
[2025-03-19T10:16:45.324+0000][46.764s][info ][gc,phases   ] GC(59)   Other: 0.2ms
[2025-03-19T10:16:45.324+0000][46.764s][info ][gc,heap     ] GC(59) Eden regions: 265->0(260)
[2025-03-19T10:16:45.324+0000][46.764s][info ][gc,heap     ] GC(59) Survivor regions: 20->18(36)
[2025-03-19T10:16:45.324+0000][46.764s][info ][gc,heap     ] GC(59) Old regions: 130->137
[2025-03-19T10:16:45.324+0000][46.764s][info ][gc,heap     ] GC(59) Archive regions: 2->2
[2025-03-19T10:16:45.324+0000][46.764s][info ][gc,heap     ] GC(59) Humongous regions: 0->0
[2025-03-19T10:16:45.324+0000][46.764s][info ][gc,metaspace] GC(59) Metaspace: 165844K(166976K)->165844K(166976K) NonClass: 145311K(145920K)->145311K(145920K) Class: 20532K(21056K)->20532K(21056K)
[2025-03-19T10:16:45.324+0000][46.764s][info ][gc          ] GC(59) Pause Young (Normal) (G1 Evacuation Pause) 415M->155M(487M) 28.454ms
[2025-03-19T10:16:45.324+0000][46.764s][info ][gc,cpu      ] GC(59) User=0.10s Sys=0.00s Real=0.02s
[2025-03-19T10:16:45.324+0000][46.764s][info ][safepoint   ] Safepoint "G1CollectForAllocation", Time since last: 271035845 ns, Reaching safepoint: 53373 ns, Cleanup: 92117 ns, At safepoint: 28779839 ns, Total: 28925329 ns
[2025-03-19T10:16:45.657+0000][47.097s][debug][safepoint   ] Safepoint synchronization initiated using futex wait barrier. (183 threads)
[2025-03-19T10:16:45.657+0000][47.097s][info ][safepoint   ] Safepoint "ICBufferFull", Time since last: 332773099 ns, Reaching safepoint: 179095 ns, Cleanup: 99156 ns, At safepoint: 11748 ns, Total: 289999 ns
[2025-03-19T10:16:46.125+0000][47.565s][debug][safepoint   ] ... found polling page loop exception at pc = 0x00007719dd8bf4c2, stub =0x00007719dc98f400
[2025-03-19T10:16:46.189+0000][47.629s][debug][safepoint   ] Safepoint synchronization initiated using futex wait barrier. (199 threads)
[2025-03-19T10:16:46.190+0000][47.630s][info ][safepoint   ] Safepoint "ICBufferFull", Time since last: 531679067 ns, Reaching safepoint: 122353 ns, Cleanup: 134555 ns, At safepoint: 583925 ns, Total: 840833 ns
[2025-03-19T10:16:46.375+0000][47.815s][debug][safepoint   ] Safepoint synchronization initiated using futex wait barrier. (208 threads)
[2025-03-19T10:16:46.375+0000][47.815s][info ][gc,start    ] GC(60) Pause Young (Normal) (G1 Evacuation Pause)
[2025-03-19T10:16:46.375+0000][47.815s][info ][gc,task     ] GC(60) Using 4 workers of 4 for evacuation
[2025-03-19T10:16:46.404+0000][47.844s][info ][gc,phases   ] GC(60)   Pre Evacuate Collection Set: 0.8ms
[2025-03-19T10:16:46.404+0000][47.844s][info ][gc,phases   ] GC(60)   Merge Heap Roots: 0.2ms
[2025-03-19T10:16:46.404+0000][47.844s][info ][gc,phases   ] GC(60)   Evacuate Collection Set: 25.9ms
[2025-03-19T10:16:46.404+0000][47.844s][info ][gc,phases   ] GC(60)   Post Evacuate Collection Set: 1.7ms
[2025-03-19T10:16:46.404+0000][47.844s][info ][gc,phases   ] GC(60)   Other: 0.2ms
[2025-03-19T10:16:46.404+0000][47.844s][info ][gc,heap     ] GC(60) Eden regions: 260->0(249)
[2025-03-19T10:16:46.404+0000][47.844s][info ][gc,heap     ] GC(60) Survivor regions: 18->25(35)
[2025-03-19T10:16:46.404+0000][47.844s][info ][gc,heap     ] GC(60) Old regions: 137->137
[2025-03-19T10:16:46.404+0000][47.844s][info ][gc,heap     ] GC(60) Archive regions: 2->2
[2025-03-19T10:16:46.404+0000][47.844s][info ][gc,heap     ] GC(60) Humongous regions: 0->0
[2025-03-19T10:16:46.404+0000][47.844s][info ][gc,metaspace] GC(60) Metaspace: 169448K(170688K)->169448K(170688K) NonClass: 148468K(149120K)->148468K(149120K) Class: 20979K(21568K)->20979K(21568K)
[2025-03-19T10:16:46.404+0000][47.844s][info ][gc          ] GC(60) Pause Young (Normal) (G1 Evacuation Pause) 415M->161M(487M) 28.769ms
[2025-03-19T10:16:46.404+0000][47.844s][info ][gc,cpu      ] GC(60) User=0.10s Sys=0.00s Real=0.02s
[2025-03-19T10:16:46.405+0000][47.845s][info ][safepoint   ] Safepoint "G1CollectForAllocation", Time since last: 183992180 ns, Reaching safepoint: 1355626 ns, Cleanup: 99911 ns, At safepoint: 29521718 ns, Total: 30977255 ns
[2025-03-19T10:16:47.121+0000][48.561s][debug][safepoint   ] Safepoint synchronization initiated using futex wait barrier. (219 threads)
[2025-03-19T10:16:47.122+0000][48.562s][info ][safepoint   ] Safepoint "ICBufferFull", Time since last: 716317229 ns, Reaching safepoint: 195187 ns, Cleanup: 144706 ns, At safepoint: 705647 ns, Total: 1045540 ns
[2025-03-19T10:16:47.122+0000][48.562s][debug][safepoint   ] Safepoint synchronization initiated using futex wait barrier. (219 threads)
[2025-03-19T10:16:47.123+0000][48.563s][debug][safepoint   ] ... found polling page loop exception at pc = 0x00007719dd0891f3, stub =0x00007719dc98f400
[2025-03-19T10:16:47.124+0000][48.564s][info ][safepoint   ] Safepoint "ICBufferFull", Time since last: 501404 ns, Reaching safepoint: 110059 ns, Cleanup: 5147 ns, At safepoint: 1029955 ns, Total: 1145161 ns
[2025-03-19T10:16:47.512+0000][48.952s][debug][safepoint   ] Safepoint synchronization initiated using futex wait barrier. (221 threads)
[2025-03-19T10:16:47.512+0000][48.952s][info ][gc,start    ] GC(61) Pause Young (Normal) (G1 Evacuation Pause)
[2025-03-19T10:16:47.512+0000][48.952s][info ][gc,task     ] GC(61) Using 4 workers of 4 for evacuation
[2025-03-19T10:16:47.548+0000][48.988s][info ][gc,phases   ] GC(61)   Pre Evacuate Collection Set: 0.2ms
[2025-03-19T10:16:47.548+0000][48.988s][info ][gc,phases   ] GC(61)   Merge Heap Roots: 0.2ms
[2025-03-19T10:16:47.548+0000][48.988s][info ][gc,phases   ] GC(61)   Evacuate Collection Set: 33.7ms
[2025-03-19T10:16:47.548+0000][48.988s][info ][gc,phases   ] GC(61)   Post Evacuate Collection Set: 2.1ms
[2025-03-19T10:16:47.548+0000][48.988s][info ][gc,phases   ] GC(61)   Other: 0.2ms
[2025-03-19T10:16:47.548+0000][48.988s][info ][gc,heap     ] GC(61) Eden regions: 249->0(249)
[2025-03-19T10:16:47.548+0000][48.988s][info ][gc,heap     ] GC(61) Survivor regions: 25->19(35)
[2025-03-19T10:16:47.548+0000][48.988s][info ][gc,heap     ] GC(61) Old regions: 137->148
[2025-03-19T10:16:47.548+0000][48.988s][info ][gc,heap     ] GC(61) Archive regions: 2->2
[2025-03-19T10:16:47.548+0000][48.988s][info ][gc,heap     ] GC(61) Humongous regions: 0->0
[2025-03-19T10:16:47.548+0000][48.988s][info ][gc,metaspace] GC(61) Metaspace: 175564K(176896K)->175564K(176896K) NonClass: 153865K(154560K)->153865K(154560K) Class: 21698K(22336K)->21698K(22336K)
[2025-03-19T10:16:47.549+0000][48.989s][info ][gc          ] GC(61) Pause Young (Normal) (G1 Evacuation Pause) 410M->166M(487M) 36.406ms
[2025-03-19T10:16:47.549+0000][48.989s][info ][gc,cpu      ] GC(61) User=0.13s Sys=0.00s Real=0.04s
[2025-03-19T10:16:47.549+0000][48.989s][info ][safepoint   ] Safepoint "G1CollectForAllocation", Time since last: 388263771 ns, Reaching safepoint: 57795 ns, Cleanup: 122948 ns, At safepoint: 37002894 ns, Total: 37183637 ns
[2025-03-19T10:16:47.641+0000][49.081s][debug][safepoint   ] ... found polling page loop exception at pc = 0x00007719dd28802c, stub =0x00007719dc98f400
[2025-03-19T10:16:49.221+0000][50.661s][debug][safepoint   ] Safepoint synchronization initiated using futex wait barrier. (235 threads)
[2025-03-19T10:16:49.221+0000][50.661s][info ][safepoint   ] Safepoint "Cleanup", Time since last: 1671905088 ns, Reaching safepoint: 85827 ns, Cleanup: 130282 ns, At safepoint: 4732 ns, Total: 220841 ns
[2025-03-19T10:16:50.221+0000][51.661s][debug][safepoint   ] Safepoint synchronization initiated using futex wait barrier. (237 threads)
[2025-03-19T10:16:50.222+0000][51.662s][info ][safepoint   ] Safepoint "Cleanup", Time since last: 1000082555 ns, Reaching safepoint: 64088 ns, Cleanup: 154024 ns, At safepoint: 15994 ns, Total: 234106 ns
[2025-03-19T10:16:50.571+0000][52.011s][debug][safepoint   ] Safepoint synchronization initiated using futex wait barrier. (237 threads)
[2025-03-19T10:16:50.571+0000][52.011s][info ][gc,start    ] GC(62) Pause Young (Concurrent Start) (G1 Humongous Allocation)
[2025-03-19T10:16:50.571+0000][52.011s][info ][gc,task     ] GC(62) Using 4 workers of 4 for evacuation
[2025-03-19T10:16:50.593+0000][52.033s][info ][gc,phases   ] GC(62)   Pre Evacuate Collection Set: 0.3ms
[2025-03-19T10:16:50.593+0000][52.033s][info ][gc,phases   ] GC(62)   Merge Heap Roots: 0.1ms
[2025-03-19T10:16:50.593+0000][52.033s][info ][gc,phases   ] GC(62)   Evacuate Collection Set: 19.3ms
[2025-03-19T10:16:50.593+0000][52.033s][info ][gc,phases   ] GC(62)   Post Evacuate Collection Set: 1.8ms
[2025-03-19T10:16:50.593+0000][52.033s][info ][gc,phases   ] GC(62)   Other: 0.2ms
[2025-03-19T10:16:50.593+0000][52.033s][info ][gc,heap     ] GC(62) Eden regions: 103->0(245)
[2025-03-19T10:16:50.593+0000][52.033s][info ][gc,heap     ] GC(62) Survivor regions: 19->16(34)
[2025-03-19T10:16:50.593+0000][52.033s][info ][gc,heap     ] GC(62) Old regions: 148->153
[2025-03-19T10:16:50.593+0000][52.033s][info ][gc,heap     ] GC(62) Archive regions: 2->2
[2025-03-19T10:16:50.593+0000][52.033s][info ][gc,heap     ] GC(62) Humongous regions: 37->4
[2025-03-19T10:16:50.593+0000][52.033s][info ][gc,metaspace] GC(62) Metaspace: 179979K(181312K)->179979K(181312K) NonClass: 157774K(158464K)->157774K(158464K) Class: 22205K(22848K)->22205K(22848K)
[2025-03-19T10:16:50.593+0000][52.033s][info ][gc          ] GC(62) Pause Young (Concurrent Start) (G1 Humongous Allocation) 306M->173M(487M) 21.840ms
[2025-03-19T10:16:50.593+0000][52.033s][info ][gc,cpu      ] GC(62) User=0.07s Sys=0.00s Real=0.02s
[2025-03-19T10:16:50.593+0000][52.033s][info ][gc          ] GC(63) Concurrent Undo Cycle
[2025-03-19T10:16:50.593+0000][52.033s][info ][gc,marking  ] GC(63) Concurrent Cleanup for Next Mark
[2025-03-19T10:16:50.593+0000][52.033s][info ][safepoint   ] Safepoint "G1TryInitiateConcMark", Time since last: 349404045 ns, Reaching safepoint: 60977 ns, Cleanup: 50135 ns, At safepoint: 22183347 ns, Total: 22294459 ns
[2025-03-19T10:16:50.596+0000][52.036s][info ][gc,marking  ] GC(63) Concurrent Cleanup for Next Mark 3.032ms
[2025-03-19T10:16:50.596+0000][52.036s][info ][gc          ] GC(63) Concurrent Undo Cycle 3.087ms
[2025-03-19T10:16:50.751+0000][52.191s][debug][safepoint   ] Safepoint synchronization initiated using futex wait barrier. (238 threads)
[2025-03-19T10:16:50.751+0000][52.191s][info ][safepoint   ] Safepoint "ICBufferFull", Time since last: 157883086 ns, Reaching safepoint: 66962 ns, Cleanup: 118198 ns, At safepoint: 4035 ns, Total: 189195 ns
[2025-03-19T10:16:51.154+0000][52.594s][debug][safepoint   ] Safepoint synchronization initiated using futex wait barrier. (238 threads)
[2025-03-19T10:16:51.154+0000][52.594s][info ][safepoint   ] Safepoint "ICBufferFull", Time since last: 402946232 ns, Reaching safepoint: 70427 ns, Cleanup: 131888 ns, At safepoint: 3327 ns, Total: 205642 ns
[2025-03-19T10:16:51.560+0000][53.000s][debug][safepoint   ] Safepoint synchronization initiated using futex wait barrier. (238 threads)
[2025-03-19T10:16:51.560+0000][53.000s][info ][safepoint   ] Safepoint "ICBufferFull", Time since last: 405583641 ns, Reaching safepoint: 68859 ns, Cleanup: 102701 ns, At safepoint: 4169 ns, Total: 175729 ns
[2025-03-19T10:16:51.786+0000][53.226s][debug][safepoint   ] Safepoint synchronization initiated using futex wait barrier. (238 threads)
[2025-03-19T10:16:51.786+0000][53.226s][info ][safepoint   ] Safepoint "ICBufferFull", Time since last: 225478706 ns, Reaching safepoint: 63842 ns, Cleanup: 96400 ns, At safepoint: 3771 ns, Total: 164013 ns
[2025-03-19T10:16:52.786+0000][54.226s][debug][safepoint   ] Safepoint synchronization initiated using futex wait barrier. (238 threads)
[2025-03-19T10:16:52.786+0000][54.226s][info ][safepoint   ] Safepoint "Cleanup", Time since last: 1000104386 ns, Reaching safepoint: 82968 ns, Cleanup: 106933 ns, At safepoint: 6062 ns, Total: 195963 ns
[2025-03-19T10:16:54.786+0000][56.226s][debug][safepoint   ] Safepoint synchronization initiated using futex wait barrier. (237 threads)
[2025-03-19T10:16:54.786+0000][56.226s][info ][safepoint   ] Safepoint "Cleanup", Time since last: 2000257431 ns, Reaching safepoint: 71778 ns, Cleanup: 19169 ns, At safepoint: 6209 ns, Total: 97156 ns
[2025-03-19T10:16:55.787+0000][57.227s][debug][safepoint   ] Safepoint synchronization initiated using futex wait barrier. (237 threads)
[2025-03-19T10:16:55.787+0000][57.227s][info ][safepoint   ] Safepoint "Cleanup", Time since last: 1000113970 ns, Reaching safepoint: 76306 ns, Cleanup: 16229 ns, At safepoint: 6440 ns, Total: 98975 ns
[2025-03-19T10:16:56.787+0000][58.227s][debug][safepoint   ] Safepoint synchronization initiated using futex wait barrier. (238 threads)
[2025-03-19T10:16:56.787+0000][58.227s][info ][safepoint   ] Safepoint "Cleanup", Time since last: 1000085445 ns, Reaching safepoint: 65576 ns, Cleanup: 22737 ns, At safepoint: 5345 ns, Total: 93658 ns
[2025-03-19T10:16:58.778+0000][60.218s][debug][safepoint   ] Safepoint synchronization initiated using futex wait barrier. (237 threads)
[2025-03-19T10:16:58.778+0000][60.218s][info ][safepoint   ] Safepoint "Cleanup", Time since last: 1991082660 ns, Reaching safepoint: 57359 ns, Cleanup: 19318 ns, At safepoint: 5036 ns, Total: 81713 ns
[2025-03-19T10:16:59.778+0000][61.218s][debug][safepoint   ] Safepoint synchronization initiated using futex wait barrier. (237 threads)
[2025-03-19T10:16:59.778+0000][61.218s][info ][safepoint   ] Safepoint "Cleanup", Time since last: 1000091425 ns, Reaching safepoint: 69989 ns, Cleanup: 24150 ns, At safepoint: 5297 ns, Total: 99436 ns
[2025-03-19T10:17:00.778+0000][62.218s][debug][safepoint   ] Safepoint synchronization initiated using futex wait barrier. (237 threads)
[2025-03-19T10:17:00.778+0000][62.218s][info ][safepoint   ] Safepoint "Cleanup", Time since last: 1000083788 ns, Reaching safepoint: 103920 ns, Cleanup: 35299 ns, At safepoint: 5149 ns, Total: 144368 ns
[2025-03-19T10:17:02.779+0000][64.219s][debug][safepoint   ] Safepoint synchronization initiated using futex wait barrier. (237 threads)
[2025-03-19T10:17:02.779+0000][64.219s][info ][safepoint   ] Safepoint "Cleanup", Time since last: 2000155858 ns, Reaching safepoint: 92943 ns, Cleanup: 20635 ns, At safepoint: 5784 ns, Total: 119362 ns
[2025-03-19T10:17:03.436+0000][64.876s][debug][safepoint   ] Safepoint synchronization initiated using futex wait barrier. (237 threads)
[2025-03-19T10:17:03.436+0000][64.876s][info ][gc,start    ] GC(64) Pause Young (Normal) (G1 Evacuation Pause)
[2025-03-19T10:17:03.436+0000][64.876s][info ][gc,task     ] GC(64) Using 4 workers of 4 for evacuation
[2025-03-19T10:17:03.472+0000][64.912s][info ][gc,phases   ] GC(64)   Pre Evacuate Collection Set: 0.1ms
[2025-03-19T10:17:03.472+0000][64.912s][info ][gc,phases   ] GC(64)   Merge Heap Roots: 0.1ms
[2025-03-19T10:17:03.472+0000][64.912s][info ][gc,phases   ] GC(64)   Evacuate Collection Set: 32.2ms
[2025-03-19T10:17:03.472+0000][64.912s][info ][gc,phases   ] GC(64)   Post Evacuate Collection Set: 3.8ms
[2025-03-19T10:17:03.472+0000][64.912s][info ][gc,phases   ] GC(64)   Other: 0.2ms
[2025-03-19T10:17:03.472+0000][64.912s][info ][gc,heap     ] GC(64) Eden regions: 245->0(237)
[2025-03-19T10:17:03.472+0000][64.912s][info ][gc,heap     ] GC(64) Survivor regions: 16->22(33)
[2025-03-19T10:17:03.472+0000][64.912s][info ][gc,heap     ] GC(64) Old regions: 153->153
[2025-03-19T10:17:03.472+0000][64.912s][info ][gc,heap     ] GC(64) Archive regions: 2->2
[2025-03-19T10:17:03.472+0000][64.912s][info ][gc,heap     ] GC(64) Humongous regions: 21->2
[2025-03-19T10:17:03.472+0000][64.912s][info ][gc,metaspace] GC(64) Metaspace: 183864K(185152K)->183864K(185152K) NonClass: 161298K(161984K)->161298K(161984K) Class: 22566K(23168K)->22566K(23168K)
[2025-03-19T10:17:03.472+0000][64.912s][info ][gc          ] GC(64) Pause Young (Normal) (G1 Evacuation Pause) 435M->177M(487M) 36.545ms
[2025-03-19T10:17:03.472+0000][64.912s][info ][gc,cpu      ] GC(64) User=0.09s Sys=0.00s Real=0.03s
[2025-03-19T10:17:03.473+0000][64.913s][info ][safepoint   ] Safepoint "G1CollectForAllocation", Time since last: 657042733 ns, Reaching safepoint: 61812 ns, Cleanup: 15656 ns, At safepoint: 37039567 ns, Total: 37117035 ns
[2025-03-19T10:17:04.154+0000][65.594s][debug][safepoint   ] Safepoint synchronization initiated using futex wait barrier. (237 threads)
[2025-03-19T10:17:04.154+0000][65.594s][info ][safepoint   ] Safepoint "ICBufferFull", Time since last: 681176034 ns, Reaching safepoint: 55180 ns, Cleanup: 149154 ns, At safepoint: 3287 ns, Total: 207621 ns
[2025-03-19T10:17:04.719+0000][66.159s][debug][safepoint   ] Safepoint synchronization initiated using futex wait barrier. (237 threads)
[2025-03-19T10:17:04.720+0000][66.160s][info ][safepoint   ] Safepoint "ICBufferFull", Time since last: 565198088 ns, Reaching safepoint: 68261 ns, Cleanup: 177576 ns, At safepoint: 4347 ns, Total: 250184 ns
[2025-03-19T10:17:06.061+0000][67.501s][debug][safepoint   ] Safepoint synchronization initiated using futex wait barrier. (242 threads)
[2025-03-19T10:17:06.061+0000][67.501s][info ][safepoint   ] Safepoint "Cleanup", Time since last: 1341495929 ns, Reaching safepoint: 75910 ns, Cleanup: 172800 ns, At safepoint: 10031 ns, Total: 258741 ns
[2025-03-19T10:17:08.062+0000][69.502s][debug][safepoint   ] Safepoint synchronization initiated using futex wait barrier. (241 threads)
[2025-03-19T10:17:08.062+0000][69.502s][info ][safepoint   ] Safepoint "Cleanup", Time since last: 2000191489 ns, Reaching safepoint: 76666 ns, Cleanup: 20149 ns, At safepoint: 5800 ns, Total: 102615 ns
[2025-03-19T10:17:10.062+0000][71.502s][debug][safepoint   ] Safepoint synchronization initiated using futex wait barrier. (241 threads)
[2025-03-19T10:17:10.062+0000][71.502s][info ][safepoint   ] Safepoint "Cleanup", Time since last: 2000177394 ns, Reaching safepoint: 86011 ns, Cleanup: 30486 ns, At safepoint: 7496 ns, Total: 123993 ns
[2025-03-19T10:17:12.062+0000][73.502s][debug][safepoint   ] Safepoint synchronization initiated using futex wait barrier. (241 threads)
[2025-03-19T10:17:12.062+0000][73.502s][info ][safepoint   ] Safepoint "Cleanup", Time since last: 2000187694 ns, Reaching safepoint: 93493 ns, Cleanup: 18926 ns, At safepoint: 6812 ns, Total: 119231 ns
[2025-03-19T10:17:12.834+0000][74.274s][debug][safepoint   ] Safepoint synchronization initiated using futex wait barrier. (242 threads)
[2025-03-19T10:17:12.835+0000][74.275s][info ][gc,start    ] GC(65) Pause Young (Normal) (G1 Evacuation Pause)
[2025-03-19T10:17:12.835+0000][74.275s][info ][gc,task     ] GC(65) Using 4 workers of 4 for evacuation
[2025-03-19T10:17:12.892+0000][74.332s][info ][gc,phases   ] GC(65)   Pre Evacuate Collection Set: 0.3ms
[2025-03-19T10:17:12.892+0000][74.332s][info ][gc,phases   ] GC(65)   Merge Heap Roots: 0.5ms
[2025-03-19T10:17:12.892+0000][74.332s][info ][gc,phases   ] GC(65)   Evacuate Collection Set: 54.3ms
[2025-03-19T10:17:12.892+0000][74.332s][info ][gc,phases   ] GC(65)   Post Evacuate Collection Set: 2.6ms
[2025-03-19T10:17:12.892+0000][74.332s][info ][gc,phases   ] GC(65)   Other: 0.2ms
[2025-03-19T10:17:12.892+0000][74.332s][info ][gc,heap     ] GC(65) Eden regions: 237->0(230)
[2025-03-19T10:17:12.892+0000][74.332s][info ][gc,heap     ] GC(65) Survivor regions: 22->22(33)
[2025-03-19T10:17:12.892+0000][74.332s][info ][gc,heap     ] GC(65) Old regions: 153->160
[2025-03-19T10:17:12.892+0000][74.332s][info ][gc,heap     ] GC(65) Archive regions: 2->2
[2025-03-19T10:17:12.892+0000][74.332s][info ][gc,heap     ] GC(65) Humongous regions: 2->2
[2025-03-19T10:17:12.892+0000][74.332s][info ][gc,metaspace] GC(65) Metaspace: 187690K(189056K)->187690K(189056K) NonClass: 164618K(165312K)->164618K(165312K) Class: 23071K(23744K)->23071K(23744K)
[2025-03-19T10:17:12.892+0000][74.332s][info ][gc          ] GC(65) Pause Young (Normal) (G1 Evacuation Pause) 414M->184M(487M) 57.911ms
[2025-03-19T10:17:12.893+0000][74.333s][info ][gc,cpu      ] GC(65) User=0.17s Sys=0.00s Real=0.05s
[2025-03-19T10:17:12.894+0000][74.334s][info ][safepoint   ] Safepoint "G1CollectForAllocation", Time since last: 771984598 ns, Reaching safepoint: 87953 ns, Cleanup: 37606 ns, At safepoint: 59876020 ns, Total: 60001579 ns
[2025-03-19T10:17:13.895+0000][75.335s][debug][safepoint   ] Safepoint synchronization initiated using futex wait barrier. (242 threads)
[2025-03-19T10:17:13.895+0000][75.335s][info ][safepoint   ] Safepoint "Cleanup", Time since last: 1000205396 ns, Reaching safepoint: 80121 ns, Cleanup: 74024 ns, At safepoint: 4350 ns, Total: 158495 ns
[2025-03-19T10:17:14.895+0000][76.335s][debug][safepoint   ] Safepoint synchronization initiated using futex wait barrier. (240 threads)
[2025-03-19T10:17:14.895+0000][76.335s][info ][safepoint   ] Safepoint "Cleanup", Time since last: 1000094750 ns, Reaching safepoint: 40224 ns, Cleanup: 80893 ns, At safepoint: 3478 ns, Total: 124595 ns
[2025-03-19T10:17:15.895+0000][77.335s][debug][safepoint   ] Safepoint synchronization initiated using futex wait barrier. (241 threads)
[2025-03-19T10:17:15.895+0000][77.335s][info ][safepoint   ] Safepoint "Cleanup", Time since last: 1000068456 ns, Reaching safepoint: 56329 ns, Cleanup: 69598 ns, At safepoint: 3755 ns, Total: 129682 ns
[2025-03-19T10:17:18.895+0000][80.335s][debug][safepoint   ] Safepoint synchronization initiated using futex wait barrier. (241 threads)
[2025-03-19T10:17:18.896+0000][80.336s][info ][safepoint   ] Safepoint "Cleanup", Time since last: 3000243191 ns, Reaching safepoint: 90345 ns, Cleanup: 32526 ns, At safepoint: 6676 ns, Total: 129547 ns
[2025-03-19T10:17:19.897+0000][81.337s][debug][safepoint   ] Safepoint synchronization initiated using futex wait barrier. (241 threads)
[2025-03-19T10:17:19.897+0000][81.337s][info ][safepoint   ] Safepoint "Cleanup", Time since last: 1001212452 ns, Reaching safepoint: 104568 ns, Cleanup: 45293 ns, At safepoint: 10699 ns, Total: 160560 ns
[2025-03-19T10:17:20.897+0000][82.337s][debug][safepoint   ] Safepoint synchronization initiated using futex wait barrier. (241 threads)
[2025-03-19T10:17:20.897+0000][82.337s][info ][safepoint   ] Safepoint "Cleanup", Time since last: 1000107554 ns, Reaching safepoint: 107588 ns, Cleanup: 27959 ns, At safepoint: 7051 ns, Total: 142598 ns
[2025-03-19T10:17:22.899+0000][84.339s][debug][safepoint   ] Safepoint synchronization initiated using futex wait barrier. (241 threads)
[2025-03-19T10:17:22.899+0000][84.339s][info ][safepoint   ] Safepoint "Cleanup", Time since last: 2001411434 ns, Reaching safepoint: 145825 ns, Cleanup: 26414 ns, At safepoint: 19551 ns, Total: 191790 ns
[2025-03-19T10:17:24.899+0000][86.339s][debug][safepoint   ] Safepoint synchronization initiated using futex wait barrier. (241 threads)
[2025-03-19T10:17:24.899+0000][86.339s][info ][safepoint   ] Safepoint "Cleanup", Time since last: 2000158681 ns, Reaching safepoint: 71809 ns, Cleanup: 23932 ns, At safepoint: 10338 ns, Total: 106079 ns
[2025-03-19T10:17:27.899+0000][89.339s][debug][safepoint   ] Safepoint synchronization initiated using futex wait barrier. (241 threads)
[2025-03-19T10:17:27.899+0000][89.339s][info ][safepoint   ] Safepoint "Cleanup", Time since last: 3000238181 ns, Reaching safepoint: 78416 ns, Cleanup: 32685 ns, At safepoint: 5157 ns, Total: 116258 ns
[2025-03-19T10:17:28.899+0000][90.339s][debug][safepoint   ] Safepoint synchronization initiated using futex wait barrier. (241 threads)
[2025-03-19T10:17:28.900+0000][90.340s][info ][safepoint   ] Safepoint "Cleanup", Time since last: 1000105231 ns, Reaching safepoint: 73590 ns, Cleanup: 20380 ns, At safepoint: 5186 ns, Total: 99156 ns
[2025-03-19T10:17:29.900+0000][91.340s][debug][safepoint   ] Safepoint synchronization initiated using futex wait barrier. (241 threads)
[2025-03-19T10:17:29.900+0000][91.340s][info ][safepoint   ] Safepoint "Cleanup", Time since last: 1000078766 ns, Reaching safepoint: 64223 ns, Cleanup: 11916 ns, At safepoint: 4994 ns, Total: 81133 ns
[2025-03-19T10:17:30.900+0000][92.340s][debug][safepoint   ] Safepoint synchronization initiated using futex wait barrier. (241 threads)
[2025-03-19T10:17:30.900+0000][92.340s][info ][safepoint   ] Safepoint "Cleanup", Time since last: 1000082320 ns, Reaching safepoint: 75680 ns, Cleanup: 19335 ns, At safepoint: 5115 ns, Total: 100130 ns
[2025-03-19T10:17:32.900+0000][94.340s][debug][safepoint   ] Safepoint synchronization initiated using futex wait barrier. (241 threads)
[2025-03-19T10:17:32.900+0000][94.340s][info ][safepoint   ] Safepoint "Cleanup", Time since last: 2000177005 ns, Reaching safepoint: 102016 ns, Cleanup: 30363 ns, At safepoint: 7412 ns, Total: 139791 ns
[2025-03-19T10:17:34.900+0000][96.340s][debug][safepoint   ] Safepoint synchronization initiated using futex wait barrier. (241 threads)
[2025-03-19T10:17:34.901+0000][96.341s][info ][safepoint   ] Safepoint "Cleanup", Time since last: 2000174248 ns, Reaching safepoint: 113830 ns, Cleanup: 26645 ns, At safepoint: 18385 ns, Total: 158860 ns
[2025-03-19T10:17:35.901+0000][97.341s][debug][safepoint   ] Safepoint synchronization initiated using futex wait barrier. (241 threads)
[2025-03-19T10:17:35.901+0000][97.341s][info ][safepoint   ] Safepoint "Cleanup", Time since last: 1000056937 ns, Reaching safepoint: 80280 ns, Cleanup: 16183 ns, At safepoint: 4509 ns, Total: 100972 ns
[2025-03-19T10:17:38.901+0000][100.341s][debug][safepoint   ] Safepoint synchronization initiated using futex wait barrier. (241 threads)
[2025-03-19T10:17:38.901+0000][100.341s][info ][safepoint   ] Safepoint "Cleanup", Time since last: 3000278151 ns, Reaching safepoint: 71716 ns, Cleanup: 27246 ns, At safepoint: 4937 ns, Total: 103899 ns
[2025-03-19T10:17:40.901+0000][102.341s][debug][safepoint   ] Safepoint synchronization initiated using futex wait barrier. (241 threads)
[2025-03-19T10:17:40.905+0000][102.345s][info ][safepoint   ] Safepoint "Cleanup", Time since last: 2000146312 ns, Reaching safepoint: 4189673 ns, Cleanup: 30460 ns, At safepoint: 7730 ns, Total: 4227863 ns
[2025-03-19T10:17:41.906+0000][103.346s][debug][safepoint   ] Safepoint synchronization initiated using futex wait barrier. (241 threads)
[2025-03-19T10:17:41.906+0000][103.346s][info ][safepoint   ] Safepoint "Cleanup", Time since last: 1000178234 ns, Reaching safepoint: 73781 ns, Cleanup: 18884 ns, At safepoint: 7166 ns, Total: 99831 ns
[2025-03-19T10:17:43.906+0000][105.346s][debug][safepoint   ] Safepoint synchronization initiated using futex wait barrier. (241 threads)
[2025-03-19T10:17:43.906+0000][105.346s][info ][safepoint   ] Safepoint "Cleanup", Time since last: 2000178250 ns, Reaching safepoint: 92268 ns, Cleanup: 16497 ns, At safepoint: 4928 ns, Total: 113693 ns
[2025-03-19T10:17:44.906+0000][106.346s][debug][safepoint   ] Safepoint synchronization initiated using futex wait barrier. (237 threads)
[2025-03-19T10:17:44.906+0000][106.346s][info ][safepoint   ] Safepoint "Cleanup", Time since last: 1000086490 ns, Reaching safepoint: 69385 ns, Cleanup: 107902 ns, At safepoint: 5982 ns, Total: 183269 ns
[2025-03-19T10:17:45.906+0000][107.346s][debug][safepoint   ] Safepoint synchronization initiated using futex wait barrier. (235 threads)
[2025-03-19T10:17:45.915+0000][107.355s][info ][safepoint   ] Safepoint "Cleanup", Time since last: 1000108401 ns, Reaching safepoint: 8680399 ns, Cleanup: 27776 ns, At safepoint: 13104 ns, Total: 8721279 ns
[2025-03-19T10:17:46.915+0000][108.355s][debug][safepoint   ] Safepoint synchronization initiated using futex wait barrier. (235 threads)
[2025-03-19T10:17:46.915+0000][108.355s][info ][safepoint   ] Safepoint "Cleanup", Time since last: 1000178770 ns, Reaching safepoint: 72771 ns, Cleanup: 21049 ns, At safepoint: 6962 ns, Total: 100782 ns
[2025-03-19T10:17:47.916+0000][109.356s][debug][safepoint   ] Safepoint synchronization initiated using futex wait barrier. (231 threads)
[2025-03-19T10:17:47.916+0000][109.356s][info ][safepoint   ] Safepoint "Cleanup", Time since last: 1000107048 ns, Reaching safepoint: 81538 ns, Cleanup: 30990 ns, At safepoint: 9357 ns, Total: 121885 ns
[2025-03-19T10:17:48.916+0000][110.356s][debug][safepoint   ] Safepoint synchronization initiated using futex wait barrier. (231 threads)
[2025-03-19T10:17:48.916+0000][110.356s][info ][safepoint   ] Safepoint "Cleanup", Time since last: 1000089689 ns, Reaching safepoint: 75800 ns, Cleanup: 21183 ns, At safepoint: 5770 ns, Total: 102753 ns
[2025-03-19T10:17:50.916+0000][112.356s][debug][safepoint   ] Safepoint synchronization initiated using futex wait barrier. (231 threads)
[2025-03-19T10:17:50.916+0000][112.356s][info ][safepoint   ] Safepoint "Cleanup", Time since last: 2000305851 ns, Reaching safepoint: 81283 ns, Cleanup: 25292 ns, At safepoint: 6968 ns, Total: 113543 ns
[2025-03-19T10:17:52.916+0000][114.356s][debug][safepoint   ] Safepoint synchronization initiated using futex wait barrier. (229 threads)
[2025-03-19T10:17:52.917+0000][114.357s][info ][safepoint   ] Safepoint "Cleanup", Time since last: 2000170518 ns, Reaching safepoint: 73615 ns, Cleanup: 12883 ns, At safepoint: 5051 ns, Total: 91549 ns
[2025-03-19T10:17:55.917+0000][117.357s][debug][safepoint   ] Safepoint synchronization initiated using futex wait barrier. (229 threads)
[2025-03-19T10:17:55.917+0000][117.357s][info ][safepoint   ] Safepoint "Cleanup", Time since last: 3000342617 ns, Reaching safepoint: 82831 ns, Cleanup: 24208 ns, At safepoint: 7339 ns, Total: 114378 ns
[2025-03-19T10:17:56.917+0000][118.357s][debug][safepoint   ] Safepoint synchronization initiated using futex wait barrier. (229 threads)
[2025-03-19T10:17:56.917+0000][118.357s][info ][safepoint   ] Safepoint "Cleanup", Time since last: 1000108290 ns, Reaching safepoint: 82771 ns, Cleanup: 17527 ns, At safepoint: 6443 ns, Total: 106741 ns
[2025-03-19T10:17:58.803+0000][120.243s][debug][safepoint   ] Safepoint synchronization initiated using futex wait barrier. (229 threads)
[2025-03-19T10:17:58.803+0000][120.243s][info ][safepoint   ] Safepoint "Cleanup", Time since last: 1885966427 ns, Reaching safepoint: 138143 ns, Cleanup: 15252 ns, At safepoint: 7368 ns, Total: 160763 ns
[2025-03-19T10:18:00.804+0000][122.244s][debug][safepoint   ] Safepoint synchronization initiated using futex wait barrier. (229 threads)
[2025-03-19T10:18:00.804+0000][122.244s][info ][safepoint   ] Safepoint "Cleanup", Time since last: 2000212148 ns, Reaching safepoint: 81102 ns, Cleanup: 22974 ns, At safepoint: 7343 ns, Total: 111419 ns
[2025-03-19T10:18:02.804+0000][124.244s][debug][safepoint   ] Safepoint synchronization initiated using futex wait barrier. (229 threads)
[2025-03-19T10:18:02.804+0000][124.244s][info ][safepoint   ] Safepoint "Cleanup", Time since last: 2000211088 ns, Reaching safepoint: 85110 ns, Cleanup: 16794 ns, At safepoint: 6924 ns, Total: 108828 ns
[2025-03-19T10:18:04.804+0000][126.244s][debug][safepoint   ] Safepoint synchronization initiated using futex wait barrier. (229 threads)
[2025-03-19T10:18:04.804+0000][126.244s][info ][safepoint   ] Safepoint "Cleanup", Time since last: 2000145375 ns, Reaching safepoint: 89685 ns, Cleanup: 20762 ns, At safepoint: 7474 ns, Total: 117921 ns
[2025-03-19T10:18:05.804+0000][127.244s][debug][safepoint   ] Safepoint synchronization initiated using futex wait barrier. (229 threads)
[2025-03-19T10:18:05.804+0000][127.244s][info ][safepoint   ] Safepoint "Cleanup", Time since last: 1000104192 ns, Reaching safepoint: 88450 ns, Cleanup: 21625 ns, At safepoint: 7522 ns, Total: 117597 ns
[2025-03-19T10:18:06.805+0000][128.245s][debug][safepoint   ] Safepoint synchronization initiated using futex wait barrier. (231 threads)
[2025-03-19T10:18:06.805+0000][128.245s][info ][safepoint   ] Safepoint "Cleanup", Time since last: 1000118969 ns, Reaching safepoint: 74025 ns, Cleanup: 33231 ns, At safepoint: 7196 ns, Total: 114452 ns
[2025-03-19T10:18:08.805+0000][130.245s][debug][safepoint   ] Safepoint synchronization initiated using futex wait barrier. (231 threads)
[2025-03-19T10:18:08.805+0000][130.245s][info ][safepoint   ] Safepoint "Cleanup", Time since last: 2000178186 ns, Reaching safepoint: 105613 ns, Cleanup: 39871 ns, At safepoint: 7151 ns, Total: 152635 ns
[2025-03-19T10:18:09.805+0000][131.245s][debug][safepoint   ] Safepoint synchronization initiated using futex wait barrier. (231 threads)
[2025-03-19T10:18:09.805+0000][131.245s][info ][safepoint   ] Safepoint "Cleanup", Time since last: 1000118375 ns, Reaching safepoint: 111615 ns, Cleanup: 21711 ns, At safepoint: 7698 ns, Total: 141024 ns
[2025-03-19T10:18:11.806+0000][133.246s][debug][safepoint   ] Safepoint synchronization initiated using futex wait barrier. (231 threads)
[2025-03-19T10:18:11.806+0000][133.246s][info ][safepoint   ] Safepoint "Cleanup", Time since last: 2000241786 ns, Reaching safepoint: 111096 ns, Cleanup: 29719 ns, At safepoint: 6073 ns, Total: 146888 ns
[2025-03-19T10:18:12.806+0000][134.246s][debug][safepoint   ] Safepoint synchronization initiated using futex wait barrier. (231 threads)
[2025-03-19T10:18:12.806+0000][134.246s][info ][safepoint   ] Safepoint "Cleanup", Time since last: 1000089934 ns, Reaching safepoint: 97651 ns, Cleanup: 59917 ns, At safepoint: 9529 ns, Total: 167097 ns
[2025-03-19T10:18:15.806+0000][137.246s][debug][safepoint   ] Safepoint synchronization initiated using futex wait barrier. (231 threads)
[2025-03-19T10:18:15.806+0000][137.246s][info ][safepoint   ] Safepoint "Cleanup", Time since last: 3000242608 ns, Reaching safepoint: 49625 ns, Cleanup: 16401 ns, At safepoint: 3406 ns, Total: 69432 ns
[2025-03-19T10:18:18.806+0000][140.246s][debug][safepoint   ] Safepoint synchronization initiated using futex wait barrier. (231 threads)
[2025-03-19T10:18:18.807+0000][140.247s][info ][safepoint   ] Safepoint "Cleanup", Time since last: 3000244796 ns, Reaching safepoint: 73061 ns, Cleanup: 24233 ns, At safepoint: 5131 ns, Total: 102425 ns
[2025-03-19T10:18:20.807+0000][142.247s][debug][safepoint   ] Safepoint synchronization initiated using futex wait barrier. (230 threads)
[2025-03-19T10:18:20.807+0000][142.247s][info ][safepoint   ] Safepoint "Cleanup", Time since last: 2000207019 ns, Reaching safepoint: 96171 ns, Cleanup: 29500 ns, At safepoint: 6311 ns, Total: 131982 ns
[2025-03-19T10:18:22.807+0000][144.247s][debug][safepoint   ] Safepoint synchronization initiated using futex wait barrier. (231 threads)
[2025-03-19T10:18:22.807+0000][144.247s][info ][safepoint   ] Safepoint "Cleanup", Time since last: 2000147991 ns, Reaching safepoint: 59333 ns, Cleanup: 32126 ns, At safepoint: 4226 ns, Total: 95685 ns
[2025-03-19T10:18:23.807+0000][145.247s][debug][safepoint   ] Safepoint synchronization initiated using futex wait barrier. (231 threads)
[2025-03-19T10:18:23.807+0000][145.247s][info ][safepoint   ] Safepoint "Cleanup", Time since last: 1000093288 ns, Reaching safepoint: 78081 ns, Cleanup: 15804 ns, At safepoint: 5919 ns, Total: 99804 ns
[2025-03-19T10:18:27.808+0000][149.248s][debug][safepoint   ] Safepoint synchronization initiated using futex wait barrier. (232 threads)
[2025-03-19T10:18:27.808+0000][149.248s][info ][safepoint   ] Safepoint "Cleanup", Time since last: 4000324939 ns, Reaching safepoint: 113371 ns, Cleanup: 20090 ns, At safepoint: 14901 ns, Total: 148362 ns
[2025-03-19T10:18:28.808+0000][150.248s][debug][safepoint   ] Safepoint synchronization initiated using futex wait barrier. (232 threads)
[2025-03-19T10:18:28.808+0000][150.248s][info ][safepoint   ] Safepoint "Cleanup", Time since last: 1000113480 ns, Reaching safepoint: 124110 ns, Cleanup: 28032 ns, At safepoint: 5468 ns, Total: 157610 ns
[2025-03-19T10:18:29.809+0000][151.249s][debug][safepoint   ] Safepoint synchronization initiated using futex wait barrier. (232 threads)
[2025-03-19T10:18:29.809+0000][151.249s][info ][safepoint   ] Safepoint "Cleanup", Time since last: 1000470974 ns, Reaching safepoint: 100123 ns, Cleanup: 26499 ns, At safepoint: 16439 ns, Total: 143061 ns
[2025-03-19T10:18:30.809+0000][152.249s][debug][safepoint   ] Safepoint synchronization initiated using futex wait barrier. (232 threads)
[2025-03-19T10:18:30.809+0000][152.249s][info ][safepoint   ] Safepoint "Cleanup", Time since last: 1000101207 ns, Reaching safepoint: 97852 ns, Cleanup: 36068 ns, At safepoint: 14232 ns, Total: 148152 ns
[2025-03-19T10:18:32.809+0000][154.249s][debug][safepoint   ] Safepoint synchronization initiated using futex wait barrier. (232 threads)
[2025-03-19T10:18:32.810+0000][154.250s][info ][safepoint   ] Safepoint "Cleanup", Time since last: 2000406440 ns, Reaching safepoint: 129598 ns, Cleanup: 49490 ns, At safepoint: 8039 ns, Total: 187127 ns
[2025-03-19T10:18:35.398+0000][156.838s][debug][safepoint   ] Safepoint synchronization initiated using futex wait barrier. (233 threads)
[2025-03-19T10:18:35.398+0000][156.838s][info ][safepoint   ] Safepoint "Cleanup", Time since last: 2588486241 ns, Reaching safepoint: 65637 ns, Cleanup: 99649 ns, At safepoint: 76280 ns, Total: 241566 ns
[2025-03-19T10:18:35.405+0000][156.845s][debug][safepoint   ] Safepoint synchronization initiated using futex wait barrier. (233 threads)
[2025-03-19T10:18:35.405+0000][156.845s][info ][gc,start    ] GC(66) Pause Young (Normal) (G1 Evacuation Pause)
[2025-03-19T10:18:35.405+0000][156.845s][info ][gc,task     ] GC(66) Using 4 workers of 4 for evacuation
[2025-03-19T10:18:35.436+0000][156.876s][info ][gc,phases   ] GC(66)   Pre Evacuate Collection Set: 0.3ms
[2025-03-19T10:18:35.436+0000][156.876s][info ][gc,phases   ] GC(66)   Merge Heap Roots: 0.3ms
[2025-03-19T10:18:35.436+0000][156.876s][info ][gc,phases   ] GC(66)   Evacuate Collection Set: 27.9ms
[2025-03-19T10:18:35.436+0000][156.876s][info ][gc,phases   ] GC(66)   Post Evacuate Collection Set: 2.3ms
[2025-03-19T10:18:35.436+0000][156.876s][info ][gc,phases   ] GC(66)   Other: 0.4ms
[2025-03-19T10:18:35.436+0000][156.876s][info ][gc,heap     ] GC(66) Eden regions: 230->0(231)
[2025-03-19T10:18:35.436+0000][156.876s][info ][gc,heap     ] GC(66) Survivor regions: 22->19(32)
[2025-03-19T10:18:35.436+0000][156.876s][info ][gc,heap     ] GC(66) Old regions: 160->165
[2025-03-19T10:18:35.436+0000][156.876s][info ][gc,heap     ] GC(66) Archive regions: 2->2
[2025-03-19T10:18:35.436+0000][156.876s][info ][gc,heap     ] GC(66) Humongous regions: 16->2
[2025-03-19T10:18:35.436+0000][156.876s][info ][gc,metaspace] GC(66) Metaspace: 188981K(190336K)->188981K(190336K) NonClass: 165828K(166528K)->165828K(166528K) Class: 23153K(23808K)->23153K(23808K)
[2025-03-19T10:18:35.436+0000][156.876s][info ][gc          ] GC(66) Pause Young (Normal) (G1 Evacuation Pause) 428M->186M(487M) 31.246ms
[2025-03-19T10:18:35.436+0000][156.876s][info ][gc,cpu      ] GC(66) User=0.08s Sys=0.00s Real=0.03s
[2025-03-19T10:18:35.437+0000][156.877s][info ][safepoint   ] Safepoint "G1CollectForAllocation", Time since last: 6733462 ns, Reaching safepoint: 73582 ns, Cleanup: 4823 ns, At safepoint: 31641713 ns, Total: 31720118 ns
[2025-03-19T10:18:35.774+0000][157.214s][debug][safepoint   ] Safepoint synchronization initiated using futex wait barrier. (234 threads)
[2025-03-19T10:18:35.782+0000][157.222s][info ][safepoint   ] Safepoint "ICBufferFull", Time since last: 337272125 ns, Reaching safepoint: 799306 ns, Cleanup: 228489 ns, At safepoint: 6769910 ns, Total: 7797705 ns
[2025-03-19T10:18:36.782+0000][158.222s][debug][safepoint   ] Safepoint synchronization initiated using futex wait barrier. (234 threads)
[2025-03-19T10:18:36.782+0000][158.222s][info ][safepoint   ] Safepoint "Cleanup", Time since last: 1000139308 ns, Reaching safepoint: 90822 ns, Cleanup: 26009 ns, At safepoint: 6709 ns, Total: 123540 ns
[2025-03-19T10:18:38.782+0000][160.222s][debug][safepoint   ] Safepoint synchronization initiated using futex wait barrier. (234 threads)
[2025-03-19T10:18:38.782+0000][160.222s][info ][safepoint   ] Safepoint "Cleanup", Time since last: 2000152491 ns, Reaching safepoint: 65974 ns, Cleanup: 46704 ns, At safepoint: 4283 ns, Total: 116961 ns
[2025-03-19T10:18:39.782+0000][161.222s][debug][safepoint   ] Safepoint synchronization initiated using futex wait barrier. (234 threads)
[2025-03-19T10:18:39.783+0000][161.223s][info ][safepoint   ] Safepoint "Cleanup", Time since last: 1000082263 ns, Reaching safepoint: 75084 ns, Cleanup: 16080 ns, At safepoint: 6244 ns, Total: 97408 ns
[2025-03-19T10:18:40.783+0000][162.223s][debug][safepoint   ] Safepoint synchronization initiated using futex wait barrier. (234 threads)
[2025-03-19T10:18:40.783+0000][162.223s][info ][safepoint   ] Safepoint "Cleanup", Time since last: 1000548033 ns, Reaching safepoint: 104670 ns, Cleanup: 21449 ns, At safepoint: 6865 ns, Total: 132984 ns
[2025-03-19T10:18:43.784+0000][165.224s][debug][safepoint   ] Safepoint synchronization initiated using futex wait barrier. (234 threads)
[2025-03-19T10:18:43.784+0000][165.224s][info ][safepoint   ] Safepoint "Cleanup", Time since last: 3000361991 ns, Reaching safepoint: 211685 ns, Cleanup: 36089 ns, At safepoint: 11750 ns, Total: 259524 ns
[2025-03-19T10:18:44.784+0000][166.224s][debug][safepoint   ] Safepoint synchronization initiated using futex wait barrier. (233 threads)
[2025-03-19T10:18:44.784+0000][166.224s][info ][safepoint   ] Safepoint "Cleanup", Time since last: 1000105995 ns, Reaching safepoint: 83211 ns, Cleanup: 22937 ns, At safepoint: 6125 ns, Total: 112273 ns
[2025-03-19T10:18:45.784+0000][167.224s][debug][safepoint   ] Safepoint synchronization initiated using futex wait barrier. (234 threads)
[2025-03-19T10:18:45.784+0000][167.224s][info ][safepoint   ] Safepoint "Cleanup", Time since last: 1000069556 ns, Reaching safepoint: 76765 ns, Cleanup: 36152 ns, At safepoint: 7331 ns, Total: 120248 ns
[2025-03-19T10:18:46.784+0000][168.224s][debug][safepoint   ] Safepoint synchronization initiated using futex wait barrier. (232 threads)
[2025-03-19T10:18:46.784+0000][168.224s][info ][safepoint   ] Safepoint "Cleanup", Time since last: 1000102333 ns, Reaching safepoint: 71913 ns, Cleanup: 17269 ns, At safepoint: 5884 ns, Total: 95066 ns
[2025-03-19T10:18:47.785+0000][169.225s][debug][safepoint   ] Safepoint synchronization initiated using futex wait barrier. (230 threads)
[2025-03-19T10:18:47.785+0000][169.225s][info ][safepoint   ] Safepoint "Cleanup", Time since last: 1000082978 ns, Reaching safepoint: 68326 ns, Cleanup: 30914 ns, At safepoint: 5645 ns, Total: 104885 ns
[2025-03-19T10:18:48.785+0000][170.225s][debug][safepoint   ] Safepoint synchronization initiated using futex wait barrier. (230 threads)
[2025-03-19T10:18:48.785+0000][170.225s][info ][safepoint   ] Safepoint "Cleanup", Time since last: 1000083993 ns, Reaching safepoint: 74217 ns, Cleanup: 40884 ns, At safepoint: 6819 ns, Total: 121920 ns
[2025-03-19T10:18:49.785+0000][171.225s][debug][safepoint   ] Safepoint synchronization initiated using futex wait barrier. (230 threads)
[2025-03-19T10:18:49.785+0000][171.225s][info ][safepoint   ] Safepoint "Cleanup", Time since last: 1000123150 ns, Reaching safepoint: 116324 ns, Cleanup: 36289 ns, At safepoint: 7701 ns, Total: 160314 ns
[2025-03-19T10:18:50.785+0000][172.225s][debug][safepoint   ] Safepoint synchronization initiated using futex wait barrier. (230 threads)
[2025-03-19T10:18:50.785+0000][172.225s][info ][safepoint   ] Safepoint "Cleanup", Time since last: 1000110441 ns, Reaching safepoint: 111102 ns, Cleanup: 22040 ns, At safepoint: 7546 ns, Total: 140688 ns
[2025-03-19T10:18:52.786+0000][174.226s][debug][safepoint   ] Safepoint synchronization initiated using futex wait barrier. (230 threads)
[2025-03-19T10:18:52.787+0000][174.227s][info ][safepoint   ] Safepoint "Cleanup", Time since last: 2000340076 ns, Reaching safepoint: 776087 ns, Cleanup: 126692 ns, At safepoint: 9149 ns, Total: 911928 ns
[2025-03-19T10:18:55.787+0000][177.227s][debug][safepoint   ] Safepoint synchronization initiated using futex wait barrier. (233 threads)
[2025-03-19T10:18:55.788+0000][177.228s][info ][safepoint   ] Safepoint "Cleanup", Time since last: 3000795784 ns, Reaching safepoint: 193573 ns, Cleanup: 37504 ns, At safepoint: 60881 ns, Total: 291958 ns
[2025-03-19T10:18:56.788+0000][178.228s][debug][safepoint   ] Safepoint synchronization initiated using futex wait barrier. (233 threads)
[2025-03-19T10:18:56.788+0000][178.228s][info ][safepoint   ] Safepoint "Cleanup", Time since last: 1000137087 ns, Reaching safepoint: 71039 ns, Cleanup: 19765 ns, At safepoint: 6849 ns, Total: 97653 ns
[2025-03-19T10:18:57.788+0000][179.228s][debug][safepoint   ] Safepoint synchronization initiated using futex wait barrier. (233 threads)
[2025-03-19T10:18:57.788+0000][179.228s][debug][safepoint   ] ... found polling page loop exception at pc = 0x00007719ddb16f17, stub =0x00007719dc98f400
[2025-03-19T10:18:57.789+0000][179.229s][info ][safepoint   ] Safepoint "Cleanup", Time since last: 1000188328 ns, Reaching safepoint: 339558 ns, Cleanup: 58741 ns, At safepoint: 28512 ns, Total: 426811 ns
[2025-03-19T10:18:58.789+0000][180.229s][debug][safepoint   ] Safepoint synchronization initiated using futex wait barrier. (232 threads)
[2025-03-19T10:18:58.789+0000][180.229s][info ][safepoint   ] Safepoint "Cleanup", Time since last: 1000124664 ns, Reaching safepoint: 68997 ns, Cleanup: 87519 ns, At safepoint: 9875 ns, Total: 166391 ns
[2025-03-19T10:18:59.830+0000][181.270s][debug][safepoint   ] Safepoint synchronization initiated using futex wait barrier. (233 threads)
[2025-03-19T10:18:59.830+0000][181.270s][info ][safepoint   ] Safepoint "Cleanup", Time since last: 1041093597 ns, Reaching safepoint: 142574 ns, Cleanup: 85584 ns, At safepoint: 4862 ns, Total: 233020 ns
[2025-03-19T10:19:00.830+0000][182.270s][debug][safepoint   ] Safepoint synchronization initiated using futex wait barrier. (232 threads)
[2025-03-19T10:19:00.830+0000][182.270s][info ][safepoint   ] Safepoint "Cleanup", Time since last: 1000097330 ns, Reaching safepoint: 89520 ns, Cleanup: 34264 ns, At safepoint: 6559 ns, Total: 130343 ns
[2025-03-19T10:19:01.831+0000][183.271s][debug][safepoint   ] Safepoint synchronization initiated using futex wait barrier. (232 threads)
[2025-03-19T10:19:01.831+0000][183.271s][info ][safepoint   ] Safepoint "Cleanup", Time since last: 1000092331 ns, Reaching safepoint: 89303 ns, Cleanup: 18251 ns, At safepoint: 5907 ns, Total: 113461 ns
[2025-03-19T10:19:02.831+0000][184.271s][debug][safepoint   ] Safepoint synchronization initiated using futex wait barrier. (232 threads)
[2025-03-19T10:19:02.831+0000][184.271s][info ][safepoint   ] Safepoint "Cleanup", Time since last: 1000110818 ns, Reaching safepoint: 70503 ns, Cleanup: 15618 ns, At safepoint: 5303 ns, Total: 91424 ns
[2025-03-19T10:19:05.831+0000][187.271s][debug][safepoint   ] Safepoint synchronization initiated using futex wait barrier. (232 threads)
[2025-03-19T10:19:05.831+0000][187.271s][info ][safepoint   ] Safepoint "Cleanup", Time since last: 3000215898 ns, Reaching safepoint: 97203 ns, Cleanup: 23531 ns, At safepoint: 7317 ns, Total: 128051 ns
[2025-03-19T10:19:10.832+0000][192.272s][debug][safepoint   ] Safepoint synchronization initiated using futex wait barrier. (232 threads)
[2025-03-19T10:19:10.832+0000][192.272s][info ][safepoint   ] Safepoint "Cleanup", Time since last: 5000443118 ns, Reaching safepoint: 82259 ns, Cleanup: 20333 ns, At safepoint: 6639 ns, Total: 109231 ns
[2025-03-19T10:19:15.832+0000][197.272s][debug][safepoint   ] Safepoint synchronization initiated using futex wait barrier. (232 threads)
[2025-03-19T10:19:15.832+0000][197.272s][info ][safepoint   ] Safepoint "Cleanup", Time since last: 5000425951 ns, Reaching safepoint: 95855 ns, Cleanup: 17301 ns, At safepoint: 7549 ns, Total: 120705 ns
[2025-03-19T10:19:17.832+0000][199.272s][debug][safepoint   ] Safepoint synchronization initiated using futex wait barrier. (232 threads)
[2025-03-19T10:19:17.833+0000][199.273s][info ][safepoint   ] Safepoint "Cleanup", Time since last: 2000194572 ns, Reaching safepoint: 88910 ns, Cleanup: 22588 ns, At safepoint: 9452 ns, Total: 120950 ns
[2025-03-19T10:19:18.833+0000][200.273s][debug][safepoint   ] Safepoint synchronization initiated using futex wait barrier. (232 threads)
[2025-03-19T10:19:18.833+0000][200.273s][info ][safepoint   ] Safepoint "Cleanup", Time since last: 1000114310 ns, Reaching safepoint: 80374 ns, Cleanup: 19474 ns, At safepoint: 7320 ns, Total: 107168 ns
[2025-03-19T10:19:20.833+0000][202.273s][debug][safepoint   ] Safepoint synchronization initiated using futex wait barrier. (232 threads)
[2025-03-19T10:19:20.833+0000][202.273s][info ][safepoint   ] Safepoint "Cleanup", Time since last: 2000283584 ns, Reaching safepoint: 84520 ns, Cleanup: 21425 ns, At safepoint: 8635 ns, Total: 114580 ns
[2025-03-19T10:19:23.833+0000][205.273s][debug][safepoint   ] Safepoint synchronization initiated using futex wait barrier. (232 threads)
[2025-03-19T10:19:23.834+0000][205.274s][info ][safepoint   ] Safepoint "Cleanup", Time since last: 3000284593 ns, Reaching safepoint: 82384 ns, Cleanup: 18830 ns, At safepoint: 7494 ns, Total: 108708 ns
[2025-03-19T10:19:26.834+0000][208.274s][debug][safepoint   ] Safepoint synchronization initiated using futex wait barrier. (232 threads)
[2025-03-19T10:19:26.834+0000][208.274s][info ][safepoint   ] Safepoint "Cleanup", Time since last: 3000260466 ns, Reaching safepoint: 85036 ns, Cleanup: 20841 ns, At safepoint: 6051 ns, Total: 111928 ns
[2025-03-19T10:19:28.834+0000][210.274s][debug][safepoint   ] Safepoint synchronization initiated using futex wait barrier. (229 threads)
[2025-03-19T10:19:28.834+0000][210.274s][info ][safepoint   ] Safepoint "Cleanup", Time since last: 2000183046 ns, Reaching safepoint: 82971 ns, Cleanup: 26838 ns, At safepoint: 7796 ns, Total: 117605 ns
[2025-03-19T10:19:30.834+0000][212.274s][debug][safepoint   ] Safepoint synchronization initiated using futex wait barrier. (229 threads)
[2025-03-19T10:19:30.835+0000][212.275s][info ][safepoint   ] Safepoint "Cleanup", Time since last: 2000174177 ns, Reaching safepoint: 83042 ns, Cleanup: 21242 ns, At safepoint: 6416 ns, Total: 110700 ns
[2025-03-19T10:19:33.165+0000][214.605s][debug][safepoint   ] Safepoint synchronization initiated using futex wait barrier. (229 threads)
[2025-03-19T10:19:33.165+0000][214.605s][info ][gc,start    ] GC(67) Pause Young (Normal) (G1 Evacuation Pause)
[2025-03-19T10:19:33.165+0000][214.605s][info ][gc,task     ] GC(67) Using 4 workers of 4 for evacuation
[2025-03-19T10:19:33.210+0000][214.650s][info ][gc,phases   ] GC(67)   Pre Evacuate Collection Set: 0.2ms
[2025-03-19T10:19:33.210+0000][214.650s][info ][gc,phases   ] GC(67)   Merge Heap Roots: 0.3ms
[2025-03-19T10:19:33.210+0000][214.650s][info ][gc,phases   ] GC(67)   Evacuate Collection Set: 41.3ms
[2025-03-19T10:19:33.210+0000][214.650s][info ][gc,phases   ] GC(67)   Post Evacuate Collection Set: 2.6ms
[2025-03-19T10:19:33.210+0000][214.650s][info ][gc,phases   ] GC(67)   Other: 0.2ms
[2025-03-19T10:19:33.210+0000][214.650s][info ][gc,heap     ] GC(67) Eden regions: 231->0(232)
[2025-03-19T10:19:33.210+0000][214.650s][info ][gc,heap     ] GC(67) Survivor regions: 19->12(32)
[2025-03-19T10:19:33.210+0000][214.650s][info ][gc,heap     ] GC(67) Old regions: 165->174
[2025-03-19T10:19:33.210+0000][214.650s][info ][gc,heap     ] GC(67) Archive regions: 2->2
[2025-03-19T10:19:33.210+0000][214.650s][info ][gc,heap     ] GC(67) Humongous regions: 16->2
[2025-03-19T10:19:33.210+0000][214.650s][info ][gc,metaspace] GC(67) Metaspace: 189892K(191296K)->189892K(191296K) NonClass: 166704K(167424K)->166704K(167424K) Class: 23188K(23872K)->23188K(23872K)
[2025-03-19T10:19:33.210+0000][214.650s][info ][gc          ] GC(67) Pause Young (Normal) (G1 Evacuation Pause) 431M->188M(487M) 44.724ms
[2025-03-19T10:19:33.210+0000][214.650s][info ][gc,cpu      ] GC(67) User=0.14s Sys=0.01s Real=0.04s
[2025-03-19T10:19:33.211+0000][214.651s][info ][safepoint   ] Safepoint "G1CollectForAllocation", Time since last: 2330725704 ns, Reaching safepoint: 80989 ns, Cleanup: 6988 ns, At safepoint: 45164139 ns, Total: 45252116 ns
[2025-03-19T10:19:35.211+0000][216.651s][debug][safepoint   ] Safepoint synchronization initiated using futex wait barrier. (229 threads)
[2025-03-19T10:19:35.211+0000][216.651s][info ][safepoint   ] Safepoint "Cleanup", Time since last: 2000213848 ns, Reaching safepoint: 111262 ns, Cleanup: 31172 ns, At safepoint: 8103 ns, Total: 150537 ns
[2025-03-19T10:19:36.211+0000][217.651s][debug][safepoint   ] Safepoint synchronization initiated using futex wait barrier. (229 threads)
[2025-03-19T10:19:36.211+0000][217.651s][info ][safepoint   ] Safepoint "Cleanup", Time since last: 1000144336 ns, Reaching safepoint: 77625 ns, Cleanup: 16835 ns, At safepoint: 7053 ns, Total: 101513 ns
[2025-03-19T10:19:42.212+0000][223.652s][debug][safepoint   ] Safepoint synchronization initiated using futex wait barrier. (229 threads)
[2025-03-19T10:19:42.212+0000][223.652s][info ][safepoint   ] Safepoint "Cleanup", Time since last: 6000438847 ns, Reaching safepoint: 57398 ns, Cleanup: 13562 ns, At safepoint: 3584 ns, Total: 74544 ns
[2025-03-19T10:19:45.212+0000][226.652s][debug][safepoint   ] Safepoint synchronization initiated using futex wait barrier. (228 threads)
[2025-03-19T10:19:45.212+0000][226.652s][info ][safepoint   ] Safepoint "Cleanup", Time since last: 3000673548 ns, Reaching safepoint: 112245 ns, Cleanup: 27344 ns, At safepoint: 7500 ns, Total: 147089 ns
[2025-03-19T10:19:47.213+0000][228.653s][debug][safepoint   ] Safepoint synchronization initiated using futex wait barrier. (227 threads)
[2025-03-19T10:19:47.213+0000][228.653s][info ][safepoint   ] Safepoint "Cleanup", Time since last: 2000185460 ns, Reaching safepoint: 88509 ns, Cleanup: 40510 ns, At safepoint: 7882 ns, Total: 136901 ns
[2025-03-19T10:19:48.213+0000][229.653s][debug][safepoint   ] Safepoint synchronization initiated using futex wait barrier. (226 threads)
[2025-03-19T10:19:48.213+0000][229.653s][info ][safepoint   ] Safepoint "Cleanup", Time since last: 1000150287 ns, Reaching safepoint: 90859 ns, Cleanup: 16179 ns, At safepoint: 6594 ns, Total: 113632 ns
[2025-03-19T10:19:50.213+0000][231.653s][debug][safepoint   ] Safepoint synchronization initiated using futex wait barrier. (226 threads)
[2025-03-19T10:19:50.213+0000][231.653s][info ][safepoint   ] Safepoint "Cleanup", Time since last: 2000157242 ns, Reaching safepoint: 68639 ns, Cleanup: 14506 ns, At safepoint: 3999 ns, Total: 87144 ns
[2025-03-19T10:19:51.213+0000][232.653s][debug][safepoint   ] Safepoint synchronization initiated using futex wait barrier. (226 threads)
[2025-03-19T10:19:51.214+0000][232.654s][info ][safepoint   ] Safepoint "Cleanup", Time since last: 1000104899 ns, Reaching safepoint: 106648 ns, Cleanup: 25905 ns, At safepoint: 7128 ns, Total: 139681 ns
[2025-03-19T10:19:55.214+0000][236.654s][debug][safepoint   ] Safepoint synchronization initiated using futex wait barrier. (226 threads)
[2025-03-19T10:19:55.214+0000][236.654s][info ][safepoint   ] Safepoint "Cleanup", Time since last: 4000378803 ns, Reaching safepoint: 125467 ns, Cleanup: 32806 ns, At safepoint: 8503 ns, Total: 166776 ns
[2025-03-19T10:19:57.214+0000][238.654s][debug][safepoint   ] Safepoint synchronization initiated using futex wait barrier. (226 threads)
[2025-03-19T10:19:57.214+0000][238.654s][info ][safepoint   ] Safepoint "Cleanup", Time since last: 2000225382 ns, Reaching safepoint: 68508 ns, Cleanup: 18388 ns, At safepoint: 4599 ns, Total: 91495 ns
[2025-03-19T10:19:58.214+0000][239.654s][debug][safepoint   ] Safepoint synchronization initiated using futex wait barrier. (226 threads)
[2025-03-19T10:19:58.215+0000][239.655s][info ][safepoint   ] Safepoint "Cleanup", Time since last: 1000086868 ns, Reaching safepoint: 77281 ns, Cleanup: 17609 ns, At safepoint: 5357 ns, Total: 100247 ns
[2025-03-19T10:19:59.851+0000][241.291s][debug][safepoint   ] Safepoint synchronization initiated using futex wait barrier. (226 threads)
[2025-03-19T10:19:59.851+0000][241.291s][info ][safepoint   ] Safepoint "Cleanup", Time since last: 1636362923 ns, Reaching safepoint: 82200 ns, Cleanup: 65044 ns, At safepoint: 4112 ns, Total: 151356 ns
[2025-03-19T10:20:00.851+0000][242.291s][debug][safepoint   ] Safepoint synchronization initiated using futex wait barrier. (227 threads)
[2025-03-19T10:20:00.852+0000][242.292s][info ][safepoint   ] Safepoint "Cleanup", Time since last: 1000090126 ns, Reaching safepoint: 151770 ns, Cleanup: 147561 ns, At safepoint: 5643 ns, Total: 304974 ns
[2025-03-19T10:20:02.852+0000][244.292s][debug][safepoint   ] Safepoint synchronization initiated using futex wait barrier. (227 threads)
[2025-03-19T10:20:02.852+0000][244.292s][info ][safepoint   ] Safepoint "Cleanup", Time since last: 2000183591 ns, Reaching safepoint: 91904 ns, Cleanup: 34897 ns, At safepoint: 4299 ns, Total: 131100 ns
[2025-03-19T10:20:04.852+0000][246.292s][debug][safepoint   ] Safepoint synchronization initiated using futex wait barrier. (227 threads)
[2025-03-19T10:20:04.852+0000][246.292s][info ][safepoint   ] Safepoint "Cleanup", Time since last: 2000135333 ns, Reaching safepoint: 60317 ns, Cleanup: 20812 ns, At safepoint: 3472 ns, Total: 84601 ns
[2025-03-19T10:20:05.852+0000][247.292s][debug][safepoint   ] Safepoint synchronization initiated using futex wait barrier. (227 threads)
[2025-03-19T10:20:05.852+0000][247.292s][info ][safepoint   ] Safepoint "Cleanup", Time since last: 1000082203 ns, Reaching safepoint: 77093 ns, Cleanup: 17937 ns, At safepoint: 4297 ns, Total: 99327 ns
[2025-03-19T10:20:10.854+0000][252.294s][debug][safepoint   ] Safepoint synchronization initiated using futex wait barrier. (227 threads)
[2025-03-19T10:20:10.854+0000][252.294s][info ][safepoint   ] Safepoint "Cleanup", Time since last: 5001810294 ns, Reaching safepoint: 81467 ns, Cleanup: 33802 ns, At safepoint: 4158 ns, Total: 119427 ns
[2025-03-19T10:20:11.854+0000][253.294s][debug][safepoint   ] Safepoint synchronization initiated using futex wait barrier. (227 threads)
[2025-03-19T10:20:11.854+0000][253.294s][info ][safepoint   ] Safepoint "Cleanup", Time since last: 1000081235 ns, Reaching safepoint: 73667 ns, Cleanup: 25447 ns, At safepoint: 3599 ns, Total: 102713 ns
[2025-03-19T10:20:15.383+0000][256.823s][debug][safepoint   ] Safepoint synchronization initiated using futex wait barrier. (227 threads)
[2025-03-19T10:20:15.383+0000][256.823s][info ][safepoint   ] Safepoint "Cleanup", Time since last: 3528956215 ns, Reaching safepoint: 68099 ns, Cleanup: 22745 ns, At safepoint: 4725 ns, Total: 95569 ns
[2025-03-19T10:20:16.383+0000][257.823s][debug][safepoint   ] Safepoint synchronization initiated using futex wait barrier. (227 threads)
[2025-03-19T10:20:16.384+0000][257.824s][info ][safepoint   ] Safepoint "Cleanup", Time since last: 1000101185 ns, Reaching safepoint: 61111 ns, Cleanup: 54153 ns, At safepoint: 4449 ns, Total: 119713 ns
[2025-03-19T10:20:20.384+0000][261.824s][debug][safepoint   ] Safepoint synchronization initiated using futex wait barrier. (227 threads)
[2025-03-19T10:20:20.384+0000][261.824s][info ][safepoint   ] Safepoint "Cleanup", Time since last: 4000302196 ns, Reaching safepoint: 100087 ns, Cleanup: 19670 ns, At safepoint: 6765 ns, Total: 126522 ns
[2025-03-19T10:20:30.385+0000][271.825s][debug][safepoint   ] Safepoint synchronization initiated using futex wait barrier. (225 threads)
[2025-03-19T10:20:30.385+0000][271.825s][info ][safepoint   ] Safepoint "Cleanup", Time since last: 10000749763 ns, Reaching safepoint: 95463 ns, Cleanup: 22527 ns, At safepoint: 7127 ns, Total: 125117 ns
[2025-03-19T10:20:33.385+0000][274.825s][debug][safepoint   ] Safepoint synchronization initiated using futex wait barrier. (225 threads)
[2025-03-19T10:20:33.385+0000][274.825s][info ][safepoint   ] Safepoint "Cleanup", Time since last: 3000190392 ns, Reaching safepoint: 77420 ns, Cleanup: 17128 ns, At safepoint: 5867 ns, Total: 100415 ns
[2025-03-19T10:20:34.385+0000][275.825s][debug][safepoint   ] Safepoint synchronization initiated using futex wait barrier. (225 threads)
[2025-03-19T10:20:34.385+0000][275.825s][info ][safepoint   ] Safepoint "Cleanup", Time since last: 1000094114 ns, Reaching safepoint: 131412 ns, Cleanup: 31034 ns, At safepoint: 7397 ns, Total: 169843 ns
[2025-03-19T10:20:35.386+0000][276.826s][debug][safepoint   ] Safepoint synchronization initiated using futex wait barrier. (225 threads)
[2025-03-19T10:20:35.386+0000][276.826s][info ][safepoint   ] Safepoint "Cleanup", Time since last: 1000110763 ns, Reaching safepoint: 125957 ns, Cleanup: 19726 ns, At safepoint: 6520 ns, Total: 152203 ns
[2025-03-19T10:20:36.386+0000][277.826s][debug][safepoint   ] Safepoint synchronization initiated using futex wait barrier. (225 threads)
[2025-03-19T10:20:36.386+0000][277.826s][info ][safepoint   ] Safepoint "Cleanup", Time since last: 1000127914 ns, Reaching safepoint: 70685 ns, Cleanup: 16407 ns, At safepoint: 4984 ns, Total: 92076 ns
[2025-03-19T10:20:37.958+0000][279.398s][debug][safepoint   ] Safepoint synchronization initiated using futex wait barrier. (225 threads)
[2025-03-19T10:20:37.958+0000][279.398s][info ][safepoint   ] Safepoint "Cleanup", Time since last: 1571906864 ns, Reaching safepoint: 109664 ns, Cleanup: 30465 ns, At safepoint: 24605 ns, Total: 164734 ns
[2025-03-19T10:20:38.958+0000][280.398s][debug][safepoint   ] Safepoint synchronization initiated using futex wait barrier. (225 threads)
[2025-03-19T10:20:38.958+0000][280.398s][info ][safepoint   ] Safepoint "Cleanup", Time since last: 1000087043 ns, Reaching safepoint: 105150 ns, Cleanup: 40211 ns, At safepoint: 5625 ns, Total: 150986 ns
[2025-03-19T10:20:40.958+0000][282.398s][debug][safepoint   ] Safepoint synchronization initiated using futex wait barrier. (225 threads)
[2025-03-19T10:20:40.959+0000][282.399s][info ][safepoint   ] Safepoint "Cleanup", Time since last: 2000175688 ns, Reaching safepoint: 89474 ns, Cleanup: 27237 ns, At safepoint: 4643 ns, Total: 121354 ns
[2025-03-19T10:20:41.959+0000][283.399s][debug][safepoint   ] Safepoint synchronization initiated using futex wait barrier. (225 threads)
[2025-03-19T10:20:41.959+0000][283.399s][info ][safepoint   ] Safepoint "Cleanup", Time since last: 1000097040 ns, Reaching safepoint: 104355 ns, Cleanup: 24425 ns, At safepoint: 7448 ns, Total: 136228 ns
[2025-03-19T10:20:44.959+0000][286.399s][debug][safepoint   ] Safepoint synchronization initiated using futex wait barrier. (225 threads)
[2025-03-19T10:20:44.959+0000][286.399s][info ][safepoint   ] Safepoint "Cleanup", Time since last: 3000255289 ns, Reaching safepoint: 110878 ns, Cleanup: 28319 ns, At safepoint: 7367 ns, Total: 146564 ns
[2025-03-19T10:20:46.959+0000][288.399s][debug][safepoint   ] Safepoint synchronization initiated using futex wait barrier. (224 threads)
[2025-03-19T10:20:46.959+0000][288.399s][info ][safepoint   ] Safepoint "Cleanup", Time since last: 2000186174 ns, Reaching safepoint: 76208 ns, Cleanup: 13601 ns, At safepoint: 3949 ns, Total: 93758 ns
[2025-03-19T10:20:47.960+0000][289.400s][debug][safepoint   ] Safepoint synchronization initiated using futex wait barrier. (223 threads)
[2025-03-19T10:20:47.960+0000][289.400s][info ][safepoint   ] Safepoint "Cleanup", Time since last: 1000082075 ns, Reaching safepoint: 77848 ns, Cleanup: 17717 ns, At safepoint: 6481 ns, Total: 102046 ns
[2025-03-19T10:20:50.960+0000][292.400s][debug][safepoint   ] Safepoint synchronization initiated using futex wait barrier. (222 threads)
[2025-03-19T10:20:50.960+0000][292.400s][info ][safepoint   ] Safepoint "Cleanup", Time since last: 3000252972 ns, Reaching safepoint: 92982 ns, Cleanup: 46471 ns, At safepoint: 7770 ns, Total: 147223 ns
[2025-03-19T10:20:55.963+0000][297.403s][debug][safepoint   ] Safepoint synchronization initiated using futex wait barrier. (222 threads)
[2025-03-19T10:20:55.963+0000][297.403s][info ][safepoint   ] Safepoint "Cleanup", Time since last: 5002751772 ns, Reaching safepoint: 111913 ns, Cleanup: 22435 ns, At safepoint: 6784 ns, Total: 141132 ns
[2025-03-19T10:20:56.726+0000][298.166s][debug][safepoint   ] Safepoint synchronization initiated using futex wait barrier. (223 threads)
[2025-03-19T10:20:56.726+0000][298.166s][info ][gc,start    ] GC(68) Pause Young (Normal) (G1 Evacuation Pause)
[2025-03-19T10:20:56.726+0000][298.166s][info ][gc,task     ] GC(68) Using 4 workers of 4 for evacuation
[2025-03-19T10:20:56.796+0000][298.236s][info ][gc,phases   ] GC(68)   Pre Evacuate Collection Set: 0.3ms
[2025-03-19T10:20:56.796+0000][298.236s][info ][gc,phases   ] GC(68)   Merge Heap Roots: 0.3ms
[2025-03-19T10:20:56.796+0000][298.236s][info ][gc,phases   ] GC(68)   Evacuate Collection Set: 64.0ms
[2025-03-19T10:20:56.796+0000][298.236s][info ][gc,phases   ] GC(68)   Post Evacuate Collection Set: 5.7ms
[2025-03-19T10:20:56.796+0000][298.236s][info ][gc,phases   ] GC(68)   Other: 0.2ms
[2025-03-19T10:20:56.796+0000][298.236s][info ][gc,heap     ] GC(68) Eden regions: 232->0(222)
[2025-03-19T10:20:56.796+0000][298.236s][info ][gc,heap     ] GC(68) Survivor regions: 12->19(31)
[2025-03-19T10:20:56.796+0000][298.236s][info ][gc,heap     ] GC(68) Old regions: 174->174
[2025-03-19T10:20:56.796+0000][298.236s][info ][gc,heap     ] GC(68) Archive regions: 2->2
[2025-03-19T10:20:56.796+0000][298.236s][info ][gc,heap     ] GC(68) Humongous regions: 3->2
[2025-03-19T10:20:56.796+0000][298.236s][info ][gc,metaspace] GC(68) Metaspace: 190553K(192000K)->190553K(192000K) NonClass: 167325K(168064K)->167325K(168064K) Class: 23227K(23936K)->23227K(23936K)
[2025-03-19T10:20:56.796+0000][298.236s][info ][gc          ] GC(68) Pause Young (Normal) (G1 Evacuation Pause) 421M->195M(487M) 70.610ms
[2025-03-19T10:20:56.796+0000][298.236s][info ][gc,cpu      ] GC(68) User=0.16s Sys=0.00s Real=0.07s
[2025-03-19T10:20:56.798+0000][298.238s][info ][safepoint   ] Safepoint "G1CollectForAllocation", Time since last: 762582972 ns, Reaching safepoint: 78538 ns, Cleanup: 41026 ns, At safepoint: 72394562 ns, Total: 72514126 ns
[2025-03-19T10:20:58.022+0000][299.462s][debug][safepoint   ] Safepoint synchronization initiated using futex wait barrier. (222 threads)
[2025-03-19T10:20:58.022+0000][299.462s][info ][safepoint   ] Safepoint "Cleanup", Time since last: 1223504505 ns, Reaching safepoint: 97641 ns, Cleanup: 137808 ns, At safepoint: 6370 ns, Total: 241819 ns
[2025-03-19T10:20:59.875+0000][301.315s][debug][safepoint   ] Safepoint synchronization initiated using futex wait barrier. (222 threads)
[2025-03-19T10:20:59.875+0000][301.315s][info ][safepoint   ] Safepoint "Cleanup", Time since last: 1853316491 ns, Reaching safepoint: 110342 ns, Cleanup: 44972 ns, At safepoint: 6582 ns, Total: 161896 ns
[2025-03-19T10:21:00.875+0000][302.315s][debug][safepoint   ] Safepoint synchronization initiated using futex wait barrier. (222 threads)
[2025-03-19T10:21:00.875+0000][302.315s][info ][safepoint   ] Safepoint "Cleanup", Time since last: 1000116226 ns, Reaching safepoint: 79701 ns, Cleanup: 25948 ns, At safepoint: 5150 ns, Total: 110799 ns
[2025-03-19T10:21:01.876+0000][303.316s][debug][safepoint   ] Safepoint synchronization initiated using futex wait barrier. (222 threads)
[2025-03-19T10:21:01.876+0000][303.316s][info ][safepoint   ] Safepoint "Cleanup", Time since last: 1000102063 ns, Reaching safepoint: 74884 ns, Cleanup: 14615 ns, At safepoint: 4892 ns, Total: 94391 ns
[2025-03-19T10:21:02.876+0000][304.316s][debug][safepoint   ] Safepoint synchronization initiated using futex wait barrier. (223 threads)
[2025-03-19T10:21:02.876+0000][304.316s][info ][safepoint   ] Safepoint "Cleanup", Time since last: 1000114437 ns, Reaching safepoint: 73511 ns, Cleanup: 17734 ns, At safepoint: 6424 ns, Total: 97669 ns
[2025-03-19T10:21:04.457+0000][305.897s][debug][safepoint   ] Safepoint synchronization initiated using futex wait barrier. (224 threads)
[2025-03-19T10:21:04.457+0000][305.897s][info ][safepoint   ] Safepoint "Cleanup", Time since last: 1581000918 ns, Reaching safepoint: 61503 ns, Cleanup: 54366 ns, At safepoint: 3180 ns, Total: 119049 ns
[2025-03-19T10:21:05.457+0000][306.897s][debug][safepoint   ] Safepoint synchronization initiated using futex wait barrier. (223 threads)
[2025-03-19T10:21:05.457+0000][306.897s][info ][safepoint   ] Safepoint "Cleanup", Time since last: 1000077824 ns, Reaching safepoint: 56567 ns, Cleanup: 50166 ns, At safepoint: 6674 ns, Total: 113407 ns
[2025-03-19T10:21:06.457+0000][307.897s][debug][safepoint   ] Safepoint synchronization initiated using futex wait barrier. (223 threads)
[2025-03-19T10:21:06.457+0000][307.897s][info ][safepoint   ] Safepoint "Cleanup", Time since last: 1000093983 ns, Reaching safepoint: 76191 ns, Cleanup: 20547 ns, At safepoint: 6417 ns, Total: 103155 ns
[2025-03-19T10:21:10.458+0000][311.898s][debug][safepoint   ] Safepoint synchronization initiated using futex wait barrier. (223 threads)
[2025-03-19T10:21:10.458+0000][311.898s][info ][safepoint   ] Safepoint "Cleanup", Time since last: 4000325574 ns, Reaching safepoint: 95240 ns, Cleanup: 17955 ns, At safepoint: 6652 ns, Total: 119847 ns
[2025-03-19T10:21:11.458+0000][312.898s][debug][safepoint   ] Safepoint synchronization initiated using futex wait barrier. (223 threads)
[2025-03-19T10:21:11.458+0000][312.898s][info ][safepoint   ] Safepoint "Cleanup", Time since last: 1000106432 ns, Reaching safepoint: 76572 ns, Cleanup: 22707 ns, At safepoint: 5453 ns, Total: 104732 ns
[2025-03-19T10:21:14.458+0000][315.898s][debug][safepoint   ] Safepoint synchronization initiated using futex wait barrier. (223 threads)
[2025-03-19T10:21:14.458+0000][315.898s][info ][safepoint   ] Safepoint "Cleanup", Time since last: 3000234092 ns, Reaching safepoint: 91676 ns, Cleanup: 21905 ns, At safepoint: 7894 ns, Total: 121475 ns
[2025-03-19T10:21:15.459+0000][316.899s][debug][safepoint   ] Safepoint synchronization initiated using futex wait barrier. (223 threads)
[2025-03-19T10:21:15.459+0000][316.899s][info ][safepoint   ] Safepoint "Cleanup", Time since last: 1000114098 ns, Reaching safepoint: 68913 ns, Cleanup: 26253 ns, At safepoint: 6642 ns, Total: 101808 ns
[2025-03-19T10:21:24.459+0000][325.899s][debug][safepoint   ] Safepoint synchronization initiated using futex wait barrier. (223 threads)
[2025-03-19T10:21:24.460+0000][325.900s][info ][safepoint   ] Safepoint "Cleanup", Time since last: 9000772329 ns, Reaching safepoint: 77291 ns, Cleanup: 20131 ns, At safepoint: 5443 ns, Total: 102865 ns
[2025-03-19T10:21:25.460+0000][326.900s][debug][safepoint   ] Safepoint synchronization initiated using futex wait barrier. (223 threads)
[2025-03-19T10:21:25.460+0000][326.900s][info ][safepoint   ] Safepoint "Cleanup", Time since last: 1000085060 ns, Reaching safepoint: 75169 ns, Cleanup: 22479 ns, At safepoint: 5885 ns, Total: 103533 ns
[2025-03-19T10:21:26.460+0000][327.900s][debug][safepoint   ] Safepoint synchronization initiated using futex wait barrier. (223 threads)
[2025-03-19T10:21:26.460+0000][327.900s][info ][safepoint   ] Safepoint "Cleanup", Time since last: 1000085063 ns, Reaching safepoint: 73358 ns, Cleanup: 14932 ns, At safepoint: 5975 ns, Total: 94265 ns
[2025-03-19T10:21:30.460+0000][331.900s][debug][safepoint   ] Safepoint synchronization initiated using futex wait barrier. (223 threads)
[2025-03-19T10:21:30.460+0000][331.900s][info ][safepoint   ] Safepoint "Cleanup", Time since last: 4000449302 ns, Reaching safepoint: 101076 ns, Cleanup: 22384 ns, At safepoint: 6322 ns, Total: 129782 ns
[2025-03-19T10:21:32.461+0000][333.901s][debug][safepoint   ] Safepoint synchronization initiated using futex wait barrier. (223 threads)
[2025-03-19T10:21:32.461+0000][333.901s][info ][safepoint   ] Safepoint "Cleanup", Time since last: 2000199643 ns, Reaching safepoint: 110586 ns, Cleanup: 41661 ns, At safepoint: 7869 ns, Total: 160116 ns
[2025-03-19T10:21:35.461+0000][336.901s][debug][safepoint   ] Safepoint synchronization initiated using futex wait barrier. (223 threads)
[2025-03-19T10:21:35.461+0000][336.901s][info ][safepoint   ] Safepoint "Cleanup", Time since last: 3000266074 ns, Reaching safepoint: 77762 ns, Cleanup: 18124 ns, At safepoint: 5137 ns, Total: 101023 ns
[2025-03-19T10:21:44.462+0000][345.902s][debug][safepoint   ] Safepoint synchronization initiated using futex wait barrier. (223 threads)
[2025-03-19T10:21:44.462+0000][345.902s][info ][safepoint   ] Safepoint "Cleanup", Time since last: 9000700370 ns, Reaching safepoint: 54594 ns, Cleanup: 17430 ns, At safepoint: 3693 ns, Total: 75717 ns
[2025-03-19T10:21:45.462+0000][346.902s][debug][safepoint   ] Safepoint synchronization initiated using futex wait barrier. (223 threads)
[2025-03-19T10:21:45.462+0000][346.902s][info ][safepoint   ] Safepoint "Cleanup", Time since last: 1000082208 ns, Reaching safepoint: 67075 ns, Cleanup: 15462 ns, At safepoint: 5557 ns, Total: 88094 ns
[2025-03-19T10:21:47.463+0000][348.903s][debug][safepoint   ] Safepoint synchronization initiated using futex wait barrier. (223 threads)
[2025-03-19T10:21:47.463+0000][348.903s][info ][safepoint   ] Safepoint "Cleanup", Time since last: 2000585220 ns, Reaching safepoint: 87750 ns, Cleanup: 23127 ns, At safepoint: 6284 ns, Total: 117161 ns
[2025-03-19T10:21:55.464+0000][356.904s][debug][safepoint   ] Safepoint synchronization initiated using futex wait barrier. (222 threads)
[2025-03-19T10:21:55.464+0000][356.904s][info ][safepoint   ] Safepoint "Cleanup", Time since last: 8000817694 ns, Reaching safepoint: 106861 ns, Cleanup: 27779 ns, At safepoint: 7778 ns, Total: 142418 ns
[2025-03-19T10:21:58.465+0000][359.905s][debug][safepoint   ] Safepoint synchronization initiated using futex wait barrier. (221 threads)
[2025-03-19T10:21:58.465+0000][359.905s][info ][safepoint   ] Safepoint "Cleanup", Time since last: 3001396162 ns, Reaching safepoint: 88727 ns, Cleanup: 18663 ns, At safepoint: 3852 ns, Total: 111242 ns
[2025-03-19T10:22:02.911+0000][364.351s][debug][safepoint   ] Safepoint synchronization initiated using futex wait barrier. (221 threads)
[2025-03-19T10:22:02.911+0000][364.351s][info ][safepoint   ] Safepoint "Cleanup", Time since last: 4445655923 ns, Reaching safepoint: 105578 ns, Cleanup: 18011 ns, At safepoint: 6839 ns, Total: 130428 ns
[2025-03-19T10:22:05.911+0000][367.351s][debug][safepoint   ] Safepoint synchronization initiated using futex wait barrier. (221 threads)
[2025-03-19T10:22:05.911+0000][367.351s][info ][safepoint   ] Safepoint "Cleanup", Time since last: 3000268899 ns, Reaching safepoint: 96880 ns, Cleanup: 19777 ns, At safepoint: 5326 ns, Total: 121983 ns
[2025-03-19T10:22:08.912+0000][370.352s][debug][safepoint   ] Safepoint synchronization initiated using futex wait barrier. (221 threads)
[2025-03-19T10:22:08.912+0000][370.352s][info ][safepoint   ] Safepoint "Cleanup", Time since last: 3000249708 ns, Reaching safepoint: 80311 ns, Cleanup: 18716 ns, At safepoint: 4881 ns, Total: 103908 ns
[2025-03-19T10:22:10.912+0000][372.352s][debug][safepoint   ] Safepoint synchronization initiated using futex wait barrier. (221 threads)
[2025-03-19T10:22:10.912+0000][372.352s][info ][safepoint   ] Safepoint "Cleanup", Time since last: 2000161853 ns, Reaching safepoint: 108875 ns, Cleanup: 28449 ns, At safepoint: 7444 ns, Total: 144768 ns
[2025-03-19T10:22:11.912+0000][373.352s][debug][safepoint   ] Safepoint synchronization initiated using futex wait barrier. (221 threads)
[2025-03-19T10:22:11.912+0000][373.352s][info ][safepoint   ] Safepoint "Cleanup", Time since last: 1000091605 ns, Reaching safepoint: 78342 ns, Cleanup: 22353 ns, At safepoint: 5390 ns, Total: 106085 ns
[2025-03-19T10:22:15.913+0000][377.353s][debug][safepoint   ] Safepoint synchronization initiated using futex wait barrier. (221 threads)
[2025-03-19T10:22:15.913+0000][377.353s][info ][safepoint   ] Safepoint "Cleanup", Time since last: 4000319924 ns, Reaching safepoint: 80905 ns, Cleanup: 24474 ns, At safepoint: 5601 ns, Total: 110980 ns
[2025-03-19T10:22:17.913+0000][379.353s][debug][safepoint   ] Safepoint synchronization initiated using futex wait barrier. (221 threads)
[2025-03-19T10:22:17.914+0000][379.354s][info ][safepoint   ] Safepoint "Cleanup", Time since last: 2000632250 ns, Reaching safepoint: 99922 ns, Cleanup: 20677 ns, At safepoint: 5961 ns, Total: 126560 ns
[2025-03-19T10:22:18.914+0000][380.354s][debug][safepoint   ] Safepoint synchronization initiated using futex wait barrier. (221 threads)
[2025-03-19T10:22:18.914+0000][380.354s][info ][safepoint   ] Safepoint "Cleanup", Time since last: 1000081116 ns, Reaching safepoint: 88859 ns, Cleanup: 43870 ns, At safepoint: 5922 ns, Total: 138651 ns
[2025-03-19T10:22:19.914+0000][381.354s][debug][safepoint   ] Safepoint synchronization initiated using futex wait barrier. (221 threads)
[2025-03-19T10:22:19.914+0000][381.354s][info ][safepoint   ] Safepoint "Cleanup", Time since last: 1000107738 ns, Reaching safepoint: 82836 ns, Cleanup: 18326 ns, At safepoint: 5743 ns, Total: 106905 ns
[2025-03-19T10:22:20.914+0000][382.354s][debug][safepoint   ] Safepoint synchronization initiated using futex wait barrier. (221 threads)
[2025-03-19T10:22:20.914+0000][382.354s][info ][safepoint   ] Safepoint "Cleanup", Time since last: 1000082842 ns, Reaching safepoint: 98444 ns, Cleanup: 45905 ns, At safepoint: 5184 ns, Total: 149533 ns
[2025-03-19T10:22:22.915+0000][384.355s][debug][safepoint   ] Safepoint synchronization initiated using futex wait barrier. (221 threads)
[2025-03-19T10:22:22.915+0000][384.355s][info ][safepoint   ] Safepoint "Cleanup", Time since last: 2000657292 ns, Reaching safepoint: 74624 ns, Cleanup: 15940 ns, At safepoint: 5676 ns, Total: 96240 ns
[2025-03-19T10:22:24.915+0000][386.355s][debug][safepoint   ] Safepoint synchronization initiated using futex wait barrier. (221 threads)
[2025-03-19T10:22:24.915+0000][386.355s][info ][safepoint   ] Safepoint "Cleanup", Time since last: 2000244154 ns, Reaching safepoint: 101914 ns, Cleanup: 77079 ns, At safepoint: 7131 ns, Total: 186124 ns
[2025-03-19T10:22:26.916+0000][388.356s][debug][safepoint   ] Safepoint synchronization initiated using futex wait barrier. (221 threads)
[2025-03-19T10:22:26.916+0000][388.356s][info ][safepoint   ] Safepoint "Cleanup", Time since last: 2000225607 ns, Reaching safepoint: 87756 ns, Cleanup: 19381 ns, At safepoint: 6549 ns, Total: 113686 ns
[2025-03-19T10:22:28.916+0000][390.356s][debug][safepoint   ] Safepoint synchronization initiated using futex wait barrier. (221 threads)
[2025-03-19T10:22:28.916+0000][390.356s][info ][safepoint   ] Safepoint "Cleanup", Time since last: 2000549514 ns, Reaching safepoint: 107935 ns, Cleanup: 21023 ns, At safepoint: 7531 ns, Total: 136489 ns
[2025-03-19T10:22:29.917+0000][391.357s][debug][safepoint   ] Safepoint synchronization initiated using futex wait barrier. (221 threads)
[2025-03-19T10:22:29.917+0000][391.357s][info ][safepoint   ] Safepoint "Cleanup", Time since last: 1000114605 ns, Reaching safepoint: 154073 ns, Cleanup: 34484 ns, At safepoint: 13014 ns, Total: 201571 ns
[2025-03-19T10:22:32.917+0000][394.357s][debug][safepoint   ] Safepoint synchronization initiated using futex wait barrier. (221 threads)
[2025-03-19T10:22:32.918+0000][394.358s][info ][safepoint   ] Safepoint "Cleanup", Time since last: 3000658740 ns, Reaching safepoint: 100086 ns, Cleanup: 17448 ns, At safepoint: 5345 ns, Total: 122879 ns
[2025-03-19T10:22:35.918+0000][397.358s][debug][safepoint   ] Safepoint synchronization initiated using futex wait barrier. (221 threads)
[2025-03-19T10:22:35.918+0000][397.358s][info ][safepoint   ] Safepoint "Cleanup", Time since last: 3000265769 ns, Reaching safepoint: 112989 ns, Cleanup: 25056 ns, At safepoint: 7656 ns, Total: 145701 ns
[2025-03-19T10:22:40.919+0000][402.359s][debug][safepoint   ] Safepoint synchronization initiated using futex wait barrier. (221 threads)
[2025-03-19T10:22:40.919+0000][402.359s][info ][safepoint   ] Safepoint "Cleanup", Time since last: 5000758958 ns, Reaching safepoint: 73672 ns, Cleanup: 23196 ns, At safepoint: 5040 ns, Total: 101908 ns
[2025-03-19T10:22:43.919+0000][405.359s][debug][safepoint   ] Safepoint synchronization initiated using futex wait barrier. (222 threads)
[2025-03-19T10:22:43.919+0000][405.359s][info ][safepoint   ] Safepoint "Cleanup", Time since last: 3000253668 ns, Reaching safepoint: 82439 ns, Cleanup: 88585 ns, At safepoint: 4316 ns, Total: 175340 ns
[2025-03-19T10:22:44.919+0000][406.359s][debug][safepoint   ] Safepoint synchronization initiated using futex wait barrier. (222 threads)
[2025-03-19T10:22:44.919+0000][406.359s][info ][safepoint   ] Safepoint "Cleanup", Time since last: 1000103627 ns, Reaching safepoint: 103297 ns, Cleanup: 18643 ns, At safepoint: 6231 ns, Total: 128171 ns
[2025-03-19T10:22:45.920+0000][407.360s][debug][safepoint   ] Safepoint synchronization initiated using futex wait barrier. (222 threads)
[2025-03-19T10:22:45.920+0000][407.360s][info ][safepoint   ] Safepoint "Cleanup", Time since last: 1000115579 ns, Reaching safepoint: 128282 ns, Cleanup: 24973 ns, At safepoint: 8125 ns, Total: 161380 ns
[2025-03-19T10:22:47.920+0000][409.360s][debug][safepoint   ] Safepoint synchronization initiated using futex wait barrier. (219 threads)
[2025-03-19T10:22:47.920+0000][409.360s][info ][safepoint   ] Safepoint "Cleanup", Time since last: 2000178874 ns, Reaching safepoint: 91171 ns, Cleanup: 91526 ns, At safepoint: 14393 ns, Total: 197090 ns
[2025-03-19T10:22:48.543+0000][409.983s][debug][safepoint   ] Safepoint synchronization initiated using futex wait barrier. (219 threads)
[2025-03-19T10:22:48.543+0000][409.983s][info ][gc,start    ] GC(69) Pause Young (Normal) (G1 Evacuation Pause)
[2025-03-19T10:22:48.543+0000][409.983s][info ][gc,task     ] GC(69) Using 4 workers of 4 for evacuation
[2025-03-19T10:22:48.580+0000][410.020s][info ][gc,phases   ] GC(69)   Pre Evacuate Collection Set: 0.2ms
[2025-03-19T10:22:48.580+0000][410.020s][info ][gc,phases   ] GC(69)   Merge Heap Roots: 0.3ms
[2025-03-19T10:22:48.580+0000][410.020s][info ][gc,phases   ] GC(69)   Evacuate Collection Set: 34.5ms
[2025-03-19T10:22:48.580+0000][410.020s][info ][gc,phases   ] GC(69)   Post Evacuate Collection Set: 2.0ms
[2025-03-19T10:22:48.580+0000][410.020s][info ][gc,phases   ] GC(69)   Other: 0.2ms
[2025-03-19T10:22:48.580+0000][410.020s][info ][gc,heap     ] GC(69) Eden regions: 222->0(224)
[2025-03-19T10:22:48.580+0000][410.020s][info ][gc,heap     ] GC(69) Survivor regions: 19->11(31)
[2025-03-19T10:22:48.580+0000][410.020s][info ][gc,heap     ] GC(69) Old regions: 174->181
[2025-03-19T10:22:48.580+0000][410.020s][info ][gc,heap     ] GC(69) Archive regions: 2->2
[2025-03-19T10:22:48.580+0000][410.020s][info ][gc,heap     ] GC(69) Humongous regions: 2->2
[2025-03-19T10:22:48.580+0000][410.020s][info ][gc,metaspace] GC(69) Metaspace: 191582K(193024K)->191582K(193024K) NonClass: 168244K(168960K)->168244K(168960K) Class: 23337K(24064K)->23337K(24064K)
[2025-03-19T10:22:48.580+0000][410.020s][info ][gc          ] GC(69) Pause Young (Normal) (G1 Evacuation Pause) 417M->194M(487M) 37.322ms
[2025-03-19T10:22:48.580+0000][410.020s][info ][gc,cpu      ] GC(69) User=0.12s Sys=0.00s Real=0.04s
[2025-03-19T10:22:48.580+0000][410.020s][info ][safepoint   ] Safepoint "G1CollectForAllocation", Time since last: 622462886 ns, Reaching safepoint: 71660 ns, Cleanup: 14813 ns, At safepoint: 37664061 ns, Total: 37750534 ns
[2025-03-19T10:22:49.580+0000][411.020s][debug][safepoint   ] Safepoint synchronization initiated using futex wait barrier. (219 threads)
[2025-03-19T10:22:49.581+0000][411.021s][info ][safepoint   ] Safepoint "Cleanup", Time since last: 1000127145 ns, Reaching safepoint: 72354 ns, Cleanup: 20038 ns, At safepoint: 6558 ns, Total: 98950 ns
[2025-03-19T10:22:50.581+0000][412.021s][debug][safepoint   ] Safepoint synchronization initiated using futex wait barrier. (219 threads)
[2025-03-19T10:22:50.581+0000][412.021s][info ][safepoint   ] Safepoint "Cleanup", Time since last: 1000296754 ns, Reaching safepoint: 79422 ns, Cleanup: 26847 ns, At safepoint: 4141 ns, Total: 110410 ns
[2025-03-19T10:22:52.581+0000][414.021s][debug][safepoint   ] Safepoint synchronization initiated using futex wait barrier. (219 threads)
[2025-03-19T10:22:52.581+0000][414.021s][info ][safepoint   ] Safepoint "Cleanup", Time since last: 2000196478 ns, Reaching safepoint: 107420 ns, Cleanup: 36361 ns, At safepoint: 7046 ns, Total: 150827 ns
[2025-03-19T10:22:53.581+0000][415.021s][debug][safepoint   ] Safepoint synchronization initiated using futex wait barrier. (219 threads)
[2025-03-19T10:22:53.582+0000][415.022s][info ][safepoint   ] Safepoint "Cleanup", Time since last: 1000106383 ns, Reaching safepoint: 115653 ns, Cleanup: 20720 ns, At safepoint: 7663 ns, Total: 144036 ns
[2025-03-19T10:22:54.582+0000][416.022s][debug][safepoint   ] Safepoint synchronization initiated using futex wait barrier. (219 threads)
[2025-03-19T10:22:54.582+0000][416.022s][info ][safepoint   ] Safepoint "Cleanup", Time since last: 1000107514 ns, Reaching safepoint: 124841 ns, Cleanup: 26592 ns, At safepoint: 7545 ns, Total: 158978 ns
[2025-03-19T10:22:55.582+0000][417.022s][debug][safepoint   ] Safepoint synchronization initiated using futex wait barrier. (219 threads)
[2025-03-19T10:22:55.582+0000][417.022s][info ][safepoint   ] Safepoint "Cleanup", Time since last: 1000111876 ns, Reaching safepoint: 72456 ns, Cleanup: 33440 ns, At safepoint: 7014 ns, Total: 112910 ns
[2025-03-19T10:22:56.582+0000][418.022s][debug][safepoint   ] Safepoint synchronization initiated using futex wait barrier. (219 threads)
[2025-03-19T10:22:56.582+0000][418.022s][info ][safepoint   ] Safepoint "Cleanup", Time since last: 1000101911 ns, Reaching safepoint: 71022 ns, Cleanup: 29212 ns, At safepoint: 3712 ns, Total: 103946 ns
[2025-03-19T10:22:57.582+0000][419.022s][debug][safepoint   ] Safepoint synchronization initiated using futex wait barrier. (219 threads)
[2025-03-19T10:22:57.582+0000][419.022s][info ][safepoint   ] Safepoint "Cleanup", Time since last: 1000077315 ns, Reaching safepoint: 54924 ns, Cleanup: 20168 ns, At safepoint: 3172 ns, Total: 78264 ns
[2025-03-19T10:22:58.582+0000][420.022s][debug][safepoint   ] Safepoint synchronization initiated using futex wait barrier. (219 threads)
[2025-03-19T10:22:58.583+0000][420.023s][info ][safepoint   ] Safepoint "Cleanup", Time since last: 1000089719 ns, Reaching safepoint: 101480 ns, Cleanup: 26944 ns, At safepoint: 6603 ns, Total: 135027 ns
[2025-03-19T10:22:59.937+0000][421.377s][debug][safepoint   ] Safepoint synchronization initiated using futex wait barrier. (219 threads)
[2025-03-19T10:22:59.937+0000][421.377s][info ][safepoint   ] Safepoint "Cleanup", Time since last: 1354292666 ns, Reaching safepoint: 120506 ns, Cleanup: 29029 ns, At safepoint: 6948 ns, Total: 156483 ns
[2025-03-19T10:23:00.937+0000][422.377s][debug][safepoint   ] Safepoint synchronization initiated using futex wait barrier. (219 threads)
[2025-03-19T10:23:00.937+0000][422.377s][info ][safepoint   ] Safepoint "Cleanup", Time since last: 1000090624 ns, Reaching safepoint: 75257 ns, Cleanup: 15994 ns, At safepoint: 4636 ns, Total: 95887 ns
[2025-03-19T10:23:02.937+0000][424.377s][debug][safepoint   ] Safepoint synchronization initiated using futex wait barrier. (220 threads)
[2025-03-19T10:23:02.938+0000][424.378s][info ][safepoint   ] Safepoint "Cleanup", Time since last: 2000232926 ns, Reaching safepoint: 123347 ns, Cleanup: 21558 ns, At safepoint: 8538 ns, Total: 153443 ns
[2025-03-19T10:23:03.938+0000][425.378s][debug][safepoint   ] Safepoint synchronization initiated using futex wait barrier. (220 threads)
[2025-03-19T10:23:03.938+0000][425.378s][info ][safepoint   ] Safepoint "Cleanup", Time since last: 1000106671 ns, Reaching safepoint: 93422 ns, Cleanup: 35987 ns, At safepoint: 7441 ns, Total: 136850 ns
[2025-03-19T10:23:04.938+0000][426.378s][debug][safepoint   ] Safepoint synchronization initiated using futex wait barrier. (220 threads)
[2025-03-19T10:23:04.938+0000][426.378s][info ][safepoint   ] Safepoint "Cleanup", Time since last: 1000118812 ns, Reaching safepoint: 82147 ns, Cleanup: 15314 ns, At safepoint: 4831 ns, Total: 102292 ns
[2025-03-19T10:23:05.938+0000][427.378s][debug][safepoint   ] Safepoint synchronization initiated using futex wait barrier. (220 threads)
[2025-03-19T10:23:05.938+0000][427.378s][info ][safepoint   ] Safepoint "Cleanup", Time since last: 1000118548 ns, Reaching safepoint: 104293 ns, Cleanup: 25279 ns, At safepoint: 7831 ns, Total: 137403 ns
[2025-03-19T10:23:06.938+0000][428.378s][debug][safepoint   ] Safepoint synchronization initiated using futex wait barrier. (220 threads)
[2025-03-19T10:23:06.939+0000][428.379s][info ][safepoint   ] Safepoint "Cleanup", Time since last: 1000115014 ns, Reaching safepoint: 115479 ns, Cleanup: 48495 ns, At safepoint: 7715 ns, Total: 171689 ns
[2025-03-19T10:23:07.939+0000][429.379s][debug][safepoint   ] Safepoint synchronization initiated using futex wait barrier. (220 threads)
[2025-03-19T10:23:07.939+0000][429.379s][info ][safepoint   ] Safepoint "Cleanup", Time since last: 1000115212 ns, Reaching safepoint: 120367 ns, Cleanup: 21149 ns, At safepoint: 6960 ns, Total: 148476 ns
[2025-03-19T10:23:08.939+0000][430.379s][debug][safepoint   ] Safepoint synchronization initiated using futex wait barrier. (220 threads)
[2025-03-19T10:23:08.939+0000][430.379s][info ][safepoint   ] Safepoint "Cleanup", Time since last: 1000132226 ns, Reaching safepoint: 113138 ns, Cleanup: 22951 ns, At safepoint: 8060 ns, Total: 144149 ns
[2025-03-19T10:23:10.940+0000][432.380s][debug][safepoint   ] Safepoint synchronization initiated using futex wait barrier. (220 threads)
[2025-03-19T10:23:10.940+0000][432.380s][info ][safepoint   ] Safepoint "Cleanup", Time since last: 2001176228 ns, Reaching safepoint: 94875 ns, Cleanup: 17467 ns, At safepoint: 6261 ns, Total: 118603 ns
[2025-03-19T10:23:12.971+0000][434.411s][debug][safepoint   ] Safepoint synchronization initiated using futex wait barrier. (220 threads)
[2025-03-19T10:23:12.971+0000][434.411s][info ][safepoint   ] Safepoint "Cleanup", Time since last: 2030796196 ns, Reaching safepoint: 78554 ns, Cleanup: 16515 ns, At safepoint: 5264 ns, Total: 100333 ns
[2025-03-19T10:23:14.972+0000][436.412s][debug][safepoint   ] Safepoint synchronization initiated using futex wait barrier. (220 threads)
[2025-03-19T10:23:14.972+0000][436.412s][info ][safepoint   ] Safepoint "Cleanup", Time since last: 2000154523 ns, Reaching safepoint: 70969 ns, Cleanup: 13924 ns, At safepoint: 3870 ns, Total: 88763 ns
[2025-03-19T10:23:15.972+0000][437.412s][debug][safepoint   ] Safepoint synchronization initiated using futex wait barrier. (220 threads)
[2025-03-19T10:23:15.972+0000][437.412s][info ][safepoint   ] Safepoint "Cleanup", Time since last: 1000117702 ns, Reaching safepoint: 126193 ns, Cleanup: 26024 ns, At safepoint: 14815 ns, Total: 167032 ns
[2025-03-19T10:23:21.005+0000][442.445s][debug][safepoint   ] Safepoint synchronization initiated using futex wait barrier. (220 threads)
[2025-03-19T10:23:21.005+0000][442.445s][info ][safepoint   ] Safepoint "Cleanup", Time since last: 5033202968 ns, Reaching safepoint: 78782 ns, Cleanup: 17807 ns, At safepoint: 5709 ns, Total: 102298 ns
[2025-03-19T10:23:25.006+0000][446.446s][debug][safepoint   ] Safepoint synchronization initiated using futex wait barrier. (220 threads)
[2025-03-19T10:23:25.006+0000][446.446s][info ][safepoint   ] Safepoint "Cleanup", Time since last: 4000338245 ns, Reaching safepoint: 104364 ns, Cleanup: 23256 ns, At safepoint: 8027 ns, Total: 135647 ns
[2025-03-19T10:23:27.006+0000][448.446s][debug][safepoint   ] Safepoint synchronization initiated using futex wait barrier. (220 threads)
[2025-03-19T10:23:27.006+0000][448.446s][info ][safepoint   ] Safepoint "Cleanup", Time since last: 2000367971 ns, Reaching safepoint: 118543 ns, Cleanup: 25581 ns, At safepoint: 7999 ns, Total: 152123 ns
[2025-03-19T10:23:28.006+0000][449.446s][debug][safepoint   ] Safepoint synchronization initiated using futex wait barrier. (220 threads)
[2025-03-19T10:23:28.007+0000][449.447s][info ][safepoint   ] Safepoint "Cleanup", Time since last: 1000168639 ns, Reaching safepoint: 106987 ns, Cleanup: 26551 ns, At safepoint: 8364 ns, Total: 141902 ns
[2025-03-19T10:23:29.007+0000][450.447s][debug][safepoint   ] Safepoint synchronization initiated using futex wait barrier. (220 threads)
[2025-03-19T10:23:29.007+0000][450.447s][info ][safepoint   ] Safepoint "Cleanup", Time since last: 1000091319 ns, Reaching safepoint: 57210 ns, Cleanup: 14339 ns, At safepoint: 3651 ns, Total: 75200 ns
[2025-03-19T10:23:31.007+0000][452.447s][debug][safepoint   ] Safepoint synchronization initiated using futex wait barrier. (220 threads)
[2025-03-19T10:23:31.007+0000][452.447s][info ][safepoint   ] Safepoint "Cleanup", Time since last: 2000171247 ns, Reaching safepoint: 113919 ns, Cleanup: 23069 ns, At safepoint: 7762 ns, Total: 144750 ns
[2025-03-19T10:23:35.007+0000][456.447s][debug][safepoint   ] Safepoint synchronization initiated using futex wait barrier. (220 threads)
[2025-03-19T10:23:35.007+0000][456.447s][info ][safepoint   ] Safepoint "Cleanup", Time since last: 4000282137 ns, Reaching safepoint: 71954 ns, Cleanup: 19617 ns, At safepoint: 4955 ns, Total: 96526 ns
[2025-03-19T10:23:36.007+0000][457.447s][debug][safepoint   ] Safepoint synchronization initiated using futex wait barrier. (220 threads)
[2025-03-19T10:23:36.008+0000][457.448s][info ][safepoint   ] Safepoint "Cleanup", Time since last: 1000105304 ns, Reaching safepoint: 66501 ns, Cleanup: 17473 ns, At safepoint: 8016 ns, Total: 91990 ns
[2025-03-19T10:23:40.008+0000][461.448s][debug][safepoint   ] Safepoint synchronization initiated using futex wait barrier. (220 threads)
[2025-03-19T10:23:40.008+0000][461.448s][info ][safepoint   ] Safepoint "Cleanup", Time since last: 4000306291 ns, Reaching safepoint: 84818 ns, Cleanup: 17280 ns, At safepoint: 6103 ns, Total: 108201 ns
[2025-03-19T10:23:41.008+0000][462.448s][debug][safepoint   ] Safepoint synchronization initiated using futex wait barrier. (220 threads)
[2025-03-19T10:23:41.008+0000][462.448s][info ][safepoint   ] Safepoint "Cleanup", Time since last: 1000066661 ns, Reaching safepoint: 52241 ns, Cleanup: 15444 ns, At safepoint: 3497 ns, Total: 71182 ns
[2025-03-19T10:23:42.009+0000][463.449s][debug][safepoint   ] Safepoint synchronization initiated using futex wait barrier. (220 threads)
[2025-03-19T10:23:42.009+0000][463.449s][info ][safepoint   ] Safepoint "Cleanup", Time since last: 1000602864 ns, Reaching safepoint: 116050 ns, Cleanup: 21003 ns, At safepoint: 7886 ns, Total: 144939 ns
[2025-03-19T10:23:44.010+0000][465.450s][debug][safepoint   ] Safepoint synchronization initiated using futex wait barrier. (220 threads)
[2025-03-19T10:23:44.010+0000][465.450s][info ][safepoint   ] Safepoint "Cleanup", Time since last: 2001346678 ns, Reaching safepoint: 72474 ns, Cleanup: 22230 ns, At safepoint: 7219 ns, Total: 101923 ns
[2025-03-19T10:23:45.010+0000][466.450s][debug][safepoint   ] Safepoint synchronization initiated using futex wait barrier. (220 threads)
[2025-03-19T10:23:45.011+0000][466.451s][info ][safepoint   ] Safepoint "Cleanup", Time since last: 1000106999 ns, Reaching safepoint: 102118 ns, Cleanup: 28319 ns, At safepoint: 7387 ns, Total: 137824 ns
[2025-03-19T10:23:46.011+0000][467.451s][debug][safepoint   ] Safepoint synchronization initiated using futex wait barrier. (220 threads)
[2025-03-19T10:23:46.011+0000][467.451s][info ][safepoint   ] Safepoint "Cleanup", Time since last: 1000106455 ns, Reaching safepoint: 96067 ns, Cleanup: 21209 ns, At safepoint: 6391 ns, Total: 123667 ns
[2025-03-19T10:23:47.011+0000][468.451s][debug][safepoint   ] Safepoint synchronization initiated using futex wait barrier. (220 threads)
[2025-03-19T10:23:47.011+0000][468.451s][info ][safepoint   ] Safepoint "Cleanup", Time since last: 1000083784 ns, Reaching safepoint: 109342 ns, Cleanup: 14103 ns, At safepoint: 27443 ns, Total: 150888 ns
[2025-03-19T10:23:48.011+0000][469.451s][debug][safepoint   ] Safepoint synchronization initiated using futex wait barrier. (219 threads)
[2025-03-19T10:23:48.011+0000][469.451s][info ][safepoint   ] Safepoint "Cleanup", Time since last: 1000207814 ns, Reaching safepoint: 129089 ns, Cleanup: 26818 ns, At safepoint: 8035 ns, Total: 163942 ns
[2025-03-19T10:23:51.012+0000][472.452s][debug][safepoint   ] Safepoint synchronization initiated using futex wait barrier. (219 threads)
[2025-03-19T10:23:51.012+0000][472.452s][info ][safepoint   ] Safepoint "Cleanup", Time since last: 3000251305 ns, Reaching safepoint: 76856 ns, Cleanup: 26314 ns, At safepoint: 7052 ns, Total: 110222 ns
[2025-03-19T10:23:55.012+0000][476.452s][debug][safepoint   ] Safepoint synchronization initiated using futex wait barrier. (219 threads)
[2025-03-19T10:23:55.012+0000][476.452s][info ][safepoint   ] Safepoint "Cleanup", Time since last: 4000272829 ns, Reaching safepoint: 74833 ns, Cleanup: 19452 ns, At safepoint: 5249 ns, Total: 99534 ns
[2025-03-19T10:23:58.962+0000][480.402s][debug][safepoint   ] Safepoint synchronization initiated using futex wait barrier. (219 threads)
[2025-03-19T10:23:58.962+0000][480.402s][info ][safepoint   ] Safepoint "Cleanup", Time since last: 3949495263 ns, Reaching safepoint: 68780 ns, Cleanup: 15243 ns, At safepoint: 4151 ns, Total: 88174 ns
[2025-03-19T10:24:02.962+0000][484.402s][debug][safepoint   ] Safepoint synchronization initiated using futex wait barrier. (218 threads)
[2025-03-19T10:24:02.962+0000][484.402s][info ][safepoint   ] Safepoint "Cleanup", Time since last: 4000316490 ns, Reaching safepoint: 77511 ns, Cleanup: 17965 ns, At safepoint: 4935 ns, Total: 100411 ns
[2025-03-19T10:24:04.962+0000][486.402s][debug][safepoint   ] Safepoint synchronization initiated using futex wait barrier. (218 threads)
[2025-03-19T10:24:04.962+0000][486.402s][info ][safepoint   ] Safepoint "Cleanup", Time since last: 2000149231 ns, Reaching safepoint: 62909 ns, Cleanup: 12853 ns, At safepoint: 4259 ns, Total: 80021 ns
[2025-03-19T10:24:05.962+0000][487.402s][debug][safepoint   ] Safepoint synchronization initiated using futex wait barrier. (218 threads)
[2025-03-19T10:24:05.963+0000][487.403s][info ][safepoint   ] Safepoint "Cleanup", Time since last: 1000092170 ns, Reaching safepoint: 81702 ns, Cleanup: 16089 ns, At safepoint: 3909 ns, Total: 101700 ns
[2025-03-19T10:24:08.965+0000][490.405s][debug][safepoint   ] Safepoint synchronization initiated using futex wait barrier. (218 threads)
[2025-03-19T10:24:08.965+0000][490.405s][info ][safepoint   ] Safepoint "Cleanup", Time since last: 3002212705 ns, Reaching safepoint: 99245 ns, Cleanup: 34512 ns, At safepoint: 17968 ns, Total: 151725 ns
[2025-03-19T10:24:10.965+0000][492.405s][debug][safepoint   ] Safepoint synchronization initiated using futex wait barrier. (218 threads)
[2025-03-19T10:24:10.965+0000][492.405s][info ][safepoint   ] Safepoint "Cleanup", Time since last: 2000173096 ns, Reaching safepoint: 97987 ns, Cleanup: 22765 ns, At safepoint: 7825 ns, Total: 128577 ns
[2025-03-19T10:24:14.966+0000][496.406s][debug][safepoint   ] Safepoint synchronization initiated using futex wait barrier. (218 threads)
[2025-03-19T10:24:14.966+0000][496.406s][info ][safepoint   ] Safepoint "Cleanup", Time since last: 4000338521 ns, Reaching safepoint: 84297 ns, Cleanup: 17327 ns, At safepoint: 5265 ns, Total: 106889 ns
[2025-03-19T10:24:15.966+0000][497.406s][debug][safepoint   ] Safepoint synchronization initiated using futex wait barrier. (218 threads)
[2025-03-19T10:24:15.966+0000][497.406s][info ][safepoint   ] Safepoint "Cleanup", Time since last: 1000107927 ns, Reaching safepoint: 83462 ns, Cleanup: 22043 ns, At safepoint: 6527 ns, Total: 112032 ns
[2025-03-19T10:24:20.966+0000][502.406s][debug][safepoint   ] Safepoint synchronization initiated using futex wait barrier. (219 threads)
[2025-03-19T10:24:20.966+0000][502.406s][info ][safepoint   ] Safepoint "Cleanup", Time since last: 5000364490 ns, Reaching safepoint: 79042 ns, Cleanup: 15794 ns, At safepoint: 4594 ns, Total: 99430 ns
[2025-03-19T10:24:23.967+0000][505.407s][debug][safepoint   ] Safepoint synchronization initiated using futex wait barrier. (219 threads)
[2025-03-19T10:24:23.967+0000][505.407s][info ][safepoint   ] Safepoint "Cleanup", Time since last: 3000974239 ns, Reaching safepoint: 73269 ns, Cleanup: 24408 ns, At safepoint: 6396 ns, Total: 104073 ns
[2025-03-19T10:24:24.968+0000][506.408s][debug][safepoint   ] Safepoint synchronization initiated using futex wait barrier. (219 threads)
[2025-03-19T10:24:24.968+0000][506.408s][info ][safepoint   ] Safepoint "Cleanup", Time since last: 1000108729 ns, Reaching safepoint: 82832 ns, Cleanup: 18544 ns, At safepoint: 6384 ns, Total: 107760 ns
[2025-03-19T10:24:29.968+0000][511.408s][debug][safepoint   ] Safepoint synchronization initiated using futex wait barrier. (219 threads)
[2025-03-19T10:24:29.968+0000][511.408s][info ][safepoint   ] Safepoint "Cleanup", Time since last: 5000473790 ns, Reaching safepoint: 110337 ns, Cleanup: 27168 ns, At safepoint: 7893 ns, Total: 145398 ns
[2025-03-19T10:24:30.968+0000][512.408s][debug][safepoint   ] Safepoint synchronization initiated using futex wait barrier. (218 threads)
[2025-03-19T10:24:30.969+0000][512.409s][info ][safepoint   ] Safepoint "Cleanup", Time since last: 1000115207 ns, Reaching safepoint: 102441 ns, Cleanup: 23345 ns, At safepoint: 6779 ns, Total: 132565 ns
[2025-03-19T10:24:43.970+0000][525.410s][debug][safepoint   ] Safepoint synchronization initiated using futex wait barrier. (218 threads)
[2025-03-19T10:24:43.970+0000][525.410s][info ][safepoint   ] Safepoint "Cleanup", Time since last: 13001077353 ns, Reaching safepoint: 121725 ns, Cleanup: 19542 ns, At safepoint: 9779 ns, Total: 151046 ns
