[2025-03-19T08:30:10.114+0000][0.005s][info][gc] Using G1
[2025-03-19T08:30:10.117+0000][0.007s][info][gc,init] Version: 17.0.13+11-Debian-2deb12u1 (release)
[2025-03-19T08:30:10.117+0000][0.007s][info][gc,init] CPUs: 4 total, 4 available
[2025-03-19T08:30:10.117+0000][0.007s][info][gc,init] Memory: 7213M
[2025-03-19T08:30:10.117+0000][0.007s][info][gc,init] Large Page Support: Disabled
[2025-03-19T08:30:10.117+0000][0.007s][info][gc,init] NUMA Support: Disabled
[2025-03-19T08:30:10.117+0000][0.007s][info][gc,init] Compressed Oops: Enabled (32-bit)
[2025-03-19T08:30:10.117+0000][0.007s][info][gc,init] Heap Region Size: 1M
[2025-03-19T08:30:10.117+0000][0.007s][info][gc,init] Heap Min Capacity: 8M
[2025-03-19T08:30:10.117+0000][0.007s][info][gc,init] Heap Initial Capacity: 114M
[2025-03-19T08:30:10.117+0000][0.007s][info][gc,init] Heap Max Capacity: 1804M
[2025-03-19T08:30:10.117+0000][0.007s][info][gc,init] Pre-touch: Disabled
[2025-03-19T08:30:10.117+0000][0.007s][info][gc,init] Parallel Workers: 4
[2025-03-19T08:30:10.117+0000][0.007s][info][gc,init] Concurrent Workers: 1
[2025-03-19T08:30:10.117+0000][0.007s][info][gc,init] Concurrent Refinement Workers: 4
[2025-03-19T08:30:10.117+0000][0.007s][info][gc,init] Periodic GC: Disabled
[2025-03-19T08:30:10.128+0000][0.019s][info][gc,metaspace] CDS archive(s) mapped at: [0x00007168df000000-0x00007168dfbc9000-0x00007168dfbc9000), size 12357632, SharedBaseAddress: 0x00007168df000000, ArchiveRelocationMode: 1.
[2025-03-19T08:30:10.128+0000][0.019s][info][gc,metaspace] Compressed class space mapped at: 0x00007168e0000000-0x0000716920000000, reserved size: 1073741824
[2025-03-19T08:30:10.128+0000][0.019s][info][gc,metaspace] Narrow klass base: 0x00007168df000000, Narrow klass shift: 0, Narrow klass range: 0x100000000
[2025-03-19T08:30:10.136+0000][0.026s][info][cds,heap    ] initialize_from_archived_subgraph java.lang.Module$ArchivedData 0x00007168df183388 (early)
[2025-03-19T08:30:10.136+0000][0.026s][info][cds,heap    ] initialize_from_archived_subgraph java.util.ImmutableCollections 0x00007168df070cd8 (early)
[2025-03-19T08:30:10.138+0000][0.029s][info][cds,heap    ] initialize_from_archived_subgraph java.lang.Integer$IntegerCache 0x00007168df036060 (early)
[2025-03-19T08:30:10.142+0000][0.033s][info][cds,heap    ] initialize_from_archived_subgraph java.lang.module.Configuration 0x00007168df171308 (early)
[2025-03-19T08:30:10.142+0000][0.033s][info][cds,heap    ] initialize_from_archived_subgraph java.lang.ModuleLayer 0x00007168df145c58 (early)
[2025-03-19T08:30:10.143+0000][0.034s][info][cds,heap    ] initialize_from_archived_subgraph jdk.internal.loader.ArchivedClassLoaders 0x00007168df1a79f0 (early)
[2025-03-19T08:30:10.143+0000][0.034s][info][cds,heap    ] initialize_from_archived_subgraph jdk.internal.module.ArchivedBootLayer 0x00007168df177f48 (early)
[2025-03-19T08:30:10.145+0000][0.036s][info][cds,heap    ] initialize_from_archived_subgraph sun.util.locale.BaseLocale 0x00007168df26bb10
[2025-03-19T08:30:10.154+0000][0.045s][info][cds,heap    ] initialize_from_archived_subgraph java.util.jar.Attributes$Name 0x00007168df199468
[2025-03-19T08:30:10.184+0000][0.074s][info][cds,heap    ] initialize_from_archived_subgraph java.lang.Long$LongCache 0x00007168df01f998
[2025-03-19T08:30:10.283+0000][0.174s][info][cds,heap    ] initialize_from_archived_subgraph java.lang.Character$CharacterCache 0x00007168df0393e8
[2025-03-19T08:30:10.637+0000][0.527s][debug][safepoint   ] Safepoint synchronization initiated using futex wait barrier. (13 threads)
[2025-03-19T08:30:10.637+0000][0.527s][info ][gc,start    ] GC(0) Pause Young (Normal) (G1 Evacuation Pause)
[2025-03-19T08:30:10.637+0000][0.528s][info ][gc,task     ] GC(0) Using 2 workers of 4 for evacuation
[2025-03-19T08:30:10.643+0000][0.534s][info ][gc,phases   ] GC(0)   Pre Evacuate Collection Set: 0.0ms
[2025-03-19T08:30:10.643+0000][0.534s][info ][gc,phases   ] GC(0)   Merge Heap Roots: 0.1ms
[2025-03-19T08:30:10.643+0000][0.534s][info ][gc,phases   ] GC(0)   Evacuate Collection Set: 5.3ms
[2025-03-19T08:30:10.643+0000][0.534s][info ][gc,phases   ] GC(0)   Post Evacuate Collection Set: 0.7ms
[2025-03-19T08:30:10.644+0000][0.534s][info ][gc,phases   ] GC(0)   Other: 0.2ms
[2025-03-19T08:30:10.644+0000][0.534s][info ][gc,heap     ] GC(0) Eden regions: 37->0(48)
[2025-03-19T08:30:10.644+0000][0.534s][info ][gc,heap     ] GC(0) Survivor regions: 0->5(5)
[2025-03-19T08:30:10.644+0000][0.534s][info ][gc,heap     ] GC(0) Old regions: 0->2
[2025-03-19T08:30:10.644+0000][0.534s][info ][gc,heap     ] GC(0) Archive regions: 2->2
[2025-03-19T08:30:10.644+0000][0.534s][info ][gc,heap     ] GC(0) Humongous regions: 0->0
[2025-03-19T08:30:10.644+0000][0.534s][info ][gc,metaspace] GC(0) Metaspace: 2057K(2240K)->2057K(2240K) NonClass: 1851K(1920K)->1851K(1920K) Class: 205K(320K)->205K(320K)
[2025-03-19T08:30:10.644+0000][0.534s][info ][gc          ] GC(0) Pause Young (Normal) (G1 Evacuation Pause) 37M->7M(116M) 6.484ms
[2025-03-19T08:30:10.644+0000][0.534s][info ][gc,cpu      ] GC(0) User=0.01s Sys=0.00s Real=0.00s
[2025-03-19T08:30:10.644+0000][0.534s][info ][safepoint   ] Safepoint "G1CollectForAllocation", Time since last: 501829655 ns, Reaching safepoint: 46383 ns, Cleanup: 71047 ns, At safepoint: 6542932 ns, Total: 6660362 ns
[2025-03-19T08:30:11.153+0000][1.044s][debug][safepoint   ] Safepoint synchronization initiated using futex wait barrier. (13 threads)
[2025-03-19T08:30:11.153+0000][1.044s][info ][gc,start    ] GC(1) Pause Young (Normal) (G1 Evacuation Pause)
[2025-03-19T08:30:11.153+0000][1.044s][info ][gc,task     ] GC(1) Using 2 workers of 4 for evacuation
[2025-03-19T08:30:11.164+0000][1.054s][info ][gc,phases   ] GC(1)   Pre Evacuate Collection Set: 0.1ms
[2025-03-19T08:30:11.164+0000][1.054s][info ][gc,phases   ] GC(1)   Merge Heap Roots: 0.0ms
[2025-03-19T08:30:11.164+0000][1.054s][info ][gc,phases   ] GC(1)   Evacuate Collection Set: 9.6ms
[2025-03-19T08:30:11.164+0000][1.054s][info ][gc,phases   ] GC(1)   Post Evacuate Collection Set: 0.8ms
[2025-03-19T08:30:11.164+0000][1.054s][info ][gc,phases   ] GC(1)   Other: 0.1ms
[2025-03-19T08:30:11.164+0000][1.054s][info ][gc,heap     ] GC(1) Eden regions: 48->0(62)
[2025-03-19T08:30:11.164+0000][1.054s][info ][gc,heap     ] GC(1) Survivor regions: 5->4(7)
[2025-03-19T08:30:11.164+0000][1.054s][info ][gc,heap     ] GC(1) Old regions: 2->7
[2025-03-19T08:30:11.164+0000][1.054s][info ][gc,heap     ] GC(1) Archive regions: 2->2
[2025-03-19T08:30:11.164+0000][1.054s][info ][gc,heap     ] GC(1) Humongous regions: 0->0
[2025-03-19T08:30:11.164+0000][1.054s][info ][gc,metaspace] GC(1) Metaspace: 3578K(3840K)->3578K(3840K) NonClass: 3205K(3328K)->3205K(3328K) Class: 373K(512K)->373K(512K)
[2025-03-19T08:30:11.164+0000][1.054s][info ][gc          ] GC(1) Pause Young (Normal) (G1 Evacuation Pause) 55M->11M(116M) 10.637ms
[2025-03-19T08:30:11.164+0000][1.054s][info ][gc,cpu      ] GC(1) User=0.02s Sys=0.00s Real=0.02s
[2025-03-19T08:30:11.164+0000][1.054s][info ][safepoint   ] Safepoint "G1CollectForAllocation", Time since last: 509657835 ns, Reaching safepoint: 41074 ns, Cleanup: 79668 ns, At safepoint: 10702991 ns, Total: 10823733 ns
[2025-03-19T08:30:11.662+0000][1.552s][debug][safepoint   ] Safepoint synchronization initiated using futex wait barrier. (14 threads)
[2025-03-19T08:30:11.662+0000][1.552s][info ][gc,start    ] GC(2) Pause Young (Normal) (G1 Evacuation Pause)
[2025-03-19T08:30:11.662+0000][1.552s][info ][gc,task     ] GC(2) Using 2 workers of 4 for evacuation
[2025-03-19T08:30:11.669+0000][1.560s][info ][gc,phases   ] GC(2)   Pre Evacuate Collection Set: 0.1ms
[2025-03-19T08:30:11.670+0000][1.560s][info ][gc,phases   ] GC(2)   Merge Heap Roots: 0.1ms
[2025-03-19T08:30:11.670+0000][1.560s][info ][gc,phases   ] GC(2)   Evacuate Collection Set: 7.1ms
[2025-03-19T08:30:11.670+0000][1.560s][info ][gc,phases   ] GC(2)   Post Evacuate Collection Set: 0.4ms
[2025-03-19T08:30:11.670+0000][1.560s][info ][gc,phases   ] GC(2)   Other: 0.1ms
[2025-03-19T08:30:11.670+0000][1.560s][info ][gc,heap     ] GC(2) Eden regions: 62->0(63)
[2025-03-19T08:30:11.670+0000][1.560s][info ][gc,heap     ] GC(2) Survivor regions: 4->5(9)
[2025-03-19T08:30:11.670+0000][1.560s][info ][gc,heap     ] GC(2) Old regions: 7->7
[2025-03-19T08:30:11.670+0000][1.560s][info ][gc,heap     ] GC(2) Archive regions: 2->2
[2025-03-19T08:30:11.670+0000][1.560s][info ][gc,heap     ] GC(2) Humongous regions: 0->0
[2025-03-19T08:30:11.670+0000][1.560s][info ][gc,metaspace] GC(2) Metaspace: 6171K(6528K)->6171K(6528K) NonClass: 5416K(5568K)->5416K(5568K) Class: 754K(960K)->754K(960K)
[2025-03-19T08:30:11.670+0000][1.560s][info ][gc          ] GC(2) Pause Young (Normal) (G1 Evacuation Pause) 73M->12M(116M) 7.793ms
[2025-03-19T08:30:11.670+0000][1.560s][info ][gc,cpu      ] GC(2) User=0.02s Sys=0.01s Real=0.01s
[2025-03-19T08:30:11.670+0000][1.560s][info ][safepoint   ] Safepoint "G1CollectForAllocation", Time since last: 497475292 ns, Reaching safepoint: 46753 ns, Cleanup: 208265 ns, At safepoint: 7840310 ns, Total: 8095328 ns
[2025-03-19T08:30:12.244+0000][2.134s][debug][safepoint   ] Safepoint synchronization initiated using futex wait barrier. (14 threads)
[2025-03-19T08:30:12.244+0000][2.134s][info ][gc,start    ] GC(3) Pause Young (Normal) (G1 Evacuation Pause)
[2025-03-19T08:30:12.244+0000][2.134s][info ][gc,task     ] GC(3) Using 2 workers of 4 for evacuation
[2025-03-19T08:30:12.250+0000][2.141s][info ][gc,phases   ] GC(3)   Pre Evacuate Collection Set: 0.1ms
[2025-03-19T08:30:12.250+0000][2.141s][info ][gc,phases   ] GC(3)   Merge Heap Roots: 0.0ms
[2025-03-19T08:30:12.250+0000][2.141s][info ][gc,phases   ] GC(3)   Evacuate Collection Set: 5.7ms
[2025-03-19T08:30:12.250+0000][2.141s][info ][gc,phases   ] GC(3)   Post Evacuate Collection Set: 0.7ms
[2025-03-19T08:30:12.250+0000][2.141s][info ][gc,phases   ] GC(3)   Other: 0.1ms
[2025-03-19T08:30:12.250+0000][2.141s][info ][gc,heap     ] GC(3) Eden regions: 63->0(65)
[2025-03-19T08:30:12.250+0000][2.141s][info ][gc,heap     ] GC(3) Survivor regions: 5->3(9)
[2025-03-19T08:30:12.250+0000][2.141s][info ][gc,heap     ] GC(3) Old regions: 7->10
[2025-03-19T08:30:12.250+0000][2.141s][info ][gc,heap     ] GC(3) Archive regions: 2->2
[2025-03-19T08:30:12.250+0000][2.141s][info ][gc,heap     ] GC(3) Humongous regions: 0->0
[2025-03-19T08:30:12.251+0000][2.141s][info ][gc,metaspace] GC(3) Metaspace: 9609K(9984K)->9609K(9984K) NonClass: 8380K(8576K)->8380K(8576K) Class: 1229K(1408K)->1229K(1408K)
[2025-03-19T08:30:12.251+0000][2.141s][info ][gc          ] GC(3) Pause Young (Normal) (G1 Evacuation Pause) 75M->13M(116M) 6.618ms
[2025-03-19T08:30:12.251+0000][2.141s][info ][gc,cpu      ] GC(3) User=0.01s Sys=0.00s Real=0.01s
[2025-03-19T08:30:12.251+0000][2.141s][info ][safepoint   ] Safepoint "G1CollectForAllocation", Time since last: 574133202 ns, Reaching safepoint: 44405 ns, Cleanup: 86249 ns, At safepoint: 6661517 ns, Total: 6792171 ns
[2025-03-19T08:30:12.523+0000][2.414s][debug][safepoint   ] Safepoint synchronization initiated using futex wait barrier. (14 threads)
[2025-03-19T08:30:12.523+0000][2.414s][info ][gc,start    ] GC(4) Pause Young (Normal) (G1 Evacuation Pause)
[2025-03-19T08:30:12.523+0000][2.414s][info ][gc,task     ] GC(4) Using 2 workers of 4 for evacuation
[2025-03-19T08:30:12.531+0000][2.421s][info ][gc,phases   ] GC(4)   Pre Evacuate Collection Set: 0.1ms
[2025-03-19T08:30:12.531+0000][2.421s][info ][gc,phases   ] GC(4)   Merge Heap Roots: 0.0ms
[2025-03-19T08:30:12.531+0000][2.421s][info ][gc,phases   ] GC(4)   Evacuate Collection Set: 6.6ms
[2025-03-19T08:30:12.531+0000][2.421s][info ][gc,phases   ] GC(4)   Post Evacuate Collection Set: 0.8ms
[2025-03-19T08:30:12.531+0000][2.421s][info ][gc,phases   ] GC(4)   Other: 0.1ms
[2025-03-19T08:30:12.531+0000][2.421s][info ][gc,heap     ] GC(4) Eden regions: 65->0(80)
[2025-03-19T08:30:12.531+0000][2.421s][info ][gc,heap     ] GC(4) Survivor regions: 3->4(9)
[2025-03-19T08:30:12.531+0000][2.421s][info ][gc,heap     ] GC(4) Old regions: 10->10
[2025-03-19T08:30:12.531+0000][2.421s][info ][gc,heap     ] GC(4) Archive regions: 2->2
[2025-03-19T08:30:12.531+0000][2.421s][info ][gc,heap     ] GC(4) Humongous regions: 0->0
[2025-03-19T08:30:12.531+0000][2.421s][info ][gc,metaspace] GC(4) Metaspace: 11243K(11520K)->11243K(11520K) NonClass: 9763K(9920K)->9763K(9920K) Class: 1480K(1600K)->1480K(1600K)
[2025-03-19T08:30:12.531+0000][2.421s][info ][gc          ] GC(4) Pause Young (Normal) (G1 Evacuation Pause) 78M->13M(140M) 7.728ms
[2025-03-19T08:30:12.531+0000][2.421s][info ][gc,cpu      ] GC(4) User=0.01s Sys=0.00s Real=0.01s
[2025-03-19T08:30:12.531+0000][2.421s][info ][safepoint   ] Safepoint "G1CollectForAllocation", Time since last: 272678222 ns, Reaching safepoint: 37674 ns, Cleanup: 39818 ns, At safepoint: 7769496 ns, Total: 7846988 ns
[2025-03-19T08:30:12.675+0000][2.565s][debug][safepoint   ] Safepoint synchronization initiated using futex wait barrier. (14 threads)
[2025-03-19T08:30:12.675+0000][2.565s][info ][safepoint   ] Safepoint "ICBufferFull", Time since last: 143495739 ns, Reaching safepoint: 113396 ns, Cleanup: 83445 ns, At safepoint: 6243 ns, Total: 203084 ns
[2025-03-19T08:30:13.116+0000][3.006s][debug][safepoint   ] Safepoint synchronization initiated using futex wait barrier. (15 threads)
[2025-03-19T08:30:13.116+0000][3.006s][info ][gc,start    ] GC(5) Pause Young (Normal) (G1 Evacuation Pause)
[2025-03-19T08:30:13.116+0000][3.006s][info ][gc,task     ] GC(5) Using 4 workers of 4 for evacuation
[2025-03-19T08:30:13.126+0000][3.016s][info ][gc,phases   ] GC(5)   Pre Evacuate Collection Set: 0.1ms
[2025-03-19T08:30:13.126+0000][3.016s][info ][gc,phases   ] GC(5)   Merge Heap Roots: 0.1ms
[2025-03-19T08:30:13.126+0000][3.016s][info ][gc,phases   ] GC(5)   Evacuate Collection Set: 8.7ms
[2025-03-19T08:30:13.126+0000][3.017s][info ][gc,phases   ] GC(5)   Post Evacuate Collection Set: 1.3ms
[2025-03-19T08:30:13.126+0000][3.017s][info ][gc,phases   ] GC(5)   Other: 0.1ms
[2025-03-19T08:30:13.126+0000][3.017s][info ][gc,heap     ] GC(5) Eden regions: 80->0(78)
[2025-03-19T08:30:13.126+0000][3.017s][info ][gc,heap     ] GC(5) Survivor regions: 4->6(11)
[2025-03-19T08:30:13.126+0000][3.017s][info ][gc,heap     ] GC(5) Old regions: 10->10
[2025-03-19T08:30:13.126+0000][3.017s][info ][gc,heap     ] GC(5) Archive regions: 2->2
[2025-03-19T08:30:13.126+0000][3.017s][info ][gc,heap     ] GC(5) Humongous regions: 0->0
[2025-03-19T08:30:13.126+0000][3.017s][info ][gc,metaspace] GC(5) Metaspace: 14268K(14656K)->14268K(14656K) NonClass: 12418K(12608K)->12418K(12608K) Class: 1850K(2048K)->1850K(2048K)
[2025-03-19T08:30:13.126+0000][3.017s][info ][gc          ] GC(5) Pause Young (Normal) (G1 Evacuation Pause) 93M->15M(140M) 10.397ms
[2025-03-19T08:30:13.126+0000][3.017s][info ][gc,cpu      ] GC(5) User=0.03s Sys=0.01s Real=0.01s
[2025-03-19T08:30:13.126+0000][3.017s][info ][safepoint   ] Safepoint "G1CollectForAllocation", Time since last: 440803805 ns, Reaching safepoint: 113408 ns, Cleanup: 118641 ns, At safepoint: 10447716 ns, Total: 10679765 ns
[2025-03-19T08:30:13.373+0000][3.264s][debug][safepoint   ] ... found polling page loop exception at pc = 0x0000716949026ca1, stub =0x000071694898f400
[2025-03-19T08:30:13.387+0000][3.278s][info ][cds,heap    ] initialize_from_archived_subgraph java.lang.Byte$ByteCache 0x00007168df0395f8
[2025-03-19T08:30:13.387+0000][3.278s][info ][cds,heap    ] initialize_from_archived_subgraph java.lang.Short$ShortCache 0x00007168df03fce8
[2025-03-19T08:30:13.437+0000][3.327s][debug][safepoint   ] Safepoint synchronization initiated using futex wait barrier. (15 threads)
[2025-03-19T08:30:13.437+0000][3.327s][info ][gc,start    ] GC(6) Pause Young (Normal) (G1 Evacuation Pause)
[2025-03-19T08:30:13.437+0000][3.327s][info ][gc,task     ] GC(6) Using 4 workers of 4 for evacuation
[2025-03-19T08:30:13.446+0000][3.336s][info ][gc,phases   ] GC(6)   Pre Evacuate Collection Set: 0.1ms
[2025-03-19T08:30:13.446+0000][3.336s][info ][gc,phases   ] GC(6)   Merge Heap Roots: 0.1ms
[2025-03-19T08:30:13.446+0000][3.336s][info ][gc,phases   ] GC(6)   Evacuate Collection Set: 8.1ms
[2025-03-19T08:30:13.446+0000][3.336s][info ][gc,phases   ] GC(6)   Post Evacuate Collection Set: 0.7ms
[2025-03-19T08:30:13.446+0000][3.336s][info ][gc,phases   ] GC(6)   Other: 0.1ms
[2025-03-19T08:30:13.446+0000][3.337s][info ][gc,heap     ] GC(6) Eden regions: 78->0(77)
[2025-03-19T08:30:13.446+0000][3.337s][info ][gc,heap     ] GC(6) Survivor regions: 6->7(11)
[2025-03-19T08:30:13.446+0000][3.337s][info ][gc,heap     ] GC(6) Old regions: 10->10
[2025-03-19T08:30:13.446+0000][3.337s][info ][gc,heap     ] GC(6) Archive regions: 2->2
[2025-03-19T08:30:13.446+0000][3.337s][info ][gc,heap     ] GC(6) Humongous regions: 0->0
[2025-03-19T08:30:13.446+0000][3.337s][info ][gc,metaspace] GC(6) Metaspace: 16427K(16704K)->16427K(16704K) NonClass: 14188K(14336K)->14188K(14336K) Class: 2239K(2368K)->2239K(2368K)
[2025-03-19T08:30:13.446+0000][3.337s][info ][gc          ] GC(6) Pause Young (Normal) (G1 Evacuation Pause) 93M->16M(140M) 9.107ms
[2025-03-19T08:30:13.446+0000][3.337s][info ][gc,cpu      ] GC(6) User=0.03s Sys=0.00s Real=0.01s
[2025-03-19T08:30:13.446+0000][3.337s][info ][safepoint   ] Safepoint "G1CollectForAllocation", Time since last: 310668555 ns, Reaching safepoint: 95632 ns, Cleanup: 52512 ns, At safepoint: 9152920 ns, Total: 9301064 ns
[2025-03-19T08:30:13.789+0000][3.679s][debug][safepoint   ] Safepoint synchronization initiated using futex wait barrier. (15 threads)
[2025-03-19T08:30:13.789+0000][3.680s][info ][gc,start    ] GC(7) Pause Young (Normal) (G1 Evacuation Pause)
[2025-03-19T08:30:13.789+0000][3.680s][info ][gc,task     ] GC(7) Using 4 workers of 4 for evacuation
[2025-03-19T08:30:13.800+0000][3.690s][info ][gc,phases   ] GC(7)   Pre Evacuate Collection Set: 0.1ms
[2025-03-19T08:30:13.800+0000][3.690s][info ][gc,phases   ] GC(7)   Merge Heap Roots: 0.1ms
[2025-03-19T08:30:13.800+0000][3.690s][info ][gc,phases   ] GC(7)   Evacuate Collection Set: 9.8ms
[2025-03-19T08:30:13.800+0000][3.690s][info ][gc,phases   ] GC(7)   Post Evacuate Collection Set: 0.6ms
[2025-03-19T08:30:13.800+0000][3.690s][info ][gc,phases   ] GC(7)   Other: 0.1ms
[2025-03-19T08:30:13.800+0000][3.690s][info ][gc,heap     ] GC(7) Eden regions: 77->0(76)
[2025-03-19T08:30:13.800+0000][3.690s][info ][gc,heap     ] GC(7) Survivor regions: 7->8(11)
[2025-03-19T08:30:13.800+0000][3.690s][info ][gc,heap     ] GC(7) Old regions: 10->11
[2025-03-19T08:30:13.800+0000][3.690s][info ][gc,heap     ] GC(7) Archive regions: 2->2
[2025-03-19T08:30:13.800+0000][3.690s][info ][gc,heap     ] GC(7) Humongous regions: 0->0
[2025-03-19T08:30:13.800+0000][3.690s][info ][gc,metaspace] GC(7) Metaspace: 19503K(19776K)->19503K(19776K) NonClass: 16937K(17088K)->16937K(17088K) Class: 2565K(2688K)->2565K(2688K)
[2025-03-19T08:30:13.800+0000][3.690s][info ][gc          ] GC(7) Pause Young (Normal) (G1 Evacuation Pause) 93M->19M(140M) 10.701ms
[2025-03-19T08:30:13.800+0000][3.690s][info ][gc,cpu      ] GC(7) User=0.04s Sys=0.00s Real=0.01s
[2025-03-19T08:30:13.800+0000][3.690s][info ][safepoint   ] Safepoint "G1CollectForAllocation", Time since last: 342849949 ns, Reaching safepoint: 45995 ns, Cleanup: 73941 ns, At safepoint: 10741799 ns, Total: 10861735 ns
[2025-03-19T08:30:13.968+0000][3.859s][debug][safepoint   ] Safepoint synchronization initiated using futex wait barrier. (15 threads)
[2025-03-19T08:30:13.968+0000][3.859s][info ][gc,start    ] GC(8) Pause Young (Concurrent Start) (Metadata GC Threshold)
[2025-03-19T08:30:13.968+0000][3.859s][info ][gc,task     ] GC(8) Using 4 workers of 4 for evacuation
[2025-03-19T08:30:13.976+0000][3.867s][info ][gc,phases   ] GC(8)   Pre Evacuate Collection Set: 0.1ms
[2025-03-19T08:30:13.976+0000][3.867s][info ][gc,phases   ] GC(8)   Merge Heap Roots: 0.0ms
[2025-03-19T08:30:13.976+0000][3.867s][info ][gc,phases   ] GC(8)   Evacuate Collection Set: 6.0ms
[2025-03-19T08:30:13.976+0000][3.867s][info ][gc,phases   ] GC(8)   Post Evacuate Collection Set: 1.6ms
[2025-03-19T08:30:13.976+0000][3.867s][info ][gc,phases   ] GC(8)   Other: 0.1ms
[2025-03-19T08:30:13.976+0000][3.867s][info ][gc,heap     ] GC(8) Eden regions: 30->0(94)
[2025-03-19T08:30:13.976+0000][3.867s][info ][gc,heap     ] GC(8) Survivor regions: 8->6(11)
[2025-03-19T08:30:13.976+0000][3.867s][info ][gc,heap     ] GC(8) Old regions: 11->15
[2025-03-19T08:30:13.976+0000][3.867s][info ][gc,heap     ] GC(8) Archive regions: 2->2
[2025-03-19T08:30:13.976+0000][3.867s][info ][gc,heap     ] GC(8) Humongous regions: 0->0
[2025-03-19T08:30:13.976+0000][3.867s][info ][gc,metaspace] GC(8) Metaspace: 21174K(21504K)->21174K(21504K) NonClass: 18409K(18560K)->18409K(18560K) Class: 2764K(2944K)->2764K(2944K)
[2025-03-19T08:30:13.976+0000][3.867s][info ][gc          ] GC(8) Pause Young (Concurrent Start) (Metadata GC Threshold) 49M->21M(168M) 7.933ms
[2025-03-19T08:30:13.976+0000][3.867s][info ][gc,cpu      ] GC(8) User=0.03s Sys=0.00s Real=0.01s
[2025-03-19T08:30:13.976+0000][3.867s][info ][gc          ] GC(9) Concurrent Mark Cycle
[2025-03-19T08:30:13.976+0000][3.867s][info ][gc,marking  ] GC(9) Concurrent Clear Claimed Marks
[2025-03-19T08:30:13.977+0000][3.867s][info ][gc,marking  ] GC(9) Concurrent Clear Claimed Marks 0.034ms
[2025-03-19T08:30:13.977+0000][3.867s][info ][gc,marking  ] GC(9) Concurrent Scan Root Regions
[2025-03-19T08:30:13.976+0000][3.867s][info ][safepoint   ] Safepoint "CollectForMetadataAllocation", Time since last: 168385181 ns, Reaching safepoint: 110466 ns, Cleanup: 30899 ns, At safepoint: 8004009 ns, Total: 8145374 ns
[2025-03-19T08:30:13.984+0000][3.874s][info ][gc,marking  ] GC(9) Concurrent Scan Root Regions 7.506ms
[2025-03-19T08:30:13.984+0000][3.874s][info ][gc,marking  ] GC(9) Concurrent Mark
[2025-03-19T08:30:13.984+0000][3.874s][info ][gc,marking  ] GC(9) Concurrent Mark From Roots
[2025-03-19T08:30:13.984+0000][3.874s][info ][gc,task     ] GC(9) Using 1 workers of 1 for marking
[2025-03-19T08:30:14.006+0000][3.896s][info ][gc,marking  ] GC(9) Concurrent Mark From Roots 21.815ms
[2025-03-19T08:30:14.006+0000][3.896s][info ][gc,marking  ] GC(9) Concurrent Preclean
[2025-03-19T08:30:14.006+0000][3.897s][info ][gc,marking  ] GC(9) Concurrent Preclean 0.302ms
[2025-03-19T08:30:14.006+0000][3.897s][debug][safepoint   ] Safepoint synchronization initiated using futex wait barrier. (15 threads)
[2025-03-19T08:30:14.006+0000][3.897s][info ][gc,start    ] GC(9) Pause Remark
[2025-03-19T08:30:14.010+0000][3.901s][info ][gc          ] GC(9) Pause Remark 25M->25M(90M) 4.053ms
[2025-03-19T08:30:14.011+0000][3.901s][info ][gc,cpu      ] GC(9) User=0.01s Sys=0.00s Real=0.00s
[2025-03-19T08:30:14.011+0000][3.901s][info ][safepoint   ] Safepoint "G1PauseRemark", Time since last: 29824930 ns, Reaching safepoint: 82043 ns, Cleanup: 22077 ns, At safepoint: 4141727 ns, Total: 4245847 ns
[2025-03-19T08:30:14.011+0000][3.901s][info ][gc,marking  ] GC(9) Concurrent Mark 26.483ms
[2025-03-19T08:30:14.011+0000][3.901s][info ][gc,marking  ] GC(9) Concurrent Rebuild Remembered Sets
[2025-03-19T08:30:14.036+0000][3.926s][info ][gc,marking  ] GC(9) Concurrent Rebuild Remembered Sets 25.480ms
[2025-03-19T08:30:14.036+0000][3.927s][debug][safepoint   ] Safepoint synchronization initiated using futex wait barrier. (15 threads)
[2025-03-19T08:30:14.036+0000][3.927s][debug][safepoint   ] ... found polling page loop exception at pc = 0x0000716948fe92af, stub =0x000071694898f400
[2025-03-19T08:30:14.036+0000][3.927s][info ][gc,start    ] GC(9) Pause Cleanup
[2025-03-19T08:30:14.037+0000][3.927s][info ][gc          ] GC(9) Pause Cleanup 29M->29M(90M) 0.082ms
[2025-03-19T08:30:14.037+0000][3.927s][info ][gc,cpu      ] GC(9) User=0.00s Sys=0.00s Real=0.00s
[2025-03-19T08:30:14.037+0000][3.927s][info ][safepoint   ] Safepoint "G1PauseCleanup", Time since last: 25790679 ns, Reaching safepoint: 90304 ns, Cleanup: 13194 ns, At safepoint: 107664 ns, Total: 211162 ns
[2025-03-19T08:30:14.037+0000][3.927s][info ][gc,marking  ] GC(9) Concurrent Cleanup for Next Mark
[2025-03-19T08:30:14.039+0000][3.929s][info ][gc,marking  ] GC(9) Concurrent Cleanup for Next Mark 1.810ms
[2025-03-19T08:30:14.039+0000][3.929s][info ][gc          ] GC(9) Concurrent Mark Cycle 62.123ms
[2025-03-19T08:30:14.280+0000][4.170s][debug][safepoint   ] Safepoint synchronization initiated using futex wait barrier. (15 threads)
[2025-03-19T08:30:14.280+0000][4.171s][info ][gc,start    ] GC(10) Pause Young (Normal) (G1 Evacuation Pause)
[2025-03-19T08:30:14.280+0000][4.171s][info ][gc,task     ] GC(10) Using 4 workers of 4 for evacuation
[2025-03-19T08:30:14.288+0000][4.178s][info ][gc,phases   ] GC(10)   Pre Evacuate Collection Set: 0.1ms
[2025-03-19T08:30:14.288+0000][4.178s][info ][gc,phases   ] GC(10)   Merge Heap Roots: 0.1ms
[2025-03-19T08:30:14.288+0000][4.178s][info ][gc,phases   ] GC(10)   Evacuate Collection Set: 6.3ms
[2025-03-19T08:30:14.288+0000][4.178s][info ][gc,phases   ] GC(10)   Post Evacuate Collection Set: 0.7ms
[2025-03-19T08:30:14.288+0000][4.178s][info ][gc,phases   ] GC(10)   Other: 0.2ms
[2025-03-19T08:30:14.288+0000][4.178s][info ][gc,heap     ] GC(10) Eden regions: 52->0(49)
[2025-03-19T08:30:14.288+0000][4.178s][info ][gc,heap     ] GC(10) Survivor regions: 6->4(8)
[2025-03-19T08:30:14.288+0000][4.178s][info ][gc,heap     ] GC(10) Old regions: 15->19
[2025-03-19T08:30:14.288+0000][4.178s][info ][gc,heap     ] GC(10) Archive regions: 2->2
[2025-03-19T08:30:14.288+0000][4.178s][info ][gc,heap     ] GC(10) Humongous regions: 0->0
[2025-03-19T08:30:14.288+0000][4.178s][info ][gc,metaspace] GC(10) Metaspace: 23112K(23424K)->23112K(23424K) NonClass: 20077K(20224K)->20077K(20224K) Class: 3034K(3200K)->3034K(3200K)
[2025-03-19T08:30:14.288+0000][4.178s][info ][gc          ] GC(10) Pause Young (Normal) (G1 Evacuation Pause) 73M->22M(90M) 7.399ms
[2025-03-19T08:30:14.288+0000][4.178s][info ][gc,cpu      ] GC(10) User=0.03s Sys=0.00s Real=0.01s
[2025-03-19T08:30:14.288+0000][4.178s][info ][safepoint   ] Safepoint "G1CollectForAllocation", Time since last: 243490714 ns, Reaching safepoint: 114150 ns, Cleanup: 132628 ns, At safepoint: 7452162 ns, Total: 7698940 ns
[2025-03-19T08:30:14.528+0000][4.419s][debug][safepoint   ] Safepoint synchronization initiated using futex wait barrier. (15 threads)
[2025-03-19T08:30:14.528+0000][4.419s][info ][gc,start    ] GC(11) Pause Young (Normal) (G1 Evacuation Pause)
[2025-03-19T08:30:14.528+0000][4.419s][info ][gc,task     ] GC(11) Using 4 workers of 4 for evacuation
[2025-03-19T08:30:14.535+0000][4.426s][info ][gc,phases   ] GC(11)   Pre Evacuate Collection Set: 0.1ms
[2025-03-19T08:30:14.535+0000][4.426s][info ][gc,phases   ] GC(11)   Merge Heap Roots: 0.0ms
[2025-03-19T08:30:14.535+0000][4.426s][info ][gc,phases   ] GC(11)   Evacuate Collection Set: 6.2ms
[2025-03-19T08:30:14.535+0000][4.426s][info ][gc,phases   ] GC(11)   Post Evacuate Collection Set: 0.6ms
[2025-03-19T08:30:14.535+0000][4.426s][info ][gc,phases   ] GC(11)   Other: 0.1ms
[2025-03-19T08:30:14.535+0000][4.426s][info ][gc,heap     ] GC(11) Eden regions: 49->0(46)
[2025-03-19T08:30:14.535+0000][4.426s][info ][gc,heap     ] GC(11) Survivor regions: 4->7(7)
[2025-03-19T08:30:14.535+0000][4.426s][info ][gc,heap     ] GC(11) Old regions: 19->19
[2025-03-19T08:30:14.536+0000][4.426s][info ][gc,heap     ] GC(11) Archive regions: 2->2
[2025-03-19T08:30:14.536+0000][4.426s][info ][gc,heap     ] GC(11) Humongous regions: 0->0
[2025-03-19T08:30:14.536+0000][4.426s][info ][gc,metaspace] GC(11) Metaspace: 24412K(24832K)->24412K(24832K) NonClass: 21230K(21440K)->21230K(21440K) Class: 3181K(3392K)->3181K(3392K)
[2025-03-19T08:30:14.536+0000][4.426s][info ][gc          ] GC(11) Pause Young (Normal) (G1 Evacuation Pause) 71M->26M(90M) 7.060ms
[2025-03-19T08:30:14.536+0000][4.426s][info ][gc,cpu      ] GC(11) User=0.03s Sys=0.00s Real=0.01s
[2025-03-19T08:30:14.536+0000][4.426s][info ][safepoint   ] Safepoint "G1CollectForAllocation", Time since last: 240466133 ns, Reaching safepoint: 172813 ns, Cleanup: 88655 ns, At safepoint: 7121279 ns, Total: 7382747 ns
[2025-03-19T08:30:14.680+0000][4.570s][debug][safepoint   ] Safepoint synchronization initiated using futex wait barrier. (14 threads)
[2025-03-19T08:30:14.680+0000][4.570s][info ][gc,start    ] GC(12) Pause Young (Normal) (G1 Evacuation Pause)
[2025-03-19T08:30:14.680+0000][4.570s][info ][gc,task     ] GC(12) Using 3 workers of 4 for evacuation
[2025-03-19T08:30:14.692+0000][4.582s][info ][gc,phases   ] GC(12)   Pre Evacuate Collection Set: 0.1ms
[2025-03-19T08:30:14.692+0000][4.582s][info ][gc,phases   ] GC(12)   Merge Heap Roots: 0.1ms
[2025-03-19T08:30:14.692+0000][4.582s][info ][gc,phases   ] GC(12)   Evacuate Collection Set: 10.9ms
[2025-03-19T08:30:14.692+0000][4.582s][info ][gc,phases   ] GC(12)   Post Evacuate Collection Set: 1.0ms
[2025-03-19T08:30:14.692+0000][4.582s][info ][gc,phases   ] GC(12)   Other: 0.1ms
[2025-03-19T08:30:14.692+0000][4.582s][info ][gc,heap     ] GC(12) Eden regions: 46->0(39)
[2025-03-19T08:30:14.692+0000][4.582s][info ][gc,heap     ] GC(12) Survivor regions: 7->7(7)
[2025-03-19T08:30:14.692+0000][4.582s][info ][gc,heap     ] GC(12) Old regions: 19->24
[2025-03-19T08:30:14.692+0000][4.582s][info ][gc,heap     ] GC(12) Archive regions: 2->2
[2025-03-19T08:30:14.692+0000][4.582s][info ][gc,heap     ] GC(12) Humongous regions: 0->0
[2025-03-19T08:30:14.692+0000][4.582s][info ][gc,metaspace] GC(12) Metaspace: 24474K(24832K)->24474K(24832K) NonClass: 21278K(21440K)->21278K(21440K) Class: 3196K(3392K)->3196K(3392K)
[2025-03-19T08:30:14.692+0000][4.582s][info ][gc          ] GC(12) Pause Young (Normal) (G1 Evacuation Pause) 72M->30M(90M) 12.154ms
[2025-03-19T08:30:14.692+0000][4.582s][info ][gc,cpu      ] GC(12) User=0.04s Sys=0.00s Real=0.01s
[2025-03-19T08:30:14.692+0000][4.582s][info ][safepoint   ] Safepoint "G1CollectForAllocation", Time since last: 144080047 ns, Reaching safepoint: 52674 ns, Cleanup: 21596 ns, At safepoint: 12198318 ns, Total: 12272588 ns
[2025-03-19T08:30:14.766+0000][4.657s][debug][safepoint   ] Safepoint synchronization initiated using futex wait barrier. (14 threads)
[2025-03-19T08:30:14.766+0000][4.657s][info ][gc,start    ] GC(13) Pause Young (Normal) (G1 Evacuation Pause)
[2025-03-19T08:30:14.766+0000][4.657s][info ][gc,task     ] GC(13) Using 2 workers of 4 for evacuation
[2025-03-19T08:30:14.785+0000][4.675s][info ][gc,phases   ] GC(13)   Pre Evacuate Collection Set: 0.1ms
[2025-03-19T08:30:14.785+0000][4.676s][info ][gc,phases   ] GC(13)   Merge Heap Roots: 0.1ms
[2025-03-19T08:30:14.785+0000][4.676s][info ][gc,phases   ] GC(13)   Evacuate Collection Set: 16.5ms
[2025-03-19T08:30:14.785+0000][4.676s][info ][gc,phases   ] GC(13)   Post Evacuate Collection Set: 2.1ms
[2025-03-19T08:30:14.785+0000][4.676s][info ][gc,phases   ] GC(13)   Other: 0.1ms
[2025-03-19T08:30:14.785+0000][4.676s][info ][gc,heap     ] GC(13) Eden regions: 39->0(33)
[2025-03-19T08:30:14.785+0000][4.676s][info ][gc,heap     ] GC(13) Survivor regions: 7->6(6)
[2025-03-19T08:30:14.785+0000][4.676s][info ][gc,heap     ] GC(13) Old regions: 24->31
[2025-03-19T08:30:14.785+0000][4.676s][info ][gc,heap     ] GC(13) Archive regions: 2->2
[2025-03-19T08:30:14.785+0000][4.676s][info ][gc,heap     ] GC(13) Humongous regions: 0->0
[2025-03-19T08:30:14.785+0000][4.676s][info ][gc,metaspace] GC(13) Metaspace: 24474K(24832K)->24474K(24832K) NonClass: 21278K(21440K)->21278K(21440K) Class: 3196K(3392K)->3196K(3392K)
[2025-03-19T08:30:14.785+0000][4.676s][info ][gc          ] GC(13) Pause Young (Normal) (G1 Evacuation Pause) 69M->36M(90M) 18.898ms
[2025-03-19T08:30:14.785+0000][4.676s][info ][gc,cpu      ] GC(13) User=0.07s Sys=0.01s Real=0.02s
[2025-03-19T08:30:14.785+0000][4.676s][info ][safepoint   ] Safepoint "G1CollectForAllocation", Time since last: 74337553 ns, Reaching safepoint: 52112 ns, Cleanup: 5947 ns, At safepoint: 18950672 ns, Total: 19008731 ns
[2025-03-19T08:30:14.923+0000][4.813s][debug][safepoint   ] Safepoint synchronization initiated using futex wait barrier. (14 threads)
[2025-03-19T08:30:14.923+0000][4.813s][info ][gc,start    ] GC(14) Pause Young (Normal) (G1 Evacuation Pause)
[2025-03-19T08:30:14.923+0000][4.813s][info ][gc,task     ] GC(14) Using 2 workers of 4 for evacuation
[2025-03-19T08:30:14.935+0000][4.825s][info ][gc,phases   ] GC(14)   Pre Evacuate Collection Set: 0.0ms
[2025-03-19T08:30:14.935+0000][4.825s][info ][gc,phases   ] GC(14)   Merge Heap Roots: 0.1ms
[2025-03-19T08:30:14.935+0000][4.825s][info ][gc,phases   ] GC(14)   Evacuate Collection Set: 9.7ms
[2025-03-19T08:30:14.935+0000][4.825s][info ][gc,phases   ] GC(14)   Post Evacuate Collection Set: 2.1ms
[2025-03-19T08:30:14.935+0000][4.825s][info ][gc,phases   ] GC(14)   Other: 0.1ms
[2025-03-19T08:30:14.935+0000][4.825s][info ][gc,heap     ] GC(14) Eden regions: 33->0(92)
[2025-03-19T08:30:14.935+0000][4.825s][info ][gc,heap     ] GC(14) Survivor regions: 6->4(5)
[2025-03-19T08:30:14.935+0000][4.825s][info ][gc,heap     ] GC(14) Old regions: 31->36
[2025-03-19T08:30:14.935+0000][4.825s][info ][gc,heap     ] GC(14) Archive regions: 2->2
[2025-03-19T08:30:14.935+0000][4.825s][info ][gc,heap     ] GC(14) Humongous regions: 0->0
[2025-03-19T08:30:14.935+0000][4.825s][info ][gc,metaspace] GC(14) Metaspace: 24558K(24896K)->24558K(24896K) NonClass: 21356K(21504K)->21356K(21504K) Class: 3201K(3392K)->3201K(3392K)
[2025-03-19T08:30:14.935+0000][4.825s][info ][gc          ] GC(14) Pause Young (Normal) (G1 Evacuation Pause) 69M->40M(176M) 12.078ms
[2025-03-19T08:30:14.935+0000][4.825s][info ][gc,cpu      ] GC(14) User=0.03s Sys=0.01s Real=0.02s
[2025-03-19T08:30:14.935+0000][4.825s][info ][safepoint   ] Safepoint "G1CollectForAllocation", Time since last: 137638894 ns, Reaching safepoint: 49487 ns, Cleanup: 30985 ns, At safepoint: 12135650 ns, Total: 12216122 ns
[2025-03-19T08:30:15.111+0000][5.001s][debug][safepoint   ] ... found polling page loop exception at pc = 0x00007169490fa4d3, stub =0x000071694898eb80
[2025-03-19T08:30:15.130+0000][5.020s][debug][safepoint   ] ... found polling page loop exception at pc = 0x000071694911d9ba, stub =0x000071694898f400
[2025-03-19T08:30:15.396+0000][5.287s][debug][safepoint   ] Safepoint synchronization initiated using futex wait barrier. (14 threads)
[2025-03-19T08:30:15.397+0000][5.287s][info ][gc,start    ] GC(15) Pause Young (Normal) (G1 Evacuation Pause)
[2025-03-19T08:30:15.397+0000][5.287s][info ][gc,task     ] GC(15) Using 4 workers of 4 for evacuation
[2025-03-19T08:30:15.410+0000][5.300s][info ][gc,phases   ] GC(15)   Pre Evacuate Collection Set: 0.1ms
[2025-03-19T08:30:15.410+0000][5.300s][info ][gc,phases   ] GC(15)   Merge Heap Roots: 0.1ms
[2025-03-19T08:30:15.410+0000][5.300s][info ][gc,phases   ] GC(15)   Evacuate Collection Set: 12.2ms
[2025-03-19T08:30:15.410+0000][5.300s][info ][gc,phases   ] GC(15)   Post Evacuate Collection Set: 0.9ms
[2025-03-19T08:30:15.410+0000][5.300s][info ][gc,phases   ] GC(15)   Other: 0.1ms
[2025-03-19T08:30:15.410+0000][5.300s][info ][gc,heap     ] GC(15) Eden regions: 92->0(85)
[2025-03-19T08:30:15.410+0000][5.300s][info ][gc,heap     ] GC(15) Survivor regions: 4->12(12)
[2025-03-19T08:30:15.410+0000][5.300s][info ][gc,heap     ] GC(15) Old regions: 36->36
[2025-03-19T08:30:15.410+0000][5.300s][info ][gc,heap     ] GC(15) Archive regions: 2->2
[2025-03-19T08:30:15.410+0000][5.300s][info ][gc,heap     ] GC(15) Humongous regions: 0->0
[2025-03-19T08:30:15.410+0000][5.300s][info ][gc,metaspace] GC(15) Metaspace: 24969K(25344K)->24969K(25344K) NonClass: 21714K(21888K)->21714K(21888K) Class: 3254K(3456K)->3254K(3456K)
[2025-03-19T08:30:15.410+0000][5.300s][info ][gc          ] GC(15) Pause Young (Normal) (G1 Evacuation Pause) 132M->47M(176M) 13.523ms
[2025-03-19T08:30:15.410+0000][5.300s][info ][gc,cpu      ] GC(15) User=0.05s Sys=0.00s Real=0.01s
[2025-03-19T08:30:15.410+0000][5.300s][info ][safepoint   ] Safepoint "G1CollectForAllocation", Time since last: 461252591 ns, Reaching safepoint: 43070 ns, Cleanup: 128397 ns, At safepoint: 13583960 ns, Total: 13755427 ns
[2025-03-19T08:30:15.932+0000][5.822s][debug][safepoint   ] Safepoint synchronization initiated using futex wait barrier. (14 threads)
[2025-03-19T08:30:15.932+0000][5.822s][info ][gc,start    ] GC(16) Pause Young (Normal) (G1 Evacuation Pause)
[2025-03-19T08:30:15.932+0000][5.822s][info ][gc,task     ] GC(16) Using 4 workers of 4 for evacuation
[2025-03-19T08:30:15.943+0000][5.834s][info ][gc,phases   ] GC(16)   Pre Evacuate Collection Set: 0.1ms
[2025-03-19T08:30:15.943+0000][5.834s][info ][gc,phases   ] GC(16)   Merge Heap Roots: 0.1ms
[2025-03-19T08:30:15.943+0000][5.834s][info ][gc,phases   ] GC(16)   Evacuate Collection Set: 9.8ms
[2025-03-19T08:30:15.943+0000][5.834s][info ][gc,phases   ] GC(16)   Post Evacuate Collection Set: 1.3ms
[2025-03-19T08:30:15.943+0000][5.834s][info ][gc,phases   ] GC(16)   Other: 0.1ms
[2025-03-19T08:30:15.943+0000][5.834s][info ][gc,heap     ] GC(16) Eden regions: 85->0(85)
[2025-03-19T08:30:15.943+0000][5.834s][info ][gc,heap     ] GC(16) Survivor regions: 12->5(13)
[2025-03-19T08:30:15.943+0000][5.834s][info ][gc,heap     ] GC(16) Old regions: 36->47
[2025-03-19T08:30:15.943+0000][5.834s][info ][gc,heap     ] GC(16) Archive regions: 2->2
[2025-03-19T08:30:15.943+0000][5.834s][info ][gc,heap     ] GC(16) Humongous regions: 0->0
[2025-03-19T08:30:15.944+0000][5.834s][info ][gc,metaspace] GC(16) Metaspace: 25163K(25472K)->25163K(25472K) NonClass: 21895K(22016K)->21895K(22016K) Class: 3268K(3456K)->3268K(3456K)
[2025-03-19T08:30:15.944+0000][5.834s][info ][gc          ] GC(16) Pause Young (Normal) (G1 Evacuation Pause) 132M->52M(176M) 11.406ms
[2025-03-19T08:30:15.944+0000][5.834s][info ][gc,cpu      ] GC(16) User=0.04s Sys=0.00s Real=0.01s
[2025-03-19T08:30:15.944+0000][5.834s][info ][safepoint   ] Safepoint "G1CollectForAllocation", Time since last: 521747658 ns, Reaching safepoint: 44691 ns, Cleanup: 169250 ns, At safepoint: 11453700 ns, Total: 11667641 ns
[2025-03-19T08:30:16.235+0000][6.126s][debug][safepoint   ] Safepoint synchronization initiated using futex wait barrier. (14 threads)
[2025-03-19T08:30:16.236+0000][6.126s][info ][gc,start    ] GC(17) Pause Young (Normal) (G1 Evacuation Pause)
[2025-03-19T08:30:16.236+0000][6.126s][info ][gc,task     ] GC(17) Using 4 workers of 4 for evacuation
[2025-03-19T08:30:16.246+0000][6.136s][info ][gc,phases   ] GC(17)   Pre Evacuate Collection Set: 0.1ms
[2025-03-19T08:30:16.246+0000][6.136s][info ][gc,phases   ] GC(17)   Merge Heap Roots: 0.0ms
[2025-03-19T08:30:16.246+0000][6.136s][info ][gc,phases   ] GC(17)   Evacuate Collection Set: 9.3ms
[2025-03-19T08:30:16.246+0000][6.136s][info ][gc,phases   ] GC(17)   Post Evacuate Collection Set: 0.9ms
[2025-03-19T08:30:16.246+0000][6.136s][info ][gc,phases   ] GC(17)   Other: 0.1ms
[2025-03-19T08:30:16.246+0000][6.136s][info ][gc,heap     ] GC(17) Eden regions: 85->0(85)
[2025-03-19T08:30:16.246+0000][6.136s][info ][gc,heap     ] GC(17) Survivor regions: 5->7(12)
[2025-03-19T08:30:16.246+0000][6.136s][info ][gc,heap     ] GC(17) Old regions: 47->47
[2025-03-19T08:30:16.246+0000][6.136s][info ][gc,heap     ] GC(17) Archive regions: 2->2
[2025-03-19T08:30:16.246+0000][6.136s][info ][gc,heap     ] GC(17) Humongous regions: 0->0
[2025-03-19T08:30:16.246+0000][6.136s][info ][gc,metaspace] GC(17) Metaspace: 25250K(25600K)->25250K(25600K) NonClass: 21968K(22144K)->21968K(22144K) Class: 3281K(3456K)->3281K(3456K)
[2025-03-19T08:30:16.246+0000][6.136s][info ][gc          ] GC(17) Pause Young (Normal) (G1 Evacuation Pause) 137M->54M(176M) 10.435ms
[2025-03-19T08:30:16.246+0000][6.136s][info ][gc,cpu      ] GC(17) User=0.04s Sys=0.00s Real=0.01s
[2025-03-19T08:30:16.246+0000][6.136s][info ][safepoint   ] Safepoint "G1CollectForAllocation", Time since last: 291915399 ns, Reaching safepoint: 43412 ns, Cleanup: 37723 ns, At safepoint: 10488664 ns, Total: 10569799 ns
[2025-03-19T08:30:16.573+0000][6.464s][debug][safepoint   ] Safepoint synchronization initiated using futex wait barrier. (15 threads)
[2025-03-19T08:30:16.574+0000][6.464s][info ][gc,start    ] GC(18) Pause Young (Normal) (G1 Evacuation Pause)
[2025-03-19T08:30:16.574+0000][6.464s][info ][gc,task     ] GC(18) Using 4 workers of 4 for evacuation
[2025-03-19T08:30:16.584+0000][6.474s][info ][gc,phases   ] GC(18)   Pre Evacuate Collection Set: 0.1ms
[2025-03-19T08:30:16.584+0000][6.474s][info ][gc,phases   ] GC(18)   Merge Heap Roots: 0.1ms
[2025-03-19T08:30:16.584+0000][6.474s][info ][gc,phases   ] GC(18)   Evacuate Collection Set: 8.1ms
[2025-03-19T08:30:16.584+0000][6.474s][info ][gc,phases   ] GC(18)   Post Evacuate Collection Set: 1.5ms
[2025-03-19T08:30:16.584+0000][6.474s][info ][gc,phases   ] GC(18)   Other: 0.1ms
[2025-03-19T08:30:16.584+0000][6.474s][info ][gc,heap     ] GC(18) Eden regions: 85->0(133)
[2025-03-19T08:30:16.584+0000][6.474s][info ][gc,heap     ] GC(18) Survivor regions: 7->5(12)
[2025-03-19T08:30:16.584+0000][6.474s][info ][gc,heap     ] GC(18) Old regions: 47->51
[2025-03-19T08:30:16.584+0000][6.474s][info ][gc,heap     ] GC(18) Archive regions: 2->2
[2025-03-19T08:30:16.584+0000][6.474s][info ][gc,heap     ] GC(18) Humongous regions: 0->0
[2025-03-19T08:30:16.584+0000][6.474s][info ][gc,metaspace] GC(18) Metaspace: 26853K(27264K)->26853K(27264K) NonClass: 23448K(23680K)->23448K(23680K) Class: 3405K(3584K)->3405K(3584K)
[2025-03-19T08:30:16.584+0000][6.474s][info ][gc          ] GC(18) Pause Young (Normal) (G1 Evacuation Pause) 139M->55M(235M) 10.058ms
[2025-03-19T08:30:16.584+0000][6.474s][info ][gc,cpu      ] GC(18) User=0.03s Sys=0.01s Real=0.01s
[2025-03-19T08:30:16.584+0000][6.474s][info ][safepoint   ] Safepoint "G1CollectForAllocation", Time since last: 327329421 ns, Reaching safepoint: 123421 ns, Cleanup: 47941 ns, At safepoint: 10106529 ns, Total: 10277891 ns
[2025-03-19T08:30:17.216+0000][7.107s][debug][safepoint   ] Safepoint synchronization initiated using futex wait barrier. (14 threads)
[2025-03-19T08:30:17.216+0000][7.107s][info ][gc,start    ] GC(19) Pause Young (Normal) (G1 Evacuation Pause)
[2025-03-19T08:30:17.217+0000][7.107s][info ][gc,task     ] GC(19) Using 4 workers of 4 for evacuation
[2025-03-19T08:30:17.222+0000][7.112s][info ][gc,phases   ] GC(19)   Pre Evacuate Collection Set: 0.1ms
[2025-03-19T08:30:17.222+0000][7.112s][info ][gc,phases   ] GC(19)   Merge Heap Roots: 0.1ms
[2025-03-19T08:30:17.222+0000][7.112s][info ][gc,phases   ] GC(19)   Evacuate Collection Set: 4.3ms
[2025-03-19T08:30:17.222+0000][7.112s][info ][gc,phases   ] GC(19)   Post Evacuate Collection Set: 0.9ms
[2025-03-19T08:30:17.222+0000][7.112s][info ][gc,phases   ] GC(19)   Other: 0.1ms
[2025-03-19T08:30:17.222+0000][7.112s][info ][gc,heap     ] GC(19) Eden regions: 133->0(135)
[2025-03-19T08:30:17.222+0000][7.112s][info ][gc,heap     ] GC(19) Survivor regions: 5->6(18)
[2025-03-19T08:30:17.222+0000][7.112s][info ][gc,heap     ] GC(19) Old regions: 51->51
[2025-03-19T08:30:17.222+0000][7.112s][info ][gc,heap     ] GC(19) Archive regions: 2->2
[2025-03-19T08:30:17.222+0000][7.112s][info ][gc,heap     ] GC(19) Humongous regions: 0->0
[2025-03-19T08:30:17.222+0000][7.112s][info ][gc,metaspace] GC(19) Metaspace: 31078K(31424K)->31078K(31424K) NonClass: 27195K(27328K)->27195K(27328K) Class: 3882K(4096K)->3882K(4096K)
[2025-03-19T08:30:17.222+0000][7.112s][info ][gc          ] GC(19) Pause Young (Normal) (G1 Evacuation Pause) 188M->57M(235M) 5.586ms
[2025-03-19T08:30:17.222+0000][7.112s][info ][gc,cpu      ] GC(19) User=0.02s Sys=0.00s Real=0.00s
[2025-03-19T08:30:17.222+0000][7.112s][info ][safepoint   ] Safepoint "G1CollectForAllocation", Time since last: 632735999 ns, Reaching safepoint: 35349 ns, Cleanup: 64663 ns, At safepoint: 5623370 ns, Total: 5723382 ns
[2025-03-19T08:30:17.754+0000][7.644s][debug][safepoint   ] Safepoint synchronization initiated using futex wait barrier. (14 threads)
[2025-03-19T08:30:17.754+0000][7.644s][info ][safepoint   ] Safepoint "ICBufferFull", Time since last: 531827136 ns, Reaching safepoint: 49870 ns, Cleanup: 142028 ns, At safepoint: 2484 ns, Total: 194382 ns
[2025-03-19T08:30:17.897+0000][7.787s][debug][safepoint   ] Safepoint synchronization initiated using futex wait barrier. (14 threads)
[2025-03-19T08:30:17.897+0000][7.787s][info ][gc,start    ] GC(20) Pause Young (Normal) (G1 Evacuation Pause)
[2025-03-19T08:30:17.897+0000][7.787s][info ][gc,task     ] GC(20) Using 4 workers of 4 for evacuation
[2025-03-19T08:30:17.906+0000][7.796s][info ][gc,phases   ] GC(20)   Pre Evacuate Collection Set: 0.1ms
[2025-03-19T08:30:17.906+0000][7.796s][info ][gc,phases   ] GC(20)   Merge Heap Roots: 0.1ms
[2025-03-19T08:30:17.906+0000][7.796s][info ][gc,phases   ] GC(20)   Evacuate Collection Set: 7.5ms
[2025-03-19T08:30:17.906+0000][7.796s][info ][gc,phases   ] GC(20)   Post Evacuate Collection Set: 1.3ms
[2025-03-19T08:30:17.906+0000][7.796s][info ][gc,phases   ] GC(20)   Other: 0.1ms
[2025-03-19T08:30:17.906+0000][7.796s][info ][gc,heap     ] GC(20) Eden regions: 135->0(134)
[2025-03-19T08:30:17.906+0000][7.796s][info ][gc,heap     ] GC(20) Survivor regions: 6->7(18)
[2025-03-19T08:30:17.906+0000][7.796s][info ][gc,heap     ] GC(20) Old regions: 51->51
[2025-03-19T08:30:17.906+0000][7.796s][info ][gc,heap     ] GC(20) Archive regions: 2->2
[2025-03-19T08:30:17.906+0000][7.796s][info ][gc,heap     ] GC(20) Humongous regions: 0->0
[2025-03-19T08:30:17.906+0000][7.796s][info ][gc,metaspace] GC(20) Metaspace: 34399K(34816K)->34399K(34816K) NonClass: 30128K(30336K)->30128K(30336K) Class: 4271K(4480K)->4271K(4480K)
[2025-03-19T08:30:17.906+0000][7.796s][info ][gc          ] GC(20) Pause Young (Normal) (G1 Evacuation Pause) 192M->57M(235M) 9.235ms
[2025-03-19T08:30:17.906+0000][7.796s][info ][gc,cpu      ] GC(20) User=0.03s Sys=0.00s Real=0.01s
[2025-03-19T08:30:17.906+0000][7.796s][info ][safepoint   ] Safepoint "G1CollectForAllocation", Time since last: 142425537 ns, Reaching safepoint: 45690 ns, Cleanup: 23300 ns, At safepoint: 9276621 ns, Total: 9345611 ns
[2025-03-19T08:30:18.396+0000][8.286s][debug][safepoint   ] Safepoint synchronization initiated using futex wait barrier. (14 threads)
[2025-03-19T08:30:18.396+0000][8.286s][info ][safepoint   ] Safepoint "ICBufferFull", Time since last: 489633400 ns, Reaching safepoint: 117793 ns, Cleanup: 161431 ns, At safepoint: 3004 ns, Total: 282228 ns
[2025-03-19T08:30:18.530+0000][8.420s][debug][safepoint   ] Safepoint synchronization initiated using futex wait barrier. (14 threads)
[2025-03-19T08:30:18.530+0000][8.421s][info ][gc,start    ] GC(21) Pause Young (Concurrent Start) (Metadata GC Threshold)
[2025-03-19T08:30:18.530+0000][8.421s][info ][gc,task     ] GC(21) Using 4 workers of 4 for evacuation
[2025-03-19T08:30:18.541+0000][8.431s][info ][gc,phases   ] GC(21)   Pre Evacuate Collection Set: 0.1ms
[2025-03-19T08:30:18.541+0000][8.431s][info ][gc,phases   ] GC(21)   Merge Heap Roots: 0.1ms
[2025-03-19T08:30:18.541+0000][8.431s][info ][gc,phases   ] GC(21)   Evacuate Collection Set: 8.9ms
[2025-03-19T08:30:18.541+0000][8.431s][info ][gc,phases   ] GC(21)   Post Evacuate Collection Set: 1.3ms
[2025-03-19T08:30:18.541+0000][8.431s][info ][gc,phases   ] GC(21)   Other: 0.1ms
[2025-03-19T08:30:18.541+0000][8.431s][info ][gc,heap     ] GC(21) Eden regions: 114->0(133)
[2025-03-19T08:30:18.541+0000][8.431s][info ][gc,heap     ] GC(21) Survivor regions: 7->8(18)
[2025-03-19T08:30:18.541+0000][8.431s][info ][gc,heap     ] GC(21) Old regions: 51->51
[2025-03-19T08:30:18.541+0000][8.431s][info ][gc,heap     ] GC(21) Archive regions: 2->2
[2025-03-19T08:30:18.541+0000][8.431s][info ][gc,heap     ] GC(21) Humongous regions: 0->0
[2025-03-19T08:30:18.541+0000][8.431s][info ][gc,metaspace] GC(21) Metaspace: 36079K(36416K)->36079K(36416K) NonClass: 31596K(31744K)->31596K(31744K) Class: 4482K(4672K)->4482K(4672K)
[2025-03-19T08:30:18.541+0000][8.431s][info ][gc          ] GC(21) Pause Young (Concurrent Start) (Metadata GC Threshold) 171M->58M(235M) 10.666ms
[2025-03-19T08:30:18.541+0000][8.431s][info ][gc,cpu      ] GC(21) User=0.04s Sys=0.00s Real=0.01s
[2025-03-19T08:30:18.541+0000][8.431s][info ][gc          ] GC(22) Concurrent Mark Cycle
[2025-03-19T08:30:18.541+0000][8.431s][info ][gc,marking  ] GC(22) Concurrent Clear Claimed Marks
[2025-03-19T08:30:18.541+0000][8.431s][info ][gc,marking  ] GC(22) Concurrent Clear Claimed Marks 0.037ms
[2025-03-19T08:30:18.541+0000][8.431s][info ][gc,marking  ] GC(22) Concurrent Scan Root Regions
[2025-03-19T08:30:18.543+0000][8.433s][info ][safepoint   ] Safepoint "CollectForMetadataAllocation", Time since last: 134267713 ns, Reaching safepoint: 42211 ns, Cleanup: 32276 ns, At safepoint: 12570571 ns, Total: 12645058 ns
[2025-03-19T08:30:18.554+0000][8.444s][info ][gc,marking  ] GC(22) Concurrent Scan Root Regions 12.895ms
[2025-03-19T08:30:18.554+0000][8.444s][info ][gc,marking  ] GC(22) Concurrent Mark
[2025-03-19T08:30:18.554+0000][8.444s][info ][gc,marking  ] GC(22) Concurrent Mark From Roots
[2025-03-19T08:30:18.554+0000][8.444s][info ][gc,task     ] GC(22) Using 1 workers of 1 for marking
[2025-03-19T08:30:18.606+0000][8.497s][debug][safepoint   ] Safepoint synchronization initiated using futex wait barrier. (14 threads)
[2025-03-19T08:30:18.606+0000][8.497s][info ][safepoint   ] Safepoint "CollectForMetadataAllocation", Time since last: 63402163 ns, Reaching safepoint: 65950 ns, Cleanup: 17354 ns, At safepoint: 42854 ns, Total: 126158 ns
[2025-03-19T08:30:18.643+0000][8.533s][info ][gc,marking  ] GC(22) Concurrent Mark From Roots 89.155ms
[2025-03-19T08:30:18.643+0000][8.533s][info ][gc,marking  ] GC(22) Concurrent Preclean
[2025-03-19T08:30:18.643+0000][8.534s][info ][gc,marking  ] GC(22) Concurrent Preclean 0.296ms
[2025-03-19T08:30:18.643+0000][8.534s][debug][safepoint   ] Safepoint synchronization initiated using futex wait barrier. (14 threads)
[2025-03-19T08:30:18.644+0000][8.534s][info ][gc,start    ] GC(22) Pause Remark
[2025-03-19T08:30:18.648+0000][8.538s][info ][gc          ] GC(22) Pause Remark 70M->70M(235M) 4.181ms
[2025-03-19T08:30:18.648+0000][8.538s][info ][gc,cpu      ] GC(22) User=0.01s Sys=0.00s Real=0.01s
[2025-03-19T08:30:18.648+0000][8.538s][info ][safepoint   ] Safepoint "G1PauseRemark", Time since last: 37191056 ns, Reaching safepoint: 79787 ns, Cleanup: 4743 ns, At safepoint: 4251963 ns, Total: 4336493 ns
[2025-03-19T08:30:18.648+0000][8.538s][info ][gc,marking  ] GC(22) Concurrent Mark 93.898ms
[2025-03-19T08:30:18.648+0000][8.538s][info ][gc,marking  ] GC(22) Concurrent Rebuild Remembered Sets
[2025-03-19T08:30:18.700+0000][8.590s][info ][gc,marking  ] GC(22) Concurrent Rebuild Remembered Sets 52.046ms
[2025-03-19T08:30:18.700+0000][8.590s][debug][safepoint   ] Safepoint synchronization initiated using futex wait barrier. (14 threads)
[2025-03-19T08:30:18.700+0000][8.590s][info ][gc,start    ] GC(22) Pause Cleanup
[2025-03-19T08:30:18.700+0000][8.591s][info ][gc          ] GC(22) Pause Cleanup 77M->77M(235M) 0.101ms
[2025-03-19T08:30:18.700+0000][8.591s][info ][gc,cpu      ] GC(22) User=0.00s Sys=0.00s Real=0.00s
[2025-03-19T08:30:18.700+0000][8.591s][info ][safepoint   ] Safepoint "G1PauseCleanup", Time since last: 52159495 ns, Reaching safepoint: 137350 ns, Cleanup: 3097 ns, At safepoint: 130500 ns, Total: 270947 ns
[2025-03-19T08:30:18.700+0000][8.591s][info ][gc,marking  ] GC(22) Concurrent Cleanup for Next Mark
[2025-03-19T08:30:18.702+0000][8.593s][info ][gc,marking  ] GC(22) Concurrent Cleanup for Next Mark 2.172ms
[2025-03-19T08:30:18.702+0000][8.593s][info ][gc          ] GC(22) Concurrent Mark Cycle 161.518ms
[2025-03-19T08:30:19.287+0000][9.177s][debug][safepoint   ] Safepoint synchronization initiated using futex wait barrier. (14 threads)
[2025-03-19T08:30:19.287+0000][9.177s][info ][gc,start    ] GC(23) Pause Young (Prepare Mixed) (G1 Evacuation Pause)
[2025-03-19T08:30:19.287+0000][9.177s][info ][gc,task     ] GC(23) Using 4 workers of 4 for evacuation
[2025-03-19T08:30:19.296+0000][9.186s][info ][gc,phases   ] GC(23)   Pre Evacuate Collection Set: 0.1ms
[2025-03-19T08:30:19.296+0000][9.186s][info ][gc,phases   ] GC(23)   Merge Heap Roots: 0.1ms
[2025-03-19T08:30:19.296+0000][9.186s][info ][gc,phases   ] GC(23)   Evacuate Collection Set: 7.7ms
[2025-03-19T08:30:19.296+0000][9.186s][info ][gc,phases   ] GC(23)   Post Evacuate Collection Set: 1.0ms
[2025-03-19T08:30:19.296+0000][9.186s][info ][gc,phases   ] GC(23)   Other: 0.1ms
[2025-03-19T08:30:19.296+0000][9.186s][info ][gc,heap     ] GC(23) Eden regions: 133->0(2)
[2025-03-19T08:30:19.296+0000][9.186s][info ][gc,heap     ] GC(23) Survivor regions: 8->9(18)
[2025-03-19T08:30:19.296+0000][9.186s][info ][gc,heap     ] GC(23) Old regions: 51->51
[2025-03-19T08:30:19.296+0000][9.186s][info ][gc,heap     ] GC(23) Archive regions: 2->2
[2025-03-19T08:30:19.296+0000][9.186s][info ][gc,heap     ] GC(23) Humongous regions: 0->0
[2025-03-19T08:30:19.296+0000][9.186s][info ][gc,metaspace] GC(23) Metaspace: 39089K(39488K)->39089K(39488K) NonClass: 34153K(34368K)->34153K(34368K) Class: 4935K(5120K)->4935K(5120K)
[2025-03-19T08:30:19.296+0000][9.186s][info ][gc          ] GC(23) Pause Young (Prepare Mixed) (G1 Evacuation Pause) 191M->59M(235M) 9.107ms
[2025-03-19T08:30:19.296+0000][9.186s][info ][gc,cpu      ] GC(23) User=0.03s Sys=0.00s Real=0.01s
[2025-03-19T08:30:19.296+0000][9.186s][info ][safepoint   ] Safepoint "G1CollectForAllocation", Time since last: 586634309 ns, Reaching safepoint: 35601 ns, Cleanup: 72226 ns, At safepoint: 9158556 ns, Total: 9266383 ns
[2025-03-19T08:30:19.310+0000][9.201s][debug][safepoint   ] Safepoint synchronization initiated using futex wait barrier. (14 threads)
[2025-03-19T08:30:19.310+0000][9.201s][info ][gc,start    ] GC(24) Pause Young (Mixed) (G1 Evacuation Pause)
[2025-03-19T08:30:19.311+0000][9.201s][info ][gc,task     ] GC(24) Using 4 workers of 4 for evacuation
[2025-03-19T08:30:19.320+0000][9.211s][info ][gc,phases   ] GC(24)   Pre Evacuate Collection Set: 0.1ms
[2025-03-19T08:30:19.320+0000][9.211s][info ][gc,phases   ] GC(24)   Merge Heap Roots: 0.1ms
[2025-03-19T08:30:19.320+0000][9.211s][info ][gc,phases   ] GC(24)   Evacuate Collection Set: 8.6ms
[2025-03-19T08:30:19.320+0000][9.211s][info ][gc,phases   ] GC(24)   Post Evacuate Collection Set: 0.9ms
[2025-03-19T08:30:19.320+0000][9.211s][info ][gc,phases   ] GC(24)   Other: 0.1ms
[2025-03-19T08:30:19.320+0000][9.211s][info ][gc,heap     ] GC(24) Eden regions: 2->0(139)
[2025-03-19T08:30:19.320+0000][9.211s][info ][gc,heap     ] GC(24) Survivor regions: 9->2(2)
[2025-03-19T08:30:19.320+0000][9.211s][info ][gc,heap     ] GC(24) Old regions: 51->57
[2025-03-19T08:30:19.320+0000][9.211s][info ][gc,heap     ] GC(24) Archive regions: 2->2
[2025-03-19T08:30:19.320+0000][9.211s][info ][gc,heap     ] GC(24) Humongous regions: 0->0
[2025-03-19T08:30:19.320+0000][9.211s][info ][gc,metaspace] GC(24) Metaspace: 39173K(39552K)->39173K(39552K) NonClass: 34226K(34432K)->34226K(34432K) Class: 4946K(5120K)->4946K(5120K)
[2025-03-19T08:30:19.320+0000][9.211s][info ][gc          ] GC(24) Pause Young (Mixed) (G1 Evacuation Pause) 61M->59M(235M) 9.759ms
[2025-03-19T08:30:19.320+0000][9.211s][info ][gc,cpu      ] GC(24) User=0.03s Sys=0.01s Real=0.01s
[2025-03-19T08:30:19.320+0000][9.211s][info ][safepoint   ] Safepoint "G1CollectForAllocation", Time since last: 14293971 ns, Reaching safepoint: 45824 ns, Cleanup: 19143 ns, At safepoint: 9803428 ns, Total: 9868395 ns
[2025-03-19T08:30:20.410+0000][10.300s][debug][safepoint   ] Safepoint synchronization initiated using futex wait barrier. (14 threads)
[2025-03-19T08:30:20.410+0000][10.300s][info ][gc,start    ] GC(25) Pause Young (Concurrent Start) (G1 Evacuation Pause)
[2025-03-19T08:30:20.410+0000][10.300s][info ][gc,task     ] GC(25) Using 4 workers of 4 for evacuation
[2025-03-19T08:30:20.415+0000][10.306s][info ][gc,phases   ] GC(25)   Pre Evacuate Collection Set: 0.1ms
[2025-03-19T08:30:20.415+0000][10.306s][info ][gc,phases   ] GC(25)   Merge Heap Roots: 0.1ms
[2025-03-19T08:30:20.415+0000][10.306s][info ][gc,phases   ] GC(25)   Evacuate Collection Set: 4.6ms
[2025-03-19T08:30:20.415+0000][10.306s][info ][gc,phases   ] GC(25)   Post Evacuate Collection Set: 0.9ms
[2025-03-19T08:30:20.415+0000][10.306s][info ][gc,phases   ] GC(25)   Other: 0.1ms
[2025-03-19T08:30:20.416+0000][10.306s][info ][gc,heap     ] GC(25) Eden regions: 139->0(138)
[2025-03-19T08:30:20.416+0000][10.306s][info ][gc,heap     ] GC(25) Survivor regions: 2->3(18)
[2025-03-19T08:30:20.416+0000][10.306s][info ][gc,heap     ] GC(25) Old regions: 57->57
[2025-03-19T08:30:20.416+0000][10.306s][info ][gc,heap     ] GC(25) Archive regions: 2->2
[2025-03-19T08:30:20.416+0000][10.306s][info ][gc,heap     ] GC(25) Humongous regions: 0->0
[2025-03-19T08:30:20.416+0000][10.306s][info ][gc,metaspace] GC(25) Metaspace: 41630K(42048K)->41630K(42048K) NonClass: 36339K(36544K)->36339K(36544K) Class: 5290K(5504K)->5290K(5504K)
[2025-03-19T08:30:20.416+0000][10.306s][info ][gc          ] GC(25) Pause Young (Concurrent Start) (G1 Evacuation Pause) 198M->59M(235M) 5.849ms
[2025-03-19T08:30:20.416+0000][10.306s][info ][gc,cpu      ] GC(25) User=0.02s Sys=0.00s Real=0.01s
[2025-03-19T08:30:20.416+0000][10.306s][info ][gc          ] GC(26) Concurrent Mark Cycle
[2025-03-19T08:30:20.416+0000][10.306s][info ][gc,marking  ] GC(26) Concurrent Clear Claimed Marks
[2025-03-19T08:30:20.416+0000][10.306s][info ][gc,marking  ] GC(26) Concurrent Clear Claimed Marks 0.040ms
[2025-03-19T08:30:20.416+0000][10.306s][info ][gc,marking  ] GC(26) Concurrent Scan Root Regions
[2025-03-19T08:30:20.416+0000][10.306s][info ][safepoint   ] Safepoint "G1CollectForAllocation", Time since last: 1089268374 ns, Reaching safepoint: 50362 ns, Cleanup: 89702 ns, At safepoint: 5907319 ns, Total: 6047383 ns
[2025-03-19T08:30:20.419+0000][10.310s][info ][gc,marking  ] GC(26) Concurrent Scan Root Regions 3.735ms
[2025-03-19T08:30:20.419+0000][10.310s][info ][gc,marking  ] GC(26) Concurrent Mark
[2025-03-19T08:30:20.419+0000][10.310s][info ][gc,marking  ] GC(26) Concurrent Mark From Roots
[2025-03-19T08:30:20.419+0000][10.310s][info ][gc,task     ] GC(26) Using 1 workers of 1 for marking
[2025-03-19T08:30:20.526+0000][10.417s][info ][gc,marking  ] GC(26) Concurrent Mark From Roots 107.033ms
[2025-03-19T08:30:20.527+0000][10.417s][info ][gc,marking  ] GC(26) Concurrent Preclean
[2025-03-19T08:30:20.527+0000][10.417s][info ][gc,marking  ] GC(26) Concurrent Preclean 0.281ms
[2025-03-19T08:30:20.527+0000][10.417s][debug][safepoint   ] Safepoint synchronization initiated using futex wait barrier. (14 threads)
[2025-03-19T08:30:20.527+0000][10.417s][debug][safepoint   ] ... found polling page loop exception at pc = 0x00007169491c564a, stub =0x000071694898f400
[2025-03-19T08:30:20.527+0000][10.417s][info ][gc,start    ] GC(26) Pause Remark
[2025-03-19T08:30:20.533+0000][10.424s][info ][gc          ] GC(26) Pause Remark 75M->75M(235M) 6.502ms
[2025-03-19T08:30:20.534+0000][10.424s][info ][gc,cpu      ] GC(26) User=0.02s Sys=0.00s Real=0.00s
[2025-03-19T08:30:20.534+0000][10.424s][info ][safepoint   ] Safepoint "G1PauseRemark", Time since last: 111257837 ns, Reaching safepoint: 104509 ns, Cleanup: 11206 ns, At safepoint: 6745348 ns, Total: 6861063 ns
[2025-03-19T08:30:20.534+0000][10.424s][info ][gc,marking  ] GC(26) Concurrent Mark 114.297ms
[2025-03-19T08:30:20.534+0000][10.424s][info ][gc,marking  ] GC(26) Concurrent Rebuild Remembered Sets
[2025-03-19T08:30:20.586+0000][10.477s][info ][gc,marking  ] GC(26) Concurrent Rebuild Remembered Sets 52.543ms
[2025-03-19T08:30:20.586+0000][10.477s][debug][safepoint   ] Safepoint synchronization initiated using futex wait barrier. (14 threads)
[2025-03-19T08:30:20.586+0000][10.477s][info ][gc,start    ] GC(26) Pause Cleanup
[2025-03-19T08:30:20.587+0000][10.477s][info ][gc          ] GC(26) Pause Cleanup 80M->80M(235M) 0.119ms
[2025-03-19T08:30:20.587+0000][10.477s][info ][gc,cpu      ] GC(26) User=0.00s Sys=0.00s Real=0.00s
[2025-03-19T08:30:20.587+0000][10.477s][info ][safepoint   ] Safepoint "G1PauseCleanup", Time since last: 52648123 ns, Reaching safepoint: 13077 ns, Cleanup: 16926 ns, At safepoint: 151961 ns, Total: 181964 ns
[2025-03-19T08:30:20.587+0000][10.477s][info ][gc,marking  ] GC(26) Concurrent Cleanup for Next Mark
[2025-03-19T08:30:20.588+0000][10.479s][info ][gc,marking  ] GC(26) Concurrent Cleanup for Next Mark 1.347ms
[2025-03-19T08:30:20.588+0000][10.479s][info ][gc          ] GC(26) Concurrent Mark Cycle 172.769ms
[2025-03-19T08:30:20.849+0000][10.739s][debug][safepoint   ] ... found polling page loop exception at pc = 0x00007169492cf0b7, stub =0x000071694898f400
[2025-03-19T08:30:21.301+0000][11.191s][debug][safepoint   ] Safepoint synchronization initiated using futex wait barrier. (14 threads)
[2025-03-19T08:30:21.301+0000][11.191s][info ][safepoint   ] Safepoint "ICBufferFull", Time since last: 714289523 ns, Reaching safepoint: 38323 ns, Cleanup: 157786 ns, At safepoint: 6123 ns, Total: 202232 ns
[2025-03-19T08:30:21.517+0000][11.408s][debug][safepoint   ] Safepoint synchronization initiated using futex wait barrier. (14 threads)
[2025-03-19T08:30:21.518+0000][11.408s][info ][gc,start    ] GC(27) Pause Young (Prepare Mixed) (G1 Evacuation Pause)
[2025-03-19T08:30:21.518+0000][11.408s][info ][gc,task     ] GC(27) Using 4 workers of 4 for evacuation
[2025-03-19T08:30:21.533+0000][11.423s][info ][gc,phases   ] GC(27)   Pre Evacuate Collection Set: 0.1ms
[2025-03-19T08:30:21.533+0000][11.423s][info ][gc,phases   ] GC(27)   Merge Heap Roots: 0.5ms
[2025-03-19T08:30:21.533+0000][11.423s][info ][gc,phases   ] GC(27)   Evacuate Collection Set: 13.6ms
[2025-03-19T08:30:21.533+0000][11.423s][info ][gc,phases   ] GC(27)   Post Evacuate Collection Set: 0.9ms
[2025-03-19T08:30:21.533+0000][11.423s][info ][gc,phases   ] GC(27)   Other: 0.1ms
[2025-03-19T08:30:21.533+0000][11.423s][info ][gc,heap     ] GC(27) Eden regions: 138->0(5)
[2025-03-19T08:30:21.533+0000][11.423s][info ][gc,heap     ] GC(27) Survivor regions: 3->6(18)
[2025-03-19T08:30:21.533+0000][11.423s][info ][gc,heap     ] GC(27) Old regions: 57->57
[2025-03-19T08:30:21.533+0000][11.423s][info ][gc,heap     ] GC(27) Archive regions: 2->2
[2025-03-19T08:30:21.533+0000][11.423s][info ][gc,heap     ] GC(27) Humongous regions: 0->0
[2025-03-19T08:30:21.533+0000][11.423s][info ][gc,metaspace] GC(27) Metaspace: 45193K(45504K)->45193K(45504K) NonClass: 39395K(39552K)->39395K(39552K) Class: 5797K(5952K)->5797K(5952K)
[2025-03-19T08:30:21.533+0000][11.423s][info ][gc          ] GC(27) Pause Young (Prepare Mixed) (G1 Evacuation Pause) 197M->62M(235M) 15.345ms
[2025-03-19T08:30:21.533+0000][11.423s][info ][gc,cpu      ] GC(27) User=0.04s Sys=0.00s Real=0.01s
[2025-03-19T08:30:21.533+0000][11.423s][info ][safepoint   ] Safepoint "G1CollectForAllocation", Time since last: 216389830 ns, Reaching safepoint: 39910 ns, Cleanup: 39863 ns, At safepoint: 15387447 ns, Total: 15467220 ns
[2025-03-19T08:30:21.570+0000][11.460s][debug][safepoint   ] Safepoint synchronization initiated using futex wait barrier. (14 threads)
[2025-03-19T08:30:21.570+0000][11.460s][info ][gc,start    ] GC(28) Pause Young (Mixed) (G1 Evacuation Pause)
[2025-03-19T08:30:21.570+0000][11.460s][info ][gc,task     ] GC(28) Using 4 workers of 4 for evacuation
[2025-03-19T08:30:21.579+0000][11.470s][info ][gc,phases   ] GC(28)   Pre Evacuate Collection Set: 0.1ms
[2025-03-19T08:30:21.579+0000][11.470s][info ][gc,phases   ] GC(28)   Merge Heap Roots: 0.2ms
[2025-03-19T08:30:21.579+0000][11.470s][info ][gc,phases   ] GC(28)   Evacuate Collection Set: 7.8ms
[2025-03-19T08:30:21.579+0000][11.470s][info ][gc,phases   ] GC(28)   Post Evacuate Collection Set: 1.2ms
[2025-03-19T08:30:21.579+0000][11.470s][info ][gc,phases   ] GC(28)   Other: 0.1ms
[2025-03-19T08:30:21.579+0000][11.470s][info ][gc,heap     ] GC(28) Eden regions: 5->0(137)
[2025-03-19T08:30:21.579+0000][11.470s][info ][gc,heap     ] GC(28) Survivor regions: 6->1(2)
[2025-03-19T08:30:21.579+0000][11.470s][info ][gc,heap     ] GC(28) Old regions: 57->61
[2025-03-19T08:30:21.579+0000][11.470s][info ][gc,heap     ] GC(28) Archive regions: 2->2
[2025-03-19T08:30:21.579+0000][11.470s][info ][gc,heap     ] GC(28) Humongous regions: 0->0
[2025-03-19T08:30:21.579+0000][11.470s][info ][gc,metaspace] GC(28) Metaspace: 45303K(45696K)->45303K(45696K) NonClass: 39492K(39680K)->39492K(39680K) Class: 5810K(6016K)->5810K(6016K)
[2025-03-19T08:30:21.579+0000][11.470s][info ][gc          ] GC(28) Pause Young (Mixed) (G1 Evacuation Pause) 67M->62M(235M) 9.373ms
[2025-03-19T08:30:21.579+0000][11.470s][info ][gc,cpu      ] GC(28) User=0.03s Sys=0.00s Real=0.01s
[2025-03-19T08:30:21.579+0000][11.470s][info ][safepoint   ] Safepoint "G1CollectForAllocation", Time since last: 37005219 ns, Reaching safepoint: 45009 ns, Cleanup: 10465 ns, At safepoint: 9426975 ns, Total: 9482449 ns
[2025-03-19T08:30:22.321+0000][12.212s][debug][safepoint   ] Safepoint synchronization initiated using futex wait barrier. (14 threads)
[2025-03-19T08:30:22.321+0000][12.212s][info ][safepoint   ] Safepoint "ICBufferFull", Time since last: 741935439 ns, Reaching safepoint: 56007 ns, Cleanup: 119742 ns, At safepoint: 3141 ns, Total: 178890 ns
[2025-03-19T08:30:22.530+0000][12.420s][debug][safepoint   ] Safepoint synchronization initiated using futex wait barrier. (14 threads)
[2025-03-19T08:30:22.530+0000][12.420s][info ][gc,start    ] GC(29) Pause Young (Normal) (G1 Evacuation Pause)
[2025-03-19T08:30:22.530+0000][12.420s][info ][gc,task     ] GC(29) Using 4 workers of 4 for evacuation
[2025-03-19T08:30:22.536+0000][12.427s][info ][gc,phases   ] GC(29)   Pre Evacuate Collection Set: 0.1ms
[2025-03-19T08:30:22.536+0000][12.427s][info ][gc,phases   ] GC(29)   Merge Heap Roots: 0.1ms
[2025-03-19T08:30:22.536+0000][12.427s][info ][gc,phases   ] GC(29)   Evacuate Collection Set: 5.2ms
[2025-03-19T08:30:22.536+0000][12.427s][info ][gc,phases   ] GC(29)   Post Evacuate Collection Set: 1.0ms
[2025-03-19T08:30:22.536+0000][12.427s][info ][gc,phases   ] GC(29)   Other: 0.1ms
[2025-03-19T08:30:22.536+0000][12.427s][info ][gc,heap     ] GC(29) Eden regions: 137->0(136)
[2025-03-19T08:30:22.536+0000][12.427s][info ][gc,heap     ] GC(29) Survivor regions: 1->3(18)
[2025-03-19T08:30:22.536+0000][12.427s][info ][gc,heap     ] GC(29) Old regions: 61->61
[2025-03-19T08:30:22.536+0000][12.427s][info ][gc,heap     ] GC(29) Archive regions: 2->2
[2025-03-19T08:30:22.536+0000][12.427s][info ][gc,heap     ] GC(29) Humongous regions: 0->0
[2025-03-19T08:30:22.536+0000][12.427s][info ][gc,metaspace] GC(29) Metaspace: 51180K(51648K)->51180K(51648K) NonClass: 44643K(44864K)->44643K(44864K) Class: 6536K(6784K)->6536K(6784K)
[2025-03-19T08:30:22.536+0000][12.427s][info ][gc          ] GC(29) Pause Young (Normal) (G1 Evacuation Pause) 199M->63M(235M) 6.613ms
[2025-03-19T08:30:22.537+0000][12.427s][info ][gc,cpu      ] GC(29) User=0.02s Sys=0.00s Real=0.01s
[2025-03-19T08:30:22.537+0000][12.427s][info ][safepoint   ] Safepoint "G1CollectForAllocation", Time since last: 208292434 ns, Reaching safepoint: 38283 ns, Cleanup: 44968 ns, At safepoint: 6661265 ns, Total: 6744516 ns
[2025-03-19T08:30:23.693+0000][13.583s][debug][safepoint   ] Safepoint synchronization initiated using futex wait barrier. (17 threads)
[2025-03-19T08:30:23.693+0000][13.583s][info ][safepoint   ] Safepoint "Cleanup", Time since last: 1156454267 ns, Reaching safepoint: 88899 ns, Cleanup: 44466 ns, At safepoint: 4683 ns, Total: 138048 ns
[2025-03-19T08:30:23.845+0000][13.736s][debug][safepoint   ] ... found polling page loop exception at pc = 0x0000716948fddab9, stub =0x000071694898eb80
[2025-03-19T08:30:24.013+0000][13.904s][debug][safepoint   ] Safepoint synchronization initiated using futex wait barrier. (17 threads)
[2025-03-19T08:30:24.014+0000][13.904s][info ][safepoint   ] Safepoint "ICBufferFull", Time since last: 320270547 ns, Reaching safepoint: 45536 ns, Cleanup: 134158 ns, At safepoint: 4109 ns, Total: 183803 ns
[2025-03-19T08:30:24.621+0000][14.511s][debug][safepoint   ] Safepoint synchronization initiated using futex wait barrier. (17 threads)
[2025-03-19T08:30:24.621+0000][14.512s][info ][gc,start    ] GC(30) Pause Young (Normal) (G1 Evacuation Pause)
[2025-03-19T08:30:24.621+0000][14.512s][info ][gc,task     ] GC(30) Using 4 workers of 4 for evacuation
[2025-03-19T08:30:24.629+0000][14.519s][info ][gc,phases   ] GC(30)   Pre Evacuate Collection Set: 0.1ms
[2025-03-19T08:30:24.629+0000][14.519s][info ][gc,phases   ] GC(30)   Merge Heap Roots: 0.1ms
[2025-03-19T08:30:24.629+0000][14.519s][info ][gc,phases   ] GC(30)   Evacuate Collection Set: 6.3ms
[2025-03-19T08:30:24.629+0000][14.519s][info ][gc,phases   ] GC(30)   Post Evacuate Collection Set: 1.0ms
[2025-03-19T08:30:24.629+0000][14.519s][info ][gc,phases   ] GC(30)   Other: 0.1ms
[2025-03-19T08:30:24.629+0000][14.519s][info ][gc,heap     ] GC(30) Eden regions: 136->0(133)
[2025-03-19T08:30:24.629+0000][14.519s][info ][gc,heap     ] GC(30) Survivor regions: 3->6(18)
[2025-03-19T08:30:24.629+0000][14.519s][info ][gc,heap     ] GC(30) Old regions: 61->61
[2025-03-19T08:30:24.629+0000][14.519s][info ][gc,heap     ] GC(30) Archive regions: 2->2
[2025-03-19T08:30:24.629+0000][14.519s][info ][gc,heap     ] GC(30) Humongous regions: 0->0
[2025-03-19T08:30:24.629+0000][14.519s][info ][gc,metaspace] GC(30) Metaspace: 56237K(56640K)->56237K(56640K) NonClass: 49088K(49280K)->49088K(49280K) Class: 7148K(7360K)->7148K(7360K)
[2025-03-19T08:30:24.629+0000][14.519s][info ][gc          ] GC(30) Pause Young (Normal) (G1 Evacuation Pause) 199M->66M(235M) 7.586ms
[2025-03-19T08:30:24.629+0000][14.519s][info ][gc,cpu      ] GC(30) User=0.02s Sys=0.00s Real=0.01s
[2025-03-19T08:30:24.629+0000][14.519s][info ][safepoint   ] Safepoint "G1CollectForAllocation", Time since last: 607494270 ns, Reaching safepoint: 35522 ns, Cleanup: 64287 ns, At safepoint: 7632360 ns, Total: 7732169 ns
[2025-03-19T08:30:25.354+0000][15.244s][debug][safepoint   ] Safepoint synchronization initiated using futex wait barrier. (20 threads)
[2025-03-19T08:30:25.354+0000][15.245s][info ][gc,start    ] GC(31) Pause Young (Normal) (G1 Evacuation Pause)
[2025-03-19T08:30:25.354+0000][15.245s][info ][gc,task     ] GC(31) Using 4 workers of 4 for evacuation
[2025-03-19T08:30:25.363+0000][15.253s][info ][gc,phases   ] GC(31)   Pre Evacuate Collection Set: 0.1ms
[2025-03-19T08:30:25.363+0000][15.253s][info ][gc,phases   ] GC(31)   Merge Heap Roots: 0.1ms
[2025-03-19T08:30:25.363+0000][15.253s][info ][gc,phases   ] GC(31)   Evacuate Collection Set: 7.2ms
[2025-03-19T08:30:25.363+0000][15.253s][info ][gc,phases   ] GC(31)   Post Evacuate Collection Set: 1.3ms
[2025-03-19T08:30:25.363+0000][15.253s][info ][gc,phases   ] GC(31)   Other: 0.1ms
[2025-03-19T08:30:25.363+0000][15.253s][info ][gc,heap     ] GC(31) Eden regions: 133->0(133)
[2025-03-19T08:30:25.363+0000][15.253s][info ][gc,heap     ] GC(31) Survivor regions: 6->7(18)
[2025-03-19T08:30:25.363+0000][15.253s][info ][gc,heap     ] GC(31) Old regions: 61->61
[2025-03-19T08:30:25.363+0000][15.253s][info ][gc,heap     ] GC(31) Archive regions: 2->2
[2025-03-19T08:30:25.363+0000][15.253s][info ][gc,heap     ] GC(31) Humongous regions: 0->0
[2025-03-19T08:30:25.363+0000][15.253s][info ][gc,metaspace] GC(31) Metaspace: 61501K(62016K)->61501K(62016K) NonClass: 53645K(53888K)->53645K(53888K) Class: 7856K(8128K)->7856K(8128K)
[2025-03-19T08:30:25.363+0000][15.253s][info ][gc          ] GC(31) Pause Young (Normal) (G1 Evacuation Pause) 199M->68M(235M) 8.818ms
[2025-03-19T08:30:25.363+0000][15.253s][info ][gc,cpu      ] GC(31) User=0.03s Sys=0.00s Real=0.00s
[2025-03-19T08:30:25.363+0000][15.253s][info ][safepoint   ] Safepoint "G1CollectForAllocation", Time since last: 725320227 ns, Reaching safepoint: 33262 ns, Cleanup: 44333 ns, At safepoint: 8874296 ns, Total: 8951891 ns
[2025-03-19T08:30:26.117+0000][16.008s][debug][safepoint   ] Safepoint synchronization initiated using futex wait barrier. (20 threads)
[2025-03-19T08:30:26.118+0000][16.009s][info ][gc,start    ] GC(32) Pause Young (Normal) (G1 Evacuation Pause)
[2025-03-19T08:30:26.118+0000][16.009s][info ][gc,task     ] GC(32) Using 4 workers of 4 for evacuation
[2025-03-19T08:30:26.127+0000][16.018s][info ][gc,phases   ] GC(32)   Pre Evacuate Collection Set: 0.1ms
[2025-03-19T08:30:26.127+0000][16.018s][info ][gc,phases   ] GC(32)   Merge Heap Roots: 0.1ms
[2025-03-19T08:30:26.127+0000][16.018s][info ][gc,phases   ] GC(32)   Evacuate Collection Set: 7.2ms
[2025-03-19T08:30:26.127+0000][16.018s][info ][gc,phases   ] GC(32)   Post Evacuate Collection Set: 1.3ms
[2025-03-19T08:30:26.127+0000][16.018s][info ][gc,phases   ] GC(32)   Other: 0.1ms
[2025-03-19T08:30:26.127+0000][16.018s][info ][gc,heap     ] GC(32) Eden regions: 133->0(132)
[2025-03-19T08:30:26.127+0000][16.018s][info ][gc,heap     ] GC(32) Survivor regions: 7->8(18)
[2025-03-19T08:30:26.127+0000][16.018s][info ][gc,heap     ] GC(32) Old regions: 61->61
[2025-03-19T08:30:26.127+0000][16.018s][info ][gc,heap     ] GC(32) Archive regions: 2->2
[2025-03-19T08:30:26.127+0000][16.018s][info ][gc,heap     ] GC(32) Humongous regions: 0->0
[2025-03-19T08:30:26.127+0000][16.018s][info ][gc,metaspace] GC(32) Metaspace: 63971K(64448K)->63971K(64448K) NonClass: 55796K(56064K)->55796K(56064K) Class: 8175K(8384K)->8175K(8384K)
[2025-03-19T08:30:26.127+0000][16.018s][info ][gc          ] GC(32) Pause Young (Normal) (G1 Evacuation Pause) 201M->68M(235M) 8.867ms
[2025-03-19T08:30:26.127+0000][16.018s][info ][gc,cpu      ] GC(32) User=0.03s Sys=0.00s Real=0.01s
[2025-03-19T08:30:26.127+0000][16.018s][info ][safepoint   ] Safepoint "G1CollectForAllocation", Time since last: 754356571 ns, Reaching safepoint: 35997 ns, Cleanup: 968456 ns, At safepoint: 8930732 ns, Total: 9935185 ns
[2025-03-19T08:30:26.702+0000][16.592s][debug][safepoint   ] Safepoint synchronization initiated using futex wait barrier. (20 threads)
[2025-03-19T08:30:26.702+0000][16.592s][info ][safepoint   ] Safepoint "ICBufferFull", Time since last: 574421485 ns, Reaching safepoint: 43688 ns, Cleanup: 110359 ns, At safepoint: 3263 ns, Total: 157310 ns
[2025-03-19T08:30:26.721+0000][16.612s][debug][safepoint   ] Safepoint synchronization initiated using futex wait barrier. (20 threads)
[2025-03-19T08:30:26.722+0000][16.612s][info ][gc,start    ] GC(33) Pause Young (Normal) (G1 Evacuation Pause)
[2025-03-19T08:30:26.722+0000][16.612s][info ][gc,task     ] GC(33) Using 4 workers of 4 for evacuation
[2025-03-19T08:30:26.731+0000][16.621s][info ][gc,phases   ] GC(33)   Pre Evacuate Collection Set: 0.1ms
[2025-03-19T08:30:26.731+0000][16.621s][info ][gc,phases   ] GC(33)   Merge Heap Roots: 0.1ms
[2025-03-19T08:30:26.731+0000][16.621s][info ][gc,phases   ] GC(33)   Evacuate Collection Set: 8.3ms
[2025-03-19T08:30:26.731+0000][16.621s][info ][gc,phases   ] GC(33)   Post Evacuate Collection Set: 1.0ms
[2025-03-19T08:30:26.731+0000][16.621s][info ][gc,phases   ] GC(33)   Other: 0.1ms
[2025-03-19T08:30:26.731+0000][16.621s][info ][gc,heap     ] GC(33) Eden regions: 132->0(128)
[2025-03-19T08:30:26.731+0000][16.621s][info ][gc,heap     ] GC(33) Survivor regions: 8->10(18)
[2025-03-19T08:30:26.731+0000][16.621s][info ][gc,heap     ] GC(33) Old regions: 61->61
[2025-03-19T08:30:26.731+0000][16.621s][info ][gc,heap     ] GC(33) Archive regions: 2->2
[2025-03-19T08:30:26.731+0000][16.621s][info ][gc,heap     ] GC(33) Humongous regions: 0->0
[2025-03-19T08:30:26.731+0000][16.622s][info ][gc,metaspace] GC(33) Metaspace: 67874K(68352K)->67874K(68352K) NonClass: 59146K(59392K)->59146K(59392K) Class: 8727K(8960K)->8727K(8960K)
[2025-03-19T08:30:26.731+0000][16.622s][info ][gc          ] GC(33) Pause Young (Normal) (G1 Evacuation Pause) 200M->70M(235M) 9.638ms
[2025-03-19T08:30:26.731+0000][16.622s][info ][gc,cpu      ] GC(33) User=0.03s Sys=0.00s Real=0.01s
[2025-03-19T08:30:26.731+0000][16.622s][info ][safepoint   ] Safepoint "G1CollectForAllocation", Time since last: 19500448 ns, Reaching safepoint: 44375 ns, Cleanup: 20509 ns, At safepoint: 9702741 ns, Total: 9767625 ns
[2025-03-19T08:30:27.303+0000][17.193s][debug][safepoint   ] Safepoint synchronization initiated using futex wait barrier. (20 threads)
[2025-03-19T08:30:27.303+0000][17.193s][debug][safepoint   ] ... found polling page loop exception at pc = 0x0000716949000378, stub =0x000071694898f400
[2025-03-19T08:30:27.303+0000][17.193s][info ][safepoint   ] Safepoint "ICBufferFull", Time since last: 571495968 ns, Reaching safepoint: 184785 ns, Cleanup: 175350 ns, At safepoint: 4464 ns, Total: 364599 ns
[2025-03-19T08:30:27.501+0000][17.391s][debug][safepoint   ] Safepoint synchronization initiated using futex wait barrier. (20 threads)
[2025-03-19T08:30:27.501+0000][17.391s][info ][gc,start    ] GC(34) Pause Young (Concurrent Start) (Metadata GC Threshold)
[2025-03-19T08:30:27.501+0000][17.391s][info ][gc,task     ] GC(34) Using 4 workers of 4 for evacuation
[2025-03-19T08:30:27.514+0000][17.404s][info ][gc,phases   ] GC(34)   Pre Evacuate Collection Set: 0.1ms
[2025-03-19T08:30:27.514+0000][17.404s][info ][gc,phases   ] GC(34)   Merge Heap Roots: 0.1ms
[2025-03-19T08:30:27.514+0000][17.404s][info ][gc,phases   ] GC(34)   Evacuate Collection Set: 11.2ms
[2025-03-19T08:30:27.514+0000][17.404s][info ][gc,phases   ] GC(34)   Post Evacuate Collection Set: 1.4ms
[2025-03-19T08:30:27.514+0000][17.404s][info ][gc,phases   ] GC(34)   Other: 0.1ms
[2025-03-19T08:30:27.514+0000][17.404s][info ][gc,heap     ] GC(34) Eden regions: 98->0(124)
[2025-03-19T08:30:27.514+0000][17.404s][info ][gc,heap     ] GC(34) Survivor regions: 10->12(18)
[2025-03-19T08:30:27.514+0000][17.404s][info ][gc,heap     ] GC(34) Old regions: 61->61
[2025-03-19T08:30:27.514+0000][17.404s][info ][gc,heap     ] GC(34) Archive regions: 2->2
[2025-03-19T08:30:27.514+0000][17.404s][info ][gc,heap     ] GC(34) Humongous regions: 0->0
[2025-03-19T08:30:27.514+0000][17.404s][info ][gc,metaspace] GC(34) Metaspace: 69697K(70208K)->69697K(70208K) NonClass: 60755K(61056K)->60755K(61056K) Class: 8941K(9152K)->8941K(9152K)
[2025-03-19T08:30:27.514+0000][17.404s][info ][gc          ] GC(34) Pause Young (Concurrent Start) (Metadata GC Threshold) 168M->73M(235M) 12.992ms
[2025-03-19T08:30:27.514+0000][17.404s][info ][gc,cpu      ] GC(34) User=0.04s Sys=0.00s Real=0.01s
[2025-03-19T08:30:27.514+0000][17.404s][info ][gc          ] GC(35) Concurrent Mark Cycle
[2025-03-19T08:30:27.514+0000][17.404s][info ][gc,marking  ] GC(35) Concurrent Clear Claimed Marks
[2025-03-19T08:30:27.514+0000][17.404s][info ][safepoint   ] Safepoint "CollectForMetadataAllocation", Time since last: 197562662 ns, Reaching safepoint: 36543 ns, Cleanup: 89318 ns, At safepoint: 13069411 ns, Total: 13195272 ns
[2025-03-19T08:30:27.514+0000][17.404s][info ][gc,marking  ] GC(35) Concurrent Clear Claimed Marks 0.051ms
[2025-03-19T08:30:27.514+0000][17.404s][info ][gc,marking  ] GC(35) Concurrent Scan Root Regions
[2025-03-19T08:30:27.524+0000][17.414s][info ][gc,marking  ] GC(35) Concurrent Scan Root Regions 10.097ms
[2025-03-19T08:30:27.524+0000][17.414s][info ][gc,marking  ] GC(35) Concurrent Mark
[2025-03-19T08:30:27.524+0000][17.414s][info ][gc,marking  ] GC(35) Concurrent Mark From Roots
[2025-03-19T08:30:27.524+0000][17.414s][info ][gc,task     ] GC(35) Using 1 workers of 1 for marking
[2025-03-19T08:30:27.550+0000][17.441s][debug][safepoint   ] Safepoint synchronization initiated using futex wait barrier. (20 threads)
[2025-03-19T08:30:27.550+0000][17.441s][info ][safepoint   ] Safepoint "CollectForMetadataAllocation", Time since last: 36433585 ns, Reaching safepoint: 66588 ns, Cleanup: 11524 ns, At safepoint: 26516 ns, Total: 104628 ns
[2025-03-19T08:30:27.565+0000][17.455s][debug][safepoint   ] Safepoint synchronization initiated using futex wait barrier. (20 threads)
[2025-03-19T08:30:27.565+0000][17.455s][info ][safepoint   ] Safepoint "CollectForMetadataAllocation", Time since last: 14594044 ns, Reaching safepoint: 56200 ns, Cleanup: 3508 ns, At safepoint: 19313 ns, Total: 79021 ns
[2025-03-19T08:30:27.600+0000][17.491s][info ][gc,marking  ] GC(35) Concurrent Mark From Roots 76.407ms
[2025-03-19T08:30:27.600+0000][17.491s][info ][gc,marking  ] GC(35) Concurrent Preclean
[2025-03-19T08:30:27.601+0000][17.491s][info ][gc,marking  ] GC(35) Concurrent Preclean 0.167ms
[2025-03-19T08:30:27.601+0000][17.491s][debug][safepoint   ] Safepoint synchronization initiated using futex wait barrier. (20 threads)
[2025-03-19T08:30:27.601+0000][17.491s][info ][gc,start    ] GC(35) Pause Remark
[2025-03-19T08:30:27.605+0000][17.496s][info ][gc          ] GC(35) Pause Remark 88M->88M(235M) 4.512ms
[2025-03-19T08:30:27.605+0000][17.496s][info ][gc,cpu      ] GC(35) User=0.01s Sys=0.00s Real=0.01s
[2025-03-19T08:30:27.605+0000][17.496s][info ][safepoint   ] Safepoint "G1PauseRemark", Time since last: 35629189 ns, Reaching safepoint: 115599 ns, Cleanup: 11392 ns, At safepoint: 4581179 ns, Total: 4708170 ns
[2025-03-19T08:30:27.605+0000][17.496s][info ][gc,marking  ] GC(35) Concurrent Mark 81.386ms
[2025-03-19T08:30:27.605+0000][17.496s][info ][gc,marking  ] GC(35) Concurrent Rebuild Remembered Sets
[2025-03-19T08:30:27.605+0000][17.496s][debug][safepoint   ] Safepoint synchronization initiated using futex wait barrier. (20 threads)
[2025-03-19T08:30:27.605+0000][17.496s][info ][safepoint   ] Safepoint "CollectForMetadataAllocation", Time since last: 51390 ns, Reaching safepoint: 22085 ns, Cleanup: 2801 ns, At safepoint: 5350 ns, Total: 30236 ns
[2025-03-19T08:30:27.665+0000][17.555s][info ][gc,marking  ] GC(35) Concurrent Rebuild Remembered Sets 59.198ms
[2025-03-19T08:30:27.665+0000][17.555s][debug][safepoint   ] Safepoint synchronization initiated using futex wait barrier. (19 threads)
[2025-03-19T08:30:27.665+0000][17.555s][debug][safepoint   ] ... found polling page loop exception at pc = 0x000071694901d658, stub =0x000071694898f400
[2025-03-19T08:30:27.665+0000][17.555s][info ][gc,start    ] GC(35) Pause Cleanup
[2025-03-19T08:30:27.665+0000][17.555s][info ][gc          ] GC(35) Pause Cleanup 102M->102M(235M) 0.094ms
[2025-03-19T08:30:27.665+0000][17.555s][info ][gc,cpu      ] GC(35) User=0.00s Sys=0.00s Real=0.00s
[2025-03-19T08:30:27.665+0000][17.555s][info ][safepoint   ] Safepoint "G1PauseCleanup", Time since last: 59216063 ns, Reaching safepoint: 88418 ns, Cleanup: 2924 ns, At safepoint: 118618 ns, Total: 209960 ns
[2025-03-19T08:30:27.665+0000][17.555s][info ][gc,marking  ] GC(35) Concurrent Cleanup for Next Mark
[2025-03-19T08:30:27.665+0000][17.556s][info ][gc,marking  ] GC(35) Concurrent Cleanup for Next Mark 0.253ms
[2025-03-19T08:30:27.665+0000][17.556s][info ][gc          ] GC(35) Concurrent Mark Cycle 151.389ms
[2025-03-19T08:30:27.870+0000][17.760s][debug][safepoint   ] Safepoint synchronization initiated using futex wait barrier. (20 threads)
[2025-03-19T08:30:27.870+0000][17.760s][info ][safepoint   ] Safepoint "ICBufferFull", Time since last: 204684667 ns, Reaching safepoint: 48365 ns, Cleanup: 140315 ns, At safepoint: 2793 ns, Total: 191473 ns
[2025-03-19T08:30:28.266+0000][18.156s][debug][safepoint   ] Safepoint synchronization initiated using futex wait barrier. (20 threads)
[2025-03-19T08:30:28.266+0000][18.156s][info ][gc,start    ] GC(36) Pause Young (Prepare Mixed) (G1 Evacuation Pause)
[2025-03-19T08:30:28.266+0000][18.156s][info ][gc,task     ] GC(36) Using 4 workers of 4 for evacuation
[2025-03-19T08:30:28.280+0000][18.170s][info ][gc,phases   ] GC(36)   Pre Evacuate Collection Set: 0.1ms
[2025-03-19T08:30:28.280+0000][18.170s][info ][gc,phases   ] GC(36)   Merge Heap Roots: 0.1ms
[2025-03-19T08:30:28.280+0000][18.170s][info ][gc,phases   ] GC(36)   Evacuate Collection Set: 12.2ms
[2025-03-19T08:30:28.280+0000][18.170s][info ][gc,phases   ] GC(36)   Post Evacuate Collection Set: 1.1ms
[2025-03-19T08:30:28.280+0000][18.170s][info ][gc,phases   ] GC(36)   Other: 0.1ms
[2025-03-19T08:30:28.280+0000][18.170s][info ][gc,heap     ] GC(36) Eden regions: 124->0(2)
[2025-03-19T08:30:28.280+0000][18.170s][info ][gc,heap     ] GC(36) Survivor regions: 12->9(17)
[2025-03-19T08:30:28.280+0000][18.170s][info ][gc,heap     ] GC(36) Old regions: 61->66
[2025-03-19T08:30:28.280+0000][18.170s][info ][gc,heap     ] GC(36) Archive regions: 2->2
[2025-03-19T08:30:28.280+0000][18.170s][info ][gc,heap     ] GC(36) Humongous regions: 0->0
[2025-03-19T08:30:28.280+0000][18.170s][info ][gc,metaspace] GC(36) Metaspace: 73541K(74048K)->73541K(74048K) NonClass: 64107K(64384K)->64107K(64384K) Class: 9433K(9664K)->9433K(9664K)
[2025-03-19T08:30:28.280+0000][18.170s][info ][gc          ] GC(36) Pause Young (Prepare Mixed) (G1 Evacuation Pause) 197M->74M(235M) 13.619ms
[2025-03-19T08:30:28.280+0000][18.170s][info ][gc,cpu      ] GC(36) User=0.04s Sys=0.00s Real=0.01s
[2025-03-19T08:30:28.280+0000][18.170s][info ][safepoint   ] Safepoint "G1CollectForAllocation", Time since last: 396234522 ns, Reaching safepoint: 49435 ns, Cleanup: 52827 ns, At safepoint: 13663389 ns, Total: 13765651 ns
[2025-03-19T08:30:28.290+0000][18.180s][debug][safepoint   ] Safepoint synchronization initiated using futex wait barrier. (20 threads)
[2025-03-19T08:30:28.290+0000][18.181s][info ][gc,start    ] GC(37) Pause Young (Mixed) (G1 Evacuation Pause)
[2025-03-19T08:30:28.290+0000][18.181s][info ][gc,task     ] GC(37) Using 4 workers of 4 for evacuation
[2025-03-19T08:30:28.300+0000][18.191s][info ][gc,phases   ] GC(37)   Pre Evacuate Collection Set: 0.1ms
[2025-03-19T08:30:28.300+0000][18.191s][info ][gc,phases   ] GC(37)   Merge Heap Roots: 0.1ms
[2025-03-19T08:30:28.300+0000][18.191s][info ][gc,phases   ] GC(37)   Evacuate Collection Set: 9.0ms
[2025-03-19T08:30:28.300+0000][18.191s][info ][gc,phases   ] GC(37)   Post Evacuate Collection Set: 1.0ms
[2025-03-19T08:30:28.300+0000][18.191s][info ][gc,phases   ] GC(37)   Other: 0.1ms
[2025-03-19T08:30:28.300+0000][18.191s][info ][gc,heap     ] GC(37) Eden regions: 2->0(127)
[2025-03-19T08:30:28.300+0000][18.191s][info ][gc,heap     ] GC(37) Survivor regions: 9->2(2)
[2025-03-19T08:30:28.300+0000][18.191s][info ][gc,heap     ] GC(37) Old regions: 66->72
[2025-03-19T08:30:28.300+0000][18.191s][info ][gc,heap     ] GC(37) Archive regions: 2->2
[2025-03-19T08:30:28.300+0000][18.191s][info ][gc,heap     ] GC(37) Humongous regions: 0->0
[2025-03-19T08:30:28.300+0000][18.191s][info ][gc,metaspace] GC(37) Metaspace: 73745K(74240K)->73745K(74240K) NonClass: 64305K(64576K)->64305K(64576K) Class: 9440K(9664K)->9440K(9664K)
[2025-03-19T08:30:28.300+0000][18.191s][info ][gc          ] GC(37) Pause Young (Mixed) (G1 Evacuation Pause) 76M->74M(235M) 10.310ms
[2025-03-19T08:30:28.300+0000][18.191s][info ][gc,cpu      ] GC(37) User=0.03s Sys=0.00s Real=0.01s
[2025-03-19T08:30:28.300+0000][18.191s][info ][safepoint   ] Safepoint "G1CollectForAllocation", Time since last: 10341355 ns, Reaching safepoint: 31772 ns, Cleanup: 3419 ns, At safepoint: 10351567 ns, Total: 10386758 ns
[2025-03-19T08:30:28.745+0000][18.635s][debug][safepoint   ] Safepoint synchronization initiated using futex wait barrier. (20 threads)
[2025-03-19T08:30:28.745+0000][18.636s][info ][gc,start    ] GC(38) Pause Young (Concurrent Start) (G1 Evacuation Pause)
[2025-03-19T08:30:28.745+0000][18.636s][info ][gc,task     ] GC(38) Using 4 workers of 4 for evacuation
[2025-03-19T08:30:28.752+0000][18.642s][info ][gc,phases   ] GC(38)   Pre Evacuate Collection Set: 0.1ms
[2025-03-19T08:30:28.752+0000][18.642s][info ][gc,phases   ] GC(38)   Merge Heap Roots: 0.1ms
[2025-03-19T08:30:28.752+0000][18.642s][info ][gc,phases   ] GC(38)   Evacuate Collection Set: 5.3ms
[2025-03-19T08:30:28.752+0000][18.642s][info ][gc,phases   ] GC(38)   Post Evacuate Collection Set: 0.8ms
[2025-03-19T08:30:28.752+0000][18.642s][info ][gc,phases   ] GC(38)   Other: 0.1ms
[2025-03-19T08:30:28.752+0000][18.642s][info ][gc,heap     ] GC(38) Eden regions: 127->0(128)
[2025-03-19T08:30:28.752+0000][18.642s][info ][gc,heap     ] GC(38) Survivor regions: 2->2(17)
[2025-03-19T08:30:28.752+0000][18.642s][info ][gc,heap     ] GC(38) Old regions: 72->72
[2025-03-19T08:30:28.752+0000][18.642s][info ][gc,heap     ] GC(38) Archive regions: 2->2
[2025-03-19T08:30:28.752+0000][18.642s][info ][gc,heap     ] GC(38) Humongous regions: 0->0
[2025-03-19T08:30:28.752+0000][18.642s][info ][gc,metaspace] GC(38) Metaspace: 77417K(77888K)->77417K(77888K) NonClass: 67276K(67520K)->67276K(67520K) Class: 10140K(10368K)->10140K(10368K)
[2025-03-19T08:30:28.752+0000][18.642s][info ][gc          ] GC(38) Pause Young (Concurrent Start) (G1 Evacuation Pause) 201M->74M(235M) 6.427ms
[2025-03-19T08:30:28.752+0000][18.642s][info ][gc,cpu      ] GC(38) User=0.03s Sys=0.00s Real=0.00s
[2025-03-19T08:30:28.752+0000][18.642s][info ][gc          ] GC(39) Concurrent Mark Cycle
[2025-03-19T08:30:28.752+0000][18.642s][info ][safepoint   ] Safepoint "G1CollectForAllocation", Time since last: 444574430 ns, Reaching safepoint: 41630 ns, Cleanup: 45631 ns, At safepoint: 6472367 ns, Total: 6559628 ns
[2025-03-19T08:30:28.752+0000][18.642s][info ][gc,marking  ] GC(39) Concurrent Clear Claimed Marks
[2025-03-19T08:30:28.752+0000][18.642s][info ][gc,marking  ] GC(39) Concurrent Clear Claimed Marks 0.061ms
[2025-03-19T08:30:28.752+0000][18.642s][info ][gc,marking  ] GC(39) Concurrent Scan Root Regions
[2025-03-19T08:30:28.755+0000][18.646s][info ][gc,marking  ] GC(39) Concurrent Scan Root Regions 3.759ms
[2025-03-19T08:30:28.755+0000][18.646s][info ][gc,marking  ] GC(39) Concurrent Mark
[2025-03-19T08:30:28.755+0000][18.646s][info ][gc,marking  ] GC(39) Concurrent Mark From Roots
[2025-03-19T08:30:28.756+0000][18.646s][info ][gc,task     ] GC(39) Using 1 workers of 1 for marking
[2025-03-19T08:30:28.896+0000][18.786s][info ][gc,marking  ] GC(39) Concurrent Mark From Roots 140.584ms
[2025-03-19T08:30:28.896+0000][18.786s][info ][gc,marking  ] GC(39) Concurrent Preclean
[2025-03-19T08:30:28.896+0000][18.787s][info ][gc,marking  ] GC(39) Concurrent Preclean 0.320ms
[2025-03-19T08:30:28.898+0000][18.788s][debug][safepoint   ] Safepoint synchronization initiated using futex wait barrier. (20 threads)
[2025-03-19T08:30:28.898+0000][18.788s][info ][gc,start    ] GC(39) Pause Remark
[2025-03-19T08:30:28.905+0000][18.795s][info ][gc          ] GC(39) Pause Remark 106M->106M(235M) 6.631ms
[2025-03-19T08:30:28.905+0000][18.795s][info ][gc,cpu      ] GC(39) User=0.02s Sys=0.00s Real=0.01s
[2025-03-19T08:30:28.905+0000][18.795s][info ][safepoint   ] Safepoint "G1PauseRemark", Time since last: 146392006 ns, Reaching safepoint: 31673 ns, Cleanup: 29105 ns, At safepoint: 6724417 ns, Total: 6785195 ns
[2025-03-19T08:30:28.905+0000][18.795s][info ][gc,marking  ] GC(39) Concurrent Mark 149.329ms
[2025-03-19T08:30:28.905+0000][18.795s][info ][gc,marking  ] GC(39) Concurrent Rebuild Remembered Sets
[2025-03-19T08:30:28.979+0000][18.869s][info ][gc,marking  ] GC(39) Concurrent Rebuild Remembered Sets 73.793ms
[2025-03-19T08:30:28.979+0000][18.869s][debug][safepoint   ] Safepoint synchronization initiated using futex wait barrier. (20 threads)
[2025-03-19T08:30:28.979+0000][18.869s][info ][gc,start    ] GC(39) Pause Cleanup
[2025-03-19T08:30:28.979+0000][18.869s][info ][gc          ] GC(39) Pause Cleanup 115M->115M(235M) 0.087ms
[2025-03-19T08:30:28.979+0000][18.869s][info ][gc,cpu      ] GC(39) User=0.01s Sys=0.00s Real=0.00s
[2025-03-19T08:30:28.979+0000][18.869s][info ][safepoint   ] Safepoint "G1PauseCleanup", Time since last: 73919931 ns, Reaching safepoint: 19334 ns, Cleanup: 21328 ns, At safepoint: 109083 ns, Total: 149745 ns
[2025-03-19T08:30:28.979+0000][18.869s][info ][gc,marking  ] GC(39) Concurrent Cleanup for Next Mark
[2025-03-19T08:30:28.979+0000][18.869s][info ][gc,marking  ] GC(39) Concurrent Cleanup for Next Mark 0.206ms
[2025-03-19T08:30:28.979+0000][18.869s][info ][gc          ] GC(39) Concurrent Mark Cycle 227.484ms
[2025-03-19T08:30:29.191+0000][19.081s][debug][safepoint   ] Safepoint synchronization initiated using futex wait barrier. (20 threads)
[2025-03-19T08:30:29.191+0000][19.081s][info ][safepoint   ] Safepoint "ICBufferFull", Time since last: 211669959 ns, Reaching safepoint: 51486 ns, Cleanup: 129885 ns, At safepoint: 3452 ns, Total: 184823 ns
[2025-03-19T08:30:29.256+0000][19.147s][debug][safepoint   ] Safepoint synchronization initiated using futex wait barrier. (20 threads)
[2025-03-19T08:30:29.256+0000][19.147s][info ][safepoint   ] Safepoint "ICBufferFull", Time since last: 65479468 ns, Reaching safepoint: 45700 ns, Cleanup: 114672 ns, At safepoint: 2449 ns, Total: 162821 ns
[2025-03-19T08:30:29.352+0000][19.243s][debug][safepoint   ] Safepoint synchronization initiated using futex wait barrier. (20 threads)
[2025-03-19T08:30:29.352+0000][19.243s][info ][safepoint   ] Safepoint "ICBufferFull", Time since last: 95858544 ns, Reaching safepoint: 114398 ns, Cleanup: 117944 ns, At safepoint: 3738 ns, Total: 236080 ns
[2025-03-19T08:30:29.434+0000][19.325s][debug][safepoint   ] Safepoint synchronization initiated using futex wait barrier. (20 threads)
[2025-03-19T08:30:29.434+0000][19.325s][info ][safepoint   ] Safepoint "ICBufferFull", Time since last: 81837366 ns, Reaching safepoint: 45362 ns, Cleanup: 126286 ns, At safepoint: 3349 ns, Total: 174997 ns
[2025-03-19T08:30:29.599+0000][19.490s][debug][safepoint   ] Safepoint synchronization initiated using futex wait barrier. (20 threads)
[2025-03-19T08:30:29.600+0000][19.490s][info ][gc,start    ] GC(40) Pause Young (Prepare Mixed) (G1 Evacuation Pause)
[2025-03-19T08:30:29.600+0000][19.490s][info ][gc,task     ] GC(40) Using 4 workers of 4 for evacuation
[2025-03-19T08:30:29.603+0000][19.494s][info ][gc,phases   ] GC(40)   Pre Evacuate Collection Set: 0.1ms
[2025-03-19T08:30:29.603+0000][19.494s][info ][gc,phases   ] GC(40)   Merge Heap Roots: 0.1ms
[2025-03-19T08:30:29.604+0000][19.494s][info ][gc,phases   ] GC(40)   Evacuate Collection Set: 2.9ms
[2025-03-19T08:30:29.604+0000][19.494s][info ][gc,phases   ] GC(40)   Post Evacuate Collection Set: 0.8ms
[2025-03-19T08:30:29.604+0000][19.494s][info ][gc,phases   ] GC(40)   Other: 0.1ms
[2025-03-19T08:30:29.604+0000][19.494s][info ][gc,heap     ] GC(40) Eden regions: 128->0(8)
[2025-03-19T08:30:29.604+0000][19.494s][info ][gc,heap     ] GC(40) Survivor regions: 2->3(17)
[2025-03-19T08:30:29.604+0000][19.494s][info ][gc,heap     ] GC(40) Old regions: 72->72
[2025-03-19T08:30:29.604+0000][19.494s][info ][gc,heap     ] GC(40) Archive regions: 2->2
[2025-03-19T08:30:29.604+0000][19.494s][info ][gc,heap     ] GC(40) Humongous regions: 0->0
[2025-03-19T08:30:29.604+0000][19.494s][info ][gc,metaspace] GC(40) Metaspace: 79757K(80256K)->79757K(80256K) NonClass: 69287K(69568K)->69287K(69568K) Class: 10470K(10688K)->10470K(10688K)
[2025-03-19T08:30:29.604+0000][19.494s][info ][gc          ] GC(40) Pause Young (Prepare Mixed) (G1 Evacuation Pause) 202M->75M(235M) 3.917ms
[2025-03-19T08:30:29.604+0000][19.494s][info ][gc,cpu      ] GC(40) User=0.02s Sys=0.00s Real=0.00s
[2025-03-19T08:30:29.604+0000][19.494s][info ][safepoint   ] Safepoint "G1CollectForAllocation", Time since last: 165004156 ns, Reaching safepoint: 44804 ns, Cleanup: 106256 ns, At safepoint: 3966314 ns, Total: 4117374 ns
[2025-03-19T08:30:29.647+0000][19.537s][debug][safepoint   ] Safepoint synchronization initiated using futex wait barrier. (20 threads)
[2025-03-19T08:30:29.647+0000][19.537s][info ][gc,start    ] GC(41) Pause Young (Mixed) (G1 Evacuation Pause)
[2025-03-19T08:30:29.647+0000][19.537s][info ][gc,task     ] GC(41) Using 4 workers of 4 for evacuation
[2025-03-19T08:30:29.654+0000][19.544s][info ][gc,phases   ] GC(41)   Pre Evacuate Collection Set: 0.1ms
[2025-03-19T08:30:29.654+0000][19.544s][info ][gc,phases   ] GC(41)   Merge Heap Roots: 0.1ms
[2025-03-19T08:30:29.654+0000][19.544s][info ][gc,phases   ] GC(41)   Evacuate Collection Set: 5.8ms
[2025-03-19T08:30:29.654+0000][19.544s][info ][gc,phases   ] GC(41)   Post Evacuate Collection Set: 0.7ms
[2025-03-19T08:30:29.654+0000][19.544s][info ][gc,phases   ] GC(41)   Other: 0.1ms
[2025-03-19T08:30:29.654+0000][19.544s][info ][gc,heap     ] GC(41) Eden regions: 8->0(127)
[2025-03-19T08:30:29.654+0000][19.544s][info ][gc,heap     ] GC(41) Survivor regions: 3->1(2)
[2025-03-19T08:30:29.654+0000][19.544s][info ][gc,heap     ] GC(41) Old regions: 72->74
[2025-03-19T08:30:29.654+0000][19.544s][info ][gc,heap     ] GC(41) Archive regions: 2->2
[2025-03-19T08:30:29.654+0000][19.544s][info ][gc,heap     ] GC(41) Humongous regions: 0->0
[2025-03-19T08:30:29.654+0000][19.544s][info ][gc,metaspace] GC(41) Metaspace: 79848K(80384K)->79848K(80384K) NonClass: 69369K(69632K)->69369K(69632K) Class: 10478K(10752K)->10478K(10752K)
[2025-03-19T08:30:29.654+0000][19.544s][info ][gc          ] GC(41) Pause Young (Mixed) (G1 Evacuation Pause) 83M->74M(235M) 6.786ms
[2025-03-19T08:30:29.654+0000][19.544s][info ][gc,cpu      ] GC(41) User=0.02s Sys=0.00s Real=0.00s
[2025-03-19T08:30:29.654+0000][19.544s][info ][safepoint   ] Safepoint "G1CollectForAllocation", Time since last: 43378248 ns, Reaching safepoint: 51324 ns, Cleanup: 46483 ns, At safepoint: 6830761 ns, Total: 6928568 ns
[2025-03-19T08:30:30.129+0000][20.019s][debug][safepoint   ] Safepoint synchronization initiated using futex wait barrier. (20 threads)
[2025-03-19T08:30:30.129+0000][20.019s][info ][safepoint   ] Safepoint "ICBufferFull", Time since last: 474761035 ns, Reaching safepoint: 36749 ns, Cleanup: 96624 ns, At safepoint: 2075 ns, Total: 135448 ns
[2025-03-19T08:30:30.237+0000][20.127s][debug][safepoint   ] Safepoint synchronization initiated using futex wait barrier. (20 threads)
[2025-03-19T08:30:30.237+0000][20.127s][info ][gc,start    ] GC(42) Pause Young (Normal) (G1 Evacuation Pause)
[2025-03-19T08:30:30.237+0000][20.127s][info ][gc,task     ] GC(42) Using 4 workers of 4 for evacuation
[2025-03-19T08:30:30.241+0000][20.132s][info ][gc,phases   ] GC(42)   Pre Evacuate Collection Set: 0.1ms
[2025-03-19T08:30:30.241+0000][20.132s][info ][gc,phases   ] GC(42)   Merge Heap Roots: 0.1ms
[2025-03-19T08:30:30.241+0000][20.132s][info ][gc,phases   ] GC(42)   Evacuate Collection Set: 3.6ms
[2025-03-19T08:30:30.241+0000][20.132s][info ][gc,phases   ] GC(42)   Post Evacuate Collection Set: 0.8ms
[2025-03-19T08:30:30.241+0000][20.132s][info ][gc,phases   ] GC(42)   Other: 0.1ms
[2025-03-19T08:30:30.241+0000][20.132s][info ][gc,heap     ] GC(42) Eden regions: 127->0(125)
[2025-03-19T08:30:30.241+0000][20.132s][info ][gc,heap     ] GC(42) Survivor regions: 1->3(16)
[2025-03-19T08:30:30.241+0000][20.132s][info ][gc,heap     ] GC(42) Old regions: 74->74
[2025-03-19T08:30:30.241+0000][20.132s][info ][gc,heap     ] GC(42) Archive regions: 2->2
[2025-03-19T08:30:30.241+0000][20.132s][info ][gc,heap     ] GC(42) Humongous regions: 0->0
[2025-03-19T08:30:30.241+0000][20.132s][info ][gc,metaspace] GC(42) Metaspace: 82924K(83456K)->82924K(83456K) NonClass: 71993K(72256K)->71993K(72256K) Class: 10931K(11200K)->10931K(11200K)
[2025-03-19T08:30:30.241+0000][20.132s][info ][gc          ] GC(42) Pause Young (Normal) (G1 Evacuation Pause) 201M->76M(235M) 4.665ms
[2025-03-19T08:30:30.241+0000][20.132s][info ][gc,cpu      ] GC(42) User=0.01s Sys=0.00s Real=0.00s
[2025-03-19T08:30:30.241+0000][20.132s][info ][safepoint   ] Safepoint "G1CollectForAllocation", Time since last: 107785329 ns, Reaching safepoint: 36087 ns, Cleanup: 26232 ns, At safepoint: 4703768 ns, Total: 4766087 ns
[2025-03-19T08:30:30.688+0000][20.579s][debug][safepoint   ] Safepoint synchronization initiated using futex wait barrier. (19 threads)
[2025-03-19T08:30:30.688+0000][20.579s][info ][safepoint   ] Safepoint "ICBufferFull", Time since last: 446894972 ns, Reaching safepoint: 42114 ns, Cleanup: 98227 ns, At safepoint: 3734 ns, Total: 144075 ns
[2025-03-19T08:30:31.191+0000][21.081s][debug][safepoint   ] Safepoint synchronization initiated using futex wait barrier. (19 threads)
[2025-03-19T08:30:31.191+0000][21.082s][info ][gc,start    ] GC(43) Pause Young (Normal) (G1 Evacuation Pause)
[2025-03-19T08:30:31.191+0000][21.082s][info ][gc,task     ] GC(43) Using 4 workers of 4 for evacuation
[2025-03-19T08:30:31.202+0000][21.093s][info ][gc,phases   ] GC(43)   Pre Evacuate Collection Set: 0.1ms
[2025-03-19T08:30:31.202+0000][21.093s][info ][gc,phases   ] GC(43)   Merge Heap Roots: 0.1ms
[2025-03-19T08:30:31.202+0000][21.093s][info ][gc,phases   ] GC(43)   Evacuate Collection Set: 9.3ms
[2025-03-19T08:30:31.202+0000][21.093s][info ][gc,phases   ] GC(43)   Post Evacuate Collection Set: 1.3ms
[2025-03-19T08:30:31.202+0000][21.093s][info ][gc,phases   ] GC(43)   Other: 0.1ms
[2025-03-19T08:30:31.202+0000][21.093s][info ][gc,heap     ] GC(43) Eden regions: 125->0(121)
[2025-03-19T08:30:31.202+0000][21.093s][info ][gc,heap     ] GC(43) Survivor regions: 3->6(16)
[2025-03-19T08:30:31.202+0000][21.093s][info ][gc,heap     ] GC(43) Old regions: 74->74
[2025-03-19T08:30:31.202+0000][21.093s][info ][gc,heap     ] GC(43) Archive regions: 2->2
[2025-03-19T08:30:31.202+0000][21.093s][info ][gc,heap     ] GC(43) Humongous regions: 0->0
[2025-03-19T08:30:31.202+0000][21.093s][info ][gc,metaspace] GC(43) Metaspace: 84949K(85504K)->84949K(85504K) NonClass: 73870K(74176K)->73870K(74176K) Class: 11078K(11328K)->11078K(11328K)
[2025-03-19T08:30:31.202+0000][21.093s][info ][gc          ] GC(43) Pause Young (Normal) (G1 Evacuation Pause) 201M->79M(235M) 11.005ms
[2025-03-19T08:30:31.202+0000][21.093s][info ][gc,cpu      ] GC(43) User=0.04s Sys=0.00s Real=0.01s
[2025-03-19T08:30:31.202+0000][21.093s][info ][safepoint   ] Safepoint "G1CollectForAllocation", Time since last: 502694260 ns, Reaching safepoint: 120844 ns, Cleanup: 112002 ns, At safepoint: 11051737 ns, Total: 11284583 ns
[2025-03-19T08:30:32.208+0000][22.098s][debug][safepoint   ] Safepoint synchronization initiated using futex wait barrier. (19 threads)
[2025-03-19T08:30:32.208+0000][22.098s][info ][safepoint   ] Safepoint "ICBufferFull", Time since last: 1005285817 ns, Reaching safepoint: 109966 ns, Cleanup: 113853 ns, At safepoint: 2975 ns, Total: 226794 ns
[2025-03-19T08:30:32.290+0000][22.180s][debug][safepoint   ] Safepoint synchronization initiated using futex wait barrier. (19 threads)
[2025-03-19T08:30:32.290+0000][22.180s][info ][gc,start    ] GC(44) Pause Young (Normal) (G1 Evacuation Pause)
[2025-03-19T08:30:32.290+0000][22.180s][info ][gc,task     ] GC(44) Using 4 workers of 4 for evacuation
[2025-03-19T08:30:32.308+0000][22.198s][info ][gc,phases   ] GC(44)   Pre Evacuate Collection Set: 0.1ms
[2025-03-19T08:30:32.308+0000][22.198s][info ][gc,phases   ] GC(44)   Merge Heap Roots: 0.1ms
[2025-03-19T08:30:32.308+0000][22.198s][info ][gc,phases   ] GC(44)   Evacuate Collection Set: 16.1ms
[2025-03-19T08:30:32.308+0000][22.198s][info ][gc,phases   ] GC(44)   Post Evacuate Collection Set: 1.8ms
[2025-03-19T08:30:32.308+0000][22.198s][info ][gc,phases   ] GC(44)   Other: 0.1ms
[2025-03-19T08:30:32.308+0000][22.198s][info ][gc,heap     ] GC(44) Eden regions: 121->0(117)
[2025-03-19T08:30:32.308+0000][22.198s][info ][gc,heap     ] GC(44) Survivor regions: 6->9(16)
[2025-03-19T08:30:32.308+0000][22.198s][info ][gc,heap     ] GC(44) Old regions: 74->74
[2025-03-19T08:30:32.308+0000][22.198s][info ][gc,heap     ] GC(44) Archive regions: 2->2
[2025-03-19T08:30:32.308+0000][22.198s][info ][gc,heap     ] GC(44) Humongous regions: 0->0
[2025-03-19T08:30:32.308+0000][22.198s][info ][gc,metaspace] GC(44) Metaspace: 87366K(87872K)->87366K(87872K) NonClass: 76113K(76352K)->76113K(76352K) Class: 11253K(11520K)->11253K(11520K)
[2025-03-19T08:30:32.308+0000][22.198s][info ][gc          ] GC(44) Pause Young (Normal) (G1 Evacuation Pause) 200M->82M(235M) 18.257ms
[2025-03-19T08:30:32.308+0000][22.198s][info ][gc,cpu      ] GC(44) User=0.06s Sys=0.00s Real=0.02s
[2025-03-19T08:30:32.308+0000][22.198s][info ][safepoint   ] Safepoint "G1CollectForAllocation", Time since last: 81710745 ns, Reaching safepoint: 47731 ns, Cleanup: 29453 ns, At safepoint: 18310214 ns, Total: 18387398 ns
[2025-03-19T08:30:33.322+0000][23.213s][debug][safepoint   ] Safepoint synchronization initiated using futex wait barrier. (24 threads)
[2025-03-19T08:30:33.322+0000][23.213s][info ][safepoint   ] Safepoint "Cleanup", Time since last: 1014359025 ns, Reaching safepoint: 43868 ns, Cleanup: 100277 ns, At safepoint: 2160 ns, Total: 146305 ns
[2025-03-19T08:30:33.343+0000][23.234s][debug][safepoint   ] Safepoint synchronization initiated using futex wait barrier. (24 threads)
[2025-03-19T08:30:33.344+0000][23.234s][info ][gc,start    ] GC(45) Pause Young (Normal) (G1 Evacuation Pause)
[2025-03-19T08:30:33.344+0000][23.234s][info ][gc,task     ] GC(45) Using 4 workers of 4 for evacuation
[2025-03-19T08:30:33.358+0000][23.249s][info ][gc,phases   ] GC(45)   Pre Evacuate Collection Set: 0.1ms
[2025-03-19T08:30:33.358+0000][23.249s][info ][gc,phases   ] GC(45)   Merge Heap Roots: 0.1ms
[2025-03-19T08:30:33.358+0000][23.249s][info ][gc,phases   ] GC(45)   Evacuate Collection Set: 12.7ms
[2025-03-19T08:30:33.358+0000][23.249s][info ][gc,phases   ] GC(45)   Post Evacuate Collection Set: 1.8ms
[2025-03-19T08:30:33.358+0000][23.249s][info ][gc,phases   ] GC(45)   Other: 0.1ms
[2025-03-19T08:30:33.358+0000][23.249s][info ][gc,heap     ] GC(45) Eden regions: 117->0(113)
[2025-03-19T08:30:33.358+0000][23.249s][info ][gc,heap     ] GC(45) Survivor regions: 9->11(16)
[2025-03-19T08:30:33.358+0000][23.249s][info ][gc,heap     ] GC(45) Old regions: 74->74
[2025-03-19T08:30:33.358+0000][23.249s][info ][gc,heap     ] GC(45) Archive regions: 2->2
[2025-03-19T08:30:33.358+0000][23.249s][info ][gc,heap     ] GC(45) Humongous regions: 0->0
[2025-03-19T08:30:33.358+0000][23.249s][info ][gc,metaspace] GC(45) Metaspace: 89336K(89920K)->89336K(89920K) NonClass: 77898K(78208K)->77898K(78208K) Class: 11438K(11712K)->11438K(11712K)
[2025-03-19T08:30:33.358+0000][23.249s][info ][gc          ] GC(45) Pause Young (Normal) (G1 Evacuation Pause) 199M->85M(235M) 14.888ms
[2025-03-19T08:30:33.358+0000][23.249s][info ][gc,cpu      ] GC(45) User=0.06s Sys=0.00s Real=0.02s
[2025-03-19T08:30:33.358+0000][23.249s][info ][safepoint   ] Safepoint "G1CollectForAllocation", Time since last: 20964503 ns, Reaching safepoint: 44640 ns, Cleanup: 14407 ns, At safepoint: 14937292 ns, Total: 14996339 ns
[2025-03-19T08:30:33.823+0000][23.713s][debug][safepoint   ] Safepoint synchronization initiated using futex wait barrier. (24 threads)
[2025-03-19T08:30:33.823+0000][23.713s][info ][safepoint   ] Safepoint "ICBufferFull", Time since last: 464339090 ns, Reaching safepoint: 53903 ns, Cleanup: 153192 ns, At safepoint: 16221 ns, Total: 223316 ns
[2025-03-19T08:30:34.252+0000][24.143s][debug][safepoint   ] Safepoint synchronization initiated using futex wait barrier. (24 threads)
[2025-03-19T08:30:34.252+0000][24.143s][info ][gc,start    ] GC(46) Pause Young (Normal) (G1 Evacuation Pause)
[2025-03-19T08:30:34.252+0000][24.143s][info ][gc,task     ] GC(46) Using 4 workers of 4 for evacuation
[2025-03-19T08:30:34.267+0000][24.157s][info ][gc,phases   ] GC(46)   Pre Evacuate Collection Set: 0.1ms
[2025-03-19T08:30:34.267+0000][24.157s][info ][gc,phases   ] GC(46)   Merge Heap Roots: 0.1ms
[2025-03-19T08:30:34.267+0000][24.157s][info ][gc,phases   ] GC(46)   Evacuate Collection Set: 12.5ms
[2025-03-19T08:30:34.267+0000][24.157s][info ][gc,phases   ] GC(46)   Post Evacuate Collection Set: 1.4ms
[2025-03-19T08:30:34.267+0000][24.157s][info ][gc,phases   ] GC(46)   Other: 0.1ms
[2025-03-19T08:30:34.267+0000][24.157s][info ][gc,heap     ] GC(46) Eden regions: 113->0(113)
[2025-03-19T08:30:34.267+0000][24.157s][info ][gc,heap     ] GC(46) Survivor regions: 11->9(16)
[2025-03-19T08:30:34.267+0000][24.157s][info ][gc,heap     ] GC(46) Old regions: 74->78
[2025-03-19T08:30:34.267+0000][24.157s][info ][gc,heap     ] GC(46) Archive regions: 2->2
[2025-03-19T08:30:34.267+0000][24.157s][info ][gc,heap     ] GC(46) Humongous regions: 0->0
[2025-03-19T08:30:34.267+0000][24.157s][info ][gc,metaspace] GC(46) Metaspace: 93495K(94016K)->93495K(94016K) NonClass: 81384K(81664K)->81384K(81664K) Class: 12110K(12352K)->12110K(12352K)
[2025-03-19T08:30:34.267+0000][24.157s][info ][gc          ] GC(46) Pause Young (Normal) (G1 Evacuation Pause) 198M->87M(235M) 14.288ms
[2025-03-19T08:30:34.267+0000][24.157s][info ][gc,cpu      ] GC(46) User=0.05s Sys=0.00s Real=0.02s
[2025-03-19T08:30:34.267+0000][24.157s][info ][safepoint   ] Safepoint "G1CollectForAllocation", Time since last: 429344584 ns, Reaching safepoint: 38272 ns, Cleanup: 81769 ns, At safepoint: 14337728 ns, Total: 14457769 ns
[2025-03-19T08:30:34.482+0000][24.373s][debug][safepoint   ] Safepoint synchronization initiated using futex wait barrier. (24 threads)
[2025-03-19T08:30:34.482+0000][24.373s][info ][safepoint   ] Safepoint "ICBufferFull", Time since last: 215437183 ns, Reaching safepoint: 50500 ns, Cleanup: 140132 ns, At safepoint: 5294 ns, Total: 195926 ns
[2025-03-19T08:30:34.834+0000][24.724s][debug][safepoint   ] Safepoint synchronization initiated using futex wait barrier. (24 threads)
[2025-03-19T08:30:34.834+0000][24.724s][info ][gc,start    ] GC(47) Pause Young (Normal) (G1 Evacuation Pause)
[2025-03-19T08:30:34.865+0000][24.755s][info ][gc,task     ] GC(47) Using 4 workers of 4 for evacuation
[2025-03-19T08:30:34.881+0000][24.772s][info ][gc,phases   ] GC(47)   Pre Evacuate Collection Set: 0.1ms
[2025-03-19T08:30:34.882+0000][24.772s][info ][gc,phases   ] GC(47)   Merge Heap Roots: 0.1ms
[2025-03-19T08:30:34.882+0000][24.772s][info ][gc,phases   ] GC(47)   Evacuate Collection Set: 15.5ms
[2025-03-19T08:30:34.882+0000][24.772s][info ][gc,phases   ] GC(47)   Post Evacuate Collection Set: 1.1ms
[2025-03-19T08:30:34.882+0000][24.772s][info ][gc,phases   ] GC(47)   Other: 30.7ms
[2025-03-19T08:30:34.882+0000][24.772s][info ][gc,heap     ] GC(47) Eden regions: 113->0(106)
[2025-03-19T08:30:34.882+0000][24.772s][info ][gc,heap     ] GC(47) Survivor regions: 9->11(16)
[2025-03-19T08:30:34.882+0000][24.772s][info ][gc,heap     ] GC(47) Old regions: 78->81
[2025-03-19T08:30:34.882+0000][24.772s][info ][gc,heap     ] GC(47) Archive regions: 2->2
[2025-03-19T08:30:34.882+0000][24.772s][info ][gc,heap     ] GC(47) Humongous regions: 0->0
[2025-03-19T08:30:34.882+0000][24.772s][info ][gc,metaspace] GC(47) Metaspace: 95692K(96192K)->95692K(96192K) NonClass: 83130K(83392K)->83130K(83392K) Class: 12561K(12800K)->12561K(12800K)
[2025-03-19T08:30:34.882+0000][24.772s][info ][gc          ] GC(47) Pause Young (Normal) (G1 Evacuation Pause) 200M->92M(235M) 47.557ms
[2025-03-19T08:30:34.882+0000][24.772s][info ][gc,cpu      ] GC(47) User=0.09s Sys=0.00s Real=0.04s
[2025-03-19T08:30:34.882+0000][24.772s][info ][safepoint   ] Safepoint "G1CollectForAllocation", Time since last: 351430461 ns, Reaching safepoint: 65370 ns, Cleanup: 55019 ns, At safepoint: 47626280 ns, Total: 47746669 ns
[2025-03-19T08:30:35.401+0000][25.292s][debug][safepoint   ] Safepoint synchronization initiated using futex wait barrier. (24 threads)
[2025-03-19T08:30:35.401+0000][25.292s][info ][gc,start    ] GC(48) Pause Young (Normal) (G1 Evacuation Pause)
[2025-03-19T08:30:35.401+0000][25.292s][info ][gc,task     ] GC(48) Using 4 workers of 4 for evacuation
[2025-03-19T08:30:35.414+0000][25.305s][info ][gc,phases   ] GC(48)   Pre Evacuate Collection Set: 0.1ms
[2025-03-19T08:30:35.414+0000][25.305s][info ][gc,phases   ] GC(48)   Merge Heap Roots: 0.1ms
[2025-03-19T08:30:35.414+0000][25.305s][info ][gc,phases   ] GC(48)   Evacuate Collection Set: 11.0ms
[2025-03-19T08:30:35.414+0000][25.305s][info ][gc,phases   ] GC(48)   Post Evacuate Collection Set: 1.7ms
[2025-03-19T08:30:35.414+0000][25.305s][info ][gc,phases   ] GC(48)   Other: 0.1ms
[2025-03-19T08:30:35.414+0000][25.305s][info ][gc,heap     ] GC(48) Eden regions: 106->0(148)
[2025-03-19T08:30:35.414+0000][25.305s][info ][gc,heap     ] GC(48) Survivor regions: 11->7(15)
[2025-03-19T08:30:35.414+0000][25.305s][info ][gc,heap     ] GC(48) Old regions: 81->84
[2025-03-19T08:30:35.414+0000][25.305s][info ][gc,heap     ] GC(48) Archive regions: 2->2
[2025-03-19T08:30:35.414+0000][25.305s][info ][gc,heap     ] GC(48) Humongous regions: 0->0
[2025-03-19T08:30:35.414+0000][25.305s][info ][gc,metaspace] GC(48) Metaspace: 98260K(98880K)->98260K(98880K) NonClass: 85349K(85696K)->85349K(85696K) Class: 12911K(13184K)->12911K(13184K)
[2025-03-19T08:30:35.414+0000][25.305s][info ][gc          ] GC(48) Pause Young (Normal) (G1 Evacuation Pause) 198M->91M(282M) 12.975ms
[2025-03-19T08:30:35.414+0000][25.305s][info ][gc,cpu      ] GC(48) User=0.04s Sys=0.00s Real=0.02s
[2025-03-19T08:30:35.414+0000][25.305s][info ][safepoint   ] Safepoint "G1CollectForAllocation", Time since last: 519688988 ns, Reaching safepoint: 50234 ns, Cleanup: 75173 ns, At safepoint: 13033754 ns, Total: 13159161 ns
[2025-03-19T08:30:36.524+0000][26.414s][debug][safepoint   ] Safepoint synchronization initiated using futex wait barrier. (27 threads)
[2025-03-19T08:30:36.524+0000][26.414s][info ][gc,start    ] GC(49) Pause Young (Normal) (G1 Evacuation Pause)
[2025-03-19T08:30:36.524+0000][26.414s][info ][gc,task     ] GC(49) Using 4 workers of 4 for evacuation
[2025-03-19T08:30:36.540+0000][26.430s][info ][gc,phases   ] GC(49)   Pre Evacuate Collection Set: 0.1ms
[2025-03-19T08:30:36.540+0000][26.430s][info ][gc,phases   ] GC(49)   Merge Heap Roots: 0.1ms
[2025-03-19T08:30:36.540+0000][26.430s][info ][gc,phases   ] GC(49)   Evacuate Collection Set: 14.4ms
[2025-03-19T08:30:36.540+0000][26.430s][info ][gc,phases   ] GC(49)   Post Evacuate Collection Set: 1.2ms
[2025-03-19T08:30:36.540+0000][26.430s][info ][gc,phases   ] GC(49)   Other: 0.1ms
[2025-03-19T08:30:36.540+0000][26.430s][info ][gc,heap     ] GC(49) Eden regions: 148->0(146)
[2025-03-19T08:30:36.540+0000][26.430s][info ][gc,heap     ] GC(49) Survivor regions: 7->10(20)
[2025-03-19T08:30:36.540+0000][26.430s][info ][gc,heap     ] GC(49) Old regions: 84->84
[2025-03-19T08:30:36.540+0000][26.430s][info ][gc,heap     ] GC(49) Archive regions: 2->2
[2025-03-19T08:30:36.540+0000][26.430s][info ][gc,heap     ] GC(49) Humongous regions: 0->0
[2025-03-19T08:30:36.540+0000][26.430s][info ][gc,metaspace] GC(49) Metaspace: 103103K(103744K)->103103K(103744K) NonClass: 89517K(89856K)->89517K(89856K) Class: 13585K(13888K)->13585K(13888K)
[2025-03-19T08:30:36.540+0000][26.430s][info ][gc          ] GC(49) Pause Young (Normal) (G1 Evacuation Pause) 239M->94M(282M) 15.956ms
[2025-03-19T08:30:36.540+0000][26.430s][info ][gc,cpu      ] GC(49) User=0.06s Sys=0.00s Real=0.02s
[2025-03-19T08:30:36.540+0000][26.430s][info ][safepoint   ] Safepoint "G1CollectForAllocation", Time since last: 1109218564 ns, Reaching safepoint: 40093 ns, Cleanup: 104608 ns, At safepoint: 16018706 ns, Total: 16163407 ns
[2025-03-19T08:30:37.472+0000][27.362s][debug][safepoint   ] ... found polling page loop exception at pc = 0x0000716948f631ac, stub =0x000071694898f400
[2025-03-19T08:30:37.515+0000][27.405s][debug][safepoint   ] Safepoint synchronization initiated using futex wait barrier. (30 threads)
[2025-03-19T08:30:37.515+0000][27.405s][info ][gc,start    ] GC(50) Pause Young (Normal) (G1 Evacuation Pause)
[2025-03-19T08:30:37.515+0000][27.405s][info ][gc,task     ] GC(50) Using 4 workers of 4 for evacuation
[2025-03-19T08:30:37.532+0000][27.422s][info ][gc,phases   ] GC(50)   Pre Evacuate Collection Set: 0.1ms
[2025-03-19T08:30:37.532+0000][27.422s][info ][gc,phases   ] GC(50)   Merge Heap Roots: 0.1ms
[2025-03-19T08:30:37.532+0000][27.422s][info ][gc,phases   ] GC(50)   Evacuate Collection Set: 14.7ms
[2025-03-19T08:30:37.532+0000][27.422s][info ][gc,phases   ] GC(50)   Post Evacuate Collection Set: 1.8ms
[2025-03-19T08:30:37.532+0000][27.422s][info ][gc,phases   ] GC(50)   Other: 0.1ms
[2025-03-19T08:30:37.532+0000][27.422s][info ][gc,heap     ] GC(50) Eden regions: 146->0(141)
[2025-03-19T08:30:37.532+0000][27.422s][info ][gc,heap     ] GC(50) Survivor regions: 10->13(20)
[2025-03-19T08:30:37.532+0000][27.422s][info ][gc,heap     ] GC(50) Old regions: 84->84
[2025-03-19T08:30:37.532+0000][27.422s][info ][gc,heap     ] GC(50) Archive regions: 2->2
[2025-03-19T08:30:37.532+0000][27.422s][info ][gc,heap     ] GC(50) Humongous regions: 0->0
[2025-03-19T08:30:37.532+0000][27.422s][info ][gc,metaspace] GC(50) Metaspace: 106596K(107264K)->106596K(107264K) NonClass: 92647K(92992K)->92647K(92992K) Class: 13949K(14272K)->13949K(14272K)
[2025-03-19T08:30:37.532+0000][27.422s][info ][gc          ] GC(50) Pause Young (Normal) (G1 Evacuation Pause) 240M->97M(282M) 16.904ms
[2025-03-19T08:30:37.532+0000][27.422s][info ][gc,cpu      ] GC(50) User=0.06s Sys=0.00s Real=0.01s
[2025-03-19T08:30:37.532+0000][27.422s][info ][safepoint   ] Safepoint "G1CollectForAllocation", Time since last: 974850257 ns, Reaching safepoint: 37288 ns, Cleanup: 99317 ns, At safepoint: 16959424 ns, Total: 17096029 ns
[2025-03-19T08:30:38.450+0000][28.341s][debug][safepoint   ] Safepoint synchronization initiated using futex wait barrier. (36 threads)
[2025-03-19T08:30:38.450+0000][28.341s][info ][gc,start    ] GC(51) Pause Young (Normal) (G1 Evacuation Pause)
[2025-03-19T08:30:38.450+0000][28.341s][info ][gc,task     ] GC(51) Using 4 workers of 4 for evacuation
[2025-03-19T08:30:38.473+0000][28.364s][info ][gc,phases   ] GC(51)   Pre Evacuate Collection Set: 0.1ms
[2025-03-19T08:30:38.473+0000][28.364s][info ][gc,phases   ] GC(51)   Merge Heap Roots: 0.1ms
[2025-03-19T08:30:38.473+0000][28.364s][info ][gc,phases   ] GC(51)   Evacuate Collection Set: 20.6ms
[2025-03-19T08:30:38.473+0000][28.364s][info ][gc,phases   ] GC(51)   Post Evacuate Collection Set: 1.9ms
[2025-03-19T08:30:38.473+0000][28.364s][info ][gc,phases   ] GC(51)   Other: 0.1ms
[2025-03-19T08:30:38.473+0000][28.364s][info ][gc,heap     ] GC(51) Eden regions: 141->0(137)
[2025-03-19T08:30:38.473+0000][28.364s][info ][gc,heap     ] GC(51) Survivor regions: 13->14(20)
[2025-03-19T08:30:38.473+0000][28.364s][info ][gc,heap     ] GC(51) Old regions: 84->86
[2025-03-19T08:30:38.473+0000][28.364s][info ][gc,heap     ] GC(51) Archive regions: 2->2
[2025-03-19T08:30:38.473+0000][28.364s][info ][gc,heap     ] GC(51) Humongous regions: 0->0
[2025-03-19T08:30:38.473+0000][28.364s][info ][gc,metaspace] GC(51) Metaspace: 109126K(109760K)->109126K(109760K) NonClass: 94926K(95232K)->94926K(95232K) Class: 14199K(14528K)->14199K(14528K)
[2025-03-19T08:30:38.473+0000][28.364s][info ][gc          ] GC(51) Pause Young (Normal) (G1 Evacuation Pause) 238M->100M(282M) 22.916ms
[2025-03-19T08:30:38.473+0000][28.364s][info ][gc,cpu      ] GC(51) User=0.09s Sys=0.00s Real=0.02s
[2025-03-19T08:30:38.474+0000][28.364s][info ][safepoint   ] Safepoint "G1CollectForAllocation", Time since last: 918499689 ns, Reaching safepoint: 51338 ns, Cleanup: 87245 ns, At safepoint: 23082429 ns, Total: 23221012 ns
[2025-03-19T08:30:39.422+0000][29.312s][debug][safepoint   ] Safepoint synchronization initiated using futex wait barrier. (40 threads)
[2025-03-19T08:30:39.422+0000][29.312s][info ][gc,start    ] GC(52) Pause Young (Normal) (G1 Evacuation Pause)
[2025-03-19T08:30:39.422+0000][29.312s][info ][gc,task     ] GC(52) Using 4 workers of 4 for evacuation
[2025-03-19T08:30:39.446+0000][29.336s][info ][gc,phases   ] GC(52)   Pre Evacuate Collection Set: 0.1ms
[2025-03-19T08:30:39.446+0000][29.336s][info ][gc,phases   ] GC(52)   Merge Heap Roots: 0.1ms
[2025-03-19T08:30:39.446+0000][29.336s][info ][gc,phases   ] GC(52)   Evacuate Collection Set: 20.9ms
[2025-03-19T08:30:39.446+0000][29.336s][info ][gc,phases   ] GC(52)   Post Evacuate Collection Set: 2.2ms
[2025-03-19T08:30:39.446+0000][29.336s][info ][gc,phases   ] GC(52)   Other: 0.1ms
[2025-03-19T08:30:39.446+0000][29.336s][info ][gc,heap     ] GC(52) Eden regions: 137->0(133)
[2025-03-19T08:30:39.446+0000][29.336s][info ][gc,heap     ] GC(52) Survivor regions: 14->14(19)
[2025-03-19T08:30:39.446+0000][29.336s][info ][gc,heap     ] GC(52) Old regions: 86->90
[2025-03-19T08:30:39.446+0000][29.336s][info ][gc,heap     ] GC(52) Archive regions: 2->2
[2025-03-19T08:30:39.446+0000][29.336s][info ][gc,heap     ] GC(52) Humongous regions: 0->0
[2025-03-19T08:30:39.446+0000][29.336s][info ][gc,metaspace] GC(52) Metaspace: 112408K(113024K)->112408K(113024K) NonClass: 97875K(98176K)->97875K(98176K) Class: 14532K(14848K)->14532K(14848K)
[2025-03-19T08:30:39.446+0000][29.336s][info ][gc          ] GC(52) Pause Young (Normal) (G1 Evacuation Pause) 237M->104M(282M) 23.587ms
[2025-03-19T08:30:39.446+0000][29.336s][info ][gc,cpu      ] GC(52) User=0.09s Sys=0.00s Real=0.03s
[2025-03-19T08:30:39.446+0000][29.336s][info ][safepoint   ] Safepoint "G1CollectForAllocation", Time since last: 948368256 ns, Reaching safepoint: 57988 ns, Cleanup: 145255 ns, At safepoint: 23792029 ns, Total: 23995272 ns
[2025-03-19T08:30:39.850+0000][29.740s][debug][safepoint   ] Safepoint synchronization initiated using futex wait barrier. (40 threads)
[2025-03-19T08:30:39.850+0000][29.740s][info ][safepoint   ] Safepoint "ICBufferFull", Time since last: 403890489 ns, Reaching safepoint: 49624 ns, Cleanup: 142461 ns, At safepoint: 9433 ns, Total: 201518 ns
[2025-03-19T08:30:40.401+0000][30.292s][debug][safepoint   ] ... found polling page loop exception at pc = 0x00007169493a7697, stub =0x000071694898f400
[2025-03-19T08:30:40.422+0000][30.313s][debug][safepoint   ] Safepoint synchronization initiated using futex wait barrier. (40 threads)
[2025-03-19T08:30:40.422+0000][30.313s][debug][safepoint   ] ... found polling page loop exception at pc = 0x00007169494fa1fb, stub =0x000071694898eb80
[2025-03-19T08:30:40.423+0000][30.313s][info ][safepoint   ] Safepoint "ICBufferFull", Time since last: 572262014 ns, Reaching safepoint: 119473 ns, Cleanup: 163326 ns, At safepoint: 4908 ns, Total: 287707 ns
[2025-03-19T08:30:40.936+0000][30.826s][debug][safepoint   ] Safepoint synchronization initiated using futex wait barrier. (40 threads)
[2025-03-19T08:30:40.936+0000][30.826s][info ][gc,start    ] GC(53) Pause Young (Normal) (G1 Evacuation Pause)
[2025-03-19T08:30:40.936+0000][30.826s][info ][gc,task     ] GC(53) Using 4 workers of 4 for evacuation
[2025-03-19T08:30:40.955+0000][30.845s][info ][gc,phases   ] GC(53)   Pre Evacuate Collection Set: 0.1ms
[2025-03-19T08:30:40.955+0000][30.845s][info ][gc,phases   ] GC(53)   Merge Heap Roots: 0.2ms
[2025-03-19T08:30:40.955+0000][30.845s][info ][gc,phases   ] GC(53)   Evacuate Collection Set: 17.2ms
[2025-03-19T08:30:40.955+0000][30.845s][info ][gc,phases   ] GC(53)   Post Evacuate Collection Set: 1.3ms
[2025-03-19T08:30:40.955+0000][30.845s][info ][gc,phases   ] GC(53)   Other: 0.1ms
[2025-03-19T08:30:40.955+0000][30.845s][info ][gc,heap     ] GC(53) Eden regions: 133->0(131)
[2025-03-19T08:30:40.955+0000][30.845s][info ][gc,heap     ] GC(53) Survivor regions: 14->12(19)
[2025-03-19T08:30:40.955+0000][30.845s][info ][gc,heap     ] GC(53) Old regions: 90->96
[2025-03-19T08:30:40.955+0000][30.845s][info ][gc,heap     ] GC(53) Archive regions: 2->2
[2025-03-19T08:30:40.955+0000][30.845s][info ][gc,heap     ] GC(53) Humongous regions: 0->0
[2025-03-19T08:30:40.955+0000][30.845s][info ][gc,metaspace] GC(53) Metaspace: 115641K(116288K)->115641K(116288K) NonClass: 100793K(101120K)->100793K(101120K) Class: 14847K(15168K)->14847K(15168K)
[2025-03-19T08:30:40.955+0000][30.845s][info ][gc          ] GC(53) Pause Young (Normal) (G1 Evacuation Pause) 237M->108M(282M) 18.975ms
[2025-03-19T08:30:40.955+0000][30.845s][info ][gc,cpu      ] GC(53) User=0.07s Sys=0.00s Real=0.02s
[2025-03-19T08:30:40.955+0000][30.845s][info ][safepoint   ] Safepoint "G1CollectForAllocation", Time since last: 512973488 ns, Reaching safepoint: 55710 ns, Cleanup: 100873 ns, At safepoint: 19055572 ns, Total: 19212155 ns
[2025-03-19T08:30:41.789+0000][31.679s][debug][safepoint   ] Safepoint synchronization initiated using futex wait barrier. (41 threads)
[2025-03-19T08:30:41.789+0000][31.680s][info ][gc,start    ] GC(54) Pause Young (Normal) (G1 Evacuation Pause)
[2025-03-19T08:30:41.789+0000][31.680s][info ][gc,task     ] GC(54) Using 4 workers of 4 for evacuation
[2025-03-19T08:30:41.814+0000][31.705s][info ][gc,phases   ] GC(54)   Pre Evacuate Collection Set: 0.1ms
[2025-03-19T08:30:41.814+0000][31.705s][info ][gc,phases   ] GC(54)   Merge Heap Roots: 0.2ms
[2025-03-19T08:30:41.814+0000][31.705s][info ][gc,phases   ] GC(54)   Evacuate Collection Set: 22.9ms
[2025-03-19T08:30:41.814+0000][31.705s][info ][gc,phases   ] GC(54)   Post Evacuate Collection Set: 1.8ms
[2025-03-19T08:30:41.814+0000][31.705s][info ][gc,phases   ] GC(54)   Other: 0.1ms
[2025-03-19T08:30:41.814+0000][31.705s][info ][gc,heap     ] GC(54) Eden regions: 131->0(131)
[2025-03-19T08:30:41.814+0000][31.705s][info ][gc,heap     ] GC(54) Survivor regions: 12->10(18)
[2025-03-19T08:30:41.814+0000][31.705s][info ][gc,heap     ] GC(54) Old regions: 96->100
[2025-03-19T08:30:41.814+0000][31.705s][info ][gc,heap     ] GC(54) Archive regions: 2->2
[2025-03-19T08:30:41.814+0000][31.705s][info ][gc,heap     ] GC(54) Humongous regions: 0->0
[2025-03-19T08:30:41.814+0000][31.705s][info ][gc,metaspace] GC(54) Metaspace: 117122K(117824K)->117122K(117824K) NonClass: 102086K(102464K)->102086K(102464K) Class: 15035K(15360K)->15035K(15360K)
[2025-03-19T08:30:41.814+0000][31.705s][info ][gc          ] GC(54) Pause Young (Normal) (G1 Evacuation Pause) 239M->109M(282M) 25.107ms
[2025-03-19T08:30:41.814+0000][31.705s][info ][gc,cpu      ] GC(54) User=0.09s Sys=0.00s Real=0.03s
[2025-03-19T08:30:41.815+0000][31.705s][info ][safepoint   ] Safepoint "G1CollectForAllocation", Time since last: 834329177 ns, Reaching safepoint: 47245 ns, Cleanup: 111989 ns, At safepoint: 25318317 ns, Total: 25477551 ns
[2025-03-19T08:30:42.742+0000][32.632s][debug][safepoint   ] Safepoint synchronization initiated using futex wait barrier. (44 threads)
[2025-03-19T08:30:42.742+0000][32.633s][info ][safepoint   ] Safepoint "ICBufferFull", Time since last: 927466177 ns, Reaching safepoint: 134129 ns, Cleanup: 157786 ns, At safepoint: 6183 ns, Total: 298098 ns
[2025-03-19T08:30:42.851+0000][32.741s][debug][safepoint   ] Safepoint synchronization initiated using futex wait barrier. (44 threads)
[2025-03-19T08:30:42.851+0000][32.741s][info ][gc,start    ] GC(55) Pause Young (Normal) (G1 Evacuation Pause)
[2025-03-19T08:30:42.851+0000][32.741s][info ][gc,task     ] GC(55) Using 4 workers of 4 for evacuation
[2025-03-19T08:30:42.873+0000][32.763s][info ][gc,phases   ] GC(55)   Pre Evacuate Collection Set: 0.1ms
[2025-03-19T08:30:42.873+0000][32.763s][info ][gc,phases   ] GC(55)   Merge Heap Roots: 0.1ms
[2025-03-19T08:30:42.873+0000][32.763s][info ][gc,phases   ] GC(55)   Evacuate Collection Set: 19.0ms
[2025-03-19T08:30:42.873+0000][32.763s][info ][gc,phases   ] GC(55)   Post Evacuate Collection Set: 2.7ms
[2025-03-19T08:30:42.873+0000][32.763s][info ][gc,phases   ] GC(55)   Other: 0.1ms
[2025-03-19T08:30:42.873+0000][32.763s][info ][gc,heap     ] GC(55) Eden regions: 131->0(172)
[2025-03-19T08:30:42.873+0000][32.763s][info ][gc,heap     ] GC(55) Survivor regions: 10->15(18)
[2025-03-19T08:30:42.873+0000][32.763s][info ][gc,heap     ] GC(55) Old regions: 100->100
[2025-03-19T08:30:42.873+0000][32.763s][info ][gc,heap     ] GC(55) Archive regions: 2->2
[2025-03-19T08:30:42.873+0000][32.763s][info ][gc,heap     ] GC(55) Humongous regions: 0->0
[2025-03-19T08:30:42.873+0000][32.763s][info ][gc,metaspace] GC(55) Metaspace: 123429K(124352K)->123429K(124352K) NonClass: 107680K(108160K)->107680K(108160K) Class: 15749K(16192K)->15749K(16192K)
[2025-03-19T08:30:42.873+0000][32.763s][info ][gc          ] GC(55) Pause Young (Normal) (G1 Evacuation Pause) 240M->114M(339M) 22.234ms
[2025-03-19T08:30:42.873+0000][32.763s][info ][gc,cpu      ] GC(55) User=0.07s Sys=0.00s Real=0.02s
[2025-03-19T08:30:42.873+0000][32.763s][info ][safepoint   ] Safepoint "G1CollectForAllocation", Time since last: 108258844 ns, Reaching safepoint: 36848 ns, Cleanup: 47202 ns, At safepoint: 22317382 ns, Total: 22401432 ns
[2025-03-19T08:30:43.920+0000][33.810s][debug][safepoint   ] Safepoint synchronization initiated using futex wait barrier. (53 threads)
[2025-03-19T08:30:43.920+0000][33.810s][info ][safepoint   ] Safepoint "ICBufferFull", Time since last: 1046582600 ns, Reaching safepoint: 38414 ns, Cleanup: 98698 ns, At safepoint: 2559 ns, Total: 139671 ns
[2025-03-19T08:30:43.928+0000][33.819s][debug][safepoint   ] Safepoint synchronization initiated using futex wait barrier. (53 threads)
[2025-03-19T08:30:43.928+0000][33.819s][info ][gc,start    ] GC(56) Pause Young (Concurrent Start) (Metadata GC Threshold)
[2025-03-19T08:30:43.928+0000][33.819s][info ][gc,task     ] GC(56) Using 4 workers of 4 for evacuation
[2025-03-19T08:30:43.950+0000][33.840s][info ][gc,phases   ] GC(56)   Pre Evacuate Collection Set: 0.2ms
[2025-03-19T08:30:43.950+0000][33.840s][info ][gc,phases   ] GC(56)   Merge Heap Roots: 0.1ms
[2025-03-19T08:30:43.950+0000][33.840s][info ][gc,phases   ] GC(56)   Evacuate Collection Set: 20.0ms
[2025-03-19T08:30:43.950+0000][33.840s][info ][gc,phases   ] GC(56)   Post Evacuate Collection Set: 1.4ms
[2025-03-19T08:30:43.950+0000][33.840s][info ][gc,phases   ] GC(56)   Other: 0.1ms
[2025-03-19T08:30:43.950+0000][33.841s][info ][gc,heap     ] GC(56) Eden regions: 130->0(171)
[2025-03-19T08:30:43.950+0000][33.841s][info ][gc,heap     ] GC(56) Survivor regions: 15->15(24)
[2025-03-19T08:30:43.950+0000][33.841s][info ][gc,heap     ] GC(56) Old regions: 100->102
[2025-03-19T08:30:43.950+0000][33.841s][info ][gc,heap     ] GC(56) Archive regions: 2->2
[2025-03-19T08:30:43.950+0000][33.841s][info ][gc,heap     ] GC(56) Humongous regions: 1->0
[2025-03-19T08:30:43.950+0000][33.841s][info ][gc,metaspace] GC(56) Metaspace: 129848K(130816K)->129848K(130816K) NonClass: 113437K(113920K)->113437K(113920K) Class: 16410K(16896K)->16410K(16896K)
[2025-03-19T08:30:43.950+0000][33.841s][info ][gc          ] GC(56) Pause Young (Concurrent Start) (Metadata GC Threshold) 245M->117M(339M) 21.941ms
[2025-03-19T08:30:43.950+0000][33.841s][info ][gc,cpu      ] GC(56) User=0.08s Sys=0.00s Real=0.02s
[2025-03-19T08:30:43.950+0000][33.841s][info ][gc          ] GC(57) Concurrent Mark Cycle
[2025-03-19T08:30:43.950+0000][33.841s][info ][gc,marking  ] GC(57) Concurrent Clear Claimed Marks
[2025-03-19T08:30:43.950+0000][33.841s][info ][safepoint   ] Safepoint "CollectForMetadataAllocation", Time since last: 8500051 ns, Reaching safepoint: 42092 ns, Cleanup: 8201 ns, At safepoint: 22140860 ns, Total: 22191153 ns
[2025-03-19T08:30:43.950+0000][33.841s][info ][gc,marking  ] GC(57) Concurrent Clear Claimed Marks 0.129ms
[2025-03-19T08:30:43.951+0000][33.841s][info ][gc,marking  ] GC(57) Concurrent Scan Root Regions
[2025-03-19T08:30:43.975+0000][33.865s][info ][gc,marking  ] GC(57) Concurrent Scan Root Regions 24.043ms
[2025-03-19T08:30:43.975+0000][33.865s][info ][gc,marking  ] GC(57) Concurrent Mark
[2025-03-19T08:30:43.975+0000][33.865s][info ][gc,marking  ] GC(57) Concurrent Mark From Roots
[2025-03-19T08:30:43.975+0000][33.865s][info ][gc,task     ] GC(57) Using 1 workers of 1 for marking
[2025-03-19T08:30:44.088+0000][33.978s][debug][safepoint   ] Safepoint synchronization initiated using futex wait barrier. (53 threads)
[2025-03-19T08:30:44.088+0000][33.978s][info ][safepoint   ] Safepoint "CollectForMetadataAllocation", Time since last: 137304402 ns, Reaching safepoint: 79784 ns, Cleanup: 107032 ns, At safepoint: 47918 ns, Total: 234734 ns
[2025-03-19T08:30:44.162+0000][34.052s][debug][safepoint   ] Safepoint synchronization initiated using futex wait barrier. (53 threads)
[2025-03-19T08:30:44.162+0000][34.052s][info ][safepoint   ] Safepoint "CollectForMetadataAllocation", Time since last: 73915173 ns, Reaching safepoint: 95640 ns, Cleanup: 23343 ns, At safepoint: 41522 ns, Total: 160505 ns
[2025-03-19T08:30:44.205+0000][34.095s][info ][gc,marking  ] GC(57) Concurrent Mark From Roots 229.558ms
[2025-03-19T08:30:44.205+0000][34.095s][info ][gc,marking  ] GC(57) Concurrent Preclean
[2025-03-19T08:30:44.205+0000][34.095s][info ][gc,marking  ] GC(57) Concurrent Preclean 0.264ms
[2025-03-19T08:30:44.205+0000][34.095s][debug][safepoint   ] Safepoint synchronization initiated using futex wait barrier. (53 threads)
[2025-03-19T08:30:44.205+0000][34.095s][info ][gc,start    ] GC(57) Pause Remark
[2025-03-19T08:30:44.214+0000][34.104s][info ][gc          ] GC(57) Pause Remark 148M->148M(339M) 8.572ms
[2025-03-19T08:30:44.214+0000][34.104s][info ][gc,cpu      ] GC(57) User=0.03s Sys=0.00s Real=0.00s
[2025-03-19T08:30:44.214+0000][34.104s][info ][safepoint   ] Safepoint "G1PauseRemark", Time since last: 43010024 ns, Reaching safepoint: 93026 ns, Cleanup: 3943 ns, At safepoint: 8702699 ns, Total: 8799668 ns
[2025-03-19T08:30:44.214+0000][34.104s][info ][gc,marking  ] GC(57) Concurrent Mark 238.753ms
[2025-03-19T08:30:44.214+0000][34.104s][info ][gc,marking  ] GC(57) Concurrent Rebuild Remembered Sets
[2025-03-19T08:30:44.321+0000][34.211s][info ][gc,marking  ] GC(57) Concurrent Rebuild Remembered Sets 106.980ms
[2025-03-19T08:30:44.321+0000][34.211s][debug][safepoint   ] Safepoint synchronization initiated using futex wait barrier. (53 threads)
[2025-03-19T08:30:44.321+0000][34.211s][info ][gc,start    ] GC(57) Pause Cleanup
[2025-03-19T08:30:44.321+0000][34.212s][info ][gc          ] GC(57) Pause Cleanup 177M->177M(339M) 0.115ms
[2025-03-19T08:30:44.321+0000][34.212s][info ][gc,cpu      ] GC(57) User=0.00s Sys=0.00s Real=0.00s
[2025-03-19T08:30:44.321+0000][34.212s][info ][safepoint   ] Safepoint "G1PauseCleanup", Time since last: 107082744 ns, Reaching safepoint: 212924 ns, Cleanup: 3313 ns, At safepoint: 146965 ns, Total: 363202 ns
[2025-03-19T08:30:44.321+0000][34.212s][info ][gc,marking  ] GC(57) Concurrent Cleanup for Next Mark
[2025-03-19T08:30:44.322+0000][34.212s][info ][gc,marking  ] GC(57) Concurrent Cleanup for Next Mark 0.873ms
[2025-03-19T08:30:44.322+0000][34.212s][info ][gc          ] GC(57) Concurrent Mark Cycle 371.920ms
[2025-03-19T08:30:44.662+0000][34.553s][debug][safepoint   ] Safepoint synchronization initiated using futex wait barrier. (53 threads)
[2025-03-19T08:30:44.662+0000][34.553s][info ][gc,start    ] GC(58) Pause Young (Prepare Mixed) (G1 Evacuation Pause)
[2025-03-19T08:30:44.662+0000][34.553s][info ][gc,task     ] GC(58) Using 4 workers of 4 for evacuation
[2025-03-19T08:30:44.680+0000][34.571s][info ][gc,phases   ] GC(58)   Pre Evacuate Collection Set: 0.1ms
[2025-03-19T08:30:44.680+0000][34.571s][info ][gc,phases   ] GC(58)   Merge Heap Roots: 0.2ms
[2025-03-19T08:30:44.680+0000][34.571s][info ][gc,phases   ] GC(58)   Evacuate Collection Set: 15.8ms
[2025-03-19T08:30:44.680+0000][34.571s][info ][gc,phases   ] GC(58)   Post Evacuate Collection Set: 1.7ms
[2025-03-19T08:30:44.680+0000][34.571s][info ][gc,phases   ] GC(58)   Other: 0.1ms
[2025-03-19T08:30:44.680+0000][34.571s][info ][gc,heap     ] GC(58) Eden regions: 171->0(4)
[2025-03-19T08:30:44.680+0000][34.571s][info ][gc,heap     ] GC(58) Survivor regions: 15->12(24)
[2025-03-19T08:30:44.680+0000][34.571s][info ][gc,heap     ] GC(58) Old regions: 102->106
[2025-03-19T08:30:44.680+0000][34.571s][info ][gc,heap     ] GC(58) Archive regions: 2->2
[2025-03-19T08:30:44.680+0000][34.571s][info ][gc,heap     ] GC(58) Humongous regions: 0->0
[2025-03-19T08:30:44.680+0000][34.571s][info ][gc,metaspace] GC(58) Metaspace: 133769K(134784K)->133769K(134784K) NonClass: 116843K(117376K)->116843K(117376K) Class: 16926K(17408K)->16926K(17408K)
[2025-03-19T08:30:44.680+0000][34.571s][info ][gc          ] GC(58) Pause Young (Prepare Mixed) (G1 Evacuation Pause) 288M->118M(339M) 18.074ms
[2025-03-19T08:30:44.680+0000][34.571s][info ][gc,cpu      ] GC(58) User=0.07s Sys=0.00s Real=0.02s
[2025-03-19T08:30:44.681+0000][34.571s][info ][safepoint   ] Safepoint "G1CollectForAllocation", Time since last: 341029528 ns, Reaching safepoint: 50041 ns, Cleanup: 11338 ns, At safepoint: 18199614 ns, Total: 18260993 ns
[2025-03-19T08:30:44.692+0000][34.583s][debug][safepoint   ] Safepoint synchronization initiated using futex wait barrier. (53 threads)
[2025-03-19T08:30:44.692+0000][34.583s][info ][gc,start    ] GC(59) Pause Young (Mixed) (G1 Evacuation Pause)
[2025-03-19T08:30:44.692+0000][34.583s][info ][gc,task     ] GC(59) Using 4 workers of 4 for evacuation
[2025-03-19T08:30:44.709+0000][34.600s][info ][gc,phases   ] GC(59)   Pre Evacuate Collection Set: 0.1ms
[2025-03-19T08:30:44.709+0000][34.600s][info ][gc,phases   ] GC(59)   Merge Heap Roots: 0.2ms
[2025-03-19T08:30:44.709+0000][34.600s][info ][gc,phases   ] GC(59)   Evacuate Collection Set: 14.8ms
[2025-03-19T08:30:44.709+0000][34.600s][info ][gc,phases   ] GC(59)   Post Evacuate Collection Set: 1.8ms
[2025-03-19T08:30:44.709+0000][34.600s][info ][gc,phases   ] GC(59)   Other: 0.1ms
[2025-03-19T08:30:44.709+0000][34.600s][info ][gc,heap     ] GC(59) Eden regions: 4->0(172)
[2025-03-19T08:30:44.709+0000][34.600s][info ][gc,heap     ] GC(59) Survivor regions: 12->2(2)
[2025-03-19T08:30:44.709+0000][34.600s][info ][gc,heap     ] GC(59) Old regions: 106->115
[2025-03-19T08:30:44.709+0000][34.600s][info ][gc,heap     ] GC(59) Archive regions: 2->2
[2025-03-19T08:30:44.709+0000][34.600s][info ][gc,heap     ] GC(59) Humongous regions: 0->0
[2025-03-19T08:30:44.709+0000][34.600s][info ][gc,metaspace] GC(59) Metaspace: 133840K(134848K)->133840K(134848K) NonClass: 116903K(117440K)->116903K(117440K) Class: 16936K(17408K)->16936K(17408K)
[2025-03-19T08:30:44.709+0000][34.600s][info ][gc          ] GC(59) Pause Young (Mixed) (G1 Evacuation Pause) 122M->117M(339M) 17.026ms
[2025-03-19T08:30:44.709+0000][34.600s][info ][gc,cpu      ] GC(59) User=0.06s Sys=0.00s Real=0.02s
[2025-03-19T08:30:44.709+0000][34.600s][info ][safepoint   ] Safepoint "G1CollectForAllocation", Time since last: 11837732 ns, Reaching safepoint: 37643 ns, Cleanup: 3462 ns, At safepoint: 17103832 ns, Total: 17144937 ns
[2025-03-19T08:30:45.826+0000][35.716s][debug][safepoint   ] Safepoint synchronization initiated using futex wait barrier. (54 threads)
[2025-03-19T08:30:45.826+0000][35.717s][info ][gc,start    ] GC(60) Pause Young (Concurrent Start) (G1 Evacuation Pause)
[2025-03-19T08:30:45.826+0000][35.717s][info ][gc,task     ] GC(60) Using 4 workers of 4 for evacuation
[2025-03-19T08:30:45.847+0000][35.738s][info ][gc,phases   ] GC(60)   Pre Evacuate Collection Set: 0.2ms
[2025-03-19T08:30:45.847+0000][35.738s][info ][gc,phases   ] GC(60)   Merge Heap Roots: 0.1ms
[2025-03-19T08:30:45.847+0000][35.738s][info ][gc,phases   ] GC(60)   Evacuate Collection Set: 18.9ms
[2025-03-19T08:30:45.847+0000][35.738s][info ][gc,phases   ] GC(60)   Post Evacuate Collection Set: 1.8ms
[2025-03-19T08:30:45.847+0000][35.738s][info ][gc,phases   ] GC(60)   Other: 0.1ms
[2025-03-19T08:30:45.847+0000][35.738s][info ][gc,heap     ] GC(60) Eden regions: 172->0(168)
[2025-03-19T08:30:45.847+0000][35.738s][info ][gc,heap     ] GC(60) Survivor regions: 2->6(22)
[2025-03-19T08:30:45.847+0000][35.738s][info ][gc,heap     ] GC(60) Old regions: 115->115
[2025-03-19T08:30:45.847+0000][35.738s][info ][gc,heap     ] GC(60) Archive regions: 2->2
[2025-03-19T08:30:45.847+0000][35.738s][info ][gc,heap     ] GC(60) Humongous regions: 0->0
[2025-03-19T08:30:45.847+0000][35.738s][info ][gc,metaspace] GC(60) Metaspace: 136893K(137920K)->136893K(137920K) NonClass: 119775K(120320K)->119775K(120320K) Class: 17118K(17600K)->17118K(17600K)
[2025-03-19T08:30:45.847+0000][35.738s][info ][gc          ] GC(60) Pause Young (Concurrent Start) (G1 Evacuation Pause) 289M->121M(339M) 21.245ms
[2025-03-19T08:30:45.847+0000][35.738s][info ][gc,cpu      ] GC(60) User=0.07s Sys=0.00s Real=0.02s
[2025-03-19T08:30:45.847+0000][35.738s][info ][gc          ] GC(61) Concurrent Mark Cycle
[2025-03-19T08:30:45.847+0000][35.738s][info ][gc,marking  ] GC(61) Concurrent Clear Claimed Marks
[2025-03-19T08:30:45.848+0000][35.738s][info ][safepoint   ] Safepoint "G1CollectForAllocation", Time since last: 1116445887 ns, Reaching safepoint: 66176 ns, Cleanup: 138334 ns, At safepoint: 21424848 ns, Total: 21629358 ns
[2025-03-19T08:30:45.848+0000][35.738s][info ][gc,marking  ] GC(61) Concurrent Clear Claimed Marks 0.132ms
[2025-03-19T08:30:45.848+0000][35.738s][info ][gc,marking  ] GC(61) Concurrent Scan Root Regions
[2025-03-19T08:30:45.860+0000][35.751s][info ][gc,marking  ] GC(61) Concurrent Scan Root Regions 12.803ms
[2025-03-19T08:30:45.860+0000][35.751s][info ][gc,marking  ] GC(61) Concurrent Mark
[2025-03-19T08:30:45.860+0000][35.751s][info ][gc,marking  ] GC(61) Concurrent Mark From Roots
[2025-03-19T08:30:45.861+0000][35.751s][info ][gc,task     ] GC(61) Using 1 workers of 1 for marking
[2025-03-19T08:30:46.120+0000][36.011s][info ][gc,marking  ] GC(61) Concurrent Mark From Roots 259.787ms
[2025-03-19T08:30:46.120+0000][36.011s][info ][gc,marking  ] GC(61) Concurrent Preclean
[2025-03-19T08:30:46.121+0000][36.011s][info ][gc,marking  ] GC(61) Concurrent Preclean 0.324ms
[2025-03-19T08:30:46.121+0000][36.011s][debug][safepoint   ] Safepoint synchronization initiated using futex wait barrier. (54 threads)
[2025-03-19T08:30:46.121+0000][36.011s][info ][gc,start    ] GC(61) Pause Remark
[2025-03-19T08:30:46.132+0000][36.023s][info ][gc          ] GC(61) Pause Remark 169M->169M(339M) 11.597ms
[2025-03-19T08:30:46.132+0000][36.023s][info ][gc,cpu      ] GC(61) User=0.04s Sys=0.00s Real=0.01s
[2025-03-19T08:30:46.132+0000][36.023s][info ][safepoint   ] Safepoint "G1PauseRemark", Time since last: 273139724 ns, Reaching safepoint: 18983 ns, Cleanup: 11133 ns, At safepoint: 11725315 ns, Total: 11755431 ns
[2025-03-19T08:30:46.134+0000][36.024s][info ][gc,marking  ] GC(61) Concurrent Mark 273.058ms
[2025-03-19T08:30:46.134+0000][36.024s][info ][gc,marking  ] GC(61) Concurrent Rebuild Remembered Sets
[2025-03-19T08:30:46.317+0000][36.207s][info ][gc,marking  ] GC(61) Concurrent Rebuild Remembered Sets 183.440ms
[2025-03-19T08:30:46.317+0000][36.207s][debug][safepoint   ] Safepoint synchronization initiated using futex wait barrier. (54 threads)
[2025-03-19T08:30:46.317+0000][36.208s][info ][gc,start    ] GC(61) Pause Cleanup
[2025-03-19T08:30:46.317+0000][36.208s][info ][gc          ] GC(61) Pause Cleanup 194M->194M(339M) 0.124ms
[2025-03-19T08:30:46.317+0000][36.208s][info ][gc,cpu      ] GC(61) User=0.00s Sys=0.00s Real=0.00s
[2025-03-19T08:30:46.317+0000][36.208s][info ][safepoint   ] Safepoint "G1PauseCleanup", Time since last: 184644920 ns, Reaching safepoint: 18078 ns, Cleanup: 21565 ns, At safepoint: 167574 ns, Total: 207217 ns
[2025-03-19T08:30:46.317+0000][36.208s][info ][gc,marking  ] GC(61) Concurrent Cleanup for Next Mark
[2025-03-19T08:30:46.319+0000][36.209s][info ][gc,marking  ] GC(61) Concurrent Cleanup for Next Mark 1.426ms
[2025-03-19T08:30:46.319+0000][36.209s][info ][gc          ] GC(61) Concurrent Mark Cycle 471.427ms
[2025-03-19T08:30:46.848+0000][36.739s][debug][safepoint   ] Safepoint synchronization initiated using futex wait barrier. (58 threads)
[2025-03-19T08:30:46.848+0000][36.739s][info ][gc,start    ] GC(62) Pause Young (Prepare Mixed) (G1 Evacuation Pause)
[2025-03-19T08:30:46.848+0000][36.739s][info ][gc,task     ] GC(62) Using 4 workers of 4 for evacuation
[2025-03-19T08:30:46.870+0000][36.760s][info ][gc,phases   ] GC(62)   Pre Evacuate Collection Set: 0.1ms
[2025-03-19T08:30:46.870+0000][36.760s][info ][gc,phases   ] GC(62)   Merge Heap Roots: 0.2ms
[2025-03-19T08:30:46.870+0000][36.760s][info ][gc,phases   ] GC(62)   Evacuate Collection Set: 19.4ms
[2025-03-19T08:30:46.870+0000][36.760s][info ][gc,phases   ] GC(62)   Post Evacuate Collection Set: 1.7ms
[2025-03-19T08:30:46.870+0000][36.760s][info ][gc,phases   ] GC(62)   Other: 0.1ms
[2025-03-19T08:30:46.870+0000][36.760s][info ][gc,heap     ] GC(62) Eden regions: 168->0(4)
[2025-03-19T08:30:46.870+0000][36.760s][info ][gc,heap     ] GC(62) Survivor regions: 6->12(22)
[2025-03-19T08:30:46.870+0000][36.760s][info ][gc,heap     ] GC(62) Old regions: 115->115
[2025-03-19T08:30:46.870+0000][36.760s][info ][gc,heap     ] GC(62) Archive regions: 2->2
[2025-03-19T08:30:46.870+0000][36.760s][info ][gc,heap     ] GC(62) Humongous regions: 0->0
[2025-03-19T08:30:46.870+0000][36.760s][info ][gc,metaspace] GC(62) Metaspace: 139951K(140992K)->139951K(140992K) NonClass: 122664K(123200K)->122664K(123200K) Class: 17286K(17792K)->17286K(17792K)
[2025-03-19T08:30:46.870+0000][36.760s][info ][gc          ] GC(62) Pause Young (Prepare Mixed) (G1 Evacuation Pause) 289M->127M(339M) 21.637ms
[2025-03-19T08:30:46.870+0000][36.760s][info ][gc,cpu      ] GC(62) User=0.07s Sys=0.00s Real=0.02s
[2025-03-19T08:30:46.870+0000][36.760s][info ][safepoint   ] Safepoint "G1CollectForAllocation", Time since last: 530823883 ns, Reaching safepoint: 60342 ns, Cleanup: 26576 ns, At safepoint: 21766694 ns, Total: 21853612 ns
[2025-03-19T08:30:46.885+0000][36.775s][debug][safepoint   ] Safepoint synchronization initiated using futex wait barrier. (58 threads)
[2025-03-19T08:30:46.885+0000][36.775s][info ][gc,start    ] GC(63) Pause Young (Mixed) (G1 Evacuation Pause)
[2025-03-19T08:30:46.885+0000][36.775s][info ][gc,task     ] GC(63) Using 4 workers of 4 for evacuation
[2025-03-19T08:30:46.913+0000][36.803s][info ][gc,phases   ] GC(63)   Pre Evacuate Collection Set: 0.1ms
[2025-03-19T08:30:46.913+0000][36.803s][info ][gc,phases   ] GC(63)   Merge Heap Roots: 0.2ms
[2025-03-19T08:30:46.913+0000][36.803s][info ][gc,phases   ] GC(63)   Evacuate Collection Set: 24.3ms
[2025-03-19T08:30:46.913+0000][36.803s][info ][gc,phases   ] GC(63)   Post Evacuate Collection Set: 3.7ms
[2025-03-19T08:30:46.913+0000][36.804s][info ][gc,phases   ] GC(63)   Other: 0.1ms
[2025-03-19T08:30:46.913+0000][36.804s][info ][gc,heap     ] GC(63) Eden regions: 4->0(161)
[2025-03-19T08:30:46.913+0000][36.804s][info ][gc,heap     ] GC(63) Survivor regions: 12->2(2)
[2025-03-19T08:30:46.913+0000][36.804s][info ][gc,heap     ] GC(63) Old regions: 115->125
[2025-03-19T08:30:46.913+0000][36.804s][info ][gc,heap     ] GC(63) Archive regions: 2->2
[2025-03-19T08:30:46.913+0000][36.804s][info ][gc,heap     ] GC(63) Humongous regions: 0->0
[2025-03-19T08:30:46.913+0000][36.804s][info ][gc,metaspace] GC(63) Metaspace: 140034K(141056K)->140034K(141056K) NonClass: 122746K(123264K)->122746K(123264K) Class: 17288K(17792K)->17288K(17792K)
[2025-03-19T08:30:46.913+0000][36.804s][info ][gc          ] GC(63) Pause Young (Mixed) (G1 Evacuation Pause) 131M->126M(339M) 28.546ms
[2025-03-19T08:30:46.913+0000][36.804s][info ][gc,cpu      ] GC(63) User=0.10s Sys=0.00s Real=0.02s
[2025-03-19T08:30:46.913+0000][36.804s][info ][safepoint   ] Safepoint "G1CollectForAllocation", Time since last: 14589216 ns, Reaching safepoint: 48912 ns, Cleanup: 4195 ns, At safepoint: 28618490 ns, Total: 28671597 ns
[2025-03-19T08:30:47.887+0000][37.778s][info ][cds,heap    ] initialize_from_archived_subgraph jdk.internal.math.FDBigInteger 0x00007168df14d8f0
[2025-03-19T08:30:47.913+0000][37.804s][debug][safepoint   ] Safepoint synchronization initiated using futex wait barrier. (63 threads)
[2025-03-19T08:30:47.914+0000][37.804s][info ][safepoint   ] Safepoint "Cleanup", Time since last: 1000100377 ns, Reaching safepoint: 115849 ns, Cleanup: 82649 ns, At safepoint: 4213 ns, Total: 202711 ns
[2025-03-19T08:30:48.273+0000][38.164s][debug][safepoint   ] Safepoint synchronization initiated using futex wait barrier. (64 threads)
[2025-03-19T08:30:48.274+0000][38.164s][info ][gc,start    ] GC(64) Pause Young (Normal) (G1 Evacuation Pause)
[2025-03-19T08:30:48.274+0000][38.164s][info ][gc,task     ] GC(64) Using 4 workers of 4 for evacuation
[2025-03-19T08:30:48.299+0000][38.189s][info ][gc,phases   ] GC(64)   Pre Evacuate Collection Set: 0.2ms
[2025-03-19T08:30:48.299+0000][38.189s][info ][gc,phases   ] GC(64)   Merge Heap Roots: 0.3ms
[2025-03-19T08:30:48.299+0000][38.189s][info ][gc,phases   ] GC(64)   Evacuate Collection Set: 15.2ms
[2025-03-19T08:30:48.299+0000][38.189s][info ][gc,phases   ] GC(64)   Post Evacuate Collection Set: 9.3ms
[2025-03-19T08:30:48.299+0000][38.189s][info ][gc,phases   ] GC(64)   Other: 0.2ms
[2025-03-19T08:30:48.299+0000][38.189s][info ][gc,heap     ] GC(64) Eden regions: 161->0(550)
[2025-03-19T08:30:48.299+0000][38.189s][info ][gc,heap     ] GC(64) Survivor regions: 2->5(21)
[2025-03-19T08:30:48.299+0000][38.189s][info ][gc,heap     ] GC(64) Old regions: 125->125
[2025-03-19T08:30:48.299+0000][38.189s][info ][gc,heap     ] GC(64) Archive regions: 2->2
[2025-03-19T08:30:48.299+0000][38.189s][info ][gc,heap     ] GC(64) Humongous regions: 0->0
[2025-03-19T08:30:48.299+0000][38.189s][info ][gc,metaspace] GC(64) Metaspace: 146361K(147392K)->146361K(147392K) NonClass: 128412K(128960K)->128412K(128960K) Class: 17949K(18432K)->17949K(18432K)
[2025-03-19T08:30:48.299+0000][38.189s][info ][gc          ] GC(64) Pause Young (Normal) (G1 Evacuation Pause) 287M->129M(925M) 25.219ms
[2025-03-19T08:30:48.299+0000][38.189s][info ][gc,cpu      ] GC(64) User=0.06s Sys=0.01s Real=0.03s
[2025-03-19T08:30:48.299+0000][38.189s][info ][safepoint   ] Safepoint "G1CollectForAllocation", Time since last: 359811411 ns, Reaching safepoint: 67437 ns, Cleanup: 117511 ns, At safepoint: 25399736 ns, Total: 25584684 ns
[2025-03-19T08:30:49.309+0000][39.199s][debug][safepoint   ] Safepoint synchronization initiated using futex wait barrier. (78 threads)
[2025-03-19T08:30:49.309+0000][39.199s][debug][safepoint   ] ... found polling page loop exception at pc = 0x00007169491c552c, stub =0x000071694898f400
[2025-03-19T08:30:49.309+0000][39.199s][info ][safepoint   ] Safepoint "Cleanup", Time since last: 1009666981 ns, Reaching safepoint: 117467 ns, Cleanup: 74609 ns, At safepoint: 6564 ns, Total: 198640 ns
[2025-03-19T08:30:50.816+0000][40.706s][debug][safepoint   ] Safepoint synchronization initiated using futex wait barrier. (78 threads)
[2025-03-19T08:30:50.816+0000][40.706s][info ][safepoint   ] Safepoint "Cleanup", Time since last: 1507008902 ns, Reaching safepoint: 44582 ns, Cleanup: 155398 ns, At safepoint: 2484 ns, Total: 202464 ns
[2025-03-19T08:30:51.751+0000][41.641s][debug][safepoint   ] Safepoint synchronization initiated using futex wait barrier. (78 threads)
[2025-03-19T08:30:51.751+0000][41.642s][info ][gc,start    ] GC(65) Pause Young (Normal) (G1 Evacuation Pause)
[2025-03-19T08:30:51.751+0000][41.642s][info ][gc,task     ] GC(65) Using 4 workers of 4 for evacuation
[2025-03-19T08:30:51.782+0000][41.672s][info ][gc,phases   ] GC(65)   Pre Evacuate Collection Set: 0.1ms
[2025-03-19T08:30:51.782+0000][41.672s][info ][gc,phases   ] GC(65)   Merge Heap Roots: 0.3ms
[2025-03-19T08:30:51.782+0000][41.672s][info ][gc,phases   ] GC(65)   Evacuate Collection Set: 27.7ms
[2025-03-19T08:30:51.782+0000][41.672s][info ][gc,phases   ] GC(65)   Post Evacuate Collection Set: 2.5ms
[2025-03-19T08:30:51.782+0000][41.672s][info ][gc,phases   ] GC(65)   Other: 0.2ms
[2025-03-19T08:30:51.782+0000][41.673s][info ][gc,heap     ] GC(65) Eden regions: 550->0(537)
[2025-03-19T08:30:51.782+0000][41.673s][info ][gc,heap     ] GC(65) Survivor regions: 5->18(70)
[2025-03-19T08:30:51.782+0000][41.673s][info ][gc,heap     ] GC(65) Old regions: 125->125
[2025-03-19T08:30:51.782+0000][41.673s][info ][gc,heap     ] GC(65) Archive regions: 2->2
[2025-03-19T08:30:51.782+0000][41.673s][info ][gc,heap     ] GC(65) Humongous regions: 0->0
[2025-03-19T08:30:51.782+0000][41.673s][info ][gc,metaspace] GC(65) Metaspace: 153798K(154880K)->153798K(154880K) NonClass: 134836K(135424K)->134836K(135424K) Class: 18961K(19456K)->18961K(19456K)
[2025-03-19T08:30:51.782+0000][41.673s][info ][gc          ] GC(65) Pause Young (Normal) (G1 Evacuation Pause) 679M->143M(925M) 30.906ms
[2025-03-19T08:30:51.782+0000][41.673s][info ][gc,cpu      ] GC(65) User=0.09s Sys=0.01s Real=0.03s
[2025-03-19T08:30:51.782+0000][41.673s][info ][safepoint   ] Safepoint "G1CollectForAllocation", Time since last: 935037137 ns, Reaching safepoint: 81312 ns, Cleanup: 105527 ns, At safepoint: 31026755 ns, Total: 31213594 ns
