[2025-03-19T08:21:36.480+0000][0.003s][info][gc] Using G1
[2025-03-19T08:21:36.481+0000][0.004s][info][gc,init] Version: 17.0.13+11-Debian-2deb12u1 (release)
[2025-03-19T08:21:36.481+0000][0.004s][info][gc,init] CPUs: 4 total, 4 available
[2025-03-19T08:21:36.481+0000][0.004s][info][gc,init] Memory: 7213M
[2025-03-19T08:21:36.481+0000][0.004s][info][gc,init] Large Page Support: Disabled
[2025-03-19T08:21:36.481+0000][0.004s][info][gc,init] NUMA Support: Disabled
[2025-03-19T08:21:36.481+0000][0.004s][info][gc,init] Compressed Oops: Enabled (32-bit)
[2025-03-19T08:21:36.481+0000][0.004s][info][gc,init] Heap Region Size: 1M
[2025-03-19T08:21:36.481+0000][0.004s][info][gc,init] Heap Min Capacity: 8M
[2025-03-19T08:21:36.481+0000][0.004s][info][gc,init] Heap Initial Capacity: 114M
[2025-03-19T08:21:36.481+0000][0.004s][info][gc,init] Heap Max Capacity: 1804M
[2025-03-19T08:21:36.481+0000][0.005s][info][gc,init] Pre-touch: Disabled
[2025-03-19T08:21:36.481+0000][0.005s][info][gc,init] Parallel Workers: 4
[2025-03-19T08:21:36.481+0000][0.005s][info][gc,init] Concurrent Workers: 1
[2025-03-19T08:21:36.481+0000][0.005s][info][gc,init] Concurrent Refinement Workers: 4
[2025-03-19T08:21:36.481+0000][0.005s][info][gc,init] Periodic GC: Disabled
[2025-03-19T08:21:36.489+0000][0.012s][info][gc,metaspace] CDS archive(s) mapped at: [0x0000765833000000-0x0000765833bc9000-0x0000765833bc9000), size 12357632, SharedBaseAddress: 0x0000765833000000, ArchiveRelocationMode: 1.
[2025-03-19T08:21:36.489+0000][0.012s][info][gc,metaspace] Compressed class space mapped at: 0x0000765834000000-0x0000765874000000, reserved size: 1073741824
[2025-03-19T08:21:36.489+0000][0.012s][info][gc,metaspace] Narrow klass base: 0x0000765833000000, Narrow klass shift: 0, Narrow klass range: 0x100000000
[2025-03-19T08:21:36.493+0000][0.017s][info][cds,heap    ] initialize_from_archived_subgraph java.lang.Module$ArchivedData 0x0000765833183388 (early)
[2025-03-19T08:21:36.494+0000][0.017s][info][cds,heap    ] initialize_from_archived_subgraph java.util.ImmutableCollections 0x0000765833070cd8 (early)
[2025-03-19T08:21:36.495+0000][0.018s][info][cds,heap    ] initialize_from_archived_subgraph java.lang.Integer$IntegerCache 0x0000765833036060 (early)
[2025-03-19T08:21:36.498+0000][0.021s][info][cds,heap    ] initialize_from_archived_subgraph java.lang.module.Configuration 0x0000765833171308 (early)
[2025-03-19T08:21:36.498+0000][0.021s][info][cds,heap    ] initialize_from_archived_subgraph java.lang.ModuleLayer 0x0000765833145c58 (early)
[2025-03-19T08:21:36.498+0000][0.022s][info][cds,heap    ] initialize_from_archived_subgraph jdk.internal.loader.ArchivedClassLoaders 0x00007658331a79f0 (early)
[2025-03-19T08:21:36.498+0000][0.022s][info][cds,heap    ] initialize_from_archived_subgraph jdk.internal.module.ArchivedBootLayer 0x0000765833177f48 (early)
[2025-03-19T08:21:36.500+0000][0.023s][info][cds,heap    ] initialize_from_archived_subgraph sun.util.locale.BaseLocale 0x000076583326bb10
[2025-03-19T08:21:36.508+0000][0.032s][info][cds,heap    ] initialize_from_archived_subgraph java.util.jar.Attributes$Name 0x0000765833199468
[2025-03-19T08:21:36.530+0000][0.054s][info][cds,heap    ] initialize_from_archived_subgraph java.lang.Long$LongCache 0x000076583301f998
[2025-03-19T08:21:36.606+0000][0.130s][info][cds,heap    ] initialize_from_archived_subgraph java.lang.Character$CharacterCache 0x00007658330393e8
[2025-03-19T08:21:36.929+0000][0.453s][debug][safepoint   ] Safepoint synchronization initiated using futex wait barrier. (13 threads)
[2025-03-19T08:21:36.929+0000][0.453s][info ][gc,start    ] GC(0) Pause Young (Normal) (G1 Evacuation Pause)
[2025-03-19T08:21:36.930+0000][0.453s][info ][gc,task     ] GC(0) Using 2 workers of 4 for evacuation
[2025-03-19T08:21:36.938+0000][0.461s][info ][gc,phases   ] GC(0)   Pre Evacuate Collection Set: 0.0ms
[2025-03-19T08:21:36.938+0000][0.461s][info ][gc,phases   ] GC(0)   Merge Heap Roots: 0.1ms
[2025-03-19T08:21:36.938+0000][0.461s][info ][gc,phases   ] GC(0)   Evacuate Collection Set: 7.5ms
[2025-03-19T08:21:36.938+0000][0.461s][info ][gc,phases   ] GC(0)   Post Evacuate Collection Set: 0.8ms
[2025-03-19T08:21:36.938+0000][0.461s][info ][gc,phases   ] GC(0)   Other: 0.2ms
[2025-03-19T08:21:36.938+0000][0.461s][info ][gc,heap     ] GC(0) Eden regions: 37->0(48)
[2025-03-19T08:21:36.938+0000][0.461s][info ][gc,heap     ] GC(0) Survivor regions: 0->5(5)
[2025-03-19T08:21:36.938+0000][0.461s][info ][gc,heap     ] GC(0) Old regions: 0->2
[2025-03-19T08:21:36.938+0000][0.461s][info ][gc,heap     ] GC(0) Archive regions: 2->2
[2025-03-19T08:21:36.938+0000][0.461s][info ][gc,heap     ] GC(0) Humongous regions: 0->0
[2025-03-19T08:21:36.938+0000][0.461s][info ][gc,metaspace] GC(0) Metaspace: 2053K(2240K)->2053K(2240K) NonClass: 1847K(1920K)->1847K(1920K) Class: 205K(320K)->205K(320K)
[2025-03-19T08:21:36.938+0000][0.461s][info ][gc          ] GC(0) Pause Young (Normal) (G1 Evacuation Pause) 37M->7M(116M) 8.671ms
[2025-03-19T08:21:36.938+0000][0.461s][info ][gc,cpu      ] GC(0) User=0.01s Sys=0.00s Real=0.01s
[2025-03-19T08:21:36.938+0000][0.461s][info ][safepoint   ] Safepoint "G1CollectForAllocation", Time since last: 436538177 ns, Reaching safepoint: 40471 ns, Cleanup: 59672 ns, At safepoint: 8726442 ns, Total: 8826585 ns
[2025-03-19T08:21:37.359+0000][0.882s][debug][safepoint   ] Safepoint synchronization initiated using futex wait barrier. (13 threads)
[2025-03-19T08:21:37.359+0000][0.882s][info ][gc,start    ] GC(1) Pause Young (Normal) (G1 Evacuation Pause)
[2025-03-19T08:21:37.359+0000][0.882s][info ][gc,task     ] GC(1) Using 2 workers of 4 for evacuation
[2025-03-19T08:21:37.369+0000][0.892s][info ][gc,phases   ] GC(1)   Pre Evacuate Collection Set: 0.1ms
[2025-03-19T08:21:37.369+0000][0.892s][info ][gc,phases   ] GC(1)   Merge Heap Roots: 0.0ms
[2025-03-19T08:21:37.369+0000][0.892s][info ][gc,phases   ] GC(1)   Evacuate Collection Set: 8.9ms
[2025-03-19T08:21:37.369+0000][0.892s][info ][gc,phases   ] GC(1)   Post Evacuate Collection Set: 0.6ms
[2025-03-19T08:21:37.369+0000][0.892s][info ][gc,phases   ] GC(1)   Other: 0.1ms
[2025-03-19T08:21:37.369+0000][0.892s][info ][gc,heap     ] GC(1) Eden regions: 48->0(64)
[2025-03-19T08:21:37.369+0000][0.892s][info ][gc,heap     ] GC(1) Survivor regions: 5->4(7)
[2025-03-19T08:21:37.369+0000][0.892s][info ][gc,heap     ] GC(1) Old regions: 2->7
[2025-03-19T08:21:37.369+0000][0.892s][info ][gc,heap     ] GC(1) Archive regions: 2->2
[2025-03-19T08:21:37.369+0000][0.892s][info ][gc,heap     ] GC(1) Humongous regions: 0->0
[2025-03-19T08:21:37.369+0000][0.892s][info ][gc,metaspace] GC(1) Metaspace: 3585K(3840K)->3585K(3840K) NonClass: 3211K(3328K)->3211K(3328K) Class: 373K(512K)->373K(512K)
[2025-03-19T08:21:37.369+0000][0.892s][info ][gc          ] GC(1) Pause Young (Normal) (G1 Evacuation Pause) 55M->10M(116M) 9.803ms
[2025-03-19T08:21:37.369+0000][0.892s][info ][gc,cpu      ] GC(1) User=0.03s Sys=0.01s Real=0.01s
[2025-03-19T08:21:37.369+0000][0.892s][info ][safepoint   ] Safepoint "G1CollectForAllocation", Time since last: 420710296 ns, Reaching safepoint: 47924 ns, Cleanup: 84687 ns, At safepoint: 9851567 ns, Total: 9984178 ns
[2025-03-19T08:21:37.926+0000][1.449s][debug][safepoint   ] Safepoint synchronization initiated using futex wait barrier. (14 threads)
[2025-03-19T08:21:37.926+0000][1.449s][info ][gc,start    ] GC(2) Pause Young (Normal) (G1 Evacuation Pause)
[2025-03-19T08:21:37.926+0000][1.449s][info ][gc,task     ] GC(2) Using 2 workers of 4 for evacuation
[2025-03-19T08:21:37.933+0000][1.456s][info ][gc,phases   ] GC(2)   Pre Evacuate Collection Set: 0.1ms
[2025-03-19T08:21:37.933+0000][1.456s][info ][gc,phases   ] GC(2)   Merge Heap Roots: 0.0ms
[2025-03-19T08:21:37.933+0000][1.456s][info ][gc,phases   ] GC(2)   Evacuate Collection Set: 5.8ms
[2025-03-19T08:21:37.933+0000][1.456s][info ][gc,phases   ] GC(2)   Post Evacuate Collection Set: 0.5ms
[2025-03-19T08:21:37.933+0000][1.456s][info ][gc,phases   ] GC(2)   Other: 0.1ms
[2025-03-19T08:21:37.933+0000][1.456s][info ][gc,heap     ] GC(2) Eden regions: 64->0(63)
[2025-03-19T08:21:37.933+0000][1.456s][info ][gc,heap     ] GC(2) Survivor regions: 4->5(9)
[2025-03-19T08:21:37.933+0000][1.456s][info ][gc,heap     ] GC(2) Old regions: 7->7
[2025-03-19T08:21:37.933+0000][1.456s][info ][gc,heap     ] GC(2) Archive regions: 2->2
[2025-03-19T08:21:37.933+0000][1.456s][info ][gc,heap     ] GC(2) Humongous regions: 0->0
[2025-03-19T08:21:37.933+0000][1.456s][info ][gc,metaspace] GC(2) Metaspace: 6210K(6528K)->6210K(6528K) NonClass: 5447K(5568K)->5447K(5568K) Class: 762K(960K)->762K(960K)
[2025-03-19T08:21:37.933+0000][1.456s][info ][gc          ] GC(2) Pause Young (Normal) (G1 Evacuation Pause) 74M->12M(116M) 6.654ms
[2025-03-19T08:21:37.933+0000][1.456s][info ][gc,cpu      ] GC(2) User=0.01s Sys=0.00s Real=0.00s
[2025-03-19T08:21:37.933+0000][1.456s][info ][safepoint   ] Safepoint "G1CollectForAllocation", Time since last: 557063293 ns, Reaching safepoint: 50910 ns, Cleanup: 151402 ns, At safepoint: 6719383 ns, Total: 6921695 ns
[2025-03-19T08:21:38.532+0000][2.055s][debug][safepoint   ] Safepoint synchronization initiated using futex wait barrier. (14 threads)
[2025-03-19T08:21:38.532+0000][2.056s][info ][gc,start    ] GC(3) Pause Young (Normal) (G1 Evacuation Pause)
[2025-03-19T08:21:38.532+0000][2.056s][info ][gc,task     ] GC(3) Using 2 workers of 4 for evacuation
[2025-03-19T08:21:38.539+0000][2.062s][info ][gc,phases   ] GC(3)   Pre Evacuate Collection Set: 0.0ms
[2025-03-19T08:21:38.539+0000][2.062s][info ][gc,phases   ] GC(3)   Merge Heap Roots: 0.0ms
[2025-03-19T08:21:38.539+0000][2.062s][info ][gc,phases   ] GC(3)   Evacuate Collection Set: 5.9ms
[2025-03-19T08:21:38.539+0000][2.062s][info ][gc,phases   ] GC(3)   Post Evacuate Collection Set: 0.5ms
[2025-03-19T08:21:38.539+0000][2.062s][info ][gc,phases   ] GC(3)   Other: 0.1ms
[2025-03-19T08:21:38.539+0000][2.062s][info ][gc,heap     ] GC(3) Eden regions: 63->0(65)
[2025-03-19T08:21:38.539+0000][2.062s][info ][gc,heap     ] GC(3) Survivor regions: 5->3(9)
[2025-03-19T08:21:38.539+0000][2.062s][info ][gc,heap     ] GC(3) Old regions: 7->10
[2025-03-19T08:21:38.539+0000][2.062s][info ][gc,heap     ] GC(3) Archive regions: 2->2
[2025-03-19T08:21:38.539+0000][2.062s][info ][gc,heap     ] GC(3) Humongous regions: 0->0
[2025-03-19T08:21:38.539+0000][2.062s][info ][gc,metaspace] GC(3) Metaspace: 9709K(9984K)->9709K(9984K) NonClass: 8459K(8576K)->8459K(8576K) Class: 1249K(1408K)->1249K(1408K)
[2025-03-19T08:21:38.539+0000][2.062s][info ][gc          ] GC(3) Pause Young (Normal) (G1 Evacuation Pause) 75M->13M(116M) 6.691ms
[2025-03-19T08:21:38.539+0000][2.062s][info ][gc,cpu      ] GC(3) User=0.01s Sys=0.00s Real=0.01s
[2025-03-19T08:21:38.539+0000][2.062s][info ][safepoint   ] Safepoint "G1CollectForAllocation", Time since last: 599210952 ns, Reaching safepoint: 134340 ns, Cleanup: 74136 ns, At safepoint: 6750311 ns, Total: 6958787 ns
[2025-03-19T08:21:38.813+0000][2.337s][debug][safepoint   ] Safepoint synchronization initiated using futex wait barrier. (14 threads)
[2025-03-19T08:21:38.813+0000][2.337s][info ][gc,start    ] GC(4) Pause Young (Normal) (G1 Evacuation Pause)
[2025-03-19T08:21:38.813+0000][2.337s][info ][gc,task     ] GC(4) Using 2 workers of 4 for evacuation
[2025-03-19T08:21:38.820+0000][2.343s][info ][gc,phases   ] GC(4)   Pre Evacuate Collection Set: 0.0ms
[2025-03-19T08:21:38.820+0000][2.343s][info ][gc,phases   ] GC(4)   Merge Heap Roots: 0.0ms
[2025-03-19T08:21:38.820+0000][2.343s][info ][gc,phases   ] GC(4)   Evacuate Collection Set: 5.7ms
[2025-03-19T08:21:38.820+0000][2.343s][info ][gc,phases   ] GC(4)   Post Evacuate Collection Set: 0.7ms
[2025-03-19T08:21:38.820+0000][2.343s][info ][gc,phases   ] GC(4)   Other: 0.1ms
[2025-03-19T08:21:38.820+0000][2.343s][info ][gc,heap     ] GC(4) Eden regions: 65->0(80)
[2025-03-19T08:21:38.820+0000][2.343s][info ][gc,heap     ] GC(4) Survivor regions: 3->4(9)
[2025-03-19T08:21:38.820+0000][2.343s][info ][gc,heap     ] GC(4) Old regions: 10->10
[2025-03-19T08:21:38.820+0000][2.343s][info ][gc,heap     ] GC(4) Archive regions: 2->2
[2025-03-19T08:21:38.820+0000][2.343s][info ][gc,heap     ] GC(4) Humongous regions: 0->0
[2025-03-19T08:21:38.820+0000][2.343s][info ][gc,metaspace] GC(4) Metaspace: 11287K(11584K)->11287K(11584K) NonClass: 9802K(9984K)->9802K(9984K) Class: 1484K(1600K)->1484K(1600K)
[2025-03-19T08:21:38.820+0000][2.343s][info ][gc          ] GC(4) Pause Young (Normal) (G1 Evacuation Pause) 78M->13M(140M) 6.674ms
[2025-03-19T08:21:38.820+0000][2.343s][info ][gc,cpu      ] GC(4) User=0.02s Sys=0.00s Real=0.01s
[2025-03-19T08:21:38.820+0000][2.343s][info ][safepoint   ] Safepoint "G1CollectForAllocation", Time since last: 274378869 ns, Reaching safepoint: 35894 ns, Cleanup: 28563 ns, At safepoint: 6714547 ns, Total: 6779004 ns
[2025-03-19T08:21:38.954+0000][2.477s][debug][safepoint   ] Safepoint synchronization initiated using futex wait barrier. (14 threads)
[2025-03-19T08:21:38.954+0000][2.478s][info ][safepoint   ] Safepoint "ICBufferFull", Time since last: 134096713 ns, Reaching safepoint: 41127 ns, Cleanup: 93672 ns, At safepoint: 3242 ns, Total: 138041 ns
[2025-03-19T08:21:39.313+0000][2.836s][debug][safepoint   ] Safepoint synchronization initiated using futex wait barrier. (15 threads)
[2025-03-19T08:21:39.313+0000][2.836s][info ][gc,start    ] GC(5) Pause Young (Normal) (G1 Evacuation Pause)
[2025-03-19T08:21:39.313+0000][2.836s][info ][gc,task     ] GC(5) Using 4 workers of 4 for evacuation
[2025-03-19T08:21:39.318+0000][2.841s][info ][gc,phases   ] GC(5)   Pre Evacuate Collection Set: 0.1ms
[2025-03-19T08:21:39.318+0000][2.841s][info ][gc,phases   ] GC(5)   Merge Heap Roots: 0.0ms
[2025-03-19T08:21:39.318+0000][2.841s][info ][gc,phases   ] GC(5)   Evacuate Collection Set: 4.5ms
[2025-03-19T08:21:39.318+0000][2.841s][info ][gc,phases   ] GC(5)   Post Evacuate Collection Set: 0.5ms
[2025-03-19T08:21:39.318+0000][2.841s][info ][gc,phases   ] GC(5)   Other: 0.1ms
[2025-03-19T08:21:39.318+0000][2.841s][info ][gc,heap     ] GC(5) Eden regions: 80->0(78)
[2025-03-19T08:21:39.318+0000][2.841s][info ][gc,heap     ] GC(5) Survivor regions: 4->6(11)
[2025-03-19T08:21:39.318+0000][2.841s][info ][gc,heap     ] GC(5) Old regions: 10->10
[2025-03-19T08:21:39.318+0000][2.841s][info ][gc,heap     ] GC(5) Archive regions: 2->2
[2025-03-19T08:21:39.318+0000][2.841s][info ][gc,heap     ] GC(5) Humongous regions: 0->0
[2025-03-19T08:21:39.318+0000][2.841s][info ][gc,metaspace] GC(5) Metaspace: 14389K(14720K)->14389K(14720K) NonClass: 12526K(12672K)->12526K(12672K) Class: 1863K(2048K)->1863K(2048K)
[2025-03-19T08:21:39.318+0000][2.841s][info ][gc          ] GC(5) Pause Young (Normal) (G1 Evacuation Pause) 93M->15M(140M) 5.230ms
[2025-03-19T08:21:39.318+0000][2.841s][info ][gc,cpu      ] GC(5) User=0.02s Sys=0.00s Real=0.01s
[2025-03-19T08:21:39.318+0000][2.841s][info ][safepoint   ] Safepoint "G1CollectForAllocation", Time since last: 358171387 ns, Reaching safepoint: 103435 ns, Cleanup: 93049 ns, At safepoint: 5267924 ns, Total: 5464408 ns
[2025-03-19T08:21:39.487+0000][3.010s][info ][cds,heap    ] initialize_from_archived_subgraph java.lang.Byte$ByteCache 0x00007658330395f8
[2025-03-19T08:21:39.487+0000][3.010s][info ][cds,heap    ] initialize_from_archived_subgraph java.lang.Short$ShortCache 0x000076583303fce8
[2025-03-19T08:21:39.555+0000][3.079s][debug][safepoint   ] Safepoint synchronization initiated using futex wait barrier. (15 threads)
[2025-03-19T08:21:39.556+0000][3.079s][debug][safepoint   ] ... found polling page loop exception at pc = 0x000076589cf8893b, stub =0x000076589c98f400
[2025-03-19T08:21:39.556+0000][3.079s][info ][gc,start    ] GC(6) Pause Young (Normal) (G1 Evacuation Pause)
[2025-03-19T08:21:39.556+0000][3.079s][info ][gc,task     ] GC(6) Using 4 workers of 4 for evacuation
[2025-03-19T08:21:39.564+0000][3.087s][info ][gc,phases   ] GC(6)   Pre Evacuate Collection Set: 0.1ms
[2025-03-19T08:21:39.564+0000][3.087s][info ][gc,phases   ] GC(6)   Merge Heap Roots: 0.0ms
[2025-03-19T08:21:39.564+0000][3.087s][info ][gc,phases   ] GC(6)   Evacuate Collection Set: 7.0ms
[2025-03-19T08:21:39.564+0000][3.087s][info ][gc,phases   ] GC(6)   Post Evacuate Collection Set: 0.7ms
[2025-03-19T08:21:39.564+0000][3.087s][info ][gc,phases   ] GC(6)   Other: 0.1ms
[2025-03-19T08:21:39.564+0000][3.087s][info ][gc,heap     ] GC(6) Eden regions: 78->0(77)
[2025-03-19T08:21:39.564+0000][3.087s][info ][gc,heap     ] GC(6) Survivor regions: 6->7(11)
[2025-03-19T08:21:39.564+0000][3.087s][info ][gc,heap     ] GC(6) Old regions: 10->10
[2025-03-19T08:21:39.564+0000][3.087s][info ][gc,heap     ] GC(6) Archive regions: 2->2
[2025-03-19T08:21:39.564+0000][3.087s][info ][gc,heap     ] GC(6) Humongous regions: 0->0
[2025-03-19T08:21:39.564+0000][3.087s][info ][gc,metaspace] GC(6) Metaspace: 16617K(16960K)->16617K(16960K) NonClass: 14361K(14528K)->14361K(14528K) Class: 2255K(2432K)->2255K(2432K)
[2025-03-19T08:21:39.564+0000][3.087s][info ][gc          ] GC(6) Pause Young (Normal) (G1 Evacuation Pause) 93M->16M(140M) 7.983ms
[2025-03-19T08:21:39.564+0000][3.087s][info ][gc,cpu      ] GC(6) User=0.03s Sys=0.00s Real=0.00s
[2025-03-19T08:21:39.564+0000][3.087s][info ][safepoint   ] Safepoint "G1CollectForAllocation", Time since last: 237469303 ns, Reaching safepoint: 119258 ns, Cleanup: 53615 ns, At safepoint: 8030148 ns, Total: 8203021 ns
[2025-03-19T08:21:39.878+0000][3.401s][debug][safepoint   ] Safepoint synchronization initiated using futex wait barrier. (15 threads)
[2025-03-19T08:21:39.878+0000][3.401s][debug][safepoint   ] ... found polling page loop exception at pc = 0x000076589d0cd9f1, stub =0x000076589c98f400
[2025-03-19T08:21:39.878+0000][3.402s][info ][gc,start    ] GC(7) Pause Young (Normal) (G1 Evacuation Pause)
[2025-03-19T08:21:39.878+0000][3.402s][info ][gc,task     ] GC(7) Using 4 workers of 4 for evacuation
[2025-03-19T08:21:39.886+0000][3.409s][info ][gc,phases   ] GC(7)   Pre Evacuate Collection Set: 0.1ms
[2025-03-19T08:21:39.886+0000][3.409s][info ][gc,phases   ] GC(7)   Merge Heap Roots: 0.1ms
[2025-03-19T08:21:39.886+0000][3.409s][info ][gc,phases   ] GC(7)   Evacuate Collection Set: 6.5ms
[2025-03-19T08:21:39.886+0000][3.409s][info ][gc,phases   ] GC(7)   Post Evacuate Collection Set: 0.7ms
[2025-03-19T08:21:39.886+0000][3.409s][info ][gc,phases   ] GC(7)   Other: 0.1ms
[2025-03-19T08:21:39.886+0000][3.409s][info ][gc,heap     ] GC(7) Eden regions: 77->0(76)
[2025-03-19T08:21:39.886+0000][3.409s][info ][gc,heap     ] GC(7) Survivor regions: 7->8(11)
[2025-03-19T08:21:39.886+0000][3.409s][info ][gc,heap     ] GC(7) Old regions: 10->12
[2025-03-19T08:21:39.886+0000][3.409s][info ][gc,heap     ] GC(7) Archive regions: 2->2
[2025-03-19T08:21:39.886+0000][3.409s][info ][gc,heap     ] GC(7) Humongous regions: 0->0
[2025-03-19T08:21:39.886+0000][3.409s][info ][gc,metaspace] GC(7) Metaspace: 19506K(19776K)->19506K(19776K) NonClass: 16924K(17088K)->16924K(17088K) Class: 2582K(2688K)->2582K(2688K)
[2025-03-19T08:21:39.886+0000][3.409s][info ][gc          ] GC(7) Pause Young (Normal) (G1 Evacuation Pause) 93M->19M(140M) 7.523ms
[2025-03-19T08:21:39.886+0000][3.409s][info ][gc,cpu      ] GC(7) User=0.02s Sys=0.00s Real=0.01s
[2025-03-19T08:21:39.886+0000][3.409s][info ][safepoint   ] Safepoint "G1CollectForAllocation", Time since last: 314488212 ns, Reaching safepoint: 205564 ns, Cleanup: 75237 ns, At safepoint: 7573311 ns, Total: 7854112 ns
[2025-03-19T08:21:40.062+0000][3.585s][debug][safepoint   ] Safepoint synchronization initiated using futex wait barrier. (15 threads)
[2025-03-19T08:21:40.062+0000][3.585s][info ][gc,start    ] GC(8) Pause Young (Concurrent Start) (Metadata GC Threshold)
[2025-03-19T08:21:40.062+0000][3.585s][info ][gc,task     ] GC(8) Using 4 workers of 4 for evacuation
[2025-03-19T08:21:40.069+0000][3.592s][info ][gc,phases   ] GC(8)   Pre Evacuate Collection Set: 0.1ms
[2025-03-19T08:21:40.069+0000][3.592s][info ][gc,phases   ] GC(8)   Merge Heap Roots: 0.0ms
[2025-03-19T08:21:40.069+0000][3.592s][info ][gc,phases   ] GC(8)   Evacuate Collection Set: 6.3ms
[2025-03-19T08:21:40.069+0000][3.592s][info ][gc,phases   ] GC(8)   Post Evacuate Collection Set: 0.5ms
[2025-03-19T08:21:40.069+0000][3.592s][info ][gc,phases   ] GC(8)   Other: 0.2ms
[2025-03-19T08:21:40.069+0000][3.592s][info ][gc,heap     ] GC(8) Eden regions: 34->0(78)
[2025-03-19T08:21:40.069+0000][3.592s][info ][gc,heap     ] GC(8) Survivor regions: 8->6(11)
[2025-03-19T08:21:40.069+0000][3.592s][info ][gc,heap     ] GC(8) Old regions: 12->15
[2025-03-19T08:21:40.069+0000][3.592s][info ][gc,heap     ] GC(8) Archive regions: 2->2
[2025-03-19T08:21:40.069+0000][3.592s][info ][gc,heap     ] GC(8) Humongous regions: 0->0
[2025-03-19T08:21:40.069+0000][3.592s][info ][gc,metaspace] GC(8) Metaspace: 21218K(21504K)->21218K(21504K) NonClass: 18442K(18560K)->18442K(18560K) Class: 2775K(2944K)->2775K(2944K)
[2025-03-19T08:21:40.069+0000][3.592s][info ][gc          ] GC(8) Pause Young (Concurrent Start) (Metadata GC Threshold) 53M->20M(140M) 7.165ms
[2025-03-19T08:21:40.069+0000][3.592s][info ][gc,cpu      ] GC(8) User=0.02s Sys=0.00s Real=0.01s
[2025-03-19T08:21:40.069+0000][3.592s][info ][gc          ] GC(9) Concurrent Mark Cycle
[2025-03-19T08:21:40.069+0000][3.592s][info ][gc,marking  ] GC(9) Concurrent Clear Claimed Marks
[2025-03-19T08:21:40.069+0000][3.592s][info ][safepoint   ] Safepoint "CollectForMetadataAllocation", Time since last: 175660988 ns, Reaching safepoint: 113237 ns, Cleanup: 40750 ns, At safepoint: 7262660 ns, Total: 7416647 ns
[2025-03-19T08:21:40.069+0000][3.592s][info ][gc,marking  ] GC(9) Concurrent Clear Claimed Marks 0.027ms
[2025-03-19T08:21:40.069+0000][3.592s][info ][gc,marking  ] GC(9) Concurrent Scan Root Regions
[2025-03-19T08:21:40.070+0000][3.593s][debug][safepoint   ] Safepoint synchronization initiated using futex wait barrier. (15 threads)
[2025-03-19T08:21:40.070+0000][3.593s][info ][safepoint   ] Safepoint "CollectForMetadataAllocation", Time since last: 967690 ns, Reaching safepoint: 92401 ns, Cleanup: 3703 ns, At safepoint: 14380 ns, Total: 110484 ns
[2025-03-19T08:21:40.081+0000][3.604s][info ][gc,marking  ] GC(9) Concurrent Scan Root Regions 11.520ms
[2025-03-19T08:21:40.081+0000][3.604s][info ][gc,marking  ] GC(9) Concurrent Mark
[2025-03-19T08:21:40.081+0000][3.604s][info ][gc,marking  ] GC(9) Concurrent Mark From Roots
[2025-03-19T08:21:40.081+0000][3.604s][info ][gc,task     ] GC(9) Using 1 workers of 1 for marking
[2025-03-19T08:21:40.099+0000][3.622s][info ][gc,marking  ] GC(9) Concurrent Mark From Roots 18.157ms
[2025-03-19T08:21:40.099+0000][3.622s][info ][gc,marking  ] GC(9) Concurrent Preclean
[2025-03-19T08:21:40.099+0000][3.622s][info ][gc,marking  ] GC(9) Concurrent Preclean 0.270ms
[2025-03-19T08:21:40.099+0000][3.622s][debug][safepoint   ] Safepoint synchronization initiated using futex wait barrier. (15 threads)
[2025-03-19T08:21:40.100+0000][3.623s][info ][gc,start    ] GC(9) Pause Remark
[2025-03-19T08:21:40.102+0000][3.625s][info ][gc          ] GC(9) Pause Remark 23M->23M(87M) 2.226ms
[2025-03-19T08:21:40.102+0000][3.625s][info ][gc,cpu      ] GC(9) User=0.01s Sys=0.00s Real=0.00s
[2025-03-19T08:21:40.102+0000][3.625s][info ][safepoint   ] Safepoint "G1PauseRemark", Time since last: 29029738 ns, Reaching safepoint: 337956 ns, Cleanup: 13711 ns, At safepoint: 2285631 ns, Total: 2637298 ns
[2025-03-19T08:21:40.104+0000][3.627s][info ][gc,marking  ] GC(9) Concurrent Mark 23.443ms
[2025-03-19T08:21:40.104+0000][3.627s][info ][gc,marking  ] GC(9) Concurrent Rebuild Remembered Sets
[2025-03-19T08:21:40.136+0000][3.659s][info ][gc,marking  ] GC(9) Concurrent Rebuild Remembered Sets 31.437ms
[2025-03-19T08:21:40.136+0000][3.659s][debug][safepoint   ] Safepoint synchronization initiated using futex wait barrier. (15 threads)
[2025-03-19T08:21:40.136+0000][3.659s][info ][gc,start    ] GC(9) Pause Cleanup
[2025-03-19T08:21:40.136+0000][3.659s][info ][gc          ] GC(9) Pause Cleanup 30M->30M(87M) 0.070ms
[2025-03-19T08:21:40.136+0000][3.659s][info ][gc,cpu      ] GC(9) User=0.00s Sys=0.00s Real=0.00s
[2025-03-19T08:21:40.136+0000][3.659s][info ][safepoint   ] Safepoint "G1PauseCleanup", Time since last: 33821927 ns, Reaching safepoint: 10772 ns, Cleanup: 24175 ns, At safepoint: 102617 ns, Total: 137564 ns
[2025-03-19T08:21:40.141+0000][3.664s][info ][gc,marking  ] GC(9) Concurrent Cleanup for Next Mark
[2025-03-19T08:21:40.142+0000][3.665s][info ][gc,marking  ] GC(9) Concurrent Cleanup for Next Mark 0.930ms
[2025-03-19T08:21:40.142+0000][3.665s][info ][gc          ] GC(9) Concurrent Mark Cycle 72.621ms
[2025-03-19T08:21:40.333+0000][3.856s][debug][safepoint   ] Safepoint synchronization initiated using futex wait barrier. (15 threads)
[2025-03-19T08:21:40.333+0000][3.856s][info ][gc,start    ] GC(10) Pause Young (Normal) (G1 Preventive Collection)
[2025-03-19T08:21:40.333+0000][3.856s][info ][gc,task     ] GC(10) Using 4 workers of 4 for evacuation
[2025-03-19T08:21:40.342+0000][3.865s][info ][gc,phases   ] GC(10)   Pre Evacuate Collection Set: 0.1ms
[2025-03-19T08:21:40.342+0000][3.865s][info ][gc,phases   ] GC(10)   Merge Heap Roots: 0.1ms
[2025-03-19T08:21:40.342+0000][3.865s][info ][gc,phases   ] GC(10)   Evacuate Collection Set: 8.0ms
[2025-03-19T08:21:40.342+0000][3.865s][info ][gc,phases   ] GC(10)   Post Evacuate Collection Set: 0.6ms
[2025-03-19T08:21:40.342+0000][3.865s][info ][gc,phases   ] GC(10)   Other: 0.1ms
[2025-03-19T08:21:40.342+0000][3.865s][info ][gc,heap     ] GC(10) Eden regions: 55->0(44)
[2025-03-19T08:21:40.342+0000][3.865s][info ][gc,heap     ] GC(10) Survivor regions: 6->8(11)
[2025-03-19T08:21:40.342+0000][3.865s][info ][gc,heap     ] GC(10) Old regions: 15->15
[2025-03-19T08:21:40.342+0000][3.865s][info ][gc,heap     ] GC(10) Archive regions: 2->2
[2025-03-19T08:21:40.342+0000][3.865s][info ][gc,heap     ] GC(10) Humongous regions: 0->0
[2025-03-19T08:21:40.342+0000][3.865s][info ][gc,metaspace] GC(10) Metaspace: 23100K(23488K)->23100K(23488K) NonClass: 20067K(20288K)->20067K(20288K) Class: 3032K(3200K)->3032K(3200K)
[2025-03-19T08:21:40.342+0000][3.865s][info ][gc          ] GC(10) Pause Young (Normal) (G1 Preventive Collection) 75M->23M(87M) 8.912ms
[2025-03-19T08:21:40.342+0000][3.865s][info ][gc,cpu      ] GC(10) User=0.02s Sys=0.00s Real=0.01s
[2025-03-19T08:21:40.342+0000][3.865s][info ][safepoint   ] Safepoint "G1CollectForAllocation", Time since last: 196986381 ns, Reaching safepoint: 117539 ns, Cleanup: 75587 ns, At safepoint: 8957411 ns, Total: 9150537 ns
[2025-03-19T08:21:40.526+0000][4.049s][debug][safepoint   ] Safepoint synchronization initiated using futex wait barrier. (15 threads)
[2025-03-19T08:21:40.526+0000][4.049s][info ][gc,start    ] GC(11) Pause Young (Normal) (G1 Evacuation Pause)
[2025-03-19T08:21:40.526+0000][4.049s][info ][gc,task     ] GC(11) Using 4 workers of 4 for evacuation
[2025-03-19T08:21:40.542+0000][4.066s][info ][gc,phases   ] GC(11)   Pre Evacuate Collection Set: 0.1ms
[2025-03-19T08:21:40.542+0000][4.066s][info ][gc,phases   ] GC(11)   Merge Heap Roots: 0.1ms
[2025-03-19T08:21:40.542+0000][4.066s][info ][gc,phases   ] GC(11)   Evacuate Collection Set: 13.9ms
[2025-03-19T08:21:40.542+0000][4.066s][info ][gc,phases   ] GC(11)   Post Evacuate Collection Set: 2.2ms
[2025-03-19T08:21:40.542+0000][4.066s][info ][gc,phases   ] GC(11)   Other: 0.1ms
[2025-03-19T08:21:40.542+0000][4.066s][info ][gc,heap     ] GC(11) Eden regions: 44->0(60)
[2025-03-19T08:21:40.542+0000][4.066s][info ][gc,heap     ] GC(11) Survivor regions: 8->6(7)
[2025-03-19T08:21:40.542+0000][4.066s][info ][gc,heap     ] GC(11) Old regions: 15->20
[2025-03-19T08:21:40.542+0000][4.066s][info ][gc,heap     ] GC(11) Archive regions: 2->2
[2025-03-19T08:21:40.542+0000][4.066s][info ][gc,heap     ] GC(11) Humongous regions: 0->0
[2025-03-19T08:21:40.542+0000][4.066s][info ][gc,metaspace] GC(11) Metaspace: 24367K(24704K)->24367K(24704K) NonClass: 21195K(21376K)->21195K(21376K) Class: 3171K(3328K)->3171K(3328K)
[2025-03-19T08:21:40.542+0000][4.066s][info ][gc          ] GC(11) Pause Young (Normal) (G1 Evacuation Pause) 67M->26M(110M) 16.382ms
[2025-03-19T08:21:40.543+0000][4.066s][info ][gc,cpu      ] GC(11) User=0.05s Sys=0.00s Real=0.01s
[2025-03-19T08:21:40.543+0000][4.066s][info ][safepoint   ] Safepoint "G1CollectForAllocation", Time since last: 184000238 ns, Reaching safepoint: 99241 ns, Cleanup: 76587 ns, At safepoint: 16452297 ns, Total: 16628125 ns
[2025-03-19T08:21:40.722+0000][4.246s][debug][safepoint   ] Safepoint synchronization initiated using futex wait barrier. (14 threads)
[2025-03-19T08:21:40.722+0000][4.246s][info ][gc,start    ] GC(12) Pause Young (Normal) (G1 Evacuation Pause)
[2025-03-19T08:21:40.722+0000][4.246s][info ][gc,task     ] GC(12) Using 3 workers of 4 for evacuation
[2025-03-19T08:21:40.736+0000][4.259s][info ][gc,phases   ] GC(12)   Pre Evacuate Collection Set: 0.1ms
[2025-03-19T08:21:40.736+0000][4.259s][info ][gc,phases   ] GC(12)   Merge Heap Roots: 0.1ms
[2025-03-19T08:21:40.736+0000][4.259s][info ][gc,phases   ] GC(12)   Evacuate Collection Set: 12.2ms
[2025-03-19T08:21:40.736+0000][4.259s][info ][gc,phases   ] GC(12)   Post Evacuate Collection Set: 0.8ms
[2025-03-19T08:21:40.736+0000][4.259s][info ][gc,phases   ] GC(12)   Other: 0.1ms
[2025-03-19T08:21:40.736+0000][4.259s][info ][gc,heap     ] GC(12) Eden regions: 60->0(52)
[2025-03-19T08:21:40.736+0000][4.259s][info ][gc,heap     ] GC(12) Survivor regions: 6->9(9)
[2025-03-19T08:21:40.736+0000][4.259s][info ][gc,heap     ] GC(12) Old regions: 20->24
[2025-03-19T08:21:40.736+0000][4.259s][info ][gc,heap     ] GC(12) Archive regions: 2->2
[2025-03-19T08:21:40.736+0000][4.259s][info ][gc,heap     ] GC(12) Humongous regions: 0->0
[2025-03-19T08:21:40.736+0000][4.259s][info ][gc,metaspace] GC(12) Metaspace: 24466K(24832K)->24466K(24832K) NonClass: 21270K(21440K)->21270K(21440K) Class: 3195K(3392K)->3195K(3392K)
[2025-03-19T08:21:40.736+0000][4.259s][info ][gc          ] GC(12) Pause Young (Normal) (G1 Evacuation Pause) 86M->33M(110M) 13.230ms
[2025-03-19T08:21:40.736+0000][4.259s][info ][gc,cpu      ] GC(12) User=0.04s Sys=0.00s Real=0.02s
[2025-03-19T08:21:40.736+0000][4.259s][info ][safepoint   ] Safepoint "G1CollectForAllocation", Time since last: 179713965 ns, Reaching safepoint: 66927 ns, Cleanup: 18396 ns, At safepoint: 13274652 ns, Total: 13359975 ns
[2025-03-19T08:21:40.902+0000][4.425s][debug][safepoint   ] Safepoint synchronization initiated using futex wait barrier. (14 threads)
[2025-03-19T08:21:40.902+0000][4.425s][info ][gc,start    ] GC(13) Pause Young (Normal) (G1 Evacuation Pause)
[2025-03-19T08:21:40.902+0000][4.425s][info ][gc,task     ] GC(13) Using 2 workers of 4 for evacuation
[2025-03-19T08:21:40.930+0000][4.453s][info ][gc,phases   ] GC(13)   Pre Evacuate Collection Set: 0.1ms
[2025-03-19T08:21:40.930+0000][4.453s][info ][gc,phases   ] GC(13)   Merge Heap Roots: 0.1ms
[2025-03-19T08:21:40.930+0000][4.453s][info ][gc,phases   ] GC(13)   Evacuate Collection Set: 25.7ms
[2025-03-19T08:21:40.930+0000][4.453s][info ][gc,phases   ] GC(13)   Post Evacuate Collection Set: 1.8ms
[2025-03-19T08:21:40.930+0000][4.453s][info ][gc,phases   ] GC(13)   Other: 0.1ms
[2025-03-19T08:21:40.930+0000][4.453s][info ][gc,heap     ] GC(13) Eden regions: 52->0(46)
[2025-03-19T08:21:40.930+0000][4.453s][info ][gc,heap     ] GC(13) Survivor regions: 9->6(8)
[2025-03-19T08:21:40.930+0000][4.453s][info ][gc,heap     ] GC(13) Old regions: 24->33
[2025-03-19T08:21:40.930+0000][4.453s][info ][gc,heap     ] GC(13) Archive regions: 2->2
[2025-03-19T08:21:40.930+0000][4.453s][info ][gc,heap     ] GC(13) Humongous regions: 0->0
[2025-03-19T08:21:40.930+0000][4.453s][info ][gc,metaspace] GC(13) Metaspace: 24547K(24960K)->24547K(24960K) NonClass: 21346K(21568K)->21346K(21568K) Class: 3201K(3392K)->3201K(3392K)
[2025-03-19T08:21:40.930+0000][4.453s][info ][gc          ] GC(13) Pause Young (Normal) (G1 Evacuation Pause) 85M->39M(110M) 27.788ms
[2025-03-19T08:21:40.930+0000][4.453s][info ][gc,cpu      ] GC(13) User=0.09s Sys=0.00s Real=0.03s
[2025-03-19T08:21:40.930+0000][4.453s][info ][safepoint   ] Safepoint "G1CollectForAllocation", Time since last: 166410508 ns, Reaching safepoint: 111628 ns, Cleanup: 38552 ns, At safepoint: 27859851 ns, Total: 28010031 ns
[2025-03-19T08:21:41.144+0000][4.667s][debug][safepoint   ] Safepoint synchronization initiated using futex wait barrier. (14 threads)
[2025-03-19T08:21:41.144+0000][4.667s][info ][gc,start    ] GC(14) Pause Young (Normal) (G1 Evacuation Pause)
[2025-03-19T08:21:41.144+0000][4.667s][info ][gc,task     ] GC(14) Using 2 workers of 4 for evacuation
[2025-03-19T08:21:41.153+0000][4.677s][info ][gc,phases   ] GC(14)   Pre Evacuate Collection Set: 0.0ms
[2025-03-19T08:21:41.153+0000][4.677s][info ][gc,phases   ] GC(14)   Merge Heap Roots: 0.1ms
[2025-03-19T08:21:41.153+0000][4.677s][info ][gc,phases   ] GC(14)   Evacuate Collection Set: 8.4ms
[2025-03-19T08:21:41.153+0000][4.677s][info ][gc,phases   ] GC(14)   Post Evacuate Collection Set: 0.9ms
[2025-03-19T08:21:41.153+0000][4.677s][info ][gc,phases   ] GC(14)   Other: 0.1ms
[2025-03-19T08:21:41.153+0000][4.677s][info ][gc,heap     ] GC(14) Eden regions: 46->0(43)
[2025-03-19T08:21:41.153+0000][4.677s][info ][gc,heap     ] GC(14) Survivor regions: 6->4(7)
[2025-03-19T08:21:41.153+0000][4.677s][info ][gc,heap     ] GC(14) Old regions: 33->39
[2025-03-19T08:21:41.153+0000][4.677s][info ][gc,heap     ] GC(14) Archive regions: 2->2
[2025-03-19T08:21:41.153+0000][4.677s][info ][gc,heap     ] GC(14) Humongous regions: 0->0
[2025-03-19T08:21:41.153+0000][4.677s][info ][gc,metaspace] GC(14) Metaspace: 24736K(25152K)->24736K(25152K) NonClass: 21496K(21696K)->21496K(21696K) Class: 3239K(3456K)->3239K(3456K)
[2025-03-19T08:21:41.153+0000][4.677s][info ][gc          ] GC(14) Pause Young (Normal) (G1 Evacuation Pause) 85M->43M(110M) 9.521ms
[2025-03-19T08:21:41.153+0000][4.677s][info ][gc,cpu      ] GC(14) User=0.02s Sys=0.00s Real=0.01s
[2025-03-19T08:21:41.153+0000][4.677s][info ][safepoint   ] Safepoint "G1CollectForAllocation", Time since last: 213579656 ns, Reaching safepoint: 112849 ns, Cleanup: 49541 ns, At safepoint: 9573157 ns, Total: 9735547 ns
[2025-03-19T08:21:41.365+0000][4.889s][debug][safepoint   ] Safepoint synchronization initiated using futex wait barrier. (14 threads)
[2025-03-19T08:21:41.366+0000][4.889s][info ][gc,start    ] GC(15) Pause Young (Normal) (G1 Evacuation Pause)
[2025-03-19T08:21:41.366+0000][4.889s][info ][gc,task     ] GC(15) Using 2 workers of 4 for evacuation
[2025-03-19T08:21:41.382+0000][4.906s][info ][gc,phases   ] GC(15)   Pre Evacuate Collection Set: 0.1ms
[2025-03-19T08:21:41.382+0000][4.906s][info ][gc,phases   ] GC(15)   Merge Heap Roots: 0.0ms
[2025-03-19T08:21:41.382+0000][4.906s][info ][gc,phases   ] GC(15)   Evacuate Collection Set: 14.5ms
[2025-03-19T08:21:41.383+0000][4.906s][info ][gc,phases   ] GC(15)   Post Evacuate Collection Set: 2.3ms
[2025-03-19T08:21:41.383+0000][4.906s][info ][gc,phases   ] GC(15)   Other: 0.1ms
[2025-03-19T08:21:41.383+0000][4.906s][info ][gc,heap     ] GC(15) Eden regions: 43->0(115)
[2025-03-19T08:21:41.383+0000][4.906s][info ][gc,heap     ] GC(15) Survivor regions: 4->5(6)
[2025-03-19T08:21:41.383+0000][4.906s][info ][gc,heap     ] GC(15) Old regions: 39->43
[2025-03-19T08:21:41.383+0000][4.906s][info ][gc,heap     ] GC(15) Archive regions: 2->2
[2025-03-19T08:21:41.383+0000][4.906s][info ][gc,heap     ] GC(15) Humongous regions: 0->0
[2025-03-19T08:21:41.383+0000][4.906s][info ][gc,metaspace] GC(15) Metaspace: 24945K(25344K)->24945K(25344K) NonClass: 21690K(21888K)->21690K(21888K) Class: 3254K(3456K)->3254K(3456K)
[2025-03-19T08:21:41.383+0000][4.906s][info ][gc          ] GC(15) Pause Young (Normal) (G1 Evacuation Pause) 86M->48M(215M) 17.037ms
[2025-03-19T08:21:41.383+0000][4.906s][info ][gc,cpu      ] GC(15) User=0.05s Sys=0.00s Real=0.01s
[2025-03-19T08:21:41.383+0000][4.906s][info ][safepoint   ] Safepoint "G1CollectForAllocation", Time since last: 212018547 ns, Reaching safepoint: 54477 ns, Cleanup: 72684 ns, At safepoint: 17084563 ns, Total: 17211724 ns
[2025-03-19T08:21:42.073+0000][5.596s][debug][safepoint   ] Safepoint synchronization initiated using futex wait barrier. (14 threads)
[2025-03-19T08:21:42.073+0000][5.596s][info ][gc,start    ] GC(16) Pause Young (Normal) (G1 Evacuation Pause)
[2025-03-19T08:21:42.073+0000][5.596s][info ][gc,task     ] GC(16) Using 4 workers of 4 for evacuation
[2025-03-19T08:21:42.083+0000][5.606s][info ][gc,phases   ] GC(16)   Pre Evacuate Collection Set: 0.1ms
[2025-03-19T08:21:42.083+0000][5.606s][info ][gc,phases   ] GC(16)   Merge Heap Roots: 0.1ms
[2025-03-19T08:21:42.083+0000][5.606s][info ][gc,phases   ] GC(16)   Evacuate Collection Set: 8.7ms
[2025-03-19T08:21:42.083+0000][5.606s][info ][gc,phases   ] GC(16)   Post Evacuate Collection Set: 0.8ms
[2025-03-19T08:21:42.083+0000][5.606s][info ][gc,phases   ] GC(16)   Other: 0.1ms
[2025-03-19T08:21:42.083+0000][5.606s][info ][gc,heap     ] GC(16) Eden regions: 115->0(119)
[2025-03-19T08:21:42.083+0000][5.606s][info ][gc,heap     ] GC(16) Survivor regions: 5->9(15)
[2025-03-19T08:21:42.083+0000][5.606s][info ][gc,heap     ] GC(16) Old regions: 43->43
[2025-03-19T08:21:42.083+0000][5.606s][info ][gc,heap     ] GC(16) Archive regions: 2->2
[2025-03-19T08:21:42.083+0000][5.606s][info ][gc,heap     ] GC(16) Humongous regions: 0->0
[2025-03-19T08:21:42.083+0000][5.606s][info ][gc,metaspace] GC(16) Metaspace: 25161K(25536K)->25161K(25536K) NonClass: 21893K(22080K)->21893K(22080K) Class: 3267K(3456K)->3267K(3456K)
[2025-03-19T08:21:42.083+0000][5.606s][info ][gc          ] GC(16) Pause Young (Normal) (G1 Evacuation Pause) 163M->52M(215M) 9.972ms
[2025-03-19T08:21:42.083+0000][5.606s][info ][gc,cpu      ] GC(16) User=0.03s Sys=0.00s Real=0.01s
[2025-03-19T08:21:42.083+0000][5.606s][info ][safepoint   ] Safepoint "G1CollectForAllocation", Time since last: 690276076 ns, Reaching safepoint: 50422 ns, Cleanup: 109820 ns, At safepoint: 10022168 ns, Total: 10182410 ns
[2025-03-19T08:21:42.484+0000][6.007s][debug][safepoint   ] Safepoint synchronization initiated using futex wait barrier. (15 threads)
[2025-03-19T08:21:42.484+0000][6.007s][info ][gc,start    ] GC(17) Pause Young (Normal) (G1 Evacuation Pause)
[2025-03-19T08:21:42.484+0000][6.007s][info ][gc,task     ] GC(17) Using 4 workers of 4 for evacuation
[2025-03-19T08:21:42.501+0000][6.024s][info ][gc,phases   ] GC(17)   Pre Evacuate Collection Set: 0.1ms
[2025-03-19T08:21:42.501+0000][6.024s][info ][gc,phases   ] GC(17)   Merge Heap Roots: 0.1ms
[2025-03-19T08:21:42.501+0000][6.024s][info ][gc,phases   ] GC(17)   Evacuate Collection Set: 15.4ms
[2025-03-19T08:21:42.501+0000][6.024s][info ][gc,phases   ] GC(17)   Post Evacuate Collection Set: 1.3ms
[2025-03-19T08:21:42.501+0000][6.024s][info ][gc,phases   ] GC(17)   Other: 0.1ms
[2025-03-19T08:21:42.501+0000][6.024s][info ][gc,heap     ] GC(17) Eden regions: 119->0(117)
[2025-03-19T08:21:42.501+0000][6.024s][info ][gc,heap     ] GC(17) Survivor regions: 9->8(16)
[2025-03-19T08:21:42.501+0000][6.024s][info ][gc,heap     ] GC(17) Old regions: 43->48
[2025-03-19T08:21:42.501+0000][6.024s][info ][gc,heap     ] GC(17) Archive regions: 2->2
[2025-03-19T08:21:42.501+0000][6.024s][info ][gc,heap     ] GC(17) Humongous regions: 0->0
[2025-03-19T08:21:42.501+0000][6.024s][info ][gc,metaspace] GC(17) Metaspace: 26459K(26752K)->26459K(26752K) NonClass: 23094K(23232K)->23094K(23232K) Class: 3364K(3520K)->3364K(3520K)
[2025-03-19T08:21:42.501+0000][6.024s][info ][gc          ] GC(17) Pause Young (Normal) (G1 Evacuation Pause) 171M->55M(215M) 16.966ms
[2025-03-19T08:21:42.501+0000][6.024s][info ][gc,cpu      ] GC(17) User=0.06s Sys=0.00s Real=0.02s
[2025-03-19T08:21:42.501+0000][6.024s][info ][safepoint   ] Safepoint "G1CollectForAllocation", Time since last: 400682060 ns, Reaching safepoint: 118897 ns, Cleanup: 63024 ns, At safepoint: 17008734 ns, Total: 17190655 ns
[2025-03-19T08:21:42.829+0000][6.353s][debug][safepoint   ] Safepoint synchronization initiated using futex wait barrier. (14 threads)
[2025-03-19T08:21:42.829+0000][6.353s][info ][gc,start    ] GC(18) Pause Young (Normal) (G1 Evacuation Pause)
[2025-03-19T08:21:42.829+0000][6.353s][info ][gc,task     ] GC(18) Using 4 workers of 4 for evacuation
[2025-03-19T08:21:42.839+0000][6.362s][info ][gc,phases   ] GC(18)   Pre Evacuate Collection Set: 0.1ms
[2025-03-19T08:21:42.839+0000][6.362s][info ][gc,phases   ] GC(18)   Merge Heap Roots: 0.1ms
[2025-03-19T08:21:42.839+0000][6.362s][info ][gc,phases   ] GC(18)   Evacuate Collection Set: 7.8ms
[2025-03-19T08:21:42.839+0000][6.362s][info ][gc,phases   ] GC(18)   Post Evacuate Collection Set: 1.1ms
[2025-03-19T08:21:42.839+0000][6.362s][info ][gc,phases   ] GC(18)   Other: 0.1ms
[2025-03-19T08:21:42.839+0000][6.362s][info ][gc,heap     ] GC(18) Eden regions: 117->0(119)
[2025-03-19T08:21:42.839+0000][6.362s][info ][gc,heap     ] GC(18) Survivor regions: 8->9(16)
[2025-03-19T08:21:42.839+0000][6.362s][info ][gc,heap     ] GC(18) Old regions: 48->48
[2025-03-19T08:21:42.839+0000][6.362s][info ][gc,heap     ] GC(18) Archive regions: 2->2
[2025-03-19T08:21:42.839+0000][6.362s][info ][gc,heap     ] GC(18) Humongous regions: 0->0
[2025-03-19T08:21:42.839+0000][6.362s][info ][gc,metaspace] GC(18) Metaspace: 27109K(27520K)->27109K(27520K) NonClass: 23676K(23872K)->23676K(23872K) Class: 3433K(3648K)->3433K(3648K)
[2025-03-19T08:21:42.839+0000][6.362s][info ][gc          ] GC(18) Pause Young (Normal) (G1 Evacuation Pause) 172M->56M(215M) 9.378ms
[2025-03-19T08:21:42.839+0000][6.362s][info ][gc,cpu      ] GC(18) User=0.03s Sys=0.00s Real=0.01s
[2025-03-19T08:21:42.839+0000][6.362s][info ][safepoint   ] Safepoint "G1CollectForAllocation", Time since last: 328296308 ns, Reaching safepoint: 46012 ns, Cleanup: 72807 ns, At safepoint: 9433860 ns, Total: 9552679 ns
[2025-03-19T08:21:43.483+0000][7.006s][debug][safepoint   ] Safepoint synchronization initiated using futex wait barrier. (14 threads)
[2025-03-19T08:21:43.483+0000][7.006s][info ][gc,start    ] GC(19) Pause Young (Normal) (G1 Evacuation Pause)
[2025-03-19T08:21:43.483+0000][7.006s][info ][gc,task     ] GC(19) Using 4 workers of 4 for evacuation
[2025-03-19T08:21:43.491+0000][7.014s][info ][gc,phases   ] GC(19)   Pre Evacuate Collection Set: 0.1ms
[2025-03-19T08:21:43.491+0000][7.014s][info ][gc,phases   ] GC(19)   Merge Heap Roots: 0.1ms
[2025-03-19T08:21:43.491+0000][7.014s][info ][gc,phases   ] GC(19)   Evacuate Collection Set: 6.6ms
[2025-03-19T08:21:43.491+0000][7.014s][info ][gc,phases   ] GC(19)   Post Evacuate Collection Set: 1.3ms
[2025-03-19T08:21:43.491+0000][7.014s][info ][gc,phases   ] GC(19)   Other: 0.1ms
[2025-03-19T08:21:43.491+0000][7.014s][info ][gc,heap     ] GC(19) Eden regions: 119->0(119)
[2025-03-19T08:21:43.491+0000][7.014s][info ][gc,heap     ] GC(19) Survivor regions: 9->7(16)
[2025-03-19T08:21:43.491+0000][7.014s][info ][gc,heap     ] GC(19) Old regions: 48->52
[2025-03-19T08:21:43.491+0000][7.014s][info ][gc,heap     ] GC(19) Archive regions: 2->2
[2025-03-19T08:21:43.491+0000][7.014s][info ][gc,heap     ] GC(19) Humongous regions: 0->0
[2025-03-19T08:21:43.491+0000][7.014s][info ][gc,metaspace] GC(19) Metaspace: 33695K(34048K)->33695K(34048K) NonClass: 29523K(29696K)->29523K(29696K) Class: 4172K(4352K)->4172K(4352K)
[2025-03-19T08:21:43.491+0000][7.014s][info ][gc          ] GC(19) Pause Young (Normal) (G1 Evacuation Pause) 175M->58M(215M) 8.195ms
[2025-03-19T08:21:43.491+0000][7.014s][info ][gc,cpu      ] GC(19) User=0.03s Sys=0.00s Real=0.01s
[2025-03-19T08:21:43.493+0000][7.016s][info ][safepoint   ] Safepoint "G1CollectForAllocation", Time since last: 643869114 ns, Reaching safepoint: 46534 ns, Cleanup: 104071 ns, At safepoint: 9927157 ns, Total: 10077762 ns
[2025-03-19T08:21:43.901+0000][7.425s][debug][safepoint   ] ... found polling page loop exception at pc = 0x000076589d1a8cac, stub =0x000076589c98f400
[2025-03-19T08:21:43.964+0000][7.487s][debug][safepoint   ] Safepoint synchronization initiated using futex wait barrier. (14 threads)
[2025-03-19T08:21:43.964+0000][7.487s][info ][safepoint   ] Safepoint "ICBufferFull", Time since last: 471223042 ns, Reaching safepoint: 40146 ns, Cleanup: 144554 ns, At safepoint: 2823 ns, Total: 187523 ns
[2025-03-19T08:21:44.114+0000][7.637s][debug][safepoint   ] Safepoint synchronization initiated using futex wait barrier. (14 threads)
[2025-03-19T08:21:44.114+0000][7.637s][info ][gc,start    ] GC(20) Pause Young (Normal) (G1 Evacuation Pause)
[2025-03-19T08:21:44.114+0000][7.637s][info ][gc,task     ] GC(20) Using 4 workers of 4 for evacuation
[2025-03-19T08:21:44.122+0000][7.646s][info ][gc,phases   ] GC(20)   Pre Evacuate Collection Set: 0.1ms
[2025-03-19T08:21:44.122+0000][7.646s][info ][gc,phases   ] GC(20)   Merge Heap Roots: 0.1ms
[2025-03-19T08:21:44.122+0000][7.646s][info ][gc,phases   ] GC(20)   Evacuate Collection Set: 7.3ms
[2025-03-19T08:21:44.122+0000][7.646s][info ][gc,phases   ] GC(20)   Post Evacuate Collection Set: 0.9ms
[2025-03-19T08:21:44.122+0000][7.646s][info ][gc,phases   ] GC(20)   Other: 0.1ms
[2025-03-19T08:21:44.122+0000][7.646s][info ][gc,heap     ] GC(20) Eden regions: 119->0(121)
[2025-03-19T08:21:44.122+0000][7.646s][info ][gc,heap     ] GC(20) Survivor regions: 7->7(16)
[2025-03-19T08:21:44.122+0000][7.646s][info ][gc,heap     ] GC(20) Old regions: 52->52
[2025-03-19T08:21:44.122+0000][7.646s][info ][gc,heap     ] GC(20) Archive regions: 2->2
[2025-03-19T08:21:44.122+0000][7.646s][info ][gc,heap     ] GC(20) Humongous regions: 0->0
[2025-03-19T08:21:44.122+0000][7.646s][info ][gc,metaspace] GC(20) Metaspace: 34838K(35264K)->34838K(35264K) NonClass: 30507K(30720K)->30507K(30720K) Class: 4331K(4544K)->4331K(4544K)
[2025-03-19T08:21:44.122+0000][7.646s][info ][gc          ] GC(20) Pause Young (Normal) (G1 Evacuation Pause) 177M->59M(215M) 8.567ms
[2025-03-19T08:21:44.122+0000][7.646s][info ][gc,cpu      ] GC(20) User=0.03s Sys=0.00s Real=0.01s
[2025-03-19T08:21:44.122+0000][7.646s][info ][safepoint   ] Safepoint "G1CollectForAllocation", Time since last: 149542211 ns, Reaching safepoint: 36853 ns, Cleanup: 29742 ns, At safepoint: 8614082 ns, Total: 8680677 ns
[2025-03-19T08:21:44.371+0000][7.894s][debug][safepoint   ] Safepoint synchronization initiated using futex wait barrier. (14 threads)
[2025-03-19T08:21:44.371+0000][7.894s][info ][gc,start    ] GC(21) Pause Young (Concurrent Start) (Metadata GC Threshold)
[2025-03-19T08:21:44.371+0000][7.894s][info ][gc,task     ] GC(21) Using 4 workers of 4 for evacuation
[2025-03-19T08:21:44.379+0000][7.903s][info ][gc,phases   ] GC(21)   Pre Evacuate Collection Set: 0.1ms
[2025-03-19T08:21:44.379+0000][7.903s][info ][gc,phases   ] GC(21)   Merge Heap Roots: 0.1ms
[2025-03-19T08:21:44.379+0000][7.903s][info ][gc,phases   ] GC(21)   Evacuate Collection Set: 7.3ms
[2025-03-19T08:21:44.379+0000][7.903s][info ][gc,phases   ] GC(21)   Post Evacuate Collection Set: 0.9ms
[2025-03-19T08:21:44.379+0000][7.903s][info ][gc,phases   ] GC(21)   Other: 0.1ms
[2025-03-19T08:21:44.379+0000][7.903s][info ][gc,heap     ] GC(21) Eden regions: 53->0(122)
[2025-03-19T08:21:44.379+0000][7.903s][info ][gc,heap     ] GC(21) Survivor regions: 7->7(16)
[2025-03-19T08:21:44.379+0000][7.903s][info ][gc,heap     ] GC(21) Old regions: 52->52
[2025-03-19T08:21:44.379+0000][7.903s][info ][gc,heap     ] GC(21) Archive regions: 2->2
[2025-03-19T08:21:44.379+0000][7.903s][info ][gc,heap     ] GC(21) Humongous regions: 0->0
[2025-03-19T08:21:44.379+0000][7.903s][info ][gc,metaspace] GC(21) Metaspace: 36059K(36416K)->36059K(36416K) NonClass: 31581K(31744K)->31581K(31744K) Class: 4477K(4672K)->4477K(4672K)
[2025-03-19T08:21:44.379+0000][7.903s][info ][gc          ] GC(21) Pause Young (Concurrent Start) (Metadata GC Threshold) 111M->59M(215M) 8.553ms
[2025-03-19T08:21:44.379+0000][7.903s][info ][gc,cpu      ] GC(21) User=0.02s Sys=0.00s Real=0.01s
[2025-03-19T08:21:44.380+0000][7.903s][info ][gc          ] GC(22) Concurrent Mark Cycle
[2025-03-19T08:21:44.380+0000][7.903s][info ][gc,marking  ] GC(22) Concurrent Clear Claimed Marks
[2025-03-19T08:21:44.380+0000][7.903s][info ][gc,marking  ] GC(22) Concurrent Clear Claimed Marks 0.033ms
[2025-03-19T08:21:44.380+0000][7.903s][info ][gc,marking  ] GC(22) Concurrent Scan Root Regions
[2025-03-19T08:21:44.380+0000][7.903s][info ][safepoint   ] Safepoint "CollectForMetadataAllocation", Time since last: 248416717 ns, Reaching safepoint: 43499 ns, Cleanup: 92305 ns, At safepoint: 8697136 ns, Total: 8832940 ns
[2025-03-19T08:21:44.392+0000][7.915s][info ][gc,marking  ] GC(22) Concurrent Scan Root Regions 12.217ms
[2025-03-19T08:21:44.392+0000][7.915s][info ][gc,marking  ] GC(22) Concurrent Mark
[2025-03-19T08:21:44.392+0000][7.915s][info ][gc,marking  ] GC(22) Concurrent Mark From Roots
[2025-03-19T08:21:44.392+0000][7.915s][info ][gc,task     ] GC(22) Using 1 workers of 1 for marking
[2025-03-19T08:21:44.436+0000][7.960s][debug][safepoint   ] Safepoint synchronization initiated using futex wait barrier. (14 threads)
[2025-03-19T08:21:44.436+0000][7.960s][info ][safepoint   ] Safepoint "CollectForMetadataAllocation", Time since last: 56613447 ns, Reaching safepoint: 114781 ns, Cleanup: 13960 ns, At safepoint: 38279 ns, Total: 167020 ns
[2025-03-19T08:21:44.488+0000][8.011s][debug][safepoint   ] Safepoint synchronization initiated using futex wait barrier. (14 threads)
[2025-03-19T08:21:44.488+0000][8.011s][info ][safepoint   ] Safepoint "CollectForMetadataAllocation", Time since last: 51587435 ns, Reaching safepoint: 71484 ns, Cleanup: 3182 ns, At safepoint: 29153 ns, Total: 103819 ns
[2025-03-19T08:21:44.500+0000][8.023s][info ][gc,marking  ] GC(22) Concurrent Mark From Roots 107.888ms
[2025-03-19T08:21:44.500+0000][8.023s][info ][gc,marking  ] GC(22) Concurrent Preclean
[2025-03-19T08:21:44.500+0000][8.023s][info ][gc,marking  ] GC(22) Concurrent Preclean 0.307ms
[2025-03-19T08:21:44.500+0000][8.023s][debug][safepoint   ] Safepoint synchronization initiated using futex wait barrier. (14 threads)
[2025-03-19T08:21:44.500+0000][8.024s][info ][gc,start    ] GC(22) Pause Remark
[2025-03-19T08:21:44.504+0000][8.027s][info ][gc          ] GC(22) Pause Remark 74M->74M(215M) 3.920ms
[2025-03-19T08:21:44.504+0000][8.028s][info ][gc,cpu      ] GC(22) User=0.02s Sys=0.00s Real=0.01s
[2025-03-19T08:21:44.504+0000][8.028s][info ][safepoint   ] Safepoint "G1PauseRemark", Time since last: 12034084 ns, Reaching safepoint: 152653 ns, Cleanup: 5230 ns, At safepoint: 3991780 ns, Total: 4149663 ns
[2025-03-19T08:21:44.505+0000][8.028s][info ][gc,marking  ] GC(22) Concurrent Mark 112.795ms
[2025-03-19T08:21:44.505+0000][8.028s][info ][gc,marking  ] GC(22) Concurrent Rebuild Remembered Sets
[2025-03-19T08:21:44.556+0000][8.079s][info ][gc,marking  ] GC(22) Concurrent Rebuild Remembered Sets 50.953ms
[2025-03-19T08:21:44.556+0000][8.079s][debug][safepoint   ] Safepoint synchronization initiated using futex wait barrier. (14 threads)
[2025-03-19T08:21:44.556+0000][8.079s][info ][gc,start    ] GC(22) Pause Cleanup
[2025-03-19T08:21:44.556+0000][8.079s][info ][gc          ] GC(22) Pause Cleanup 80M->80M(215M) 0.091ms
[2025-03-19T08:21:44.556+0000][8.079s][info ][gc,cpu      ] GC(22) User=0.00s Sys=0.00s Real=0.00s
[2025-03-19T08:21:44.556+0000][8.079s][info ][safepoint   ] Safepoint "G1PauseCleanup", Time since last: 51396017 ns, Reaching safepoint: 79502 ns, Cleanup: 3431 ns, At safepoint: 118510 ns, Total: 201443 ns
[2025-03-19T08:21:44.556+0000][8.079s][info ][gc,marking  ] GC(22) Concurrent Cleanup for Next Mark
[2025-03-19T08:21:44.561+0000][8.084s][info ][gc,marking  ] GC(22) Concurrent Cleanup for Next Mark 5.224ms
[2025-03-19T08:21:44.561+0000][8.084s][info ][gc          ] GC(22) Concurrent Mark Cycle 181.643ms
[2025-03-19T08:21:45.049+0000][8.572s][debug][safepoint   ] Safepoint synchronization initiated using futex wait barrier. (14 threads)
[2025-03-19T08:21:45.049+0000][8.572s][info ][gc,start    ] GC(23) Pause Young (Prepare Mixed) (G1 Evacuation Pause)
[2025-03-19T08:21:45.049+0000][8.572s][info ][gc,task     ] GC(23) Using 4 workers of 4 for evacuation
[2025-03-19T08:21:45.057+0000][8.580s][info ][gc,phases   ] GC(23)   Pre Evacuate Collection Set: 0.1ms
[2025-03-19T08:21:45.057+0000][8.580s][info ][gc,phases   ] GC(23)   Merge Heap Roots: 0.1ms
[2025-03-19T08:21:45.057+0000][8.580s][info ][gc,phases   ] GC(23)   Evacuate Collection Set: 6.9ms
[2025-03-19T08:21:45.057+0000][8.580s][info ][gc,phases   ] GC(23)   Post Evacuate Collection Set: 0.9ms
[2025-03-19T08:21:45.057+0000][8.580s][info ][gc,phases   ] GC(23)   Other: 0.1ms
[2025-03-19T08:21:45.057+0000][8.580s][info ][gc,heap     ] GC(23) Eden regions: 122->0(2)
[2025-03-19T08:21:45.057+0000][8.580s][info ][gc,heap     ] GC(23) Survivor regions: 7->8(17)
[2025-03-19T08:21:45.057+0000][8.580s][info ][gc,heap     ] GC(23) Old regions: 52->52
[2025-03-19T08:21:45.057+0000][8.580s][info ][gc,heap     ] GC(23) Archive regions: 2->2
[2025-03-19T08:21:45.057+0000][8.580s][info ][gc,heap     ] GC(23) Humongous regions: 0->0
[2025-03-19T08:21:45.057+0000][8.580s][info ][gc,metaspace] GC(23) Metaspace: 38949K(39360K)->38949K(39360K) NonClass: 34036K(34240K)->34036K(34240K) Class: 4913K(5120K)->4913K(5120K)
[2025-03-19T08:21:45.057+0000][8.580s][info ][gc          ] GC(23) Pause Young (Prepare Mixed) (G1 Evacuation Pause) 181M->60M(215M) 8.157ms
[2025-03-19T08:21:45.057+0000][8.580s][info ][gc,cpu      ] GC(23) User=0.03s Sys=0.00s Real=0.01s
[2025-03-19T08:21:45.057+0000][8.580s][info ][safepoint   ] Safepoint "G1CollectForAllocation", Time since last: 492979490 ns, Reaching safepoint: 45508 ns, Cleanup: 84491 ns, At safepoint: 8211260 ns, Total: 8341259 ns
[2025-03-19T08:21:45.069+0000][8.593s][debug][safepoint   ] Safepoint synchronization initiated using futex wait barrier. (14 threads)
[2025-03-19T08:21:45.069+0000][8.593s][info ][gc,start    ] GC(24) Pause Young (Mixed) (G1 Evacuation Pause)
[2025-03-19T08:21:45.069+0000][8.593s][info ][gc,task     ] GC(24) Using 4 workers of 4 for evacuation
[2025-03-19T08:21:45.078+0000][8.602s][info ][gc,phases   ] GC(24)   Pre Evacuate Collection Set: 0.1ms
[2025-03-19T08:21:45.078+0000][8.602s][info ][gc,phases   ] GC(24)   Merge Heap Roots: 0.1ms
[2025-03-19T08:21:45.078+0000][8.602s][info ][gc,phases   ] GC(24)   Evacuate Collection Set: 7.9ms
[2025-03-19T08:21:45.078+0000][8.602s][info ][gc,phases   ] GC(24)   Post Evacuate Collection Set: 0.9ms
[2025-03-19T08:21:45.078+0000][8.602s][info ][gc,phases   ] GC(24)   Other: 0.1ms
[2025-03-19T08:21:45.078+0000][8.602s][info ][gc,heap     ] GC(24) Eden regions: 2->0(122)
[2025-03-19T08:21:45.078+0000][8.602s][info ][gc,heap     ] GC(24) Survivor regions: 8->2(2)
[2025-03-19T08:21:45.078+0000][8.602s][info ][gc,heap     ] GC(24) Old regions: 52->58
[2025-03-19T08:21:45.078+0000][8.602s][info ][gc,heap     ] GC(24) Archive regions: 2->2
[2025-03-19T08:21:45.078+0000][8.602s][info ][gc,heap     ] GC(24) Humongous regions: 0->0
[2025-03-19T08:21:45.078+0000][8.602s][info ][gc,metaspace] GC(24) Metaspace: 38955K(39360K)->38955K(39360K) NonClass: 34042K(34240K)->34042K(34240K) Class: 4913K(5120K)->4913K(5120K)
[2025-03-19T08:21:45.078+0000][8.602s][info ][gc          ] GC(24) Pause Young (Mixed) (G1 Evacuation Pause) 62M->59M(215M) 9.060ms
[2025-03-19T08:21:45.078+0000][8.602s][info ][gc,cpu      ] GC(24) User=0.03s Sys=0.00s Real=0.01s
[2025-03-19T08:21:45.078+0000][8.602s][info ][safepoint   ] Safepoint "G1CollectForAllocation", Time since last: 12117137 ns, Reaching safepoint: 29623 ns, Cleanup: 14079 ns, At safepoint: 9102891 ns, Total: 9146593 ns
[2025-03-19T08:21:45.985+0000][9.508s][debug][safepoint   ] Safepoint synchronization initiated using futex wait barrier. (14 threads)
[2025-03-19T08:21:45.985+0000][9.509s][info ][gc,start    ] GC(25) Pause Young (Concurrent Start) (G1 Evacuation Pause)
[2025-03-19T08:21:45.985+0000][9.509s][info ][gc,task     ] GC(25) Using 4 workers of 4 for evacuation
[2025-03-19T08:21:45.992+0000][9.515s][info ][gc,phases   ] GC(25)   Pre Evacuate Collection Set: 0.1ms
[2025-03-19T08:21:45.992+0000][9.515s][info ][gc,phases   ] GC(25)   Merge Heap Roots: 0.1ms
[2025-03-19T08:21:45.992+0000][9.515s][info ][gc,phases   ] GC(25)   Evacuate Collection Set: 3.5ms
[2025-03-19T08:21:45.992+0000][9.515s][info ][gc,phases   ] GC(25)   Post Evacuate Collection Set: 2.8ms
[2025-03-19T08:21:45.992+0000][9.515s][info ][gc,phases   ] GC(25)   Other: 0.1ms
[2025-03-19T08:21:45.992+0000][9.515s][info ][gc,heap     ] GC(25) Eden regions: 122->0(261)
[2025-03-19T08:21:45.992+0000][9.515s][info ][gc,heap     ] GC(25) Survivor regions: 2->2(16)
[2025-03-19T08:21:45.992+0000][9.515s][info ][gc,heap     ] GC(25) Old regions: 58->58
[2025-03-19T08:21:45.992+0000][9.515s][info ][gc,heap     ] GC(25) Archive regions: 2->2
[2025-03-19T08:21:45.992+0000][9.515s][info ][gc,heap     ] GC(25) Humongous regions: 0->0
[2025-03-19T08:21:45.992+0000][9.515s][info ][gc,metaspace] GC(25) Metaspace: 41177K(41600K)->41177K(41600K) NonClass: 35959K(36160K)->35959K(36160K) Class: 5218K(5440K)->5218K(5440K)
[2025-03-19T08:21:45.992+0000][9.515s][info ][gc          ] GC(25) Pause Young (Concurrent Start) (G1 Evacuation Pause) 181M->60M(439M) 6.692ms
[2025-03-19T08:21:45.992+0000][9.515s][info ][gc,cpu      ] GC(25) User=0.01s Sys=0.00s Real=0.00s
[2025-03-19T08:21:45.992+0000][9.515s][info ][gc          ] GC(26) Concurrent Mark Cycle
[2025-03-19T08:21:45.992+0000][9.515s][info ][gc,marking  ] GC(26) Concurrent Clear Claimed Marks
[2025-03-19T08:21:45.992+0000][9.515s][info ][gc,marking  ] GC(26) Concurrent Clear Claimed Marks 0.044ms
[2025-03-19T08:21:45.992+0000][9.515s][info ][gc,marking  ] GC(26) Concurrent Scan Root Regions
[2025-03-19T08:21:45.992+0000][9.515s][info ][safepoint   ] Safepoint "G1CollectForAllocation", Time since last: 906716394 ns, Reaching safepoint: 46602 ns, Cleanup: 119188 ns, At safepoint: 6759177 ns, Total: 6924967 ns
[2025-03-19T08:21:45.995+0000][9.519s][info ][gc,marking  ] GC(26) Concurrent Scan Root Regions 3.122ms
[2025-03-19T08:21:45.995+0000][9.519s][info ][gc,marking  ] GC(26) Concurrent Mark
[2025-03-19T08:21:45.995+0000][9.519s][info ][gc,marking  ] GC(26) Concurrent Mark From Roots
[2025-03-19T08:21:45.995+0000][9.519s][info ][gc,task     ] GC(26) Using 1 workers of 1 for marking
[2025-03-19T08:21:46.095+0000][9.618s][info ][gc,marking  ] GC(26) Concurrent Mark From Roots 99.340ms
[2025-03-19T08:21:46.095+0000][9.618s][info ][gc,marking  ] GC(26) Concurrent Preclean
[2025-03-19T08:21:46.095+0000][9.618s][info ][gc,marking  ] GC(26) Concurrent Preclean 0.267ms
[2025-03-19T08:21:46.095+0000][9.618s][debug][safepoint   ] Safepoint synchronization initiated using futex wait barrier. (14 threads)
[2025-03-19T08:21:46.095+0000][9.618s][info ][gc,start    ] GC(26) Pause Remark
[2025-03-19T08:21:46.099+0000][9.623s][info ][gc          ] GC(26) Pause Remark 73M->73M(254M) 4.309ms
[2025-03-19T08:21:46.099+0000][9.623s][info ][gc,cpu      ] GC(26) User=0.02s Sys=0.00s Real=0.00s
[2025-03-19T08:21:46.100+0000][9.623s][info ][safepoint   ] Safepoint "G1PauseRemark", Time since last: 102911326 ns, Reaching safepoint: 100476 ns, Cleanup: 35803 ns, At safepoint: 4400135 ns, Total: 4536414 ns
[2025-03-19T08:21:46.100+0000][9.623s][info ][gc,marking  ] GC(26) Concurrent Mark 104.600ms
[2025-03-19T08:21:46.100+0000][9.623s][info ][gc,marking  ] GC(26) Concurrent Rebuild Remembered Sets
[2025-03-19T08:21:46.124+0000][9.647s][debug][safepoint   ] ... found polling page loop exception at pc = 0x000076589d1a8cac, stub =0x000076589c98f400
[2025-03-19T08:21:46.157+0000][9.681s][info ][gc,marking  ] GC(26) Concurrent Rebuild Remembered Sets 57.528ms
[2025-03-19T08:21:46.159+0000][9.682s][debug][safepoint   ] Safepoint synchronization initiated using futex wait barrier. (14 threads)
[2025-03-19T08:21:46.159+0000][9.682s][info ][gc,start    ] GC(26) Pause Cleanup
[2025-03-19T08:21:46.159+0000][9.682s][info ][gc          ] GC(26) Pause Cleanup 80M->80M(254M) 0.125ms
[2025-03-19T08:21:46.159+0000][9.682s][info ][gc,cpu      ] GC(26) User=0.00s Sys=0.00s Real=0.00s
[2025-03-19T08:21:46.159+0000][9.682s][info ][safepoint   ] Safepoint "G1PauseCleanup", Time since last: 59166495 ns, Reaching safepoint: 109634 ns, Cleanup: 24316 ns, At safepoint: 157111 ns, Total: 291061 ns
[2025-03-19T08:21:46.160+0000][9.683s][info ][gc,marking  ] GC(26) Concurrent Cleanup for Next Mark
[2025-03-19T08:21:46.161+0000][9.685s][info ][gc,marking  ] GC(26) Concurrent Cleanup for Next Mark 1.609ms
[2025-03-19T08:21:46.161+0000][9.685s][info ][gc          ] GC(26) Concurrent Mark Cycle 169.304ms
[2025-03-19T08:21:46.409+0000][9.932s][debug][safepoint   ] ... found polling page loop exception at pc = 0x00007658958c5359, stub =0x000076589c98f400
[2025-03-19T08:21:47.075+0000][10.599s][debug][safepoint   ] Safepoint synchronization initiated using futex wait barrier. (14 threads)
[2025-03-19T08:21:47.106+0000][10.630s][info ][gc,start    ] GC(27) Pause Young (Prepare Mixed) (G1 Evacuation Pause)
[2025-03-19T08:21:47.106+0000][10.630s][info ][gc,task     ] GC(27) Using 4 workers of 4 for evacuation
[2025-03-19T08:21:47.116+0000][10.640s][info ][gc,phases   ] GC(27)   Pre Evacuate Collection Set: 0.1ms
[2025-03-19T08:21:47.116+0000][10.640s][info ][gc,phases   ] GC(27)   Merge Heap Roots: 0.1ms
[2025-03-19T08:21:47.116+0000][10.640s][info ][gc,phases   ] GC(27)   Evacuate Collection Set: 8.4ms
[2025-03-19T08:21:47.116+0000][10.640s][info ][gc,phases   ] GC(27)   Post Evacuate Collection Set: 1.3ms
[2025-03-19T08:21:47.116+0000][10.640s][info ][gc,phases   ] GC(27)   Other: 0.1ms
[2025-03-19T08:21:47.116+0000][10.640s][info ][gc,heap     ] GC(27) Eden regions: 150->0(7)
[2025-03-19T08:21:47.116+0000][10.640s][info ][gc,heap     ] GC(27) Survivor regions: 2->5(19)
[2025-03-19T08:21:47.116+0000][10.640s][info ][gc,heap     ] GC(27) Old regions: 58->58
[2025-03-19T08:21:47.116+0000][10.640s][info ][gc,heap     ] GC(27) Archive regions: 2->2
[2025-03-19T08:21:47.116+0000][10.640s][info ][gc,heap     ] GC(27) Humongous regions: 0->0
[2025-03-19T08:21:47.116+0000][10.640s][info ][gc,metaspace] GC(27) Metaspace: 44662K(45056K)->44662K(45056K) NonClass: 38946K(39168K)->38946K(39168K) Class: 5715K(5888K)->5715K(5888K)
[2025-03-19T08:21:47.116+0000][10.640s][info ][gc          ] GC(27) Pause Young (Prepare Mixed) (G1 Evacuation Pause) 210M->62M(254M) 10.202ms
[2025-03-19T08:21:47.117+0000][10.640s][info ][gc,cpu      ] GC(27) User=0.03s Sys=0.00s Real=0.01s
[2025-03-19T08:21:47.117+0000][10.640s][info ][safepoint   ] Safepoint "G1CollectForAllocation", Time since last: 916364880 ns, Reaching safepoint: 30743515 ns, Cleanup: 171917 ns, At safepoint: 10263000 ns, Total: 41178432 ns
[2025-03-19T08:21:47.194+0000][10.717s][debug][safepoint   ] Safepoint synchronization initiated using futex wait barrier. (14 threads)
[2025-03-19T08:21:47.194+0000][10.717s][info ][gc,start    ] GC(28) Pause Young (Mixed) (G1 Evacuation Pause)
[2025-03-19T08:21:47.194+0000][10.717s][info ][gc,task     ] GC(28) Using 4 workers of 4 for evacuation
[2025-03-19T08:21:47.206+0000][10.729s][info ][gc,phases   ] GC(28)   Pre Evacuate Collection Set: 0.1ms
[2025-03-19T08:21:47.206+0000][10.729s][info ][gc,phases   ] GC(28)   Merge Heap Roots: 0.1ms
[2025-03-19T08:21:47.206+0000][10.729s][info ][gc,phases   ] GC(28)   Evacuate Collection Set: 10.4ms
[2025-03-19T08:21:47.206+0000][10.729s][info ][gc,phases   ] GC(28)   Post Evacuate Collection Set: 0.9ms
[2025-03-19T08:21:47.206+0000][10.729s][info ][gc,phases   ] GC(28)   Other: 0.1ms
[2025-03-19T08:21:47.206+0000][10.729s][info ][gc,heap     ] GC(28) Eden regions: 7->0(150)
[2025-03-19T08:21:47.206+0000][10.729s][info ][gc,heap     ] GC(28) Survivor regions: 5->2(2)
[2025-03-19T08:21:47.206+0000][10.729s][info ][gc,heap     ] GC(28) Old regions: 58->61
[2025-03-19T08:21:47.206+0000][10.729s][info ][gc,heap     ] GC(28) Archive regions: 2->2
[2025-03-19T08:21:47.206+0000][10.729s][info ][gc,heap     ] GC(28) Humongous regions: 0->0
[2025-03-19T08:21:47.206+0000][10.729s][info ][gc,metaspace] GC(28) Metaspace: 44920K(45376K)->44920K(45376K) NonClass: 39169K(39424K)->39169K(39424K) Class: 5751K(5952K)->5751K(5952K)
[2025-03-19T08:21:47.206+0000][10.729s][info ][gc          ] GC(28) Pause Young (Mixed) (G1 Evacuation Pause) 69M->62M(254M) 11.621ms
[2025-03-19T08:21:47.206+0000][10.729s][info ][gc,cpu      ] GC(28) User=0.05s Sys=0.00s Real=0.02s
[2025-03-19T08:21:47.206+0000][10.729s][info ][safepoint   ] Safepoint "G1CollectForAllocation", Time since last: 77365693 ns, Reaching safepoint: 46780 ns, Cleanup: 13752 ns, At safepoint: 11674935 ns, Total: 11735467 ns
[2025-03-19T08:21:47.937+0000][11.460s][debug][safepoint   ] Safepoint synchronization initiated using futex wait barrier. (14 threads)
[2025-03-19T08:21:47.937+0000][11.461s][info ][safepoint   ] Safepoint "ICBufferFull", Time since last: 731537849 ns, Reaching safepoint: 34664 ns, Cleanup: 98414 ns, At safepoint: 2545 ns, Total: 135623 ns
[2025-03-19T08:21:48.093+0000][11.616s][debug][safepoint   ] Safepoint synchronization initiated using futex wait barrier. (14 threads)
[2025-03-19T08:21:48.093+0000][11.616s][info ][gc,start    ] GC(29) Pause Young (Normal) (G1 Evacuation Pause)
[2025-03-19T08:21:48.093+0000][11.616s][info ][gc,task     ] GC(29) Using 4 workers of 4 for evacuation
[2025-03-19T08:21:48.100+0000][11.623s][info ][gc,phases   ] GC(29)   Pre Evacuate Collection Set: 0.1ms
[2025-03-19T08:21:48.100+0000][11.623s][info ][gc,phases   ] GC(29)   Merge Heap Roots: 0.1ms
[2025-03-19T08:21:48.100+0000][11.623s][info ][gc,phases   ] GC(29)   Evacuate Collection Set: 6.0ms
[2025-03-19T08:21:48.100+0000][11.623s][info ][gc,phases   ] GC(29)   Post Evacuate Collection Set: 0.8ms
[2025-03-19T08:21:48.100+0000][11.623s][info ][gc,phases   ] GC(29)   Other: 0.1ms
[2025-03-19T08:21:48.100+0000][11.623s][info ][gc,heap     ] GC(29) Eden regions: 150->0(148)
[2025-03-19T08:21:48.100+0000][11.623s][info ][gc,heap     ] GC(29) Survivor regions: 2->4(19)
[2025-03-19T08:21:48.100+0000][11.623s][info ][gc,heap     ] GC(29) Old regions: 61->61
[2025-03-19T08:21:48.100+0000][11.623s][info ][gc,heap     ] GC(29) Archive regions: 2->2
[2025-03-19T08:21:48.100+0000][11.623s][info ][gc,heap     ] GC(29) Humongous regions: 0->0
[2025-03-19T08:21:48.100+0000][11.623s][info ][gc,metaspace] GC(29) Metaspace: 51160K(51584K)->51160K(51584K) NonClass: 44633K(44864K)->44633K(44864K) Class: 6526K(6720K)->6526K(6720K)
[2025-03-19T08:21:48.100+0000][11.623s][info ][gc          ] GC(29) Pause Young (Normal) (G1 Evacuation Pause) 212M->64M(254M) 7.193ms
[2025-03-19T08:21:48.100+0000][11.623s][info ][gc,cpu      ] GC(29) User=0.02s Sys=0.00s Real=0.01s
[2025-03-19T08:21:48.100+0000][11.623s][info ][safepoint   ] Safepoint "G1CollectForAllocation", Time since last: 155443592 ns, Reaching safepoint: 45721 ns, Cleanup: 50806 ns, At safepoint: 7239535 ns, Total: 7336062 ns
[2025-03-19T08:21:49.246+0000][12.769s][debug][safepoint   ] Safepoint synchronization initiated using futex wait barrier. (17 threads)
[2025-03-19T08:21:49.246+0000][12.769s][info ][safepoint   ] Safepoint "Cleanup", Time since last: 1145798560 ns, Reaching safepoint: 56922 ns, Cleanup: 45346 ns, At safepoint: 3508 ns, Total: 105776 ns
[2025-03-19T08:21:49.356+0000][12.879s][debug][safepoint   ] ... found polling page loop exception at pc = 0x000076589d195a1e, stub =0x000076589c98eb80
[2025-03-19T08:21:49.407+0000][12.930s][debug][safepoint   ] Safepoint synchronization initiated using futex wait barrier. (17 threads)
[2025-03-19T08:21:49.407+0000][12.930s][info ][safepoint   ] Safepoint "ICBufferFull", Time since last: 161017323 ns, Reaching safepoint: 53334 ns, Cleanup: 139029 ns, At safepoint: 2786 ns, Total: 195149 ns
[2025-03-19T08:21:50.190+0000][13.713s][debug][safepoint   ] Safepoint synchronization initiated using futex wait barrier. (17 threads)
[2025-03-19T08:21:50.190+0000][13.713s][info ][gc,start    ] GC(30) Pause Young (Normal) (G1 Evacuation Pause)
[2025-03-19T08:21:50.190+0000][13.713s][info ][gc,task     ] GC(30) Using 4 workers of 4 for evacuation
[2025-03-19T08:21:50.201+0000][13.725s][info ][gc,phases   ] GC(30)   Pre Evacuate Collection Set: 0.1ms
[2025-03-19T08:21:50.201+0000][13.725s][info ][gc,phases   ] GC(30)   Merge Heap Roots: 0.2ms
[2025-03-19T08:21:50.201+0000][13.725s][info ][gc,phases   ] GC(30)   Evacuate Collection Set: 9.9ms
[2025-03-19T08:21:50.201+0000][13.725s][info ][gc,phases   ] GC(30)   Post Evacuate Collection Set: 1.1ms
[2025-03-19T08:21:50.201+0000][13.725s][info ][gc,phases   ] GC(30)   Other: 0.1ms
[2025-03-19T08:21:50.201+0000][13.725s][info ][gc,heap     ] GC(30) Eden regions: 148->0(145)
[2025-03-19T08:21:50.201+0000][13.725s][info ][gc,heap     ] GC(30) Survivor regions: 4->7(19)
[2025-03-19T08:21:50.201+0000][13.725s][info ][gc,heap     ] GC(30) Old regions: 61->61
[2025-03-19T08:21:50.201+0000][13.725s][info ][gc,heap     ] GC(30) Archive regions: 2->2
[2025-03-19T08:21:50.201+0000][13.725s][info ][gc,heap     ] GC(30) Humongous regions: 0->0
[2025-03-19T08:21:50.201+0000][13.725s][info ][gc,metaspace] GC(30) Metaspace: 56558K(56960K)->56558K(56960K) NonClass: 49379K(49600K)->49379K(49600K) Class: 7178K(7360K)->7178K(7360K)
[2025-03-19T08:21:50.201+0000][13.725s][info ][gc          ] GC(30) Pause Young (Normal) (G1 Evacuation Pause) 212M->67M(254M) 11.367ms
[2025-03-19T08:21:50.201+0000][13.725s][info ][gc,cpu      ] GC(30) User=0.04s Sys=0.00s Real=0.01s
[2025-03-19T08:21:50.201+0000][13.725s][info ][safepoint   ] Safepoint "G1CollectForAllocation", Time since last: 782631305 ns, Reaching safepoint: 48402 ns, Cleanup: 107799 ns, At safepoint: 11444238 ns, Total: 11600439 ns
[2025-03-19T08:21:50.949+0000][14.472s][debug][safepoint   ] Safepoint synchronization initiated using futex wait barrier. (20 threads)
[2025-03-19T08:21:50.949+0000][14.473s][info ][gc,start    ] GC(31) Pause Young (Normal) (G1 Evacuation Pause)
[2025-03-19T08:21:50.949+0000][14.473s][info ][gc,task     ] GC(31) Using 4 workers of 4 for evacuation
[2025-03-19T08:21:50.959+0000][14.482s][info ][gc,phases   ] GC(31)   Pre Evacuate Collection Set: 0.1ms
[2025-03-19T08:21:50.959+0000][14.482s][info ][gc,phases   ] GC(31)   Merge Heap Roots: 0.1ms
[2025-03-19T08:21:50.959+0000][14.482s][info ][gc,phases   ] GC(31)   Evacuate Collection Set: 7.7ms
[2025-03-19T08:21:50.959+0000][14.482s][info ][gc,phases   ] GC(31)   Post Evacuate Collection Set: 1.4ms
[2025-03-19T08:21:50.959+0000][14.482s][info ][gc,phases   ] GC(31)   Other: 0.1ms
[2025-03-19T08:21:50.959+0000][14.482s][info ][gc,heap     ] GC(31) Eden regions: 145->0(143)
[2025-03-19T08:21:50.959+0000][14.482s][info ][gc,heap     ] GC(31) Survivor regions: 7->9(19)
[2025-03-19T08:21:50.959+0000][14.482s][info ][gc,heap     ] GC(31) Old regions: 61->61
[2025-03-19T08:21:50.959+0000][14.482s][info ][gc,heap     ] GC(31) Archive regions: 2->2
[2025-03-19T08:21:50.959+0000][14.482s][info ][gc,heap     ] GC(31) Humongous regions: 0->0
[2025-03-19T08:21:50.959+0000][14.482s][info ][gc,metaspace] GC(31) Metaspace: 62441K(62912K)->62441K(62912K) NonClass: 54476K(54720K)->54476K(54720K) Class: 7964K(8192K)->7964K(8192K)
[2025-03-19T08:21:50.959+0000][14.482s][info ][gc          ] GC(31) Pause Young (Normal) (G1 Evacuation Pause) 212M->69M(254M) 9.433ms
[2025-03-19T08:21:50.959+0000][14.482s][info ][gc,cpu      ] GC(31) User=0.03s Sys=0.00s Real=0.01s
[2025-03-19T08:21:50.959+0000][14.482s][info ][safepoint   ] Safepoint "G1CollectForAllocation", Time since last: 747709012 ns, Reaching safepoint: 42186 ns, Cleanup: 70975 ns, At safepoint: 9498158 ns, Total: 9611319 ns
[2025-03-19T08:21:51.603+0000][15.127s][debug][safepoint   ] Safepoint synchronization initiated using futex wait barrier. (19 threads)
[2025-03-19T08:21:51.604+0000][15.128s][info ][gc,start    ] GC(32) Pause Young (Normal) (G1 Evacuation Pause)
[2025-03-19T08:21:51.604+0000][15.128s][info ][gc,task     ] GC(32) Using 4 workers of 4 for evacuation
[2025-03-19T08:21:51.614+0000][15.137s][info ][gc,phases   ] GC(32)   Pre Evacuate Collection Set: 0.1ms
[2025-03-19T08:21:51.614+0000][15.137s][info ][gc,phases   ] GC(32)   Merge Heap Roots: 0.1ms
[2025-03-19T08:21:51.614+0000][15.137s][info ][gc,phases   ] GC(32)   Evacuate Collection Set: 8.4ms
[2025-03-19T08:21:51.614+0000][15.137s][info ][gc,phases   ] GC(32)   Post Evacuate Collection Set: 1.0ms
[2025-03-19T08:21:51.614+0000][15.137s][info ][gc,phases   ] GC(32)   Other: 0.1ms
[2025-03-19T08:21:51.614+0000][15.137s][info ][gc,heap     ] GC(32) Eden regions: 143->0(143)
[2025-03-19T08:21:51.614+0000][15.137s][info ][gc,heap     ] GC(32) Survivor regions: 9->9(19)
[2025-03-19T08:21:51.614+0000][15.137s][info ][gc,heap     ] GC(32) Old regions: 61->61
[2025-03-19T08:21:51.614+0000][15.137s][info ][gc,heap     ] GC(32) Archive regions: 2->2
[2025-03-19T08:21:51.614+0000][15.137s][info ][gc,heap     ] GC(32) Humongous regions: 0->0
[2025-03-19T08:21:51.614+0000][15.137s][info ][gc,metaspace] GC(32) Metaspace: 64472K(64960K)->64472K(64960K) NonClass: 56193K(56448K)->56193K(56448K) Class: 8279K(8512K)->8279K(8512K)
[2025-03-19T08:21:51.614+0000][15.137s][info ][gc          ] GC(32) Pause Young (Normal) (G1 Evacuation Pause) 212M->69M(254M) 9.691ms
[2025-03-19T08:21:51.614+0000][15.137s][info ][gc,cpu      ] GC(32) User=0.03s Sys=0.00s Real=0.00s
[2025-03-19T08:21:51.614+0000][15.137s][info ][safepoint   ] Safepoint "G1CollectForAllocation", Time since last: 644530529 ns, Reaching safepoint: 45356 ns, Cleanup: 913012 ns, At safepoint: 9743453 ns, Total: 10701821 ns
[2025-03-19T08:21:52.027+0000][15.550s][debug][safepoint   ] Safepoint synchronization initiated using futex wait barrier. (20 threads)
[2025-03-19T08:21:52.027+0000][15.550s][info ][safepoint   ] Safepoint "ICBufferFull", Time since last: 412896400 ns, Reaching safepoint: 46676 ns, Cleanup: 107243 ns, At safepoint: 3486 ns, Total: 157405 ns
[2025-03-19T08:21:52.335+0000][15.858s][debug][safepoint   ] Safepoint synchronization initiated using futex wait barrier. (20 threads)
[2025-03-19T08:21:52.335+0000][15.858s][info ][gc,start    ] GC(33) Pause Young (Normal) (G1 Evacuation Pause)
[2025-03-19T08:21:52.335+0000][15.858s][info ][gc,task     ] GC(33) Using 4 workers of 4 for evacuation
[2025-03-19T08:21:52.347+0000][15.870s][info ][gc,phases   ] GC(33)   Pre Evacuate Collection Set: 0.1ms
[2025-03-19T08:21:52.365+0000][15.889s][info ][gc,phases   ] GC(33)   Merge Heap Roots: 0.1ms
[2025-03-19T08:21:52.365+0000][15.889s][info ][gc,phases   ] GC(33)   Evacuate Collection Set: 10.6ms
[2025-03-19T08:21:52.365+0000][15.889s][info ][gc,phases   ] GC(33)   Post Evacuate Collection Set: 1.1ms
[2025-03-19T08:21:52.366+0000][15.889s][info ][gc,phases   ] GC(33)   Other: 0.1ms
[2025-03-19T08:21:52.366+0000][15.889s][info ][gc,heap     ] GC(33) Eden regions: 143->0(140)
[2025-03-19T08:21:52.366+0000][15.889s][info ][gc,heap     ] GC(33) Survivor regions: 9->12(19)
[2025-03-19T08:21:52.366+0000][15.889s][info ][gc,heap     ] GC(33) Old regions: 61->61
[2025-03-19T08:21:52.366+0000][15.889s][info ][gc,heap     ] GC(33) Archive regions: 2->2
[2025-03-19T08:21:52.366+0000][15.889s][info ][gc,heap     ] GC(33) Humongous regions: 0->0
[2025-03-19T08:21:52.366+0000][15.889s][info ][gc,metaspace] GC(33) Metaspace: 68360K(68864K)->68360K(68864K) NonClass: 59605K(59840K)->59605K(59840K) Class: 8755K(9024K)->8755K(9024K)
[2025-03-19T08:21:52.366+0000][15.889s][info ][gc          ] GC(33) Pause Young (Normal) (G1 Evacuation Pause) 212M->73M(254M) 30.750ms
[2025-03-19T08:21:52.366+0000][15.889s][info ][gc,cpu      ] GC(33) User=0.04s Sys=0.00s Real=0.03s
[2025-03-19T08:21:52.366+0000][15.889s][info ][safepoint   ] Safepoint "G1CollectForAllocation", Time since last: 307542848 ns, Reaching safepoint: 149358 ns, Cleanup: 82843 ns, At safepoint: 30834138 ns, Total: 31066339 ns
[2025-03-19T08:21:52.632+0000][16.156s][debug][safepoint   ] Safepoint synchronization initiated using futex wait barrier. (20 threads)
[2025-03-19T08:21:52.632+0000][16.156s][info ][gc,start    ] GC(34) Pause Young (Concurrent Start) (Metadata GC Threshold)
[2025-03-19T08:21:52.632+0000][16.156s][info ][gc,task     ] GC(34) Using 4 workers of 4 for evacuation
[2025-03-19T08:21:52.645+0000][16.169s][info ][gc,phases   ] GC(34)   Pre Evacuate Collection Set: 0.1ms
[2025-03-19T08:21:52.645+0000][16.169s][info ][gc,phases   ] GC(34)   Merge Heap Roots: 0.1ms
[2025-03-19T08:21:52.645+0000][16.169s][info ][gc,phases   ] GC(34)   Evacuate Collection Set: 11.6ms
[2025-03-19T08:21:52.645+0000][16.169s][info ][gc,phases   ] GC(34)   Post Evacuate Collection Set: 1.0ms
[2025-03-19T08:21:52.645+0000][16.169s][info ][gc,phases   ] GC(34)   Other: 0.1ms
[2025-03-19T08:21:52.645+0000][16.169s][info ][gc,heap     ] GC(34) Eden regions: 41->0(140)
[2025-03-19T08:21:52.645+0000][16.169s][info ][gc,heap     ] GC(34) Survivor regions: 12->10(19)
[2025-03-19T08:21:52.645+0000][16.169s][info ][gc,heap     ] GC(34) Old regions: 61->64
[2025-03-19T08:21:52.645+0000][16.169s][info ][gc,heap     ] GC(34) Archive regions: 2->2
[2025-03-19T08:21:52.645+0000][16.169s][info ][gc,heap     ] GC(34) Humongous regions: 0->0
[2025-03-19T08:21:52.645+0000][16.169s][info ][gc,metaspace] GC(34) Metaspace: 69306K(69760K)->69306K(69760K) NonClass: 60427K(60672K)->60427K(60672K) Class: 8879K(9088K)->8879K(9088K)
[2025-03-19T08:21:52.645+0000][16.169s][info ][gc          ] GC(34) Pause Young (Concurrent Start) (Metadata GC Threshold) 114M->74M(254M) 12.881ms
[2025-03-19T08:21:52.645+0000][16.169s][info ][gc,cpu      ] GC(34) User=0.04s Sys=0.00s Real=0.02s
[2025-03-19T08:21:52.645+0000][16.169s][info ][gc          ] GC(35) Concurrent Mark Cycle
[2025-03-19T08:21:52.645+0000][16.169s][info ][gc,marking  ] GC(35) Concurrent Clear Claimed Marks
[2025-03-19T08:21:52.645+0000][16.169s][info ][safepoint   ] Safepoint "CollectForMetadataAllocation", Time since last: 266721346 ns, Reaching safepoint: 42074 ns, Cleanup: 60526 ns, At safepoint: 12970732 ns, Total: 13073332 ns
[2025-03-19T08:21:52.645+0000][16.169s][info ][gc,marking  ] GC(35) Concurrent Clear Claimed Marks 0.052ms
[2025-03-19T08:21:52.645+0000][16.169s][info ][gc,marking  ] GC(35) Concurrent Scan Root Regions
[2025-03-19T08:21:52.659+0000][16.182s][info ][gc,marking  ] GC(35) Concurrent Scan Root Regions 13.270ms
[2025-03-19T08:21:52.659+0000][16.182s][info ][gc,marking  ] GC(35) Concurrent Mark
[2025-03-19T08:21:52.659+0000][16.182s][info ][gc,marking  ] GC(35) Concurrent Mark From Roots
[2025-03-19T08:21:52.659+0000][16.182s][info ][gc,task     ] GC(35) Using 1 workers of 1 for marking
[2025-03-19T08:21:52.702+0000][16.226s][debug][safepoint   ] Safepoint synchronization initiated using futex wait barrier. (20 threads)
[2025-03-19T08:21:52.702+0000][16.226s][info ][safepoint   ] Safepoint "CollectForMetadataAllocation", Time since last: 56734868 ns, Reaching safepoint: 99116 ns, Cleanup: 27839 ns, At safepoint: 27547 ns, Total: 154502 ns
[2025-03-19T08:21:52.737+0000][16.260s][debug][safepoint   ] Safepoint synchronization initiated using futex wait barrier. (20 threads)
[2025-03-19T08:21:52.737+0000][16.260s][info ][safepoint   ] Safepoint "CollectForMetadataAllocation", Time since last: 34394312 ns, Reaching safepoint: 81599 ns, Cleanup: 11858 ns, At safepoint: 31511 ns, Total: 124968 ns
[2025-03-19T08:21:52.763+0000][16.286s][debug][safepoint   ] Safepoint synchronization initiated using futex wait barrier. (20 threads)
[2025-03-19T08:21:52.763+0000][16.286s][info ][safepoint   ] Safepoint "CollectForMetadataAllocation", Time since last: 26227396 ns, Reaching safepoint: 60371 ns, Cleanup: 9393 ns, At safepoint: 29623 ns, Total: 99387 ns
[2025-03-19T08:21:52.765+0000][16.289s][info ][gc,marking  ] GC(35) Concurrent Mark From Roots 106.572ms
[2025-03-19T08:21:52.765+0000][16.289s][info ][gc,marking  ] GC(35) Concurrent Preclean
[2025-03-19T08:21:52.766+0000][16.289s][info ][gc,marking  ] GC(35) Concurrent Preclean 0.289ms
[2025-03-19T08:21:52.766+0000][16.289s][debug][safepoint   ] Safepoint synchronization initiated using futex wait barrier. (20 threads)
[2025-03-19T08:21:52.766+0000][16.289s][info ][gc,start    ] GC(35) Pause Remark
[2025-03-19T08:21:52.771+0000][16.294s][info ][gc          ] GC(35) Pause Remark 95M->95M(254M) 5.293ms
[2025-03-19T08:21:52.771+0000][16.294s][info ][gc,cpu      ] GC(35) User=0.02s Sys=0.00s Real=0.00s
[2025-03-19T08:21:52.771+0000][16.295s][info ][safepoint   ] Safepoint "G1PauseRemark", Time since last: 2590368 ns, Reaching safepoint: 81260 ns, Cleanup: 4121 ns, At safepoint: 5369651 ns, Total: 5455032 ns
[2025-03-19T08:21:52.771+0000][16.295s][info ][gc,marking  ] GC(35) Concurrent Mark 112.454ms
[2025-03-19T08:21:52.771+0000][16.295s][info ][gc,marking  ] GC(35) Concurrent Rebuild Remembered Sets
[2025-03-19T08:21:52.838+0000][16.361s][info ][gc,marking  ] GC(35) Concurrent Rebuild Remembered Sets 66.253ms
[2025-03-19T08:21:52.838+0000][16.361s][debug][safepoint   ] Safepoint synchronization initiated using futex wait barrier. (20 threads)
[2025-03-19T08:21:52.838+0000][16.361s][info ][gc,start    ] GC(35) Pause Cleanup
[2025-03-19T08:21:52.838+0000][16.361s][info ][gc          ] GC(35) Pause Cleanup 110M->110M(254M) 0.089ms
[2025-03-19T08:21:52.838+0000][16.361s][info ][gc,cpu      ] GC(35) User=0.00s Sys=0.00s Real=0.00s
[2025-03-19T08:21:52.838+0000][16.361s][info ][safepoint   ] Safepoint "G1PauseCleanup", Time since last: 66381335 ns, Reaching safepoint: 86934 ns, Cleanup: 10481 ns, At safepoint: 115476 ns, Total: 212891 ns
[2025-03-19T08:21:52.838+0000][16.361s][info ][gc,marking  ] GC(35) Concurrent Cleanup for Next Mark
[2025-03-19T08:21:52.838+0000][16.362s][info ][gc,marking  ] GC(35) Concurrent Cleanup for Next Mark 0.535ms
[2025-03-19T08:21:52.838+0000][16.362s][info ][gc          ] GC(35) Concurrent Mark Cycle 192.994ms
[2025-03-19T08:21:53.037+0000][16.561s][debug][safepoint   ] Safepoint synchronization initiated using futex wait barrier. (20 threads)
[2025-03-19T08:21:53.038+0000][16.561s][info ][safepoint   ] Safepoint "ICBufferFull", Time since last: 199545240 ns, Reaching safepoint: 46533 ns, Cleanup: 114758 ns, At safepoint: 5320 ns, Total: 166611 ns
[2025-03-19T08:21:53.434+0000][16.957s][debug][safepoint   ] Safepoint synchronization initiated using futex wait barrier. (20 threads)
[2025-03-19T08:21:53.434+0000][16.957s][info ][gc,start    ] GC(36) Pause Young (Prepare Mixed) (G1 Evacuation Pause)
[2025-03-19T08:21:53.434+0000][16.957s][info ][gc,task     ] GC(36) Using 4 workers of 4 for evacuation
[2025-03-19T08:21:53.446+0000][16.969s][info ][gc,phases   ] GC(36)   Pre Evacuate Collection Set: 0.1ms
[2025-03-19T08:21:53.446+0000][16.969s][info ][gc,phases   ] GC(36)   Merge Heap Roots: 0.1ms
[2025-03-19T08:21:53.446+0000][16.969s][info ][gc,phases   ] GC(36)   Evacuate Collection Set: 10.2ms
[2025-03-19T08:21:53.446+0000][16.969s][info ][gc,phases   ] GC(36)   Post Evacuate Collection Set: 1.1ms
[2025-03-19T08:21:53.446+0000][16.969s][info ][gc,phases   ] GC(36)   Other: 0.1ms
[2025-03-19T08:21:53.446+0000][16.969s][info ][gc,heap     ] GC(36) Eden regions: 140->0(1)
[2025-03-19T08:21:53.446+0000][16.969s][info ][gc,heap     ] GC(36) Survivor regions: 10->12(19)
[2025-03-19T08:21:53.446+0000][16.969s][info ][gc,heap     ] GC(36) Old regions: 64->64
[2025-03-19T08:21:53.446+0000][16.969s][info ][gc,heap     ] GC(36) Archive regions: 2->2
[2025-03-19T08:21:53.446+0000][16.969s][info ][gc,heap     ] GC(36) Humongous regions: 0->0
[2025-03-19T08:21:53.446+0000][16.969s][info ][gc,metaspace] GC(36) Metaspace: 73803K(74240K)->73803K(74240K) NonClass: 64364K(64576K)->64364K(64576K) Class: 9439K(9664K)->9439K(9664K)
[2025-03-19T08:21:53.446+0000][16.969s][info ][gc          ] GC(36) Pause Young (Prepare Mixed) (G1 Evacuation Pause) 214M->76M(254M) 11.620ms
[2025-03-19T08:21:53.446+0000][16.969s][info ][gc,cpu      ] GC(36) User=0.04s Sys=0.00s Real=0.01s
[2025-03-19T08:21:53.446+0000][16.969s][info ][safepoint   ] Safepoint "G1CollectForAllocation", Time since last: 396331523 ns, Reaching safepoint: 36167 ns, Cleanup: 121069 ns, At safepoint: 11663320 ns, Total: 11820556 ns
[2025-03-19T08:21:53.451+0000][16.974s][debug][safepoint   ] Safepoint synchronization initiated using futex wait barrier. (20 threads)
[2025-03-19T08:21:53.451+0000][16.974s][info ][gc,start    ] GC(37) Pause Young (Mixed) (G1 Evacuation Pause)
[2025-03-19T08:21:53.451+0000][16.974s][info ][gc,task     ] GC(37) Using 4 workers of 4 for evacuation
[2025-03-19T08:21:53.468+0000][16.991s][info ][gc,phases   ] GC(37)   Pre Evacuate Collection Set: 0.1ms
[2025-03-19T08:21:53.468+0000][16.991s][info ][gc,phases   ] GC(37)   Merge Heap Roots: 0.1ms
[2025-03-19T08:21:53.468+0000][16.991s][info ][gc,phases   ] GC(37)   Evacuate Collection Set: 15.7ms
[2025-03-19T08:21:53.468+0000][16.991s][info ][gc,phases   ] GC(37)   Post Evacuate Collection Set: 1.0ms
[2025-03-19T08:21:53.468+0000][16.991s][info ][gc,phases   ] GC(37)   Other: 0.1ms
[2025-03-19T08:21:53.468+0000][16.991s][info ][gc,heap     ] GC(37) Eden regions: 1->0(141)
[2025-03-19T08:21:53.468+0000][16.991s][info ][gc,heap     ] GC(37) Survivor regions: 12->2(2)
[2025-03-19T08:21:53.468+0000][16.991s][info ][gc,heap     ] GC(37) Old regions: 64->73
[2025-03-19T08:21:53.468+0000][16.991s][info ][gc,heap     ] GC(37) Archive regions: 2->2
[2025-03-19T08:21:53.468+0000][16.991s][info ][gc,heap     ] GC(37) Humongous regions: 0->0
[2025-03-19T08:21:53.468+0000][16.991s][info ][gc,metaspace] GC(37) Metaspace: 73848K(74304K)->73848K(74304K) NonClass: 64405K(64640K)->64405K(64640K) Class: 9442K(9664K)->9442K(9664K)
[2025-03-19T08:21:53.468+0000][16.991s][info ][gc          ] GC(37) Pause Young (Mixed) (G1 Evacuation Pause) 77M->75M(254M) 17.023ms
[2025-03-19T08:21:53.468+0000][16.991s][info ][gc,cpu      ] GC(37) User=0.07s Sys=0.00s Real=0.02s
[2025-03-19T08:21:53.468+0000][16.991s][info ][safepoint   ] Safepoint "G1CollectForAllocation", Time since last: 5172764 ns, Reaching safepoint: 34127 ns, Cleanup: 2982 ns, At safepoint: 17084339 ns, Total: 17121448 ns
[2025-03-19T08:21:53.928+0000][17.451s][debug][safepoint   ] Safepoint synchronization initiated using futex wait barrier. (20 threads)
[2025-03-19T08:21:53.928+0000][17.451s][info ][gc,start    ] GC(38) Pause Young (Concurrent Start) (G1 Evacuation Pause)
[2025-03-19T08:21:53.928+0000][17.451s][info ][gc,task     ] GC(38) Using 4 workers of 4 for evacuation
[2025-03-19T08:21:53.933+0000][17.456s][info ][gc,phases   ] GC(38)   Pre Evacuate Collection Set: 0.1ms
[2025-03-19T08:21:53.933+0000][17.456s][info ][gc,phases   ] GC(38)   Merge Heap Roots: 0.1ms
[2025-03-19T08:21:53.933+0000][17.456s][info ][gc,phases   ] GC(38)   Evacuate Collection Set: 3.9ms
[2025-03-19T08:21:53.933+0000][17.456s][info ][gc,phases   ] GC(38)   Post Evacuate Collection Set: 0.7ms
[2025-03-19T08:21:53.933+0000][17.456s][info ][gc,phases   ] GC(38)   Other: 0.1ms
[2025-03-19T08:21:53.933+0000][17.456s][info ][gc,heap     ] GC(38) Eden regions: 141->0(142)
[2025-03-19T08:21:53.933+0000][17.456s][info ][gc,heap     ] GC(38) Survivor regions: 2->2(18)
[2025-03-19T08:21:53.933+0000][17.456s][info ][gc,heap     ] GC(38) Old regions: 73->73
[2025-03-19T08:21:53.933+0000][17.456s][info ][gc,heap     ] GC(38) Archive regions: 2->2
[2025-03-19T08:21:53.933+0000][17.456s][info ][gc,heap     ] GC(38) Humongous regions: 0->0
[2025-03-19T08:21:53.933+0000][17.456s][info ][gc,metaspace] GC(38) Metaspace: 77707K(78208K)->77707K(78208K) NonClass: 67527K(67776K)->67527K(67776K) Class: 10180K(10432K)->10180K(10432K)
[2025-03-19T08:21:53.933+0000][17.456s][info ][gc          ] GC(38) Pause Young (Concurrent Start) (G1 Evacuation Pause) 216M->74M(254M) 4.924ms
[2025-03-19T08:21:53.933+0000][17.456s][info ][gc,cpu      ] GC(38) User=0.01s Sys=0.00s Real=0.00s
[2025-03-19T08:21:53.933+0000][17.456s][info ][gc          ] GC(39) Concurrent Mark Cycle
[2025-03-19T08:21:53.933+0000][17.456s][info ][safepoint   ] Safepoint "G1CollectForAllocation", Time since last: 459667152 ns, Reaching safepoint: 36289 ns, Cleanup: 56502 ns, At safepoint: 4971102 ns, Total: 5063893 ns
[2025-03-19T08:21:53.933+0000][17.456s][info ][gc,marking  ] GC(39) Concurrent Clear Claimed Marks
[2025-03-19T08:21:53.933+0000][17.456s][info ][gc,marking  ] GC(39) Concurrent Clear Claimed Marks 0.060ms
[2025-03-19T08:21:53.933+0000][17.456s][info ][gc,marking  ] GC(39) Concurrent Scan Root Regions
[2025-03-19T08:21:53.935+0000][17.459s][info ][gc,marking  ] GC(39) Concurrent Scan Root Regions 2.570ms
[2025-03-19T08:21:53.935+0000][17.459s][info ][gc,marking  ] GC(39) Concurrent Mark
[2025-03-19T08:21:53.935+0000][17.459s][info ][gc,marking  ] GC(39) Concurrent Mark From Roots
[2025-03-19T08:21:53.935+0000][17.459s][info ][gc,task     ] GC(39) Using 1 workers of 1 for marking
[2025-03-19T08:21:54.047+0000][17.570s][info ][gc,marking  ] GC(39) Concurrent Mark From Roots 111.291ms
[2025-03-19T08:21:54.047+0000][17.570s][info ][gc,marking  ] GC(39) Concurrent Preclean
[2025-03-19T08:21:54.047+0000][17.570s][info ][gc,marking  ] GC(39) Concurrent Preclean 0.306ms
[2025-03-19T08:21:54.047+0000][17.570s][debug][safepoint   ] Safepoint synchronization initiated using futex wait barrier. (19 threads)
[2025-03-19T08:21:54.047+0000][17.570s][debug][safepoint   ] ... found polling page loop exception at pc = 0x000076589d1a8cac, stub =0x000076589c98f400
[2025-03-19T08:21:54.047+0000][17.570s][info ][gc,start    ] GC(39) Pause Remark
[2025-03-19T08:21:54.053+0000][17.577s][info ][gc          ] GC(39) Pause Remark 100M->100M(254M) 6.240ms
[2025-03-19T08:21:54.054+0000][17.577s][info ][gc,cpu      ] GC(39) User=0.02s Sys=0.00s Real=0.00s
[2025-03-19T08:21:54.054+0000][17.577s][info ][safepoint   ] Safepoint "G1PauseRemark", Time since last: 114366134 ns, Reaching safepoint: 91178 ns, Cleanup: 45677 ns, At safepoint: 6330957 ns, Total: 6467812 ns
[2025-03-19T08:21:54.054+0000][17.577s][info ][gc,marking  ] GC(39) Concurrent Mark 118.204ms
[2025-03-19T08:21:54.054+0000][17.577s][info ][gc,marking  ] GC(39) Concurrent Rebuild Remembered Sets
[2025-03-19T08:21:54.124+0000][17.648s][info ][gc,marking  ] GC(39) Concurrent Rebuild Remembered Sets 70.759ms
[2025-03-19T08:21:54.124+0000][17.648s][debug][safepoint   ] Safepoint synchronization initiated using futex wait barrier. (19 threads)
[2025-03-19T08:21:54.124+0000][17.648s][debug][safepoint   ] ... found polling page loop exception at pc = 0x000076589d1a8dca, stub =0x000076589c98f400
[2025-03-19T08:21:54.125+0000][17.648s][info ][gc,start    ] GC(39) Pause Cleanup
[2025-03-19T08:21:54.125+0000][17.648s][info ][gc          ] GC(39) Pause Cleanup 119M->119M(254M) 0.139ms
[2025-03-19T08:21:54.125+0000][17.648s][info ][gc,cpu      ] GC(39) User=0.00s Sys=0.00s Real=0.00s
[2025-03-19T08:21:54.125+0000][17.648s][info ][safepoint   ] Safepoint "G1PauseCleanup", Time since last: 70880816 ns, Reaching safepoint: 83630 ns, Cleanup: 37645 ns, At safepoint: 175759 ns, Total: 297034 ns
[2025-03-19T08:21:54.125+0000][17.648s][info ][gc,marking  ] GC(39) Concurrent Cleanup for Next Mark
[2025-03-19T08:21:54.125+0000][17.648s][info ][gc,marking  ] GC(39) Concurrent Cleanup for Next Mark 0.293ms
[2025-03-19T08:21:54.125+0000][17.648s][info ][gc          ] GC(39) Concurrent Mark Cycle 192.351ms
[2025-03-19T08:21:54.232+0000][17.755s][debug][safepoint   ] Safepoint synchronization initiated using futex wait barrier. (20 threads)
[2025-03-19T08:21:54.232+0000][17.755s][info ][safepoint   ] Safepoint "ICBufferFull", Time since last: 107178269 ns, Reaching safepoint: 120084 ns, Cleanup: 131279 ns, At safepoint: 4832 ns, Total: 256195 ns
[2025-03-19T08:21:54.294+0000][17.818s][debug][safepoint   ] Safepoint synchronization initiated using futex wait barrier. (20 threads)
[2025-03-19T08:21:54.294+0000][17.818s][info ][safepoint   ] Safepoint "ICBufferFull", Time since last: 62078705 ns, Reaching safepoint: 42836 ns, Cleanup: 88831 ns, At safepoint: 2068 ns, Total: 133735 ns
[2025-03-19T08:21:54.365+0000][17.889s][debug][safepoint   ] Safepoint synchronization initiated using futex wait barrier. (20 threads)
[2025-03-19T08:21:54.365+0000][17.889s][info ][safepoint   ] Safepoint "ICBufferFull", Time since last: 70898424 ns, Reaching safepoint: 45500 ns, Cleanup: 130178 ns, At safepoint: 2933 ns, Total: 178611 ns
[2025-03-19T08:21:54.500+0000][18.023s][debug][safepoint   ] Safepoint synchronization initiated using futex wait barrier. (20 threads)
[2025-03-19T08:21:54.501+0000][18.024s][info ][safepoint   ] Safepoint "ICBufferFull", Time since last: 134290734 ns, Reaching safepoint: 47117 ns, Cleanup: 893368 ns, At safepoint: 9456 ns, Total: 949941 ns
[2025-03-19T08:21:54.661+0000][18.184s][debug][safepoint   ] Safepoint synchronization initiated using futex wait barrier. (20 threads)
[2025-03-19T08:21:54.661+0000][18.184s][info ][safepoint   ] Safepoint "ICBufferFull", Time since last: 160374318 ns, Reaching safepoint: 39039 ns, Cleanup: 102370 ns, At safepoint: 2279 ns, Total: 143688 ns
[2025-03-19T08:21:54.755+0000][18.279s][debug][safepoint   ] Safepoint synchronization initiated using futex wait barrier. (20 threads)
[2025-03-19T08:21:54.756+0000][18.279s][info ][gc,start    ] GC(40) Pause Young (Prepare Mixed) (G1 Evacuation Pause)
[2025-03-19T08:21:54.756+0000][18.279s][info ][gc,task     ] GC(40) Using 4 workers of 4 for evacuation
[2025-03-19T08:21:54.761+0000][18.284s][info ][gc,phases   ] GC(40)   Pre Evacuate Collection Set: 0.1ms
[2025-03-19T08:21:54.761+0000][18.284s][info ][gc,phases   ] GC(40)   Merge Heap Roots: 0.1ms
[2025-03-19T08:21:54.761+0000][18.284s][info ][gc,phases   ] GC(40)   Evacuate Collection Set: 4.3ms
[2025-03-19T08:21:54.761+0000][18.284s][info ][gc,phases   ] GC(40)   Post Evacuate Collection Set: 0.7ms
[2025-03-19T08:21:54.761+0000][18.284s][info ][gc,phases   ] GC(40)   Other: 0.1ms
[2025-03-19T08:21:54.761+0000][18.284s][info ][gc,heap     ] GC(40) Eden regions: 142->0(9)
[2025-03-19T08:21:54.761+0000][18.284s][info ][gc,heap     ] GC(40) Survivor regions: 2->3(18)
[2025-03-19T08:21:54.761+0000][18.284s][info ][gc,heap     ] GC(40) Old regions: 73->73
[2025-03-19T08:21:54.761+0000][18.284s][info ][gc,heap     ] GC(40) Archive regions: 2->2
[2025-03-19T08:21:54.761+0000][18.284s][info ][gc,heap     ] GC(40) Humongous regions: 0->0
[2025-03-19T08:21:54.761+0000][18.284s][info ][gc,metaspace] GC(40) Metaspace: 80091K(80576K)->80091K(80576K) NonClass: 69596K(69824K)->69596K(69824K) Class: 10494K(10752K)->10494K(10752K)
[2025-03-19T08:21:54.761+0000][18.284s][info ][gc          ] GC(40) Pause Young (Prepare Mixed) (G1 Evacuation Pause) 216M->75M(254M) 5.320ms
[2025-03-19T08:21:54.761+0000][18.284s][info ][gc,cpu      ] GC(40) User=0.02s Sys=0.00s Real=0.00s
[2025-03-19T08:21:54.761+0000][18.284s][info ][safepoint   ] Safepoint "G1CollectForAllocation", Time since last: 94299144 ns, Reaching safepoint: 40402 ns, Cleanup: 42866 ns, At safepoint: 5363646 ns, Total: 5446914 ns
[2025-03-19T08:21:54.800+0000][18.324s][debug][safepoint   ] Safepoint synchronization initiated using futex wait barrier. (20 threads)
[2025-03-19T08:21:54.800+0000][18.324s][info ][gc,start    ] GC(41) Pause Young (Mixed) (G1 Evacuation Pause)
[2025-03-19T08:21:54.800+0000][18.324s][info ][gc,task     ] GC(41) Using 4 workers of 4 for evacuation
[2025-03-19T08:21:54.806+0000][18.330s][info ][gc,phases   ] GC(41)   Pre Evacuate Collection Set: 0.1ms
[2025-03-19T08:21:54.806+0000][18.330s][info ][gc,phases   ] GC(41)   Merge Heap Roots: 0.1ms
[2025-03-19T08:21:54.806+0000][18.330s][info ][gc,phases   ] GC(41)   Evacuate Collection Set: 4.7ms
[2025-03-19T08:21:54.806+0000][18.330s][info ][gc,phases   ] GC(41)   Post Evacuate Collection Set: 1.1ms
[2025-03-19T08:21:54.806+0000][18.330s][info ][gc,phases   ] GC(41)   Other: 0.1ms
[2025-03-19T08:21:54.806+0000][18.330s][info ][gc,heap     ] GC(41) Eden regions: 9->0(182)
[2025-03-19T08:21:54.806+0000][18.330s][info ][gc,heap     ] GC(41) Survivor regions: 3->1(2)
[2025-03-19T08:21:54.806+0000][18.330s][info ][gc,heap     ] GC(41) Old regions: 73->74
[2025-03-19T08:21:54.806+0000][18.330s][info ][gc,heap     ] GC(41) Archive regions: 2->2
[2025-03-19T08:21:54.806+0000][18.330s][info ][gc,heap     ] GC(41) Humongous regions: 0->0
[2025-03-19T08:21:54.806+0000][18.330s][info ][gc,metaspace] GC(41) Metaspace: 80286K(80768K)->80286K(80768K) NonClass: 69776K(70016K)->69776K(70016K) Class: 10510K(10752K)->10510K(10752K)
[2025-03-19T08:21:54.806+0000][18.330s][info ][gc          ] GC(41) Pause Young (Mixed) (G1 Evacuation Pause) 84M->74M(305M) 6.077ms
[2025-03-19T08:21:54.806+0000][18.330s][info ][gc,cpu      ] GC(41) User=0.02s Sys=0.00s Real=0.01s
[2025-03-19T08:21:54.806+0000][18.330s][info ][safepoint   ] Safepoint "G1CollectForAllocation", Time since last: 39318328 ns, Reaching safepoint: 36209 ns, Cleanup: 16315 ns, At safepoint: 6126757 ns, Total: 6179281 ns
[2025-03-19T08:21:55.439+0000][18.963s][debug][safepoint   ] Safepoint synchronization initiated using futex wait barrier. (20 threads)
[2025-03-19T08:21:55.440+0000][18.963s][info ][safepoint   ] Safepoint "ICBufferFull", Time since last: 632920246 ns, Reaching safepoint: 117062 ns, Cleanup: 142921 ns, At safepoint: 4756 ns, Total: 264739 ns
[2025-03-19T08:21:55.619+0000][19.142s][debug][safepoint   ] Safepoint synchronization initiated using futex wait barrier. (20 threads)
[2025-03-19T08:21:55.619+0000][19.142s][info ][gc,start    ] GC(42) Pause Young (Normal) (G1 Evacuation Pause)
[2025-03-19T08:21:55.619+0000][19.142s][info ][gc,task     ] GC(42) Using 4 workers of 4 for evacuation
[2025-03-19T08:21:55.630+0000][19.153s][info ][gc,phases   ] GC(42)   Pre Evacuate Collection Set: 0.1ms
[2025-03-19T08:21:55.630+0000][19.153s][info ][gc,phases   ] GC(42)   Merge Heap Roots: 0.1ms
[2025-03-19T08:21:55.630+0000][19.153s][info ][gc,phases   ] GC(42)   Evacuate Collection Set: 9.1ms
[2025-03-19T08:21:55.630+0000][19.153s][info ][gc,phases   ] GC(42)   Post Evacuate Collection Set: 1.3ms
[2025-03-19T08:21:55.630+0000][19.153s][info ][gc,phases   ] GC(42)   Other: 0.2ms
[2025-03-19T08:21:55.630+0000][19.153s][info ][gc,heap     ] GC(42) Eden regions: 182->0(179)
[2025-03-19T08:21:55.630+0000][19.153s][info ][gc,heap     ] GC(42) Survivor regions: 1->4(23)
[2025-03-19T08:21:55.630+0000][19.153s][info ][gc,heap     ] GC(42) Old regions: 74->74
[2025-03-19T08:21:55.630+0000][19.153s][info ][gc,heap     ] GC(42) Archive regions: 2->2
[2025-03-19T08:21:55.630+0000][19.153s][info ][gc,heap     ] GC(42) Humongous regions: 0->0
[2025-03-19T08:21:55.630+0000][19.153s][info ][gc,metaspace] GC(42) Metaspace: 84238K(84800K)->84238K(84800K) NonClass: 73204K(73536K)->73204K(73536K) Class: 11033K(11264K)->11033K(11264K)
[2025-03-19T08:21:55.630+0000][19.153s][info ][gc          ] GC(42) Pause Young (Normal) (G1 Evacuation Pause) 256M->77M(305M) 10.889ms
[2025-03-19T08:21:55.630+0000][19.153s][info ][gc,cpu      ] GC(42) User=0.04s Sys=0.00s Real=0.01s
[2025-03-19T08:21:55.630+0000][19.153s][info ][safepoint   ] Safepoint "G1CollectForAllocation", Time since last: 179178753 ns, Reaching safepoint: 47154 ns, Cleanup: 91862 ns, At safepoint: 10946763 ns, Total: 11085779 ns
[2025-03-19T08:21:56.632+0000][20.155s][debug][safepoint   ] Safepoint synchronization initiated using futex wait barrier. (19 threads)
[2025-03-19T08:21:56.632+0000][20.156s][info ][safepoint   ] Safepoint "Cleanup", Time since last: 1002134430 ns, Reaching safepoint: 125524 ns, Cleanup: 114560 ns, At safepoint: 6165 ns, Total: 246249 ns
[2025-03-19T08:21:56.910+0000][20.433s][debug][safepoint   ] ... found polling page loop exception at pc = 0x000076589d1292a8, stub =0x000076589c98eb80
[2025-03-19T08:21:57.192+0000][20.715s][debug][safepoint   ] Safepoint synchronization initiated using futex wait barrier. (23 threads)
[2025-03-19T08:21:57.192+0000][20.715s][info ][gc,start    ] GC(43) Pause Young (Normal) (G1 Evacuation Pause)
[2025-03-19T08:21:57.192+0000][20.715s][info ][gc,task     ] GC(43) Using 4 workers of 4 for evacuation
[2025-03-19T08:21:57.211+0000][20.734s][info ][gc,phases   ] GC(43)   Pre Evacuate Collection Set: 0.1ms
[2025-03-19T08:21:57.211+0000][20.734s][info ][gc,phases   ] GC(43)   Merge Heap Roots: 0.1ms
[2025-03-19T08:21:57.211+0000][20.734s][info ][gc,phases   ] GC(43)   Evacuate Collection Set: 16.9ms
[2025-03-19T08:21:57.211+0000][20.734s][info ][gc,phases   ] GC(43)   Post Evacuate Collection Set: 1.6ms
[2025-03-19T08:21:57.211+0000][20.734s][info ][gc,phases   ] GC(43)   Other: 0.1ms
[2025-03-19T08:21:57.211+0000][20.734s][info ][gc,heap     ] GC(43) Eden regions: 179->0(174)
[2025-03-19T08:21:57.211+0000][20.734s][info ][gc,heap     ] GC(43) Survivor regions: 4->9(23)
[2025-03-19T08:21:57.211+0000][20.734s][info ][gc,heap     ] GC(43) Old regions: 74->74
[2025-03-19T08:21:57.211+0000][20.734s][info ][gc,heap     ] GC(43) Archive regions: 2->2
[2025-03-19T08:21:57.211+0000][20.734s][info ][gc,heap     ] GC(43) Humongous regions: 0->0
[2025-03-19T08:21:57.211+0000][20.734s][info ][gc,metaspace] GC(43) Metaspace: 87628K(88256K)->87628K(88256K) NonClass: 76346K(76672K)->76346K(76672K) Class: 11282K(11584K)->11282K(11584K)
[2025-03-19T08:21:57.211+0000][20.734s][info ][gc          ] GC(43) Pause Young (Normal) (G1 Evacuation Pause) 256M->82M(305M) 18.923ms
[2025-03-19T08:21:57.211+0000][20.734s][info ][gc,cpu      ] GC(43) User=0.07s Sys=0.00s Real=0.02s
[2025-03-19T08:21:57.211+0000][20.734s][info ][safepoint   ] Safepoint "G1CollectForAllocation", Time since last: 559487286 ns, Reaching safepoint: 49680 ns, Cleanup: 149764 ns, At safepoint: 18973717 ns, Total: 19173161 ns
[2025-03-19T08:21:58.099+0000][21.622s][debug][safepoint   ] Safepoint synchronization initiated using futex wait barrier. (23 threads)
[2025-03-19T08:21:58.099+0000][21.623s][info ][safepoint   ] Safepoint "ICBufferFull", Time since last: 888196399 ns, Reaching safepoint: 42601 ns, Cleanup: 102843 ns, At safepoint: 2074 ns, Total: 147518 ns
[2025-03-19T08:21:58.523+0000][22.046s][debug][safepoint   ] Safepoint synchronization initiated using futex wait barrier. (23 threads)
[2025-03-19T08:21:58.523+0000][22.047s][info ][gc,start    ] GC(44) Pause Young (Normal) (G1 Evacuation Pause)
[2025-03-19T08:21:58.523+0000][22.047s][info ][gc,task     ] GC(44) Using 4 workers of 4 for evacuation
[2025-03-19T08:21:58.542+0000][22.065s][info ][gc,phases   ] GC(44)   Pre Evacuate Collection Set: 0.1ms
[2025-03-19T08:21:58.542+0000][22.065s][info ][gc,phases   ] GC(44)   Merge Heap Roots: 0.1ms
[2025-03-19T08:21:58.542+0000][22.065s][info ][gc,phases   ] GC(44)   Evacuate Collection Set: 16.5ms
[2025-03-19T08:21:58.542+0000][22.065s][info ][gc,phases   ] GC(44)   Post Evacuate Collection Set: 1.8ms
[2025-03-19T08:21:58.542+0000][22.065s][info ][gc,phases   ] GC(44)   Other: 0.1ms
[2025-03-19T08:21:58.542+0000][22.065s][info ][gc,heap     ] GC(44) Eden regions: 174->0(170)
[2025-03-19T08:21:58.542+0000][22.065s][info ][gc,heap     ] GC(44) Survivor regions: 9->13(23)
[2025-03-19T08:21:58.542+0000][22.065s][info ][gc,heap     ] GC(44) Old regions: 74->74
[2025-03-19T08:21:58.542+0000][22.065s][info ][gc,heap     ] GC(44) Archive regions: 2->2
[2025-03-19T08:21:58.542+0000][22.065s][info ][gc,heap     ] GC(44) Humongous regions: 0->0
[2025-03-19T08:21:58.542+0000][22.065s][info ][gc,metaspace] GC(44) Metaspace: 92493K(93056K)->92493K(93056K) NonClass: 80594K(80896K)->80594K(80896K) Class: 11898K(12160K)->11898K(12160K)
[2025-03-19T08:21:58.542+0000][22.065s][info ][gc          ] GC(44) Pause Young (Normal) (G1 Evacuation Pause) 256M->86M(305M) 18.700ms
[2025-03-19T08:21:58.542+0000][22.065s][info ][gc,cpu      ] GC(44) User=0.06s Sys=0.01s Real=0.02s
[2025-03-19T08:21:58.542+0000][22.065s][info ][safepoint   ] Safepoint "G1CollectForAllocation", Time since last: 423917779 ns, Reaching safepoint: 62303 ns, Cleanup: 100832 ns, At safepoint: 18752665 ns, Total: 18915800 ns
[2025-03-19T08:21:58.883+0000][22.407s][debug][safepoint   ] Safepoint synchronization initiated using futex wait barrier. (23 threads)
[2025-03-19T08:21:58.884+0000][22.407s][info ][safepoint   ] Safepoint "ICBufferFull", Time since last: 341277797 ns, Reaching safepoint: 47226 ns, Cleanup: 108989 ns, At safepoint: 2448 ns, Total: 158663 ns
[2025-03-19T08:21:59.580+0000][23.103s][debug][safepoint   ] Safepoint synchronization initiated using futex wait barrier. (24 threads)
[2025-03-19T08:21:59.580+0000][23.103s][info ][gc,start    ] GC(45) Pause Young (Normal) (G1 Evacuation Pause)
[2025-03-19T08:21:59.580+0000][23.103s][info ][gc,task     ] GC(45) Using 4 workers of 4 for evacuation
[2025-03-19T08:21:59.608+0000][23.132s][info ][gc,phases   ] GC(45)   Pre Evacuate Collection Set: 0.7ms
[2025-03-19T08:21:59.608+0000][23.132s][info ][gc,phases   ] GC(45)   Merge Heap Roots: 0.1ms
[2025-03-19T08:21:59.608+0000][23.132s][info ][gc,phases   ] GC(45)   Evacuate Collection Set: 26.1ms
[2025-03-19T08:21:59.608+0000][23.132s][info ][gc,phases   ] GC(45)   Post Evacuate Collection Set: 1.5ms
[2025-03-19T08:21:59.608+0000][23.132s][info ][gc,phases   ] GC(45)   Other: 0.1ms
[2025-03-19T08:21:59.609+0000][23.132s][info ][gc,heap     ] GC(45) Eden regions: 170->0(151)
[2025-03-19T08:21:59.609+0000][23.132s][info ][gc,heap     ] GC(45) Survivor regions: 13->22(23)
[2025-03-19T08:21:59.609+0000][23.132s][info ][gc,heap     ] GC(45) Old regions: 74->77
[2025-03-19T08:21:59.609+0000][23.132s][info ][gc,heap     ] GC(45) Archive regions: 2->2
[2025-03-19T08:21:59.609+0000][23.132s][info ][gc,heap     ] GC(45) Humongous regions: 0->0
[2025-03-19T08:21:59.609+0000][23.132s][info ][gc,metaspace] GC(45) Metaspace: 95759K(96320K)->95759K(96320K) NonClass: 83200K(83520K)->83200K(83520K) Class: 12558K(12800K)->12558K(12800K)
[2025-03-19T08:21:59.609+0000][23.132s][info ][gc          ] GC(45) Pause Young (Normal) (G1 Evacuation Pause) 256M->99M(305M) 28.613ms
[2025-03-19T08:21:59.609+0000][23.132s][info ][gc,cpu      ] GC(45) User=0.10s Sys=0.01s Real=0.03s
[2025-03-19T08:21:59.609+0000][23.132s][info ][safepoint   ] Safepoint "G1CollectForAllocation", Time since last: 696158011 ns, Reaching safepoint: 71758 ns, Cleanup: 132146 ns, At safepoint: 28675597 ns, Total: 28879501 ns
[2025-03-19T08:22:00.640+0000][24.164s][debug][safepoint   ] Safepoint synchronization initiated using futex wait barrier. (25 threads)
[2025-03-19T08:22:00.641+0000][24.164s][info ][gc,start    ] GC(46) Pause Young (Normal) (G1 Evacuation Pause)
[2025-03-19T08:22:00.641+0000][24.164s][info ][gc,task     ] GC(46) Using 4 workers of 4 for evacuation
[2025-03-19T08:22:00.660+0000][24.184s][info ][gc,phases   ] GC(46)   Pre Evacuate Collection Set: 0.1ms
[2025-03-19T08:22:00.660+0000][24.184s][info ][gc,phases   ] GC(46)   Merge Heap Roots: 0.1ms
[2025-03-19T08:22:00.660+0000][24.184s][info ][gc,phases   ] GC(46)   Evacuate Collection Set: 17.3ms
[2025-03-19T08:22:00.660+0000][24.184s][info ][gc,phases   ] GC(46)   Post Evacuate Collection Set: 2.2ms
[2025-03-19T08:22:00.660+0000][24.184s][info ][gc,phases   ] GC(46)   Other: 0.1ms
[2025-03-19T08:22:00.660+0000][24.184s][info ][gc,heap     ] GC(46) Eden regions: 151->0(161)
[2025-03-19T08:22:00.660+0000][24.184s][info ][gc,heap     ] GC(46) Survivor regions: 22->3(22)
[2025-03-19T08:22:00.660+0000][24.184s][info ][gc,heap     ] GC(46) Old regions: 77->89
[2025-03-19T08:22:00.660+0000][24.184s][info ][gc,heap     ] GC(46) Archive regions: 2->2
[2025-03-19T08:22:00.660+0000][24.184s][info ][gc,heap     ] GC(46) Humongous regions: 0->0
[2025-03-19T08:22:00.660+0000][24.184s][info ][gc,metaspace] GC(46) Metaspace: 101230K(101888K)->101230K(101888K) NonClass: 87962K(88320K)->87962K(88320K) Class: 13268K(13568K)->13268K(13568K)
[2025-03-19T08:22:00.660+0000][24.184s][info ][gc          ] GC(46) Pause Young (Normal) (G1 Evacuation Pause) 250M->92M(305M) 19.920ms
[2025-03-19T08:22:00.660+0000][24.184s][info ][gc,cpu      ] GC(46) User=0.08s Sys=0.00s Real=0.02s
[2025-03-19T08:22:00.660+0000][24.184s][info ][safepoint   ] Safepoint "G1CollectForAllocation", Time since last: 1031797140 ns, Reaching safepoint: 37577 ns, Cleanup: 90636 ns, At safepoint: 19992000 ns, Total: 20120213 ns
[2025-03-19T08:22:01.722+0000][25.245s][debug][safepoint   ] Safepoint synchronization initiated using futex wait barrier. (27 threads)
[2025-03-19T08:22:01.722+0000][25.245s][info ][gc,start    ] GC(47) Pause Young (Normal) (G1 Evacuation Pause)
[2025-03-19T08:22:01.722+0000][25.245s][info ][gc,task     ] GC(47) Using 4 workers of 4 for evacuation
[2025-03-19T08:22:01.732+0000][25.255s][info ][gc,phases   ] GC(47)   Pre Evacuate Collection Set: 0.1ms
[2025-03-19T08:22:01.732+0000][25.255s][info ][gc,phases   ] GC(47)   Merge Heap Roots: 0.2ms
[2025-03-19T08:22:01.732+0000][25.255s][info ][gc,phases   ] GC(47)   Evacuate Collection Set: 8.3ms
[2025-03-19T08:22:01.732+0000][25.255s][info ][gc,phases   ] GC(47)   Post Evacuate Collection Set: 1.3ms
[2025-03-19T08:22:01.732+0000][25.255s][info ][gc,phases   ] GC(47)   Other: 0.1ms
[2025-03-19T08:22:01.732+0000][25.255s][info ][gc,heap     ] GC(47) Eden regions: 161->0(160)
[2025-03-19T08:22:01.732+0000][25.255s][info ][gc,heap     ] GC(47) Survivor regions: 3->6(21)
[2025-03-19T08:22:01.732+0000][25.255s][info ][gc,heap     ] GC(47) Old regions: 89->89
[2025-03-19T08:22:01.732+0000][25.255s][info ][gc,heap     ] GC(47) Archive regions: 2->2
[2025-03-19T08:22:01.732+0000][25.255s][info ][gc,heap     ] GC(47) Humongous regions: 0->0
[2025-03-19T08:22:01.732+0000][25.255s][info ][gc,metaspace] GC(47) Metaspace: 105520K(106176K)->105520K(106176K) NonClass: 91658K(92032K)->91658K(92032K) Class: 13861K(14144K)->13861K(14144K)
[2025-03-19T08:22:01.732+0000][25.255s][info ][gc          ] GC(47) Pause Young (Normal) (G1 Evacuation Pause) 253M->95M(305M) 10.141ms
[2025-03-19T08:22:01.732+0000][25.255s][info ][gc,cpu      ] GC(47) User=0.03s Sys=0.00s Real=0.01s
[2025-03-19T08:22:01.732+0000][25.255s][info ][safepoint   ] Safepoint "G1CollectForAllocation", Time since last: 1061319735 ns, Reaching safepoint: 46833 ns, Cleanup: 126355 ns, At safepoint: 10216991 ns, Total: 10390179 ns
[2025-03-19T08:22:02.576+0000][26.099s][debug][safepoint   ] Safepoint synchronization initiated using futex wait barrier. (30 threads)
[2025-03-19T08:22:02.576+0000][26.099s][info ][safepoint   ] Safepoint "ICBufferFull", Time since last: 843779065 ns, Reaching safepoint: 58447 ns, Cleanup: 148212 ns, At safepoint: 2769 ns, Total: 209428 ns
[2025-03-19T08:22:03.003+0000][26.527s][debug][safepoint   ] Safepoint synchronization initiated using futex wait barrier. (36 threads)
[2025-03-19T08:22:03.003+0000][26.527s][info ][gc,start    ] GC(48) Pause Young (Normal) (G1 Evacuation Pause)
[2025-03-19T08:22:03.003+0000][26.527s][info ][gc,task     ] GC(48) Using 4 workers of 4 for evacuation
[2025-03-19T08:22:03.017+0000][26.540s][info ][gc,phases   ] GC(48)   Pre Evacuate Collection Set: 0.1ms
[2025-03-19T08:22:03.034+0000][26.558s][info ][gc,phases   ] GC(48)   Merge Heap Roots: 0.2ms
[2025-03-19T08:22:03.034+0000][26.558s][info ][gc,phases   ] GC(48)   Evacuate Collection Set: 11.7ms
[2025-03-19T08:22:03.034+0000][26.558s][info ][gc,phases   ] GC(48)   Post Evacuate Collection Set: 1.1ms
[2025-03-19T08:22:03.034+0000][26.558s][info ][gc,phases   ] GC(48)   Other: 0.1ms
[2025-03-19T08:22:03.034+0000][26.558s][info ][gc,heap     ] GC(48) Eden regions: 160->0(156)
[2025-03-19T08:22:03.034+0000][26.558s][info ][gc,heap     ] GC(48) Survivor regions: 6->11(21)
[2025-03-19T08:22:03.034+0000][26.558s][info ][gc,heap     ] GC(48) Old regions: 89->89
[2025-03-19T08:22:03.034+0000][26.558s][info ][gc,heap     ] GC(48) Archive regions: 2->2
[2025-03-19T08:22:03.034+0000][26.558s][info ][gc,heap     ] GC(48) Humongous regions: 0->0
[2025-03-19T08:22:03.034+0000][26.558s][info ][gc,metaspace] GC(48) Metaspace: 108247K(108928K)->108247K(108928K) NonClass: 94167K(94528K)->94167K(94528K) Class: 14079K(14400K)->14079K(14400K)
[2025-03-19T08:22:03.034+0000][26.558s][info ][gc          ] GC(48) Pause Young (Normal) (G1 Evacuation Pause) 255M->100M(305M) 30.941ms
[2025-03-19T08:22:03.034+0000][26.558s][info ][gc,cpu      ] GC(48) User=0.05s Sys=0.00s Real=0.04s
[2025-03-19T08:22:03.034+0000][26.558s][info ][safepoint   ] Safepoint "G1CollectForAllocation", Time since last: 427111514 ns, Reaching safepoint: 61445 ns, Cleanup: 55252 ns, At safepoint: 31035575 ns, Total: 31152272 ns
[2025-03-19T08:22:03.937+0000][27.460s][debug][safepoint   ] Safepoint synchronization initiated using futex wait barrier. (40 threads)
[2025-03-19T08:22:03.937+0000][27.460s][info ][gc,start    ] GC(49) Pause Young (Normal) (G1 Evacuation Pause)
[2025-03-19T08:22:03.937+0000][27.460s][info ][gc,task     ] GC(49) Using 4 workers of 4 for evacuation
[2025-03-19T08:22:03.959+0000][27.482s][info ][gc,phases   ] GC(49)   Pre Evacuate Collection Set: 0.1ms
[2025-03-19T08:22:03.959+0000][27.482s][info ][gc,phases   ] GC(49)   Merge Heap Roots: 0.1ms
[2025-03-19T08:22:03.959+0000][27.482s][info ][gc,phases   ] GC(49)   Evacuate Collection Set: 18.0ms
[2025-03-19T08:22:03.959+0000][27.482s][info ][gc,phases   ] GC(49)   Post Evacuate Collection Set: 3.1ms
[2025-03-19T08:22:03.959+0000][27.482s][info ][gc,phases   ] GC(49)   Other: 0.1ms
[2025-03-19T08:22:03.959+0000][27.482s][info ][gc,heap     ] GC(49) Eden regions: 156->0(154)
[2025-03-19T08:22:03.959+0000][27.482s][info ][gc,heap     ] GC(49) Survivor regions: 11->14(21)
[2025-03-19T08:22:03.959+0000][27.482s][info ][gc,heap     ] GC(49) Old regions: 89->89
[2025-03-19T08:22:03.959+0000][27.482s][info ][gc,heap     ] GC(49) Archive regions: 2->2
[2025-03-19T08:22:03.959+0000][27.482s][info ][gc,heap     ] GC(49) Humongous regions: 0->0
[2025-03-19T08:22:03.959+0000][27.482s][info ][gc,metaspace] GC(49) Metaspace: 111702K(112320K)->111702K(112320K) NonClass: 97240K(97536K)->97240K(97536K) Class: 14461K(14784K)->14461K(14784K)
[2025-03-19T08:22:03.959+0000][27.482s][info ][gc          ] GC(49) Pause Young (Normal) (G1 Evacuation Pause) 256M->103M(305M) 21.531ms
[2025-03-19T08:22:03.959+0000][27.482s][info ][gc,cpu      ] GC(49) User=0.07s Sys=0.00s Real=0.02s
[2025-03-19T08:22:03.959+0000][27.482s][info ][safepoint   ] Safepoint "G1CollectForAllocation", Time since last: 902414134 ns, Reaching safepoint: 53350 ns, Cleanup: 150419 ns, At safepoint: 21730046 ns, Total: 21933815 ns
[2025-03-19T08:22:04.388+0000][27.911s][debug][safepoint   ] Safepoint synchronization initiated using futex wait barrier. (40 threads)
[2025-03-19T08:22:04.388+0000][27.912s][info ][safepoint   ] Safepoint "ICBufferFull", Time since last: 429218740 ns, Reaching safepoint: 59645 ns, Cleanup: 142686 ns, At safepoint: 4565 ns, Total: 206896 ns
[2025-03-19T08:22:04.721+0000][28.245s][debug][safepoint   ] Safepoint synchronization initiated using futex wait barrier. (40 threads)
[2025-03-19T08:22:04.722+0000][28.245s][info ][safepoint   ] Safepoint "ICBufferFull", Time since last: 333228433 ns, Reaching safepoint: 47643 ns, Cleanup: 144450 ns, At safepoint: 3664 ns, Total: 195757 ns
[2025-03-19T08:22:05.432+0000][28.955s][debug][safepoint   ] ... found polling page loop exception at pc = 0x000076589d2f0978, stub =0x000076589c98f400
[2025-03-19T08:22:05.644+0000][29.167s][debug][safepoint   ] Safepoint synchronization initiated using futex wait barrier. (40 threads)
[2025-03-19T08:22:05.644+0000][29.167s][info ][gc,start    ] GC(50) Pause Young (Normal) (G1 Evacuation Pause)
[2025-03-19T08:22:05.644+0000][29.167s][info ][gc,task     ] GC(50) Using 4 workers of 4 for evacuation
[2025-03-19T08:22:05.675+0000][29.199s][info ][gc,phases   ] GC(50)   Pre Evacuate Collection Set: 0.1ms
[2025-03-19T08:22:05.675+0000][29.199s][info ][gc,phases   ] GC(50)   Merge Heap Roots: 0.2ms
[2025-03-19T08:22:05.675+0000][29.199s][info ][gc,phases   ] GC(50)   Evacuate Collection Set: 28.7ms
[2025-03-19T08:22:05.675+0000][29.199s][info ][gc,phases   ] GC(50)   Post Evacuate Collection Set: 2.2ms
[2025-03-19T08:22:05.675+0000][29.199s][info ][gc,phases   ] GC(50)   Other: 0.1ms
[2025-03-19T08:22:05.675+0000][29.199s][info ][gc,heap     ] GC(50) Eden regions: 154->0(151)
[2025-03-19T08:22:05.675+0000][29.199s][info ][gc,heap     ] GC(50) Survivor regions: 14->15(21)
[2025-03-19T08:22:05.675+0000][29.199s][info ][gc,heap     ] GC(50) Old regions: 89->91
[2025-03-19T08:22:05.675+0000][29.199s][info ][gc,heap     ] GC(50) Archive regions: 2->2
[2025-03-19T08:22:05.675+0000][29.199s][info ][gc,heap     ] GC(50) Humongous regions: 0->0
[2025-03-19T08:22:05.675+0000][29.199s][info ][gc,metaspace] GC(50) Metaspace: 115577K(116288K)->115577K(116288K) NonClass: 100746K(101120K)->100746K(101120K) Class: 14830K(15168K)->14830K(15168K)
[2025-03-19T08:22:05.675+0000][29.199s][info ][gc          ] GC(50) Pause Young (Normal) (G1 Evacuation Pause) 257M->106M(305M) 31.371ms
[2025-03-19T08:22:05.675+0000][29.199s][info ][gc,cpu      ] GC(50) User=0.11s Sys=0.00s Real=0.03s
[2025-03-19T08:22:05.676+0000][29.199s][info ][safepoint   ] Safepoint "G1CollectForAllocation", Time since last: 922188458 ns, Reaching safepoint: 49801 ns, Cleanup: 179605 ns, At safepoint: 31493316 ns, Total: 31722722 ns
[2025-03-19T08:22:05.742+0000][29.265s][debug][safepoint   ] ... found polling page loop exception at pc = 0x000076589d4ee26d, stub =0x000076589c98eb80
[2025-03-19T08:22:06.703+0000][30.226s][debug][safepoint   ] Safepoint synchronization initiated using futex wait barrier. (44 threads)
[2025-03-19T08:22:06.703+0000][30.226s][info ][safepoint   ] Safepoint "ICBufferFull", Time since last: 1027287707 ns, Reaching safepoint: 49457 ns, Cleanup: 132027 ns, At safepoint: 3466 ns, Total: 184950 ns
[2025-03-19T08:22:06.771+0000][30.295s][debug][safepoint   ] Safepoint synchronization initiated using futex wait barrier. (44 threads)
[2025-03-19T08:22:06.771+0000][30.295s][info ][gc,start    ] GC(51) Pause Young (Normal) (G1 Evacuation Pause)
[2025-03-19T08:22:06.771+0000][30.295s][info ][gc,task     ] GC(51) Using 4 workers of 4 for evacuation
[2025-03-19T08:22:06.798+0000][30.321s][info ][gc,phases   ] GC(51)   Pre Evacuate Collection Set: 0.1ms
[2025-03-19T08:22:06.798+0000][30.321s][info ][gc,phases   ] GC(51)   Merge Heap Roots: 0.3ms
[2025-03-19T08:22:06.798+0000][30.321s][info ][gc,phases   ] GC(51)   Evacuate Collection Set: 24.0ms
[2025-03-19T08:22:06.798+0000][30.321s][info ][gc,phases   ] GC(51)   Post Evacuate Collection Set: 2.3ms
[2025-03-19T08:22:06.798+0000][30.321s][info ][gc,phases   ] GC(51)   Other: 0.1ms
[2025-03-19T08:22:06.798+0000][30.322s][info ][gc,heap     ] GC(51) Eden regions: 151->0(148)
[2025-03-19T08:22:06.798+0000][30.322s][info ][gc,heap     ] GC(51) Survivor regions: 15->11(21)
[2025-03-19T08:22:06.798+0000][30.322s][info ][gc,heap     ] GC(51) Old regions: 91->99
[2025-03-19T08:22:06.798+0000][30.322s][info ][gc,heap     ] GC(51) Archive regions: 2->2
[2025-03-19T08:22:06.798+0000][30.322s][info ][gc,heap     ] GC(51) Humongous regions: 0->0
[2025-03-19T08:22:06.798+0000][30.322s][info ][gc,metaspace] GC(51) Metaspace: 117363K(118080K)->117363K(118080K) NonClass: 102299K(102656K)->102299K(102656K) Class: 15064K(15424K)->15064K(15424K)
[2025-03-19T08:22:06.798+0000][30.322s][info ][gc          ] GC(51) Pause Young (Normal) (G1 Evacuation Pause) 257M->110M(305M) 26.908ms
[2025-03-19T08:22:06.798+0000][30.322s][info ][gc,cpu      ] GC(51) User=0.10s Sys=0.00s Real=0.03s
[2025-03-19T08:22:06.801+0000][30.324s][info ][safepoint   ] Safepoint "G1CollectForAllocation", Time since last: 68257258 ns, Reaching safepoint: 44128 ns, Cleanup: 12601 ns, At safepoint: 29168257 ns, Total: 29224986 ns
[2025-03-19T08:22:07.806+0000][31.329s][debug][safepoint   ] Safepoint synchronization initiated using futex wait barrier. (44 threads)
[2025-03-19T08:22:07.806+0000][31.329s][info ][safepoint   ] Safepoint "ICBufferFull", Time since last: 1005386640 ns, Reaching safepoint: 36837 ns, Cleanup: 126143 ns, At safepoint: 2556 ns, Total: 165536 ns
[2025-03-19T08:22:07.870+0000][31.394s][debug][safepoint   ] Safepoint synchronization initiated using futex wait barrier. (44 threads)
[2025-03-19T08:22:07.870+0000][31.394s][info ][gc,start    ] GC(52) Pause Young (Normal) (G1 Evacuation Pause)
[2025-03-19T08:22:07.870+0000][31.394s][info ][gc,task     ] GC(52) Using 4 workers of 4 for evacuation
[2025-03-19T08:22:07.895+0000][31.418s][info ][gc,phases   ] GC(52)   Pre Evacuate Collection Set: 0.1ms
[2025-03-19T08:22:07.895+0000][31.418s][info ][gc,phases   ] GC(52)   Merge Heap Roots: 0.2ms
[2025-03-19T08:22:07.895+0000][31.418s][info ][gc,phases   ] GC(52)   Evacuate Collection Set: 22.5ms
[2025-03-19T08:22:07.895+0000][31.418s][info ][gc,phases   ] GC(52)   Post Evacuate Collection Set: 1.8ms
[2025-03-19T08:22:07.895+0000][31.418s][info ][gc,phases   ] GC(52)   Other: 0.1ms
[2025-03-19T08:22:07.895+0000][31.418s][info ][gc,heap     ] GC(52) Eden regions: 148->0(141)
[2025-03-19T08:22:07.895+0000][31.418s][info ][gc,heap     ] GC(52) Survivor regions: 11->16(20)
[2025-03-19T08:22:07.895+0000][31.418s][info ][gc,heap     ] GC(52) Old regions: 99->99
[2025-03-19T08:22:07.895+0000][31.418s][info ][gc,heap     ] GC(52) Archive regions: 2->2
[2025-03-19T08:22:07.895+0000][31.418s][info ][gc,heap     ] GC(52) Humongous regions: 0->0
[2025-03-19T08:22:07.895+0000][31.418s][info ][gc,metaspace] GC(52) Metaspace: 124660K(125632K)->124660K(125632K) NonClass: 108725K(109248K)->108725K(109248K) Class: 15935K(16384K)->15935K(16384K)
[2025-03-19T08:22:07.895+0000][31.418s][info ][gc          ] GC(52) Pause Young (Normal) (G1 Evacuation Pause) 258M->115M(305M) 24.745ms
[2025-03-19T08:22:07.895+0000][31.419s][info ][gc,cpu      ] GC(52) User=0.09s Sys=0.00s Real=0.03s
[2025-03-19T08:22:07.895+0000][31.419s][info ][safepoint   ] Safepoint "G1CollectForAllocation", Time since last: 64309181 ns, Reaching safepoint: 39095 ns, Cleanup: 13268 ns, At safepoint: 24807227 ns, Total: 24859590 ns
[2025-03-19T08:22:08.624+0000][32.147s][debug][safepoint   ] Safepoint synchronization initiated using futex wait barrier. (52 threads)
[2025-03-19T08:22:08.624+0000][32.148s][info ][gc,start    ] GC(53) Pause Young (Concurrent Start) (Metadata GC Threshold)
[2025-03-19T08:22:08.624+0000][32.148s][info ][gc,task     ] GC(53) Using 4 workers of 4 for evacuation
[2025-03-19T08:22:08.647+0000][32.170s][info ][gc,phases   ] GC(53)   Pre Evacuate Collection Set: 0.2ms
[2025-03-19T08:22:08.647+0000][32.171s][info ][gc,phases   ] GC(53)   Merge Heap Roots: 0.1ms
[2025-03-19T08:22:08.647+0000][32.171s][info ][gc,phases   ] GC(53)   Evacuate Collection Set: 21.0ms
[2025-03-19T08:22:08.647+0000][32.171s][info ][gc,phases   ] GC(53)   Post Evacuate Collection Set: 1.5ms
[2025-03-19T08:22:08.647+0000][32.171s][info ][gc,phases   ] GC(53)   Other: 0.1ms
[2025-03-19T08:22:08.647+0000][32.171s][info ][gc,heap     ] GC(53) Eden regions: 106->0(143)
[2025-03-19T08:22:08.647+0000][32.171s][info ][gc,heap     ] GC(53) Survivor regions: 16->11(20)
[2025-03-19T08:22:08.647+0000][32.171s][info ][gc,heap     ] GC(53) Old regions: 99->105
[2025-03-19T08:22:08.647+0000][32.171s][info ][gc,heap     ] GC(53) Archive regions: 2->2
[2025-03-19T08:22:08.647+0000][32.171s][info ][gc,heap     ] GC(53) Humongous regions: 1->0
[2025-03-19T08:22:08.647+0000][32.171s][info ][gc,metaspace] GC(53) Metaspace: 130007K(131008K)->130007K(131008K) NonClass: 113588K(114112K)->113588K(114112K) Class: 16418K(16896K)->16418K(16896K)
[2025-03-19T08:22:08.647+0000][32.171s][info ][gc          ] GC(53) Pause Young (Concurrent Start) (Metadata GC Threshold) 221M->116M(305M) 23.019ms
[2025-03-19T08:22:08.647+0000][32.171s][info ][gc,cpu      ] GC(53) User=0.08s Sys=0.00s Real=0.02s
[2025-03-19T08:22:08.647+0000][32.171s][info ][gc          ] GC(54) Concurrent Mark Cycle
[2025-03-19T08:22:08.647+0000][32.171s][info ][gc,marking  ] GC(54) Concurrent Clear Claimed Marks
[2025-03-19T08:22:08.647+0000][32.171s][info ][safepoint   ] Safepoint "CollectForMetadataAllocation", Time since last: 728874468 ns, Reaching safepoint: 52264 ns, Cleanup: 93268 ns, At safepoint: 23138175 ns, Total: 23283707 ns
[2025-03-19T08:22:08.648+0000][32.172s][info ][gc,marking  ] GC(54) Concurrent Clear Claimed Marks 0.889ms
[2025-03-19T08:22:08.648+0000][32.172s][info ][gc,marking  ] GC(54) Concurrent Scan Root Regions
[2025-03-19T08:22:08.670+0000][32.194s][info ][gc,marking  ] GC(54) Concurrent Scan Root Regions 22.077ms
[2025-03-19T08:22:08.671+0000][32.195s][info ][gc,marking  ] GC(54) Concurrent Mark
[2025-03-19T08:22:08.671+0000][32.195s][info ][gc,marking  ] GC(54) Concurrent Mark From Roots
[2025-03-19T08:22:08.671+0000][32.195s][info ][gc,task     ] GC(54) Using 1 workers of 1 for marking
[2025-03-19T08:22:08.725+0000][32.248s][debug][safepoint   ] Safepoint synchronization initiated using futex wait barrier. (52 threads)
[2025-03-19T08:22:08.725+0000][32.248s][info ][safepoint   ] Safepoint "CollectForMetadataAllocation", Time since last: 77331463 ns, Reaching safepoint: 69636 ns, Cleanup: 8581 ns, At safepoint: 38807 ns, Total: 117024 ns
[2025-03-19T08:22:08.798+0000][32.321s][debug][safepoint   ] Safepoint synchronization initiated using futex wait barrier. (52 threads)
[2025-03-19T08:22:08.798+0000][32.321s][info ][safepoint   ] Safepoint "CollectForMetadataAllocation", Time since last: 73220837 ns, Reaching safepoint: 69320 ns, Cleanup: 26912 ns, At safepoint: 41274 ns, Total: 137506 ns
[2025-03-19T08:22:08.854+0000][32.377s][debug][safepoint   ] Safepoint synchronization initiated using futex wait barrier. (52 threads)
[2025-03-19T08:22:08.854+0000][32.377s][info ][safepoint   ] Safepoint "CollectForMetadataAllocation", Time since last: 55865835 ns, Reaching safepoint: 67075 ns, Cleanup: 4288 ns, At safepoint: 35337 ns, Total: 106700 ns
[2025-03-19T08:22:08.888+0000][32.412s][info ][gc,marking  ] GC(54) Concurrent Mark From Roots 217.064ms
[2025-03-19T08:22:08.888+0000][32.412s][info ][gc,marking  ] GC(54) Concurrent Preclean
[2025-03-19T08:22:08.889+0000][32.412s][info ][gc,marking  ] GC(54) Concurrent Preclean 0.312ms
[2025-03-19T08:22:08.889+0000][32.412s][debug][safepoint   ] Safepoint synchronization initiated using futex wait barrier. (52 threads)
[2025-03-19T08:22:08.889+0000][32.412s][debug][safepoint   ] ... found polling page loop exception at pc = 0x000076589d1a8cac, stub =0x000076589c98f400
[2025-03-19T08:22:08.889+0000][32.412s][info ][gc,start    ] GC(54) Pause Remark
[2025-03-19T08:22:08.900+0000][32.423s][info ][gc          ] GC(54) Pause Remark 153M->153M(305M) 10.679ms
[2025-03-19T08:22:08.900+0000][32.423s][info ][gc,cpu      ] GC(54) User=0.04s Sys=0.01s Real=0.01s
[2025-03-19T08:22:08.900+0000][32.423s][info ][safepoint   ] Safepoint "G1PauseRemark", Time since last: 34539558 ns, Reaching safepoint: 96925 ns, Cleanup: 3433 ns, At safepoint: 10795611 ns, Total: 10895969 ns
[2025-03-19T08:22:08.900+0000][32.423s][info ][gc,marking  ] GC(54) Concurrent Mark 228.796ms
[2025-03-19T08:22:08.900+0000][32.423s][info ][gc,marking  ] GC(54) Concurrent Rebuild Remembered Sets
[2025-03-19T08:22:09.010+0000][32.533s][info ][gc,marking  ] GC(54) Concurrent Rebuild Remembered Sets 109.504ms
[2025-03-19T08:22:09.010+0000][32.533s][debug][safepoint   ] Safepoint synchronization initiated using futex wait barrier. (52 threads)
[2025-03-19T08:22:09.010+0000][32.533s][info ][gc,start    ] GC(54) Pause Cleanup
[2025-03-19T08:22:09.010+0000][32.533s][info ][gc          ] GC(54) Pause Cleanup 176M->176M(305M) 0.107ms
[2025-03-19T08:22:09.010+0000][32.533s][info ][gc,cpu      ] GC(54) User=0.00s Sys=0.00s Real=0.00s
[2025-03-19T08:22:09.010+0000][32.533s][info ][safepoint   ] Safepoint "G1PauseCleanup", Time since last: 110003684 ns, Reaching safepoint: 86037 ns, Cleanup: 2999 ns, At safepoint: 138777 ns, Total: 227813 ns
[2025-03-19T08:22:09.010+0000][32.533s][info ][gc,marking  ] GC(54) Concurrent Cleanup for Next Mark
[2025-03-19T08:22:09.010+0000][32.534s][info ][gc,marking  ] GC(54) Concurrent Cleanup for Next Mark 0.543ms
[2025-03-19T08:22:09.010+0000][32.534s][info ][gc          ] GC(54) Concurrent Mark Cycle 363.081ms
[2025-03-19T08:22:09.257+0000][32.780s][debug][safepoint   ] Safepoint synchronization initiated using futex wait barrier. (52 threads)
[2025-03-19T08:22:09.257+0000][32.781s][info ][gc,start    ] GC(55) Pause Young (Prepare Mixed) (G1 Evacuation Pause)
[2025-03-19T08:22:09.257+0000][32.781s][info ][gc,task     ] GC(55) Using 4 workers of 4 for evacuation
[2025-03-19T08:22:09.271+0000][32.794s][info ][gc,phases   ] GC(55)   Pre Evacuate Collection Set: 0.1ms
[2025-03-19T08:22:09.271+0000][32.794s][info ][gc,phases   ] GC(55)   Merge Heap Roots: 0.2ms
[2025-03-19T08:22:09.271+0000][32.794s][info ][gc,phases   ] GC(55)   Evacuate Collection Set: 11.8ms
[2025-03-19T08:22:09.271+0000][32.794s][info ][gc,phases   ] GC(55)   Post Evacuate Collection Set: 1.7ms
[2025-03-19T08:22:09.271+0000][32.794s][info ][gc,phases   ] GC(55)   Other: 0.1ms
[2025-03-19T08:22:09.271+0000][32.794s][info ][gc,heap     ] GC(55) Eden regions: 143->0(4)
[2025-03-19T08:22:09.271+0000][32.794s][info ][gc,heap     ] GC(55) Survivor regions: 11->11(20)
[2025-03-19T08:22:09.271+0000][32.794s][info ][gc,heap     ] GC(55) Old regions: 105->105
[2025-03-19T08:22:09.271+0000][32.795s][info ][gc,heap     ] GC(55) Archive regions: 2->2
[2025-03-19T08:22:09.271+0000][32.795s][info ][gc,heap     ] GC(55) Humongous regions: 0->0
[2025-03-19T08:22:09.271+0000][32.795s][info ][gc,metaspace] GC(55) Metaspace: 133265K(134272K)->133265K(134272K) NonClass: 116409K(116928K)->116409K(116928K) Class: 16855K(17344K)->16855K(17344K)
[2025-03-19T08:22:09.271+0000][32.795s][info ][gc          ] GC(55) Pause Young (Prepare Mixed) (G1 Evacuation Pause) 259M->116M(305M) 14.009ms
[2025-03-19T08:22:09.271+0000][32.795s][info ][gc,cpu      ] GC(55) User=0.05s Sys=0.00s Real=0.01s
[2025-03-19T08:22:09.271+0000][32.795s][info ][safepoint   ] Safepoint "G1CollectForAllocation", Time since last: 247308560 ns, Reaching safepoint: 52085 ns, Cleanup: 9363 ns, At safepoint: 14067880 ns, Total: 14129328 ns
[2025-03-19T08:22:09.287+0000][32.810s][debug][safepoint   ] Safepoint synchronization initiated using futex wait barrier. (52 threads)
[2025-03-19T08:22:09.287+0000][32.810s][info ][gc,start    ] GC(56) Pause Young (Mixed) (G1 Evacuation Pause)
[2025-03-19T08:22:09.287+0000][32.810s][info ][gc,task     ] GC(56) Using 4 workers of 4 for evacuation
[2025-03-19T08:22:09.302+0000][32.826s][info ][gc,phases   ] GC(56)   Pre Evacuate Collection Set: 0.1ms
[2025-03-19T08:22:09.302+0000][32.826s][info ][gc,phases   ] GC(56)   Merge Heap Roots: 0.1ms
[2025-03-19T08:22:09.302+0000][32.826s][info ][gc,phases   ] GC(56)   Evacuate Collection Set: 13.8ms
[2025-03-19T08:22:09.302+0000][32.826s][info ][gc,phases   ] GC(56)   Post Evacuate Collection Set: 1.6ms
[2025-03-19T08:22:09.303+0000][32.826s][info ][gc,phases   ] GC(56)   Other: 0.1ms
[2025-03-19T08:22:09.303+0000][32.826s][info ][gc,heap     ] GC(56) Eden regions: 4->0(144)
[2025-03-19T08:22:09.303+0000][32.826s][info ][gc,heap     ] GC(56) Survivor regions: 11->2(2)
[2025-03-19T08:22:09.303+0000][32.826s][info ][gc,heap     ] GC(56) Old regions: 105->115
[2025-03-19T08:22:09.303+0000][32.826s][info ][gc,heap     ] GC(56) Archive regions: 2->2
[2025-03-19T08:22:09.303+0000][32.826s][info ][gc,heap     ] GC(56) Humongous regions: 0->0
[2025-03-19T08:22:09.303+0000][32.826s][info ][gc,metaspace] GC(56) Metaspace: 133372K(134400K)->133372K(134400K) NonClass: 116500K(117056K)->116500K(117056K) Class: 16871K(17344K)->16871K(17344K)
[2025-03-19T08:22:09.303+0000][32.826s][info ][gc          ] GC(56) Pause Young (Mixed) (G1 Evacuation Pause) 120M->117M(305M) 15.726ms
[2025-03-19T08:22:09.303+0000][32.826s][info ][gc,cpu      ] GC(56) User=0.05s Sys=0.00s Real=0.01s
[2025-03-19T08:22:09.303+0000][32.826s][info ][safepoint   ] Safepoint "G1CollectForAllocation", Time since last: 15467398 ns, Reaching safepoint: 41060 ns, Cleanup: 4218 ns, At safepoint: 15781561 ns, Total: 15826839 ns
[2025-03-19T08:22:09.666+0000][33.189s][debug][safepoint   ] ... found polling page loop exception at pc = 0x000076589d4ee26d, stub =0x000076589c98eb80
[2025-03-19T08:22:10.237+0000][33.760s][debug][safepoint   ] Safepoint synchronization initiated using futex wait barrier. (54 threads)
[2025-03-19T08:22:10.237+0000][33.761s][info ][gc,start    ] GC(57) Pause Young (Concurrent Start) (G1 Evacuation Pause)
[2025-03-19T08:22:10.237+0000][33.761s][info ][gc,task     ] GC(57) Using 4 workers of 4 for evacuation
[2025-03-19T08:22:10.276+0000][33.800s][info ][gc,phases   ] GC(57)   Pre Evacuate Collection Set: 0.2ms
[2025-03-19T08:22:10.276+0000][33.800s][info ][gc,phases   ] GC(57)   Merge Heap Roots: 0.2ms
[2025-03-19T08:22:10.276+0000][33.800s][info ][gc,phases   ] GC(57)   Evacuate Collection Set: 34.0ms
[2025-03-19T08:22:10.276+0000][33.800s][info ][gc,phases   ] GC(57)   Post Evacuate Collection Set: 4.6ms
[2025-03-19T08:22:10.277+0000][33.800s][info ][gc,phases   ] GC(57)   Other: 0.2ms
[2025-03-19T08:22:10.277+0000][33.800s][info ][gc,heap     ] GC(57) Eden regions: 144->0(140)
[2025-03-19T08:22:10.277+0000][33.800s][info ][gc,heap     ] GC(57) Survivor regions: 2->5(19)
[2025-03-19T08:22:10.277+0000][33.800s][info ][gc,heap     ] GC(57) Old regions: 115->115
[2025-03-19T08:22:10.277+0000][33.800s][info ][gc,heap     ] GC(57) Archive regions: 2->2
[2025-03-19T08:22:10.277+0000][33.800s][info ][gc,heap     ] GC(57) Humongous regions: 0->0
[2025-03-19T08:22:10.277+0000][33.800s][info ][gc,metaspace] GC(57) Metaspace: 136073K(137088K)->136073K(137088K) NonClass: 118991K(119552K)->118991K(119552K) Class: 17081K(17536K)->17081K(17536K)
[2025-03-19T08:22:10.277+0000][33.800s][info ][gc          ] GC(57) Pause Young (Concurrent Start) (G1 Evacuation Pause) 261M->119M(305M) 39.249ms
[2025-03-19T08:22:10.277+0000][33.800s][info ][gc,cpu      ] GC(57) User=0.11s Sys=0.00s Real=0.04s
[2025-03-19T08:22:10.277+0000][33.800s][info ][safepoint   ] Safepoint "G1CollectForAllocation", Time since last: 934330927 ns, Reaching safepoint: 175002 ns, Cleanup: 198087 ns, At safepoint: 39345610 ns, Total: 39718699 ns
[2025-03-19T08:22:10.278+0000][33.801s][info ][gc          ] GC(58) Concurrent Mark Cycle
[2025-03-19T08:22:10.278+0000][33.801s][info ][gc,marking  ] GC(58) Concurrent Clear Claimed Marks
[2025-03-19T08:22:10.278+0000][33.802s][info ][gc,marking  ] GC(58) Concurrent Clear Claimed Marks 0.139ms
[2025-03-19T08:22:10.278+0000][33.802s][info ][gc,marking  ] GC(58) Concurrent Scan Root Regions
[2025-03-19T08:22:10.300+0000][33.823s][info ][gc,marking  ] GC(58) Concurrent Scan Root Regions 21.687ms
[2025-03-19T08:22:10.300+0000][33.823s][info ][gc,marking  ] GC(58) Concurrent Mark
[2025-03-19T08:22:10.300+0000][33.823s][info ][gc,marking  ] GC(58) Concurrent Mark From Roots
[2025-03-19T08:22:10.300+0000][33.823s][info ][gc,task     ] GC(58) Using 1 workers of 1 for marking
[2025-03-19T08:22:10.714+0000][34.237s][info ][gc,marking  ] GC(58) Concurrent Mark From Roots 413.847ms
[2025-03-19T08:22:10.714+0000][34.237s][info ][gc,marking  ] GC(58) Concurrent Preclean
[2025-03-19T08:22:10.714+0000][34.238s][info ][gc,marking  ] GC(58) Concurrent Preclean 0.349ms
[2025-03-19T08:22:10.715+0000][34.239s][debug][safepoint   ] Safepoint synchronization initiated using futex wait barrier. (54 threads)
[2025-03-19T08:22:10.715+0000][34.239s][info ][gc,start    ] GC(58) Pause Remark
[2025-03-19T08:22:10.724+0000][34.248s][info ][gc          ] GC(58) Pause Remark 175M->175M(305M) 9.031ms
[2025-03-19T08:22:10.724+0000][34.248s][info ][gc,cpu      ] GC(58) User=0.03s Sys=0.00s Real=0.01s
[2025-03-19T08:22:10.724+0000][34.248s][info ][safepoint   ] Safepoint "G1PauseRemark", Time since last: 438596543 ns, Reaching safepoint: 32665 ns, Cleanup: 35246 ns, At safepoint: 9159437 ns, Total: 9227348 ns
[2025-03-19T08:22:10.724+0000][34.248s][info ][gc,marking  ] GC(58) Concurrent Mark 424.440ms
[2025-03-19T08:22:10.724+0000][34.248s][info ][gc,marking  ] GC(58) Concurrent Rebuild Remembered Sets
[2025-03-19T08:22:10.920+0000][34.443s][info ][gc,marking  ] GC(58) Concurrent Rebuild Remembered Sets 195.592ms
[2025-03-19T08:22:10.920+0000][34.443s][debug][safepoint   ] Safepoint synchronization initiated using futex wait barrier. (54 threads)
[2025-03-19T08:22:10.920+0000][34.444s][info ][gc,start    ] GC(58) Pause Cleanup
[2025-03-19T08:22:10.920+0000][34.444s][info ][gc          ] GC(58) Pause Cleanup 204M->204M(305M) 0.110ms
[2025-03-19T08:22:10.920+0000][34.444s][info ][gc,cpu      ] GC(58) User=0.00s Sys=0.00s Real=0.00s
[2025-03-19T08:22:10.920+0000][34.444s][info ][safepoint   ] Safepoint "G1PauseCleanup", Time since last: 195747911 ns, Reaching safepoint: 16730 ns, Cleanup: 14601 ns, At safepoint: 148394 ns, Total: 179725 ns
[2025-03-19T08:22:10.920+0000][34.444s][info ][gc,marking  ] GC(58) Concurrent Cleanup for Next Mark
[2025-03-19T08:22:10.921+0000][34.444s][info ][gc,marking  ] GC(58) Concurrent Cleanup for Next Mark 0.768ms
[2025-03-19T08:22:10.921+0000][34.444s][info ][gc          ] GC(58) Concurrent Mark Cycle 643.060ms
[2025-03-19T08:22:11.152+0000][34.675s][debug][safepoint   ] Safepoint synchronization initiated using futex wait barrier. (54 threads)
[2025-03-19T08:22:11.152+0000][34.675s][info ][gc,start    ] GC(59) Pause Young (Prepare Mixed) (G1 Evacuation Pause)
[2025-03-19T08:22:11.152+0000][34.675s][info ][gc,task     ] GC(59) Using 4 workers of 4 for evacuation
[2025-03-19T08:22:11.164+0000][34.687s][info ][gc,phases   ] GC(59)   Pre Evacuate Collection Set: 0.1ms
[2025-03-19T08:22:11.164+0000][34.687s][info ][gc,phases   ] GC(59)   Merge Heap Roots: 0.2ms
[2025-03-19T08:22:11.164+0000][34.687s][info ][gc,phases   ] GC(59)   Evacuate Collection Set: 10.2ms
[2025-03-19T08:22:11.164+0000][34.687s][info ][gc,phases   ] GC(59)   Post Evacuate Collection Set: 1.3ms
[2025-03-19T08:22:11.164+0000][34.687s][info ][gc,phases   ] GC(59)   Other: 0.1ms
[2025-03-19T08:22:11.164+0000][34.687s][info ][gc,heap     ] GC(59) Eden regions: 140->0(5)
[2025-03-19T08:22:11.164+0000][34.687s][info ][gc,heap     ] GC(59) Survivor regions: 5->10(19)
[2025-03-19T08:22:11.164+0000][34.687s][info ][gc,heap     ] GC(59) Old regions: 115->115
[2025-03-19T08:22:11.164+0000][34.687s][info ][gc,heap     ] GC(59) Archive regions: 2->2
[2025-03-19T08:22:11.164+0000][34.687s][info ][gc,heap     ] GC(59) Humongous regions: 0->0
[2025-03-19T08:22:11.164+0000][34.687s][info ][gc,metaspace] GC(59) Metaspace: 138307K(139328K)->138307K(139328K) NonClass: 121125K(121664K)->121125K(121664K) Class: 17181K(17664K)->17181K(17664K)
[2025-03-19T08:22:11.164+0000][34.687s][info ][gc          ] GC(59) Pause Young (Prepare Mixed) (G1 Evacuation Pause) 259M->125M(305M) 11.901ms
[2025-03-19T08:22:11.164+0000][34.687s][info ][gc,cpu      ] GC(59) User=0.04s Sys=0.00s Real=0.01s
[2025-03-19T08:22:11.164+0000][34.687s][info ][safepoint   ] Safepoint "G1CollectForAllocation", Time since last: 231541932 ns, Reaching safepoint: 53289 ns, Cleanup: 4693 ns, At safepoint: 11968872 ns, Total: 12026854 ns
[2025-03-19T08:22:11.192+0000][34.715s][debug][safepoint   ] Safepoint synchronization initiated using futex wait barrier. (54 threads)
[2025-03-19T08:22:11.192+0000][34.715s][info ][gc,start    ] GC(60) Pause Young (Mixed) (G1 Evacuation Pause)
[2025-03-19T08:22:11.192+0000][34.715s][info ][gc,task     ] GC(60) Using 4 workers of 4 for evacuation
[2025-03-19T08:22:11.210+0000][34.733s][info ][gc,phases   ] GC(60)   Pre Evacuate Collection Set: 0.1ms
[2025-03-19T08:22:11.210+0000][34.733s][info ][gc,phases   ] GC(60)   Merge Heap Roots: 0.1ms
[2025-03-19T08:22:11.210+0000][34.733s][info ][gc,phases   ] GC(60)   Evacuate Collection Set: 16.3ms
[2025-03-19T08:22:11.210+0000][34.733s][info ][gc,phases   ] GC(60)   Post Evacuate Collection Set: 1.4ms
[2025-03-19T08:22:11.210+0000][34.733s][info ][gc,phases   ] GC(60)   Other: 0.1ms
[2025-03-19T08:22:11.210+0000][34.733s][info ][gc,heap     ] GC(60) Eden regions: 5->0(135)
[2025-03-19T08:22:11.210+0000][34.733s][info ][gc,heap     ] GC(60) Survivor regions: 10->2(2)
[2025-03-19T08:22:11.210+0000][34.733s][info ][gc,heap     ] GC(60) Old regions: 115->122
[2025-03-19T08:22:11.210+0000][34.733s][info ][gc,heap     ] GC(60) Archive regions: 2->2
[2025-03-19T08:22:11.210+0000][34.733s][info ][gc,heap     ] GC(60) Humongous regions: 0->0
[2025-03-19T08:22:11.210+0000][34.733s][info ][gc,metaspace] GC(60) Metaspace: 138466K(139456K)->138466K(139456K) NonClass: 121281K(121792K)->121281K(121792K) Class: 17185K(17664K)->17185K(17664K)
[2025-03-19T08:22:11.210+0000][34.733s][info ][gc          ] GC(60) Pause Young (Mixed) (G1 Evacuation Pause) 130M->124M(305M) 18.139ms
[2025-03-19T08:22:11.210+0000][34.733s][info ][gc,cpu      ] GC(60) User=0.06s Sys=0.00s Real=0.02s
[2025-03-19T08:22:11.210+0000][34.733s][info ][safepoint   ] Safepoint "G1CollectForAllocation", Time since last: 27577781 ns, Reaching safepoint: 49389 ns, Cleanup: 4430 ns, At safepoint: 18319609 ns, Total: 18373428 ns
[2025-03-19T08:22:11.945+0000][35.469s][debug][safepoint   ] Safepoint synchronization initiated using futex wait barrier. (58 threads)
[2025-03-19T08:22:11.945+0000][35.469s][info ][gc,start    ] GC(61) Pause Young (Normal) (G1 Evacuation Pause)
[2025-03-19T08:22:11.945+0000][35.469s][info ][gc,task     ] GC(61) Using 4 workers of 4 for evacuation
[2025-03-19T08:22:11.963+0000][35.486s][info ][gc,phases   ] GC(61)   Pre Evacuate Collection Set: 0.1ms
[2025-03-19T08:22:11.963+0000][35.486s][info ][gc,phases   ] GC(61)   Merge Heap Roots: 0.1ms
[2025-03-19T08:22:11.963+0000][35.486s][info ][gc,phases   ] GC(61)   Evacuate Collection Set: 11.9ms
[2025-03-19T08:22:11.963+0000][35.486s][info ][gc,phases   ] GC(61)   Post Evacuate Collection Set: 5.1ms
[2025-03-19T08:22:11.963+0000][35.486s][info ][gc,phases   ] GC(61)   Other: 0.1ms
[2025-03-19T08:22:11.963+0000][35.486s][info ][gc,heap     ] GC(61) Eden regions: 135->0(482)
[2025-03-19T08:22:11.963+0000][35.486s][info ][gc,heap     ] GC(61) Survivor regions: 2->5(18)
[2025-03-19T08:22:11.963+0000][35.486s][info ][gc,heap     ] GC(61) Old regions: 122->122
[2025-03-19T08:22:11.963+0000][35.486s][info ][gc,heap     ] GC(61) Archive regions: 2->2
[2025-03-19T08:22:11.963+0000][35.486s][info ][gc,heap     ] GC(61) Humongous regions: 0->0
[2025-03-19T08:22:11.963+0000][35.486s][info ][gc,metaspace] GC(61) Metaspace: 141237K(142336K)->141237K(142336K) NonClass: 123881K(124480K)->123881K(124480K) Class: 17356K(17856K)->17356K(17856K)
[2025-03-19T08:22:11.963+0000][35.486s][info ][gc          ] GC(61) Pause Young (Normal) (G1 Evacuation Pause) 259M->127M(812M) 17.382ms
[2025-03-19T08:22:11.963+0000][35.486s][info ][gc,cpu      ] GC(61) User=0.05s Sys=0.00s Real=0.01s
[2025-03-19T08:22:11.963+0000][35.486s][info ][safepoint   ] Safepoint "G1CollectForAllocation", Time since last: 735368610 ns, Reaching safepoint: 47200 ns, Cleanup: 70373 ns, At safepoint: 17594594 ns, Total: 17712167 ns
[2025-03-19T08:22:12.468+0000][35.991s][info ][cds,heap    ] initialize_from_archived_subgraph jdk.internal.math.FDBigInteger 0x000076583314d8f0
[2025-03-19T08:22:12.963+0000][36.486s][debug][safepoint   ] Safepoint synchronization initiated using futex wait barrier. (73 threads)
[2025-03-19T08:22:12.963+0000][36.487s][info ][safepoint   ] Safepoint "Cleanup", Time since last: 1000116017 ns, Reaching safepoint: 73721 ns, Cleanup: 133731 ns, At safepoint: 4710 ns, Total: 212162 ns
[2025-03-19T08:22:14.153+0000][37.677s][debug][safepoint   ] Safepoint synchronization initiated using futex wait barrier. (77 threads)
[2025-03-19T08:22:14.154+0000][37.677s][info ][safepoint   ] Safepoint "Cleanup", Time since last: 1190084512 ns, Reaching safepoint: 103525 ns, Cleanup: 80764 ns, At safepoint: 2280 ns, Total: 186569 ns
[2025-03-19T08:22:14.615+0000][38.138s][debug][safepoint   ] Safepoint synchronization initiated using futex wait barrier. (78 threads)
[2025-03-19T08:22:14.615+0000][38.138s][info ][safepoint   ] Safepoint "ICBufferFull", Time since last: 461135303 ns, Reaching safepoint: 68199 ns, Cleanup: 174946 ns, At safepoint: 8101 ns, Total: 251246 ns
[2025-03-19T08:22:14.879+0000][38.403s][debug][safepoint   ] Safepoint synchronization initiated using futex wait barrier. (78 threads)
[2025-03-19T08:22:14.880+0000][38.403s][info ][gc,start    ] GC(62) Pause Young (Normal) (G1 Evacuation Pause)
[2025-03-19T08:22:14.880+0000][38.403s][info ][gc,task     ] GC(62) Using 4 workers of 4 for evacuation
[2025-03-19T08:22:14.932+0000][38.456s][info ][gc,phases   ] GC(62)   Pre Evacuate Collection Set: 0.1ms
[2025-03-19T08:22:14.932+0000][38.456s][info ][gc,phases   ] GC(62)   Merge Heap Roots: 0.3ms
[2025-03-19T08:22:14.932+0000][38.456s][info ][gc,phases   ] GC(62)   Evacuate Collection Set: 48.9ms
[2025-03-19T08:22:14.932+0000][38.456s][info ][gc,phases   ] GC(62)   Post Evacuate Collection Set: 2.8ms
[2025-03-19T08:22:14.932+0000][38.456s][info ][gc,phases   ] GC(62)   Other: 0.6ms
[2025-03-19T08:22:14.932+0000][38.456s][info ][gc,heap     ] GC(62) Eden regions: 482->0(470)
[2025-03-19T08:22:14.932+0000][38.456s][info ][gc,heap     ] GC(62) Survivor regions: 5->17(61)
[2025-03-19T08:22:14.932+0000][38.456s][info ][gc,heap     ] GC(62) Old regions: 122->122
[2025-03-19T08:22:14.932+0000][38.456s][info ][gc,heap     ] GC(62) Archive regions: 2->2
[2025-03-19T08:22:14.932+0000][38.456s][info ][gc,heap     ] GC(62) Humongous regions: 0->0
[2025-03-19T08:22:14.932+0000][38.456s][info ][gc,metaspace] GC(62) Metaspace: 151582K(152704K)->151582K(152704K) NonClass: 132965K(133568K)->132965K(133568K) Class: 18616K(19136K)->18616K(19136K)
[2025-03-19T08:22:14.932+0000][38.456s][info ][gc          ] GC(62) Pause Young (Normal) (G1 Evacuation Pause) 609M->139M(812M) 52.781ms
[2025-03-19T08:22:14.932+0000][38.456s][info ][gc,cpu      ] GC(62) User=0.18s Sys=0.01s Real=0.05s
[2025-03-19T08:22:14.932+0000][38.456s][info ][safepoint   ] Safepoint "G1CollectForAllocation", Time since last: 264448740 ns, Reaching safepoint: 63043 ns, Cleanup: 28270 ns, At safepoint: 52936035 ns, Total: 53027348 ns
[2025-03-19T08:22:16.088+0000][39.612s][debug][safepoint   ] Safepoint synchronization initiated using futex wait barrier. (78 threads)
[2025-03-19T08:22:16.089+0000][39.612s][info ][safepoint   ] Safepoint "Cleanup", Time since last: 1155997845 ns, Reaching safepoint: 41314 ns, Cleanup: 84375 ns, At safepoint: 3874 ns, Total: 129563 ns
[2025-03-19T08:22:17.070+0000][40.593s][debug][safepoint   ] Safepoint synchronization initiated using futex wait barrier. (83 threads)
[2025-03-19T08:22:17.070+0000][40.594s][info ][safepoint   ] Safepoint "ICBufferFull", Time since last: 981524120 ns, Reaching safepoint: 120710 ns, Cleanup: 133501 ns, At safepoint: 3902 ns, Total: 258113 ns
[2025-03-19T08:22:17.247+0000][40.770s][debug][safepoint   ] Safepoint synchronization initiated using futex wait barrier. (83 threads)
[2025-03-19T08:22:17.247+0000][40.770s][info ][gc,start    ] GC(63) Pause Young (Normal) (G1 Evacuation Pause)
[2025-03-19T08:22:17.247+0000][40.770s][info ][gc,task     ] GC(63) Using 4 workers of 4 for evacuation
[2025-03-19T08:22:17.279+0000][40.802s][info ][gc,phases   ] GC(63)   Pre Evacuate Collection Set: 0.1ms
[2025-03-19T08:22:17.279+0000][40.802s][info ][gc,phases   ] GC(63)   Merge Heap Roots: 0.2ms
[2025-03-19T08:22:17.279+0000][40.802s][info ][gc,phases   ] GC(63)   Evacuate Collection Set: 29.6ms
[2025-03-19T08:22:17.279+0000][40.802s][info ][gc,phases   ] GC(63)   Post Evacuate Collection Set: 2.5ms
[2025-03-19T08:22:17.279+0000][40.802s][info ][gc,phases   ] GC(63)   Other: 0.1ms
[2025-03-19T08:22:17.279+0000][40.802s][info ][gc,heap     ] GC(63) Eden regions: 470->0(460)
[2025-03-19T08:22:17.279+0000][40.802s][info ][gc,heap     ] GC(63) Survivor regions: 17->27(61)
[2025-03-19T08:22:17.279+0000][40.802s][info ][gc,heap     ] GC(63) Old regions: 122->122
[2025-03-19T08:22:17.279+0000][40.803s][info ][gc,heap     ] GC(63) Archive regions: 2->2
[2025-03-19T08:22:17.279+0000][40.803s][info ][gc,heap     ] GC(63) Humongous regions: 0->0
[2025-03-19T08:22:17.279+0000][40.803s][info ][gc,metaspace] GC(63) Metaspace: 157213K(158336K)->157213K(158336K) NonClass: 137722K(138304K)->137722K(138304K) Class: 19491K(20032K)->19491K(20032K)
[2025-03-19T08:22:17.279+0000][40.803s][info ][gc          ] GC(63) Pause Young (Normal) (G1 Evacuation Pause) 609M->149M(812M) 32.642ms
[2025-03-19T08:22:17.279+0000][40.803s][info ][gc,cpu      ] GC(63) User=0.12s Sys=0.01s Real=0.03s
[2025-03-19T08:22:17.279+0000][40.803s][info ][safepoint   ] Safepoint "G1CollectForAllocation", Time since last: 176166602 ns, Reaching safepoint: 40902 ns, Cleanup: 21888 ns, At safepoint: 32796483 ns, Total: 32859273 ns
[2025-03-19T08:22:18.066+0000][41.589s][debug][safepoint   ] Safepoint synchronization initiated using futex wait barrier. (114 threads)
[2025-03-19T08:22:18.066+0000][41.589s][debug][safepoint   ] ... found polling page loop exception at pc = 0x000076589d1a8dca, stub =0x000076589c98f400
[2025-03-19T08:22:18.066+0000][41.590s][info ][safepoint   ] Safepoint "ICBufferFull", Time since last: 781450783 ns, Reaching safepoint: 5322623 ns, Cleanup: 164644 ns, At safepoint: 73318 ns, Total: 5560585 ns
[2025-03-19T08:22:18.072+0000][41.595s][debug][safepoint   ] Safepoint synchronization initiated using futex wait barrier. (117 threads)
[2025-03-19T08:22:18.073+0000][41.596s][info ][safepoint   ] Safepoint "ICBufferFull", Time since last: 3628625 ns, Reaching safepoint: 2263181 ns, Cleanup: 8838 ns, At safepoint: 284356 ns, Total: 2556375 ns
[2025-03-19T08:22:18.976+0000][42.500s][debug][safepoint   ] ... found polling page loop exception at pc = 0x000076589d0abef5, stub =0x000076589c98f400
[2025-03-19T08:22:19.156+0000][42.679s][debug][safepoint   ] Safepoint synchronization initiated using futex wait barrier. (176 threads)
[2025-03-19T08:22:19.158+0000][42.681s][info ][safepoint   ] Safepoint "ICBufferFull", Time since last: 1083196138 ns, Reaching safepoint: 2165187 ns, Cleanup: 171577 ns, At safepoint: 20983 ns, Total: 2357747 ns
[2025-03-19T08:22:19.510+0000][43.033s][debug][safepoint   ] Safepoint synchronization initiated using futex wait barrier. (177 threads)
[2025-03-19T08:22:19.510+0000][43.033s][info ][gc,start    ] GC(64) Pause Young (Normal) (G1 Evacuation Pause)
[2025-03-19T08:22:19.510+0000][43.033s][info ][gc,task     ] GC(64) Using 4 workers of 4 for evacuation
[2025-03-19T08:22:19.588+0000][43.112s][info ][gc,phases   ] GC(64)   Pre Evacuate Collection Set: 0.2ms
[2025-03-19T08:22:19.588+0000][43.112s][info ][gc,phases   ] GC(64)   Merge Heap Roots: 0.3ms
[2025-03-19T08:22:19.589+0000][43.112s][info ][gc,phases   ] GC(64)   Evacuate Collection Set: 65.6ms
[2025-03-19T08:22:19.589+0000][43.112s][info ][gc,phases   ] GC(64)   Post Evacuate Collection Set: 12.3ms
[2025-03-19T08:22:19.589+0000][43.112s][info ][gc,phases   ] GC(64)   Other: 0.2ms
[2025-03-19T08:22:19.589+0000][43.112s][info ][gc,heap     ] GC(64) Eden regions: 460->0(452)
[2025-03-19T08:22:19.589+0000][43.112s][info ][gc,heap     ] GC(64) Survivor regions: 27->35(61)
[2025-03-19T08:22:19.589+0000][43.112s][info ][gc,heap     ] GC(64) Old regions: 122->122
[2025-03-19T08:22:19.589+0000][43.112s][info ][gc,heap     ] GC(64) Archive regions: 2->2
[2025-03-19T08:22:19.589+0000][43.112s][info ][gc,heap     ] GC(64) Humongous regions: 0->0
[2025-03-19T08:22:19.589+0000][43.112s][info ][gc,metaspace] GC(64) Metaspace: 167306K(168512K)->167306K(168512K) NonClass: 146575K(147200K)->146575K(147200K) Class: 20730K(21312K)->20730K(21312K)
[2025-03-19T08:22:19.589+0000][43.112s][info ][gc          ] GC(64) Pause Young (Normal) (G1 Evacuation Pause) 609M->157M(812M) 78.730ms
[2025-03-19T08:22:19.589+0000][43.112s][info ][gc,cpu      ] GC(64) User=0.16s Sys=0.01s Real=0.08s
[2025-03-19T08:22:19.590+0000][43.114s][info ][safepoint   ] Safepoint "G1CollectForAllocation", Time since last: 351554154 ns, Reaching safepoint: 52211 ns, Cleanup: 105718 ns, At safepoint: 80385409 ns, Total: 80543338 ns
[2025-03-19T08:22:20.642+0000][44.166s][debug][safepoint   ] Safepoint synchronization initiated using futex wait barrier. (192 threads)
[2025-03-19T08:22:20.642+0000][44.166s][debug][safepoint   ] ... found polling page loop exception at pc = 0x000076589d1a8cac, stub =0x000076589c98f400
[2025-03-19T08:22:20.651+0000][44.175s][info ][safepoint   ] Safepoint "Cleanup", Time since last: 1052140634 ns, Reaching safepoint: 199282 ns, Cleanup: 117178 ns, At safepoint: 8732172 ns, Total: 9048632 ns
[2025-03-19T08:22:21.004+0000][44.527s][debug][safepoint   ] Safepoint synchronization initiated using futex wait barrier. (207 threads)
[2025-03-19T08:22:21.004+0000][44.528s][info ][safepoint   ] Safepoint "ICBufferFull", Time since last: 352501220 ns, Reaching safepoint: 173899 ns, Cleanup: 137131 ns, At safepoint: 18297 ns, Total: 329327 ns
[2025-03-19T08:22:21.280+0000][44.804s][debug][safepoint   ] Safepoint synchronization initiated using futex wait barrier. (209 threads)
[2025-03-19T08:22:21.281+0000][44.804s][info ][safepoint   ] Safepoint "ICBufferFull", Time since last: 276087736 ns, Reaching safepoint: 348846 ns, Cleanup: 125216 ns, At safepoint: 14916 ns, Total: 488978 ns
[2025-03-19T08:22:21.711+0000][45.234s][debug][safepoint   ] Safepoint synchronization initiated using futex wait barrier. (211 threads)
[2025-03-19T08:22:21.711+0000][45.235s][info ][safepoint   ] Safepoint "ICBufferFull", Time since last: 430261064 ns, Reaching safepoint: 54296 ns, Cleanup: 155095 ns, At safepoint: 79985 ns, Total: 289376 ns
[2025-03-19T08:22:22.711+0000][46.235s][debug][safepoint   ] Safepoint synchronization initiated using futex wait barrier. (210 threads)
[2025-03-19T08:22:22.712+0000][46.235s][info ][safepoint   ] Safepoint "Cleanup", Time since last: 1000077854 ns, Reaching safepoint: 38037 ns, Cleanup: 26601 ns, At safepoint: 3934 ns, Total: 68572 ns
[2025-03-19T08:22:23.105+0000][46.628s][debug][safepoint   ] Safepoint synchronization initiated using futex wait barrier. (210 threads)
[2025-03-19T08:22:23.105+0000][46.628s][info ][gc,start    ] GC(65) Pause Young (Normal) (G1 Evacuation Pause)
[2025-03-19T08:22:23.105+0000][46.628s][info ][gc,task     ] GC(65) Using 4 workers of 4 for evacuation
[2025-03-19T08:22:23.148+0000][46.672s][info ][gc,phases   ] GC(65)   Pre Evacuate Collection Set: 0.2ms
[2025-03-19T08:22:23.148+0000][46.672s][info ][gc,phases   ] GC(65)   Merge Heap Roots: 0.2ms
[2025-03-19T08:22:23.148+0000][46.672s][info ][gc,phases   ] GC(65)   Evacuate Collection Set: 40.7ms
[2025-03-19T08:22:23.148+0000][46.672s][info ][gc,phases   ] GC(65)   Post Evacuate Collection Set: 2.2ms
[2025-03-19T08:22:23.148+0000][46.672s][info ][gc,phases   ] GC(65)   Other: 0.2ms
[2025-03-19T08:22:23.148+0000][46.672s][info ][gc,heap     ] GC(65) Eden regions: 452->0(449)
[2025-03-19T08:22:23.148+0000][46.672s][info ][gc,heap     ] GC(65) Survivor regions: 35->38(61)
[2025-03-19T08:22:23.148+0000][46.672s][info ][gc,heap     ] GC(65) Old regions: 122->127
[2025-03-19T08:22:23.148+0000][46.672s][info ][gc,heap     ] GC(65) Archive regions: 2->2
[2025-03-19T08:22:23.148+0000][46.672s][info ][gc,heap     ] GC(65) Humongous regions: 0->0
[2025-03-19T08:22:23.148+0000][46.672s][info ][gc,metaspace] GC(65) Metaspace: 174253K(175488K)->174253K(175488K) NonClass: 152601K(153216K)->152601K(153216K) Class: 21652K(22272K)->21652K(22272K)
[2025-03-19T08:22:23.148+0000][46.672s][info ][gc          ] GC(65) Pause Young (Normal) (G1 Evacuation Pause) 609M->165M(812M) 43.539ms
[2025-03-19T08:22:23.149+0000][46.672s][info ][gc,cpu      ] GC(65) User=0.16s Sys=0.00s Real=0.04s
[2025-03-19T08:22:23.149+0000][46.672s][info ][safepoint   ] Safepoint "G1CollectForAllocation", Time since last: 393326303 ns, Reaching safepoint: 41836 ns, Cleanup: 15363 ns, At safepoint: 43923560 ns, Total: 43980759 ns
[2025-03-19T08:22:24.150+0000][47.673s][debug][safepoint   ] Safepoint synchronization initiated using futex wait barrier. (212 threads)
[2025-03-19T08:22:24.150+0000][47.673s][info ][safepoint   ] Safepoint "Cleanup", Time since last: 1000909196 ns, Reaching safepoint: 74229 ns, Cleanup: 46871 ns, At safepoint: 12081 ns, Total: 133181 ns
[2025-03-19T08:22:24.440+0000][47.963s][debug][safepoint   ] Safepoint synchronization initiated using futex wait barrier. (212 threads)
[2025-03-19T08:22:24.440+0000][47.963s][debug][safepoint   ] ... found polling page loop exception at pc = 0x000076589d904083, stub =0x000076589c98eb80
[2025-03-19T08:22:24.440+0000][47.964s][info ][safepoint   ] Safepoint "ICBufferFull", Time since last: 290117101 ns, Reaching safepoint: 174717 ns, Cleanup: 119349 ns, At safepoint: 14369 ns, Total: 308435 ns
[2025-03-19T08:22:24.979+0000][48.502s][debug][safepoint   ] Safepoint synchronization initiated using futex wait barrier. (214 threads)
[2025-03-19T08:22:24.979+0000][48.502s][info ][safepoint   ] Safepoint "ICBufferFull", Time since last: 538325845 ns, Reaching safepoint: 60080 ns, Cleanup: 161751 ns, At safepoint: 8997 ns, Total: 230828 ns
[2025-03-19T08:22:25.535+0000][49.059s][debug][safepoint   ] Safepoint synchronization initiated using futex wait barrier. (214 threads)
[2025-03-19T08:22:25.536+0000][49.059s][info ][safepoint   ] Safepoint "ICBufferFull", Time since last: 556496720 ns, Reaching safepoint: 65140 ns, Cleanup: 125568 ns, At safepoint: 12673 ns, Total: 203381 ns
[2025-03-19T08:22:26.536+0000][50.059s][debug][safepoint   ] Safepoint synchronization initiated using futex wait barrier. (213 threads)
[2025-03-19T08:22:26.536+0000][50.059s][info ][safepoint   ] Safepoint "Cleanup", Time since last: 1000123477 ns, Reaching safepoint: 80284 ns, Cleanup: 32668 ns, At safepoint: 7798 ns, Total: 120750 ns
[2025-03-19T08:22:27.536+0000][51.059s][debug][safepoint   ] Safepoint synchronization initiated using futex wait barrier. (213 threads)
[2025-03-19T08:22:27.536+0000][51.059s][info ][safepoint   ] Safepoint "Cleanup", Time since last: 1000098689 ns, Reaching safepoint: 96584 ns, Cleanup: 29855 ns, At safepoint: 8052 ns, Total: 134491 ns
[2025-03-19T08:22:28.536+0000][52.059s][debug][safepoint   ] Safepoint synchronization initiated using futex wait barrier. (213 threads)
[2025-03-19T08:22:28.536+0000][52.060s][info ][safepoint   ] Safepoint "Cleanup", Time since last: 1000094573 ns, Reaching safepoint: 78024 ns, Cleanup: 17822 ns, At safepoint: 7422 ns, Total: 103268 ns
[2025-03-19T08:22:32.537+0000][56.060s][debug][safepoint   ] Safepoint synchronization initiated using futex wait barrier. (212 threads)
[2025-03-19T08:22:32.537+0000][56.060s][info ][safepoint   ] Safepoint "Cleanup", Time since last: 4000373780 ns, Reaching safepoint: 74523 ns, Cleanup: 15284 ns, At safepoint: 6105 ns, Total: 95912 ns
[2025-03-19T08:22:37.596+0000][61.119s][debug][safepoint   ] Safepoint synchronization initiated using futex wait barrier. (212 threads)
[2025-03-19T08:22:37.596+0000][61.119s][info ][safepoint   ] Safepoint "Cleanup", Time since last: 5059108065 ns, Reaching safepoint: 72550 ns, Cleanup: 21004 ns, At safepoint: 5621 ns, Total: 99175 ns
[2025-03-19T08:22:53.181+0000][76.704s][debug][safepoint   ] Safepoint synchronization initiated using futex wait barrier. (211 threads)
[2025-03-19T08:22:53.181+0000][76.705s][info ][gc,start    ] GC(66) Pause Young (Normal) (G1 Evacuation Pause)
[2025-03-19T08:22:53.181+0000][76.705s][info ][gc,task     ] GC(66) Using 4 workers of 4 for evacuation
[2025-03-19T08:22:53.261+0000][76.784s][info ][gc,phases   ] GC(66)   Pre Evacuate Collection Set: 0.2ms
[2025-03-19T08:22:53.261+0000][76.784s][info ][gc,phases   ] GC(66)   Merge Heap Roots: 0.4ms
[2025-03-19T08:22:53.261+0000][76.784s][info ][gc,phases   ] GC(66)   Evacuate Collection Set: 75.6ms
[2025-03-19T08:22:53.261+0000][76.784s][info ][gc,phases   ] GC(66)   Post Evacuate Collection Set: 3.1ms
[2025-03-19T08:22:53.261+0000][76.784s][info ][gc,phases   ] GC(66)   Other: 0.2ms
[2025-03-19T08:22:53.261+0000][76.784s][info ][gc,heap     ] GC(66) Eden regions: 449->0(451)
[2025-03-19T08:22:53.261+0000][76.784s][info ][gc,heap     ] GC(66) Survivor regions: 38->36(61)
[2025-03-19T08:22:53.261+0000][76.784s][info ][gc,heap     ] GC(66) Old regions: 127->137
[2025-03-19T08:22:53.261+0000][76.784s][info ][gc,heap     ] GC(66) Archive regions: 2->2
[2025-03-19T08:22:53.261+0000][76.784s][info ][gc,heap     ] GC(66) Humongous regions: 15->0
[2025-03-19T08:22:53.261+0000][76.784s][info ][gc,metaspace] GC(66) Metaspace: 179997K(181312K)->179997K(181312K) NonClass: 157745K(158400K)->157745K(158400K) Class: 22252K(22912K)->22252K(22912K)
[2025-03-19T08:22:53.261+0000][76.784s][info ][gc          ] GC(66) Pause Young (Normal) (G1 Evacuation Pause) 629M->173M(812M) 79.704ms
[2025-03-19T08:22:53.261+0000][76.784s][info ][gc,cpu      ] GC(66) User=0.29s Sys=0.00s Real=0.08s
[2025-03-19T08:22:53.261+0000][76.785s][info ][safepoint   ] Safepoint "G1CollectForAllocation", Time since last: 15585129529 ns, Reaching safepoint: 136305 ns, Cleanup: 6709 ns, At safepoint: 80166103 ns, Total: 80309117 ns
[2025-03-19T08:22:54.261+0000][77.785s][debug][safepoint   ] Safepoint synchronization initiated using futex wait barrier. (211 threads)
[2025-03-19T08:22:54.262+0000][77.785s][info ][safepoint   ] Safepoint "Cleanup", Time since last: 1000110506 ns, Reaching safepoint: 76891 ns, Cleanup: 23217 ns, At safepoint: 6529 ns, Total: 106637 ns
[2025-03-19T08:22:58.262+0000][81.785s][debug][safepoint   ] Safepoint synchronization initiated using futex wait barrier. (211 threads)
[2025-03-19T08:22:58.262+0000][81.785s][info ][safepoint   ] Safepoint "Cleanup", Time since last: 4000383831 ns, Reaching safepoint: 80542 ns, Cleanup: 17412 ns, At safepoint: 5363 ns, Total: 103317 ns
[2025-03-19T08:23:09.263+0000][92.786s][debug][safepoint   ] Safepoint synchronization initiated using futex wait barrier. (211 threads)
[2025-03-19T08:23:09.263+0000][92.786s][info ][safepoint   ] Safepoint "Cleanup", Time since last: 11000983322 ns, Reaching safepoint: 80581 ns, Cleanup: 22656 ns, At safepoint: 6638 ns, Total: 109875 ns
[2025-03-19T08:23:12.263+0000][95.787s][debug][safepoint   ] Safepoint synchronization initiated using futex wait barrier. (211 threads)
[2025-03-19T08:23:12.264+0000][95.787s][info ][safepoint   ] Safepoint "Cleanup", Time since last: 3000308152 ns, Reaching safepoint: 80013 ns, Cleanup: 17617 ns, At safepoint: 5233 ns, Total: 102863 ns
[2025-03-19T08:23:18.264+0000][101.787s][debug][safepoint   ] Safepoint synchronization initiated using futex wait barrier. (208 threads)
[2025-03-19T08:23:18.264+0000][101.787s][info ][safepoint   ] Safepoint "Cleanup", Time since last: 6000445512 ns, Reaching safepoint: 102188 ns, Cleanup: 20458 ns, At safepoint: 5739 ns, Total: 128385 ns
[2025-03-19T08:23:21.264+0000][104.788s][debug][safepoint   ] Safepoint synchronization initiated using futex wait barrier. (204 threads)
[2025-03-19T08:23:21.264+0000][104.788s][info ][safepoint   ] Safepoint "Cleanup", Time since last: 3000248243 ns, Reaching safepoint: 65048 ns, Cleanup: 16886 ns, At safepoint: 5395 ns, Total: 87329 ns
[2025-03-19T08:23:22.265+0000][105.788s][debug][safepoint   ] Safepoint synchronization initiated using futex wait barrier. (201 threads)
[2025-03-19T08:23:22.265+0000][105.788s][info ][safepoint   ] Safepoint "Cleanup", Time since last: 1000177631 ns, Reaching safepoint: 136052 ns, Cleanup: 19858 ns, At safepoint: 7258 ns, Total: 163168 ns
[2025-03-19T08:23:23.265+0000][106.788s][debug][safepoint   ] Safepoint synchronization initiated using futex wait barrier. (201 threads)
[2025-03-19T08:23:23.265+0000][106.788s][info ][safepoint   ] Safepoint "Cleanup", Time since last: 1000078700 ns, Reaching safepoint: 62384 ns, Cleanup: 13084 ns, At safepoint: 3800 ns, Total: 79268 ns
[2025-03-19T08:23:29.265+0000][112.789s][debug][safepoint   ] Safepoint synchronization initiated using futex wait barrier. (199 threads)
[2025-03-19T08:23:29.265+0000][112.789s][info ][safepoint   ] Safepoint "Cleanup", Time since last: 6000414825 ns, Reaching safepoint: 83946 ns, Cleanup: 25438 ns, At safepoint: 4411 ns, Total: 113795 ns
[2025-03-19T08:23:38.266+0000][121.790s][debug][safepoint   ] Safepoint synchronization initiated using futex wait barrier. (199 threads)
[2025-03-19T08:23:38.266+0000][121.790s][info ][safepoint   ] Safepoint "Cleanup", Time since last: 9000748971 ns, Reaching safepoint: 63198 ns, Cleanup: 15619 ns, At safepoint: 4707 ns, Total: 83524 ns
[2025-03-19T08:23:39.266+0000][122.790s][debug][safepoint   ] Safepoint synchronization initiated using futex wait barrier. (199 threads)
[2025-03-19T08:23:39.266+0000][122.790s][info ][safepoint   ] Safepoint "Cleanup", Time since last: 1000081675 ns, Reaching safepoint: 70218 ns, Cleanup: 15628 ns, At safepoint: 4201 ns, Total: 90047 ns
[2025-03-19T08:23:44.267+0000][127.790s][debug][safepoint   ] Safepoint synchronization initiated using futex wait barrier. (199 threads)
[2025-03-19T08:23:44.267+0000][127.790s][info ][safepoint   ] Safepoint "Cleanup", Time since last: 5000366718 ns, Reaching safepoint: 78499 ns, Cleanup: 14826 ns, At safepoint: 4097 ns, Total: 97422 ns
[2025-03-19T08:23:56.268+0000][139.791s][debug][safepoint   ] Safepoint synchronization initiated using futex wait barrier. (199 threads)
[2025-03-19T08:23:56.268+0000][139.791s][info ][safepoint   ] Safepoint "Cleanup", Time since last: 12000862953 ns, Reaching safepoint: 89499 ns, Cleanup: 17277 ns, At safepoint: 6959 ns, Total: 113735 ns
[2025-03-19T08:24:09.269+0000][152.792s][debug][safepoint   ] Safepoint synchronization initiated using futex wait barrier. (199 threads)
[2025-03-19T08:24:09.269+0000][152.792s][info ][safepoint   ] Safepoint "Cleanup", Time since last: 13001107746 ns, Reaching safepoint: 91966 ns, Cleanup: 18543 ns, At safepoint: 5984 ns, Total: 116493 ns
[2025-03-19T08:24:12.270+0000][155.793s][debug][safepoint   ] Safepoint synchronization initiated using futex wait barrier. (199 threads)
[2025-03-19T08:24:12.270+0000][155.793s][info ][safepoint   ] Safepoint "Cleanup", Time since last: 3000337350 ns, Reaching safepoint: 81606 ns, Cleanup: 17217 ns, At safepoint: 6638 ns, Total: 105461 ns
[2025-03-19T08:24:22.271+0000][165.794s][debug][safepoint   ] Safepoint synchronization initiated using futex wait barrier. (195 threads)
[2025-03-19T08:24:22.271+0000][165.794s][info ][safepoint   ] Safepoint "Cleanup", Time since last: 10000898843 ns, Reaching safepoint: 102097 ns, Cleanup: 19932 ns, At safepoint: 7950 ns, Total: 129979 ns
[2025-03-19T08:24:23.271+0000][166.794s][debug][safepoint   ] Safepoint synchronization initiated using futex wait barrier. (195 threads)
[2025-03-19T08:24:23.271+0000][166.794s][info ][safepoint   ] Safepoint "Cleanup", Time since last: 1000110900 ns, Reaching safepoint: 79921 ns, Cleanup: 21407 ns, At safepoint: 5553 ns, Total: 106881 ns
[2025-03-19T08:24:29.271+0000][172.795s][debug][safepoint   ] Safepoint synchronization initiated using futex wait barrier. (195 threads)
[2025-03-19T08:24:29.271+0000][172.795s][info ][safepoint   ] Safepoint "Cleanup", Time since last: 6000479073 ns, Reaching safepoint: 88564 ns, Cleanup: 41144 ns, At safepoint: 5640 ns, Total: 135348 ns
[2025-03-19T08:24:33.272+0000][176.795s][debug][safepoint   ] Safepoint synchronization initiated using futex wait barrier. (195 threads)
[2025-03-19T08:24:33.272+0000][176.795s][info ][safepoint   ] Safepoint "Cleanup", Time since last: 4000371676 ns, Reaching safepoint: 74219 ns, Cleanup: 17911 ns, At safepoint: 5474 ns, Total: 97604 ns
