[2025-03-19T13:57:19.972+0000][0.021s][info][gc] Using G1
[2025-03-19T13:57:19.974+0000][0.024s][info][gc,init] Version: 17.0.13+11-Debian-2deb12u1 (release)
[2025-03-19T13:57:19.974+0000][0.024s][info][gc,init] CPUs: 4 total, 4 available
[2025-03-19T13:57:19.974+0000][0.024s][info][gc,init] Memory: 7213M
[2025-03-19T13:57:19.974+0000][0.024s][info][gc,init] Large Page Support: Disabled
[2025-03-19T13:57:19.974+0000][0.024s][info][gc,init] NUMA Support: Disabled
[2025-03-19T13:57:19.974+0000][0.024s][info][gc,init] Compressed Oops: Enabled (32-bit)
[2025-03-19T13:57:19.974+0000][0.024s][info][gc,init] Heap Region Size: 1M
[2025-03-19T13:57:19.974+0000][0.024s][info][gc,init] Heap Min Capacity: 8M
[2025-03-19T13:57:19.974+0000][0.024s][info][gc,init] Heap Initial Capacity: 114M
[2025-03-19T13:57:19.974+0000][0.024s][info][gc,init] Heap Max Capacity: 1804M
[2025-03-19T13:57:19.974+0000][0.024s][info][gc,init] Pre-touch: Disabled
[2025-03-19T13:57:19.974+0000][0.024s][info][gc,init] Parallel Workers: 4
[2025-03-19T13:57:19.974+0000][0.024s][info][gc,init] Concurrent Workers: 1
[2025-03-19T13:57:19.974+0000][0.024s][info][gc,init] Concurrent Refinement Workers: 4
[2025-03-19T13:57:19.974+0000][0.024s][info][gc,init] Periodic GC: Disabled
[2025-03-19T13:57:20.048+0000][0.097s][info][gc,metaspace] CDS archive(s) mapped at: [0x0000797037000000-0x0000797037bc9000-0x0000797037bc9000), size 12357632, SharedBaseAddress: 0x0000797037000000, ArchiveRelocationMode: 1.
[2025-03-19T13:57:20.048+0000][0.098s][info][gc,metaspace] Compressed class space mapped at: 0x0000797038000000-0x0000797078000000, reserved size: 1073741824
[2025-03-19T13:57:20.048+0000][0.098s][info][gc,metaspace] Narrow klass base: 0x0000797037000000, Narrow klass shift: 0, Narrow klass range: 0x100000000
[2025-03-19T13:57:20.063+0000][0.112s][info][cds,heap    ] initialize_from_archived_subgraph java.lang.Module$ArchivedData 0x0000797037183388 (early)
[2025-03-19T13:57:20.064+0000][0.113s][info][cds,heap    ] initialize_from_archived_subgraph java.util.ImmutableCollections 0x0000797037070cd8 (early)
[2025-03-19T13:57:20.066+0000][0.116s][info][cds,heap    ] initialize_from_archived_subgraph java.lang.Integer$IntegerCache 0x0000797037036060 (early)
[2025-03-19T13:57:20.071+0000][0.120s][info][cds,heap    ] initialize_from_archived_subgraph java.lang.module.Configuration 0x0000797037171308 (early)
[2025-03-19T13:57:20.071+0000][0.120s][info][cds,heap    ] initialize_from_archived_subgraph java.lang.ModuleLayer 0x0000797037145c58 (early)
[2025-03-19T13:57:20.071+0000][0.120s][info][cds,heap    ] initialize_from_archived_subgraph jdk.internal.loader.ArchivedClassLoaders 0x00007970371a79f0 (early)
[2025-03-19T13:57:20.071+0000][0.120s][info][cds,heap    ] initialize_from_archived_subgraph jdk.internal.module.ArchivedBootLayer 0x0000797037177f48 (early)
[2025-03-19T13:57:20.073+0000][0.122s][info][cds,heap    ] initialize_from_archived_subgraph sun.util.locale.BaseLocale 0x000079703726bb10
[2025-03-19T13:57:20.096+0000][0.145s][info][cds,heap    ] initialize_from_archived_subgraph java.util.jar.Attributes$Name 0x0000797037199468
[2025-03-19T13:57:20.138+0000][0.187s][info][cds,heap    ] initialize_from_archived_subgraph java.lang.Long$LongCache 0x000079703701f998
[2025-03-19T13:57:20.257+0000][0.306s][info][cds,heap    ] initialize_from_archived_subgraph java.lang.Character$CharacterCache 0x00007970370393e8
[2025-03-19T13:57:20.841+0000][0.890s][debug][safepoint   ] Safepoint synchronization initiated using futex wait barrier. (13 threads)
[2025-03-19T13:57:20.841+0000][0.890s][info ][gc,start    ] GC(0) Pause Young (Normal) (G1 Evacuation Pause)
[2025-03-19T13:57:20.841+0000][0.890s][info ][gc,task     ] GC(0) Using 2 workers of 4 for evacuation
[2025-03-19T13:57:20.849+0000][0.898s][info ][gc,phases   ] GC(0)   Pre Evacuate Collection Set: 0.0ms
[2025-03-19T13:57:20.849+0000][0.898s][info ][gc,phases   ] GC(0)   Merge Heap Roots: 0.1ms
[2025-03-19T13:57:20.849+0000][0.898s][info ][gc,phases   ] GC(0)   Evacuate Collection Set: 6.5ms
[2025-03-19T13:57:20.849+0000][0.898s][info ][gc,phases   ] GC(0)   Post Evacuate Collection Set: 0.7ms
[2025-03-19T13:57:20.849+0000][0.898s][info ][gc,phases   ] GC(0)   Other: 0.2ms
[2025-03-19T13:57:20.849+0000][0.898s][info ][gc,heap     ] GC(0) Eden regions: 37->0(48)
[2025-03-19T13:57:20.849+0000][0.898s][info ][gc,heap     ] GC(0) Survivor regions: 0->5(5)
[2025-03-19T13:57:20.849+0000][0.898s][info ][gc,heap     ] GC(0) Old regions: 0->2
[2025-03-19T13:57:20.849+0000][0.898s][info ][gc,heap     ] GC(0) Archive regions: 2->2
[2025-03-19T13:57:20.849+0000][0.898s][info ][gc,heap     ] GC(0) Humongous regions: 0->0
[2025-03-19T13:57:20.849+0000][0.898s][info ][gc,metaspace] GC(0) Metaspace: 2066K(2304K)->2066K(2304K) NonClass: 1860K(1984K)->1860K(1984K) Class: 205K(320K)->205K(320K)
[2025-03-19T13:57:20.849+0000][0.898s][info ][gc          ] GC(0) Pause Young (Normal) (G1 Evacuation Pause) 37M->7M(116M) 7.613ms
[2025-03-19T13:57:20.849+0000][0.898s][info ][gc,cpu      ] GC(0) User=0.01s Sys=0.00s Real=0.00s
[2025-03-19T13:57:20.849+0000][0.898s][info ][safepoint   ] Safepoint "G1CollectForAllocation", Time since last: 778600083 ns, Reaching safepoint: 38140 ns, Cleanup: 67406 ns, At safepoint: 7705197 ns, Total: 7810743 ns
[2025-03-19T13:57:21.546+0000][1.595s][debug][safepoint   ] Safepoint synchronization initiated using futex wait barrier. (13 threads)
[2025-03-19T13:57:21.546+0000][1.595s][info ][gc,start    ] GC(1) Pause Young (Normal) (G1 Evacuation Pause)
[2025-03-19T13:57:21.546+0000][1.595s][info ][gc,task     ] GC(1) Using 2 workers of 4 for evacuation
[2025-03-19T13:57:21.561+0000][1.610s][info ][gc,phases   ] GC(1)   Pre Evacuate Collection Set: 0.1ms
[2025-03-19T13:57:21.561+0000][1.610s][info ][gc,phases   ] GC(1)   Merge Heap Roots: 0.1ms
[2025-03-19T13:57:21.561+0000][1.610s][info ][gc,phases   ] GC(1)   Evacuate Collection Set: 13.3ms
[2025-03-19T13:57:21.561+0000][1.610s][info ][gc,phases   ] GC(1)   Post Evacuate Collection Set: 0.9ms
[2025-03-19T13:57:21.561+0000][1.610s][info ][gc,phases   ] GC(1)   Other: 0.1ms
[2025-03-19T13:57:21.561+0000][1.610s][info ][gc,heap     ] GC(1) Eden regions: 48->0(63)
[2025-03-19T13:57:21.561+0000][1.610s][info ][gc,heap     ] GC(1) Survivor regions: 5->4(7)
[2025-03-19T13:57:21.561+0000][1.610s][info ][gc,heap     ] GC(1) Old regions: 2->7
[2025-03-19T13:57:21.561+0000][1.610s][info ][gc,heap     ] GC(1) Archive regions: 2->2
[2025-03-19T13:57:21.561+0000][1.610s][info ][gc,heap     ] GC(1) Humongous regions: 0->0
[2025-03-19T13:57:21.561+0000][1.610s][info ][gc,metaspace] GC(1) Metaspace: 3586K(3840K)->3586K(3840K) NonClass: 3212K(3328K)->3212K(3328K) Class: 373K(512K)->373K(512K)
[2025-03-19T13:57:21.561+0000][1.610s][info ][gc          ] GC(1) Pause Young (Normal) (G1 Evacuation Pause) 55M->11M(116M) 14.571ms
[2025-03-19T13:57:21.561+0000][1.610s][info ][gc,cpu      ] GC(1) User=0.03s Sys=0.00s Real=0.02s
[2025-03-19T13:57:21.561+0000][1.610s][info ][safepoint   ] Safepoint "G1CollectForAllocation", Time since last: 697217044 ns, Reaching safepoint: 55209 ns, Cleanup: 78521 ns, At safepoint: 14648210 ns, Total: 14781940 ns
[2025-03-19T13:57:22.203+0000][2.252s][debug][safepoint   ] Safepoint synchronization initiated using futex wait barrier. (14 threads)
[2025-03-19T13:57:22.203+0000][2.252s][info ][gc,start    ] GC(2) Pause Young (Normal) (G1 Evacuation Pause)
[2025-03-19T13:57:22.203+0000][2.252s][info ][gc,task     ] GC(2) Using 2 workers of 4 for evacuation
[2025-03-19T13:57:22.214+0000][2.263s][info ][gc,phases   ] GC(2)   Pre Evacuate Collection Set: 0.1ms
[2025-03-19T13:57:22.214+0000][2.263s][info ][gc,phases   ] GC(2)   Merge Heap Roots: 0.0ms
[2025-03-19T13:57:22.214+0000][2.263s][info ][gc,phases   ] GC(2)   Evacuate Collection Set: 9.8ms
[2025-03-19T13:57:22.214+0000][2.263s][info ][gc,phases   ] GC(2)   Post Evacuate Collection Set: 1.1ms
[2025-03-19T13:57:22.214+0000][2.263s][info ][gc,phases   ] GC(2)   Other: 0.2ms
[2025-03-19T13:57:22.214+0000][2.263s][info ][gc,heap     ] GC(2) Eden regions: 63->0(63)
[2025-03-19T13:57:22.214+0000][2.263s][info ][gc,heap     ] GC(2) Survivor regions: 4->5(9)
[2025-03-19T13:57:22.214+0000][2.263s][info ][gc,heap     ] GC(2) Old regions: 7->7
[2025-03-19T13:57:22.214+0000][2.263s][info ][gc,heap     ] GC(2) Archive regions: 2->2
[2025-03-19T13:57:22.214+0000][2.263s][info ][gc,heap     ] GC(2) Humongous regions: 0->0
[2025-03-19T13:57:22.214+0000][2.263s][info ][gc,metaspace] GC(2) Metaspace: 6205K(6528K)->6205K(6528K) NonClass: 5444K(5568K)->5444K(5568K) Class: 761K(960K)->761K(960K)
[2025-03-19T13:57:22.214+0000][2.264s][info ][gc          ] GC(2) Pause Young (Normal) (G1 Evacuation Pause) 74M->12M(116M) 11.555ms
[2025-03-19T13:57:22.214+0000][2.264s][info ][gc,cpu      ] GC(2) User=0.03s Sys=0.01s Real=0.01s
[2025-03-19T13:57:22.214+0000][2.264s][info ][safepoint   ] Safepoint "G1CollectForAllocation", Time since last: 641929089 ns, Reaching safepoint: 43084 ns, Cleanup: 138341 ns, At safepoint: 11695668 ns, Total: 11877093 ns
[2025-03-19T13:57:22.945+0000][2.994s][debug][safepoint   ] Safepoint synchronization initiated using futex wait barrier. (14 threads)
[2025-03-19T13:57:22.945+0000][2.994s][info ][gc,start    ] GC(3) Pause Young (Normal) (G1 Evacuation Pause)
[2025-03-19T13:57:22.945+0000][2.994s][info ][gc,task     ] GC(3) Using 2 workers of 4 for evacuation
[2025-03-19T13:57:22.953+0000][3.002s][info ][gc,phases   ] GC(3)   Pre Evacuate Collection Set: 0.1ms
[2025-03-19T13:57:22.953+0000][3.002s][info ][gc,phases   ] GC(3)   Merge Heap Roots: 0.0ms
[2025-03-19T13:57:22.953+0000][3.002s][info ][gc,phases   ] GC(3)   Evacuate Collection Set: 7.2ms
[2025-03-19T13:57:22.953+0000][3.002s][info ][gc,phases   ] GC(3)   Post Evacuate Collection Set: 0.6ms
[2025-03-19T13:57:22.953+0000][3.002s][info ][gc,phases   ] GC(3)   Other: 0.1ms
[2025-03-19T13:57:22.953+0000][3.002s][info ][gc,heap     ] GC(3) Eden regions: 63->0(65)
[2025-03-19T13:57:22.953+0000][3.002s][info ][gc,heap     ] GC(3) Survivor regions: 5->3(9)
[2025-03-19T13:57:22.953+0000][3.002s][info ][gc,heap     ] GC(3) Old regions: 7->10
[2025-03-19T13:57:22.953+0000][3.002s][info ][gc,heap     ] GC(3) Archive regions: 2->2
[2025-03-19T13:57:22.953+0000][3.002s][info ][gc,heap     ] GC(3) Humongous regions: 0->0
[2025-03-19T13:57:22.953+0000][3.002s][info ][gc,metaspace] GC(3) Metaspace: 9693K(9984K)->9693K(9984K) NonClass: 8447K(8576K)->8447K(8576K) Class: 1245K(1408K)->1245K(1408K)
[2025-03-19T13:57:22.953+0000][3.002s][info ][gc          ] GC(3) Pause Young (Normal) (G1 Evacuation Pause) 75M->13M(116M) 8.065ms
[2025-03-19T13:57:22.953+0000][3.002s][info ][gc,cpu      ] GC(3) User=0.01s Sys=0.00s Real=0.01s
[2025-03-19T13:57:22.953+0000][3.002s][info ][safepoint   ] Safepoint "G1CollectForAllocation", Time since last: 730239071 ns, Reaching safepoint: 59809 ns, Cleanup: 141701 ns, At safepoint: 8107110 ns, Total: 8308620 ns
[2025-03-19T13:57:23.411+0000][3.460s][debug][safepoint   ] Safepoint synchronization initiated using futex wait barrier. (14 threads)
[2025-03-19T13:57:23.411+0000][3.460s][info ][gc,start    ] GC(4) Pause Young (Normal) (G1 Evacuation Pause)
[2025-03-19T13:57:23.411+0000][3.460s][info ][gc,task     ] GC(4) Using 2 workers of 4 for evacuation
[2025-03-19T13:57:23.422+0000][3.471s][info ][gc,phases   ] GC(4)   Pre Evacuate Collection Set: 0.1ms
[2025-03-19T13:57:23.422+0000][3.471s][info ][gc,phases   ] GC(4)   Merge Heap Roots: 0.1ms
[2025-03-19T13:57:23.422+0000][3.471s][info ][gc,phases   ] GC(4)   Evacuate Collection Set: 10.2ms
[2025-03-19T13:57:23.422+0000][3.471s][info ][gc,phases   ] GC(4)   Post Evacuate Collection Set: 0.7ms
[2025-03-19T13:57:23.422+0000][3.471s][info ][gc,phases   ] GC(4)   Other: 0.1ms
[2025-03-19T13:57:23.422+0000][3.471s][info ][gc,heap     ] GC(4) Eden regions: 65->0(64)
[2025-03-19T13:57:23.422+0000][3.471s][info ][gc,heap     ] GC(4) Survivor regions: 3->4(9)
[2025-03-19T13:57:23.422+0000][3.471s][info ][gc,heap     ] GC(4) Old regions: 10->10
[2025-03-19T13:57:23.422+0000][3.471s][info ][gc,heap     ] GC(4) Archive regions: 2->2
[2025-03-19T13:57:23.422+0000][3.471s][info ][gc,heap     ] GC(4) Humongous regions: 0->0
[2025-03-19T13:57:23.422+0000][3.471s][info ][gc,metaspace] GC(4) Metaspace: 11270K(11520K)->11270K(11520K) NonClass: 9787K(9920K)->9787K(9920K) Class: 1483K(1600K)->1483K(1600K)
[2025-03-19T13:57:23.422+0000][3.471s][info ][gc          ] GC(4) Pause Young (Normal) (G1 Evacuation Pause) 78M->14M(116M) 11.287ms
[2025-03-19T13:57:23.422+0000][3.471s][info ][gc,cpu      ] GC(4) User=0.02s Sys=0.00s Real=0.01s
[2025-03-19T13:57:23.422+0000][3.472s][info ][safepoint   ] Safepoint "G1CollectForAllocation", Time since last: 457930678 ns, Reaching safepoint: 49907 ns, Cleanup: 37577 ns, At safepoint: 11340705 ns, Total: 11428189 ns
[2025-03-19T13:57:23.759+0000][3.808s][debug][safepoint   ] Safepoint synchronization initiated using futex wait barrier. (14 threads)
[2025-03-19T13:57:23.760+0000][3.809s][info ][safepoint   ] Safepoint "ICBufferFull", Time since last: 336963070 ns, Reaching safepoint: 44802 ns, Cleanup: 121497 ns, At safepoint: 2868 ns, Total: 169167 ns
[2025-03-19T13:57:24.409+0000][4.458s][debug][safepoint   ] Safepoint synchronization initiated using futex wait barrier. (14 threads)
[2025-03-19T13:57:24.409+0000][4.458s][info ][gc,start    ] GC(5) Pause Young (Normal) (G1 Evacuation Pause)
[2025-03-19T13:57:24.409+0000][4.458s][info ][gc,task     ] GC(5) Using 4 workers of 4 for evacuation
[2025-03-19T13:57:24.422+0000][4.471s][info ][gc,phases   ] GC(5)   Pre Evacuate Collection Set: 0.3ms
[2025-03-19T13:57:24.422+0000][4.471s][info ][gc,phases   ] GC(5)   Merge Heap Roots: 0.1ms
[2025-03-19T13:57:24.422+0000][4.471s][info ][gc,phases   ] GC(5)   Evacuate Collection Set: 11.7ms
[2025-03-19T13:57:24.422+0000][4.471s][info ][gc,phases   ] GC(5)   Post Evacuate Collection Set: 0.9ms
[2025-03-19T13:57:24.422+0000][4.471s][info ][gc,phases   ] GC(5)   Other: 0.1ms
[2025-03-19T13:57:24.422+0000][4.471s][info ][gc,heap     ] GC(5) Eden regions: 64->0(78)
[2025-03-19T13:57:24.422+0000][4.471s][info ][gc,heap     ] GC(5) Survivor regions: 4->6(9)
[2025-03-19T13:57:24.422+0000][4.471s][info ][gc,heap     ] GC(5) Old regions: 10->10
[2025-03-19T13:57:24.422+0000][4.471s][info ][gc,heap     ] GC(5) Archive regions: 2->2
[2025-03-19T13:57:24.422+0000][4.471s][info ][gc,heap     ] GC(5) Humongous regions: 0->0
[2025-03-19T13:57:24.422+0000][4.471s][info ][gc,metaspace] GC(5) Metaspace: 13696K(14016K)->13696K(14016K) NonClass: 11916K(12096K)->11916K(12096K) Class: 1780K(1920K)->1780K(1920K)
[2025-03-19T13:57:24.422+0000][4.471s][info ][gc          ] GC(5) Pause Young (Normal) (G1 Evacuation Pause) 78M->16M(140M) 13.273ms
[2025-03-19T13:57:24.422+0000][4.471s][info ][gc,cpu      ] GC(5) User=0.02s Sys=0.01s Real=0.02s
[2025-03-19T13:57:24.422+0000][4.471s][info ][safepoint   ] Safepoint "G1CollectForAllocation", Time since last: 649047621 ns, Reaching safepoint: 124694 ns, Cleanup: 263713 ns, At safepoint: 13323543 ns, Total: 13711950 ns
[2025-03-19T13:57:24.731+0000][4.780s][info ][cds,heap    ] initialize_from_archived_subgraph java.lang.Byte$ByteCache 0x00007970370395f8
[2025-03-19T13:57:24.731+0000][4.780s][info ][cds,heap    ] initialize_from_archived_subgraph java.lang.Short$ShortCache 0x000079703703fce8
[2025-03-19T13:57:24.790+0000][4.839s][debug][safepoint   ] Safepoint synchronization initiated using futex wait barrier. (15 threads)
[2025-03-19T13:57:24.793+0000][4.842s][info ][gc,start    ] GC(6) Pause Young (Normal) (G1 Evacuation Pause)
[2025-03-19T13:57:24.793+0000][4.842s][info ][gc,task     ] GC(6) Using 4 workers of 4 for evacuation
[2025-03-19T13:57:24.806+0000][4.855s][info ][gc,phases   ] GC(6)   Pre Evacuate Collection Set: 0.1ms
[2025-03-19T13:57:24.806+0000][4.855s][info ][gc,phases   ] GC(6)   Merge Heap Roots: 0.1ms
[2025-03-19T13:57:24.806+0000][4.855s][info ][gc,phases   ] GC(6)   Evacuate Collection Set: 11.5ms
[2025-03-19T13:57:24.806+0000][4.855s][info ][gc,phases   ] GC(6)   Post Evacuate Collection Set: 1.1ms
[2025-03-19T13:57:24.806+0000][4.855s][info ][gc,phases   ] GC(6)   Other: 0.2ms
[2025-03-19T13:57:24.806+0000][4.855s][info ][gc,heap     ] GC(6) Eden regions: 78->0(78)
[2025-03-19T13:57:24.806+0000][4.855s][info ][gc,heap     ] GC(6) Survivor regions: 6->6(11)
[2025-03-19T13:57:24.806+0000][4.855s][info ][gc,heap     ] GC(6) Old regions: 10->10
[2025-03-19T13:57:24.806+0000][4.855s][info ][gc,heap     ] GC(6) Archive regions: 2->2
[2025-03-19T13:57:24.806+0000][4.855s][info ][gc,heap     ] GC(6) Humongous regions: 0->0
[2025-03-19T13:57:24.806+0000][4.855s][info ][gc,metaspace] GC(6) Metaspace: 16126K(16384K)->16126K(16384K) NonClass: 13957K(14080K)->13957K(14080K) Class: 2169K(2304K)->2169K(2304K)
[2025-03-19T13:57:24.806+0000][4.855s][info ][gc          ] GC(6) Pause Young (Normal) (G1 Evacuation Pause) 94M->16M(140M) 13.073ms
[2025-03-19T13:57:24.806+0000][4.855s][info ][gc,cpu      ] GC(6) User=0.03s Sys=0.01s Real=0.01s
[2025-03-19T13:57:24.806+0000][4.855s][info ][safepoint   ] Safepoint "G1CollectForAllocation", Time since last: 367579129 ns, Reaching safepoint: 2984911 ns, Cleanup: 63831 ns, At safepoint: 13130138 ns, Total: 16178880 ns
[2025-03-19T13:57:25.425+0000][5.474s][debug][safepoint   ] Safepoint synchronization initiated using futex wait barrier. (15 threads)
[2025-03-19T13:57:25.425+0000][5.474s][info ][gc,start    ] GC(7) Pause Young (Normal) (G1 Evacuation Pause)
[2025-03-19T13:57:25.425+0000][5.474s][info ][gc,task     ] GC(7) Using 4 workers of 4 for evacuation
[2025-03-19T13:57:25.443+0000][5.492s][info ][gc,phases   ] GC(7)   Pre Evacuate Collection Set: 0.1ms
[2025-03-19T13:57:25.443+0000][5.492s][info ][gc,phases   ] GC(7)   Merge Heap Roots: 0.1ms
[2025-03-19T13:57:25.443+0000][5.492s][info ][gc,phases   ] GC(7)   Evacuate Collection Set: 15.8ms
[2025-03-19T13:57:25.443+0000][5.492s][info ][gc,phases   ] GC(7)   Post Evacuate Collection Set: 1.2ms
[2025-03-19T13:57:25.443+0000][5.492s][info ][gc,phases   ] GC(7)   Other: 0.1ms
[2025-03-19T13:57:25.443+0000][5.492s][info ][gc,heap     ] GC(7) Eden regions: 78->0(76)
[2025-03-19T13:57:25.443+0000][5.492s][info ][gc,heap     ] GC(7) Survivor regions: 6->8(11)
[2025-03-19T13:57:25.443+0000][5.492s][info ][gc,heap     ] GC(7) Old regions: 10->12
[2025-03-19T13:57:25.443+0000][5.492s][info ][gc,heap     ] GC(7) Archive regions: 2->2
[2025-03-19T13:57:25.443+0000][5.492s][info ][gc,heap     ] GC(7) Humongous regions: 0->0
[2025-03-19T13:57:25.443+0000][5.492s][info ][gc,metaspace] GC(7) Metaspace: 18325K(18688K)->18325K(18688K) NonClass: 15856K(16064K)->15856K(16064K) Class: 2468K(2624K)->2468K(2624K)
[2025-03-19T13:57:25.443+0000][5.492s][info ][gc          ] GC(7) Pause Young (Normal) (G1 Evacuation Pause) 94M->20M(140M) 17.500ms
[2025-03-19T13:57:25.443+0000][5.492s][info ][gc,cpu      ] GC(7) User=0.03s Sys=0.00s Real=0.02s
[2025-03-19T13:57:25.443+0000][5.492s][info ][safepoint   ] Safepoint "G1CollectForAllocation", Time since last: 618854836 ns, Reaching safepoint: 200109 ns, Cleanup: 75828 ns, At safepoint: 17632050 ns, Total: 17907987 ns
[2025-03-19T13:57:26.194+0000][6.243s][debug][safepoint   ] Safepoint synchronization initiated using futex wait barrier. (15 threads)
[2025-03-19T13:57:26.194+0000][6.243s][info ][gc,start    ] GC(8) Pause Young (Concurrent Start) (Metadata GC Threshold)
[2025-03-19T13:57:26.194+0000][6.243s][info ][gc,task     ] GC(8) Using 4 workers of 4 for evacuation
[2025-03-19T13:57:26.205+0000][6.255s][info ][gc,phases   ] GC(8)   Pre Evacuate Collection Set: 0.1ms
[2025-03-19T13:57:26.205+0000][6.255s][info ][gc,phases   ] GC(8)   Merge Heap Roots: 0.1ms
[2025-03-19T13:57:26.205+0000][6.255s][info ][gc,phases   ] GC(8)   Evacuate Collection Set: 10.0ms
[2025-03-19T13:57:26.205+0000][6.255s][info ][gc,phases   ] GC(8)   Post Evacuate Collection Set: 0.8ms
[2025-03-19T13:57:26.205+0000][6.255s][info ][gc,phases   ] GC(8)   Other: 0.2ms
[2025-03-19T13:57:26.205+0000][6.255s][info ][gc,heap     ] GC(8) Eden regions: 52->0(78)
[2025-03-19T13:57:26.205+0000][6.255s][info ][gc,heap     ] GC(8) Survivor regions: 8->6(11)
[2025-03-19T13:57:26.205+0000][6.255s][info ][gc,heap     ] GC(8) Old regions: 12->15
[2025-03-19T13:57:26.206+0000][6.255s][info ][gc,heap     ] GC(8) Archive regions: 2->2
[2025-03-19T13:57:26.206+0000][6.255s][info ][gc,heap     ] GC(8) Humongous regions: 0->0
[2025-03-19T13:57:26.206+0000][6.255s][info ][gc,metaspace] GC(8) Metaspace: 21171K(21504K)->21171K(21504K) NonClass: 18402K(18560K)->18402K(18560K) Class: 2769K(2944K)->2769K(2944K)
[2025-03-19T13:57:26.206+0000][6.255s][info ][gc          ] GC(8) Pause Young (Concurrent Start) (Metadata GC Threshold) 72M->21M(140M) 11.331ms
[2025-03-19T13:57:26.206+0000][6.255s][info ][gc,cpu      ] GC(8) User=0.04s Sys=0.00s Real=0.01s
[2025-03-19T13:57:26.206+0000][6.255s][info ][gc          ] GC(9) Concurrent Mark Cycle
[2025-03-19T13:57:26.206+0000][6.255s][info ][gc,marking  ] GC(9) Concurrent Clear Claimed Marks
[2025-03-19T13:57:26.206+0000][6.255s][info ][safepoint   ] Safepoint "CollectForMetadataAllocation", Time since last: 751207146 ns, Reaching safepoint: 116842 ns, Cleanup: 74755 ns, At safepoint: 11439174 ns, Total: 11630771 ns
[2025-03-19T13:57:26.206+0000][6.255s][info ][gc,marking  ] GC(9) Concurrent Clear Claimed Marks 0.271ms
[2025-03-19T13:57:26.206+0000][6.255s][info ][gc,marking  ] GC(9) Concurrent Scan Root Regions
[2025-03-19T13:57:26.214+0000][6.263s][info ][gc,marking  ] GC(9) Concurrent Scan Root Regions 7.828ms
[2025-03-19T13:57:26.214+0000][6.263s][info ][gc,marking  ] GC(9) Concurrent Mark
[2025-03-19T13:57:26.214+0000][6.263s][info ][gc,marking  ] GC(9) Concurrent Mark From Roots
[2025-03-19T13:57:26.214+0000][6.263s][info ][gc,task     ] GC(9) Using 1 workers of 1 for marking
[2025-03-19T13:57:26.233+0000][6.282s][info ][gc,marking  ] GC(9) Concurrent Mark From Roots 19.277ms
[2025-03-19T13:57:26.233+0000][6.282s][info ][gc,marking  ] GC(9) Concurrent Preclean
[2025-03-19T13:57:26.233+0000][6.283s][info ][gc,marking  ] GC(9) Concurrent Preclean 0.278ms
[2025-03-19T13:57:26.233+0000][6.283s][debug][safepoint   ] Safepoint synchronization initiated using futex wait barrier. (15 threads)
[2025-03-19T13:57:26.233+0000][6.283s][debug][safepoint   ] ... found polling page loop exception at pc = 0x00007970a0f803aa, stub =0x00007970a098f400
[2025-03-19T13:57:26.234+0000][6.283s][info ][gc,start    ] GC(9) Pause Remark
[2025-03-19T13:57:26.237+0000][6.286s][info ][gc          ] GC(9) Pause Remark 23M->23M(84M) 3.469ms
[2025-03-19T13:57:26.237+0000][6.286s][info ][gc,cpu      ] GC(9) User=0.01s Sys=0.00s Real=0.00s
[2025-03-19T13:57:26.237+0000][6.286s][info ][safepoint   ] Safepoint "G1PauseRemark", Time since last: 27783880 ns, Reaching safepoint: 142385 ns, Cleanup: 8788 ns, At safepoint: 3547801 ns, Total: 3698974 ns
[2025-03-19T13:57:26.239+0000][6.288s][info ][gc,marking  ] GC(9) Concurrent Mark 25.515ms
[2025-03-19T13:57:26.239+0000][6.289s][info ][gc,marking  ] GC(9) Concurrent Rebuild Remembered Sets
[2025-03-19T13:57:26.272+0000][6.321s][info ][gc,marking  ] GC(9) Concurrent Rebuild Remembered Sets 32.450ms
[2025-03-19T13:57:26.272+0000][6.321s][debug][safepoint   ] Safepoint synchronization initiated using futex wait barrier. (15 threads)
[2025-03-19T13:57:26.272+0000][6.321s][info ][gc,start    ] GC(9) Pause Cleanup
[2025-03-19T13:57:26.272+0000][6.321s][info ][gc          ] GC(9) Pause Cleanup 26M->26M(84M) 0.102ms
[2025-03-19T13:57:26.272+0000][6.321s][info ][gc,cpu      ] GC(9) User=0.00s Sys=0.00s Real=0.00s
[2025-03-19T13:57:26.274+0000][6.323s][info ][safepoint   ] Safepoint "G1PauseCleanup", Time since last: 34804069 ns, Reaching safepoint: 280601 ns, Cleanup: 4391 ns, At safepoint: 1453833 ns, Total: 1738825 ns
[2025-03-19T13:57:26.274+0000][6.323s][info ][gc,marking  ] GC(9) Concurrent Cleanup for Next Mark
[2025-03-19T13:57:26.277+0000][6.326s][info ][gc,marking  ] GC(9) Concurrent Cleanup for Next Mark 3.296ms
[2025-03-19T13:57:26.277+0000][6.326s][info ][gc          ] GC(9) Concurrent Mark Cycle 71.490ms
[2025-03-19T13:57:26.559+0000][6.608s][debug][safepoint   ] Safepoint synchronization initiated using futex wait barrier. (15 threads)
[2025-03-19T13:57:26.559+0000][6.608s][info ][gc,start    ] GC(10) Pause Young (Normal) (G1 Evacuation Pause)
[2025-03-19T13:57:26.559+0000][6.608s][info ][gc,task     ] GC(10) Using 4 workers of 4 for evacuation
[2025-03-19T13:57:26.568+0000][6.617s][info ][gc,phases   ] GC(10)   Pre Evacuate Collection Set: 0.1ms
[2025-03-19T13:57:26.568+0000][6.617s][info ][gc,phases   ] GC(10)   Merge Heap Roots: 0.1ms
[2025-03-19T13:57:26.568+0000][6.617s][info ][gc,phases   ] GC(10)   Evacuate Collection Set: 7.4ms
[2025-03-19T13:57:26.568+0000][6.617s][info ][gc,phases   ] GC(10)   Post Evacuate Collection Set: 0.7ms
[2025-03-19T13:57:26.568+0000][6.617s][info ][gc,phases   ] GC(10)   Other: 0.2ms
[2025-03-19T13:57:26.568+0000][6.617s][info ][gc,heap     ] GC(10) Eden regions: 44->0(43)
[2025-03-19T13:57:26.568+0000][6.617s][info ][gc,heap     ] GC(10) Survivor regions: 6->5(7)
[2025-03-19T13:57:26.568+0000][6.617s][info ][gc,heap     ] GC(10) Old regions: 15->19
[2025-03-19T13:57:26.568+0000][6.617s][info ][gc,heap     ] GC(10) Archive regions: 2->2
[2025-03-19T13:57:26.568+0000][6.617s][info ][gc,heap     ] GC(10) Humongous regions: 0->0
[2025-03-19T13:57:26.568+0000][6.617s][info ][gc,metaspace] GC(10) Metaspace: 22972K(23360K)->22972K(23360K) NonClass: 19954K(20160K)->19954K(20160K) Class: 3017K(3200K)->3017K(3200K)
[2025-03-19T13:57:26.568+0000][6.617s][info ][gc          ] GC(10) Pause Young (Normal) (G1 Evacuation Pause) 65M->23M(84M) 8.487ms
[2025-03-19T13:57:26.568+0000][6.617s][info ][gc,cpu      ] GC(10) User=0.02s Sys=0.00s Real=0.01s
[2025-03-19T13:57:26.568+0000][6.617s][info ][safepoint   ] Safepoint "G1CollectForAllocation", Time since last: 285273422 ns, Reaching safepoint: 117307 ns, Cleanup: 154398 ns, At safepoint: 8567916 ns, Total: 8839621 ns
[2025-03-19T13:57:26.962+0000][7.012s][debug][safepoint   ] Safepoint synchronization initiated using futex wait barrier. (15 threads)
[2025-03-19T13:57:26.963+0000][7.012s][info ][gc,start    ] GC(11) Pause Young (Normal) (G1 Evacuation Pause)
[2025-03-19T13:57:26.963+0000][7.012s][info ][gc,task     ] GC(11) Using 4 workers of 4 for evacuation
[2025-03-19T13:57:26.982+0000][7.031s][info ][gc,phases   ] GC(11)   Pre Evacuate Collection Set: 0.1ms
[2025-03-19T13:57:26.982+0000][7.031s][info ][gc,phases   ] GC(11)   Merge Heap Roots: 0.1ms
[2025-03-19T13:57:26.982+0000][7.031s][info ][gc,phases   ] GC(11)   Evacuate Collection Set: 14.9ms
[2025-03-19T13:57:26.982+0000][7.031s][info ][gc,phases   ] GC(11)   Post Evacuate Collection Set: 4.2ms
[2025-03-19T13:57:26.982+0000][7.031s][info ][gc,phases   ] GC(11)   Other: 0.1ms
[2025-03-19T13:57:26.982+0000][7.031s][info ][gc,heap     ] GC(11) Eden regions: 43->0(54)
[2025-03-19T13:57:26.982+0000][7.031s][info ][gc,heap     ] GC(11) Survivor regions: 5->5(6)
[2025-03-19T13:57:26.982+0000][7.031s][info ][gc,heap     ] GC(11) Old regions: 19->21
[2025-03-19T13:57:26.982+0000][7.031s][info ][gc,heap     ] GC(11) Archive regions: 2->2
[2025-03-19T13:57:26.982+0000][7.031s][info ][gc,heap     ] GC(11) Humongous regions: 0->0
[2025-03-19T13:57:26.982+0000][7.031s][info ][gc,metaspace] GC(11) Metaspace: 23865K(24192K)->23865K(24192K) NonClass: 20760K(20928K)->20760K(20928K) Class: 3104K(3264K)->3104K(3264K)
[2025-03-19T13:57:26.982+0000][7.031s][info ][gc          ] GC(11) Pause Young (Normal) (G1 Evacuation Pause) 66M->26M(101M) 19.447ms
[2025-03-19T13:57:26.982+0000][7.031s][info ][gc,cpu      ] GC(11) User=0.04s Sys=0.01s Real=0.02s
[2025-03-19T13:57:26.986+0000][7.036s][info ][safepoint   ] Safepoint "G1CollectForAllocation", Time since last: 394643538 ns, Reaching safepoint: 70472 ns, Cleanup: 70135 ns, At safepoint: 23916305 ns, Total: 24056912 ns
[2025-03-19T13:57:27.206+0000][7.255s][debug][safepoint   ] Safepoint synchronization initiated using futex wait barrier. (14 threads)
[2025-03-19T13:57:27.206+0000][7.255s][info ][gc,start    ] GC(12) Pause Young (Normal) (G1 Evacuation Pause)
[2025-03-19T13:57:27.206+0000][7.255s][info ][gc,task     ] GC(12) Using 3 workers of 4 for evacuation
[2025-03-19T13:57:27.224+0000][7.273s][info ][gc,phases   ] GC(12)   Pre Evacuate Collection Set: 1.7ms
[2025-03-19T13:57:27.224+0000][7.273s][info ][gc,phases   ] GC(12)   Merge Heap Roots: 0.1ms
[2025-03-19T13:57:27.224+0000][7.273s][info ][gc,phases   ] GC(12)   Evacuate Collection Set: 14.5ms
[2025-03-19T13:57:27.224+0000][7.273s][info ][gc,phases   ] GC(12)   Post Evacuate Collection Set: 1.1ms
[2025-03-19T13:57:27.224+0000][7.273s][info ][gc,phases   ] GC(12)   Other: 0.1ms
[2025-03-19T13:57:27.224+0000][7.273s][info ][gc,heap     ] GC(12) Eden regions: 54->0(46)
[2025-03-19T13:57:27.224+0000][7.273s][info ][gc,heap     ] GC(12) Survivor regions: 5->8(8)
[2025-03-19T13:57:27.224+0000][7.273s][info ][gc,heap     ] GC(12) Old regions: 21->24
[2025-03-19T13:57:27.224+0000][7.273s][info ][gc,heap     ] GC(12) Archive regions: 2->2
[2025-03-19T13:57:27.224+0000][7.273s][info ][gc,heap     ] GC(12) Humongous regions: 0->0
[2025-03-19T13:57:27.224+0000][7.273s][info ][gc,metaspace] GC(12) Metaspace: 24492K(24896K)->24492K(24896K) NonClass: 21295K(21504K)->21295K(21504K) Class: 3197K(3392K)->3197K(3392K)
[2025-03-19T13:57:27.224+0000][7.273s][info ][gc          ] GC(12) Pause Young (Normal) (G1 Evacuation Pause) 80M->32M(101M) 17.584ms
[2025-03-19T13:57:27.224+0000][7.273s][info ][gc,cpu      ] GC(12) User=0.05s Sys=0.00s Real=0.02s
[2025-03-19T13:57:27.224+0000][7.273s][info ][safepoint   ] Safepoint "G1CollectForAllocation", Time since last: 219625650 ns, Reaching safepoint: 48889 ns, Cleanup: 40178 ns, At safepoint: 17647177 ns, Total: 17736244 ns
[2025-03-19T13:57:27.344+0000][7.393s][debug][safepoint   ] Safepoint synchronization initiated using futex wait barrier. (14 threads)
[2025-03-19T13:57:27.344+0000][7.394s][info ][gc,start    ] GC(13) Pause Young (Normal) (G1 Evacuation Pause)
[2025-03-19T13:57:27.344+0000][7.394s][info ][gc,task     ] GC(13) Using 2 workers of 4 for evacuation
[2025-03-19T13:57:27.371+0000][7.420s][info ][gc,phases   ] GC(13)   Pre Evacuate Collection Set: 0.1ms
[2025-03-19T13:57:27.371+0000][7.420s][info ][gc,phases   ] GC(13)   Merge Heap Roots: 0.3ms
[2025-03-19T13:57:27.371+0000][7.420s][info ][gc,phases   ] GC(13)   Evacuate Collection Set: 24.2ms
[2025-03-19T13:57:27.371+0000][7.420s][info ][gc,phases   ] GC(13)   Post Evacuate Collection Set: 2.0ms
[2025-03-19T13:57:27.371+0000][7.420s][info ][gc,phases   ] GC(13)   Other: 0.2ms
[2025-03-19T13:57:27.371+0000][7.420s][info ][gc,heap     ] GC(13) Eden regions: 46->0(39)
[2025-03-19T13:57:27.371+0000][7.420s][info ][gc,heap     ] GC(13) Survivor regions: 8->7(7)
[2025-03-19T13:57:27.371+0000][7.420s][info ][gc,heap     ] GC(13) Old regions: 24->32
[2025-03-19T13:57:27.371+0000][7.420s][info ][gc,heap     ] GC(13) Archive regions: 2->2
[2025-03-19T13:57:27.371+0000][7.420s][info ][gc,heap     ] GC(13) Humongous regions: 0->0
[2025-03-19T13:57:27.371+0000][7.420s][info ][gc,metaspace] GC(13) Metaspace: 24535K(24896K)->24535K(24896K) NonClass: 21333K(21504K)->21333K(21504K) Class: 3201K(3392K)->3201K(3392K)
[2025-03-19T13:57:27.371+0000][7.420s][info ][gc          ] GC(13) Pause Young (Normal) (G1 Evacuation Pause) 78M->38M(101M) 26.911ms
[2025-03-19T13:57:27.371+0000][7.420s][info ][gc,cpu      ] GC(13) User=0.06s Sys=0.00s Real=0.03s
[2025-03-19T13:57:27.371+0000][7.420s][info ][safepoint   ] Safepoint "G1CollectForAllocation", Time since last: 120451403 ns, Reaching safepoint: 64762 ns, Cleanup: 40354 ns, At safepoint: 26970731 ns, Total: 27075847 ns
[2025-03-19T13:57:27.613+0000][7.662s][debug][safepoint   ] Safepoint synchronization initiated using futex wait barrier. (14 threads)
[2025-03-19T13:57:27.613+0000][7.662s][info ][gc,start    ] GC(14) Pause Young (Normal) (G1 Evacuation Pause)
[2025-03-19T13:57:27.613+0000][7.662s][info ][gc,task     ] GC(14) Using 2 workers of 4 for evacuation
[2025-03-19T13:57:27.628+0000][7.677s][info ][gc,phases   ] GC(14)   Pre Evacuate Collection Set: 0.1ms
[2025-03-19T13:57:27.628+0000][7.677s][info ][gc,phases   ] GC(14)   Merge Heap Roots: 0.1ms
[2025-03-19T13:57:27.628+0000][7.677s][info ][gc,phases   ] GC(14)   Evacuate Collection Set: 12.9ms
[2025-03-19T13:57:27.628+0000][7.677s][info ][gc,phases   ] GC(14)   Post Evacuate Collection Set: 2.4ms
[2025-03-19T13:57:27.628+0000][7.677s][info ][gc,phases   ] GC(14)   Other: 0.1ms
[2025-03-19T13:57:27.628+0000][7.677s][info ][gc,heap     ] GC(14) Eden regions: 39->0(36)
[2025-03-19T13:57:27.628+0000][7.677s][info ][gc,heap     ] GC(14) Survivor regions: 7->4(6)
[2025-03-19T13:57:27.628+0000][7.677s][info ][gc,heap     ] GC(14) Old regions: 32->38
[2025-03-19T13:57:27.628+0000][7.678s][info ][gc,heap     ] GC(14) Archive regions: 2->2
[2025-03-19T13:57:27.628+0000][7.678s][info ][gc,heap     ] GC(14) Humongous regions: 0->0
[2025-03-19T13:57:27.628+0000][7.678s][info ][gc,metaspace] GC(14) Metaspace: 24647K(25024K)->24647K(25024K) NonClass: 21433K(21632K)->21433K(21632K) Class: 3213K(3392K)->3213K(3392K)
[2025-03-19T13:57:27.628+0000][7.678s][info ][gc          ] GC(14) Pause Young (Normal) (G1 Evacuation Pause) 77M->42M(101M) 15.751ms
[2025-03-19T13:57:27.628+0000][7.678s][info ][gc,cpu      ] GC(14) User=0.05s Sys=0.00s Real=0.01s
[2025-03-19T13:57:27.628+0000][7.678s][info ][safepoint   ] Safepoint "G1CollectForAllocation", Time since last: 241194360 ns, Reaching safepoint: 50209 ns, Cleanup: 28131 ns, At safepoint: 15816584 ns, Total: 15894924 ns
[2025-03-19T13:57:27.971+0000][8.020s][debug][safepoint   ] ... found polling page loop exception at pc = 0x00007970a1126bba, stub =0x00007970a098f400
[2025-03-19T13:57:27.978+0000][8.027s][debug][safepoint   ] Safepoint synchronization initiated using futex wait barrier. (14 threads)
[2025-03-19T13:57:27.978+0000][8.027s][info ][gc,start    ] GC(15) Pause Young (Normal) (G1 Evacuation Pause)
[2025-03-19T13:57:27.978+0000][8.027s][info ][gc,task     ] GC(15) Using 2 workers of 4 for evacuation
[2025-03-19T13:57:28.002+0000][8.051s][info ][gc,phases   ] GC(15)   Pre Evacuate Collection Set: 0.3ms
[2025-03-19T13:57:28.002+0000][8.051s][info ][gc,phases   ] GC(15)   Merge Heap Roots: 0.2ms
[2025-03-19T13:57:28.002+0000][8.051s][info ][gc,phases   ] GC(15)   Evacuate Collection Set: 20.4ms
[2025-03-19T13:57:28.002+0000][8.051s][info ][gc,phases   ] GC(15)   Post Evacuate Collection Set: 2.8ms
[2025-03-19T13:57:28.002+0000][8.051s][info ][gc,phases   ] GC(15)   Other: 0.1ms
[2025-03-19T13:57:28.002+0000][8.051s][info ][gc,heap     ] GC(15) Eden regions: 36->0(109)
[2025-03-19T13:57:28.002+0000][8.051s][info ][gc,heap     ] GC(15) Survivor regions: 4->4(5)
[2025-03-19T13:57:28.002+0000][8.051s][info ][gc,heap     ] GC(15) Old regions: 38->42
[2025-03-19T13:57:28.002+0000][8.051s][info ][gc,heap     ] GC(15) Archive regions: 2->2
[2025-03-19T13:57:28.002+0000][8.051s][info ][gc,heap     ] GC(15) Humongous regions: 0->0
[2025-03-19T13:57:28.002+0000][8.051s][info ][gc,metaspace] GC(15) Metaspace: 24781K(25088K)->24781K(25088K) NonClass: 21539K(21696K)->21539K(21696K) Class: 3242K(3392K)->3242K(3392K)
[2025-03-19T13:57:28.002+0000][8.051s][info ][gc          ] GC(15) Pause Young (Normal) (G1 Evacuation Pause) 78M->45M(202M) 23.942ms
[2025-03-19T13:57:28.002+0000][8.051s][info ][gc,cpu      ] GC(15) User=0.03s Sys=0.01s Real=0.03s
[2025-03-19T13:57:28.002+0000][8.051s][info ][safepoint   ] Safepoint "G1CollectForAllocation", Time since last: 349292180 ns, Reaching safepoint: 306882 ns, Cleanup: 61133 ns, At safepoint: 24009464 ns, Total: 24377479 ns
[2025-03-19T13:57:28.750+0000][8.799s][debug][safepoint   ] Safepoint synchronization initiated using futex wait barrier. (14 threads)
[2025-03-19T13:57:28.750+0000][8.799s][info ][safepoint   ] Safepoint "ICBufferFull", Time since last: 747676786 ns, Reaching safepoint: 52580 ns, Cleanup: 136594 ns, At safepoint: 4948 ns, Total: 194122 ns
[2025-03-19T13:57:28.954+0000][9.003s][debug][safepoint   ] Safepoint synchronization initiated using futex wait barrier. (14 threads)
[2025-03-19T13:57:28.954+0000][9.003s][info ][gc,start    ] GC(16) Pause Young (Normal) (G1 Evacuation Pause)
[2025-03-19T13:57:28.954+0000][9.003s][info ][gc,task     ] GC(16) Using 4 workers of 4 for evacuation
[2025-03-19T13:57:28.963+0000][9.013s][info ][gc,phases   ] GC(16)   Pre Evacuate Collection Set: 0.1ms
[2025-03-19T13:57:28.963+0000][9.013s][info ][gc,phases   ] GC(16)   Merge Heap Roots: 0.1ms
[2025-03-19T13:57:28.963+0000][9.013s][info ][gc,phases   ] GC(16)   Evacuate Collection Set: 8.3ms
[2025-03-19T13:57:28.963+0000][9.013s][info ][gc,phases   ] GC(16)   Post Evacuate Collection Set: 0.9ms
[2025-03-19T13:57:28.963+0000][9.013s][info ][gc,phases   ] GC(16)   Other: 0.1ms
[2025-03-19T13:57:28.964+0000][9.013s][info ][gc,heap     ] GC(16) Eden regions: 109->0(101)
[2025-03-19T13:57:28.964+0000][9.013s][info ][gc,heap     ] GC(16) Survivor regions: 4->10(15)
[2025-03-19T13:57:28.964+0000][9.013s][info ][gc,heap     ] GC(16) Old regions: 42->42
[2025-03-19T13:57:28.964+0000][9.013s][info ][gc,heap     ] GC(16) Archive regions: 2->2
[2025-03-19T13:57:28.964+0000][9.013s][info ][gc,heap     ] GC(16) Humongous regions: 0->0
[2025-03-19T13:57:28.964+0000][9.013s][info ][gc,metaspace] GC(16) Metaspace: 25144K(25472K)->25144K(25472K) NonClass: 21878K(22016K)->21878K(22016K) Class: 3266K(3456K)->3266K(3456K)
[2025-03-19T13:57:28.964+0000][9.013s][info ][gc          ] GC(16) Pause Young (Normal) (G1 Evacuation Pause) 154M->52M(202M) 9.629ms
[2025-03-19T13:57:28.964+0000][9.013s][info ][gc,cpu      ] GC(16) User=0.03s Sys=0.00s Real=0.01s
[2025-03-19T13:57:28.964+0000][9.013s][info ][safepoint   ] Safepoint "G1CollectForAllocation", Time since last: 203813887 ns, Reaching safepoint: 44140 ns, Cleanup: 46211 ns, At safepoint: 9674485 ns, Total: 9764836 ns
[2025-03-19T13:57:29.527+0000][9.576s][debug][safepoint   ] Safepoint synchronization initiated using futex wait barrier. (14 threads)
[2025-03-19T13:57:29.527+0000][9.576s][info ][gc,start    ] GC(17) Pause Young (Normal) (G1 Evacuation Pause)
[2025-03-19T13:57:29.527+0000][9.577s][info ][gc,task     ] GC(17) Using 4 workers of 4 for evacuation
[2025-03-19T13:57:29.548+0000][9.597s][info ][gc,phases   ] GC(17)   Pre Evacuate Collection Set: 0.1ms
[2025-03-19T13:57:29.548+0000][9.597s][info ][gc,phases   ] GC(17)   Merge Heap Roots: 0.1ms
[2025-03-19T13:57:29.548+0000][9.597s][info ][gc,phases   ] GC(17)   Evacuate Collection Set: 18.0ms
[2025-03-19T13:57:29.548+0000][9.597s][info ][gc,phases   ] GC(17)   Post Evacuate Collection Set: 2.6ms
[2025-03-19T13:57:29.548+0000][9.597s][info ][gc,phases   ] GC(17)   Other: 0.1ms
[2025-03-19T13:57:29.548+0000][9.597s][info ][gc,heap     ] GC(17) Eden regions: 101->0(102)
[2025-03-19T13:57:29.548+0000][9.597s][info ][gc,heap     ] GC(17) Survivor regions: 10->11(14)
[2025-03-19T13:57:29.548+0000][9.597s][info ][gc,heap     ] GC(17) Old regions: 42->45
[2025-03-19T13:57:29.548+0000][9.597s][info ][gc,heap     ] GC(17) Archive regions: 2->2
[2025-03-19T13:57:29.548+0000][9.597s][info ][gc,heap     ] GC(17) Humongous regions: 0->0
[2025-03-19T13:57:29.548+0000][9.597s][info ][gc,metaspace] GC(17) Metaspace: 25251K(25600K)->25251K(25600K) NonClass: 21968K(22144K)->21968K(22144K) Class: 3282K(3456K)->3282K(3456K)
[2025-03-19T13:57:29.548+0000][9.597s][info ][gc          ] GC(17) Pause Young (Normal) (G1 Evacuation Pause) 153M->56M(202M) 20.904ms
[2025-03-19T13:57:29.548+0000][9.597s][info ][gc,cpu      ] GC(17) User=0.06s Sys=0.00s Real=0.02s
[2025-03-19T13:57:29.548+0000][9.597s][info ][safepoint   ] Safepoint "G1CollectForAllocation", Time since last: 563640040 ns, Reaching safepoint: 47306 ns, Cleanup: 78611 ns, At safepoint: 20975221 ns, Total: 21101138 ns
[2025-03-19T13:57:30.177+0000][10.226s][debug][safepoint   ] Safepoint synchronization initiated using futex wait barrier. (15 threads)
[2025-03-19T13:57:30.177+0000][10.227s][info ][gc,start    ] GC(18) Pause Young (Normal) (G1 Evacuation Pause)
[2025-03-19T13:57:30.177+0000][10.227s][info ][gc,task     ] GC(18) Using 4 workers of 4 for evacuation
[2025-03-19T13:57:30.197+0000][10.247s][info ][gc,phases   ] GC(18)   Pre Evacuate Collection Set: 0.1ms
[2025-03-19T13:57:30.197+0000][10.247s][info ][gc,phases   ] GC(18)   Merge Heap Roots: 0.1ms
[2025-03-19T13:57:30.197+0000][10.247s][info ][gc,phases   ] GC(18)   Evacuate Collection Set: 18.2ms
[2025-03-19T13:57:30.197+0000][10.247s][info ][gc,phases   ] GC(18)   Post Evacuate Collection Set: 1.6ms
[2025-03-19T13:57:30.197+0000][10.247s][info ][gc,phases   ] GC(18)   Other: 0.1ms
[2025-03-19T13:57:30.197+0000][10.247s][info ][gc,heap     ] GC(18) Eden regions: 102->0(105)
[2025-03-19T13:57:30.197+0000][10.247s][info ][gc,heap     ] GC(18) Survivor regions: 11->5(15)
[2025-03-19T13:57:30.197+0000][10.247s][info ][gc,heap     ] GC(18) Old regions: 45->52
[2025-03-19T13:57:30.198+0000][10.247s][info ][gc,heap     ] GC(18) Archive regions: 2->2
[2025-03-19T13:57:30.198+0000][10.247s][info ][gc,heap     ] GC(18) Humongous regions: 0->0
[2025-03-19T13:57:30.198+0000][10.247s][info ][gc,metaspace] GC(18) Metaspace: 26855K(27264K)->26855K(27264K) NonClass: 23448K(23680K)->23448K(23680K) Class: 3406K(3584K)->3406K(3584K)
[2025-03-19T13:57:30.198+0000][10.247s][info ][gc          ] GC(18) Pause Young (Normal) (G1 Evacuation Pause) 158M->56M(202M) 20.173ms
[2025-03-19T13:57:30.198+0000][10.247s][info ][gc,cpu      ] GC(18) User=0.02s Sys=0.01s Real=0.02s
[2025-03-19T13:57:30.199+0000][10.248s][info ][safepoint   ] Safepoint "G1CollectForAllocation", Time since last: 628873951 ns, Reaching safepoint: 124664 ns, Cleanup: 43031 ns, At safepoint: 21504594 ns, Total: 21672289 ns
[2025-03-19T13:57:30.896+0000][10.945s][debug][safepoint   ] Safepoint synchronization initiated using futex wait barrier. (14 threads)
[2025-03-19T13:57:30.896+0000][10.945s][info ][gc,start    ] GC(19) Pause Young (Normal) (G1 Evacuation Pause)
[2025-03-19T13:57:30.896+0000][10.945s][info ][gc,task     ] GC(19) Using 4 workers of 4 for evacuation
[2025-03-19T13:57:30.903+0000][10.952s][info ][gc,phases   ] GC(19)   Pre Evacuate Collection Set: 0.1ms
[2025-03-19T13:57:30.903+0000][10.952s][info ][gc,phases   ] GC(19)   Merge Heap Roots: 0.1ms
[2025-03-19T13:57:30.903+0000][10.953s][info ][gc,phases   ] GC(19)   Evacuate Collection Set: 5.9ms
[2025-03-19T13:57:30.903+0000][10.953s][info ][gc,phases   ] GC(19)   Post Evacuate Collection Set: 1.0ms
[2025-03-19T13:57:30.903+0000][10.953s][info ][gc,phases   ] GC(19)   Other: 0.2ms
[2025-03-19T13:57:30.903+0000][10.953s][info ][gc,heap     ] GC(19) Eden regions: 105->0(106)
[2025-03-19T13:57:30.903+0000][10.953s][info ][gc,heap     ] GC(19) Survivor regions: 5->7(14)
[2025-03-19T13:57:30.903+0000][10.953s][info ][gc,heap     ] GC(19) Old regions: 52->52
[2025-03-19T13:57:30.903+0000][10.953s][info ][gc,heap     ] GC(19) Archive regions: 2->2
[2025-03-19T13:57:30.903+0000][10.953s][info ][gc,heap     ] GC(19) Humongous regions: 0->0
[2025-03-19T13:57:30.903+0000][10.953s][info ][gc,metaspace] GC(19) Metaspace: 30484K(30848K)->30484K(30848K) NonClass: 26655K(26816K)->26655K(26816K) Class: 3828K(4032K)->3828K(4032K)
[2025-03-19T13:57:30.903+0000][10.953s][info ][gc          ] GC(19) Pause Young (Normal) (G1 Evacuation Pause) 161M->58M(202M) 7.309ms
[2025-03-19T13:57:30.903+0000][10.953s][info ][gc,cpu      ] GC(19) User=0.01s Sys=0.00s Real=0.01s
[2025-03-19T13:57:30.903+0000][10.953s][info ][safepoint   ] Safepoint "G1CollectForAllocation", Time since last: 696946312 ns, Reaching safepoint: 130078 ns, Cleanup: 186824 ns, At safepoint: 7354727 ns, Total: 7671629 ns
[2025-03-19T13:57:31.762+0000][11.811s][debug][safepoint   ] Safepoint synchronization initiated using futex wait barrier. (14 threads)
[2025-03-19T13:57:31.762+0000][11.811s][info ][gc,start    ] GC(20) Pause Young (Normal) (G1 Evacuation Pause)
[2025-03-19T13:57:31.762+0000][11.811s][info ][gc,task     ] GC(20) Using 4 workers of 4 for evacuation
[2025-03-19T13:57:31.797+0000][11.846s][info ][gc,phases   ] GC(20)   Pre Evacuate Collection Set: 1.4ms
[2025-03-19T13:57:31.797+0000][11.846s][info ][gc,phases   ] GC(20)   Merge Heap Roots: 0.4ms
[2025-03-19T13:57:31.797+0000][11.846s][info ][gc,phases   ] GC(20)   Evacuate Collection Set: 27.8ms
[2025-03-19T13:57:31.797+0000][11.846s][info ][gc,phases   ] GC(20)   Post Evacuate Collection Set: 4.9ms
[2025-03-19T13:57:31.797+0000][11.846s][info ][gc,phases   ] GC(20)   Other: 0.3ms
[2025-03-19T13:57:31.797+0000][11.846s][info ][gc,heap     ] GC(20) Eden regions: 106->0(107)
[2025-03-19T13:57:31.797+0000][11.846s][info ][gc,heap     ] GC(20) Survivor regions: 7->8(15)
[2025-03-19T13:57:31.797+0000][11.846s][info ][gc,heap     ] GC(20) Old regions: 52->52
[2025-03-19T13:57:31.797+0000][11.846s][info ][gc,heap     ] GC(20) Archive regions: 2->2
[2025-03-19T13:57:31.797+0000][11.846s][info ][gc,heap     ] GC(20) Humongous regions: 0->0
[2025-03-19T13:57:31.797+0000][11.846s][info ][gc,metaspace] GC(20) Metaspace: 33978K(34368K)->33978K(34368K) NonClass: 29769K(29952K)->29769K(29952K) Class: 4209K(4416K)->4209K(4416K)
[2025-03-19T13:57:31.797+0000][11.846s][info ][gc          ] GC(20) Pause Young (Normal) (G1 Evacuation Pause) 164M->59M(202M) 34.938ms
[2025-03-19T13:57:31.797+0000][11.846s][info ][gc,cpu      ] GC(20) User=0.08s Sys=0.00s Real=0.03s
[2025-03-19T13:57:31.797+0000][11.846s][info ][safepoint   ] Safepoint "G1CollectForAllocation", Time since last: 858232285 ns, Reaching safepoint: 144736 ns, Cleanup: 300093 ns, At safepoint: 35052019 ns, Total: 35496848 ns
[2025-03-19T13:57:32.956+0000][13.005s][debug][safepoint   ] Safepoint synchronization initiated using futex wait barrier. (14 threads)
[2025-03-19T13:57:32.956+0000][13.005s][info ][gc,start    ] GC(21) Pause Young (Normal) (G1 Evacuation Pause)
[2025-03-19T13:57:32.956+0000][13.005s][info ][gc,task     ] GC(21) Using 4 workers of 4 for evacuation
[2025-03-19T13:57:32.984+0000][13.033s][info ][gc,phases   ] GC(21)   Pre Evacuate Collection Set: 0.1ms
[2025-03-19T13:57:32.984+0000][13.033s][info ][gc,phases   ] GC(21)   Merge Heap Roots: 0.1ms
[2025-03-19T13:57:32.984+0000][13.033s][info ][gc,phases   ] GC(21)   Evacuate Collection Set: 24.4ms
[2025-03-19T13:57:32.984+0000][13.033s][info ][gc,phases   ] GC(21)   Post Evacuate Collection Set: 3.5ms
[2025-03-19T13:57:32.984+0000][13.033s][info ][gc,phases   ] GC(21)   Other: 0.1ms
[2025-03-19T13:57:32.984+0000][13.033s][info ][gc,heap     ] GC(21) Eden regions: 107->0(152)
[2025-03-19T13:57:32.984+0000][13.033s][info ][gc,heap     ] GC(21) Survivor regions: 8->8(15)
[2025-03-19T13:57:32.984+0000][13.033s][info ][gc,heap     ] GC(21) Old regions: 52->52
[2025-03-19T13:57:32.984+0000][13.033s][info ][gc,heap     ] GC(21) Archive regions: 2->2
[2025-03-19T13:57:32.984+0000][13.033s][info ][gc,heap     ] GC(21) Humongous regions: 0->0
[2025-03-19T13:57:32.984+0000][13.033s][info ][gc,metaspace] GC(21) Metaspace: 34873K(35264K)->34873K(35264K) NonClass: 30532K(30720K)->30532K(30720K) Class: 4340K(4544K)->4340K(4544K)
[2025-03-19T13:57:32.984+0000][13.034s][info ][gc          ] GC(21) Pause Young (Normal) (G1 Evacuation Pause) 166M->59M(268M) 28.349ms
[2025-03-19T13:57:32.984+0000][13.034s][info ][gc,cpu      ] GC(21) User=0.08s Sys=0.00s Real=0.03s
[2025-03-19T13:57:32.984+0000][13.034s][info ][safepoint   ] Safepoint "G1CollectForAllocation", Time since last: 1158657061 ns, Reaching safepoint: 50828 ns, Cleanup: 83023 ns, At safepoint: 28417174 ns, Total: 28551025 ns
[2025-03-19T13:57:33.313+0000][13.362s][debug][safepoint   ] Safepoint synchronization initiated using futex wait barrier. (14 threads)
[2025-03-19T13:57:33.313+0000][13.362s][info ][gc,start    ] GC(22) Pause Young (Concurrent Start) (Metadata GC Threshold)
[2025-03-19T13:57:33.313+0000][13.363s][info ][gc,task     ] GC(22) Using 4 workers of 4 for evacuation
[2025-03-19T13:57:33.331+0000][13.380s][info ][gc,phases   ] GC(22)   Pre Evacuate Collection Set: 0.4ms
[2025-03-19T13:57:33.331+0000][13.381s][info ][gc,phases   ] GC(22)   Merge Heap Roots: 0.3ms
[2025-03-19T13:57:33.331+0000][13.381s][info ][gc,phases   ] GC(22)   Evacuate Collection Set: 15.7ms
[2025-03-19T13:57:33.331+0000][13.381s][info ][gc,phases   ] GC(22)   Post Evacuate Collection Set: 1.3ms
[2025-03-19T13:57:33.331+0000][13.381s][info ][gc,phases   ] GC(22)   Other: 0.3ms
[2025-03-19T13:57:33.331+0000][13.381s][info ][gc,heap     ] GC(22) Eden regions: 41->0(152)
[2025-03-19T13:57:33.331+0000][13.381s][info ][gc,heap     ] GC(22) Survivor regions: 8->8(20)
[2025-03-19T13:57:33.331+0000][13.381s][info ][gc,heap     ] GC(22) Old regions: 52->52
[2025-03-19T13:57:33.331+0000][13.381s][info ][gc,heap     ] GC(22) Archive regions: 2->2
[2025-03-19T13:57:33.331+0000][13.381s][info ][gc,heap     ] GC(22) Humongous regions: 0->0
[2025-03-19T13:57:33.331+0000][13.381s][info ][gc,metaspace] GC(22) Metaspace: 35757K(36096K)->35757K(36096K) NonClass: 31314K(31488K)->31314K(31488K) Class: 4442K(4608K)->4442K(4608K)
[2025-03-19T13:57:33.331+0000][13.381s][info ][gc          ] GC(22) Pause Young (Concurrent Start) (Metadata GC Threshold) 100M->59M(268M) 18.153ms
[2025-03-19T13:57:33.331+0000][13.381s][info ][gc,cpu      ] GC(22) User=0.03s Sys=0.00s Real=0.02s
[2025-03-19T13:57:33.332+0000][13.381s][info ][gc          ] GC(23) Concurrent Mark Cycle
[2025-03-19T13:57:33.332+0000][13.381s][info ][gc,marking  ] GC(23) Concurrent Clear Claimed Marks
[2025-03-19T13:57:33.332+0000][13.381s][info ][gc,marking  ] GC(23) Concurrent Clear Claimed Marks 0.055ms
[2025-03-19T13:57:33.332+0000][13.381s][info ][gc,marking  ] GC(23) Concurrent Scan Root Regions
[2025-03-19T13:57:33.332+0000][13.381s][info ][safepoint   ] Safepoint "CollectForMetadataAllocation", Time since last: 328520134 ns, Reaching safepoint: 114732 ns, Cleanup: 222145 ns, At safepoint: 18294215 ns, Total: 18631092 ns
[2025-03-19T13:57:33.347+0000][13.396s][info ][gc,marking  ] GC(23) Concurrent Scan Root Regions 15.253ms
[2025-03-19T13:57:33.347+0000][13.396s][info ][gc,marking  ] GC(23) Concurrent Mark
[2025-03-19T13:57:33.347+0000][13.396s][info ][gc,marking  ] GC(23) Concurrent Mark From Roots
[2025-03-19T13:57:33.347+0000][13.396s][info ][gc,task     ] GC(23) Using 1 workers of 1 for marking
[2025-03-19T13:57:33.443+0000][13.492s][info ][gc,marking  ] GC(23) Concurrent Mark From Roots 96.400ms
[2025-03-19T13:57:33.443+0000][13.493s][info ][gc,marking  ] GC(23) Concurrent Preclean
[2025-03-19T13:57:33.444+0000][13.493s][info ][gc,marking  ] GC(23) Concurrent Preclean 0.261ms
[2025-03-19T13:57:33.444+0000][13.493s][debug][safepoint   ] Safepoint synchronization initiated using futex wait barrier. (14 threads)
[2025-03-19T13:57:33.444+0000][13.493s][info ][gc,start    ] GC(23) Pause Remark
[2025-03-19T13:57:33.455+0000][13.504s][info ][gc          ] GC(23) Pause Remark 62M->62M(220M) 11.126ms
[2025-03-19T13:57:33.455+0000][13.504s][info ][gc,cpu      ] GC(23) User=0.03s Sys=0.00s Real=0.01s
[2025-03-19T13:57:33.455+0000][13.504s][info ][safepoint   ] Safepoint "G1PauseRemark", Time since last: 112101348 ns, Reaching safepoint: 12151 ns, Cleanup: 10272 ns, At safepoint: 11223740 ns, Total: 11246163 ns
[2025-03-19T13:57:33.455+0000][13.504s][info ][gc,marking  ] GC(23) Concurrent Mark 108.011ms
[2025-03-19T13:57:33.455+0000][13.504s][info ][gc,marking  ] GC(23) Concurrent Rebuild Remembered Sets
[2025-03-19T13:57:33.551+0000][13.600s][info ][gc,marking  ] GC(23) Concurrent Rebuild Remembered Sets 96.373ms
[2025-03-19T13:57:33.551+0000][13.601s][debug][safepoint   ] Safepoint synchronization initiated using futex wait barrier. (14 threads)
[2025-03-19T13:57:33.551+0000][13.601s][info ][gc,start    ] GC(23) Pause Cleanup
[2025-03-19T13:57:33.552+0000][13.601s][info ][gc          ] GC(23) Pause Cleanup 71M->71M(220M) 0.126ms
[2025-03-19T13:57:33.552+0000][13.601s][info ][gc,cpu      ] GC(23) User=0.00s Sys=0.00s Real=0.00s
[2025-03-19T13:57:33.552+0000][13.601s][info ][safepoint   ] Safepoint "G1PauseCleanup", Time since last: 96488111 ns, Reaching safepoint: 10059 ns, Cleanup: 33054 ns, At safepoint: 226069 ns, Total: 269182 ns
[2025-03-19T13:57:33.552+0000][13.601s][info ][gc,marking  ] GC(23) Concurrent Cleanup for Next Mark
[2025-03-19T13:57:33.553+0000][13.603s][info ][gc,marking  ] GC(23) Concurrent Cleanup for Next Mark 1.756ms
[2025-03-19T13:57:33.553+0000][13.603s][info ][gc          ] GC(23) Concurrent Mark Cycle 221.944ms
[2025-03-19T13:57:33.948+0000][13.997s][debug][safepoint   ] ... found polling page loop exception at pc = 0x00007970a0f727de, stub =0x00007970a098eb80
[2025-03-19T13:57:34.392+0000][14.441s][debug][safepoint   ] Safepoint synchronization initiated using futex wait barrier. (15 threads)
[2025-03-19T13:57:34.392+0000][14.442s][info ][gc,start    ] GC(24) Pause Young (Prepare Mixed) (G1 Evacuation Pause)
[2025-03-19T13:57:34.392+0000][14.442s][info ][gc,task     ] GC(24) Using 4 workers of 4 for evacuation
[2025-03-19T13:57:34.403+0000][14.452s][info ][gc,phases   ] GC(24)   Pre Evacuate Collection Set: 0.1ms
[2025-03-19T13:57:34.403+0000][14.452s][info ][gc,phases   ] GC(24)   Merge Heap Roots: 0.1ms
[2025-03-19T13:57:34.403+0000][14.452s][info ][gc,phases   ] GC(24)   Evacuate Collection Set: 9.0ms
[2025-03-19T13:57:34.403+0000][14.452s][info ][gc,phases   ] GC(24)   Post Evacuate Collection Set: 1.2ms
[2025-03-19T13:57:34.403+0000][14.452s][info ][gc,phases   ] GC(24)   Other: 0.2ms
[2025-03-19T13:57:34.403+0000][14.452s][info ][gc,heap     ] GC(24) Eden regions: 124->0(2)
[2025-03-19T13:57:34.403+0000][14.452s][info ][gc,heap     ] GC(24) Survivor regions: 8->9(17)
[2025-03-19T13:57:34.403+0000][14.452s][info ][gc,heap     ] GC(24) Old regions: 52->52
[2025-03-19T13:57:34.403+0000][14.452s][info ][gc,heap     ] GC(24) Archive regions: 2->2
[2025-03-19T13:57:34.403+0000][14.452s][info ][gc,heap     ] GC(24) Humongous regions: 0->0
[2025-03-19T13:57:34.403+0000][14.452s][info ][gc,metaspace] GC(24) Metaspace: 38912K(39296K)->38912K(39296K) NonClass: 33996K(34176K)->33996K(34176K) Class: 4915K(5120K)->4915K(5120K)
[2025-03-19T13:57:34.403+0000][14.452s][info ][gc          ] GC(24) Pause Young (Prepare Mixed) (G1 Evacuation Pause) 183M->60M(220M) 10.611ms
[2025-03-19T13:57:34.403+0000][14.452s][info ][gc,cpu      ] GC(24) User=0.03s Sys=0.00s Real=0.01s
[2025-03-19T13:57:34.403+0000][14.452s][info ][safepoint   ] Safepoint "G1CollectForAllocation", Time since last: 840612835 ns, Reaching safepoint: 67410 ns, Cleanup: 89980 ns, At safepoint: 10682606 ns, Total: 10839996 ns
[2025-03-19T13:57:34.425+0000][14.474s][debug][safepoint   ] Safepoint synchronization initiated using futex wait barrier. (15 threads)
[2025-03-19T13:57:34.425+0000][14.474s][info ][gc,start    ] GC(25) Pause Young (Mixed) (G1 Evacuation Pause)
[2025-03-19T13:57:34.425+0000][14.474s][info ][gc,task     ] GC(25) Using 4 workers of 4 for evacuation
[2025-03-19T13:57:34.438+0000][14.487s][info ][gc,phases   ] GC(25)   Pre Evacuate Collection Set: 0.1ms
[2025-03-19T13:57:34.438+0000][14.487s][info ][gc,phases   ] GC(25)   Merge Heap Roots: 0.1ms
[2025-03-19T13:57:34.438+0000][14.487s][info ][gc,phases   ] GC(25)   Evacuate Collection Set: 11.2ms
[2025-03-19T13:57:34.438+0000][14.487s][info ][gc,phases   ] GC(25)   Post Evacuate Collection Set: 1.1ms
[2025-03-19T13:57:34.438+0000][14.487s][info ][gc,phases   ] GC(25)   Other: 0.2ms
[2025-03-19T13:57:34.438+0000][14.487s][info ][gc,heap     ] GC(25) Eden regions: 2->0(127)
[2025-03-19T13:57:34.438+0000][14.487s][info ][gc,heap     ] GC(25) Survivor regions: 9->2(2)
[2025-03-19T13:57:34.438+0000][14.487s][info ][gc,heap     ] GC(25) Old regions: 52->58
[2025-03-19T13:57:34.438+0000][14.487s][info ][gc,heap     ] GC(25) Archive regions: 2->2
[2025-03-19T13:57:34.438+0000][14.487s][info ][gc,heap     ] GC(25) Humongous regions: 0->0
[2025-03-19T13:57:34.438+0000][14.487s][info ][gc,metaspace] GC(25) Metaspace: 38933K(39360K)->38933K(39360K) NonClass: 34017K(34240K)->34017K(34240K) Class: 4915K(5120K)->4915K(5120K)
[2025-03-19T13:57:34.438+0000][14.487s][info ][gc          ] GC(25) Pause Young (Mixed) (G1 Evacuation Pause) 62M->59M(220M) 12.694ms
[2025-03-19T13:57:34.438+0000][14.487s][info ][gc,cpu      ] GC(25) User=0.03s Sys=0.00s Real=0.01s
[2025-03-19T13:57:34.438+0000][14.487s][info ][safepoint   ] Safepoint "G1CollectForAllocation", Time since last: 21768824 ns, Reaching safepoint: 112013 ns, Cleanup: 10296 ns, At safepoint: 12771358 ns, Total: 12893667 ns
[2025-03-19T13:57:35.634+0000][15.683s][debug][safepoint   ] Safepoint synchronization initiated using futex wait barrier. (15 threads)
[2025-03-19T13:57:35.634+0000][15.683s][info ][gc,start    ] GC(26) Pause Young (Normal) (G1 Evacuation Pause)
[2025-03-19T13:57:35.634+0000][15.683s][info ][gc,task     ] GC(26) Using 4 workers of 4 for evacuation
[2025-03-19T13:57:35.641+0000][15.690s][info ][gc,phases   ] GC(26)   Pre Evacuate Collection Set: 0.1ms
[2025-03-19T13:57:35.641+0000][15.690s][info ][gc,phases   ] GC(26)   Merge Heap Roots: 0.1ms
[2025-03-19T13:57:35.641+0000][15.690s][info ][gc,phases   ] GC(26)   Evacuate Collection Set: 5.7ms
[2025-03-19T13:57:35.641+0000][15.690s][info ][gc,phases   ] GC(26)   Post Evacuate Collection Set: 1.3ms
[2025-03-19T13:57:35.641+0000][15.690s][info ][gc,phases   ] GC(26)   Other: 0.2ms
[2025-03-19T13:57:35.641+0000][15.691s][info ][gc,heap     ] GC(26) Eden regions: 127->0(126)
[2025-03-19T13:57:35.641+0000][15.691s][info ][gc,heap     ] GC(26) Survivor regions: 2->3(17)
[2025-03-19T13:57:35.641+0000][15.691s][info ][gc,heap     ] GC(26) Old regions: 58->58
[2025-03-19T13:57:35.641+0000][15.691s][info ][gc,heap     ] GC(26) Archive regions: 2->2
[2025-03-19T13:57:35.641+0000][15.691s][info ][gc,heap     ] GC(26) Humongous regions: 0->0
[2025-03-19T13:57:35.641+0000][15.691s][info ][gc,metaspace] GC(26) Metaspace: 41175K(41600K)->41175K(41600K) NonClass: 35951K(36160K)->35951K(36160K) Class: 5223K(5440K)->5223K(5440K)
[2025-03-19T13:57:35.641+0000][15.691s][info ][gc          ] GC(26) Pause Young (Normal) (G1 Evacuation Pause) 186M->60M(220M) 7.615ms
[2025-03-19T13:57:35.641+0000][15.691s][info ][gc,cpu      ] GC(26) User=0.02s Sys=0.00s Real=0.01s
[2025-03-19T13:57:35.643+0000][15.693s][info ][safepoint   ] Safepoint "G1CollectForAllocation", Time since last: 1195786147 ns, Reaching safepoint: 72033 ns, Cleanup: 140805 ns, At safepoint: 9615328 ns, Total: 9828166 ns
[2025-03-19T13:57:36.146+0000][16.195s][debug][safepoint   ] ... found polling page loop exception at pc = 0x00007970a133ab11, stub =0x00007970a098f400
[2025-03-19T13:57:36.379+0000][16.428s][debug][safepoint   ] Safepoint synchronization initiated using futex wait barrier. (15 threads)
[2025-03-19T13:57:36.380+0000][16.429s][info ][safepoint   ] Safepoint "ICBufferFull", Time since last: 735874863 ns, Reaching safepoint: 130598 ns, Cleanup: 396663 ns, At safepoint: 3154 ns, Total: 530415 ns
[2025-03-19T13:57:36.682+0000][16.731s][debug][safepoint   ] Safepoint synchronization initiated using futex wait barrier. (15 threads)
[2025-03-19T13:57:36.682+0000][16.732s][info ][gc,start    ] GC(27) Pause Young (Normal) (G1 Evacuation Pause)
[2025-03-19T13:57:36.682+0000][16.732s][info ][gc,task     ] GC(27) Using 4 workers of 4 for evacuation
[2025-03-19T13:57:36.691+0000][16.740s][info ][gc,phases   ] GC(27)   Pre Evacuate Collection Set: 0.4ms
[2025-03-19T13:57:36.691+0000][16.740s][info ][gc,phases   ] GC(27)   Merge Heap Roots: 0.1ms
[2025-03-19T13:57:36.691+0000][16.740s][info ][gc,phases   ] GC(27)   Evacuate Collection Set: 6.4ms
[2025-03-19T13:57:36.691+0000][16.740s][info ][gc,phases   ] GC(27)   Post Evacuate Collection Set: 1.1ms
[2025-03-19T13:57:36.691+0000][16.740s][info ][gc,phases   ] GC(27)   Other: 0.1ms
[2025-03-19T13:57:36.691+0000][16.740s][info ][gc,heap     ] GC(27) Eden regions: 126->0(125)
[2025-03-19T13:57:36.691+0000][16.740s][info ][gc,heap     ] GC(27) Survivor regions: 3->5(17)
[2025-03-19T13:57:36.691+0000][16.740s][info ][gc,heap     ] GC(27) Old regions: 58->58
[2025-03-19T13:57:36.691+0000][16.740s][info ][gc,heap     ] GC(27) Archive regions: 2->2
[2025-03-19T13:57:36.691+0000][16.740s][info ][gc,heap     ] GC(27) Humongous regions: 0->0
[2025-03-19T13:57:36.691+0000][16.740s][info ][gc,metaspace] GC(27) Metaspace: 44193K(44544K)->44193K(44544K) NonClass: 38531K(38720K)->38531K(38720K) Class: 5662K(5824K)->5662K(5824K)
[2025-03-19T13:57:36.691+0000][16.740s][info ][gc          ] GC(27) Pause Young (Normal) (G1 Evacuation Pause) 186M->62M(220M) 8.236ms
[2025-03-19T13:57:36.691+0000][16.740s][info ][gc,cpu      ] GC(27) User=0.02s Sys=0.00s Real=0.01s
[2025-03-19T13:57:36.691+0000][16.740s][info ][safepoint   ] Safepoint "G1CollectForAllocation", Time since last: 302479083 ns, Reaching safepoint: 51224 ns, Cleanup: 49201 ns, At safepoint: 8289668 ns, Total: 8390093 ns
[2025-03-19T13:57:37.778+0000][17.828s][debug][safepoint   ] Safepoint synchronization initiated using futex wait barrier. (15 threads)
[2025-03-19T13:57:37.779+0000][17.828s][info ][safepoint   ] Safepoint "Cleanup", Time since last: 1087806714 ns, Reaching safepoint: 114528 ns, Cleanup: 119790 ns, At safepoint: 6005 ns, Total: 240323 ns
[2025-03-19T13:57:37.942+0000][17.991s][debug][safepoint   ] Safepoint synchronization initiated using futex wait barrier. (15 threads)
[2025-03-19T13:57:37.942+0000][17.991s][info ][gc,start    ] GC(28) Pause Young (Normal) (G1 Evacuation Pause)
[2025-03-19T13:57:37.942+0000][17.991s][info ][gc,task     ] GC(28) Using 4 workers of 4 for evacuation
[2025-03-19T13:57:37.954+0000][18.003s][info ][gc,phases   ] GC(28)   Pre Evacuate Collection Set: 0.1ms
[2025-03-19T13:57:37.954+0000][18.003s][info ][gc,phases   ] GC(28)   Merge Heap Roots: 0.1ms
[2025-03-19T13:57:37.954+0000][18.003s][info ][gc,phases   ] GC(28)   Evacuate Collection Set: 10.1ms
[2025-03-19T13:57:37.954+0000][18.003s][info ][gc,phases   ] GC(28)   Post Evacuate Collection Set: 1.1ms
[2025-03-19T13:57:37.954+0000][18.003s][info ][gc,phases   ] GC(28)   Other: 0.1ms
[2025-03-19T13:57:37.954+0000][18.003s][info ][gc,heap     ] GC(28) Eden regions: 125->0(122)
[2025-03-19T13:57:37.954+0000][18.003s][info ][gc,heap     ] GC(28) Survivor regions: 5->7(17)
[2025-03-19T13:57:37.954+0000][18.003s][info ][gc,heap     ] GC(28) Old regions: 58->58
[2025-03-19T13:57:37.954+0000][18.003s][info ][gc,heap     ] GC(28) Archive regions: 2->2
[2025-03-19T13:57:37.954+0000][18.003s][info ][gc,heap     ] GC(28) Humongous regions: 0->0
[2025-03-19T13:57:37.954+0000][18.003s][info ][gc,metaspace] GC(28) Metaspace: 48276K(48768K)->48276K(48768K) NonClass: 42072K(42304K)->42072K(42304K) Class: 6204K(6464K)->6204K(6464K)
[2025-03-19T13:57:37.954+0000][18.003s][info ][gc          ] GC(28) Pause Young (Normal) (G1 Evacuation Pause) 187M->64M(220M) 11.509ms
[2025-03-19T13:57:37.954+0000][18.003s][info ][gc,cpu      ] GC(28) User=0.04s Sys=0.00s Real=0.01s
[2025-03-19T13:57:37.954+0000][18.003s][info ][safepoint   ] Safepoint "G1CollectForAllocation", Time since last: 163371513 ns, Reaching safepoint: 110511 ns, Cleanup: 15014 ns, At safepoint: 11560814 ns, Total: 11686339 ns
[2025-03-19T13:57:38.746+0000][18.795s][debug][safepoint   ] Safepoint synchronization initiated using futex wait barrier. (15 threads)
[2025-03-19T13:57:38.747+0000][18.796s][info ][safepoint   ] Safepoint "ICBufferFull", Time since last: 791785031 ns, Reaching safepoint: 1545824 ns, Cleanup: 150933 ns, At safepoint: 15129 ns, Total: 1711886 ns
[2025-03-19T13:57:40.100+0000][20.150s][debug][safepoint   ] Safepoint synchronization initiated using futex wait barrier. (17 threads)
[2025-03-19T13:57:40.100+0000][20.150s][info ][safepoint   ] Safepoint "Cleanup", Time since last: 1353091655 ns, Reaching safepoint: 46707 ns, Cleanup: 65695 ns, At safepoint: 3334 ns, Total: 115736 ns
[2025-03-19T13:57:40.627+0000][20.676s][debug][safepoint   ] Safepoint synchronization initiated using futex wait barrier. (17 threads)
[2025-03-19T13:57:40.627+0000][20.676s][info ][safepoint   ] Safepoint "ICBufferFull", Time since last: 526162655 ns, Reaching safepoint: 45485 ns, Cleanup: 127885 ns, At safepoint: 4063 ns, Total: 177433 ns
[2025-03-19T13:57:40.778+0000][20.827s][debug][safepoint   ] Safepoint synchronization initiated using futex wait barrier. (17 threads)
[2025-03-19T13:57:40.778+0000][20.827s][info ][gc,start    ] GC(29) Pause Young (Normal) (G1 Evacuation Pause)
[2025-03-19T13:57:40.778+0000][20.827s][info ][gc,task     ] GC(29) Using 4 workers of 4 for evacuation
[2025-03-19T13:57:40.801+0000][20.850s][info ][gc,phases   ] GC(29)   Pre Evacuate Collection Set: 0.1ms
[2025-03-19T13:57:40.801+0000][20.850s][info ][gc,phases   ] GC(29)   Merge Heap Roots: 0.2ms
[2025-03-19T13:57:40.801+0000][20.850s][info ][gc,phases   ] GC(29)   Evacuate Collection Set: 20.0ms
[2025-03-19T13:57:40.801+0000][20.850s][info ][gc,phases   ] GC(29)   Post Evacuate Collection Set: 2.1ms
[2025-03-19T13:57:40.801+0000][20.850s][info ][gc,phases   ] GC(29)   Other: 0.1ms
[2025-03-19T13:57:40.801+0000][20.850s][info ][gc,heap     ] GC(29) Eden regions: 122->0(118)
[2025-03-19T13:57:40.801+0000][20.850s][info ][gc,heap     ] GC(29) Survivor regions: 7->10(17)
[2025-03-19T13:57:40.801+0000][20.850s][info ][gc,heap     ] GC(29) Old regions: 58->58
[2025-03-19T13:57:40.801+0000][20.850s][info ][gc,heap     ] GC(29) Archive regions: 2->2
[2025-03-19T13:57:40.801+0000][20.850s][info ][gc,heap     ] GC(29) Humongous regions: 0->0
[2025-03-19T13:57:40.801+0000][20.850s][info ][gc,metaspace] GC(29) Metaspace: 54744K(55168K)->54744K(55168K) NonClass: 47798K(48000K)->47798K(48000K) Class: 6946K(7168K)->6946K(7168K)
[2025-03-19T13:57:40.801+0000][20.850s][info ][gc          ] GC(29) Pause Young (Normal) (G1 Evacuation Pause) 186M->67M(220M) 22.586ms
[2025-03-19T13:57:40.801+0000][20.850s][info ][gc,cpu      ] GC(29) User=0.06s Sys=0.00s Real=0.03s
[2025-03-19T13:57:40.802+0000][20.852s][info ][safepoint   ] Safepoint "G1CollectForAllocation", Time since last: 151316459 ns, Reaching safepoint: 58957 ns, Cleanup: 38449 ns, At safepoint: 24132646 ns, Total: 24230052 ns
[2025-03-19T13:57:41.776+0000][21.825s][debug][safepoint   ] Safepoint synchronization initiated using futex wait barrier. (17 threads)
[2025-03-19T13:57:41.776+0000][21.825s][info ][gc,start    ] GC(30) Pause Young (Normal) (G1 Evacuation Pause)
[2025-03-19T13:57:41.776+0000][21.825s][info ][gc,task     ] GC(30) Using 4 workers of 4 for evacuation
[2025-03-19T13:57:41.790+0000][21.839s][info ][gc,phases   ] GC(30)   Pre Evacuate Collection Set: 0.1ms
[2025-03-19T13:57:41.790+0000][21.839s][info ][gc,phases   ] GC(30)   Merge Heap Roots: 0.1ms
[2025-03-19T13:57:41.790+0000][21.839s][info ][gc,phases   ] GC(30)   Evacuate Collection Set: 12.0ms
[2025-03-19T13:57:41.790+0000][21.839s][info ][gc,phases   ] GC(30)   Post Evacuate Collection Set: 1.3ms
[2025-03-19T13:57:41.790+0000][21.839s][info ][gc,phases   ] GC(30)   Other: 0.1ms
[2025-03-19T13:57:41.790+0000][21.839s][info ][gc,heap     ] GC(30) Eden regions: 118->0(117)
[2025-03-19T13:57:41.790+0000][21.839s][info ][gc,heap     ] GC(30) Survivor regions: 10->10(16)
[2025-03-19T13:57:41.790+0000][21.839s][info ][gc,heap     ] GC(30) Old regions: 58->59
[2025-03-19T13:57:41.790+0000][21.839s][info ][gc,heap     ] GC(30) Archive regions: 2->2
[2025-03-19T13:57:41.790+0000][21.839s][info ][gc,heap     ] GC(30) Humongous regions: 0->0
[2025-03-19T13:57:41.790+0000][21.839s][info ][gc,metaspace] GC(30) Metaspace: 57707K(58112K)->57707K(58112K) NonClass: 50347K(50560K)->50347K(50560K) Class: 7359K(7552K)->7359K(7552K)
[2025-03-19T13:57:41.790+0000][21.839s][info ][gc          ] GC(30) Pause Young (Normal) (G1 Evacuation Pause) 185M->69M(220M) 13.695ms
[2025-03-19T13:57:41.790+0000][21.839s][info ][gc,cpu      ] GC(30) User=0.04s Sys=0.00s Real=0.02s
[2025-03-19T13:57:41.790+0000][21.839s][info ][safepoint   ] Safepoint "G1CollectForAllocation", Time since last: 973683075 ns, Reaching safepoint: 42110 ns, Cleanup: 50055 ns, At safepoint: 13741145 ns, Total: 13833310 ns
[2025-03-19T13:57:42.084+0000][22.133s][debug][safepoint   ] Safepoint synchronization initiated using futex wait barrier. (17 threads)
[2025-03-19T13:57:42.084+0000][22.133s][info ][gc,start    ] GC(31) Pause Young (Concurrent Start) (Metadata GC Threshold)
[2025-03-19T13:57:42.084+0000][22.133s][info ][gc,task     ] GC(31) Using 4 workers of 4 for evacuation
[2025-03-19T13:57:42.100+0000][22.149s][info ][gc,phases   ] GC(31)   Pre Evacuate Collection Set: 0.1ms
[2025-03-19T13:57:42.100+0000][22.149s][info ][gc,phases   ] GC(31)   Merge Heap Roots: 0.1ms
[2025-03-19T13:57:42.100+0000][22.149s][info ][gc,phases   ] GC(31)   Evacuate Collection Set: 13.9ms
[2025-03-19T13:57:42.100+0000][22.149s][info ][gc,phases   ] GC(31)   Post Evacuate Collection Set: 1.8ms
[2025-03-19T13:57:42.100+0000][22.149s][info ][gc,phases   ] GC(31)   Other: 0.1ms
[2025-03-19T13:57:42.100+0000][22.149s][info ][gc,heap     ] GC(31) Eden regions: 54->0(119)
[2025-03-19T13:57:42.100+0000][22.149s][info ][gc,heap     ] GC(31) Survivor regions: 10->8(16)
[2025-03-19T13:57:42.100+0000][22.149s][info ][gc,heap     ] GC(31) Old regions: 59->61
[2025-03-19T13:57:42.100+0000][22.149s][info ][gc,heap     ] GC(31) Archive regions: 2->2
[2025-03-19T13:57:42.100+0000][22.149s][info ][gc,heap     ] GC(31) Humongous regions: 0->0
[2025-03-19T13:57:42.100+0000][22.149s][info ][gc,metaspace] GC(31) Metaspace: 60149K(60608K)->60149K(60608K) NonClass: 52454K(52672K)->52454K(52672K) Class: 7695K(7936K)->7695K(7936K)
[2025-03-19T13:57:42.100+0000][22.149s][info ][gc          ] GC(31) Pause Young (Concurrent Start) (Metadata GC Threshold) 122M->69M(220M) 16.074ms
[2025-03-19T13:57:42.100+0000][22.149s][info ][gc,cpu      ] GC(31) User=0.03s Sys=0.00s Real=0.02s
[2025-03-19T13:57:42.100+0000][22.149s][info ][safepoint   ] Safepoint "CollectForMetadataAllocation", Time since last: 294074421 ns, Reaching safepoint: 49338 ns, Cleanup: 32687 ns, At safepoint: 16163756 ns, Total: 16245781 ns
[2025-03-19T13:57:42.100+0000][22.149s][info ][gc          ] GC(32) Concurrent Mark Cycle
[2025-03-19T13:57:42.100+0000][22.149s][info ][gc,marking  ] GC(32) Concurrent Clear Claimed Marks
[2025-03-19T13:57:42.100+0000][22.149s][info ][gc,marking  ] GC(32) Concurrent Clear Claimed Marks 0.047ms
[2025-03-19T13:57:42.100+0000][22.149s][info ][gc,marking  ] GC(32) Concurrent Scan Root Regions
[2025-03-19T13:57:42.112+0000][22.161s][info ][gc,marking  ] GC(32) Concurrent Scan Root Regions 11.979ms
[2025-03-19T13:57:42.112+0000][22.161s][info ][gc,marking  ] GC(32) Concurrent Mark
[2025-03-19T13:57:42.112+0000][22.161s][info ][gc,marking  ] GC(32) Concurrent Mark From Roots
[2025-03-19T13:57:42.112+0000][22.161s][info ][gc,task     ] GC(32) Using 1 workers of 1 for marking
[2025-03-19T13:57:42.145+0000][22.194s][debug][safepoint   ] Safepoint synchronization initiated using futex wait barrier. (18 threads)
[2025-03-19T13:57:42.145+0000][22.194s][info ][safepoint   ] Safepoint "CollectForMetadataAllocation", Time since last: 44320671 ns, Reaching safepoint: 42897 ns, Cleanup: 10604 ns, At safepoint: 27695 ns, Total: 81196 ns
[2025-03-19T13:57:42.196+0000][22.245s][debug][safepoint   ] Safepoint synchronization initiated using futex wait barrier. (18 threads)
[2025-03-19T13:57:42.196+0000][22.245s][info ][safepoint   ] Safepoint "CollectForMetadataAllocation", Time since last: 51610656 ns, Reaching safepoint: 54640 ns, Cleanup: 8681 ns, At safepoint: 30118 ns, Total: 93439 ns
[2025-03-19T13:57:42.205+0000][22.254s][info ][gc,marking  ] GC(32) Concurrent Mark From Roots 92.455ms
[2025-03-19T13:57:42.205+0000][22.254s][info ][gc,marking  ] GC(32) Concurrent Preclean
[2025-03-19T13:57:42.205+0000][22.254s][info ][gc,marking  ] GC(32) Concurrent Preclean 0.233ms
[2025-03-19T13:57:42.205+0000][22.254s][debug][safepoint   ] Safepoint synchronization initiated using futex wait barrier. (18 threads)
[2025-03-19T13:57:42.205+0000][22.254s][info ][gc,start    ] GC(32) Pause Remark
[2025-03-19T13:57:42.211+0000][22.260s][info ][gc          ] GC(32) Pause Remark 81M->81M(220M) 5.740ms
[2025-03-19T13:57:42.211+0000][22.260s][info ][gc,cpu      ] GC(32) User=0.02s Sys=0.00s Real=0.01s
[2025-03-19T13:57:42.211+0000][22.260s][info ][safepoint   ] Safepoint "G1PauseRemark", Time since last: 8764639 ns, Reaching safepoint: 11220 ns, Cleanup: 4006 ns, At safepoint: 5815425 ns, Total: 5830651 ns
[2025-03-19T13:57:42.211+0000][22.260s][info ][gc,marking  ] GC(32) Concurrent Mark 98.607ms
[2025-03-19T13:57:42.211+0000][22.260s][info ][gc,marking  ] GC(32) Concurrent Rebuild Remembered Sets
[2025-03-19T13:57:42.271+0000][22.320s][info ][gc,marking  ] GC(32) Concurrent Rebuild Remembered Sets 60.392ms
[2025-03-19T13:57:42.271+0000][22.321s][debug][safepoint   ] Safepoint synchronization initiated using futex wait barrier. (19 threads)
[2025-03-19T13:57:42.271+0000][22.321s][debug][safepoint   ] ... found polling page loop exception at pc = 0x00007970a11e1b20, stub =0x00007970a098eb80
[2025-03-19T13:57:42.271+0000][22.321s][info ][gc,start    ] GC(32) Pause Cleanup
[2025-03-19T13:57:42.272+0000][22.321s][info ][gc          ] GC(32) Pause Cleanup 92M->92M(220M) 0.097ms
[2025-03-19T13:57:42.272+0000][22.321s][info ][gc,cpu      ] GC(32) User=0.00s Sys=0.00s Real=0.00s
[2025-03-19T13:57:42.272+0000][22.321s][info ][safepoint   ] Safepoint "G1PauseCleanup", Time since last: 60482243 ns, Reaching safepoint: 80434 ns, Cleanup: 15206 ns, At safepoint: 129369 ns, Total: 225009 ns
[2025-03-19T13:57:42.272+0000][22.321s][info ][gc,marking  ] GC(32) Concurrent Cleanup for Next Mark
[2025-03-19T13:57:42.273+0000][22.322s][info ][gc,marking  ] GC(32) Concurrent Cleanup for Next Mark 1.393ms
[2025-03-19T13:57:42.273+0000][22.322s][info ][gc          ] GC(32) Concurrent Mark Cycle 172.837ms
[2025-03-19T13:57:43.150+0000][23.199s][debug][safepoint   ] Safepoint synchronization initiated using futex wait barrier. (20 threads)
[2025-03-19T13:57:43.151+0000][23.201s][info ][gc,start    ] GC(33) Pause Young (Prepare Mixed) (G1 Evacuation Pause)
[2025-03-19T13:57:43.151+0000][23.201s][info ][gc,task     ] GC(33) Using 4 workers of 4 for evacuation
[2025-03-19T13:57:43.162+0000][23.211s][info ][gc,phases   ] GC(33)   Pre Evacuate Collection Set: 0.1ms
[2025-03-19T13:57:43.162+0000][23.211s][info ][gc,phases   ] GC(33)   Merge Heap Roots: 0.1ms
[2025-03-19T13:57:43.162+0000][23.211s][info ][gc,phases   ] GC(33)   Evacuate Collection Set: 9.2ms
[2025-03-19T13:57:43.162+0000][23.211s][info ][gc,phases   ] GC(33)   Post Evacuate Collection Set: 1.0ms
[2025-03-19T13:57:43.162+0000][23.211s][info ][gc,phases   ] GC(33)   Other: 0.1ms
[2025-03-19T13:57:43.162+0000][23.211s][info ][gc,heap     ] GC(33) Eden regions: 119->0(2)
[2025-03-19T13:57:43.162+0000][23.211s][info ][gc,heap     ] GC(33) Survivor regions: 8->9(16)
[2025-03-19T13:57:43.162+0000][23.211s][info ][gc,heap     ] GC(33) Old regions: 61->61
[2025-03-19T13:57:43.162+0000][23.211s][info ][gc,heap     ] GC(33) Archive regions: 2->2
[2025-03-19T13:57:43.162+0000][23.211s][info ][gc,heap     ] GC(33) Humongous regions: 0->0
[2025-03-19T13:57:43.162+0000][23.211s][info ][gc,metaspace] GC(33) Metaspace: 63057K(63552K)->63057K(63552K) NonClass: 55004K(55232K)->55004K(55232K) Class: 8052K(8320K)->8052K(8320K)
[2025-03-19T13:57:43.162+0000][23.211s][info ][gc          ] GC(33) Pause Young (Prepare Mixed) (G1 Evacuation Pause) 188M->70M(220M) 10.643ms
[2025-03-19T13:57:43.162+0000][23.211s][info ][gc,cpu      ] GC(33) User=0.04s Sys=0.00s Real=0.01s
[2025-03-19T13:57:43.162+0000][23.211s][info ][safepoint   ] Safepoint "G1CollectForAllocation", Time since last: 878731440 ns, Reaching safepoint: 37986 ns, Cleanup: 994350 ns, At safepoint: 10701747 ns, Total: 11734083 ns
[2025-03-19T13:57:43.173+0000][23.222s][debug][safepoint   ] Safepoint synchronization initiated using futex wait barrier. (20 threads)
[2025-03-19T13:57:43.173+0000][23.222s][info ][gc,start    ] GC(34) Pause Young (Mixed) (G1 Evacuation Pause)
[2025-03-19T13:57:43.173+0000][23.222s][info ][gc,task     ] GC(34) Using 4 workers of 4 for evacuation
[2025-03-19T13:57:43.188+0000][23.237s][info ][gc,phases   ] GC(34)   Pre Evacuate Collection Set: 0.1ms
[2025-03-19T13:57:43.188+0000][23.237s][info ][gc,phases   ] GC(34)   Merge Heap Roots: 0.2ms
[2025-03-19T13:57:43.188+0000][23.237s][info ][gc,phases   ] GC(34)   Evacuate Collection Set: 13.5ms
[2025-03-19T13:57:43.188+0000][23.237s][info ][gc,phases   ] GC(34)   Post Evacuate Collection Set: 1.0ms
[2025-03-19T13:57:43.188+0000][23.237s][info ][gc,phases   ] GC(34)   Other: 0.1ms
[2025-03-19T13:57:43.188+0000][23.237s][info ][gc,heap     ] GC(34) Eden regions: 2->0(119)
[2025-03-19T13:57:43.188+0000][23.237s][info ][gc,heap     ] GC(34) Survivor regions: 9->2(2)
[2025-03-19T13:57:43.188+0000][23.237s][info ][gc,heap     ] GC(34) Old regions: 61->68
[2025-03-19T13:57:43.188+0000][23.237s][info ][gc,heap     ] GC(34) Archive regions: 2->2
[2025-03-19T13:57:43.188+0000][23.237s][info ][gc,heap     ] GC(34) Humongous regions: 0->0
[2025-03-19T13:57:43.188+0000][23.237s][info ][gc,metaspace] GC(34) Metaspace: 63101K(63552K)->63101K(63552K) NonClass: 55044K(55232K)->55044K(55232K) Class: 8056K(8320K)->8056K(8320K)
[2025-03-19T13:57:43.188+0000][23.237s][info ][gc          ] GC(34) Pause Young (Mixed) (G1 Evacuation Pause) 72M->69M(220M) 14.998ms
[2025-03-19T13:57:43.188+0000][23.237s][info ][gc,cpu      ] GC(34) User=0.03s Sys=0.00s Real=0.01s
[2025-03-19T13:57:43.188+0000][23.237s][info ][safepoint   ] Safepoint "G1CollectForAllocation", Time since last: 10987546 ns, Reaching safepoint: 35840 ns, Cleanup: 3339 ns, At safepoint: 15065062 ns, Total: 15104241 ns
[2025-03-19T13:57:43.661+0000][23.710s][debug][safepoint   ] Safepoint synchronization initiated using futex wait barrier. (19 threads)
[2025-03-19T13:57:43.661+0000][23.710s][info ][gc,start    ] GC(35) Pause Young (Concurrent Start) (G1 Evacuation Pause)
[2025-03-19T13:57:43.661+0000][23.710s][info ][gc,task     ] GC(35) Using 4 workers of 4 for evacuation
[2025-03-19T13:57:43.668+0000][23.717s][info ][gc,phases   ] GC(35)   Pre Evacuate Collection Set: 0.1ms
[2025-03-19T13:57:43.668+0000][23.717s][info ][gc,phases   ] GC(35)   Merge Heap Roots: 0.1ms
[2025-03-19T13:57:43.668+0000][23.717s][info ][gc,phases   ] GC(35)   Evacuate Collection Set: 5.4ms
[2025-03-19T13:57:43.668+0000][23.717s][info ][gc,phases   ] GC(35)   Post Evacuate Collection Set: 1.1ms
[2025-03-19T13:57:43.668+0000][23.717s][info ][gc,phases   ] GC(35)   Other: 0.1ms
[2025-03-19T13:57:43.668+0000][23.717s][info ][gc,heap     ] GC(35) Eden regions: 119->0(121)
[2025-03-19T13:57:43.668+0000][23.717s][info ][gc,heap     ] GC(35) Survivor regions: 2->1(16)
[2025-03-19T13:57:43.668+0000][23.717s][info ][gc,heap     ] GC(35) Old regions: 68->68
[2025-03-19T13:57:43.668+0000][23.717s][info ][gc,heap     ] GC(35) Archive regions: 2->2
[2025-03-19T13:57:43.668+0000][23.717s][info ][gc,heap     ] GC(35) Humongous regions: 0->0
[2025-03-19T13:57:43.668+0000][23.717s][info ][gc,metaspace] GC(35) Metaspace: 66237K(66688K)->66237K(66688K) NonClass: 57699K(57920K)->57699K(57920K) Class: 8537K(8768K)->8537K(8768K)
[2025-03-19T13:57:43.668+0000][23.717s][info ][gc          ] GC(35) Pause Young (Concurrent Start) (G1 Evacuation Pause) 188M->69M(220M) 6.839ms
[2025-03-19T13:57:43.668+0000][23.717s][info ][gc,cpu      ] GC(35) User=0.02s Sys=0.01s Real=0.00s
[2025-03-19T13:57:43.668+0000][23.717s][info ][safepoint   ] Safepoint "G1CollectForAllocation", Time since last: 472984356 ns, Reaching safepoint: 41659 ns, Cleanup: 28624 ns, At safepoint: 6900027 ns, Total: 6970310 ns
[2025-03-19T13:57:43.668+0000][23.717s][info ][gc          ] GC(36) Concurrent Mark Cycle
[2025-03-19T13:57:43.668+0000][23.717s][info ][gc,marking  ] GC(36) Concurrent Clear Claimed Marks
[2025-03-19T13:57:43.668+0000][23.717s][info ][gc,marking  ] GC(36) Concurrent Clear Claimed Marks 0.092ms
[2025-03-19T13:57:43.668+0000][23.717s][info ][gc,marking  ] GC(36) Concurrent Scan Root Regions
[2025-03-19T13:57:43.671+0000][23.720s][info ][gc,marking  ] GC(36) Concurrent Scan Root Regions 2.321ms
[2025-03-19T13:57:43.671+0000][23.720s][info ][gc,marking  ] GC(36) Concurrent Mark
[2025-03-19T13:57:43.671+0000][23.720s][info ][gc,marking  ] GC(36) Concurrent Mark From Roots
[2025-03-19T13:57:43.671+0000][23.720s][info ][gc,task     ] GC(36) Using 1 workers of 1 for marking
[2025-03-19T13:57:43.794+0000][23.844s][info ][gc,marking  ] GC(36) Concurrent Mark From Roots 123.747ms
[2025-03-19T13:57:43.794+0000][23.844s][info ][gc,marking  ] GC(36) Concurrent Preclean
[2025-03-19T13:57:43.795+0000][23.844s][info ][gc,marking  ] GC(36) Concurrent Preclean 0.303ms
[2025-03-19T13:57:43.795+0000][23.844s][debug][safepoint   ] Safepoint synchronization initiated using futex wait barrier. (20 threads)
[2025-03-19T13:57:43.795+0000][23.844s][info ][gc,start    ] GC(36) Pause Remark
[2025-03-19T13:57:43.801+0000][23.850s][info ][gc          ] GC(36) Pause Remark 94M->94M(220M) 6.031ms
[2025-03-19T13:57:43.801+0000][23.850s][info ][gc,cpu      ] GC(36) User=0.02s Sys=0.01s Real=0.01s
[2025-03-19T13:57:43.801+0000][23.850s][info ][safepoint   ] Safepoint "G1PauseRemark", Time since last: 126678286 ns, Reaching safepoint: 62137 ns, Cleanup: 24222 ns, At safepoint: 6144714 ns, Total: 6231073 ns
[2025-03-19T13:57:43.801+0000][23.851s][info ][gc,marking  ] GC(36) Concurrent Mark 130.850ms
[2025-03-19T13:57:43.801+0000][23.851s][info ][gc,marking  ] GC(36) Concurrent Rebuild Remembered Sets
[2025-03-19T13:57:43.878+0000][23.927s][info ][gc,marking  ] GC(36) Concurrent Rebuild Remembered Sets 76.399ms
[2025-03-19T13:57:43.878+0000][23.927s][debug][safepoint   ] Safepoint synchronization initiated using futex wait barrier. (20 threads)
[2025-03-19T13:57:43.878+0000][23.927s][info ][gc,start    ] GC(36) Pause Cleanup
[2025-03-19T13:57:43.878+0000][23.927s][info ][gc          ] GC(36) Pause Cleanup 109M->109M(220M) 0.136ms
[2025-03-19T13:57:43.878+0000][23.927s][info ][gc,cpu      ] GC(36) User=0.00s Sys=0.00s Real=0.00s
[2025-03-19T13:57:43.878+0000][23.927s][info ][safepoint   ] Safepoint "G1PauseCleanup", Time since last: 76916114 ns, Reaching safepoint: 81725 ns, Cleanup: 35851 ns, At safepoint: 164969 ns, Total: 282545 ns
[2025-03-19T13:57:43.878+0000][23.927s][info ][gc,marking  ] GC(36) Concurrent Cleanup for Next Mark
[2025-03-19T13:57:43.880+0000][23.930s][info ][gc,marking  ] GC(36) Concurrent Cleanup for Next Mark 2.170ms
[2025-03-19T13:57:43.880+0000][23.930s][info ][gc          ] GC(36) Concurrent Mark Cycle 212.317ms
[2025-03-19T13:57:44.535+0000][24.585s][debug][safepoint   ] Safepoint synchronization initiated using futex wait barrier. (21 threads)
[2025-03-19T13:57:44.536+0000][24.585s][info ][gc,start    ] GC(37) Pause Young (Prepare Mixed) (G1 Evacuation Pause)
[2025-03-19T13:57:44.536+0000][24.585s][info ][gc,task     ] GC(37) Using 4 workers of 4 for evacuation
[2025-03-19T13:57:44.553+0000][24.602s][info ][gc,phases   ] GC(37)   Pre Evacuate Collection Set: 0.6ms
[2025-03-19T13:57:44.553+0000][24.602s][info ][gc,phases   ] GC(37)   Merge Heap Roots: 0.3ms
[2025-03-19T13:57:44.553+0000][24.602s][info ][gc,phases   ] GC(37)   Evacuate Collection Set: 14.6ms
[2025-03-19T13:57:44.553+0000][24.602s][info ][gc,phases   ] GC(37)   Post Evacuate Collection Set: 1.9ms
[2025-03-19T13:57:44.553+0000][24.602s][info ][gc,phases   ] GC(37)   Other: 0.1ms
[2025-03-19T13:57:44.553+0000][24.602s][info ][gc,heap     ] GC(37) Eden regions: 121->0(6)
[2025-03-19T13:57:44.553+0000][24.602s][info ][gc,heap     ] GC(37) Survivor regions: 1->5(16)
[2025-03-19T13:57:44.553+0000][24.602s][info ][gc,heap     ] GC(37) Old regions: 68->68
[2025-03-19T13:57:44.553+0000][24.602s][info ][gc,heap     ] GC(37) Archive regions: 2->2
[2025-03-19T13:57:44.553+0000][24.602s][info ][gc,heap     ] GC(37) Humongous regions: 0->0
[2025-03-19T13:57:44.553+0000][24.602s][info ][gc,metaspace] GC(37) Metaspace: 68161K(68608K)->68161K(68608K) NonClass: 59397K(59584K)->59397K(59584K) Class: 8764K(9024K)->8764K(9024K)
[2025-03-19T13:57:44.553+0000][24.602s][info ][gc          ] GC(37) Pause Young (Prepare Mixed) (G1 Evacuation Pause) 190M->72M(220M) 17.569ms
[2025-03-19T13:57:44.553+0000][24.602s][info ][gc,cpu      ] GC(37) User=0.03s Sys=0.00s Real=0.02s
[2025-03-19T13:57:44.553+0000][24.602s][info ][safepoint   ] Safepoint "G1CollectForAllocation", Time since last: 657136137 ns, Reaching safepoint: 43457 ns, Cleanup: 110126 ns, At safepoint: 17620211 ns, Total: 17773794 ns
[2025-03-19T13:57:44.590+0000][24.639s][debug][safepoint   ] Safepoint synchronization initiated using futex wait barrier. (21 threads)
[2025-03-19T13:57:44.590+0000][24.639s][info ][gc,start    ] GC(38) Pause Young (Mixed) (G1 Evacuation Pause)
[2025-03-19T13:57:44.590+0000][24.639s][info ][gc,task     ] GC(38) Using 4 workers of 4 for evacuation
[2025-03-19T13:57:44.606+0000][24.655s][info ][gc,phases   ] GC(38)   Pre Evacuate Collection Set: 0.1ms
[2025-03-19T13:57:44.606+0000][24.655s][info ][gc,phases   ] GC(38)   Merge Heap Roots: 0.1ms
[2025-03-19T13:57:44.606+0000][24.655s][info ][gc,phases   ] GC(38)   Evacuate Collection Set: 14.3ms
[2025-03-19T13:57:44.606+0000][24.655s][info ][gc,phases   ] GC(38)   Post Evacuate Collection Set: 1.2ms
[2025-03-19T13:57:44.606+0000][24.655s][info ][gc,phases   ] GC(38)   Other: 0.3ms
[2025-03-19T13:57:44.606+0000][24.655s][info ][gc,heap     ] GC(38) Eden regions: 6->0(118)
[2025-03-19T13:57:44.606+0000][24.655s][info ][gc,heap     ] GC(38) Survivor regions: 5->1(2)
[2025-03-19T13:57:44.606+0000][24.655s][info ][gc,heap     ] GC(38) Old regions: 68->70
[2025-03-19T13:57:44.606+0000][24.655s][info ][gc,heap     ] GC(38) Archive regions: 2->2
[2025-03-19T13:57:44.606+0000][24.655s][info ][gc,heap     ] GC(38) Humongous regions: 0->0
[2025-03-19T13:57:44.606+0000][24.655s][info ][gc,metaspace] GC(38) Metaspace: 68289K(68800K)->68289K(68800K) NonClass: 59509K(59776K)->59509K(59776K) Class: 8780K(9024K)->8780K(9024K)
[2025-03-19T13:57:44.606+0000][24.655s][info ][gc          ] GC(38) Pause Young (Mixed) (G1 Evacuation Pause) 78M->71M(220M) 16.134ms
[2025-03-19T13:57:44.606+0000][24.655s][info ][gc,cpu      ] GC(38) User=0.05s Sys=0.00s Real=0.01s
[2025-03-19T13:57:44.606+0000][24.655s][info ][safepoint   ] Safepoint "G1CollectForAllocation", Time since last: 36672235 ns, Reaching safepoint: 52351 ns, Cleanup: 19951 ns, At safepoint: 16183418 ns, Total: 16255720 ns
[2025-03-19T13:57:44.671+0000][24.720s][debug][safepoint   ] ... found polling page loop exception at pc = 0x00007970a104187d, stub =0x00007970a098f400
[2025-03-19T13:57:45.189+0000][25.238s][debug][safepoint   ] Safepoint synchronization initiated using futex wait barrier. (20 threads)
[2025-03-19T13:57:45.189+0000][25.238s][info ][safepoint   ] Safepoint "ICBufferFull", Time since last: 582880116 ns, Reaching safepoint: 40688 ns, Cleanup: 150269 ns, At safepoint: 3556 ns, Total: 194513 ns
[2025-03-19T13:57:45.427+0000][25.476s][debug][safepoint   ] Safepoint synchronization initiated using futex wait barrier. (21 threads)
[2025-03-19T13:57:45.427+0000][25.476s][info ][safepoint   ] Safepoint "ICBufferFull", Time since last: 237701671 ns, Reaching safepoint: 48346 ns, Cleanup: 129257 ns, At safepoint: 3380 ns, Total: 180983 ns
[2025-03-19T13:57:45.601+0000][25.650s][debug][safepoint   ] Safepoint synchronization initiated using futex wait barrier. (21 threads)
[2025-03-19T13:57:45.601+0000][25.650s][info ][gc,start    ] GC(39) Pause Young (Normal) (G1 Evacuation Pause)
[2025-03-19T13:57:45.601+0000][25.650s][info ][gc,task     ] GC(39) Using 4 workers of 4 for evacuation
[2025-03-19T13:57:45.610+0000][25.659s][info ][gc,phases   ] GC(39)   Pre Evacuate Collection Set: 0.3ms
[2025-03-19T13:57:45.610+0000][25.659s][info ][gc,phases   ] GC(39)   Merge Heap Roots: 0.1ms
[2025-03-19T13:57:45.610+0000][25.659s][info ][gc,phases   ] GC(39)   Evacuate Collection Set: 7.0ms
[2025-03-19T13:57:45.610+0000][25.659s][info ][gc,phases   ] GC(39)   Post Evacuate Collection Set: 1.1ms
[2025-03-19T13:57:45.610+0000][25.659s][info ][gc,phases   ] GC(39)   Other: 0.4ms
[2025-03-19T13:57:45.610+0000][25.659s][info ][gc,heap     ] GC(39) Eden regions: 118->0(117)
[2025-03-19T13:57:45.610+0000][25.659s][info ][gc,heap     ] GC(39) Survivor regions: 1->2(15)
[2025-03-19T13:57:45.610+0000][25.659s][info ][gc,heap     ] GC(39) Old regions: 70->70
[2025-03-19T13:57:45.610+0000][25.659s][info ][gc,heap     ] GC(39) Archive regions: 2->2
[2025-03-19T13:57:45.610+0000][25.659s][info ][gc,heap     ] GC(39) Humongous regions: 0->0
[2025-03-19T13:57:45.610+0000][25.659s][info ][gc,metaspace] GC(39) Metaspace: 72115K(72576K)->72115K(72576K) NonClass: 62885K(63104K)->62885K(63104K) Class: 9230K(9472K)->9230K(9472K)
[2025-03-19T13:57:45.610+0000][25.659s][info ][gc          ] GC(39) Pause Young (Normal) (G1 Evacuation Pause) 189M->72M(220M) 9.193ms
[2025-03-19T13:57:45.610+0000][25.659s][info ][gc,cpu      ] GC(39) User=0.02s Sys=0.00s Real=0.01s
[2025-03-19T13:57:45.610+0000][25.659s][info ][safepoint   ] Safepoint "G1CollectForAllocation", Time since last: 173553849 ns, Reaching safepoint: 199994 ns, Cleanup: 195172 ns, At safepoint: 9263249 ns, Total: 9658415 ns
[2025-03-19T13:57:46.177+0000][26.226s][debug][safepoint   ] Safepoint synchronization initiated using futex wait barrier. (20 threads)
[2025-03-19T13:57:46.177+0000][26.226s][info ][gc,start    ] GC(40) Pause Young (Normal) (G1 Evacuation Pause)
[2025-03-19T13:57:46.177+0000][26.226s][info ][gc,task     ] GC(40) Using 4 workers of 4 for evacuation
[2025-03-19T13:57:46.184+0000][26.234s][info ][gc,phases   ] GC(40)   Pre Evacuate Collection Set: 0.1ms
[2025-03-19T13:57:46.184+0000][26.234s][info ][gc,phases   ] GC(40)   Merge Heap Roots: 0.1ms
[2025-03-19T13:57:46.184+0000][26.234s][info ][gc,phases   ] GC(40)   Evacuate Collection Set: 6.2ms
[2025-03-19T13:57:46.184+0000][26.234s][info ][gc,phases   ] GC(40)   Post Evacuate Collection Set: 0.9ms
[2025-03-19T13:57:46.184+0000][26.234s][info ][gc,phases   ] GC(40)   Other: 0.1ms
[2025-03-19T13:57:46.184+0000][26.234s][info ][gc,heap     ] GC(40) Eden regions: 117->0(117)
[2025-03-19T13:57:46.184+0000][26.234s][info ][gc,heap     ] GC(40) Survivor regions: 2->3(15)
[2025-03-19T13:57:46.184+0000][26.234s][info ][gc,heap     ] GC(40) Old regions: 70->70
[2025-03-19T13:57:46.184+0000][26.234s][info ][gc,heap     ] GC(40) Archive regions: 2->2
[2025-03-19T13:57:46.184+0000][26.234s][info ][gc,heap     ] GC(40) Humongous regions: 0->0
[2025-03-19T13:57:46.184+0000][26.234s][info ][gc,metaspace] GC(40) Metaspace: 76680K(77184K)->76680K(77184K) NonClass: 66693K(66944K)->66693K(66944K) Class: 9986K(10240K)->9986K(10240K)
[2025-03-19T13:57:46.184+0000][26.234s][info ][gc          ] GC(40) Pause Young (Normal) (G1 Evacuation Pause) 189M->73M(220M) 7.433ms
[2025-03-19T13:57:46.184+0000][26.234s][info ][gc,cpu      ] GC(40) User=0.01s Sys=0.00s Real=0.01s
[2025-03-19T13:57:46.185+0000][26.234s][info ][safepoint   ] Safepoint "G1CollectForAllocation", Time since last: 566717479 ns, Reaching safepoint: 39905 ns, Cleanup: 32883 ns, At safepoint: 7479245 ns, Total: 7552033 ns
[2025-03-19T13:57:46.678+0000][26.727s][debug][safepoint   ] Safepoint synchronization initiated using futex wait barrier. (20 threads)
[2025-03-19T13:57:46.678+0000][26.727s][info ][gc,start    ] GC(41) Pause Young (Normal) (G1 Evacuation Pause)
[2025-03-19T13:57:46.678+0000][26.727s][info ][gc,task     ] GC(41) Using 4 workers of 4 for evacuation
[2025-03-19T13:57:46.685+0000][26.734s][info ][gc,phases   ] GC(41)   Pre Evacuate Collection Set: 0.1ms
[2025-03-19T13:57:46.685+0000][26.734s][info ][gc,phases   ] GC(41)   Merge Heap Roots: 0.1ms
[2025-03-19T13:57:46.685+0000][26.734s][info ][gc,phases   ] GC(41)   Evacuate Collection Set: 5.5ms
[2025-03-19T13:57:46.685+0000][26.734s][info ][gc,phases   ] GC(41)   Post Evacuate Collection Set: 1.3ms
[2025-03-19T13:57:46.685+0000][26.734s][info ][gc,phases   ] GC(41)   Other: 0.1ms
[2025-03-19T13:57:46.685+0000][26.734s][info ][gc,heap     ] GC(41) Eden regions: 117->0(116)
[2025-03-19T13:57:46.685+0000][26.734s][info ][gc,heap     ] GC(41) Survivor regions: 3->4(15)
[2025-03-19T13:57:46.685+0000][26.734s][info ][gc,heap     ] GC(41) Old regions: 70->70
[2025-03-19T13:57:46.685+0000][26.734s][info ][gc,heap     ] GC(41) Archive regions: 2->2
[2025-03-19T13:57:46.685+0000][26.734s][info ][gc,heap     ] GC(41) Humongous regions: 0->0
[2025-03-19T13:57:46.685+0000][26.734s][info ][gc,metaspace] GC(41) Metaspace: 78867K(79296K)->78867K(79296K) NonClass: 68483K(68672K)->68483K(68672K) Class: 10384K(10624K)->10384K(10624K)
[2025-03-19T13:57:46.685+0000][26.734s][info ][gc          ] GC(41) Pause Young (Normal) (G1 Evacuation Pause) 190M->74M(220M) 7.144ms
[2025-03-19T13:57:46.685+0000][26.734s][info ][gc,cpu      ] GC(41) User=0.02s Sys=0.00s Real=0.01s
[2025-03-19T13:57:46.685+0000][26.734s][info ][safepoint   ] Safepoint "G1CollectForAllocation", Time since last: 492995580 ns, Reaching safepoint: 49164 ns, Cleanup: 95463 ns, At safepoint: 7205401 ns, Total: 7350028 ns
[2025-03-19T13:57:46.791+0000][26.840s][debug][safepoint   ] Safepoint synchronization initiated using futex wait barrier. (21 threads)
[2025-03-19T13:57:46.791+0000][26.840s][info ][safepoint   ] Safepoint "ICBufferFull", Time since last: 105989750 ns, Reaching safepoint: 37784 ns, Cleanup: 105594 ns, At safepoint: 2720 ns, Total: 146098 ns
[2025-03-19T13:57:46.889+0000][26.938s][debug][safepoint   ] Safepoint synchronization initiated using futex wait barrier. (21 threads)
[2025-03-19T13:57:46.889+0000][26.939s][info ][safepoint   ] Safepoint "ICBufferFull", Time since last: 98161827 ns, Reaching safepoint: 80780 ns, Cleanup: 187404 ns, At safepoint: 2856 ns, Total: 271040 ns
[2025-03-19T13:57:46.969+0000][27.018s][debug][safepoint   ] Safepoint synchronization initiated using futex wait barrier. (21 threads)
[2025-03-19T13:57:46.969+0000][27.019s][info ][safepoint   ] Safepoint "ICBufferFull", Time since last: 79855656 ns, Reaching safepoint: 81837 ns, Cleanup: 97294 ns, At safepoint: 3724 ns, Total: 182855 ns
[2025-03-19T13:57:47.160+0000][27.209s][debug][safepoint   ] Safepoint synchronization initiated using futex wait barrier. (21 threads)
[2025-03-19T13:57:47.160+0000][27.209s][info ][safepoint   ] Safepoint "ICBufferFull", Time since last: 190396938 ns, Reaching safepoint: 44902 ns, Cleanup: 124018 ns, At safepoint: 3507 ns, Total: 172427 ns
[2025-03-19T13:57:47.345+0000][27.394s][debug][safepoint   ] Safepoint synchronization initiated using futex wait barrier. (21 threads)
[2025-03-19T13:57:47.345+0000][27.394s][info ][safepoint   ] Safepoint "ICBufferFull", Time since last: 184615693 ns, Reaching safepoint: 46647 ns, Cleanup: 118513 ns, At safepoint: 3618 ns, Total: 168778 ns
[2025-03-19T13:57:47.667+0000][27.716s][debug][safepoint   ] Safepoint synchronization initiated using futex wait barrier. (20 threads)
[2025-03-19T13:57:47.667+0000][27.717s][info ][gc,start    ] GC(42) Pause Young (Normal) (G1 Evacuation Pause)
[2025-03-19T13:57:47.667+0000][27.717s][info ][gc,task     ] GC(42) Using 4 workers of 4 for evacuation
[2025-03-19T13:57:47.676+0000][27.726s][info ][gc,phases   ] GC(42)   Pre Evacuate Collection Set: 0.1ms
[2025-03-19T13:57:47.676+0000][27.726s][info ][gc,phases   ] GC(42)   Merge Heap Roots: 0.1ms
[2025-03-19T13:57:47.676+0000][27.726s][info ][gc,phases   ] GC(42)   Evacuate Collection Set: 7.3ms
[2025-03-19T13:57:47.676+0000][27.726s][info ][gc,phases   ] GC(42)   Post Evacuate Collection Set: 1.5ms
[2025-03-19T13:57:47.677+0000][27.726s][info ][gc,phases   ] GC(42)   Other: 0.1ms
[2025-03-19T13:57:47.677+0000][27.726s][info ][gc,heap     ] GC(42) Eden regions: 116->0(114)
[2025-03-19T13:57:47.677+0000][27.726s][info ][gc,heap     ] GC(42) Survivor regions: 4->6(15)
[2025-03-19T13:57:47.677+0000][27.726s][info ][gc,heap     ] GC(42) Old regions: 70->70
[2025-03-19T13:57:47.677+0000][27.726s][info ][gc,heap     ] GC(42) Archive regions: 2->2
[2025-03-19T13:57:47.677+0000][27.726s][info ][gc,heap     ] GC(42) Humongous regions: 0->0
[2025-03-19T13:57:47.677+0000][27.726s][info ][gc,metaspace] GC(42) Metaspace: 81228K(81728K)->81228K(81728K) NonClass: 70576K(70848K)->70576K(70848K) Class: 10652K(10880K)->10652K(10880K)
[2025-03-19T13:57:47.677+0000][27.726s][info ][gc          ] GC(42) Pause Young (Normal) (G1 Evacuation Pause) 190M->75M(220M) 9.110ms
[2025-03-19T13:57:47.677+0000][27.726s][info ][gc,cpu      ] GC(42) User=0.03s Sys=0.00s Real=0.01s
[2025-03-19T13:57:47.677+0000][27.726s][info ][safepoint   ] Safepoint "G1CollectForAllocation", Time since last: 322519564 ns, Reaching safepoint: 40318 ns, Cleanup: 52514 ns, At safepoint: 9154385 ns, Total: 9247217 ns
[2025-03-19T13:57:48.193+0000][28.242s][debug][safepoint   ] Safepoint synchronization initiated using futex wait barrier. (19 threads)
[2025-03-19T13:57:48.193+0000][28.242s][info ][gc,start    ] GC(43) Pause Young (Normal) (G1 Evacuation Pause)
[2025-03-19T13:57:48.193+0000][28.242s][info ][gc,task     ] GC(43) Using 4 workers of 4 for evacuation
[2025-03-19T13:57:48.203+0000][28.252s][info ][gc,phases   ] GC(43)   Pre Evacuate Collection Set: 0.1ms
[2025-03-19T13:57:48.203+0000][28.252s][info ][gc,phases   ] GC(43)   Merge Heap Roots: 0.1ms
[2025-03-19T13:57:48.203+0000][28.252s][info ][gc,phases   ] GC(43)   Evacuate Collection Set: 8.3ms
[2025-03-19T13:57:48.203+0000][28.252s][info ][gc,phases   ] GC(43)   Post Evacuate Collection Set: 1.4ms
[2025-03-19T13:57:48.203+0000][28.252s][info ][gc,phases   ] GC(43)   Other: 0.1ms
[2025-03-19T13:57:48.203+0000][28.252s][info ][gc,heap     ] GC(43) Eden regions: 114->0(112)
[2025-03-19T13:57:48.203+0000][28.252s][info ][gc,heap     ] GC(43) Survivor regions: 6->7(15)
[2025-03-19T13:57:48.203+0000][28.252s][info ][gc,heap     ] GC(43) Old regions: 70->70
[2025-03-19T13:57:48.203+0000][28.252s][info ][gc,heap     ] GC(43) Archive regions: 2->2
[2025-03-19T13:57:48.203+0000][28.252s][info ][gc,heap     ] GC(43) Humongous regions: 0->0
[2025-03-19T13:57:48.203+0000][28.252s][info ][gc,metaspace] GC(43) Metaspace: 83245K(83712K)->83245K(83712K) NonClass: 72298K(72512K)->72298K(72512K) Class: 10947K(11200K)->10947K(11200K)
[2025-03-19T13:57:48.203+0000][28.252s][info ][gc          ] GC(43) Pause Young (Normal) (G1 Evacuation Pause) 189M->77M(220M) 10.084ms
[2025-03-19T13:57:48.203+0000][28.252s][info ][gc,cpu      ] GC(43) User=0.04s Sys=0.00s Real=0.01s
[2025-03-19T13:57:48.203+0000][28.252s][info ][safepoint   ] Safepoint "G1CollectForAllocation", Time since last: 516387982 ns, Reaching safepoint: 55021 ns, Cleanup: 70903 ns, At safepoint: 10132415 ns, Total: 10258339 ns
[2025-03-19T13:57:48.669+0000][28.718s][debug][safepoint   ] Safepoint synchronization initiated using futex wait barrier. (20 threads)
[2025-03-19T13:57:48.669+0000][28.719s][info ][safepoint   ] Safepoint "ICBufferFull", Time since last: 466023961 ns, Reaching safepoint: 46463 ns, Cleanup: 160644 ns, At safepoint: 3225 ns, Total: 210332 ns
[2025-03-19T13:57:49.568+0000][29.617s][debug][safepoint   ] Safepoint synchronization initiated using futex wait barrier. (20 threads)
[2025-03-19T13:57:49.568+0000][29.617s][info ][gc,start    ] GC(44) Pause Young (Normal) (G1 Evacuation Pause)
[2025-03-19T13:57:49.568+0000][29.617s][info ][gc,task     ] GC(44) Using 4 workers of 4 for evacuation
[2025-03-19T13:57:49.591+0000][29.640s][info ][gc,phases   ] GC(44)   Pre Evacuate Collection Set: 0.1ms
[2025-03-19T13:57:49.591+0000][29.640s][info ][gc,phases   ] GC(44)   Merge Heap Roots: 0.1ms
[2025-03-19T13:57:49.591+0000][29.640s][info ][gc,phases   ] GC(44)   Evacuate Collection Set: 17.2ms
[2025-03-19T13:57:49.591+0000][29.640s][info ][gc,phases   ] GC(44)   Post Evacuate Collection Set: 4.9ms
[2025-03-19T13:57:49.591+0000][29.640s][info ][gc,phases   ] GC(44)   Other: 0.2ms
[2025-03-19T13:57:49.591+0000][29.640s][info ][gc,heap     ] GC(44) Eden regions: 112->0(334)
[2025-03-19T13:57:49.591+0000][29.640s][info ][gc,heap     ] GC(44) Survivor regions: 7->11(15)
[2025-03-19T13:57:49.591+0000][29.640s][info ][gc,heap     ] GC(44) Old regions: 70->70
[2025-03-19T13:57:49.591+0000][29.640s][info ][gc,heap     ] GC(44) Archive regions: 2->2
[2025-03-19T13:57:49.591+0000][29.640s][info ][gc,heap     ] GC(44) Humongous regions: 0->0
[2025-03-19T13:57:49.591+0000][29.640s][info ][gc,metaspace] GC(44) Metaspace: 85607K(86208K)->85607K(86208K) NonClass: 74502K(74816K)->74502K(74816K) Class: 11104K(11392K)->11104K(11392K)
[2025-03-19T13:57:49.591+0000][29.640s][info ][gc          ] GC(44) Pause Young (Normal) (G1 Evacuation Pause) 189M->81M(576M) 22.592ms
[2025-03-19T13:57:49.591+0000][29.640s][info ][gc,cpu      ] GC(44) User=0.05s Sys=0.00s Real=0.03s
[2025-03-19T13:57:49.591+0000][29.640s][info ][safepoint   ] Safepoint "G1CollectForAllocation", Time since last: 898334226 ns, Reaching safepoint: 108292 ns, Cleanup: 158132 ns, At safepoint: 22664303 ns, Total: 22930727 ns
[2025-03-19T13:57:50.321+0000][30.370s][debug][safepoint   ] Safepoint synchronization initiated using futex wait barrier. (20 threads)
[2025-03-19T13:57:50.321+0000][30.370s][info ][safepoint   ] Safepoint "ICBufferFull", Time since last: 730210426 ns, Reaching safepoint: 123727 ns, Cleanup: 297648 ns, At safepoint: 2722 ns, Total: 424097 ns
[2025-03-19T13:57:51.863+0000][31.912s][debug][safepoint   ] Safepoint synchronization initiated using futex wait barrier. (24 threads)
[2025-03-19T13:57:51.863+0000][31.913s][info ][safepoint   ] Safepoint "Cleanup", Time since last: 1541853706 ns, Reaching safepoint: 133515 ns, Cleanup: 97304 ns, At safepoint: 3710 ns, Total: 234529 ns
[2025-03-19T13:57:53.067+0000][33.116s][debug][safepoint   ] Safepoint synchronization initiated using futex wait barrier. (24 threads)
[2025-03-19T13:57:53.067+0000][33.116s][info ][safepoint   ] Safepoint "Cleanup", Time since last: 1203105574 ns, Reaching safepoint: 112516 ns, Cleanup: 150621 ns, At safepoint: 13151 ns, Total: 276288 ns
[2025-03-19T13:57:53.242+0000][33.291s][debug][safepoint   ] Safepoint synchronization initiated using futex wait barrier. (24 threads)
[2025-03-19T13:57:53.242+0000][33.291s][info ][gc,start    ] GC(45) Pause Young (Normal) (G1 Evacuation Pause)
[2025-03-19T13:57:53.242+0000][33.291s][info ][gc,task     ] GC(45) Using 4 workers of 4 for evacuation
[2025-03-19T13:57:53.276+0000][33.325s][info ][gc,phases   ] GC(45)   Pre Evacuate Collection Set: 0.2ms
[2025-03-19T13:57:53.276+0000][33.325s][info ][gc,phases   ] GC(45)   Merge Heap Roots: 0.3ms
[2025-03-19T13:57:53.276+0000][33.325s][info ][gc,phases   ] GC(45)   Evacuate Collection Set: 31.5ms
[2025-03-19T13:57:53.276+0000][33.326s][info ][gc,phases   ] GC(45)   Post Evacuate Collection Set: 2.5ms
[2025-03-19T13:57:53.276+0000][33.326s][info ][gc,phases   ] GC(45)   Other: 0.2ms
[2025-03-19T13:57:53.276+0000][33.326s][info ][gc,heap     ] GC(45) Eden regions: 334->0(327)
[2025-03-19T13:57:53.276+0000][33.326s][info ][gc,heap     ] GC(45) Survivor regions: 11->18(44)
[2025-03-19T13:57:53.276+0000][33.326s][info ][gc,heap     ] GC(45) Old regions: 70->70
[2025-03-19T13:57:53.276+0000][33.326s][info ][gc,heap     ] GC(45) Archive regions: 2->2
[2025-03-19T13:57:53.276+0000][33.326s][info ][gc,heap     ] GC(45) Humongous regions: 0->0
[2025-03-19T13:57:53.276+0000][33.326s][info ][gc,metaspace] GC(45) Metaspace: 93944K(94528K)->93944K(94528K) NonClass: 81753K(82048K)->81753K(82048K) Class: 12190K(12480K)->12190K(12480K)
[2025-03-19T13:57:53.276+0000][33.326s][info ][gc          ] GC(45) Pause Young (Normal) (G1 Evacuation Pause) 415M->88M(576M) 34.790ms
[2025-03-19T13:57:53.276+0000][33.326s][info ][gc,cpu      ] GC(45) User=0.09s Sys=0.01s Real=0.03s
[2025-03-19T13:57:53.276+0000][33.326s][info ][safepoint   ] Safepoint "G1CollectForAllocation", Time since last: 174689086 ns, Reaching safepoint: 61091 ns, Cleanup: 24732 ns, At safepoint: 34857934 ns, Total: 34943757 ns
[2025-03-19T13:57:53.612+0000][33.661s][debug][safepoint   ] Safepoint synchronization initiated using futex wait barrier. (24 threads)
[2025-03-19T13:57:53.612+0000][33.662s][info ][safepoint   ] Safepoint "ICBufferFull", Time since last: 335781648 ns, Reaching safepoint: 59289 ns, Cleanup: 135792 ns, At safepoint: 2888 ns, Total: 197969 ns
[2025-03-19T13:57:54.630+0000][34.679s][debug][safepoint   ] Safepoint synchronization initiated using futex wait barrier. (25 threads)
[2025-03-19T13:57:54.631+0000][34.680s][info ][safepoint   ] Safepoint "Cleanup", Time since last: 1017688787 ns, Reaching safepoint: 163620 ns, Cleanup: 276294 ns, At safepoint: 6453 ns, Total: 446367 ns
[2025-03-19T13:57:55.659+0000][35.709s][debug][safepoint   ] Safepoint synchronization initiated using futex wait barrier. (28 threads)
[2025-03-19T13:57:55.660+0000][35.709s][info ][safepoint   ] Safepoint "Cleanup", Time since last: 1028909313 ns, Reaching safepoint: 277760 ns, Cleanup: 154493 ns, At safepoint: 4703 ns, Total: 436956 ns
[2025-03-19T13:57:55.771+0000][35.820s][debug][safepoint   ] Safepoint synchronization initiated using futex wait barrier. (28 threads)
[2025-03-19T13:57:55.771+0000][35.820s][info ][gc,start    ] GC(46) Pause Young (Normal) (G1 Evacuation Pause)
[2025-03-19T13:57:55.771+0000][35.820s][info ][gc,task     ] GC(46) Using 4 workers of 4 for evacuation
[2025-03-19T13:57:55.805+0000][35.854s][info ][gc,phases   ] GC(46)   Pre Evacuate Collection Set: 0.1ms
[2025-03-19T13:57:55.805+0000][35.854s][info ][gc,phases   ] GC(46)   Merge Heap Roots: 0.2ms
[2025-03-19T13:57:55.805+0000][35.854s][info ][gc,phases   ] GC(46)   Evacuate Collection Set: 31.6ms
[2025-03-19T13:57:55.805+0000][35.854s][info ][gc,phases   ] GC(46)   Post Evacuate Collection Set: 2.2ms
[2025-03-19T13:57:55.805+0000][35.854s][info ][gc,phases   ] GC(46)   Other: 0.2ms
[2025-03-19T13:57:55.805+0000][35.854s][info ][gc,heap     ] GC(46) Eden regions: 327->0(321)
[2025-03-19T13:57:55.805+0000][35.854s][info ][gc,heap     ] GC(46) Survivor regions: 18->24(44)
[2025-03-19T13:57:55.805+0000][35.854s][info ][gc,heap     ] GC(46) Old regions: 70->70
[2025-03-19T13:57:55.805+0000][35.854s][info ][gc,heap     ] GC(46) Archive regions: 2->2
[2025-03-19T13:57:55.805+0000][35.854s][info ][gc,heap     ] GC(46) Humongous regions: 0->0
[2025-03-19T13:57:55.805+0000][35.854s][info ][gc,metaspace] GC(46) Metaspace: 102827K(103424K)->102827K(103424K) NonClass: 89353K(89664K)->89353K(89664K) Class: 13474K(13760K)->13474K(13760K)
[2025-03-19T13:57:55.805+0000][35.854s][info ][gc          ] GC(46) Pause Young (Normal) (G1 Evacuation Pause) 415M->94M(576M) 34.443ms
[2025-03-19T13:57:55.805+0000][35.854s][info ][gc,cpu      ] GC(46) User=0.08s Sys=0.01s Real=0.03s
[2025-03-19T13:57:55.805+0000][35.855s][info ][safepoint   ] Safepoint "G1CollectForAllocation", Time since last: 110744097 ns, Reaching safepoint: 80133 ns, Cleanup: 52869 ns, At safepoint: 34652156 ns, Total: 34785158 ns
[2025-03-19T13:57:56.698+0000][36.747s][debug][safepoint   ] Safepoint synchronization initiated using futex wait barrier. (28 threads)
[2025-03-19T13:57:56.698+0000][36.747s][info ][safepoint   ] Safepoint "ICBufferFull", Time since last: 892653197 ns, Reaching safepoint: 50667 ns, Cleanup: 161682 ns, At safepoint: 3711 ns, Total: 216060 ns
[2025-03-19T13:57:57.698+0000][37.748s][debug][safepoint   ] Safepoint synchronization initiated using futex wait barrier. (31 threads)
[2025-03-19T13:57:57.699+0000][37.748s][info ][safepoint   ] Safepoint "Cleanup", Time since last: 1000089349 ns, Reaching safepoint: 109565 ns, Cleanup: 68230 ns, At safepoint: 4085 ns, Total: 181880 ns
[2025-03-19T13:57:58.452+0000][38.502s][debug][safepoint   ] Safepoint synchronization initiated using futex wait barrier. (37 threads)
[2025-03-19T13:57:58.453+0000][38.502s][info ][gc,start    ] GC(47) Pause Young (Normal) (G1 Evacuation Pause)
[2025-03-19T13:57:58.453+0000][38.502s][info ][gc,task     ] GC(47) Using 4 workers of 4 for evacuation
[2025-03-19T13:57:58.496+0000][38.545s][info ][gc,phases   ] GC(47)   Pre Evacuate Collection Set: 0.3ms
[2025-03-19T13:57:58.496+0000][38.545s][info ][gc,phases   ] GC(47)   Merge Heap Roots: 0.2ms
[2025-03-19T13:57:58.496+0000][38.545s][info ][gc,phases   ] GC(47)   Evacuate Collection Set: 38.1ms
[2025-03-19T13:57:58.496+0000][38.545s][info ][gc,phases   ] GC(47)   Post Evacuate Collection Set: 4.5ms
[2025-03-19T13:57:58.496+0000][38.545s][info ][gc,phases   ] GC(47)   Other: 0.3ms
[2025-03-19T13:57:58.496+0000][38.545s][info ][gc,heap     ] GC(47) Eden regions: 321->0(315)
[2025-03-19T13:57:58.496+0000][38.545s][info ][gc,heap     ] GC(47) Survivor regions: 24->30(44)
[2025-03-19T13:57:58.496+0000][38.545s][info ][gc,heap     ] GC(47) Old regions: 70->72
[2025-03-19T13:57:58.496+0000][38.545s][info ][gc,heap     ] GC(47) Archive regions: 2->2
[2025-03-19T13:57:58.496+0000][38.545s][info ][gc,heap     ] GC(47) Humongous regions: 0->0
[2025-03-19T13:57:58.496+0000][38.545s][info ][gc,metaspace] GC(47) Metaspace: 109456K(110080K)->109456K(110080K) NonClass: 95244K(95552K)->95244K(95552K) Class: 14212K(14528K)->14212K(14528K)
[2025-03-19T13:57:58.496+0000][38.545s][info ][gc          ] GC(47) Pause Young (Normal) (G1 Evacuation Pause) 415M->102M(576M) 43.435ms
[2025-03-19T13:57:58.496+0000][38.545s][info ][gc,cpu      ] GC(47) User=0.11s Sys=0.00s Real=0.04s
[2025-03-19T13:57:58.496+0000][38.546s][info ][safepoint   ] Safepoint "G1CollectForAllocation", Time since last: 753819464 ns, Reaching safepoint: 140596 ns, Cleanup: 189528 ns, At safepoint: 43633638 ns, Total: 43963762 ns
[2025-03-19T13:57:59.644+0000][39.693s][debug][safepoint   ] Safepoint synchronization initiated using futex wait barrier. (41 threads)
[2025-03-19T13:57:59.644+0000][39.693s][info ][gc,start    ] GC(48) Pause Young (Concurrent Start) (Metadata GC Threshold)
[2025-03-19T13:57:59.644+0000][39.693s][info ][gc,task     ] GC(48) Using 4 workers of 4 for evacuation
[2025-03-19T13:57:59.682+0000][39.731s][info ][gc,phases   ] GC(48)   Pre Evacuate Collection Set: 0.2ms
[2025-03-19T13:57:59.682+0000][39.732s][info ][gc,phases   ] GC(48)   Merge Heap Roots: 0.2ms
[2025-03-19T13:57:59.682+0000][39.732s][info ][gc,phases   ] GC(48)   Evacuate Collection Set: 35.1ms
[2025-03-19T13:57:59.682+0000][39.732s][info ][gc,phases   ] GC(48)   Post Evacuate Collection Set: 2.3ms
[2025-03-19T13:57:59.682+0000][39.732s][info ][gc,phases   ] GC(48)   Other: 0.2ms
[2025-03-19T13:57:59.682+0000][39.732s][info ][gc,heap     ] GC(48) Eden regions: 105->0(321)
[2025-03-19T13:57:59.682+0000][39.732s][info ][gc,heap     ] GC(48) Survivor regions: 30->24(44)
[2025-03-19T13:57:59.682+0000][39.732s][info ][gc,heap     ] GC(48) Old regions: 72->79
[2025-03-19T13:57:59.682+0000][39.732s][info ][gc,heap     ] GC(48) Archive regions: 2->2
[2025-03-19T13:57:59.682+0000][39.732s][info ][gc,heap     ] GC(48) Humongous regions: 0->0
[2025-03-19T13:57:59.682+0000][39.732s][info ][gc,metaspace] GC(48) Metaspace: 111966K(112576K)->111966K(112576K) NonClass: 97494K(97792K)->97494K(97792K) Class: 14471K(14784K)->14471K(14784K)
[2025-03-19T13:57:59.683+0000][39.732s][info ][gc          ] GC(48) Pause Young (Concurrent Start) (Metadata GC Threshold) 207M->103M(576M) 38.209ms
[2025-03-19T13:57:59.683+0000][39.732s][info ][gc,cpu      ] GC(48) User=0.10s Sys=0.00s Real=0.04s
[2025-03-19T13:57:59.683+0000][39.732s][info ][gc          ] GC(49) Concurrent Mark Cycle
[2025-03-19T13:57:59.683+0000][39.732s][info ][gc,marking  ] GC(49) Concurrent Clear Claimed Marks
[2025-03-19T13:57:59.683+0000][39.732s][info ][safepoint   ] Safepoint "CollectForMetadataAllocation", Time since last: 1147773784 ns, Reaching safepoint: 48041 ns, Cleanup: 99851 ns, At safepoint: 38427095 ns, Total: 38574987 ns
[2025-03-19T13:57:59.683+0000][39.732s][info ][gc,marking  ] GC(49) Concurrent Clear Claimed Marks 0.086ms
[2025-03-19T13:57:59.684+0000][39.733s][info ][gc,marking  ] GC(49) Concurrent Scan Root Regions
[2025-03-19T13:57:59.715+0000][39.765s][debug][safepoint   ] Safepoint synchronization initiated using futex wait barrier. (41 threads)
[2025-03-19T13:57:59.716+0000][39.765s][info ][safepoint   ] Safepoint "CollectForMetadataAllocation", Time since last: 32713181 ns, Reaching safepoint: 68565 ns, Cleanup: 3351 ns, At safepoint: 56222 ns, Total: 128138 ns
[2025-03-19T13:57:59.719+0000][39.768s][info ][gc,marking  ] GC(49) Concurrent Scan Root Regions 35.633ms
[2025-03-19T13:57:59.719+0000][39.768s][info ][gc,marking  ] GC(49) Concurrent Mark
[2025-03-19T13:57:59.719+0000][39.768s][info ][gc,marking  ] GC(49) Concurrent Mark From Roots
[2025-03-19T13:57:59.719+0000][39.768s][info ][gc,task     ] GC(49) Using 1 workers of 1 for marking
[2025-03-19T13:57:59.823+0000][39.872s][debug][safepoint   ] Safepoint synchronization initiated using futex wait barrier. (41 threads)
[2025-03-19T13:57:59.823+0000][39.872s][info ][safepoint   ] Safepoint "CollectForMetadataAllocation", Time since last: 107174954 ns, Reaching safepoint: 77024 ns, Cleanup: 52116 ns, At safepoint: 59555 ns, Total: 188695 ns
[2025-03-19T13:57:59.869+0000][39.918s][info ][gc,marking  ] GC(49) Concurrent Mark From Roots 149.918ms
[2025-03-19T13:57:59.869+0000][39.918s][info ][gc,marking  ] GC(49) Concurrent Preclean
[2025-03-19T13:57:59.870+0000][39.919s][info ][gc,marking  ] GC(49) Concurrent Preclean 0.491ms
[2025-03-19T13:57:59.870+0000][39.919s][debug][safepoint   ] Safepoint synchronization initiated using futex wait barrier. (41 threads)
[2025-03-19T13:57:59.870+0000][39.919s][info ][gc,start    ] GC(49) Pause Remark
[2025-03-19T13:57:59.881+0000][39.930s][info ][gc          ] GC(49) Pause Remark 128M->128M(434M) 10.761ms
[2025-03-19T13:57:59.881+0000][39.930s][info ][gc,cpu      ] GC(49) User=0.03s Sys=0.00s Real=0.01s
[2025-03-19T13:57:59.881+0000][39.930s][info ][safepoint   ] Safepoint "G1PauseRemark", Time since last: 46818635 ns, Reaching safepoint: 94863 ns, Cleanup: 18956 ns, At safepoint: 10873470 ns, Total: 10987289 ns
[2025-03-19T13:57:59.881+0000][39.930s][info ][gc,marking  ] GC(49) Concurrent Mark 161.565ms
[2025-03-19T13:57:59.881+0000][39.930s][info ][gc,marking  ] GC(49) Concurrent Rebuild Remembered Sets
[2025-03-19T13:58:00.066+0000][40.115s][info ][gc,marking  ] GC(49) Concurrent Rebuild Remembered Sets 184.788ms
[2025-03-19T13:58:00.066+0000][40.115s][debug][safepoint   ] Safepoint synchronization initiated using futex wait barrier. (41 threads)
[2025-03-19T13:58:00.066+0000][40.115s][info ][gc,start    ] GC(49) Pause Cleanup
[2025-03-19T13:58:00.066+0000][40.115s][info ][gc          ] GC(49) Pause Cleanup 141M->141M(434M) 0.148ms
[2025-03-19T13:58:00.066+0000][40.115s][info ][gc,cpu      ] GC(49) User=0.00s Sys=0.00s Real=0.00s
[2025-03-19T13:58:00.066+0000][40.115s][info ][safepoint   ] Safepoint "G1PauseCleanup", Time since last: 184901180 ns, Reaching safepoint: 12745 ns, Cleanup: 25836 ns, At safepoint: 187311 ns, Total: 225892 ns
[2025-03-19T13:58:00.066+0000][40.115s][info ][gc,marking  ] GC(49) Concurrent Cleanup for Next Mark
[2025-03-19T13:58:00.068+0000][40.117s][info ][gc,marking  ] GC(49) Concurrent Cleanup for Next Mark 2.255ms
[2025-03-19T13:58:00.068+0000][40.117s][info ][gc          ] GC(49) Concurrent Mark Cycle 385.587ms
[2025-03-19T13:58:00.465+0000][40.514s][debug][safepoint   ] Safepoint synchronization initiated using futex wait barrier. (41 threads)
[2025-03-19T13:58:00.465+0000][40.514s][info ][safepoint   ] Safepoint "ICBufferFull", Time since last: 398636574 ns, Reaching safepoint: 39383 ns, Cleanup: 133781 ns, At safepoint: 2562 ns, Total: 175726 ns
[2025-03-19T13:58:01.059+0000][41.108s][debug][safepoint   ] Safepoint synchronization initiated using futex wait barrier. (41 threads)
[2025-03-19T13:58:01.059+0000][41.109s][info ][safepoint   ] Safepoint "ICBufferFull", Time since last: 594454309 ns, Reaching safepoint: 92469 ns, Cleanup: 198211 ns, At safepoint: 3763 ns, Total: 294443 ns
[2025-03-19T13:58:02.061+0000][42.110s][debug][safepoint   ] Safepoint synchronization initiated using futex wait barrier. (41 threads)
[2025-03-19T13:58:02.061+0000][42.110s][info ][safepoint   ] Safepoint "Cleanup", Time since last: 1001416864 ns, Reaching safepoint: 123219 ns, Cleanup: 86666 ns, At safepoint: 5456 ns, Total: 215341 ns
[2025-03-19T13:58:02.904+0000][42.953s][debug][safepoint   ] Safepoint synchronization initiated using futex wait barrier. (42 threads)
[2025-03-19T13:58:02.904+0000][42.953s][info ][gc,start    ] GC(50) Pause Young (Prepare Mixed) (G1 Evacuation Pause)
[2025-03-19T13:58:02.904+0000][42.953s][info ][gc,task     ] GC(50) Using 4 workers of 4 for evacuation
[2025-03-19T13:58:02.968+0000][43.017s][info ][gc,phases   ] GC(50)   Pre Evacuate Collection Set: 0.1ms
[2025-03-19T13:58:02.968+0000][43.017s][info ][gc,phases   ] GC(50)   Merge Heap Roots: 0.3ms
[2025-03-19T13:58:02.968+0000][43.017s][info ][gc,phases   ] GC(50)   Evacuate Collection Set: 59.7ms
[2025-03-19T13:58:02.968+0000][43.017s][info ][gc,phases   ] GC(50)   Post Evacuate Collection Set: 3.4ms
[2025-03-19T13:58:02.968+0000][43.017s][info ][gc,phases   ] GC(50)   Other: 0.2ms
[2025-03-19T13:58:02.968+0000][43.017s][info ][gc,heap     ] GC(50) Eden regions: 236->0(1)
[2025-03-19T13:58:02.968+0000][43.017s][info ][gc,heap     ] GC(50) Survivor regions: 24->22(33)
[2025-03-19T13:58:02.968+0000][43.017s][info ][gc,heap     ] GC(50) Old regions: 79->86
[2025-03-19T13:58:02.968+0000][43.017s][info ][gc,heap     ] GC(50) Archive regions: 2->2
[2025-03-19T13:58:02.968+0000][43.017s][info ][gc,heap     ] GC(50) Humongous regions: 0->0
[2025-03-19T13:58:02.968+0000][43.017s][info ][gc,metaspace] GC(50) Metaspace: 116177K(116864K)->116177K(116864K) NonClass: 101240K(101632K)->101240K(101632K) Class: 14936K(15232K)->14936K(15232K)
[2025-03-19T13:58:02.968+0000][43.017s][info ][gc          ] GC(50) Pause Young (Prepare Mixed) (G1 Evacuation Pause) 339M->108M(434M) 63.810ms
[2025-03-19T13:58:02.968+0000][43.017s][info ][gc,cpu      ] GC(50) User=0.17s Sys=0.00s Real=0.06s
[2025-03-19T13:58:02.968+0000][43.017s][info ][safepoint   ] Safepoint "G1CollectForAllocation", Time since last: 842864158 ns, Reaching safepoint: 69455 ns, Cleanup: 66136 ns, At safepoint: 64021803 ns, Total: 64157394 ns
[2025-03-19T13:58:02.980+0000][43.029s][debug][safepoint   ] Safepoint synchronization initiated using futex wait barrier. (42 threads)
[2025-03-19T13:58:02.980+0000][43.029s][info ][gc,start    ] GC(51) Pause Young (Mixed) (G1 Evacuation Pause)
[2025-03-19T13:58:02.980+0000][43.029s][info ][gc,task     ] GC(51) Using 4 workers of 4 for evacuation
[2025-03-19T13:58:03.030+0000][43.080s][info ][gc,phases   ] GC(51)   Pre Evacuate Collection Set: 0.9ms
[2025-03-19T13:58:03.030+0000][43.080s][info ][gc,phases   ] GC(51)   Merge Heap Roots: 0.2ms
[2025-03-19T13:58:03.030+0000][43.080s][info ][gc,phases   ] GC(51)   Evacuate Collection Set: 47.1ms
[2025-03-19T13:58:03.030+0000][43.080s][info ][gc,phases   ] GC(51)   Post Evacuate Collection Set: 1.9ms
[2025-03-19T13:58:03.030+0000][43.080s][info ][gc,phases   ] GC(51)   Other: 0.1ms
[2025-03-19T13:58:03.030+0000][43.080s][info ][gc,heap     ] GC(51) Eden regions: 1->0(258)
[2025-03-19T13:58:03.030+0000][43.080s][info ][gc,heap     ] GC(51) Survivor regions: 22->2(3)
[2025-03-19T13:58:03.030+0000][43.080s][info ][gc,heap     ] GC(51) Old regions: 86->106
[2025-03-19T13:58:03.031+0000][43.080s][info ][gc,heap     ] GC(51) Archive regions: 2->2
[2025-03-19T13:58:03.031+0000][43.080s][info ][gc,heap     ] GC(51) Humongous regions: 0->0
[2025-03-19T13:58:03.031+0000][43.080s][info ][gc,metaspace] GC(51) Metaspace: 116188K(116928K)->116188K(116928K) NonClass: 101249K(101632K)->101249K(101632K) Class: 14939K(15296K)->14939K(15296K)
[2025-03-19T13:58:03.031+0000][43.080s][info ][gc          ] GC(51) Pause Young (Mixed) (G1 Evacuation Pause) 109M->108M(434M) 50.341ms
[2025-03-19T13:58:03.031+0000][43.080s][info ][gc,cpu      ] GC(51) User=0.15s Sys=0.00s Real=0.05s
[2025-03-19T13:58:03.031+0000][43.080s][info ][safepoint   ] Safepoint "G1CollectForAllocation", Time since last: 11488894 ns, Reaching safepoint: 319455 ns, Cleanup: 285767 ns, At safepoint: 50598878 ns, Total: 51204100 ns
[2025-03-19T13:58:03.923+0000][43.972s][debug][safepoint   ] Safepoint synchronization initiated using futex wait barrier. (45 threads)
[2025-03-19T13:58:03.923+0000][43.972s][info ][safepoint   ] Safepoint "ICBufferFull", Time since last: 891990170 ns, Reaching safepoint: 100672 ns, Cleanup: 144786 ns, At safepoint: 5368 ns, Total: 250826 ns
[2025-03-19T13:58:05.231+0000][45.280s][debug][safepoint   ] Safepoint synchronization initiated using futex wait barrier. (45 threads)
[2025-03-19T13:58:05.231+0000][45.280s][info ][safepoint   ] Safepoint "Cleanup", Time since last: 1307637641 ns, Reaching safepoint: 115866 ns, Cleanup: 105052 ns, At safepoint: 2553 ns, Total: 223471 ns
[2025-03-19T13:58:05.622+0000][45.671s][debug][safepoint   ] Safepoint synchronization initiated using futex wait barrier. (45 threads)
[2025-03-19T13:58:05.622+0000][45.671s][info ][gc,start    ] GC(52) Pause Young (Concurrent Start) (G1 Evacuation Pause)
[2025-03-19T13:58:05.622+0000][45.671s][info ][gc,task     ] GC(52) Using 4 workers of 4 for evacuation
[2025-03-19T13:58:05.643+0000][45.692s][info ][gc,phases   ] GC(52)   Pre Evacuate Collection Set: 0.2ms
[2025-03-19T13:58:05.643+0000][45.692s][info ][gc,phases   ] GC(52)   Merge Heap Roots: 0.2ms
[2025-03-19T13:58:05.643+0000][45.692s][info ][gc,phases   ] GC(52)   Evacuate Collection Set: 17.9ms
[2025-03-19T13:58:05.643+0000][45.692s][info ][gc,phases   ] GC(52)   Post Evacuate Collection Set: 2.3ms
[2025-03-19T13:58:05.643+0000][45.692s][info ][gc,phases   ] GC(52)   Other: 0.2ms
[2025-03-19T13:58:05.643+0000][45.692s][info ][gc,heap     ] GC(52) Eden regions: 258->0(252)
[2025-03-19T13:58:05.643+0000][45.692s][info ][gc,heap     ] GC(52) Survivor regions: 2->8(33)
[2025-03-19T13:58:05.643+0000][45.692s][info ][gc,heap     ] GC(52) Old regions: 106->106
[2025-03-19T13:58:05.643+0000][45.692s][info ][gc,heap     ] GC(52) Archive regions: 2->2
[2025-03-19T13:58:05.643+0000][45.692s][info ][gc,heap     ] GC(52) Humongous regions: 0->0
[2025-03-19T13:58:05.643+0000][45.692s][info ][gc,metaspace] GC(52) Metaspace: 126991K(127936K)->126991K(127936K) NonClass: 110727K(111232K)->110727K(111232K) Class: 16264K(16704K)->16264K(16704K)
[2025-03-19T13:58:05.643+0000][45.692s][info ][gc          ] GC(52) Pause Young (Concurrent Start) (G1 Evacuation Pause) 366M->114M(434M) 20.999ms
[2025-03-19T13:58:05.643+0000][45.692s][info ][gc,cpu      ] GC(52) User=0.06s Sys=0.01s Real=0.02s
[2025-03-19T13:58:05.643+0000][45.692s][info ][gc          ] GC(53) Concurrent Mark Cycle
[2025-03-19T13:58:05.645+0000][45.694s][info ][gc,marking  ] GC(53) Concurrent Clear Claimed Marks
[2025-03-19T13:58:05.643+0000][45.692s][info ][safepoint   ] Safepoint "G1CollectForAllocation", Time since last: 390851572 ns, Reaching safepoint: 50559 ns, Cleanup: 110239 ns, At safepoint: 21090229 ns, Total: 21251027 ns
[2025-03-19T13:58:05.645+0000][45.694s][info ][gc,marking  ] GC(53) Concurrent Clear Claimed Marks 0.118ms
[2025-03-19T13:58:05.645+0000][45.694s][info ][gc,marking  ] GC(53) Concurrent Scan Root Regions
[2025-03-19T13:58:05.667+0000][45.716s][info ][gc,marking  ] GC(53) Concurrent Scan Root Regions 21.506ms
[2025-03-19T13:58:05.667+0000][45.716s][info ][gc,marking  ] GC(53) Concurrent Mark
[2025-03-19T13:58:05.667+0000][45.716s][info ][gc,marking  ] GC(53) Concurrent Mark From Roots
[2025-03-19T13:58:05.667+0000][45.716s][info ][gc,task     ] GC(53) Using 1 workers of 1 for marking
[2025-03-19T13:58:05.973+0000][46.022s][info ][gc,marking  ] GC(53) Concurrent Mark From Roots 305.703ms
[2025-03-19T13:58:05.973+0000][46.022s][info ][gc,marking  ] GC(53) Concurrent Preclean
[2025-03-19T13:58:05.973+0000][46.022s][info ][gc,marking  ] GC(53) Concurrent Preclean 0.497ms
[2025-03-19T13:58:05.973+0000][46.022s][debug][safepoint   ] Safepoint synchronization initiated using futex wait barrier. (53 threads)
[2025-03-19T13:58:05.975+0000][46.025s][info ][gc,start    ] GC(53) Pause Remark
[2025-03-19T13:58:05.988+0000][46.037s][info ][gc          ] GC(53) Pause Remark 143M->143M(434M) 12.902ms
[2025-03-19T13:58:05.988+0000][46.038s][info ][gc,cpu      ] GC(53) User=0.03s Sys=0.00s Real=0.01s
[2025-03-19T13:58:05.989+0000][46.038s][info ][safepoint   ] Safepoint "G1PauseRemark", Time since last: 330243880 ns, Reaching safepoint: 2183590 ns, Cleanup: 17422 ns, At safepoint: 13633680 ns, Total: 15834692 ns
[2025-03-19T13:58:05.989+0000][46.038s][info ][gc,marking  ] GC(53) Concurrent Mark 322.207ms
[2025-03-19T13:58:05.989+0000][46.038s][info ][gc,marking  ] GC(53) Concurrent Rebuild Remembered Sets
[2025-03-19T13:58:06.113+0000][46.162s][info ][gc,marking  ] GC(53) Concurrent Rebuild Remembered Sets 123.526ms
[2025-03-19T13:58:06.113+0000][46.162s][debug][safepoint   ] Safepoint synchronization initiated using futex wait barrier. (53 threads)
[2025-03-19T13:58:06.116+0000][46.165s][info ][gc,start    ] GC(53) Pause Cleanup
[2025-03-19T13:58:06.116+0000][46.165s][info ][gc          ] GC(53) Pause Cleanup 155M->155M(434M) 0.176ms
[2025-03-19T13:58:06.116+0000][46.165s][info ][gc,cpu      ] GC(53) User=0.00s Sys=0.00s Real=0.00s
[2025-03-19T13:58:06.116+0000][46.165s][info ][safepoint   ] Safepoint "G1PauseCleanup", Time since last: 123698748 ns, Reaching safepoint: 3204406 ns, Cleanup: 10479 ns, At safepoint: 225105 ns, Total: 3439990 ns
[2025-03-19T13:58:06.116+0000][46.165s][info ][gc,marking  ] GC(53) Concurrent Cleanup for Next Mark
[2025-03-19T13:58:06.120+0000][46.169s][info ][gc,marking  ] GC(53) Concurrent Cleanup for Next Mark 4.064ms
[2025-03-19T13:58:06.120+0000][46.170s][info ][gc          ] GC(53) Concurrent Mark Cycle 477.479ms
[2025-03-19T13:58:07.116+0000][47.165s][debug][safepoint   ] Safepoint synchronization initiated using futex wait barrier. (53 threads)
[2025-03-19T13:58:07.117+0000][47.166s][info ][safepoint   ] Safepoint "Cleanup", Time since last: 1000101023 ns, Reaching safepoint: 136333 ns, Cleanup: 73139 ns, At safepoint: 10130 ns, Total: 219602 ns
[2025-03-19T13:58:07.137+0000][47.186s][debug][safepoint   ] Safepoint synchronization initiated using futex wait barrier. (54 threads)
[2025-03-19T13:58:07.137+0000][47.186s][info ][gc,start    ] GC(54) Pause Young (Prepare Mixed) (G1 Evacuation Pause)
[2025-03-19T13:58:07.137+0000][47.186s][info ][gc,task     ] GC(54) Using 4 workers of 4 for evacuation
[2025-03-19T13:58:07.153+0000][47.202s][info ][gc,phases   ] GC(54)   Pre Evacuate Collection Set: 0.1ms
[2025-03-19T13:58:07.153+0000][47.202s][info ][gc,phases   ] GC(54)   Merge Heap Roots: 0.2ms
[2025-03-19T13:58:07.153+0000][47.202s][info ][gc,phases   ] GC(54)   Evacuate Collection Set: 14.0ms
[2025-03-19T13:58:07.153+0000][47.202s][info ][gc,phases   ] GC(54)   Post Evacuate Collection Set: 2.0ms
[2025-03-19T13:58:07.153+0000][47.202s][info ][gc,phases   ] GC(54)   Other: 0.2ms
[2025-03-19T13:58:07.153+0000][47.202s][info ][gc,heap     ] GC(54) Eden regions: 252->0(10)
[2025-03-19T13:58:07.153+0000][47.203s][info ][gc,heap     ] GC(54) Survivor regions: 8->11(33)
[2025-03-19T13:58:07.153+0000][47.203s][info ][gc,heap     ] GC(54) Old regions: 106->106
[2025-03-19T13:58:07.153+0000][47.203s][info ][gc,heap     ] GC(54) Archive regions: 2->2
[2025-03-19T13:58:07.153+0000][47.203s][info ][gc,heap     ] GC(54) Humongous regions: 1->0
[2025-03-19T13:58:07.153+0000][47.203s][info ][gc,metaspace] GC(54) Metaspace: 134033K(135040K)->134033K(135040K) NonClass: 117069K(117568K)->117069K(117568K) Class: 16964K(17472K)->16964K(17472K)
[2025-03-19T13:58:07.153+0000][47.203s][info ][gc          ] GC(54) Pause Young (Prepare Mixed) (G1 Evacuation Pause) 367M->116M(434M) 16.571ms
[2025-03-19T13:58:07.153+0000][47.203s][info ][gc,cpu      ] GC(54) User=0.04s Sys=0.00s Real=0.02s
[2025-03-19T13:58:07.153+0000][47.203s][info ][safepoint   ] Safepoint "G1CollectForAllocation", Time since last: 20219679 ns, Reaching safepoint: 56351 ns, Cleanup: 11687 ns, At safepoint: 16656121 ns, Total: 16724159 ns
[2025-03-19T13:58:07.254+0000][47.303s][debug][safepoint   ] Safepoint synchronization initiated using futex wait barrier. (54 threads)
[2025-03-19T13:58:07.254+0000][47.303s][info ][gc,start    ] GC(55) Pause Young (Mixed) (G1 Evacuation Pause)
[2025-03-19T13:58:07.254+0000][47.303s][info ][gc,task     ] GC(55) Using 4 workers of 4 for evacuation
[2025-03-19T13:58:07.283+0000][47.333s][info ][gc,phases   ] GC(55)   Pre Evacuate Collection Set: 0.3ms
[2025-03-19T13:58:07.283+0000][47.333s][info ][gc,phases   ] GC(55)   Merge Heap Roots: 0.6ms
[2025-03-19T13:58:07.283+0000][47.333s][info ][gc,phases   ] GC(55)   Evacuate Collection Set: 25.9ms
[2025-03-19T13:58:07.284+0000][47.333s][info ][gc,phases   ] GC(55)   Post Evacuate Collection Set: 2.5ms
[2025-03-19T13:58:07.284+0000][47.333s][info ][gc,phases   ] GC(55)   Other: 0.1ms
[2025-03-19T13:58:07.284+0000][47.333s][info ][gc,heap     ] GC(55) Eden regions: 10->0(255)
[2025-03-19T13:58:07.284+0000][47.333s][info ][gc,heap     ] GC(55) Survivor regions: 11->2(3)
[2025-03-19T13:58:07.284+0000][47.333s][info ][gc,heap     ] GC(55) Old regions: 106->114
[2025-03-19T13:58:07.284+0000][47.333s][info ][gc,heap     ] GC(55) Archive regions: 2->2
[2025-03-19T13:58:07.284+0000][47.333s][info ][gc,heap     ] GC(55) Humongous regions: 0->0
[2025-03-19T13:58:07.284+0000][47.333s][info ][gc,metaspace] GC(55) Metaspace: 134220K(135232K)->134220K(135232K) NonClass: 117245K(117760K)->117245K(117760K) Class: 16975K(17472K)->16975K(17472K)
[2025-03-19T13:58:07.284+0000][47.333s][info ][gc          ] GC(55) Pause Young (Mixed) (G1 Evacuation Pause) 126M->115M(434M) 29.667ms
[2025-03-19T13:58:07.284+0000][47.333s][info ][gc,cpu      ] GC(55) User=0.08s Sys=0.00s Real=0.03s
[2025-03-19T13:58:07.284+0000][47.333s][info ][safepoint   ] Safepoint "G1CollectForAllocation", Time since last: 100274305 ns, Reaching safepoint: 130928 ns, Cleanup: 49004 ns, At safepoint: 29774264 ns, Total: 29954196 ns
[2025-03-19T13:58:08.882+0000][48.931s][debug][safepoint   ] Safepoint synchronization initiated using futex wait barrier. (54 threads)
[2025-03-19T13:58:08.882+0000][48.931s][info ][safepoint   ] Safepoint "Cleanup", Time since last: 1598065318 ns, Reaching safepoint: 149608 ns, Cleanup: 78105 ns, At safepoint: 6029 ns, Total: 233742 ns
[2025-03-19T13:58:09.141+0000][49.190s][debug][safepoint   ] Safepoint synchronization initiated using futex wait barrier. (54 threads)
[2025-03-19T13:58:09.141+0000][49.190s][info ][gc,start    ] GC(56) Pause Young (Normal) (G1 Evacuation Pause)
[2025-03-19T13:58:09.141+0000][49.190s][info ][gc,task     ] GC(56) Using 4 workers of 4 for evacuation
[2025-03-19T13:58:09.167+0000][49.217s][info ][gc,phases   ] GC(56)   Pre Evacuate Collection Set: 0.6ms
[2025-03-19T13:58:09.167+0000][49.217s][info ][gc,phases   ] GC(56)   Merge Heap Roots: 0.7ms
[2025-03-19T13:58:09.167+0000][49.217s][info ][gc,phases   ] GC(56)   Evacuate Collection Set: 22.0ms
[2025-03-19T13:58:09.167+0000][49.217s][info ][gc,phases   ] GC(56)   Post Evacuate Collection Set: 2.7ms
[2025-03-19T13:58:09.167+0000][49.217s][info ][gc,phases   ] GC(56)   Other: 0.4ms
[2025-03-19T13:58:09.167+0000][49.217s][info ][gc,heap     ] GC(56) Eden regions: 255->0(244)
[2025-03-19T13:58:09.167+0000][49.217s][info ][gc,heap     ] GC(56) Survivor regions: 2->10(33)
[2025-03-19T13:58:09.167+0000][49.217s][info ][gc,heap     ] GC(56) Old regions: 114->114
[2025-03-19T13:58:09.167+0000][49.217s][info ][gc,heap     ] GC(56) Archive regions: 2->2
[2025-03-19T13:58:09.167+0000][49.217s][info ][gc,heap     ] GC(56) Humongous regions: 0->0
[2025-03-19T13:58:09.167+0000][49.217s][info ][gc,metaspace] GC(56) Metaspace: 138666K(139648K)->138666K(139648K) NonClass: 121475K(121984K)->121475K(121984K) Class: 17191K(17664K)->17191K(17664K)
[2025-03-19T13:58:09.167+0000][49.217s][info ][gc          ] GC(56) Pause Young (Normal) (G1 Evacuation Pause) 370M->123M(434M) 26.439ms
[2025-03-19T13:58:09.167+0000][49.217s][info ][gc,cpu      ] GC(56) User=0.08s Sys=0.00s Real=0.02s
[2025-03-19T13:58:09.168+0000][49.217s][info ][safepoint   ] Safepoint "G1CollectForAllocation", Time since last: 258688954 ns, Reaching safepoint: 216155 ns, Cleanup: 61982 ns, At safepoint: 26584367 ns, Total: 26862504 ns
[2025-03-19T13:58:10.575+0000][50.624s][info ][cds,heap    ] initialize_from_archived_subgraph jdk.internal.math.FDBigInteger 0x000079703714d8f0
[2025-03-19T13:58:11.062+0000][51.111s][debug][safepoint   ] Safepoint synchronization initiated using futex wait barrier. (66 threads)
[2025-03-19T13:58:11.062+0000][51.111s][info ][gc,start    ] GC(57) Pause Young (Normal) (G1 Evacuation Pause)
[2025-03-19T13:58:11.062+0000][51.111s][info ][gc,task     ] GC(57) Using 4 workers of 4 for evacuation
[2025-03-19T13:58:11.086+0000][51.135s][info ][gc,phases   ] GC(57)   Pre Evacuate Collection Set: 1.7ms
[2025-03-19T13:58:11.086+0000][51.135s][info ][gc,phases   ] GC(57)   Merge Heap Roots: 0.2ms
[2025-03-19T13:58:11.086+0000][51.135s][info ][gc,phases   ] GC(57)   Evacuate Collection Set: 20.0ms
[2025-03-19T13:58:11.086+0000][51.135s][info ][gc,phases   ] GC(57)   Post Evacuate Collection Set: 2.1ms
[2025-03-19T13:58:11.086+0000][51.135s][info ][gc,phases   ] GC(57)   Other: 0.1ms
[2025-03-19T13:58:11.086+0000][51.135s][info ][gc,heap     ] GC(57) Eden regions: 244->0(238)
[2025-03-19T13:58:11.086+0000][51.135s][info ][gc,heap     ] GC(57) Survivor regions: 10->16(32)
[2025-03-19T13:58:11.086+0000][51.135s][info ][gc,heap     ] GC(57) Old regions: 114->114
[2025-03-19T13:58:11.086+0000][51.135s][info ][gc,heap     ] GC(57) Archive regions: 2->2
[2025-03-19T13:58:11.086+0000][51.135s][info ][gc,heap     ] GC(57) Humongous regions: 0->0
[2025-03-19T13:58:11.086+0000][51.135s][info ][gc,metaspace] GC(57) Metaspace: 147637K(148736K)->147637K(148736K) NonClass: 129541K(130112K)->129541K(130112K) Class: 18095K(18624K)->18095K(18624K)
[2025-03-19T13:58:11.086+0000][51.135s][info ][gc          ] GC(57) Pause Young (Normal) (G1 Evacuation Pause) 367M->130M(434M) 24.283ms
[2025-03-19T13:58:11.086+0000][51.135s][info ][gc,cpu      ] GC(57) User=0.08s Sys=0.00s Real=0.02s
[2025-03-19T13:58:11.086+0000][51.135s][info ][safepoint   ] Safepoint "G1CollectForAllocation", Time since last: 1894097185 ns, Reaching safepoint: 55213 ns, Cleanup: 128651 ns, At safepoint: 24430544 ns, Total: 24614408 ns
[2025-03-19T13:58:12.664+0000][52.713s][debug][safepoint   ] Safepoint synchronization initiated using futex wait barrier. (80 threads)
[2025-03-19T13:58:12.664+0000][52.713s][info ][gc,start    ] GC(58) Pause Young (Normal) (G1 Evacuation Pause)
[2025-03-19T13:58:12.664+0000][52.714s][info ][gc,task     ] GC(58) Using 4 workers of 4 for evacuation
[2025-03-19T13:58:12.691+0000][52.740s][info ][gc,phases   ] GC(58)   Pre Evacuate Collection Set: 0.2ms
[2025-03-19T13:58:12.691+0000][52.740s][info ][gc,phases   ] GC(58)   Merge Heap Roots: 0.2ms
[2025-03-19T13:58:12.691+0000][52.740s][info ][gc,phases   ] GC(58)   Evacuate Collection Set: 23.9ms
[2025-03-19T13:58:12.691+0000][52.740s][info ][gc,phases   ] GC(58)   Post Evacuate Collection Set: 2.2ms
[2025-03-19T13:58:12.691+0000][52.740s][info ][gc,phases   ] GC(58)   Other: 0.2ms
[2025-03-19T13:58:12.691+0000][52.740s][info ][gc,heap     ] GC(58) Eden regions: 238->0(234)
[2025-03-19T13:58:12.691+0000][52.740s][info ][gc,heap     ] GC(58) Survivor regions: 16->20(32)
[2025-03-19T13:58:12.691+0000][52.740s][info ][gc,heap     ] GC(58) Old regions: 114->114
[2025-03-19T13:58:12.691+0000][52.740s][info ][gc,heap     ] GC(58) Archive regions: 2->2
[2025-03-19T13:58:12.691+0000][52.740s][info ][gc,heap     ] GC(58) Humongous regions: 0->0
[2025-03-19T13:58:12.691+0000][52.740s][info ][gc,metaspace] GC(58) Metaspace: 151727K(152832K)->151727K(152832K) NonClass: 133101K(133632K)->133101K(133632K) Class: 18625K(19200K)->18625K(19200K)
[2025-03-19T13:58:12.691+0000][52.740s][info ][gc          ] GC(58) Pause Young (Normal) (G1 Evacuation Pause) 368M->134M(434M) 26.809ms
[2025-03-19T13:58:12.691+0000][52.740s][info ][gc,cpu      ] GC(58) User=0.08s Sys=0.00s Real=0.03s
[2025-03-19T13:58:12.691+0000][52.740s][info ][safepoint   ] Safepoint "G1CollectForAllocation", Time since last: 1577552160 ns, Reaching safepoint: 210182 ns, Cleanup: 259435 ns, At safepoint: 26925759 ns, Total: 27395376 ns
[2025-03-19T13:58:13.853+0000][53.903s][debug][safepoint   ] Safepoint synchronization initiated using futex wait barrier. (81 threads)
[2025-03-19T13:58:13.854+0000][53.903s][info ][safepoint   ] Safepoint "Cleanup", Time since last: 1162195555 ns, Reaching safepoint: 81452 ns, Cleanup: 295162 ns, At safepoint: 4117 ns, Total: 380731 ns
[2025-03-19T13:58:14.220+0000][54.269s][debug][safepoint   ] Safepoint synchronization initiated using futex wait barrier. (81 threads)
[2025-03-19T13:58:14.220+0000][54.269s][info ][gc,start    ] GC(59) Pause Young (Normal) (G1 Evacuation Pause)
[2025-03-19T13:58:14.220+0000][54.269s][info ][gc,task     ] GC(59) Using 4 workers of 4 for evacuation
[2025-03-19T13:58:14.273+0000][54.323s][info ][gc,phases   ] GC(59)   Pre Evacuate Collection Set: 0.1ms
[2025-03-19T13:58:14.273+0000][54.323s][info ][gc,phases   ] GC(59)   Merge Heap Roots: 0.3ms
[2025-03-19T13:58:14.273+0000][54.323s][info ][gc,phases   ] GC(59)   Evacuate Collection Set: 49.8ms
[2025-03-19T13:58:14.273+0000][54.323s][info ][gc,phases   ] GC(59)   Post Evacuate Collection Set: 2.7ms
[2025-03-19T13:58:14.273+0000][54.323s][info ][gc,phases   ] GC(59)   Other: 0.2ms
[2025-03-19T13:58:14.273+0000][54.323s][info ][gc,heap     ] GC(59) Eden regions: 234->0(228)
[2025-03-19T13:58:14.274+0000][54.323s][info ][gc,heap     ] GC(59) Survivor regions: 20->19(32)
[2025-03-19T13:58:14.274+0000][54.323s][info ][gc,heap     ] GC(59) Old regions: 114->122
[2025-03-19T13:58:14.274+0000][54.323s][info ][gc,heap     ] GC(59) Archive regions: 2->2
[2025-03-19T13:58:14.274+0000][54.323s][info ][gc,heap     ] GC(59) Humongous regions: 0->0
[2025-03-19T13:58:14.274+0000][54.323s][info ][gc,metaspace] GC(59) Metaspace: 153602K(154688K)->153602K(154688K) NonClass: 134685K(135232K)->134685K(135232K) Class: 18916K(19456K)->18916K(19456K)
[2025-03-19T13:58:14.274+0000][54.323s][info ][gc          ] GC(59) Pause Young (Normal) (G1 Evacuation Pause) 368M->141M(434M) 53.246ms
[2025-03-19T13:58:14.274+0000][54.323s][info ][gc,cpu      ] GC(59) User=0.11s Sys=0.00s Real=0.05s
[2025-03-19T13:58:14.276+0000][54.325s][info ][safepoint   ] Safepoint "G1CollectForAllocation", Time since last: 366248338 ns, Reaching safepoint: 179408 ns, Cleanup: 61736 ns, At safepoint: 55969122 ns, Total: 56210266 ns
[2025-03-19T13:58:15.153+0000][55.202s][debug][safepoint   ] ... found polling page loop exception at pc = 0x00007970a11b2adc, stub =0x00007970a098f400
[2025-03-19T13:58:15.606+0000][55.655s][debug][safepoint   ] Safepoint synchronization initiated using futex wait barrier. (81 threads)
[2025-03-19T13:58:15.606+0000][55.656s][info ][safepoint   ] Safepoint "Cleanup", Time since last: 1329810625 ns, Reaching safepoint: 212413 ns, Cleanup: 143865 ns, At safepoint: 3880 ns, Total: 360158 ns
[2025-03-19T13:58:15.701+0000][55.750s][debug][safepoint   ] Safepoint synchronization initiated using futex wait barrier. (81 threads)
[2025-03-19T13:58:15.701+0000][55.750s][info ][gc,start    ] GC(60) Pause Young (Normal) (G1 Evacuation Pause)
[2025-03-19T13:58:15.701+0000][55.750s][info ][gc,task     ] GC(60) Using 4 workers of 4 for evacuation
[2025-03-19T13:58:15.733+0000][55.782s][info ][gc,phases   ] GC(60)   Pre Evacuate Collection Set: 0.1ms
[2025-03-19T13:58:15.733+0000][55.782s][info ][gc,phases   ] GC(60)   Merge Heap Roots: 0.2ms
[2025-03-19T13:58:15.733+0000][55.782s][info ][gc,phases   ] GC(60)   Evacuate Collection Set: 28.9ms
[2025-03-19T13:58:15.733+0000][55.782s][info ][gc,phases   ] GC(60)   Post Evacuate Collection Set: 2.2ms
[2025-03-19T13:58:15.733+0000][55.782s][info ][gc,phases   ] GC(60)   Other: 0.1ms
[2025-03-19T13:58:15.733+0000][55.782s][info ][gc,heap     ] GC(60) Eden regions: 228->0(222)
[2025-03-19T13:58:15.733+0000][55.782s][info ][gc,heap     ] GC(60) Survivor regions: 19->18(31)
[2025-03-19T13:58:15.733+0000][55.782s][info ][gc,heap     ] GC(60) Old regions: 122->129
[2025-03-19T13:58:15.733+0000][55.782s][info ][gc,heap     ] GC(60) Archive regions: 2->2
[2025-03-19T13:58:15.733+0000][55.782s][info ][gc,heap     ] GC(60) Humongous regions: 0->0
[2025-03-19T13:58:15.733+0000][55.782s][info ][gc,metaspace] GC(60) Metaspace: 156690K(157760K)->156690K(157760K) NonClass: 137366K(137920K)->137366K(137920K) Class: 19324K(19840K)->19324K(19840K)
[2025-03-19T13:58:15.733+0000][55.782s][info ][gc          ] GC(60) Pause Young (Normal) (G1 Evacuation Pause) 369M->146M(434M) 31.593ms
[2025-03-19T13:58:15.733+0000][55.782s][info ][gc,cpu      ] GC(60) User=0.10s Sys=0.01s Real=0.03s
[2025-03-19T13:58:15.733+0000][55.782s][info ][safepoint   ] Safepoint "G1CollectForAllocation", Time since last: 94774680 ns, Reaching safepoint: 46194 ns, Cleanup: 41944 ns, At safepoint: 31689091 ns, Total: 31777229 ns
[2025-03-19T13:58:16.799+0000][56.848s][debug][safepoint   ] Safepoint synchronization initiated using futex wait barrier. (87 threads)
[2025-03-19T13:58:16.799+0000][56.848s][info ][safepoint   ] Safepoint "Cleanup", Time since last: 1065957604 ns, Reaching safepoint: 202274 ns, Cleanup: 70794 ns, At safepoint: 7448 ns, Total: 280516 ns
[2025-03-19T13:58:16.825+0000][56.874s][debug][safepoint   ] Safepoint synchronization initiated using futex wait barrier. (87 threads)
[2025-03-19T13:58:16.825+0000][56.874s][info ][gc,start    ] GC(61) Pause Young (Normal) (G1 Evacuation Pause)
[2025-03-19T13:58:16.825+0000][56.874s][info ][gc,task     ] GC(61) Using 4 workers of 4 for evacuation
[2025-03-19T13:58:16.861+0000][56.910s][info ][gc,phases   ] GC(61)   Pre Evacuate Collection Set: 0.1ms
[2025-03-19T13:58:16.861+0000][56.910s][info ][gc,phases   ] GC(61)   Merge Heap Roots: 0.2ms
[2025-03-19T13:58:16.861+0000][56.910s][info ][gc,phases   ] GC(61)   Evacuate Collection Set: 32.6ms
[2025-03-19T13:58:16.861+0000][56.910s][info ][gc,phases   ] GC(61)   Post Evacuate Collection Set: 2.8ms
[2025-03-19T13:58:16.861+0000][56.910s][info ][gc,phases   ] GC(61)   Other: 0.1ms
[2025-03-19T13:58:16.861+0000][56.910s][info ][gc,heap     ] GC(61) Eden regions: 222->0(219)
[2025-03-19T13:58:16.861+0000][56.910s][info ][gc,heap     ] GC(61) Survivor regions: 18->18(30)
[2025-03-19T13:58:16.861+0000][56.910s][info ][gc,heap     ] GC(61) Old regions: 129->133
[2025-03-19T13:58:16.861+0000][56.910s][info ][gc,heap     ] GC(61) Archive regions: 2->2
[2025-03-19T13:58:16.861+0000][56.910s][info ][gc,heap     ] GC(61) Humongous regions: 0->0
[2025-03-19T13:58:16.861+0000][56.910s][info ][gc,metaspace] GC(61) Metaspace: 159040K(160192K)->159040K(160192K) NonClass: 139320K(139904K)->139320K(139904K) Class: 19720K(20288K)->19720K(20288K)
[2025-03-19T13:58:16.861+0000][56.910s][info ][gc          ] GC(61) Pause Young (Normal) (G1 Evacuation Pause) 368M->151M(434M) 36.040ms
[2025-03-19T13:58:16.861+0000][56.910s][info ][gc,cpu      ] GC(61) User=0.10s Sys=0.00s Real=0.04s
[2025-03-19T13:58:16.864+0000][56.913s][info ][safepoint   ] Safepoint "G1CollectForAllocation", Time since last: 25518245 ns, Reaching safepoint: 43481 ns, Cleanup: 3388 ns, At safepoint: 39078446 ns, Total: 39125315 ns
[2025-03-19T13:58:17.470+0000][57.519s][debug][safepoint   ] Safepoint synchronization initiated using futex wait barrier. (152 threads)
[2025-03-19T13:58:17.475+0000][57.524s][info ][safepoint   ] Safepoint "ICBufferFull", Time since last: 605871291 ns, Reaching safepoint: 2697933 ns, Cleanup: 1251997 ns, At safepoint: 1326045 ns, Total: 5275975 ns
[2025-03-19T13:58:18.334+0000][58.383s][debug][safepoint   ] Safepoint synchronization initiated using futex wait barrier. (168 threads)
[2025-03-19T13:58:18.334+0000][58.383s][info ][gc,start    ] GC(62) Pause Young (Normal) (G1 Evacuation Pause)
[2025-03-19T13:58:18.334+0000][58.383s][info ][gc,task     ] GC(62) Using 4 workers of 4 for evacuation
[2025-03-19T13:58:18.402+0000][58.451s][info ][gc,phases   ] GC(62)   Pre Evacuate Collection Set: 0.2ms
[2025-03-19T13:58:18.402+0000][58.451s][info ][gc,phases   ] GC(62)   Merge Heap Roots: 0.5ms
[2025-03-19T13:58:18.402+0000][58.451s][info ][gc,phases   ] GC(62)   Evacuate Collection Set: 64.5ms
[2025-03-19T13:58:18.402+0000][58.451s][info ][gc,phases   ] GC(62)   Post Evacuate Collection Set: 2.6ms
[2025-03-19T13:58:18.402+0000][58.451s][info ][gc,phases   ] GC(62)   Other: 0.3ms
[2025-03-19T13:58:18.402+0000][58.451s][info ][gc,heap     ] GC(62) Eden regions: 219->0(215)
[2025-03-19T13:58:18.402+0000][58.451s][info ][gc,heap     ] GC(62) Survivor regions: 18->15(30)
[2025-03-19T13:58:18.402+0000][58.451s][info ][gc,heap     ] GC(62) Old regions: 133->141
[2025-03-19T13:58:18.402+0000][58.451s][info ][gc,heap     ] GC(62) Archive regions: 2->2
[2025-03-19T13:58:18.402+0000][58.451s][info ][gc,heap     ] GC(62) Humongous regions: 0->0
[2025-03-19T13:58:18.402+0000][58.451s][info ][gc,metaspace] GC(62) Metaspace: 163816K(164992K)->163816K(164992K) NonClass: 143515K(144128K)->143515K(144128K) Class: 20300K(20864K)->20300K(20864K)
[2025-03-19T13:58:18.402+0000][58.451s][info ][gc          ] GC(62) Pause Young (Normal) (G1 Evacuation Pause) 370M->155M(434M) 68.267ms
[2025-03-19T13:58:18.402+0000][58.451s][info ][gc,cpu      ] GC(62) User=0.17s Sys=0.02s Real=0.07s
[2025-03-19T13:58:18.403+0000][58.452s][info ][safepoint   ] Safepoint "G1CollectForAllocation", Time since last: 858611678 ns, Reaching safepoint: 78886 ns, Cleanup: 212183 ns, At safepoint: 68634803 ns, Total: 68925872 ns
[2025-03-19T13:58:19.105+0000][59.154s][debug][safepoint   ] Safepoint synchronization initiated using futex wait barrier. (185 threads)
[2025-03-19T13:58:19.106+0000][59.155s][info ][safepoint   ] Safepoint "ICBufferFull", Time since last: 702314781 ns, Reaching safepoint: 121126 ns, Cleanup: 136584 ns, At safepoint: 796202 ns, Total: 1053912 ns
[2025-03-19T13:58:19.106+0000][59.155s][debug][safepoint   ] Safepoint synchronization initiated using futex wait barrier. (185 threads)
[2025-03-19T13:58:19.106+0000][59.155s][info ][safepoint   ] Safepoint "ICBufferFull", Time since last: 66398 ns, Reaching safepoint: 22918 ns, Cleanup: 1801 ns, At safepoint: 3227 ns, Total: 27946 ns
[2025-03-19T13:58:19.430+0000][59.479s][debug][safepoint   ] Safepoint synchronization initiated using futex wait barrier. (185 threads)
[2025-03-19T13:58:19.430+0000][59.479s][info ][safepoint   ] Safepoint "ICBufferFull", Time since last: 323989996 ns, Reaching safepoint: 92366 ns, Cleanup: 137758 ns, At safepoint: 7163 ns, Total: 237287 ns
[2025-03-19T13:58:19.431+0000][59.480s][debug][safepoint   ] Safepoint synchronization initiated using futex wait barrier. (185 threads)
[2025-03-19T13:58:19.431+0000][59.480s][info ][safepoint   ] Safepoint "ICBufferFull", Time since last: 337036 ns, Reaching safepoint: 100739 ns, Cleanup: 5488 ns, At safepoint: 5072 ns, Total: 111299 ns
[2025-03-19T13:58:19.811+0000][59.861s][debug][safepoint   ] Safepoint synchronization initiated using futex wait barrier. (194 threads)
[2025-03-19T13:58:19.812+0000][59.861s][debug][safepoint   ] ... found polling page loop exception at pc = 0x0000797099555922, stub =0x00007970a098f400
[2025-03-19T13:58:19.813+0000][59.862s][info ][safepoint   ] Safepoint "ICBufferFull", Time since last: 380798068 ns, Reaching safepoint: 519527 ns, Cleanup: 276549 ns, At safepoint: 279552 ns, Total: 1075628 ns
[2025-03-19T13:58:19.819+0000][59.868s][debug][safepoint   ] Safepoint synchronization initiated using futex wait barrier. (194 threads)
[2025-03-19T13:58:19.820+0000][59.869s][info ][gc,start    ] GC(63) Pause Young (Normal) (G1 Evacuation Pause)
[2025-03-19T13:58:19.820+0000][59.869s][info ][gc,task     ] GC(63) Using 4 workers of 4 for evacuation
[2025-03-19T13:58:19.890+0000][59.939s][info ][gc,phases   ] GC(63)   Pre Evacuate Collection Set: 1.8ms
[2025-03-19T13:58:19.890+0000][59.939s][info ][gc,phases   ] GC(63)   Merge Heap Roots: 1.5ms
[2025-03-19T13:58:19.890+0000][59.939s][info ][gc,phases   ] GC(63)   Evacuate Collection Set: 63.8ms
[2025-03-19T13:58:19.890+0000][59.939s][info ][gc,phases   ] GC(63)   Post Evacuate Collection Set: 2.9ms
[2025-03-19T13:58:19.890+0000][59.939s][info ][gc,phases   ] GC(63)   Other: 0.3ms
[2025-03-19T13:58:19.890+0000][59.939s][info ][gc,heap     ] GC(63) Eden regions: 215->0(205)
[2025-03-19T13:58:19.890+0000][59.939s][info ][gc,heap     ] GC(63) Survivor regions: 15->21(29)
[2025-03-19T13:58:19.890+0000][59.939s][info ][gc,heap     ] GC(63) Old regions: 141->141
[2025-03-19T13:58:19.890+0000][59.939s][info ][gc,heap     ] GC(63) Archive regions: 2->2
[2025-03-19T13:58:19.890+0000][59.939s][info ][gc,heap     ] GC(63) Humongous regions: 0->0
[2025-03-19T13:58:19.890+0000][59.939s][info ][gc,metaspace] GC(63) Metaspace: 167500K(168704K)->167500K(168704K) NonClass: 146746K(147392K)->146746K(147392K) Class: 20753K(21312K)->20753K(21312K)
[2025-03-19T13:58:19.890+0000][59.939s][info ][gc          ] GC(63) Pause Young (Normal) (G1 Evacuation Pause) 370M->161M(434M) 70.395ms
[2025-03-19T13:58:19.890+0000][59.939s][info ][gc,cpu      ] GC(63) User=0.18s Sys=0.00s Real=0.08s
[2025-03-19T13:58:19.891+0000][59.940s][info ][safepoint   ] Safepoint "G1CollectForAllocation", Time since last: 6210508 ns, Reaching safepoint: 905276 ns, Cleanup: 13588 ns, At safepoint: 71040054 ns, Total: 71958918 ns
[2025-03-19T13:58:20.192+0000][60.241s][debug][safepoint   ] ... found polling page loop exception at pc = 0x00007970a0ff5803, stub =0x00007970a098f400
[2025-03-19T13:58:20.488+0000][60.538s][debug][safepoint   ] Safepoint synchronization initiated using futex wait barrier. (207 threads)
[2025-03-19T13:58:20.489+0000][60.538s][info ][safepoint   ] Safepoint "ICBufferFull", Time since last: 597731026 ns, Reaching safepoint: 174424 ns, Cleanup: 175234 ns, At safepoint: 66536 ns, Total: 416194 ns
[2025-03-19T13:58:21.126+0000][61.175s][debug][safepoint   ] Safepoint synchronization initiated using futex wait barrier. (224 threads)
[2025-03-19T13:58:21.129+0000][61.178s][info ][safepoint   ] Safepoint "ICBufferFull", Time since last: 637474143 ns, Reaching safepoint: 2282496 ns, Cleanup: 136430 ns, At safepoint: 37032 ns, Total: 2455958 ns
[2025-03-19T13:58:21.207+0000][61.257s][debug][safepoint   ] Safepoint synchronization initiated using futex wait barrier. (224 threads)
[2025-03-19T13:58:21.208+0000][61.257s][info ][gc,start    ] GC(64) Pause Young (Normal) (G1 Evacuation Pause)
[2025-03-19T13:58:21.208+0000][61.257s][info ][gc,task     ] GC(64) Using 4 workers of 4 for evacuation
[2025-03-19T13:58:21.248+0000][61.297s][info ][gc,phases   ] GC(64)   Pre Evacuate Collection Set: 0.2ms
[2025-03-19T13:58:21.248+0000][61.297s][info ][gc,phases   ] GC(64)   Merge Heap Roots: 0.3ms
[2025-03-19T13:58:21.248+0000][61.297s][info ][gc,phases   ] GC(64)   Evacuate Collection Set: 37.0ms
[2025-03-19T13:58:21.248+0000][61.297s][info ][gc,phases   ] GC(64)   Post Evacuate Collection Set: 2.2ms
[2025-03-19T13:58:21.248+0000][61.297s][info ][gc,phases   ] GC(64)   Other: 0.2ms
[2025-03-19T13:58:21.248+0000][61.297s][info ][gc,heap     ] GC(64) Eden regions: 205->0(205)
[2025-03-19T13:58:21.248+0000][61.297s][info ][gc,heap     ] GC(64) Survivor regions: 21->16(29)
[2025-03-19T13:58:21.248+0000][61.297s][info ][gc,heap     ] GC(64) Old regions: 141->150
[2025-03-19T13:58:21.248+0000][61.297s][info ][gc,heap     ] GC(64) Archive regions: 2->2
[2025-03-19T13:58:21.248+0000][61.297s][info ][gc,heap     ] GC(64) Humongous regions: 0->0
[2025-03-19T13:58:21.248+0000][61.297s][info ][gc,metaspace] GC(64) Metaspace: 171036K(172288K)->171036K(172288K) NonClass: 149843K(150528K)->149843K(150528K) Class: 21193K(21760K)->21193K(21760K)
[2025-03-19T13:58:21.248+0000][61.297s][info ][gc          ] GC(64) Pause Young (Normal) (G1 Evacuation Pause) 366M->165M(434M) 40.045ms
[2025-03-19T13:58:21.248+0000][61.297s][info ][gc,cpu      ] GC(64) User=0.12s Sys=0.00s Real=0.04s
[2025-03-19T13:58:21.249+0000][61.299s][info ][safepoint   ] Safepoint "G1CollectForAllocation", Time since last: 78654138 ns, Reaching safepoint: 460081 ns, Cleanup: 26576 ns, At safepoint: 41448289 ns, Total: 41934946 ns
[2025-03-19T13:58:22.571+0000][62.621s][debug][safepoint   ] Safepoint synchronization initiated using futex wait barrier. (224 threads)
[2025-03-19T13:58:22.572+0000][62.622s][info ][safepoint   ] Safepoint "ICBufferFull", Time since last: 1321998609 ns, Reaching safepoint: 712177 ns, Cleanup: 212041 ns, At safepoint: 89814 ns, Total: 1014032 ns
[2025-03-19T13:58:23.102+0000][63.151s][debug][safepoint   ] Safepoint synchronization initiated using futex wait barrier. (226 threads)
[2025-03-19T13:58:23.102+0000][63.151s][info ][safepoint   ] Safepoint "ICBufferFull", Time since last: 529560173 ns, Reaching safepoint: 83435 ns, Cleanup: 259499 ns, At safepoint: 14761 ns, Total: 357695 ns
[2025-03-19T13:58:24.570+0000][64.620s][debug][safepoint   ] Safepoint synchronization initiated using futex wait barrier. (227 threads)
[2025-03-19T13:58:24.589+0000][64.638s][info ][safepoint   ] Safepoint "Cleanup", Time since last: 1468190610 ns, Reaching safepoint: 18345768 ns, Cleanup: 193376 ns, At safepoint: 22959 ns, Total: 18562103 ns
[2025-03-19T13:58:25.589+0000][65.638s][debug][safepoint   ] Safepoint synchronization initiated using futex wait barrier. (228 threads)
[2025-03-19T13:58:25.589+0000][65.638s][info ][safepoint   ] Safepoint "Cleanup", Time since last: 1000079928 ns, Reaching safepoint: 61234 ns, Cleanup: 37066 ns, At safepoint: 6790 ns, Total: 105090 ns
[2025-03-19T13:58:25.639+0000][65.688s][debug][safepoint   ] Safepoint synchronization initiated using futex wait barrier. (228 threads)
[2025-03-19T13:58:25.639+0000][65.688s][info ][gc,start    ] GC(65) Pause Young (Normal) (G1 Evacuation Pause)
[2025-03-19T13:58:25.639+0000][65.688s][info ][gc,task     ] GC(65) Using 4 workers of 4 for evacuation
[2025-03-19T13:58:25.676+0000][65.725s][info ][gc,phases   ] GC(65)   Pre Evacuate Collection Set: 0.1ms
[2025-03-19T13:58:25.676+0000][65.725s][info ][gc,phases   ] GC(65)   Merge Heap Roots: 0.3ms
[2025-03-19T13:58:25.676+0000][65.725s][info ][gc,phases   ] GC(65)   Evacuate Collection Set: 32.7ms
[2025-03-19T13:58:25.676+0000][65.725s][info ][gc,phases   ] GC(65)   Post Evacuate Collection Set: 3.4ms
[2025-03-19T13:58:25.676+0000][65.725s][info ][gc,phases   ] GC(65)   Other: 0.2ms
[2025-03-19T13:58:25.676+0000][65.725s][info ][gc,heap     ] GC(65) Eden regions: 205->0(197)
[2025-03-19T13:58:25.676+0000][65.725s][info ][gc,heap     ] GC(65) Survivor regions: 16->17(28)
[2025-03-19T13:58:25.676+0000][65.725s][info ][gc,heap     ] GC(65) Old regions: 150->155
[2025-03-19T13:58:25.676+0000][65.725s][info ][gc,heap     ] GC(65) Archive regions: 2->2
[2025-03-19T13:58:25.676+0000][65.725s][info ][gc,heap     ] GC(65) Humongous regions: 5->2
[2025-03-19T13:58:25.676+0000][65.725s][info ][gc,metaspace] GC(65) Metaspace: 180294K(181568K)->180294K(181568K) NonClass: 158001K(158656K)->158001K(158656K) Class: 22292K(22912K)->22292K(22912K)
[2025-03-19T13:58:25.676+0000][65.725s][info ][gc          ] GC(65) Pause Young (Normal) (G1 Evacuation Pause) 375M->173M(434M) 36.992ms
[2025-03-19T13:58:25.676+0000][65.725s][info ][gc,cpu      ] GC(65) User=0.10s Sys=0.00s Real=0.04s
[2025-03-19T13:58:25.680+0000][65.729s][info ][safepoint   ] Safepoint "G1CollectForAllocation", Time since last: 49664127 ns, Reaching safepoint: 59077 ns, Cleanup: 3650 ns, At safepoint: 40876733 ns, Total: 40939460 ns
[2025-03-19T13:58:26.680+0000][66.729s][debug][safepoint   ] Safepoint synchronization initiated using futex wait barrier. (228 threads)
[2025-03-19T13:58:26.680+0000][66.729s][info ][safepoint   ] Safepoint "Cleanup", Time since last: 1000130656 ns, Reaching safepoint: 63978 ns, Cleanup: 32330 ns, At safepoint: 4462 ns, Total: 100770 ns
[2025-03-19T13:58:27.680+0000][67.729s][debug][safepoint   ] Safepoint synchronization initiated using futex wait barrier. (229 threads)
[2025-03-19T13:58:27.680+0000][67.729s][info ][safepoint   ] Safepoint "Cleanup", Time since last: 1000064621 ns, Reaching safepoint: 52662 ns, Cleanup: 21540 ns, At safepoint: 4233 ns, Total: 78435 ns
[2025-03-19T13:58:28.680+0000][68.729s][debug][safepoint   ] Safepoint synchronization initiated using futex wait barrier. (228 threads)
[2025-03-19T13:58:28.680+0000][68.730s][info ][safepoint   ] Safepoint "Cleanup", Time since last: 1000039885 ns, Reaching safepoint: 91398 ns, Cleanup: 40440 ns, At safepoint: 5659 ns, Total: 137497 ns
[2025-03-19T13:58:29.681+0000][69.730s][debug][safepoint   ] Safepoint synchronization initiated using futex wait barrier. (229 threads)
[2025-03-19T13:58:29.681+0000][69.731s][info ][safepoint   ] Safepoint "Cleanup", Time since last: 1000952240 ns, Reaching safepoint: 67241 ns, Cleanup: 46240 ns, At safepoint: 5762 ns, Total: 119243 ns
[2025-03-19T13:58:30.683+0000][70.732s][debug][safepoint   ] Safepoint synchronization initiated using futex wait barrier. (231 threads)
[2025-03-19T13:58:30.684+0000][70.733s][info ][safepoint   ] Safepoint "Cleanup", Time since last: 1001212218 ns, Reaching safepoint: 1016592 ns, Cleanup: 53829 ns, At safepoint: 22885 ns, Total: 1093306 ns
[2025-03-19T13:58:30.994+0000][71.043s][debug][safepoint   ] Safepoint synchronization initiated using futex wait barrier. (230 threads)
[2025-03-19T13:58:30.994+0000][71.043s][info ][gc,start    ] GC(66) Pause Young (Concurrent Start) (G1 Humongous Allocation)
[2025-03-19T13:58:30.994+0000][71.043s][info ][gc,task     ] GC(66) Using 4 workers of 4 for evacuation
[2025-03-19T13:58:31.020+0000][71.069s][info ][gc,phases   ] GC(66)   Pre Evacuate Collection Set: 0.3ms
[2025-03-19T13:58:31.020+0000][71.069s][info ][gc,phases   ] GC(66)   Merge Heap Roots: 0.2ms
[2025-03-19T13:58:31.020+0000][71.069s][info ][gc,phases   ] GC(66)   Evacuate Collection Set: 23.1ms
[2025-03-19T13:58:31.020+0000][71.069s][info ][gc,phases   ] GC(66)   Post Evacuate Collection Set: 1.6ms
[2025-03-19T13:58:31.020+0000][71.069s][info ][gc,phases   ] GC(66)   Other: 0.2ms
[2025-03-19T13:58:31.020+0000][71.069s][info ][gc,heap     ] GC(66) Eden regions: 27->0(196)
[2025-03-19T13:58:31.020+0000][71.069s][info ][gc,heap     ] GC(66) Survivor regions: 17->11(27)
[2025-03-19T13:58:31.020+0000][71.069s][info ][gc,heap     ] GC(66) Old regions: 155->161
[2025-03-19T13:58:31.020+0000][71.069s][info ][gc,heap     ] GC(66) Archive regions: 2->2
[2025-03-19T13:58:31.020+0000][71.069s][info ][gc,heap     ] GC(66) Humongous regions: 33->6
[2025-03-19T13:58:31.020+0000][71.069s][info ][gc,metaspace] GC(66) Metaspace: 181001K(182208K)->181001K(182208K) NonClass: 158665K(159296K)->158665K(159296K) Class: 22335K(22912K)->22335K(22912K)
[2025-03-19T13:58:31.020+0000][71.069s][info ][gc          ] GC(66) Pause Young (Concurrent Start) (G1 Humongous Allocation) 231M->178M(434M) 25.545ms
[2025-03-19T13:58:31.020+0000][71.069s][info ][gc,cpu      ] GC(66) User=0.06s Sys=0.00s Real=0.03s
[2025-03-19T13:58:31.020+0000][71.069s][info ][gc          ] GC(67) Concurrent Undo Cycle
[2025-03-19T13:58:31.020+0000][71.069s][info ][safepoint   ] Safepoint "G1TryInitiateConcMark", Time since last: 310339779 ns, Reaching safepoint: 82588 ns, Cleanup: 18049 ns, At safepoint: 25886321 ns, Total: 25986958 ns
[2025-03-19T13:58:31.020+0000][71.069s][info ][gc,marking  ] GC(67) Concurrent Cleanup for Next Mark
[2025-03-19T13:58:31.021+0000][71.070s][info ][gc,marking  ] GC(67) Concurrent Cleanup for Next Mark 0.476ms
[2025-03-19T13:58:31.021+0000][71.070s][info ][gc          ] GC(67) Concurrent Undo Cycle 0.782ms
[2025-03-19T13:58:32.020+0000][72.070s][debug][safepoint   ] Safepoint synchronization initiated using futex wait barrier. (233 threads)
[2025-03-19T13:58:32.026+0000][72.075s][info ][safepoint   ] Safepoint "Cleanup", Time since last: 1000311520 ns, Reaching safepoint: 1571948 ns, Cleanup: 952581 ns, At safepoint: 2604881 ns, Total: 5129410 ns
[2025-03-19T13:58:32.577+0000][72.627s][debug][safepoint   ] Safepoint synchronization initiated using futex wait barrier. (234 threads)
[2025-03-19T13:58:32.578+0000][72.627s][info ][gc,start    ] GC(68) Pause Young (Normal) (G1 Evacuation Pause)
[2025-03-19T13:58:32.578+0000][72.627s][info ][gc,task     ] GC(68) Using 4 workers of 4 for evacuation
[2025-03-19T13:58:32.605+0000][72.654s][info ][gc,phases   ] GC(68)   Pre Evacuate Collection Set: 0.1ms
[2025-03-19T13:58:32.605+0000][72.654s][info ][gc,phases   ] GC(68)   Merge Heap Roots: 0.2ms
[2025-03-19T13:58:32.605+0000][72.654s][info ][gc,phases   ] GC(68)   Evacuate Collection Set: 24.7ms
[2025-03-19T13:58:32.605+0000][72.654s][info ][gc,phases   ] GC(68)   Post Evacuate Collection Set: 2.3ms
[2025-03-19T13:58:32.605+0000][72.654s][info ][gc,phases   ] GC(68)   Other: 0.2ms
[2025-03-19T13:58:32.605+0000][72.654s][info ][gc,heap     ] GC(68) Eden regions: 196->0(189)
[2025-03-19T13:58:32.605+0000][72.654s][info ][gc,heap     ] GC(68) Survivor regions: 11->18(26)
[2025-03-19T13:58:32.605+0000][72.654s][info ][gc,heap     ] GC(68) Old regions: 161->161
[2025-03-19T13:58:32.605+0000][72.654s][info ][gc,heap     ] GC(68) Archive regions: 2->2
[2025-03-19T13:58:32.605+0000][72.654s][info ][gc,heap     ] GC(68) Humongous regions: 27->2
[2025-03-19T13:58:32.605+0000][72.654s][info ][gc,metaspace] GC(68) Metaspace: 183584K(184832K)->183584K(184832K) NonClass: 160991K(161664K)->160991K(161664K) Class: 22592K(23168K)->22592K(23168K)
[2025-03-19T13:58:32.605+0000][72.654s][info ][gc          ] GC(68) Pause Young (Normal) (G1 Evacuation Pause) 395M->181M(434M) 27.619ms
[2025-03-19T13:58:32.605+0000][72.654s][info ][gc,cpu      ] GC(68) User=0.08s Sys=0.00s Real=0.03s
[2025-03-19T13:58:32.608+0000][72.657s][info ][safepoint   ] Safepoint "G1CollectForAllocation", Time since last: 551823627 ns, Reaching safepoint: 68825 ns, Cleanup: 104862 ns, At safepoint: 30055676 ns, Total: 30229363 ns
[2025-03-19T13:58:33.837+0000][73.886s][debug][safepoint   ] Safepoint synchronization initiated using futex wait barrier. (233 threads)
[2025-03-19T13:58:33.837+0000][73.886s][info ][safepoint   ] Safepoint "Cleanup", Time since last: 1229588238 ns, Reaching safepoint: 61684 ns, Cleanup: 107163 ns, At safepoint: 4110 ns, Total: 172957 ns
[2025-03-19T13:58:34.837+0000][74.887s][debug][safepoint   ] Safepoint synchronization initiated using futex wait barrier. (237 threads)
[2025-03-19T13:58:34.838+0000][74.887s][info ][safepoint   ] Safepoint "Cleanup", Time since last: 1000079101 ns, Reaching safepoint: 58613 ns, Cleanup: 26593 ns, At safepoint: 4916 ns, Total: 90122 ns
[2025-03-19T13:58:35.838+0000][75.887s][debug][safepoint   ] Safepoint synchronization initiated using futex wait barrier. (239 threads)
[2025-03-19T13:58:35.838+0000][75.887s][info ][safepoint   ] Safepoint "Cleanup", Time since last: 1000057279 ns, Reaching safepoint: 71582 ns, Cleanup: 31722 ns, At safepoint: 4505 ns, Total: 107809 ns
[2025-03-19T13:58:38.838+0000][78.887s][debug][safepoint   ] Safepoint synchronization initiated using futex wait barrier. (240 threads)
[2025-03-19T13:58:38.838+0000][78.887s][info ][safepoint   ] Safepoint "Cleanup", Time since last: 3000155506 ns, Reaching safepoint: 69095 ns, Cleanup: 15588 ns, At safepoint: 4378 ns, Total: 89061 ns
[2025-03-19T13:58:39.838+0000][79.887s][debug][safepoint   ] Safepoint synchronization initiated using futex wait barrier. (240 threads)
[2025-03-19T13:58:39.838+0000][79.887s][info ][safepoint   ] Safepoint "Cleanup", Time since last: 1000033417 ns, Reaching safepoint: 58581 ns, Cleanup: 32935 ns, At safepoint: 3923 ns, Total: 95439 ns
[2025-03-19T13:58:40.838+0000][80.887s][debug][safepoint   ] Safepoint synchronization initiated using futex wait barrier. (239 threads)
[2025-03-19T13:58:40.838+0000][80.887s][info ][safepoint   ] Safepoint "Cleanup", Time since last: 1000062976 ns, Reaching safepoint: 61970 ns, Cleanup: 12774 ns, At safepoint: 3596 ns, Total: 78340 ns
[2025-03-19T13:58:41.838+0000][81.887s][debug][safepoint   ] Safepoint synchronization initiated using futex wait barrier. (239 threads)
[2025-03-19T13:58:41.838+0000][81.887s][info ][safepoint   ] Safepoint "Cleanup", Time since last: 1000037461 ns, Reaching safepoint: 64707 ns, Cleanup: 11316 ns, At safepoint: 4263 ns, Total: 80286 ns
[2025-03-19T13:58:43.838+0000][83.888s][debug][safepoint   ] Safepoint synchronization initiated using futex wait barrier. (239 threads)
[2025-03-19T13:58:43.838+0000][83.888s][info ][safepoint   ] Safepoint "Cleanup", Time since last: 2000093660 ns, Reaching safepoint: 61682 ns, Cleanup: 12677 ns, At safepoint: 4567 ns, Total: 78926 ns
[2025-03-19T13:58:44.839+0000][84.888s][debug][safepoint   ] Safepoint synchronization initiated using futex wait barrier. (239 threads)
[2025-03-19T13:58:44.839+0000][84.888s][info ][safepoint   ] Safepoint "Cleanup", Time since last: 1000050789 ns, Reaching safepoint: 58139 ns, Cleanup: 38407 ns, At safepoint: 4491 ns, Total: 101037 ns
[2025-03-19T13:58:47.839+0000][87.888s][debug][safepoint   ] Safepoint synchronization initiated using futex wait barrier. (239 threads)
[2025-03-19T13:58:47.839+0000][87.888s][info ][safepoint   ] Safepoint "Cleanup", Time since last: 3000156126 ns, Reaching safepoint: 71380 ns, Cleanup: 12062 ns, At safepoint: 3924 ns, Total: 87366 ns
[2025-03-19T13:58:49.839+0000][89.888s][debug][safepoint   ] Safepoint synchronization initiated using futex wait barrier. (239 threads)
[2025-03-19T13:58:49.839+0000][89.888s][info ][safepoint   ] Safepoint "Cleanup", Time since last: 2000071899 ns, Reaching safepoint: 76358 ns, Cleanup: 26114 ns, At safepoint: 4375 ns, Total: 106847 ns
[2025-03-19T13:58:50.839+0000][90.888s][debug][safepoint   ] Safepoint synchronization initiated using futex wait barrier. (239 threads)
[2025-03-19T13:58:50.839+0000][90.888s][info ][safepoint   ] Safepoint "Cleanup", Time since last: 1000051339 ns, Reaching safepoint: 68912 ns, Cleanup: 18464 ns, At safepoint: 3503 ns, Total: 90879 ns
[2025-03-19T13:58:51.839+0000][91.888s][debug][safepoint   ] Safepoint synchronization initiated using futex wait barrier. (239 threads)
[2025-03-19T13:58:51.839+0000][91.889s][info ][safepoint   ] Safepoint "Cleanup", Time since last: 1000082918 ns, Reaching safepoint: 68980 ns, Cleanup: 52243 ns, At safepoint: 4874 ns, Total: 126097 ns
[2025-03-19T13:58:54.840+0000][94.889s][debug][safepoint   ] Safepoint synchronization initiated using futex wait barrier. (239 threads)
[2025-03-19T13:58:54.840+0000][94.889s][info ][safepoint   ] Safepoint "Cleanup", Time since last: 3000128719 ns, Reaching safepoint: 65492 ns, Cleanup: 9922 ns, At safepoint: 4470 ns, Total: 79884 ns
[2025-03-19T13:58:55.840+0000][95.889s][debug][safepoint   ] Safepoint synchronization initiated using futex wait barrier. (239 threads)
[2025-03-19T13:58:55.840+0000][95.889s][info ][safepoint   ] Safepoint "Cleanup", Time since last: 1000063647 ns, Reaching safepoint: 66007 ns, Cleanup: 11875 ns, At safepoint: 4653 ns, Total: 82535 ns
[2025-03-19T13:58:58.840+0000][98.889s][debug][safepoint   ] Safepoint synchronization initiated using futex wait barrier. (239 threads)
[2025-03-19T13:58:58.840+0000][98.889s][info ][safepoint   ] Safepoint "Cleanup", Time since last: 3000202877 ns, Reaching safepoint: 93443 ns, Cleanup: 15878 ns, At safepoint: 5971 ns, Total: 115292 ns
[2025-03-19T13:58:59.840+0000][99.889s][debug][safepoint   ] Safepoint synchronization initiated using futex wait barrier. (239 threads)
[2025-03-19T13:58:59.840+0000][99.889s][info ][safepoint   ] Safepoint "Cleanup", Time since last: 1000051422 ns, Reaching safepoint: 66056 ns, Cleanup: 13679 ns, At safepoint: 3493 ns, Total: 83228 ns
[2025-03-19T13:59:00.840+0000][100.889s][debug][safepoint   ] Safepoint synchronization initiated using futex wait barrier. (239 threads)
[2025-03-19T13:59:00.840+0000][100.890s][info ][safepoint   ] Safepoint "Cleanup", Time since last: 1000079976 ns, Reaching safepoint: 60760 ns, Cleanup: 19211 ns, At safepoint: 4187 ns, Total: 84158 ns
[2025-03-19T13:59:01.840+0000][101.890s][debug][safepoint   ] Safepoint synchronization initiated using futex wait barrier. (239 threads)
[2025-03-19T13:59:01.841+0000][101.890s][info ][safepoint   ] Safepoint "Cleanup", Time since last: 1000046476 ns, Reaching safepoint: 61746 ns, Cleanup: 40860 ns, At safepoint: 4329 ns, Total: 106935 ns
[2025-03-19T13:59:03.841+0000][103.890s][debug][safepoint   ] Safepoint synchronization initiated using futex wait barrier. (239 threads)
[2025-03-19T13:59:03.841+0000][103.890s][info ][safepoint   ] Safepoint "Cleanup", Time since last: 2000083671 ns, Reaching safepoint: 62327 ns, Cleanup: 10839 ns, At safepoint: 4917 ns, Total: 78083 ns
[2025-03-19T13:59:09.841+0000][109.890s][debug][safepoint   ] Safepoint synchronization initiated using futex wait barrier. (239 threads)
[2025-03-19T13:59:09.841+0000][109.890s][info ][safepoint   ] Safepoint "Cleanup", Time since last: 6000262900 ns, Reaching safepoint: 64806 ns, Cleanup: 17343 ns, At safepoint: 3846 ns, Total: 85995 ns
[2025-03-19T13:59:14.841+0000][114.891s][debug][safepoint   ] Safepoint synchronization initiated using futex wait barrier. (239 threads)
[2025-03-19T13:59:14.842+0000][114.891s][info ][safepoint   ] Safepoint "Cleanup", Time since last: 5000305921 ns, Reaching safepoint: 264995 ns, Cleanup: 17606 ns, At safepoint: 6043 ns, Total: 288644 ns
[2025-03-19T13:59:15.842+0000][115.891s][debug][safepoint   ] Safepoint synchronization initiated using futex wait barrier. (239 threads)
[2025-03-19T13:59:15.842+0000][115.891s][info ][safepoint   ] Safepoint "Cleanup", Time since last: 1000109754 ns, Reaching safepoint: 101804 ns, Cleanup: 14027 ns, At safepoint: 4328 ns, Total: 120159 ns
[2025-03-19T13:59:17.842+0000][117.891s][debug][safepoint   ] Safepoint synchronization initiated using futex wait barrier. (236 threads)
[2025-03-19T13:59:17.842+0000][117.891s][info ][safepoint   ] Safepoint "Cleanup", Time since last: 2000141667 ns, Reaching safepoint: 61590 ns, Cleanup: 145909 ns, At safepoint: 33064 ns, Total: 240563 ns
[2025-03-19T13:59:18.843+0000][118.892s][debug][safepoint   ] Safepoint synchronization initiated using futex wait barrier. (234 threads)
[2025-03-19T13:59:18.843+0000][118.892s][info ][safepoint   ] Safepoint "Cleanup", Time since last: 1000333497 ns, Reaching safepoint: 194649 ns, Cleanup: 34456 ns, At safepoint: 13957 ns, Total: 243062 ns
[2025-03-19T13:59:19.843+0000][119.892s][debug][safepoint   ] Safepoint synchronization initiated using futex wait barrier. (234 threads)
[2025-03-19T13:59:19.843+0000][119.892s][info ][safepoint   ] Safepoint "Cleanup", Time since last: 1000070100 ns, Reaching safepoint: 62467 ns, Cleanup: 19166 ns, At safepoint: 4038 ns, Total: 85671 ns
[2025-03-19T13:59:22.237+0000][122.286s][debug][safepoint   ] Safepoint synchronization initiated using futex wait barrier. (232 threads)
[2025-03-19T13:59:22.237+0000][122.286s][info ][safepoint   ] Safepoint "Cleanup", Time since last: 2394264295 ns, Reaching safepoint: 71924 ns, Cleanup: 26971 ns, At safepoint: 4616 ns, Total: 103511 ns
[2025-03-19T13:59:29.238+0000][129.287s][debug][safepoint   ] Safepoint synchronization initiated using futex wait barrier. (232 threads)
[2025-03-19T13:59:29.238+0000][129.287s][info ][safepoint   ] Safepoint "Cleanup", Time since last: 7000458085 ns, Reaching safepoint: 85094 ns, Cleanup: 16675 ns, At safepoint: 3877 ns, Total: 105646 ns
[2025-03-19T13:59:42.239+0000][142.288s][debug][safepoint   ] Safepoint synchronization initiated using futex wait barrier. (230 threads)
[2025-03-19T13:59:42.239+0000][142.288s][info ][safepoint   ] Safepoint "Cleanup", Time since last: 13000658570 ns, Reaching safepoint: 81784 ns, Cleanup: 15952 ns, At safepoint: 6900 ns, Total: 104636 ns
[2025-03-19T13:59:46.239+0000][146.288s][debug][safepoint   ] Safepoint synchronization initiated using futex wait barrier. (230 threads)
[2025-03-19T13:59:46.239+0000][146.288s][info ][safepoint   ] Safepoint "Cleanup", Time since last: 4000328143 ns, Reaching safepoint: 83976 ns, Cleanup: 23356 ns, At safepoint: 7753 ns, Total: 115085 ns
[2025-03-19T13:59:47.240+0000][147.289s][debug][safepoint   ] Safepoint synchronization initiated using futex wait barrier. (231 threads)
[2025-03-19T13:59:47.240+0000][147.289s][info ][safepoint   ] Safepoint "Cleanup", Time since last: 1000633555 ns, Reaching safepoint: 264865 ns, Cleanup: 36750 ns, At safepoint: 30068 ns, Total: 331683 ns
[2025-03-19T13:59:48.240+0000][148.289s][debug][safepoint   ] Safepoint synchronization initiated using futex wait barrier. (230 threads)
[2025-03-19T13:59:48.240+0000][148.289s][info ][safepoint   ] Safepoint "Cleanup", Time since last: 1000152630 ns, Reaching safepoint: 71766 ns, Cleanup: 15493 ns, At safepoint: 7946 ns, Total: 95205 ns
[2025-03-19T13:59:49.241+0000][149.290s][debug][safepoint   ] Safepoint synchronization initiated using futex wait barrier. (230 threads)
[2025-03-19T13:59:49.241+0000][149.290s][info ][safepoint   ] Safepoint "Cleanup", Time since last: 1000178024 ns, Reaching safepoint: 75179 ns, Cleanup: 17404 ns, At safepoint: 8341 ns, Total: 100924 ns
[2025-03-19T14:00:01.241+0000][161.291s][debug][safepoint   ] Safepoint synchronization initiated using futex wait barrier. (230 threads)
[2025-03-19T14:00:01.242+0000][161.291s][info ][safepoint   ] Safepoint "Cleanup", Time since last: 12000870011 ns, Reaching safepoint: 80663 ns, Cleanup: 16002 ns, At safepoint: 6992 ns, Total: 103657 ns
[2025-03-19T14:00:09.242+0000][169.291s][debug][safepoint   ] Safepoint synchronization initiated using futex wait barrier. (230 threads)
[2025-03-19T14:00:09.242+0000][169.291s][info ][safepoint   ] Safepoint "Cleanup", Time since last: 8000610674 ns, Reaching safepoint: 74113 ns, Cleanup: 24924 ns, At safepoint: 5474 ns, Total: 104511 ns
[2025-03-19T14:00:10.242+0000][170.292s][debug][safepoint   ] Safepoint synchronization initiated using futex wait barrier. (230 threads)
[2025-03-19T14:00:10.243+0000][170.292s][info ][safepoint   ] Safepoint "Cleanup", Time since last: 1000090306 ns, Reaching safepoint: 101554 ns, Cleanup: 19644 ns, At safepoint: 9041 ns, Total: 130239 ns
[2025-03-19T14:00:17.243+0000][177.293s][debug][safepoint   ] Safepoint synchronization initiated using futex wait barrier. (230 threads)
[2025-03-19T14:00:17.244+0000][177.293s][info ][safepoint   ] Safepoint "Cleanup", Time since last: 7000909358 ns, Reaching safepoint: 116877 ns, Cleanup: 19022 ns, At safepoint: 9393 ns, Total: 145292 ns
[2025-03-19T14:00:22.244+0000][182.293s][debug][safepoint   ] Safepoint synchronization initiated using futex wait barrier. (227 threads)
[2025-03-19T14:00:22.244+0000][182.293s][info ][safepoint   ] Safepoint "Cleanup", Time since last: 5000395858 ns, Reaching safepoint: 47360 ns, Cleanup: 15602 ns, At safepoint: 4871 ns, Total: 67833 ns
[2025-03-19T14:00:26.281+0000][186.330s][debug][safepoint   ] Safepoint synchronization initiated using futex wait barrier. (227 threads)
[2025-03-19T14:00:26.282+0000][186.331s][info ][gc,start    ] GC(69) Pause Young (Normal) (G1 Evacuation Pause)
[2025-03-19T14:00:26.282+0000][186.331s][info ][gc,task     ] GC(69) Using 4 workers of 4 for evacuation
[2025-03-19T14:00:26.331+0000][186.380s][info ][gc,phases   ] GC(69)   Pre Evacuate Collection Set: 0.4ms
[2025-03-19T14:00:26.331+0000][186.380s][info ][gc,phases   ] GC(69)   Merge Heap Roots: 0.4ms
[2025-03-19T14:00:26.331+0000][186.380s][info ][gc,phases   ] GC(69)   Evacuate Collection Set: 43.1ms
[2025-03-19T14:00:26.331+0000][186.380s][info ][gc,phases   ] GC(69)   Post Evacuate Collection Set: 5.1ms
[2025-03-19T14:00:26.331+0000][186.380s][info ][gc,phases   ] GC(69)   Other: 0.2ms
[2025-03-19T14:00:26.331+0000][186.380s][info ][gc,heap     ] GC(69) Eden regions: 189->0(188)
[2025-03-19T14:00:26.331+0000][186.380s][info ][gc,heap     ] GC(69) Survivor regions: 18->16(26)
[2025-03-19T14:00:26.331+0000][186.380s][info ][gc,heap     ] GC(69) Old regions: 161->166
[2025-03-19T14:00:26.331+0000][186.380s][info ][gc,heap     ] GC(69) Archive regions: 2->2
[2025-03-19T14:00:26.331+0000][186.380s][info ][gc,heap     ] GC(69) Humongous regions: 2->2
[2025-03-19T14:00:26.331+0000][186.380s][info ][gc,metaspace] GC(69) Metaspace: 185114K(186496K)->185114K(186496K) NonClass: 162461K(163200K)->162461K(163200K) Class: 22653K(23296K)->22653K(23296K)
[2025-03-19T14:00:26.331+0000][186.380s][info ][gc          ] GC(69) Pause Young (Normal) (G1 Evacuation Pause) 370M->184M(434M) 49.264ms
[2025-03-19T14:00:26.331+0000][186.380s][info ][gc,cpu      ] GC(69) User=0.15s Sys=0.00s Real=0.05s
[2025-03-19T14:00:26.331+0000][186.380s][info ][safepoint   ] Safepoint "G1CollectForAllocation", Time since last: 4037176689 ns, Reaching safepoint: 203785 ns, Cleanup: 8783 ns, At safepoint: 49770572 ns, Total: 49983140 ns
[2025-03-19T14:00:28.331+0000][188.381s][debug][safepoint   ] Safepoint synchronization initiated using futex wait barrier. (227 threads)
[2025-03-19T14:00:28.332+0000][188.381s][info ][safepoint   ] Safepoint "Cleanup", Time since last: 2000200355 ns, Reaching safepoint: 94769 ns, Cleanup: 25028 ns, At safepoint: 7552 ns, Total: 127349 ns
[2025-03-19T14:00:29.332+0000][189.381s][debug][safepoint   ] Safepoint synchronization initiated using futex wait barrier. (227 threads)
[2025-03-19T14:00:29.332+0000][189.381s][info ][safepoint   ] Safepoint "Cleanup", Time since last: 1000103218 ns, Reaching safepoint: 92109 ns, Cleanup: 18710 ns, At safepoint: 10545 ns, Total: 121364 ns
[2025-03-19T14:00:42.334+0000][202.383s][debug][safepoint   ] Safepoint synchronization initiated using futex wait barrier. (227 threads)
[2025-03-19T14:00:42.334+0000][202.383s][info ][safepoint   ] Safepoint "Cleanup", Time since last: 13002164191 ns, Reaching safepoint: 116585 ns, Cleanup: 52703 ns, At safepoint: 9513 ns, Total: 178801 ns
[2025-03-19T14:00:43.334+0000][203.383s][debug][safepoint   ] Safepoint synchronization initiated using futex wait barrier. (227 threads)
[2025-03-19T14:00:43.334+0000][203.383s][info ][safepoint   ] Safepoint "Cleanup", Time since last: 1000095531 ns, Reaching safepoint: 74174 ns, Cleanup: 29919 ns, At safepoint: 6305 ns, Total: 110398 ns
[2025-03-19T14:00:45.334+0000][205.384s][debug][safepoint   ] Safepoint synchronization initiated using futex wait barrier. (227 threads)
[2025-03-19T14:00:45.335+0000][205.384s][info ][safepoint   ] Safepoint "Cleanup", Time since last: 2000160346 ns, Reaching safepoint: 69063 ns, Cleanup: 16493 ns, At safepoint: 7843 ns, Total: 93399 ns
[2025-03-19T14:00:46.335+0000][206.384s][debug][safepoint   ] Safepoint synchronization initiated using futex wait barrier. (227 threads)
[2025-03-19T14:00:46.335+0000][206.384s][info ][safepoint   ] Safepoint "Cleanup", Time since last: 1000116463 ns, Reaching safepoint: 74217 ns, Cleanup: 15189 ns, At safepoint: 6743 ns, Total: 96149 ns
[2025-03-19T14:00:47.335+0000][207.384s][debug][safepoint   ] Safepoint synchronization initiated using futex wait barrier. (227 threads)
[2025-03-19T14:00:47.335+0000][207.384s][info ][safepoint   ] Safepoint "Cleanup", Time since last: 1000101696 ns, Reaching safepoint: 69265 ns, Cleanup: 14905 ns, At safepoint: 5594 ns, Total: 89764 ns
[2025-03-19T14:00:48.335+0000][208.384s][debug][safepoint   ] Safepoint synchronization initiated using futex wait barrier. (227 threads)
[2025-03-19T14:00:48.335+0000][208.384s][info ][safepoint   ] Safepoint "Cleanup", Time since last: 1000086662 ns, Reaching safepoint: 89564 ns, Cleanup: 17163 ns, At safepoint: 6920 ns, Total: 113647 ns
[2025-03-19T14:00:49.335+0000][209.384s][debug][safepoint   ] Safepoint synchronization initiated using futex wait barrier. (227 threads)
[2025-03-19T14:00:49.335+0000][209.384s][info ][safepoint   ] Safepoint "Cleanup", Time since last: 1000103250 ns, Reaching safepoint: 69799 ns, Cleanup: 14074 ns, At safepoint: 5392 ns, Total: 89265 ns
[2025-03-19T14:01:00.336+0000][220.385s][debug][safepoint   ] Safepoint synchronization initiated using futex wait barrier. (227 threads)
[2025-03-19T14:01:00.336+0000][220.386s][info ][safepoint   ] Safepoint "Cleanup", Time since last: 11000960816 ns, Reaching safepoint: 75384 ns, Cleanup: 16088 ns, At safepoint: 5919 ns, Total: 97391 ns
[2025-03-19T14:01:17.338+0000][237.387s][debug][safepoint   ] Safepoint synchronization initiated using futex wait barrier. (227 threads)
[2025-03-19T14:01:17.338+0000][237.387s][info ][safepoint   ] Safepoint "Cleanup", Time since last: 17001424130 ns, Reaching safepoint: 76298 ns, Cleanup: 20982 ns, At safepoint: 6370 ns, Total: 103650 ns
[2025-03-19T14:01:23.279+0000][243.328s][debug][safepoint   ] Safepoint synchronization initiated using futex wait barrier. (224 threads)
[2025-03-19T14:01:23.279+0000][243.328s][info ][safepoint   ] Safepoint "Cleanup", Time since last: 5941151355 ns, Reaching safepoint: 85402 ns, Cleanup: 20138 ns, At safepoint: 9343 ns, Total: 114883 ns
[2025-03-19T14:01:29.280+0000][249.329s][debug][safepoint   ] Safepoint synchronization initiated using futex wait barrier. (224 threads)
[2025-03-19T14:01:29.280+0000][249.329s][info ][safepoint   ] Safepoint "Cleanup", Time since last: 6000635394 ns, Reaching safepoint: 87869 ns, Cleanup: 16107 ns, At safepoint: 8281 ns, Total: 112257 ns
[2025-03-19T14:01:34.280+0000][254.330s][debug][safepoint   ] Safepoint synchronization initiated using futex wait barrier. (224 threads)
[2025-03-19T14:01:34.281+0000][254.330s][info ][safepoint   ] Safepoint "Cleanup", Time since last: 5000398950 ns, Reaching safepoint: 116675 ns, Cleanup: 23714 ns, At safepoint: 9444 ns, Total: 149833 ns
[2025-03-19T14:01:46.281+0000][266.331s][debug][safepoint   ] Safepoint synchronization initiated using futex wait barrier. (219 threads)
[2025-03-19T14:01:46.282+0000][266.331s][info ][safepoint   ] Safepoint "Cleanup", Time since last: 12000971141 ns, Reaching safepoint: 59976 ns, Cleanup: 18427 ns, At safepoint: 5824 ns, Total: 84227 ns
[2025-03-19T14:01:47.282+0000][267.331s][debug][safepoint   ] Safepoint synchronization initiated using futex wait barrier. (219 threads)
[2025-03-19T14:01:47.282+0000][267.331s][info ][safepoint   ] Safepoint "Cleanup", Time since last: 1000109957 ns, Reaching safepoint: 78432 ns, Cleanup: 45292 ns, At safepoint: 14475 ns, Total: 138199 ns
[2025-03-19T14:01:49.282+0000][269.331s][debug][safepoint   ] Safepoint synchronization initiated using futex wait barrier. (219 threads)
[2025-03-19T14:01:49.282+0000][269.331s][info ][safepoint   ] Safepoint "Cleanup", Time since last: 2000164982 ns, Reaching safepoint: 74598 ns, Cleanup: 17950 ns, At safepoint: 6232 ns, Total: 98780 ns
[2025-03-19T14:02:04.293+0000][284.343s][debug][safepoint   ] Safepoint synchronization initiated using futex wait barrier. (219 threads)
[2025-03-19T14:02:04.294+0000][284.343s][info ][safepoint   ] Safepoint "Cleanup", Time since last: 15011394551 ns, Reaching safepoint: 66315 ns, Cleanup: 14162 ns, At safepoint: 4492 ns, Total: 84969 ns
[2025-03-19T14:02:10.294+0000][290.343s][debug][safepoint   ] Safepoint synchronization initiated using futex wait barrier. (219 threads)
[2025-03-19T14:02:10.294+0000][290.343s][info ][safepoint   ] Safepoint "Cleanup", Time since last: 6000508503 ns, Reaching safepoint: 82033 ns, Cleanup: 16445 ns, At safepoint: 5492 ns, Total: 103970 ns
[2025-03-19T14:02:18.295+0000][298.344s][debug][safepoint   ] Safepoint synchronization initiated using futex wait barrier. (219 threads)
[2025-03-19T14:02:18.295+0000][298.344s][info ][safepoint   ] Safepoint "Cleanup", Time since last: 8000858803 ns, Reaching safepoint: 138543 ns, Cleanup: 19634 ns, At safepoint: 8829 ns, Total: 167006 ns
[2025-03-19T14:02:29.296+0000][309.345s][debug][safepoint   ] Safepoint synchronization initiated using futex wait barrier. (217 threads)
[2025-03-19T14:02:29.296+0000][309.345s][info ][safepoint   ] Safepoint "Cleanup", Time since last: 11000865691 ns, Reaching safepoint: 100107 ns, Cleanup: 21326 ns, At safepoint: 8119 ns, Total: 129552 ns
[2025-03-19T14:02:52.298+0000][332.347s][debug][safepoint   ] Safepoint synchronization initiated using futex wait barrier. (212 threads)
[2025-03-19T14:02:52.298+0000][332.347s][info ][safepoint   ] Safepoint "Cleanup", Time since last: 23001835682 ns, Reaching safepoint: 110186 ns, Cleanup: 27939 ns, At safepoint: 9163 ns, Total: 147288 ns
[2025-03-19T14:02:53.298+0000][333.347s][debug][safepoint   ] Safepoint synchronization initiated using futex wait barrier. (213 threads)
[2025-03-19T14:02:53.298+0000][333.348s][info ][safepoint   ] Safepoint "Cleanup", Time since last: 1000116995 ns, Reaching safepoint: 101829 ns, Cleanup: 34071 ns, At safepoint: 9812 ns, Total: 145712 ns
[2025-03-19T14:02:58.245+0000][338.294s][debug][safepoint   ] Safepoint synchronization initiated using futex wait barrier. (213 threads)
[2025-03-19T14:02:58.245+0000][338.295s][info ][gc,start    ] GC(70) Pause Young (Normal) (G1 Evacuation Pause)
[2025-03-19T14:02:58.245+0000][338.295s][info ][gc,task     ] GC(70) Using 4 workers of 4 for evacuation
[2025-03-19T14:02:58.277+0000][338.326s][info ][gc,phases   ] GC(70)   Pre Evacuate Collection Set: 0.2ms
[2025-03-19T14:02:58.277+0000][338.326s][info ][gc,phases   ] GC(70)   Merge Heap Roots: 0.3ms
[2025-03-19T14:02:58.277+0000][338.326s][info ][gc,phases   ] GC(70)   Evacuate Collection Set: 29.0ms
[2025-03-19T14:02:58.277+0000][338.326s][info ][gc,phases   ] GC(70)   Post Evacuate Collection Set: 2.2ms
[2025-03-19T14:02:58.277+0000][338.326s][info ][gc,phases   ] GC(70)   Other: 0.2ms
[2025-03-19T14:02:58.277+0000][338.326s][info ][gc,heap     ] GC(70) Eden regions: 188->0(192)
[2025-03-19T14:02:58.277+0000][338.326s][info ][gc,heap     ] GC(70) Survivor regions: 16->11(26)
[2025-03-19T14:02:58.277+0000][338.326s][info ][gc,heap     ] GC(70) Old regions: 166->171
[2025-03-19T14:02:58.277+0000][338.326s][info ][gc,heap     ] GC(70) Archive regions: 2->2
[2025-03-19T14:02:58.277+0000][338.326s][info ][gc,heap     ] GC(70) Humongous regions: 2->2
[2025-03-19T14:02:58.277+0000][338.326s][info ][gc,metaspace] GC(70) Metaspace: 185503K(186816K)->185503K(186816K) NonClass: 162846K(163520K)->162846K(163520K) Class: 22657K(23296K)->22657K(23296K)
[2025-03-19T14:02:58.277+0000][338.326s][info ][gc          ] GC(70) Pause Young (Normal) (G1 Evacuation Pause) 372M->183M(434M) 31.917ms
[2025-03-19T14:02:58.277+0000][338.326s][info ][gc,cpu      ] GC(70) User=0.11s Sys=0.00s Real=0.03s
[2025-03-19T14:02:58.278+0000][338.327s][info ][safepoint   ] Safepoint "G1CollectForAllocation", Time since last: 4946741852 ns, Reaching safepoint: 128967 ns, Cleanup: 8681 ns, At safepoint: 32344061 ns, Total: 32481709 ns
[2025-03-19T14:02:59.278+0000][339.327s][debug][safepoint   ] Safepoint synchronization initiated using futex wait barrier. (213 threads)
[2025-03-19T14:02:59.278+0000][339.327s][info ][safepoint   ] Safepoint "Cleanup", Time since last: 1000126916 ns, Reaching safepoint: 138839 ns, Cleanup: 25361 ns, At safepoint: 18565 ns, Total: 182765 ns
[2025-03-19T14:03:09.279+0000][349.328s][debug][safepoint   ] Safepoint synchronization initiated using futex wait barrier. (213 threads)
[2025-03-19T14:03:09.279+0000][349.328s][info ][safepoint   ] Safepoint "Cleanup", Time since last: 10001071917 ns, Reaching safepoint: 100661 ns, Cleanup: 27494 ns, At safepoint: 7870 ns, Total: 136025 ns
[2025-03-19T14:03:10.279+0000][350.328s][debug][safepoint   ] Safepoint synchronization initiated using futex wait barrier. (213 threads)
[2025-03-19T14:03:10.279+0000][350.329s][info ][safepoint   ] Safepoint "Cleanup", Time since last: 1000110999 ns, Reaching safepoint: 96762 ns, Cleanup: 21238 ns, At safepoint: 8310 ns, Total: 126310 ns
[2025-03-19T14:03:17.280+0000][357.329s][debug][safepoint   ] Safepoint synchronization initiated using futex wait barrier. (213 threads)
[2025-03-19T14:03:17.280+0000][357.329s][info ][safepoint   ] Safepoint "Cleanup", Time since last: 7000694038 ns, Reaching safepoint: 108719 ns, Cleanup: 25957 ns, At safepoint: 8415 ns, Total: 143091 ns
[2025-03-19T14:03:25.322+0000][365.371s][debug][safepoint   ] Safepoint synchronization initiated using futex wait barrier. (212 threads)
[2025-03-19T14:03:25.322+0000][365.371s][info ][safepoint   ] Safepoint "Cleanup", Time since last: 8041808545 ns, Reaching safepoint: 103199 ns, Cleanup: 19432 ns, At safepoint: 7257 ns, Total: 129888 ns
[2025-03-19T14:03:26.322+0000][366.371s][debug][safepoint   ] Safepoint synchronization initiated using futex wait barrier. (212 threads)
[2025-03-19T14:03:26.323+0000][366.372s][info ][safepoint   ] Safepoint "Cleanup", Time since last: 1000111886 ns, Reaching safepoint: 108697 ns, Cleanup: 91796 ns, At safepoint: 9463 ns, Total: 209956 ns
[2025-03-19T14:03:29.323+0000][369.372s][debug][safepoint   ] Safepoint synchronization initiated using futex wait barrier. (212 threads)
[2025-03-19T14:03:29.323+0000][369.372s][info ][safepoint   ] Safepoint "Cleanup", Time since last: 3000350452 ns, Reaching safepoint: 107367 ns, Cleanup: 29951 ns, At safepoint: 7922 ns, Total: 145240 ns
