[2025-03-19T14:03:43.939+0000][0.003s][info][gc] Using G1
[2025-03-19T14:03:43.941+0000][0.004s][info][gc,init] Version: 17.0.13+11-Debian-2deb12u1 (release)
[2025-03-19T14:03:43.941+0000][0.004s][info][gc,init] CPUs: 4 total, 4 available
[2025-03-19T14:03:43.941+0000][0.004s][info][gc,init] Memory: 7213M
[2025-03-19T14:03:43.941+0000][0.004s][info][gc,init] Large Page Support: Disabled
[2025-03-19T14:03:43.941+0000][0.004s][info][gc,init] NUMA Support: Disabled
[2025-03-19T14:03:43.941+0000][0.004s][info][gc,init] Compressed Oops: Enabled (32-bit)
[2025-03-19T14:03:43.941+0000][0.004s][info][gc,init] Heap Region Size: 1M
[2025-03-19T14:03:43.941+0000][0.004s][info][gc,init] Heap Min Capacity: 8M
[2025-03-19T14:03:43.941+0000][0.004s][info][gc,init] Heap Initial Capacity: 114M
[2025-03-19T14:03:43.941+0000][0.004s][info][gc,init] Heap Max Capacity: 1804M
[2025-03-19T14:03:43.941+0000][0.004s][info][gc,init] Pre-touch: Disabled
[2025-03-19T14:03:43.941+0000][0.004s][info][gc,init] Parallel Workers: 4
[2025-03-19T14:03:43.941+0000][0.004s][info][gc,init] Concurrent Workers: 1
[2025-03-19T14:03:43.941+0000][0.004s][info][gc,init] Concurrent Refinement Workers: 4
[2025-03-19T14:03:43.941+0000][0.004s][info][gc,init] Periodic GC: Disabled
[2025-03-19T14:03:43.949+0000][0.012s][info][gc,metaspace] CDS archive(s) mapped at: [0x00007af843000000-0x00007af843bc9000-0x00007af843bc9000), size 12357632, SharedBaseAddress: 0x00007af843000000, ArchiveRelocationMode: 1.
[2025-03-19T14:03:43.949+0000][0.012s][info][gc,metaspace] Compressed class space mapped at: 0x00007af844000000-0x00007af884000000, reserved size: 1073741824
[2025-03-19T14:03:43.949+0000][0.012s][info][gc,metaspace] Narrow klass base: 0x00007af843000000, Narrow klass shift: 0, Narrow klass range: 0x100000000
[2025-03-19T14:03:43.955+0000][0.018s][info][cds,heap    ] initialize_from_archived_subgraph java.lang.Module$ArchivedData 0x00007af843183388 (early)
[2025-03-19T14:03:43.955+0000][0.019s][info][cds,heap    ] initialize_from_archived_subgraph java.util.ImmutableCollections 0x00007af843070cd8 (early)
[2025-03-19T14:03:43.957+0000][0.020s][info][cds,heap    ] initialize_from_archived_subgraph java.lang.Integer$IntegerCache 0x00007af843036060 (early)
[2025-03-19T14:03:43.959+0000][0.023s][info][cds,heap    ] initialize_from_archived_subgraph java.lang.module.Configuration 0x00007af843171308 (early)
[2025-03-19T14:03:43.959+0000][0.023s][info][cds,heap    ] initialize_from_archived_subgraph java.lang.ModuleLayer 0x00007af843145c58 (early)
[2025-03-19T14:03:43.960+0000][0.023s][info][cds,heap    ] initialize_from_archived_subgraph jdk.internal.loader.ArchivedClassLoaders 0x00007af8431a79f0 (early)
[2025-03-19T14:03:43.960+0000][0.023s][info][cds,heap    ] initialize_from_archived_subgraph jdk.internal.module.ArchivedBootLayer 0x00007af843177f48 (early)
[2025-03-19T14:03:43.962+0000][0.025s][info][cds,heap    ] initialize_from_archived_subgraph sun.util.locale.BaseLocale 0x00007af84326bb10
[2025-03-19T14:03:43.971+0000][0.035s][info][cds,heap    ] initialize_from_archived_subgraph java.util.jar.Attributes$Name 0x00007af843199468
[2025-03-19T14:03:44.000+0000][0.063s][info][cds,heap    ] initialize_from_archived_subgraph java.lang.Long$LongCache 0x00007af84301f998
[2025-03-19T14:03:44.098+0000][0.161s][info][cds,heap    ] initialize_from_archived_subgraph java.lang.Character$CharacterCache 0x00007af8430393e8
[2025-03-19T14:03:44.510+0000][0.574s][debug][safepoint   ] Safepoint synchronization initiated using futex wait barrier. (13 threads)
[2025-03-19T14:03:44.510+0000][0.574s][info ][gc,start    ] GC(0) Pause Young (Normal) (G1 Evacuation Pause)
[2025-03-19T14:03:44.510+0000][0.574s][info ][gc,task     ] GC(0) Using 2 workers of 4 for evacuation
[2025-03-19T14:03:44.519+0000][0.582s][info ][gc,phases   ] GC(0)   Pre Evacuate Collection Set: 0.0ms
[2025-03-19T14:03:44.519+0000][0.582s][info ][gc,phases   ] GC(0)   Merge Heap Roots: 0.1ms
[2025-03-19T14:03:44.519+0000][0.582s][info ][gc,phases   ] GC(0)   Evacuate Collection Set: 7.7ms
[2025-03-19T14:03:44.519+0000][0.582s][info ][gc,phases   ] GC(0)   Post Evacuate Collection Set: 0.6ms
[2025-03-19T14:03:44.519+0000][0.582s][info ][gc,phases   ] GC(0)   Other: 0.2ms
[2025-03-19T14:03:44.519+0000][0.582s][info ][gc,heap     ] GC(0) Eden regions: 37->0(48)
[2025-03-19T14:03:44.519+0000][0.582s][info ][gc,heap     ] GC(0) Survivor regions: 0->5(5)
[2025-03-19T14:03:44.519+0000][0.582s][info ][gc,heap     ] GC(0) Old regions: 0->2
[2025-03-19T14:03:44.519+0000][0.582s][info ][gc,heap     ] GC(0) Archive regions: 2->2
[2025-03-19T14:03:44.519+0000][0.582s][info ][gc,heap     ] GC(0) Humongous regions: 0->0
[2025-03-19T14:03:44.519+0000][0.582s][info ][gc,metaspace] GC(0) Metaspace: 2062K(2304K)->2062K(2304K) NonClass: 1856K(1984K)->1856K(1984K) Class: 205K(320K)->205K(320K)
[2025-03-19T14:03:44.519+0000][0.582s][info ][gc          ] GC(0) Pause Young (Normal) (G1 Evacuation Pause) 37M->7M(116M) 8.665ms
[2025-03-19T14:03:44.519+0000][0.582s][info ][gc,cpu      ] GC(0) User=0.01s Sys=0.01s Real=0.00s
[2025-03-19T14:03:44.519+0000][0.582s][info ][safepoint   ] Safepoint "G1CollectForAllocation", Time since last: 555705753 ns, Reaching safepoint: 36869 ns, Cleanup: 71284 ns, At safepoint: 8726769 ns, Total: 8834922 ns
[2025-03-19T14:03:44.994+0000][1.057s][debug][safepoint   ] Safepoint synchronization initiated using futex wait barrier. (13 threads)
[2025-03-19T14:03:44.994+0000][1.057s][info ][gc,start    ] GC(1) Pause Young (Normal) (G1 Evacuation Pause)
[2025-03-19T14:03:44.994+0000][1.057s][info ][gc,task     ] GC(1) Using 2 workers of 4 for evacuation
[2025-03-19T14:03:45.004+0000][1.067s][info ][gc,phases   ] GC(1)   Pre Evacuate Collection Set: 0.1ms
[2025-03-19T14:03:45.004+0000][1.067s][info ][gc,phases   ] GC(1)   Merge Heap Roots: 0.0ms
[2025-03-19T14:03:45.004+0000][1.067s][info ][gc,phases   ] GC(1)   Evacuate Collection Set: 8.7ms
[2025-03-19T14:03:45.004+0000][1.067s][info ][gc,phases   ] GC(1)   Post Evacuate Collection Set: 0.7ms
[2025-03-19T14:03:45.004+0000][1.067s][info ][gc,phases   ] GC(1)   Other: 0.1ms
[2025-03-19T14:03:45.004+0000][1.067s][info ][gc,heap     ] GC(1) Eden regions: 48->0(64)
[2025-03-19T14:03:45.004+0000][1.067s][info ][gc,heap     ] GC(1) Survivor regions: 5->4(7)
[2025-03-19T14:03:45.004+0000][1.067s][info ][gc,heap     ] GC(1) Old regions: 2->7
[2025-03-19T14:03:45.004+0000][1.067s][info ][gc,heap     ] GC(1) Archive regions: 2->2
[2025-03-19T14:03:45.004+0000][1.067s][info ][gc,heap     ] GC(1) Humongous regions: 0->0
[2025-03-19T14:03:45.004+0000][1.067s][info ][gc,metaspace] GC(1) Metaspace: 3548K(3840K)->3548K(3840K) NonClass: 3178K(3328K)->3178K(3328K) Class: 370K(512K)->370K(512K)
[2025-03-19T14:03:45.004+0000][1.067s][info ][gc          ] GC(1) Pause Young (Normal) (G1 Evacuation Pause) 55M->11M(116M) 9.764ms
[2025-03-19T14:03:45.004+0000][1.067s][info ][gc,cpu      ] GC(1) User=0.02s Sys=0.00s Real=0.01s
[2025-03-19T14:03:45.004+0000][1.067s][info ][safepoint   ] Safepoint "G1CollectForAllocation", Time since last: 474847321 ns, Reaching safepoint: 54399 ns, Cleanup: 63113 ns, At safepoint: 9810295 ns, Total: 9927807 ns
[2025-03-19T14:03:45.603+0000][1.666s][debug][safepoint   ] Safepoint synchronization initiated using futex wait barrier. (14 threads)
[2025-03-19T14:03:45.603+0000][1.667s][info ][gc,start    ] GC(2) Pause Young (Normal) (G1 Evacuation Pause)
[2025-03-19T14:03:45.603+0000][1.667s][info ][gc,task     ] GC(2) Using 2 workers of 4 for evacuation
[2025-03-19T14:03:45.612+0000][1.675s][info ][gc,phases   ] GC(2)   Pre Evacuate Collection Set: 0.1ms
[2025-03-19T14:03:45.612+0000][1.675s][info ][gc,phases   ] GC(2)   Merge Heap Roots: 0.1ms
[2025-03-19T14:03:45.612+0000][1.675s][info ][gc,phases   ] GC(2)   Evacuate Collection Set: 7.9ms
[2025-03-19T14:03:45.612+0000][1.675s][info ][gc,phases   ] GC(2)   Post Evacuate Collection Set: 0.6ms
[2025-03-19T14:03:45.612+0000][1.675s][info ][gc,phases   ] GC(2)   Other: 0.1ms
[2025-03-19T14:03:45.612+0000][1.675s][info ][gc,heap     ] GC(2) Eden regions: 64->0(63)
[2025-03-19T14:03:45.612+0000][1.675s][info ][gc,heap     ] GC(2) Survivor regions: 4->5(9)
[2025-03-19T14:03:45.612+0000][1.675s][info ][gc,heap     ] GC(2) Old regions: 7->7
[2025-03-19T14:03:45.612+0000][1.675s][info ][gc,heap     ] GC(2) Archive regions: 2->2
[2025-03-19T14:03:45.612+0000][1.675s][info ][gc,heap     ] GC(2) Humongous regions: 0->0
[2025-03-19T14:03:45.612+0000][1.675s][info ][gc,metaspace] GC(2) Metaspace: 6193K(6528K)->6193K(6528K) NonClass: 5430K(5568K)->5430K(5568K) Class: 762K(960K)->762K(960K)
[2025-03-19T14:03:45.612+0000][1.675s][info ][gc          ] GC(2) Pause Young (Normal) (G1 Evacuation Pause) 75M->12M(116M) 8.882ms
[2025-03-19T14:03:45.612+0000][1.675s][info ][gc,cpu      ] GC(2) User=0.02s Sys=0.01s Real=0.01s
[2025-03-19T14:03:45.612+0000][1.675s][info ][safepoint   ] Safepoint "G1CollectForAllocation", Time since last: 599155813 ns, Reaching safepoint: 50556 ns, Cleanup: 186333 ns, At safepoint: 8943388 ns, Total: 9180277 ns
[2025-03-19T14:03:46.261+0000][2.325s][debug][safepoint   ] Safepoint synchronization initiated using futex wait barrier. (14 threads)
[2025-03-19T14:03:46.261+0000][2.325s][info ][gc,start    ] GC(3) Pause Young (Normal) (G1 Evacuation Pause)
[2025-03-19T14:03:46.261+0000][2.325s][info ][gc,task     ] GC(3) Using 2 workers of 4 for evacuation
[2025-03-19T14:03:46.269+0000][2.332s][info ][gc,phases   ] GC(3)   Pre Evacuate Collection Set: 0.0ms
[2025-03-19T14:03:46.269+0000][2.332s][info ][gc,phases   ] GC(3)   Merge Heap Roots: 0.0ms
[2025-03-19T14:03:46.269+0000][2.332s][info ][gc,phases   ] GC(3)   Evacuate Collection Set: 6.7ms
[2025-03-19T14:03:46.269+0000][2.332s][info ][gc,phases   ] GC(3)   Post Evacuate Collection Set: 0.7ms
[2025-03-19T14:03:46.269+0000][2.332s][info ][gc,phases   ] GC(3)   Other: 0.1ms
[2025-03-19T14:03:46.269+0000][2.332s][info ][gc,heap     ] GC(3) Eden regions: 63->0(65)
[2025-03-19T14:03:46.269+0000][2.332s][info ][gc,heap     ] GC(3) Survivor regions: 5->3(9)
[2025-03-19T14:03:46.269+0000][2.332s][info ][gc,heap     ] GC(3) Old regions: 7->10
[2025-03-19T14:03:46.269+0000][2.332s][info ][gc,heap     ] GC(3) Archive regions: 2->2
[2025-03-19T14:03:46.269+0000][2.332s][info ][gc,heap     ] GC(3) Humongous regions: 0->0
[2025-03-19T14:03:46.269+0000][2.332s][info ][gc,metaspace] GC(3) Metaspace: 9681K(9984K)->9681K(9984K) NonClass: 8432K(8576K)->8432K(8576K) Class: 1248K(1408K)->1248K(1408K)
[2025-03-19T14:03:46.269+0000][2.332s][info ][gc          ] GC(3) Pause Young (Normal) (G1 Evacuation Pause) 75M->13M(116M) 7.626ms
[2025-03-19T14:03:46.269+0000][2.332s][info ][gc,cpu      ] GC(3) User=0.01s Sys=0.00s Real=0.00s
[2025-03-19T14:03:46.269+0000][2.332s][info ][safepoint   ] Safepoint "G1CollectForAllocation", Time since last: 649161595 ns, Reaching safepoint: 33947 ns, Cleanup: 66911 ns, At safepoint: 7677716 ns, Total: 7778574 ns
[2025-03-19T14:03:46.616+0000][2.680s][debug][safepoint   ] Safepoint synchronization initiated using futex wait barrier. (14 threads)
[2025-03-19T14:03:46.616+0000][2.680s][info ][gc,start    ] GC(4) Pause Young (Normal) (G1 Evacuation Pause)
[2025-03-19T14:03:46.616+0000][2.680s][info ][gc,task     ] GC(4) Using 2 workers of 4 for evacuation
[2025-03-19T14:03:46.622+0000][2.685s][info ][gc,phases   ] GC(4)   Pre Evacuate Collection Set: 0.0ms
[2025-03-19T14:03:46.622+0000][2.685s][info ][gc,phases   ] GC(4)   Merge Heap Roots: 0.0ms
[2025-03-19T14:03:46.622+0000][2.685s][info ][gc,phases   ] GC(4)   Evacuate Collection Set: 4.4ms
[2025-03-19T14:03:46.622+0000][2.685s][info ][gc,phases   ] GC(4)   Post Evacuate Collection Set: 1.0ms
[2025-03-19T14:03:46.622+0000][2.685s][info ][gc,phases   ] GC(4)   Other: 0.1ms
[2025-03-19T14:03:46.622+0000][2.685s][info ][gc,heap     ] GC(4) Eden regions: 65->0(80)
[2025-03-19T14:03:46.622+0000][2.685s][info ][gc,heap     ] GC(4) Survivor regions: 3->4(9)
[2025-03-19T14:03:46.622+0000][2.685s][info ][gc,heap     ] GC(4) Old regions: 10->10
[2025-03-19T14:03:46.622+0000][2.685s][info ][gc,heap     ] GC(4) Archive regions: 2->2
[2025-03-19T14:03:46.622+0000][2.685s][info ][gc,heap     ] GC(4) Humongous regions: 0->0
[2025-03-19T14:03:46.622+0000][2.685s][info ][gc,metaspace] GC(4) Metaspace: 11260K(11520K)->11260K(11520K) NonClass: 9775K(9920K)->9775K(9920K) Class: 1484K(1600K)->1484K(1600K)
[2025-03-19T14:03:46.622+0000][2.685s][info ][gc          ] GC(4) Pause Young (Normal) (G1 Evacuation Pause) 78M->13M(140M) 5.712ms
[2025-03-19T14:03:46.622+0000][2.685s][info ][gc,cpu      ] GC(4) User=0.02s Sys=0.00s Real=0.01s
[2025-03-19T14:03:46.622+0000][2.685s][info ][safepoint   ] Safepoint "G1CollectForAllocation", Time since last: 347104239 ns, Reaching safepoint: 33000 ns, Cleanup: 33365 ns, At safepoint: 5760843 ns, Total: 5827208 ns
[2025-03-19T14:03:46.785+0000][2.849s][debug][safepoint   ] Safepoint synchronization initiated using futex wait barrier. (14 threads)
[2025-03-19T14:03:46.786+0000][2.849s][info ][safepoint   ] Safepoint "ICBufferFull", Time since last: 163443514 ns, Reaching safepoint: 42294 ns, Cleanup: 114022 ns, At safepoint: 4566 ns, Total: 160882 ns
[2025-03-19T14:03:47.213+0000][3.276s][debug][safepoint   ] Safepoint synchronization initiated using futex wait barrier. (15 threads)
[2025-03-19T14:03:47.213+0000][3.276s][info ][gc,start    ] GC(5) Pause Young (Normal) (G1 Evacuation Pause)
[2025-03-19T14:03:47.213+0000][3.276s][info ][gc,task     ] GC(5) Using 4 workers of 4 for evacuation
[2025-03-19T14:03:47.219+0000][3.282s][info ][gc,phases   ] GC(5)   Pre Evacuate Collection Set: 0.1ms
[2025-03-19T14:03:47.219+0000][3.282s][info ][gc,phases   ] GC(5)   Merge Heap Roots: 0.0ms
[2025-03-19T14:03:47.219+0000][3.282s][info ][gc,phases   ] GC(5)   Evacuate Collection Set: 5.4ms
[2025-03-19T14:03:47.219+0000][3.282s][info ][gc,phases   ] GC(5)   Post Evacuate Collection Set: 0.6ms
[2025-03-19T14:03:47.219+0000][3.282s][info ][gc,phases   ] GC(5)   Other: 0.1ms
[2025-03-19T14:03:47.219+0000][3.282s][info ][gc,heap     ] GC(5) Eden regions: 80->0(78)
[2025-03-19T14:03:47.219+0000][3.282s][info ][gc,heap     ] GC(5) Survivor regions: 4->6(11)
[2025-03-19T14:03:47.219+0000][3.282s][info ][gc,heap     ] GC(5) Old regions: 10->10
[2025-03-19T14:03:47.219+0000][3.282s][info ][gc,heap     ] GC(5) Archive regions: 2->2
[2025-03-19T14:03:47.219+0000][3.282s][info ][gc,heap     ] GC(5) Humongous regions: 0->0
[2025-03-19T14:03:47.219+0000][3.282s][info ][gc,metaspace] GC(5) Metaspace: 14309K(14656K)->14309K(14656K) NonClass: 12452K(12608K)->12452K(12608K) Class: 1856K(2048K)->1856K(2048K)
[2025-03-19T14:03:47.219+0000][3.283s][info ][gc          ] GC(5) Pause Young (Normal) (G1 Evacuation Pause) 93M->16M(140M) 6.281ms
[2025-03-19T14:03:47.219+0000][3.283s][info ][gc,cpu      ] GC(5) User=0.02s Sys=0.00s Real=0.00s
[2025-03-19T14:03:47.219+0000][3.283s][info ][safepoint   ] Safepoint "G1CollectForAllocation", Time since last: 427003761 ns, Reaching safepoint: 117910 ns, Cleanup: 118160 ns, At safepoint: 6324000 ns, Total: 6560070 ns
[2025-03-19T14:03:47.509+0000][3.572s][info ][cds,heap    ] initialize_from_archived_subgraph java.lang.Byte$ByteCache 0x00007af8430395f8
[2025-03-19T14:03:47.509+0000][3.572s][info ][cds,heap    ] initialize_from_archived_subgraph java.lang.Short$ShortCache 0x00007af84303fce8
[2025-03-19T14:03:47.563+0000][3.626s][debug][safepoint   ] Safepoint synchronization initiated using futex wait barrier. (15 threads)
[2025-03-19T14:03:47.563+0000][3.627s][debug][safepoint   ] ... found polling page loop exception at pc = 0x00007af8acf6d7de, stub =0x00007af8ac98eb80
[2025-03-19T14:03:47.563+0000][3.627s][info ][gc,start    ] GC(6) Pause Young (Normal) (G1 Evacuation Pause)
[2025-03-19T14:03:47.563+0000][3.627s][info ][gc,task     ] GC(6) Using 4 workers of 4 for evacuation
[2025-03-19T14:03:47.568+0000][3.632s][info ][gc,phases   ] GC(6)   Pre Evacuate Collection Set: 0.1ms
[2025-03-19T14:03:47.568+0000][3.632s][info ][gc,phases   ] GC(6)   Merge Heap Roots: 0.0ms
[2025-03-19T14:03:47.568+0000][3.632s][info ][gc,phases   ] GC(6)   Evacuate Collection Set: 4.3ms
[2025-03-19T14:03:47.568+0000][3.632s][info ][gc,phases   ] GC(6)   Post Evacuate Collection Set: 0.6ms
[2025-03-19T14:03:47.568+0000][3.632s][info ][gc,phases   ] GC(6)   Other: 0.1ms
[2025-03-19T14:03:47.568+0000][3.632s][info ][gc,heap     ] GC(6) Eden regions: 78->0(77)
[2025-03-19T14:03:47.568+0000][3.632s][info ][gc,heap     ] GC(6) Survivor regions: 6->7(11)
[2025-03-19T14:03:47.568+0000][3.632s][info ][gc,heap     ] GC(6) Old regions: 10->10
[2025-03-19T14:03:47.568+0000][3.632s][info ][gc,heap     ] GC(6) Archive regions: 2->2
[2025-03-19T14:03:47.568+0000][3.632s][info ][gc,heap     ] GC(6) Humongous regions: 0->0
[2025-03-19T14:03:47.568+0000][3.632s][info ][gc,metaspace] GC(6) Metaspace: 16497K(16832K)->16497K(16832K) NonClass: 14250K(14400K)->14250K(14400K) Class: 2247K(2432K)->2247K(2432K)
[2025-03-19T14:03:47.568+0000][3.632s][info ][gc          ] GC(6) Pause Young (Normal) (G1 Evacuation Pause) 94M->17M(140M) 5.250ms
[2025-03-19T14:03:47.568+0000][3.632s][info ][gc,cpu      ] GC(6) User=0.02s Sys=0.00s Real=0.00s
[2025-03-19T14:03:47.568+0000][3.632s][info ][safepoint   ] Safepoint "G1CollectForAllocation", Time since last: 343921753 ns, Reaching safepoint: 103231 ns, Cleanup: 44633 ns, At safepoint: 5291797 ns, Total: 5439661 ns
[2025-03-19T14:03:47.900+0000][3.964s][debug][safepoint   ] Safepoint synchronization initiated using futex wait barrier. (15 threads)
[2025-03-19T14:03:47.901+0000][3.964s][info ][gc,start    ] GC(7) Pause Young (Normal) (G1 Evacuation Pause)
[2025-03-19T14:03:47.901+0000][3.964s][info ][gc,task     ] GC(7) Using 4 workers of 4 for evacuation
[2025-03-19T14:03:47.910+0000][3.973s][info ][gc,phases   ] GC(7)   Pre Evacuate Collection Set: 0.1ms
[2025-03-19T14:03:47.910+0000][3.974s][info ][gc,phases   ] GC(7)   Merge Heap Roots: 0.1ms
[2025-03-19T14:03:47.910+0000][3.974s][info ][gc,phases   ] GC(7)   Evacuate Collection Set: 8.1ms
[2025-03-19T14:03:47.910+0000][3.974s][info ][gc,phases   ] GC(7)   Post Evacuate Collection Set: 1.1ms
[2025-03-19T14:03:47.910+0000][3.974s][info ][gc,phases   ] GC(7)   Other: 0.1ms
[2025-03-19T14:03:47.910+0000][3.974s][info ][gc,heap     ] GC(7) Eden regions: 77->0(76)
[2025-03-19T14:03:47.910+0000][3.974s][info ][gc,heap     ] GC(7) Survivor regions: 7->8(11)
[2025-03-19T14:03:47.910+0000][3.974s][info ][gc,heap     ] GC(7) Old regions: 10->12
[2025-03-19T14:03:47.910+0000][3.974s][info ][gc,heap     ] GC(7) Archive regions: 2->2
[2025-03-19T14:03:47.910+0000][3.974s][info ][gc,heap     ] GC(7) Humongous regions: 0->0
[2025-03-19T14:03:47.910+0000][3.974s][info ][gc,metaspace] GC(7) Metaspace: 19670K(20032K)->19670K(20032K) NonClass: 17081K(17280K)->17081K(17280K) Class: 2588K(2752K)->2588K(2752K)
[2025-03-19T14:03:47.910+0000][3.974s][info ][gc          ] GC(7) Pause Young (Normal) (G1 Evacuation Pause) 94M->19M(140M) 9.479ms
[2025-03-19T14:03:47.910+0000][3.974s][info ][gc,cpu      ] GC(7) User=0.04s Sys=0.00s Real=0.01s
[2025-03-19T14:03:47.910+0000][3.974s][info ][safepoint   ] Safepoint "G1CollectForAllocation", Time since last: 332029041 ns, Reaching safepoint: 115168 ns, Cleanup: 71360 ns, At safepoint: 9536801 ns, Total: 9723329 ns
[2025-03-19T14:03:48.064+0000][4.127s][debug][safepoint   ] Safepoint synchronization initiated using futex wait barrier. (15 threads)
[2025-03-19T14:03:48.064+0000][4.128s][info ][gc,start    ] GC(8) Pause Young (Concurrent Start) (Metadata GC Threshold)
[2025-03-19T14:03:48.064+0000][4.128s][info ][gc,task     ] GC(8) Using 4 workers of 4 for evacuation
[2025-03-19T14:03:48.071+0000][4.134s][info ][gc,phases   ] GC(8)   Pre Evacuate Collection Set: 0.1ms
[2025-03-19T14:03:48.071+0000][4.135s][info ][gc,phases   ] GC(8)   Merge Heap Roots: 0.0ms
[2025-03-19T14:03:48.071+0000][4.135s][info ][gc,phases   ] GC(8)   Evacuate Collection Set: 6.1ms
[2025-03-19T14:03:48.071+0000][4.135s][info ][gc,phases   ] GC(8)   Post Evacuate Collection Set: 0.6ms
[2025-03-19T14:03:48.071+0000][4.135s][info ][gc,phases   ] GC(8)   Other: 0.1ms
[2025-03-19T14:03:48.071+0000][4.135s][info ][gc,heap     ] GC(8) Eden regions: 29->0(78)
[2025-03-19T14:03:48.071+0000][4.135s][info ][gc,heap     ] GC(8) Survivor regions: 8->6(11)
[2025-03-19T14:03:48.071+0000][4.135s][info ][gc,heap     ] GC(8) Old regions: 12->15
[2025-03-19T14:03:48.071+0000][4.135s][info ][gc,heap     ] GC(8) Archive regions: 2->2
[2025-03-19T14:03:48.071+0000][4.135s][info ][gc,heap     ] GC(8) Humongous regions: 0->0
[2025-03-19T14:03:48.071+0000][4.135s][info ][gc,metaspace] GC(8) Metaspace: 21165K(21504K)->21165K(21504K) NonClass: 18395K(18560K)->18395K(18560K) Class: 2769K(2944K)->2769K(2944K)
[2025-03-19T14:03:48.071+0000][4.135s][info ][gc          ] GC(8) Pause Young (Concurrent Start) (Metadata GC Threshold) 48M->20M(140M) 7.000ms
[2025-03-19T14:03:48.071+0000][4.135s][info ][gc,cpu      ] GC(8) User=0.02s Sys=0.00s Real=0.01s
[2025-03-19T14:03:48.071+0000][4.135s][info ][gc          ] GC(9) Concurrent Mark Cycle
[2025-03-19T14:03:48.071+0000][4.135s][info ][gc,marking  ] GC(9) Concurrent Clear Claimed Marks
[2025-03-19T14:03:48.071+0000][4.135s][info ][safepoint   ] Safepoint "CollectForMetadataAllocation", Time since last: 153784862 ns, Reaching safepoint: 109363 ns, Cleanup: 34323 ns, At safepoint: 7067869 ns, Total: 7211555 ns
[2025-03-19T14:03:48.071+0000][4.135s][info ][gc,marking  ] GC(9) Concurrent Clear Claimed Marks 0.029ms
[2025-03-19T14:03:48.071+0000][4.135s][info ][gc,marking  ] GC(9) Concurrent Scan Root Regions
[2025-03-19T14:03:48.073+0000][4.136s][debug][safepoint   ] Safepoint synchronization initiated using futex wait barrier. (15 threads)
[2025-03-19T14:03:48.073+0000][4.137s][info ][safepoint   ] Safepoint "CollectForMetadataAllocation", Time since last: 1721073 ns, Reaching safepoint: 117459 ns, Cleanup: 6188 ns, At safepoint: 25824 ns, Total: 149471 ns
[2025-03-19T14:03:48.078+0000][4.141s][info ][gc,marking  ] GC(9) Concurrent Scan Root Regions 6.722ms
[2025-03-19T14:03:48.078+0000][4.141s][info ][gc,marking  ] GC(9) Concurrent Mark
[2025-03-19T14:03:48.078+0000][4.141s][info ][gc,marking  ] GC(9) Concurrent Mark From Roots
[2025-03-19T14:03:48.078+0000][4.141s][info ][gc,task     ] GC(9) Using 1 workers of 1 for marking
[2025-03-19T14:03:48.097+0000][4.161s][info ][gc,marking  ] GC(9) Concurrent Mark From Roots 19.071ms
[2025-03-19T14:03:48.097+0000][4.161s][info ][gc,marking  ] GC(9) Concurrent Preclean
[2025-03-19T14:03:48.097+0000][4.161s][info ][gc,marking  ] GC(9) Concurrent Preclean 0.272ms
[2025-03-19T14:03:48.097+0000][4.161s][debug][safepoint   ] Safepoint synchronization initiated using futex wait barrier. (15 threads)
[2025-03-19T14:03:48.098+0000][4.161s][info ][gc,start    ] GC(9) Pause Remark
[2025-03-19T14:03:48.101+0000][4.164s][info ][gc          ] GC(9) Pause Remark 23M->23M(87M) 3.344ms
[2025-03-19T14:03:48.101+0000][4.164s][info ][gc,cpu      ] GC(9) User=0.01s Sys=0.00s Real=0.01s
[2025-03-19T14:03:48.101+0000][4.164s][info ][safepoint   ] Safepoint "G1PauseRemark", Time since last: 24376720 ns, Reaching safepoint: 79704 ns, Cleanup: 14858 ns, At safepoint: 3413335 ns, Total: 3507897 ns
[2025-03-19T14:03:48.101+0000][4.164s][info ][gc,marking  ] GC(9) Concurrent Mark 22.976ms
[2025-03-19T14:03:48.101+0000][4.164s][info ][gc,marking  ] GC(9) Concurrent Rebuild Remembered Sets
[2025-03-19T14:03:48.116+0000][4.179s][info ][gc,marking  ] GC(9) Concurrent Rebuild Remembered Sets 14.803ms
[2025-03-19T14:03:48.116+0000][4.179s][debug][safepoint   ] Safepoint synchronization initiated using futex wait barrier. (15 threads)
[2025-03-19T14:03:48.116+0000][4.179s][info ][gc,start    ] GC(9) Pause Cleanup
[2025-03-19T14:03:48.116+0000][4.180s][info ][gc          ] GC(9) Pause Cleanup 25M->25M(87M) 0.088ms
[2025-03-19T14:03:48.116+0000][4.180s][info ][gc,cpu      ] GC(9) User=0.00s Sys=0.00s Real=0.00s
[2025-03-19T14:03:48.116+0000][4.180s][info ][safepoint   ] Safepoint "G1PauseCleanup", Time since last: 14947132 ns, Reaching safepoint: 102300 ns, Cleanup: 12232 ns, At safepoint: 120128 ns, Total: 234660 ns
[2025-03-19T14:03:48.117+0000][4.180s][info ][gc,marking  ] GC(9) Concurrent Cleanup for Next Mark
[2025-03-19T14:03:48.118+0000][4.181s][info ][gc,marking  ] GC(9) Concurrent Cleanup for Next Mark 1.123ms
[2025-03-19T14:03:48.118+0000][4.181s][info ][gc          ] GC(9) Concurrent Mark Cycle 46.845ms
[2025-03-19T14:03:48.374+0000][4.437s][debug][safepoint   ] Safepoint synchronization initiated using futex wait barrier. (15 threads)
[2025-03-19T14:03:48.374+0000][4.437s][info ][gc,start    ] GC(10) Pause Young (Normal) (G1 Evacuation Pause)
[2025-03-19T14:03:48.374+0000][4.437s][info ][gc,task     ] GC(10) Using 4 workers of 4 for evacuation
[2025-03-19T14:03:48.385+0000][4.448s][info ][gc,phases   ] GC(10)   Pre Evacuate Collection Set: 0.1ms
[2025-03-19T14:03:48.385+0000][4.448s][info ][gc,phases   ] GC(10)   Merge Heap Roots: 0.1ms
[2025-03-19T14:03:48.385+0000][4.448s][info ][gc,phases   ] GC(10)   Evacuate Collection Set: 9.9ms
[2025-03-19T14:03:48.385+0000][4.448s][info ][gc,phases   ] GC(10)   Post Evacuate Collection Set: 1.0ms
[2025-03-19T14:03:48.385+0000][4.448s][info ][gc,phases   ] GC(10)   Other: 0.1ms
[2025-03-19T14:03:48.385+0000][4.448s][info ][gc,heap     ] GC(10) Eden regions: 53->0(46)
[2025-03-19T14:03:48.385+0000][4.448s][info ][gc,heap     ] GC(10) Survivor regions: 6->4(8)
[2025-03-19T14:03:48.385+0000][4.448s][info ][gc,heap     ] GC(10) Old regions: 15->19
[2025-03-19T14:03:48.385+0000][4.448s][info ][gc,heap     ] GC(10) Archive regions: 2->2
[2025-03-19T14:03:48.385+0000][4.448s][info ][gc,heap     ] GC(10) Humongous regions: 0->0
[2025-03-19T14:03:48.385+0000][4.448s][info ][gc,metaspace] GC(10) Metaspace: 23120K(23488K)->23120K(23488K) NonClass: 20085K(20288K)->20085K(20288K) Class: 3034K(3200K)->3034K(3200K)
[2025-03-19T14:03:48.385+0000][4.448s][info ][gc          ] GC(10) Pause Young (Normal) (G1 Evacuation Pause) 73M->23M(87M) 11.209ms
[2025-03-19T14:03:48.385+0000][4.448s][info ][gc,cpu      ] GC(10) User=0.04s Sys=0.00s Real=0.01s
[2025-03-19T14:03:48.385+0000][4.448s][info ][safepoint   ] Safepoint "G1CollectForAllocation", Time since last: 257454082 ns, Reaching safepoint: 125244 ns, Cleanup: 57506 ns, At safepoint: 11254558 ns, Total: 11437308 ns
[2025-03-19T14:03:48.595+0000][4.658s][debug][safepoint   ] Safepoint synchronization initiated using futex wait barrier. (15 threads)
[2025-03-19T14:03:48.596+0000][4.659s][info ][gc,start    ] GC(11) Pause Young (Normal) (G1 Evacuation Pause)
[2025-03-19T14:03:48.596+0000][4.659s][info ][gc,task     ] GC(11) Using 4 workers of 4 for evacuation
[2025-03-19T14:03:48.607+0000][4.670s][info ][gc,phases   ] GC(11)   Pre Evacuate Collection Set: 0.1ms
[2025-03-19T14:03:48.607+0000][4.670s][info ][gc,phases   ] GC(11)   Merge Heap Roots: 0.1ms
[2025-03-19T14:03:48.607+0000][4.670s][info ][gc,phases   ] GC(11)   Evacuate Collection Set: 9.4ms
[2025-03-19T14:03:48.607+0000][4.670s][info ][gc,phases   ] GC(11)   Post Evacuate Collection Set: 1.0ms
[2025-03-19T14:03:48.607+0000][4.670s][info ][gc,phases   ] GC(11)   Other: 0.1ms
[2025-03-19T14:03:48.607+0000][4.670s][info ][gc,heap     ] GC(11) Eden regions: 46->0(56)
[2025-03-19T14:03:48.607+0000][4.670s][info ][gc,heap     ] GC(11) Survivor regions: 4->7(7)
[2025-03-19T14:03:48.607+0000][4.670s][info ][gc,heap     ] GC(11) Old regions: 19->19
[2025-03-19T14:03:48.607+0000][4.670s][info ][gc,heap     ] GC(11) Archive regions: 2->2
[2025-03-19T14:03:48.607+0000][4.670s][info ][gc,heap     ] GC(11) Humongous regions: 0->0
[2025-03-19T14:03:48.607+0000][4.670s][info ][gc,metaspace] GC(11) Metaspace: 24342K(24704K)->24342K(24704K) NonClass: 21171K(21376K)->21171K(21376K) Class: 3170K(3328K)->3170K(3328K)
[2025-03-19T14:03:48.607+0000][4.670s][info ][gc          ] GC(11) Pause Young (Normal) (G1 Evacuation Pause) 69M->25M(105M) 10.769ms
[2025-03-19T14:03:48.607+0000][4.670s][info ][gc,cpu      ] GC(11) User=0.04s Sys=0.00s Real=0.01s
[2025-03-19T14:03:48.607+0000][4.670s][info ][safepoint   ] Safepoint "G1CollectForAllocation", Time since last: 209807784 ns, Reaching safepoint: 901593 ns, Cleanup: 138979 ns, At safepoint: 10845993 ns, Total: 11886565 ns
[2025-03-19T14:03:48.773+0000][4.837s][debug][safepoint   ] Safepoint synchronization initiated using futex wait barrier. (14 threads)
[2025-03-19T14:03:48.774+0000][4.837s][info ][gc,start    ] GC(12) Pause Young (Normal) (G1 Evacuation Pause)
[2025-03-19T14:03:48.774+0000][4.837s][info ][gc,task     ] GC(12) Using 3 workers of 4 for evacuation
[2025-03-19T14:03:48.792+0000][4.855s][info ][gc,phases   ] GC(12)   Pre Evacuate Collection Set: 0.1ms
[2025-03-19T14:03:48.792+0000][4.855s][info ][gc,phases   ] GC(12)   Merge Heap Roots: 0.1ms
[2025-03-19T14:03:48.792+0000][4.855s][info ][gc,phases   ] GC(12)   Evacuate Collection Set: 16.5ms
[2025-03-19T14:03:48.792+0000][4.855s][info ][gc,phases   ] GC(12)   Post Evacuate Collection Set: 1.7ms
[2025-03-19T14:03:48.792+0000][4.855s][info ][gc,phases   ] GC(12)   Other: 0.1ms
[2025-03-19T14:03:48.792+0000][4.856s][info ][gc,heap     ] GC(12) Eden regions: 56->0(49)
[2025-03-19T14:03:48.792+0000][4.856s][info ][gc,heap     ] GC(12) Survivor regions: 7->8(8)
[2025-03-19T14:03:48.792+0000][4.856s][info ][gc,heap     ] GC(12) Old regions: 19->24
[2025-03-19T14:03:48.792+0000][4.856s][info ][gc,heap     ] GC(12) Archive regions: 2->2
[2025-03-19T14:03:48.792+0000][4.856s][info ][gc,heap     ] GC(12) Humongous regions: 0->0
[2025-03-19T14:03:48.792+0000][4.856s][info ][gc,metaspace] GC(12) Metaspace: 24454K(24832K)->24454K(24832K) NonClass: 21258K(21440K)->21258K(21440K) Class: 3195K(3392K)->3195K(3392K)
[2025-03-19T14:03:48.792+0000][4.856s][info ][gc          ] GC(12) Pause Young (Normal) (G1 Evacuation Pause) 81M->32M(105M) 18.547ms
[2025-03-19T14:03:48.792+0000][4.856s][info ][gc,cpu      ] GC(12) User=0.06s Sys=0.00s Real=0.02s
[2025-03-19T14:03:48.792+0000][4.856s][info ][safepoint   ] Safepoint "G1CollectForAllocation", Time since last: 166762722 ns, Reaching safepoint: 41140 ns, Cleanup: 16291 ns, At safepoint: 18603166 ns, Total: 18660597 ns
[2025-03-19T14:03:48.966+0000][5.029s][debug][safepoint   ] Safepoint synchronization initiated using futex wait barrier. (14 threads)
[2025-03-19T14:03:48.966+0000][5.029s][info ][gc,start    ] GC(13) Pause Young (Normal) (G1 Evacuation Pause)
[2025-03-19T14:03:48.966+0000][5.029s][info ][gc,task     ] GC(13) Using 2 workers of 4 for evacuation
[2025-03-19T14:03:48.989+0000][5.052s][info ][gc,phases   ] GC(13)   Pre Evacuate Collection Set: 0.0ms
[2025-03-19T14:03:48.989+0000][5.052s][info ][gc,phases   ] GC(13)   Merge Heap Roots: 0.0ms
[2025-03-19T14:03:48.989+0000][5.052s][info ][gc,phases   ] GC(13)   Evacuate Collection Set: 21.3ms
[2025-03-19T14:03:48.989+0000][5.052s][info ][gc,phases   ] GC(13)   Post Evacuate Collection Set: 1.6ms
[2025-03-19T14:03:48.989+0000][5.052s][info ][gc,phases   ] GC(13)   Other: 0.1ms
[2025-03-19T14:03:48.989+0000][5.052s][info ][gc,heap     ] GC(13) Eden regions: 49->0(42)
[2025-03-19T14:03:48.989+0000][5.052s][info ][gc,heap     ] GC(13) Survivor regions: 8->7(8)
[2025-03-19T14:03:48.989+0000][5.052s][info ][gc,heap     ] GC(13) Old regions: 24->32
[2025-03-19T14:03:48.989+0000][5.052s][info ][gc,heap     ] GC(13) Archive regions: 2->2
[2025-03-19T14:03:48.989+0000][5.052s][info ][gc,heap     ] GC(13) Humongous regions: 0->0
[2025-03-19T14:03:48.989+0000][5.052s][info ][gc,metaspace] GC(13) Metaspace: 24493K(24896K)->24493K(24896K) NonClass: 21294K(21504K)->21294K(21504K) Class: 3199K(3392K)->3199K(3392K)
[2025-03-19T14:03:48.989+0000][5.052s][info ][gc          ] GC(13) Pause Young (Normal) (G1 Evacuation Pause) 81M->38M(105M) 23.202ms
[2025-03-19T14:03:48.989+0000][5.052s][info ][gc,cpu      ] GC(13) User=0.06s Sys=0.00s Real=0.02s
[2025-03-19T14:03:48.991+0000][5.054s][info ][safepoint   ] Safepoint "G1CollectForAllocation", Time since last: 173477309 ns, Reaching safepoint: 34580 ns, Cleanup: 21776 ns, At safepoint: 25240569 ns, Total: 25296925 ns
[2025-03-19T14:03:49.298+0000][5.362s][debug][safepoint   ] Safepoint synchronization initiated using futex wait barrier. (14 threads)
[2025-03-19T14:03:49.298+0000][5.362s][info ][gc,start    ] GC(14) Pause Young (Normal) (G1 Evacuation Pause)
[2025-03-19T14:03:49.298+0000][5.362s][info ][gc,task     ] GC(14) Using 2 workers of 4 for evacuation
[2025-03-19T14:03:49.314+0000][5.378s][info ][gc,phases   ] GC(14)   Pre Evacuate Collection Set: 0.1ms
[2025-03-19T14:03:49.314+0000][5.378s][info ][gc,phases   ] GC(14)   Merge Heap Roots: 0.1ms
[2025-03-19T14:03:49.314+0000][5.378s][info ][gc,phases   ] GC(14)   Evacuate Collection Set: 14.5ms
[2025-03-19T14:03:49.314+0000][5.378s][info ][gc,phases   ] GC(14)   Post Evacuate Collection Set: 1.3ms
[2025-03-19T14:03:49.314+0000][5.378s][info ][gc,phases   ] GC(14)   Other: 0.1ms
[2025-03-19T14:03:49.314+0000][5.378s][info ][gc,heap     ] GC(14) Eden regions: 42->0(40)
[2025-03-19T14:03:49.314+0000][5.378s][info ][gc,heap     ] GC(14) Survivor regions: 7->4(7)
[2025-03-19T14:03:49.314+0000][5.378s][info ][gc,heap     ] GC(14) Old regions: 32->38
[2025-03-19T14:03:49.314+0000][5.378s][info ][gc,heap     ] GC(14) Archive regions: 2->2
[2025-03-19T14:03:49.314+0000][5.378s][info ][gc,heap     ] GC(14) Humongous regions: 0->0
[2025-03-19T14:03:49.314+0000][5.378s][info ][gc,metaspace] GC(14) Metaspace: 24732K(25088K)->24732K(25088K) NonClass: 21502K(21696K)->21502K(21696K) Class: 3230K(3392K)->3230K(3392K)
[2025-03-19T14:03:49.314+0000][5.378s][info ][gc          ] GC(14) Pause Young (Normal) (G1 Evacuation Pause) 80M->42M(105M) 16.149ms
[2025-03-19T14:03:49.314+0000][5.378s][info ][gc,cpu      ] GC(14) User=0.04s Sys=0.00s Real=0.02s
[2025-03-19T14:03:49.314+0000][5.378s][info ][safepoint   ] Safepoint "G1CollectForAllocation", Time since last: 307159081 ns, Reaching safepoint: 45019 ns, Cleanup: 34110 ns, At safepoint: 16207345 ns, Total: 16286474 ns
[2025-03-19T14:03:49.458+0000][5.522s][debug][safepoint   ] Safepoint synchronization initiated using futex wait barrier. (14 threads)
[2025-03-19T14:03:49.458+0000][5.522s][info ][gc,start    ] GC(15) Pause Young (Normal) (G1 Evacuation Pause)
[2025-03-19T14:03:49.458+0000][5.522s][info ][gc,task     ] GC(15) Using 2 workers of 4 for evacuation
[2025-03-19T14:03:49.483+0000][5.547s][info ][gc,phases   ] GC(15)   Pre Evacuate Collection Set: 0.1ms
[2025-03-19T14:03:49.483+0000][5.547s][info ][gc,phases   ] GC(15)   Merge Heap Roots: 0.1ms
[2025-03-19T14:03:49.483+0000][5.547s][info ][gc,phases   ] GC(15)   Evacuate Collection Set: 21.8ms
[2025-03-19T14:03:49.483+0000][5.547s][info ][gc,phases   ] GC(15)   Post Evacuate Collection Set: 3.1ms
[2025-03-19T14:03:49.483+0000][5.547s][info ][gc,phases   ] GC(15)   Other: 0.1ms
[2025-03-19T14:03:49.483+0000][5.547s][info ][gc,heap     ] GC(15) Eden regions: 40->0(101)
[2025-03-19T14:03:49.483+0000][5.547s][info ][gc,heap     ] GC(15) Survivor regions: 4->5(6)
[2025-03-19T14:03:49.483+0000][5.547s][info ][gc,heap     ] GC(15) Old regions: 38->42
[2025-03-19T14:03:49.483+0000][5.547s][info ][gc,heap     ] GC(15) Archive regions: 2->2
[2025-03-19T14:03:49.483+0000][5.547s][info ][gc,heap     ] GC(15) Humongous regions: 0->0
[2025-03-19T14:03:49.483+0000][5.547s][info ][gc,metaspace] GC(15) Metaspace: 24758K(25152K)->24758K(25152K) NonClass: 21519K(21696K)->21519K(21696K) Class: 3239K(3456K)->3239K(3456K)
[2025-03-19T14:03:49.483+0000][5.547s][info ][gc          ] GC(15) Pause Young (Normal) (G1 Evacuation Pause) 82M->47M(198M) 25.297ms
[2025-03-19T14:03:49.483+0000][5.547s][info ][gc,cpu      ] GC(15) User=0.06s Sys=0.01s Real=0.03s
[2025-03-19T14:03:49.486+0000][5.549s][info ][safepoint   ] Safepoint "G1CollectForAllocation", Time since last: 143722171 ns, Reaching safepoint: 48385 ns, Cleanup: 9648 ns, At safepoint: 27696382 ns, Total: 27754415 ns
[2025-03-19T14:03:49.942+0000][6.005s][debug][safepoint   ] Safepoint synchronization initiated using futex wait barrier. (14 threads)
[2025-03-19T14:03:49.942+0000][6.006s][info ][safepoint   ] Safepoint "ICBufferFull", Time since last: 456105797 ns, Reaching safepoint: 46304 ns, Cleanup: 143415 ns, At safepoint: 6826 ns, Total: 196545 ns
[2025-03-19T14:03:50.306+0000][6.370s][debug][safepoint   ] Safepoint synchronization initiated using futex wait barrier. (14 threads)
[2025-03-19T14:03:50.307+0000][6.370s][info ][gc,start    ] GC(16) Pause Young (Normal) (G1 Evacuation Pause)
[2025-03-19T14:03:50.307+0000][6.370s][info ][gc,task     ] GC(16) Using 4 workers of 4 for evacuation
[2025-03-19T14:03:50.315+0000][6.378s][info ][gc,phases   ] GC(16)   Pre Evacuate Collection Set: 0.1ms
[2025-03-19T14:03:50.315+0000][6.378s][info ][gc,phases   ] GC(16)   Merge Heap Roots: 0.1ms
[2025-03-19T14:03:50.315+0000][6.378s][info ][gc,phases   ] GC(16)   Evacuate Collection Set: 7.3ms
[2025-03-19T14:03:50.315+0000][6.378s][info ][gc,phases   ] GC(16)   Post Evacuate Collection Set: 0.9ms
[2025-03-19T14:03:50.315+0000][6.378s][info ][gc,phases   ] GC(16)   Other: 0.1ms
[2025-03-19T14:03:50.315+0000][6.378s][info ][gc,heap     ] GC(16) Eden regions: 101->0(100)
[2025-03-19T14:03:50.315+0000][6.378s][info ][gc,heap     ] GC(16) Survivor regions: 5->10(14)
[2025-03-19T14:03:50.315+0000][6.378s][info ][gc,heap     ] GC(16) Old regions: 42->42
[2025-03-19T14:03:50.315+0000][6.378s][info ][gc,heap     ] GC(16) Archive regions: 2->2
[2025-03-19T14:03:50.315+0000][6.378s][info ][gc,heap     ] GC(16) Humongous regions: 0->0
[2025-03-19T14:03:50.315+0000][6.378s][info ][gc,metaspace] GC(16) Metaspace: 25152K(25536K)->25152K(25536K) NonClass: 21885K(22080K)->21885K(22080K) Class: 3267K(3456K)->3267K(3456K)
[2025-03-19T14:03:50.315+0000][6.378s][info ][gc          ] GC(16) Pause Young (Normal) (G1 Evacuation Pause) 148M->52M(198M) 8.540ms
[2025-03-19T14:03:50.315+0000][6.379s][info ][gc,cpu      ] GC(16) User=0.03s Sys=0.00s Real=0.01s
[2025-03-19T14:03:50.315+0000][6.379s][info ][safepoint   ] Safepoint "G1CollectForAllocation", Time since last: 364264339 ns, Reaching safepoint: 36024 ns, Cleanup: 50655 ns, At safepoint: 8586742 ns, Total: 8673421 ns
[2025-03-19T14:03:50.661+0000][6.725s][debug][safepoint   ] Safepoint synchronization initiated using futex wait barrier. (14 threads)
[2025-03-19T14:03:50.661+0000][6.725s][info ][gc,start    ] GC(17) Pause Young (Normal) (G1 Evacuation Pause)
[2025-03-19T14:03:50.661+0000][6.725s][info ][gc,task     ] GC(17) Using 4 workers of 4 for evacuation
[2025-03-19T14:03:50.671+0000][6.734s][info ][gc,phases   ] GC(17)   Pre Evacuate Collection Set: 0.2ms
[2025-03-19T14:03:50.671+0000][6.734s][info ][gc,phases   ] GC(17)   Merge Heap Roots: 0.1ms
[2025-03-19T14:03:50.671+0000][6.734s][info ][gc,phases   ] GC(17)   Evacuate Collection Set: 8.0ms
[2025-03-19T14:03:50.671+0000][6.734s][info ][gc,phases   ] GC(17)   Post Evacuate Collection Set: 0.8ms
[2025-03-19T14:03:50.671+0000][6.734s][info ][gc,phases   ] GC(17)   Other: 0.1ms
[2025-03-19T14:03:50.671+0000][6.734s][info ][gc,heap     ] GC(17) Eden regions: 100->0(99)
[2025-03-19T14:03:50.671+0000][6.734s][info ][gc,heap     ] GC(17) Survivor regions: 10->9(14)
[2025-03-19T14:03:50.671+0000][6.734s][info ][gc,heap     ] GC(17) Old regions: 42->47
[2025-03-19T14:03:50.671+0000][6.734s][info ][gc,heap     ] GC(17) Archive regions: 2->2
[2025-03-19T14:03:50.671+0000][6.734s][info ][gc,heap     ] GC(17) Humongous regions: 0->0
[2025-03-19T14:03:50.671+0000][6.734s][info ][gc,metaspace] GC(17) Metaspace: 25258K(25600K)->25258K(25600K) NonClass: 21975K(22144K)->21975K(22144K) Class: 3282K(3456K)->3282K(3456K)
[2025-03-19T14:03:50.671+0000][6.734s][info ][gc          ] GC(17) Pause Young (Normal) (G1 Evacuation Pause) 152M->55M(198M) 9.264ms
[2025-03-19T14:03:50.671+0000][6.734s][info ][gc,cpu      ] GC(17) User=0.03s Sys=0.00s Real=0.01s
[2025-03-19T14:03:50.671+0000][6.734s][info ][safepoint   ] Safepoint "G1CollectForAllocation", Time since last: 346220972 ns, Reaching safepoint: 43612 ns, Cleanup: 102020 ns, At safepoint: 9308368 ns, Total: 9454000 ns
[2025-03-19T14:03:50.984+0000][7.047s][debug][safepoint   ] Safepoint synchronization initiated using futex wait barrier. (15 threads)
[2025-03-19T14:03:50.984+0000][7.047s][debug][safepoint   ] ... found polling page loop exception at pc = 0x00007af8ad0eafdb, stub =0x00007af8ac98f400
[2025-03-19T14:03:50.984+0000][7.047s][info ][gc,start    ] GC(18) Pause Young (Normal) (G1 Evacuation Pause)
[2025-03-19T14:03:50.984+0000][7.047s][info ][gc,task     ] GC(18) Using 4 workers of 4 for evacuation
[2025-03-19T14:03:50.992+0000][7.055s][info ][gc,phases   ] GC(18)   Pre Evacuate Collection Set: 0.1ms
[2025-03-19T14:03:50.992+0000][7.055s][info ][gc,phases   ] GC(18)   Merge Heap Roots: 0.1ms
[2025-03-19T14:03:50.992+0000][7.055s][info ][gc,phases   ] GC(18)   Evacuate Collection Set: 7.2ms
[2025-03-19T14:03:50.992+0000][7.055s][info ][gc,phases   ] GC(18)   Post Evacuate Collection Set: 0.9ms
[2025-03-19T14:03:50.992+0000][7.055s][info ][gc,phases   ] GC(18)   Other: 0.1ms
[2025-03-19T14:03:50.992+0000][7.055s][info ][gc,heap     ] GC(18) Eden regions: 99->0(103)
[2025-03-19T14:03:50.992+0000][7.055s][info ][gc,heap     ] GC(18) Survivor regions: 9->5(14)
[2025-03-19T14:03:50.992+0000][7.055s][info ][gc,heap     ] GC(18) Old regions: 47->51
[2025-03-19T14:03:50.992+0000][7.055s][info ][gc,heap     ] GC(18) Archive regions: 2->2
[2025-03-19T14:03:50.992+0000][7.055s][info ][gc,heap     ] GC(18) Humongous regions: 0->0
[2025-03-19T14:03:50.992+0000][7.055s][info ][gc,metaspace] GC(18) Metaspace: 26846K(27200K)->26846K(27200K) NonClass: 23441K(23616K)->23441K(23616K) Class: 3405K(3584K)->3405K(3584K)
[2025-03-19T14:03:50.992+0000][7.055s][info ][gc          ] GC(18) Pause Young (Normal) (G1 Evacuation Pause) 154M->56M(198M) 8.343ms
[2025-03-19T14:03:50.992+0000][7.055s][info ][gc,cpu      ] GC(18) User=0.03s Sys=0.00s Real=0.01s
[2025-03-19T14:03:50.992+0000][7.056s][info ][safepoint   ] Safepoint "G1CollectForAllocation", Time since last: 312772615 ns, Reaching safepoint: 112564 ns, Cleanup: 27356 ns, At safepoint: 8392278 ns, Total: 8532198 ns
[2025-03-19T14:03:51.532+0000][7.596s][debug][safepoint   ] Safepoint synchronization initiated using futex wait barrier. (14 threads)
[2025-03-19T14:03:51.532+0000][7.596s][info ][gc,start    ] GC(19) Pause Young (Normal) (G1 Evacuation Pause)
[2025-03-19T14:03:51.532+0000][7.596s][info ][gc,task     ] GC(19) Using 4 workers of 4 for evacuation
[2025-03-19T14:03:51.538+0000][7.601s][info ][gc,phases   ] GC(19)   Pre Evacuate Collection Set: 0.1ms
[2025-03-19T14:03:51.538+0000][7.601s][info ][gc,phases   ] GC(19)   Merge Heap Roots: 0.1ms
[2025-03-19T14:03:51.538+0000][7.601s][info ][gc,phases   ] GC(19)   Evacuate Collection Set: 4.3ms
[2025-03-19T14:03:51.538+0000][7.601s][info ][gc,phases   ] GC(19)   Post Evacuate Collection Set: 0.8ms
[2025-03-19T14:03:51.538+0000][7.601s][info ][gc,phases   ] GC(19)   Other: 0.1ms
[2025-03-19T14:03:51.538+0000][7.601s][info ][gc,heap     ] GC(19) Eden regions: 103->0(104)
[2025-03-19T14:03:51.538+0000][7.601s][info ][gc,heap     ] GC(19) Survivor regions: 5->7(14)
[2025-03-19T14:03:51.538+0000][7.601s][info ][gc,heap     ] GC(19) Old regions: 51->51
[2025-03-19T14:03:51.538+0000][7.601s][info ][gc,heap     ] GC(19) Archive regions: 2->2
[2025-03-19T14:03:51.538+0000][7.601s][info ][gc,heap     ] GC(19) Humongous regions: 0->0
[2025-03-19T14:03:51.538+0000][7.601s][info ][gc,metaspace] GC(19) Metaspace: 30649K(30976K)->30649K(30976K) NonClass: 26808K(26944K)->26808K(26944K) Class: 3841K(4032K)->3841K(4032K)
[2025-03-19T14:03:51.538+0000][7.601s][info ][gc          ] GC(19) Pause Young (Normal) (G1 Evacuation Pause) 159M->57M(198M) 5.408ms
[2025-03-19T14:03:51.538+0000][7.601s][info ][gc,cpu      ] GC(19) User=0.02s Sys=0.00s Real=0.00s
[2025-03-19T14:03:51.538+0000][7.601s][info ][safepoint   ] Safepoint "G1CollectForAllocation", Time since last: 540038588 ns, Reaching safepoint: 100151 ns, Cleanup: 57720 ns, At safepoint: 5446551 ns, Total: 5604422 ns
[2025-03-19T14:03:52.016+0000][8.079s][debug][safepoint   ] Safepoint synchronization initiated using futex wait barrier. (14 threads)
[2025-03-19T14:03:52.016+0000][8.079s][info ][gc,start    ] GC(20) Pause Young (Normal) (G1 Evacuation Pause)
[2025-03-19T14:03:52.016+0000][8.079s][info ][gc,task     ] GC(20) Using 4 workers of 4 for evacuation
[2025-03-19T14:03:52.028+0000][8.092s][info ][gc,phases   ] GC(20)   Pre Evacuate Collection Set: 0.1ms
[2025-03-19T14:03:52.028+0000][8.092s][info ][gc,phases   ] GC(20)   Merge Heap Roots: 0.1ms
[2025-03-19T14:03:52.028+0000][8.092s][info ][gc,phases   ] GC(20)   Evacuate Collection Set: 9.7ms
[2025-03-19T14:03:52.028+0000][8.092s][info ][gc,phases   ] GC(20)   Post Evacuate Collection Set: 2.2ms
[2025-03-19T14:03:52.028+0000][8.092s][info ][gc,phases   ] GC(20)   Other: 0.2ms
[2025-03-19T14:03:52.028+0000][8.092s][info ][gc,heap     ] GC(20) Eden regions: 104->0(106)
[2025-03-19T14:03:52.028+0000][8.092s][info ][gc,heap     ] GC(20) Survivor regions: 7->7(14)
[2025-03-19T14:03:52.028+0000][8.092s][info ][gc,heap     ] GC(20) Old regions: 51->51
[2025-03-19T14:03:52.028+0000][8.092s][info ][gc,heap     ] GC(20) Archive regions: 2->2
[2025-03-19T14:03:52.028+0000][8.092s][info ][gc,heap     ] GC(20) Humongous regions: 0->0
[2025-03-19T14:03:52.028+0000][8.092s][info ][gc,metaspace] GC(20) Metaspace: 33967K(34368K)->33967K(34368K) NonClass: 29760K(29952K)->29760K(29952K) Class: 4206K(4416K)->4206K(4416K)
[2025-03-19T14:03:52.028+0000][8.092s][info ][gc          ] GC(20) Pause Young (Normal) (G1 Evacuation Pause) 161M->58M(198M) 12.410ms
[2025-03-19T14:03:52.028+0000][8.092s][info ][gc,cpu      ] GC(20) User=0.05s Sys=0.00s Real=0.01s
[2025-03-19T14:03:52.028+0000][8.092s][info ][safepoint   ] Safepoint "G1CollectForAllocation", Time since last: 477900128 ns, Reaching safepoint: 73351 ns, Cleanup: 133807 ns, At safepoint: 12490188 ns, Total: 12697346 ns
[2025-03-19T14:03:52.371+0000][8.435s][debug][safepoint   ] ... found polling page loop exception at pc = 0x00007af8acf6d7de, stub =0x00007af8ac98eb80
[2025-03-19T14:03:52.705+0000][8.768s][debug][safepoint   ] Safepoint synchronization initiated using futex wait barrier. (14 threads)
[2025-03-19T14:03:52.705+0000][8.769s][info ][gc,start    ] GC(21) Pause Young (Normal) (G1 Evacuation Pause)
[2025-03-19T14:03:52.705+0000][8.769s][info ][gc,task     ] GC(21) Using 4 workers of 4 for evacuation
[2025-03-19T14:03:52.715+0000][8.779s][info ][gc,phases   ] GC(21)   Pre Evacuate Collection Set: 0.1ms
[2025-03-19T14:03:52.715+0000][8.779s][info ][gc,phases   ] GC(21)   Merge Heap Roots: 0.1ms
[2025-03-19T14:03:52.715+0000][8.779s][info ][gc,phases   ] GC(21)   Evacuate Collection Set: 8.1ms
[2025-03-19T14:03:52.715+0000][8.779s][info ][gc,phases   ] GC(21)   Post Evacuate Collection Set: 1.7ms
[2025-03-19T14:03:52.715+0000][8.779s][info ][gc,phases   ] GC(21)   Other: 0.1ms
[2025-03-19T14:03:52.715+0000][8.779s][info ][gc,heap     ] GC(21) Eden regions: 106->0(172)
[2025-03-19T14:03:52.715+0000][8.779s][info ][gc,heap     ] GC(21) Survivor regions: 7->7(15)
[2025-03-19T14:03:52.715+0000][8.779s][info ][gc,heap     ] GC(21) Old regions: 51->51
[2025-03-19T14:03:52.715+0000][8.779s][info ][gc,heap     ] GC(21) Archive regions: 2->2
[2025-03-19T14:03:52.715+0000][8.779s][info ][gc,heap     ] GC(21) Humongous regions: 0->0
[2025-03-19T14:03:52.715+0000][8.779s][info ][gc,metaspace] GC(21) Metaspace: 34859K(35264K)->34859K(35264K) NonClass: 30520K(30720K)->30520K(30720K) Class: 4339K(4544K)->4339K(4544K)
[2025-03-19T14:03:52.715+0000][8.779s][info ][gc          ] GC(21) Pause Young (Normal) (G1 Evacuation Pause) 164M->58M(299M) 10.131ms
[2025-03-19T14:03:52.715+0000][8.779s][info ][gc,cpu      ] GC(21) User=0.03s Sys=0.00s Real=0.01s
[2025-03-19T14:03:52.715+0000][8.779s][info ][safepoint   ] Safepoint "G1CollectForAllocation", Time since last: 676729224 ns, Reaching safepoint: 40770 ns, Cleanup: 102314 ns, At safepoint: 10179156 ns, Total: 10322240 ns
[2025-03-19T14:03:53.100+0000][9.163s][debug][safepoint   ] Safepoint synchronization initiated using futex wait barrier. (14 threads)
[2025-03-19T14:03:53.100+0000][9.163s][info ][gc,start    ] GC(22) Pause Young (Concurrent Start) (Metadata GC Threshold)
[2025-03-19T14:03:53.100+0000][9.163s][info ][gc,task     ] GC(22) Using 4 workers of 4 for evacuation
[2025-03-19T14:03:53.108+0000][9.171s][info ][gc,phases   ] GC(22)   Pre Evacuate Collection Set: 0.2ms
[2025-03-19T14:03:53.108+0000][9.171s][info ][gc,phases   ] GC(22)   Merge Heap Roots: 0.1ms
[2025-03-19T14:03:53.108+0000][9.171s][info ][gc,phases   ] GC(22)   Evacuate Collection Set: 6.4ms
[2025-03-19T14:03:53.108+0000][9.171s][info ][gc,phases   ] GC(22)   Post Evacuate Collection Set: 0.7ms
[2025-03-19T14:03:53.108+0000][9.171s][info ][gc,phases   ] GC(22)   Other: 0.1ms
[2025-03-19T14:03:53.108+0000][9.171s][info ][gc,heap     ] GC(22) Eden regions: 45->0(171)
[2025-03-19T14:03:53.108+0000][9.171s][info ][gc,heap     ] GC(22) Survivor regions: 7->8(23)
[2025-03-19T14:03:53.108+0000][9.171s][info ][gc,heap     ] GC(22) Old regions: 51->51
[2025-03-19T14:03:53.108+0000][9.171s][info ][gc,heap     ] GC(22) Archive regions: 2->2
[2025-03-19T14:03:53.108+0000][9.171s][info ][gc,heap     ] GC(22) Humongous regions: 0->0
[2025-03-19T14:03:53.108+0000][9.171s][info ][gc,metaspace] GC(22) Metaspace: 35920K(36288K)->35920K(36288K) NonClass: 31457K(31616K)->31457K(31616K) Class: 4463K(4672K)->4463K(4672K)
[2025-03-19T14:03:53.108+0000][9.171s][info ][gc          ] GC(22) Pause Young (Concurrent Start) (Metadata GC Threshold) 103M->59M(299M) 7.576ms
[2025-03-19T14:03:53.108+0000][9.171s][info ][gc,cpu      ] GC(22) User=0.03s Sys=0.01s Real=0.00s
[2025-03-19T14:03:53.108+0000][9.171s][info ][gc          ] GC(23) Concurrent Mark Cycle
[2025-03-19T14:03:53.108+0000][9.171s][info ][gc,marking  ] GC(23) Concurrent Clear Claimed Marks
[2025-03-19T14:03:53.108+0000][9.171s][info ][gc,marking  ] GC(23) Concurrent Clear Claimed Marks 0.030ms
[2025-03-19T14:03:53.108+0000][9.171s][info ][gc,marking  ] GC(23) Concurrent Scan Root Regions
[2025-03-19T14:03:53.116+0000][9.179s][info ][gc,marking  ] GC(23) Concurrent Scan Root Regions 8.099ms
[2025-03-19T14:03:53.116+0000][9.179s][info ][gc,marking  ] GC(23) Concurrent Mark
[2025-03-19T14:03:53.116+0000][9.179s][info ][gc,marking  ] GC(23) Concurrent Mark From Roots
[2025-03-19T14:03:53.116+0000][9.179s][info ][gc,task     ] GC(23) Using 1 workers of 1 for marking
[2025-03-19T14:03:53.117+0000][9.180s][info ][safepoint   ] Safepoint "CollectForMetadataAllocation", Time since last: 384542936 ns, Reaching safepoint: 43308 ns, Cleanup: 74070 ns, At safepoint: 16844896 ns, Total: 16962274 ns
[2025-03-19T14:03:53.205+0000][9.269s][info ][gc,marking  ] GC(23) Concurrent Mark From Roots 89.244ms
[2025-03-19T14:03:53.205+0000][9.269s][info ][gc,marking  ] GC(23) Concurrent Preclean
[2025-03-19T14:03:53.205+0000][9.269s][info ][gc,marking  ] GC(23) Concurrent Preclean 0.234ms
[2025-03-19T14:03:53.205+0000][9.269s][debug][safepoint   ] Safepoint synchronization initiated using futex wait barrier. (14 threads)
[2025-03-19T14:03:53.205+0000][9.269s][debug][safepoint   ] ... found polling page loop exception at pc = 0x00007af8ad1b3089, stub =0x00007af8ac98f400
[2025-03-19T14:03:53.206+0000][9.269s][info ][gc,start    ] GC(23) Pause Remark
[2025-03-19T14:03:53.213+0000][9.276s][info ][gc          ] GC(23) Pause Remark 64M->64M(224M) 7.168ms
[2025-03-19T14:03:53.213+0000][9.276s][info ][gc,cpu      ] GC(23) User=0.03s Sys=0.00s Real=0.01s
[2025-03-19T14:03:53.213+0000][9.276s][info ][safepoint   ] Safepoint "G1PauseRemark", Time since last: 88546457 ns, Reaching safepoint: 103395 ns, Cleanup: 14904 ns, At safepoint: 7247083 ns, Total: 7365382 ns
[2025-03-19T14:03:53.213+0000][9.276s][info ][gc,marking  ] GC(23) Concurrent Mark 97.006ms
[2025-03-19T14:03:53.213+0000][9.276s][info ][gc,marking  ] GC(23) Concurrent Rebuild Remembered Sets
[2025-03-19T14:03:53.257+0000][9.321s][info ][gc,marking  ] GC(23) Concurrent Rebuild Remembered Sets 44.398ms
[2025-03-19T14:03:53.257+0000][9.321s][debug][safepoint   ] Safepoint synchronization initiated using futex wait barrier. (14 threads)
[2025-03-19T14:03:53.257+0000][9.321s][info ][gc,start    ] GC(23) Pause Cleanup
[2025-03-19T14:03:53.258+0000][9.321s][info ][gc          ] GC(23) Pause Cleanup 69M->69M(224M) 0.117ms
[2025-03-19T14:03:53.258+0000][9.321s][info ][gc,cpu      ] GC(23) User=0.00s Sys=0.00s Real=0.00s
[2025-03-19T14:03:53.258+0000][9.321s][info ][safepoint   ] Safepoint "G1PauseCleanup", Time since last: 44598457 ns, Reaching safepoint: 83230 ns, Cleanup: 9644 ns, At safepoint: 151662 ns, Total: 244536 ns
[2025-03-19T14:03:53.258+0000][9.321s][info ][gc,marking  ] GC(23) Concurrent Cleanup for Next Mark
[2025-03-19T14:03:53.260+0000][9.323s][info ][gc,marking  ] GC(23) Concurrent Cleanup for Next Mark 1.822ms
[2025-03-19T14:03:53.260+0000][9.323s][info ][gc          ] GC(23) Concurrent Mark Cycle 151.939ms
[2025-03-19T14:03:53.860+0000][9.923s][debug][safepoint   ] Safepoint synchronization initiated using futex wait barrier. (14 threads)
[2025-03-19T14:03:53.860+0000][9.923s][info ][gc,start    ] GC(24) Pause Young (Prepare Mixed) (G1 Evacuation Pause)
[2025-03-19T14:03:53.860+0000][9.923s][info ][gc,task     ] GC(24) Using 4 workers of 4 for evacuation
[2025-03-19T14:03:53.875+0000][9.939s][info ][gc,phases   ] GC(24)   Pre Evacuate Collection Set: 0.1ms
[2025-03-19T14:03:53.875+0000][9.939s][info ][gc,phases   ] GC(24)   Merge Heap Roots: 0.2ms
[2025-03-19T14:03:53.875+0000][9.939s][info ][gc,phases   ] GC(24)   Evacuate Collection Set: 13.7ms
[2025-03-19T14:03:53.875+0000][9.939s][info ][gc,phases   ] GC(24)   Post Evacuate Collection Set: 1.4ms
[2025-03-19T14:03:53.875+0000][9.939s][info ][gc,phases   ] GC(24)   Other: 0.1ms
[2025-03-19T14:03:53.875+0000][9.939s][info ][gc,heap     ] GC(24) Eden regions: 126->0(2)
[2025-03-19T14:03:53.875+0000][9.939s][info ][gc,heap     ] GC(24) Survivor regions: 8->9(17)
[2025-03-19T14:03:53.875+0000][9.939s][info ][gc,heap     ] GC(24) Old regions: 51->51
[2025-03-19T14:03:53.875+0000][9.939s][info ][gc,heap     ] GC(24) Archive regions: 2->2
[2025-03-19T14:03:53.875+0000][9.939s][info ][gc,heap     ] GC(24) Humongous regions: 0->0
[2025-03-19T14:03:53.875+0000][9.939s][info ][gc,metaspace] GC(24) Metaspace: 38918K(39360K)->38918K(39360K) NonClass: 34004K(34240K)->34004K(34240K) Class: 4914K(5120K)->4914K(5120K)
[2025-03-19T14:03:53.875+0000][9.939s][info ][gc          ] GC(24) Pause Young (Prepare Mixed) (G1 Evacuation Pause) 185M->59M(224M) 15.582ms
[2025-03-19T14:03:53.875+0000][9.939s][info ][gc,cpu      ] GC(24) User=0.04s Sys=0.00s Real=0.01s
[2025-03-19T14:03:53.876+0000][9.939s][info ][safepoint   ] Safepoint "G1CollectForAllocation", Time since last: 602131338 ns, Reaching safepoint: 37357 ns, Cleanup: 90964 ns, At safepoint: 15653849 ns, Total: 15782170 ns
[2025-03-19T14:03:53.884+0000][9.947s][debug][safepoint   ] Safepoint synchronization initiated using futex wait barrier. (14 threads)
[2025-03-19T14:03:53.884+0000][9.947s][info ][gc,start    ] GC(25) Pause Young (Mixed) (G1 Evacuation Pause)
[2025-03-19T14:03:53.884+0000][9.947s][info ][gc,task     ] GC(25) Using 4 workers of 4 for evacuation
[2025-03-19T14:03:53.894+0000][9.957s][info ][gc,phases   ] GC(25)   Pre Evacuate Collection Set: 0.1ms
[2025-03-19T14:03:53.894+0000][9.957s][info ][gc,phases   ] GC(25)   Merge Heap Roots: 0.1ms
[2025-03-19T14:03:53.894+0000][9.957s][info ][gc,phases   ] GC(25)   Evacuate Collection Set: 8.6ms
[2025-03-19T14:03:53.894+0000][9.957s][info ][gc,phases   ] GC(25)   Post Evacuate Collection Set: 0.9ms
[2025-03-19T14:03:53.894+0000][9.957s][info ][gc,phases   ] GC(25)   Other: 0.1ms
[2025-03-19T14:03:53.894+0000][9.957s][info ][gc,heap     ] GC(25) Eden regions: 2->0(131)
[2025-03-19T14:03:53.894+0000][9.957s][info ][gc,heap     ] GC(25) Survivor regions: 9->2(2)
[2025-03-19T14:03:53.894+0000][9.957s][info ][gc,heap     ] GC(25) Old regions: 51->57
[2025-03-19T14:03:53.894+0000][9.957s][info ][gc,heap     ] GC(25) Archive regions: 2->2
[2025-03-19T14:03:53.894+0000][9.957s][info ][gc,heap     ] GC(25) Humongous regions: 0->0
[2025-03-19T14:03:53.894+0000][9.957s][info ][gc,metaspace] GC(25) Metaspace: 38921K(39360K)->38921K(39360K) NonClass: 34007K(34240K)->34007K(34240K) Class: 4914K(5120K)->4914K(5120K)
[2025-03-19T14:03:53.894+0000][9.957s][info ][gc          ] GC(25) Pause Young (Mixed) (G1 Evacuation Pause) 61M->58M(224M) 9.753ms
[2025-03-19T14:03:53.894+0000][9.957s][info ][gc,cpu      ] GC(25) User=0.03s Sys=0.00s Real=0.01s
[2025-03-19T14:03:53.894+0000][9.957s][info ][safepoint   ] Safepoint "G1CollectForAllocation", Time since last: 8250045 ns, Reaching safepoint: 36303 ns, Cleanup: 8881 ns, At safepoint: 9803833 ns, Total: 9849017 ns
[2025-03-19T14:03:54.863+0000][10.927s][debug][safepoint   ] Safepoint synchronization initiated using futex wait barrier. (14 threads)
[2025-03-19T14:03:54.864+0000][10.928s][info ][gc,start    ] GC(26) Pause Young (Normal) (G1 Evacuation Pause)
[2025-03-19T14:03:54.864+0000][10.928s][info ][gc,task     ] GC(26) Using 4 workers of 4 for evacuation
[2025-03-19T14:03:54.871+0000][10.935s][info ][gc,phases   ] GC(26)   Pre Evacuate Collection Set: 0.9ms
[2025-03-19T14:03:54.871+0000][10.935s][info ][gc,phases   ] GC(26)   Merge Heap Roots: 0.2ms
[2025-03-19T14:03:54.871+0000][10.935s][info ][gc,phases   ] GC(26)   Evacuate Collection Set: 4.6ms
[2025-03-19T14:03:54.871+0000][10.935s][info ][gc,phases   ] GC(26)   Post Evacuate Collection Set: 0.9ms
[2025-03-19T14:03:54.871+0000][10.935s][info ][gc,phases   ] GC(26)   Other: 0.2ms
[2025-03-19T14:03:54.871+0000][10.935s][info ][gc,heap     ] GC(26) Eden regions: 131->0(130)
[2025-03-19T14:03:54.871+0000][10.935s][info ][gc,heap     ] GC(26) Survivor regions: 2->3(17)
[2025-03-19T14:03:54.871+0000][10.935s][info ][gc,heap     ] GC(26) Old regions: 57->57
[2025-03-19T14:03:54.871+0000][10.935s][info ][gc,heap     ] GC(26) Archive regions: 2->2
[2025-03-19T14:03:54.871+0000][10.935s][info ][gc,heap     ] GC(26) Humongous regions: 0->0
[2025-03-19T14:03:54.871+0000][10.935s][info ][gc,metaspace] GC(26) Metaspace: 41368K(41728K)->41368K(41728K) NonClass: 36117K(36288K)->36117K(36288K) Class: 5250K(5440K)->5250K(5440K)
[2025-03-19T14:03:54.871+0000][10.935s][info ][gc          ] GC(26) Pause Young (Normal) (G1 Evacuation Pause) 189M->59M(224M) 6.889ms
[2025-03-19T14:03:54.871+0000][10.935s][info ][gc,cpu      ] GC(26) User=0.02s Sys=0.00s Real=0.01s
[2025-03-19T14:03:54.871+0000][10.935s][info ][safepoint   ] Safepoint "G1CollectForAllocation", Time since last: 969562989 ns, Reaching safepoint: 51899 ns, Cleanup: 1174481 ns, At safepoint: 7036451 ns, Total: 8262831 ns
[2025-03-19T14:03:55.712+0000][11.775s][debug][safepoint   ] Safepoint synchronization initiated using futex wait barrier. (14 threads)
[2025-03-19T14:03:55.712+0000][11.775s][info ][safepoint   ] Safepoint "ICBufferFull", Time since last: 840323229 ns, Reaching safepoint: 45587 ns, Cleanup: 154396 ns, At safepoint: 2652 ns, Total: 202635 ns
[2025-03-19T14:03:55.888+0000][11.951s][debug][safepoint   ] Safepoint synchronization initiated using futex wait barrier. (14 threads)
[2025-03-19T14:03:55.888+0000][11.951s][info ][gc,start    ] GC(27) Pause Young (Normal) (G1 Evacuation Pause)
[2025-03-19T14:03:55.888+0000][11.951s][info ][gc,task     ] GC(27) Using 4 workers of 4 for evacuation
[2025-03-19T14:03:55.896+0000][11.959s][info ][gc,phases   ] GC(27)   Pre Evacuate Collection Set: 0.1ms
[2025-03-19T14:03:55.896+0000][11.959s][info ][gc,phases   ] GC(27)   Merge Heap Roots: 0.1ms
[2025-03-19T14:03:55.896+0000][11.959s][info ][gc,phases   ] GC(27)   Evacuate Collection Set: 6.6ms
[2025-03-19T14:03:55.896+0000][11.959s][info ][gc,phases   ] GC(27)   Post Evacuate Collection Set: 1.1ms
[2025-03-19T14:03:55.896+0000][11.959s][info ][gc,phases   ] GC(27)   Other: 0.1ms
[2025-03-19T14:03:55.896+0000][11.959s][info ][gc,heap     ] GC(27) Eden regions: 130->0(130)
[2025-03-19T14:03:55.896+0000][11.959s][info ][gc,heap     ] GC(27) Survivor regions: 3->4(17)
[2025-03-19T14:03:55.896+0000][11.959s][info ][gc,heap     ] GC(27) Old regions: 57->57
[2025-03-19T14:03:55.896+0000][11.959s][info ][gc,heap     ] GC(27) Archive regions: 2->2
[2025-03-19T14:03:55.896+0000][11.959s][info ][gc,heap     ] GC(27) Humongous regions: 0->0
[2025-03-19T14:03:55.896+0000][11.959s][info ][gc,metaspace] GC(27) Metaspace: 44454K(44864K)->44454K(44864K) NonClass: 38770K(38976K)->38770K(38976K) Class: 5683K(5888K)->5683K(5888K)
[2025-03-19T14:03:55.896+0000][11.959s][info ][gc          ] GC(27) Pause Young (Normal) (G1 Evacuation Pause) 189M->61M(224M) 8.056ms
[2025-03-19T14:03:55.896+0000][11.959s][info ][gc,cpu      ] GC(27) User=0.02s Sys=0.00s Real=0.01s
[2025-03-19T14:03:55.896+0000][11.959s][info ][safepoint   ] Safepoint "G1CollectForAllocation", Time since last: 175746362 ns, Reaching safepoint: 47949 ns, Cleanup: 50929 ns, At safepoint: 8110874 ns, Total: 8209752 ns
[2025-03-19T14:03:57.009+0000][13.072s][debug][safepoint   ] Safepoint synchronization initiated using futex wait barrier. (15 threads)
[2025-03-19T14:03:57.009+0000][13.073s][info ][safepoint   ] Safepoint "Cleanup", Time since last: 1113098438 ns, Reaching safepoint: 134294 ns, Cleanup: 139168 ns, At safepoint: 6013 ns, Total: 279475 ns
[2025-03-19T14:03:57.035+0000][13.099s][debug][safepoint   ] Safepoint synchronization initiated using futex wait barrier. (15 threads)
[2025-03-19T14:03:57.036+0000][13.099s][info ][gc,start    ] GC(28) Pause Young (Normal) (G1 Evacuation Pause)
[2025-03-19T14:03:57.036+0000][13.099s][info ][gc,task     ] GC(28) Using 4 workers of 4 for evacuation
[2025-03-19T14:03:57.048+0000][13.111s][info ][gc,phases   ] GC(28)   Pre Evacuate Collection Set: 0.1ms
[2025-03-19T14:03:57.048+0000][13.111s][info ][gc,phases   ] GC(28)   Merge Heap Roots: 0.1ms
[2025-03-19T14:03:57.048+0000][13.111s][info ][gc,phases   ] GC(28)   Evacuate Collection Set: 10.2ms
[2025-03-19T14:03:57.048+0000][13.111s][info ][gc,phases   ] GC(28)   Post Evacuate Collection Set: 1.7ms
[2025-03-19T14:03:57.048+0000][13.111s][info ][gc,phases   ] GC(28)   Other: 0.1ms
[2025-03-19T14:03:57.048+0000][13.111s][info ][gc,heap     ] GC(28) Eden regions: 130->0(126)
[2025-03-19T14:03:57.048+0000][13.111s][info ][gc,heap     ] GC(28) Survivor regions: 4->7(17)
[2025-03-19T14:03:57.048+0000][13.111s][info ][gc,heap     ] GC(28) Old regions: 57->57
[2025-03-19T14:03:57.048+0000][13.111s][info ][gc,heap     ] GC(28) Archive regions: 2->2
[2025-03-19T14:03:57.048+0000][13.111s][info ][gc,heap     ] GC(28) Humongous regions: 0->0
[2025-03-19T14:03:57.048+0000][13.111s][info ][gc,metaspace] GC(28) Metaspace: 48947K(49408K)->48947K(49408K) NonClass: 42667K(42880K)->42667K(42880K) Class: 6279K(6528K)->6279K(6528K)
[2025-03-19T14:03:57.048+0000][13.111s][info ][gc          ] GC(28) Pause Young (Normal) (G1 Evacuation Pause) 191M->63M(224M) 12.308ms
[2025-03-19T14:03:57.048+0000][13.111s][info ][gc,cpu      ] GC(28) User=0.04s Sys=0.00s Real=0.01s
[2025-03-19T14:03:57.051+0000][13.114s][info ][safepoint   ] Safepoint "G1CollectForAllocation", Time since last: 26122031 ns, Reaching safepoint: 183621 ns, Cleanup: 27354 ns, At safepoint: 15187986 ns, Total: 15398961 ns
[2025-03-19T14:03:58.570+0000][14.634s][debug][safepoint   ] Safepoint synchronization initiated using futex wait barrier. (17 threads)
[2025-03-19T14:03:58.570+0000][14.634s][info ][safepoint   ] Safepoint "Cleanup", Time since last: 1519406925 ns, Reaching safepoint: 58737 ns, Cleanup: 116172 ns, At safepoint: 4262 ns, Total: 179171 ns
[2025-03-19T14:03:58.816+0000][14.880s][debug][safepoint   ] Safepoint synchronization initiated using futex wait barrier. (17 threads)
[2025-03-19T14:03:58.817+0000][14.880s][info ][safepoint   ] Safepoint "ICBufferFull", Time since last: 245980529 ns, Reaching safepoint: 49287 ns, Cleanup: 134210 ns, At safepoint: 2400 ns, Total: 185897 ns
[2025-03-19T14:03:59.162+0000][15.226s][debug][safepoint   ] Safepoint synchronization initiated using futex wait barrier. (17 threads)
[2025-03-19T14:03:59.162+0000][15.226s][info ][gc,start    ] GC(29) Pause Young (Normal) (G1 Evacuation Pause)
[2025-03-19T14:03:59.162+0000][15.226s][info ][gc,task     ] GC(29) Using 4 workers of 4 for evacuation
[2025-03-19T14:03:59.188+0000][15.252s][info ][gc,phases   ] GC(29)   Pre Evacuate Collection Set: 0.1ms
[2025-03-19T14:03:59.188+0000][15.252s][info ][gc,phases   ] GC(29)   Merge Heap Roots: 0.1ms
[2025-03-19T14:03:59.188+0000][15.252s][info ][gc,phases   ] GC(29)   Evacuate Collection Set: 22.1ms
[2025-03-19T14:03:59.188+0000][15.252s][info ][gc,phases   ] GC(29)   Post Evacuate Collection Set: 3.7ms
[2025-03-19T14:03:59.188+0000][15.252s][info ][gc,phases   ] GC(29)   Other: 0.1ms
[2025-03-19T14:03:59.188+0000][15.252s][info ][gc,heap     ] GC(29) Eden regions: 126->0(122)
[2025-03-19T14:03:59.188+0000][15.252s][info ][gc,heap     ] GC(29) Survivor regions: 7->10(17)
[2025-03-19T14:03:59.188+0000][15.252s][info ][gc,heap     ] GC(29) Old regions: 57->57
[2025-03-19T14:03:59.188+0000][15.252s][info ][gc,heap     ] GC(29) Archive regions: 2->2
[2025-03-19T14:03:59.189+0000][15.252s][info ][gc,heap     ] GC(29) Humongous regions: 0->0
[2025-03-19T14:03:59.189+0000][15.252s][info ][gc,metaspace] GC(29) Metaspace: 54907K(55296K)->54907K(55296K) NonClass: 47928K(48128K)->47928K(48128K) Class: 6979K(7168K)->6979K(7168K)
[2025-03-19T14:03:59.189+0000][15.252s][info ][gc          ] GC(29) Pause Young (Normal) (G1 Evacuation Pause) 189M->67M(224M) 26.176ms
[2025-03-19T14:03:59.189+0000][15.252s][info ][gc,cpu      ] GC(29) User=0.09s Sys=0.00s Real=0.02s
[2025-03-19T14:03:59.189+0000][15.252s][info ][safepoint   ] Safepoint "G1CollectForAllocation", Time since last: 345633112 ns, Reaching safepoint: 40225 ns, Cleanup: 92582 ns, At safepoint: 26229509 ns, Total: 26362316 ns
[2025-03-19T14:03:59.729+0000][15.793s][debug][safepoint   ] Safepoint synchronization initiated using futex wait barrier. (17 threads)
[2025-03-19T14:03:59.730+0000][15.793s][info ][gc,start    ] GC(30) Pause Young (Normal) (G1 Evacuation Pause)
[2025-03-19T14:03:59.730+0000][15.793s][info ][gc,task     ] GC(30) Using 4 workers of 4 for evacuation
[2025-03-19T14:03:59.740+0000][15.803s][info ][gc,phases   ] GC(30)   Pre Evacuate Collection Set: 0.1ms
[2025-03-19T14:03:59.740+0000][15.803s][info ][gc,phases   ] GC(30)   Merge Heap Roots: 0.1ms
[2025-03-19T14:03:59.740+0000][15.803s][info ][gc,phases   ] GC(30)   Evacuate Collection Set: 9.0ms
[2025-03-19T14:03:59.740+0000][15.803s][info ][gc,phases   ] GC(30)   Post Evacuate Collection Set: 1.2ms
[2025-03-19T14:03:59.740+0000][15.803s][info ][gc,phases   ] GC(30)   Other: 0.1ms
[2025-03-19T14:03:59.740+0000][15.803s][info ][gc,heap     ] GC(30) Eden regions: 122->0(122)
[2025-03-19T14:03:59.740+0000][15.803s][info ][gc,heap     ] GC(30) Survivor regions: 10->9(17)
[2025-03-19T14:03:59.740+0000][15.803s][info ][gc,heap     ] GC(30) Old regions: 57->59
[2025-03-19T14:03:59.740+0000][15.803s][info ][gc,heap     ] GC(30) Archive regions: 2->2
[2025-03-19T14:03:59.740+0000][15.803s][info ][gc,heap     ] GC(30) Humongous regions: 0->0
[2025-03-19T14:03:59.740+0000][15.803s][info ][gc,metaspace] GC(30) Metaspace: 58269K(58688K)->58269K(58688K) NonClass: 50798K(51008K)->50798K(51008K) Class: 7471K(7680K)->7471K(7680K)
[2025-03-19T14:03:59.740+0000][15.803s][info ][gc          ] GC(30) Pause Young (Normal) (G1 Evacuation Pause) 189M->67M(224M) 10.474ms
[2025-03-19T14:03:59.740+0000][15.803s][info ][gc,cpu      ] GC(30) User=0.04s Sys=0.00s Real=0.02s
[2025-03-19T14:03:59.740+0000][15.804s][info ][safepoint   ] Safepoint "G1CollectForAllocation", Time since last: 540875907 ns, Reaching safepoint: 52062 ns, Cleanup: 29363 ns, At safepoint: 10528765 ns, Total: 10610190 ns
[2025-03-19T14:04:00.009+0000][16.073s][debug][safepoint   ] Safepoint synchronization initiated using futex wait barrier. (19 threads)
[2025-03-19T14:04:00.010+0000][16.073s][info ][gc,start    ] GC(31) Pause Young (Concurrent Start) (Metadata GC Threshold)
[2025-03-19T14:04:00.010+0000][16.073s][info ][gc,task     ] GC(31) Using 4 workers of 4 for evacuation
[2025-03-19T14:04:00.027+0000][16.091s][info ][gc,phases   ] GC(31)   Pre Evacuate Collection Set: 0.1ms
[2025-03-19T14:04:00.027+0000][16.091s][info ][gc,phases   ] GC(31)   Merge Heap Roots: 0.2ms
[2025-03-19T14:04:00.027+0000][16.091s][info ][gc,phases   ] GC(31)   Evacuate Collection Set: 15.7ms
[2025-03-19T14:04:00.027+0000][16.091s][info ][gc,phases   ] GC(31)   Post Evacuate Collection Set: 1.8ms
[2025-03-19T14:04:00.028+0000][16.091s][info ][gc,phases   ] GC(31)   Other: 0.1ms
[2025-03-19T14:04:00.028+0000][16.091s][info ][gc,heap     ] GC(31) Eden regions: 32->0(123)
[2025-03-19T14:04:00.028+0000][16.091s][info ][gc,heap     ] GC(31) Survivor regions: 9->8(17)
[2025-03-19T14:04:00.028+0000][16.091s][info ][gc,heap     ] GC(31) Old regions: 59->60
[2025-03-19T14:04:00.028+0000][16.091s][info ][gc,heap     ] GC(31) Archive regions: 2->2
[2025-03-19T14:04:00.028+0000][16.091s][info ][gc,heap     ] GC(31) Humongous regions: 0->0
[2025-03-19T14:04:00.028+0000][16.091s][info ][gc,metaspace] GC(31) Metaspace: 60509K(60928K)->60509K(60928K) NonClass: 52793K(52992K)->52793K(52992K) Class: 7715K(7936K)->7715K(7936K)
[2025-03-19T14:04:00.028+0000][16.091s][info ][gc          ] GC(31) Pause Young (Concurrent Start) (Metadata GC Threshold) 99M->68M(224M) 17.982ms
[2025-03-19T14:04:00.028+0000][16.091s][info ][gc,cpu      ] GC(31) User=0.05s Sys=0.00s Real=0.02s
[2025-03-19T14:04:00.028+0000][16.091s][info ][gc          ] GC(32) Concurrent Mark Cycle
[2025-03-19T14:04:00.028+0000][16.091s][info ][gc,marking  ] GC(32) Concurrent Clear Claimed Marks
[2025-03-19T14:04:00.028+0000][16.091s][info ][safepoint   ] Safepoint "CollectForMetadataAllocation", Time since last: 269408717 ns, Reaching safepoint: 51192 ns, Cleanup: 35561 ns, At safepoint: 18100067 ns, Total: 18186820 ns
[2025-03-19T14:04:00.028+0000][16.091s][info ][gc,marking  ] GC(32) Concurrent Clear Claimed Marks 0.058ms
[2025-03-19T14:04:00.028+0000][16.091s][info ][gc,marking  ] GC(32) Concurrent Scan Root Regions
[2025-03-19T14:04:00.049+0000][16.113s][info ][gc,marking  ] GC(32) Concurrent Scan Root Regions 21.441ms
[2025-03-19T14:04:00.049+0000][16.113s][info ][gc,marking  ] GC(32) Concurrent Mark
[2025-03-19T14:04:00.049+0000][16.113s][info ][gc,marking  ] GC(32) Concurrent Mark From Roots
[2025-03-19T14:04:00.049+0000][16.113s][info ][gc,task     ] GC(32) Using 1 workers of 1 for marking
[2025-03-19T14:04:00.147+0000][16.210s][debug][safepoint   ] Safepoint synchronization initiated using futex wait barrier. (20 threads)
[2025-03-19T14:04:00.147+0000][16.211s][info ][safepoint   ] Safepoint "CollectForMetadataAllocation", Time since last: 119283640 ns, Reaching safepoint: 67073 ns, Cleanup: 15290 ns, At safepoint: 57725 ns, Total: 140088 ns
[2025-03-19T14:04:00.155+0000][16.218s][info ][gc,marking  ] GC(32) Concurrent Mark From Roots 105.748ms
[2025-03-19T14:04:00.155+0000][16.218s][info ][gc,marking  ] GC(32) Concurrent Preclean
[2025-03-19T14:04:00.155+0000][16.219s][info ][gc,marking  ] GC(32) Concurrent Preclean 0.264ms
[2025-03-19T14:04:00.155+0000][16.219s][debug][safepoint   ] Safepoint synchronization initiated using futex wait barrier. (20 threads)
[2025-03-19T14:04:00.156+0000][16.219s][info ][gc,start    ] GC(32) Pause Remark
[2025-03-19T14:04:00.161+0000][16.225s][info ][gc          ] GC(32) Pause Remark 76M->76M(224M) 5.968ms
[2025-03-19T14:04:00.162+0000][16.225s][info ][gc,cpu      ] GC(32) User=0.01s Sys=0.00s Real=0.01s
[2025-03-19T14:04:00.162+0000][16.225s][info ][safepoint   ] Safepoint "G1PauseRemark", Time since last: 8200702 ns, Reaching safepoint: 206053 ns, Cleanup: 8221 ns, At safepoint: 6030682 ns, Total: 6244956 ns
[2025-03-19T14:04:00.162+0000][16.225s][info ][gc,marking  ] GC(32) Concurrent Mark 112.509ms
[2025-03-19T14:04:00.162+0000][16.225s][info ][gc,marking  ] GC(32) Concurrent Rebuild Remembered Sets
[2025-03-19T14:04:00.227+0000][16.291s][info ][gc,marking  ] GC(32) Concurrent Rebuild Remembered Sets 65.688ms
[2025-03-19T14:04:00.227+0000][16.291s][debug][safepoint   ] Safepoint synchronization initiated using futex wait barrier. (20 threads)
[2025-03-19T14:04:00.228+0000][16.291s][info ][gc,start    ] GC(32) Pause Cleanup
[2025-03-19T14:04:00.228+0000][16.291s][info ][gc          ] GC(32) Pause Cleanup 84M->84M(224M) 0.133ms
[2025-03-19T14:04:00.228+0000][16.291s][info ][gc,cpu      ] GC(32) User=0.00s Sys=0.00s Real=0.00s
[2025-03-19T14:04:00.228+0000][16.291s][info ][safepoint   ] Safepoint "G1PauseCleanup", Time since last: 65928000 ns, Reaching safepoint: 83725 ns, Cleanup: 19352 ns, At safepoint: 171133 ns, Total: 274210 ns
[2025-03-19T14:04:00.228+0000][16.291s][info ][gc,marking  ] GC(32) Concurrent Cleanup for Next Mark
[2025-03-19T14:04:00.229+0000][16.293s][info ][gc,marking  ] GC(32) Concurrent Cleanup for Next Mark 1.363ms
[2025-03-19T14:04:00.229+0000][16.293s][info ][gc          ] GC(32) Concurrent Mark Cycle 201.552ms
[2025-03-19T14:04:01.184+0000][17.248s][debug][safepoint   ] Safepoint synchronization initiated using futex wait barrier. (20 threads)
[2025-03-19T14:04:01.185+0000][17.249s][info ][gc,start    ] GC(33) Pause Young (Prepare Mixed) (G1 Evacuation Pause)
[2025-03-19T14:04:01.185+0000][17.249s][info ][gc,task     ] GC(33) Using 4 workers of 4 for evacuation
[2025-03-19T14:04:01.209+0000][17.273s][info ][gc,phases   ] GC(33)   Pre Evacuate Collection Set: 0.1ms
[2025-03-19T14:04:01.209+0000][17.273s][info ][gc,phases   ] GC(33)   Merge Heap Roots: 0.1ms
[2025-03-19T14:04:01.209+0000][17.273s][info ][gc,phases   ] GC(33)   Evacuate Collection Set: 21.3ms
[2025-03-19T14:04:01.209+0000][17.273s][info ][gc,phases   ] GC(33)   Post Evacuate Collection Set: 2.4ms
[2025-03-19T14:04:01.209+0000][17.273s][info ][gc,phases   ] GC(33)   Other: 0.2ms
[2025-03-19T14:04:01.209+0000][17.273s][info ][gc,heap     ] GC(33) Eden regions: 123->0(2)
[2025-03-19T14:04:01.209+0000][17.273s][info ][gc,heap     ] GC(33) Survivor regions: 8->9(17)
[2025-03-19T14:04:01.209+0000][17.273s][info ][gc,heap     ] GC(33) Old regions: 60->60
[2025-03-19T14:04:01.209+0000][17.273s][info ][gc,heap     ] GC(33) Archive regions: 2->2
[2025-03-19T14:04:01.209+0000][17.273s][info ][gc,heap     ] GC(33) Humongous regions: 0->0
[2025-03-19T14:04:01.209+0000][17.273s][info ][gc,metaspace] GC(33) Metaspace: 63255K(63680K)->63255K(63680K) NonClass: 55188K(55360K)->55188K(55360K) Class: 8066K(8320K)->8066K(8320K)
[2025-03-19T14:04:01.209+0000][17.273s][info ][gc          ] GC(33) Pause Young (Prepare Mixed) (G1 Evacuation Pause) 191M->69M(224M) 24.217ms
[2025-03-19T14:04:01.209+0000][17.273s][info ][gc,cpu      ] GC(33) User=0.06s Sys=0.00s Real=0.02s
[2025-03-19T14:04:01.210+0000][17.273s][info ][safepoint   ] Safepoint "G1CollectForAllocation", Time since last: 956323274 ns, Reaching safepoint: 50442 ns, Cleanup: 1115906 ns, At safepoint: 24287687 ns, Total: 25454035 ns
[2025-03-19T14:04:01.224+0000][17.288s][debug][safepoint   ] Safepoint synchronization initiated using futex wait barrier. (20 threads)
[2025-03-19T14:04:01.224+0000][17.288s][info ][gc,start    ] GC(34) Pause Young (Mixed) (G1 Evacuation Pause)
[2025-03-19T14:04:01.224+0000][17.288s][info ][gc,task     ] GC(34) Using 4 workers of 4 for evacuation
[2025-03-19T14:04:01.252+0000][17.315s][info ][gc,phases   ] GC(34)   Pre Evacuate Collection Set: 0.1ms
[2025-03-19T14:04:01.252+0000][17.315s][info ][gc,phases   ] GC(34)   Merge Heap Roots: 0.1ms
[2025-03-19T14:04:01.252+0000][17.315s][info ][gc,phases   ] GC(34)   Evacuate Collection Set: 25.3ms
[2025-03-19T14:04:01.252+0000][17.315s][info ][gc,phases   ] GC(34)   Post Evacuate Collection Set: 1.7ms
[2025-03-19T14:04:01.252+0000][17.315s][info ][gc,phases   ] GC(34)   Other: 0.1ms
[2025-03-19T14:04:01.252+0000][17.315s][info ][gc,heap     ] GC(34) Eden regions: 2->0(123)
[2025-03-19T14:04:01.254+0000][17.317s][info ][gc,heap     ] GC(34) Survivor regions: 9->2(2)
[2025-03-19T14:04:01.254+0000][17.317s][info ][gc,heap     ] GC(34) Old regions: 60->67
[2025-03-19T14:04:01.254+0000][17.317s][info ][gc,heap     ] GC(34) Archive regions: 2->2
[2025-03-19T14:04:01.254+0000][17.317s][info ][gc,heap     ] GC(34) Humongous regions: 0->0
[2025-03-19T14:04:01.254+0000][17.317s][info ][gc,metaspace] GC(34) Metaspace: 63314K(63808K)->63314K(63808K) NonClass: 55241K(55488K)->55241K(55488K) Class: 8073K(8320K)->8073K(8320K)
[2025-03-19T14:04:01.254+0000][17.317s][info ][gc          ] GC(34) Pause Young (Mixed) (G1 Evacuation Pause) 71M->68M(224M) 29.316ms
[2025-03-19T14:04:01.254+0000][17.317s][info ][gc,cpu      ] GC(34) User=0.07s Sys=0.00s Real=0.03s
[2025-03-19T14:04:01.254+0000][17.317s][info ][safepoint   ] Safepoint "G1CollectForAllocation", Time since last: 14844636 ns, Reaching safepoint: 45132 ns, Cleanup: 9866 ns, At safepoint: 29468757 ns, Total: 29523755 ns
[2025-03-19T14:04:02.257+0000][18.320s][debug][safepoint   ] Safepoint synchronization initiated using futex wait barrier. (20 threads)
[2025-03-19T14:04:02.258+0000][18.321s][info ][safepoint   ] Safepoint "Cleanup", Time since last: 1002796898 ns, Reaching safepoint: 939790 ns, Cleanup: 74353 ns, At safepoint: 3832 ns, Total: 1017975 ns
[2025-03-19T14:04:02.292+0000][18.355s][debug][safepoint   ] Safepoint synchronization initiated using futex wait barrier. (20 threads)
[2025-03-19T14:04:02.292+0000][18.355s][info ][gc,start    ] GC(35) Pause Young (Concurrent Start) (G1 Evacuation Pause)
[2025-03-19T14:04:02.292+0000][18.355s][info ][gc,task     ] GC(35) Using 4 workers of 4 for evacuation
[2025-03-19T14:04:02.312+0000][18.375s][info ][gc,phases   ] GC(35)   Pre Evacuate Collection Set: 0.1ms
[2025-03-19T14:04:02.312+0000][18.375s][info ][gc,phases   ] GC(35)   Merge Heap Roots: 0.1ms
[2025-03-19T14:04:02.312+0000][18.375s][info ][gc,phases   ] GC(35)   Evacuate Collection Set: 13.0ms
[2025-03-19T14:04:02.312+0000][18.375s][info ][gc,phases   ] GC(35)   Post Evacuate Collection Set: 6.5ms
[2025-03-19T14:04:02.312+0000][18.375s][info ][gc,phases   ] GC(35)   Other: 0.1ms
[2025-03-19T14:04:02.312+0000][18.375s][info ][gc,heap     ] GC(35) Eden regions: 123->0(402)
[2025-03-19T14:04:02.312+0000][18.375s][info ][gc,heap     ] GC(35) Survivor regions: 2->1(16)
[2025-03-19T14:04:02.312+0000][18.375s][info ][gc,heap     ] GC(35) Old regions: 67->67
[2025-03-19T14:04:02.312+0000][18.375s][info ][gc,heap     ] GC(35) Archive regions: 2->2
[2025-03-19T14:04:02.312+0000][18.375s][info ][gc,heap     ] GC(35) Humongous regions: 0->0
[2025-03-19T14:04:02.312+0000][18.375s][info ][gc,metaspace] GC(35) Metaspace: 66683K(67200K)->66683K(67200K) NonClass: 58101K(58368K)->58101K(58368K) Class: 8582K(8832K)->8582K(8832K)
[2025-03-19T14:04:02.312+0000][18.375s][info ][gc          ] GC(35) Pause Young (Concurrent Start) (G1 Evacuation Pause) 191M->68M(672M) 20.026ms
[2025-03-19T14:04:02.312+0000][18.375s][info ][gc,cpu      ] GC(35) User=0.06s Sys=0.01s Real=0.02s
[2025-03-19T14:04:02.312+0000][18.375s][info ][safepoint   ] Safepoint "G1CollectForAllocation", Time since last: 33839074 ns, Reaching safepoint: 64720 ns, Cleanup: 15987 ns, At safepoint: 20098527 ns, Total: 20179234 ns
[2025-03-19T14:04:02.312+0000][18.375s][info ][gc          ] GC(36) Concurrent Mark Cycle
[2025-03-19T14:04:02.312+0000][18.375s][info ][gc,marking  ] GC(36) Concurrent Clear Claimed Marks
[2025-03-19T14:04:02.312+0000][18.375s][info ][gc,marking  ] GC(36) Concurrent Clear Claimed Marks 0.052ms
[2025-03-19T14:04:02.312+0000][18.375s][info ][gc,marking  ] GC(36) Concurrent Scan Root Regions
[2025-03-19T14:04:02.323+0000][18.387s][info ][gc,marking  ] GC(36) Concurrent Scan Root Regions 11.510ms
[2025-03-19T14:04:02.323+0000][18.387s][info ][gc,marking  ] GC(36) Concurrent Mark
[2025-03-19T14:04:02.323+0000][18.387s][info ][gc,marking  ] GC(36) Concurrent Mark From Roots
[2025-03-19T14:04:02.323+0000][18.387s][info ][gc,task     ] GC(36) Using 1 workers of 1 for marking
[2025-03-19T14:04:02.461+0000][18.524s][info ][gc,marking  ] GC(36) Concurrent Mark From Roots 137.193ms
[2025-03-19T14:04:02.461+0000][18.524s][info ][gc,marking  ] GC(36) Concurrent Preclean
[2025-03-19T14:04:02.461+0000][18.524s][info ][gc,marking  ] GC(36) Concurrent Preclean 0.289ms
[2025-03-19T14:04:02.461+0000][18.524s][debug][safepoint   ] Safepoint synchronization initiated using futex wait barrier. (20 threads)
[2025-03-19T14:04:02.461+0000][18.524s][info ][gc,start    ] GC(36) Pause Remark
[2025-03-19T14:04:02.466+0000][18.529s][info ][gc          ] GC(36) Pause Remark 84M->84M(287M) 4.779ms
[2025-03-19T14:04:02.466+0000][18.529s][info ][gc,cpu      ] GC(36) User=0.01s Sys=0.00s Real=0.00s
[2025-03-19T14:04:02.466+0000][18.529s][info ][safepoint   ] Safepoint "G1PauseRemark", Time since last: 149212025 ns, Reaching safepoint: 82598 ns, Cleanup: 18734 ns, At safepoint: 4856461 ns, Total: 4957793 ns
[2025-03-19T14:04:02.466+0000][18.529s][info ][gc,marking  ] GC(36) Concurrent Mark 142.551ms
[2025-03-19T14:04:02.466+0000][18.529s][info ][gc,marking  ] GC(36) Concurrent Rebuild Remembered Sets
[2025-03-19T14:04:02.533+0000][18.596s][info ][gc,marking  ] GC(36) Concurrent Rebuild Remembered Sets 67.112ms
[2025-03-19T14:04:02.533+0000][18.597s][debug][safepoint   ] Safepoint synchronization initiated using futex wait barrier. (20 threads)
[2025-03-19T14:04:02.533+0000][18.597s][debug][safepoint   ] ... found polling page loop exception at pc = 0x00007af8acf81326, stub =0x00007af8ac98eb80
[2025-03-19T14:04:02.533+0000][18.597s][info ][gc,start    ] GC(36) Pause Cleanup
[2025-03-19T14:04:02.533+0000][18.597s][info ][gc          ] GC(36) Pause Cleanup 96M->96M(287M) 0.189ms
[2025-03-19T14:04:02.533+0000][18.597s][info ][gc,cpu      ] GC(36) User=0.00s Sys=0.00s Real=0.00s
[2025-03-19T14:04:02.534+0000][18.597s][info ][safepoint   ] Safepoint "G1PauseCleanup", Time since last: 67236312 ns, Reaching safepoint: 112589 ns, Cleanup: 31879 ns, At safepoint: 253883 ns, Total: 398351 ns
[2025-03-19T14:04:02.535+0000][18.599s][info ][gc,marking  ] GC(36) Concurrent Cleanup for Next Mark
[2025-03-19T14:04:02.539+0000][18.602s][info ][gc,marking  ] GC(36) Concurrent Cleanup for Next Mark 3.246ms
[2025-03-19T14:04:02.539+0000][18.602s][info ][gc          ] GC(36) Concurrent Mark Cycle 226.969ms
[2025-03-19T14:04:02.989+0000][19.053s][debug][safepoint   ] Safepoint synchronization initiated using futex wait barrier. (20 threads)
[2025-03-19T14:04:02.989+0000][19.053s][info ][safepoint   ] Safepoint "ICBufferFull", Time since last: 455752623 ns, Reaching safepoint: 46447 ns, Cleanup: 130369 ns, At safepoint: 10563 ns, Total: 187379 ns
[2025-03-19T14:04:03.333+0000][19.397s][debug][safepoint   ] ... found polling page loop exception at pc = 0x00007af8ad1b3089, stub =0x00007af8ac98f400
[2025-03-19T14:04:03.512+0000][19.575s][debug][safepoint   ] Safepoint synchronization initiated using futex wait barrier. (20 threads)
[2025-03-19T14:04:03.512+0000][19.576s][info ][safepoint   ] Safepoint "ICBufferFull", Time since last: 522488148 ns, Reaching safepoint: 47679 ns, Cleanup: 145924 ns, At safepoint: 4043 ns, Total: 197646 ns
[2025-03-19T14:04:03.948+0000][20.011s][debug][safepoint   ] Safepoint synchronization initiated using futex wait barrier. (20 threads)
[2025-03-19T14:04:03.948+0000][20.012s][info ][safepoint   ] Safepoint "ICBufferFull", Time since last: 435704223 ns, Reaching safepoint: 57839 ns, Cleanup: 152046 ns, At safepoint: 11765 ns, Total: 221650 ns
[2025-03-19T14:04:04.015+0000][20.079s][debug][safepoint   ] Safepoint synchronization initiated using futex wait barrier. (20 threads)
[2025-03-19T14:04:04.016+0000][20.079s][info ][gc,start    ] GC(37) Pause Young (Prepare Mixed) (G1 Preventive Collection)
[2025-03-19T14:04:04.016+0000][20.079s][info ][gc,task     ] GC(37) Using 4 workers of 4 for evacuation
[2025-03-19T14:04:04.028+0000][20.091s][info ][gc,phases   ] GC(37)   Pre Evacuate Collection Set: 0.1ms
[2025-03-19T14:04:04.028+0000][20.091s][info ][gc,phases   ] GC(37)   Merge Heap Roots: 0.1ms
[2025-03-19T14:04:04.028+0000][20.091s][info ][gc,phases   ] GC(37)   Evacuate Collection Set: 10.6ms
[2025-03-19T14:04:04.028+0000][20.091s][info ][gc,phases   ] GC(37)   Post Evacuate Collection Set: 1.4ms
[2025-03-19T14:04:04.028+0000][20.091s][info ][gc,phases   ] GC(37)   Other: 0.1ms
[2025-03-19T14:04:04.028+0000][20.091s][info ][gc,heap     ] GC(37) Eden regions: 212->0(8)
[2025-03-19T14:04:04.028+0000][20.091s][info ][gc,heap     ] GC(37) Survivor regions: 1->6(51)
[2025-03-19T14:04:04.028+0000][20.091s][info ][gc,heap     ] GC(37) Old regions: 67->67
[2025-03-19T14:04:04.028+0000][20.091s][info ][gc,heap     ] GC(37) Archive regions: 2->2
[2025-03-19T14:04:04.028+0000][20.091s][info ][gc,heap     ] GC(37) Humongous regions: 0->0
[2025-03-19T14:04:04.028+0000][20.091s][info ][gc,metaspace] GC(37) Metaspace: 71750K(72192K)->71750K(72192K) NonClass: 62548K(62784K)->62548K(62784K) Class: 9201K(9408K)->9201K(9408K)
[2025-03-19T14:04:04.028+0000][20.091s][info ][gc          ] GC(37) Pause Young (Prepare Mixed) (G1 Preventive Collection) 280M->73M(288M) 12.487ms
[2025-03-19T14:04:04.028+0000][20.091s][info ][gc,cpu      ] GC(37) User=0.04s Sys=0.00s Real=0.01s
[2025-03-19T14:04:04.028+0000][20.091s][info ][safepoint   ] Safepoint "G1CollectForAllocation", Time since last: 67311053 ns, Reaching safepoint: 54397 ns, Cleanup: 55993 ns, At safepoint: 12546393 ns, Total: 12656783 ns
[2025-03-19T14:04:04.094+0000][20.158s][debug][safepoint   ] Safepoint synchronization initiated using futex wait barrier. (20 threads)
[2025-03-19T14:04:04.094+0000][20.158s][info ][gc,start    ] GC(38) Pause Young (Mixed) (G1 Evacuation Pause)
[2025-03-19T14:04:04.094+0000][20.158s][info ][gc,task     ] GC(38) Using 4 workers of 4 for evacuation
[2025-03-19T14:04:04.104+0000][20.167s][info ][gc,phases   ] GC(38)   Pre Evacuate Collection Set: 0.1ms
[2025-03-19T14:04:04.104+0000][20.167s][info ][gc,phases   ] GC(38)   Merge Heap Roots: 0.3ms
[2025-03-19T14:04:04.104+0000][20.167s][info ][gc,phases   ] GC(38)   Evacuate Collection Set: 8.1ms
[2025-03-19T14:04:04.104+0000][20.167s][info ][gc,phases   ] GC(38)   Post Evacuate Collection Set: 0.9ms
[2025-03-19T14:04:04.104+0000][20.167s][info ][gc,phases   ] GC(38)   Other: 0.1ms
[2025-03-19T14:04:04.104+0000][20.167s][info ][gc,heap     ] GC(38) Eden regions: 8->0(170)
[2025-03-19T14:04:04.104+0000][20.167s][info ][gc,heap     ] GC(38) Survivor regions: 6->1(2)
[2025-03-19T14:04:04.104+0000][20.167s][info ][gc,heap     ] GC(38) Old regions: 67->72
[2025-03-19T14:04:04.104+0000][20.167s][info ][gc,heap     ] GC(38) Archive regions: 2->2
[2025-03-19T14:04:04.104+0000][20.167s][info ][gc,heap     ] GC(38) Humongous regions: 0->0
[2025-03-19T14:04:04.104+0000][20.167s][info ][gc,metaspace] GC(38) Metaspace: 71794K(72320K)->71794K(72320K) NonClass: 62590K(62848K)->62590K(62848K) Class: 9204K(9472K)->9204K(9472K)
[2025-03-19T14:04:04.104+0000][20.167s][info ][gc          ] GC(38) Pause Young (Mixed) (G1 Evacuation Pause) 81M->72M(288M) 9.568ms
[2025-03-19T14:04:04.104+0000][20.167s][info ][gc,cpu      ] GC(38) User=0.03s Sys=0.00s Real=0.01s
[2025-03-19T14:04:04.104+0000][20.167s][info ][safepoint   ] Safepoint "G1CollectForAllocation", Time since last: 66212290 ns, Reaching safepoint: 60048 ns, Cleanup: 30195 ns, At safepoint: 9619845 ns, Total: 9710088 ns
[2025-03-19T14:04:04.851+0000][20.914s][debug][safepoint   ] Safepoint synchronization initiated using futex wait barrier. (20 threads)
[2025-03-19T14:04:04.851+0000][20.915s][info ][gc,start    ] GC(39) Pause Young (Normal) (G1 Evacuation Pause)
[2025-03-19T14:04:04.851+0000][20.915s][info ][gc,task     ] GC(39) Using 4 workers of 4 for evacuation
[2025-03-19T14:04:04.859+0000][20.923s][info ][gc,phases   ] GC(39)   Pre Evacuate Collection Set: 0.1ms
[2025-03-19T14:04:04.859+0000][20.923s][info ][gc,phases   ] GC(39)   Merge Heap Roots: 0.1ms
[2025-03-19T14:04:04.859+0000][20.923s][info ][gc,phases   ] GC(39)   Evacuate Collection Set: 6.3ms
[2025-03-19T14:04:04.859+0000][20.923s][info ][gc,phases   ] GC(39)   Post Evacuate Collection Set: 1.3ms
[2025-03-19T14:04:04.859+0000][20.923s][info ][gc,phases   ] GC(39)   Other: 0.1ms
[2025-03-19T14:04:04.859+0000][20.923s][info ][gc,heap     ] GC(39) Eden regions: 170->0(170)
[2025-03-19T14:04:04.859+0000][20.923s][info ][gc,heap     ] GC(39) Survivor regions: 1->2(22)
[2025-03-19T14:04:04.859+0000][20.923s][info ][gc,heap     ] GC(39) Old regions: 72->72
[2025-03-19T14:04:04.859+0000][20.923s][info ][gc,heap     ] GC(39) Archive regions: 2->2
[2025-03-19T14:04:04.859+0000][20.923s][info ][gc,heap     ] GC(39) Humongous regions: 0->0
[2025-03-19T14:04:04.859+0000][20.923s][info ][gc,metaspace] GC(39) Metaspace: 77339K(77824K)->77339K(77824K) NonClass: 67212K(67456K)->67212K(67456K) Class: 10127K(10368K)->10127K(10368K)
[2025-03-19T14:04:04.859+0000][20.923s][info ][gc          ] GC(39) Pause Young (Normal) (G1 Evacuation Pause) 242M->73M(288M) 8.024ms
[2025-03-19T14:04:04.859+0000][20.923s][info ][gc,cpu      ] GC(39) User=0.02s Sys=0.01s Real=0.00s
[2025-03-19T14:04:04.859+0000][20.923s][info ][safepoint   ] Safepoint "G1CollectForAllocation", Time since last: 746969493 ns, Reaching safepoint: 121359 ns, Cleanup: 116426 ns, At safepoint: 8072941 ns, Total: 8310726 ns
[2025-03-19T14:04:05.166+0000][21.229s][debug][safepoint   ] Safepoint synchronization initiated using futex wait barrier. (20 threads)
[2025-03-19T14:04:05.166+0000][21.229s][info ][safepoint   ] Safepoint "ICBufferFull", Time since last: 306387575 ns, Reaching safepoint: 49600 ns, Cleanup: 104992 ns, At safepoint: 3935 ns, Total: 158527 ns
[2025-03-19T14:04:05.247+0000][21.311s][debug][safepoint   ] Safepoint synchronization initiated using futex wait barrier. (20 threads)
[2025-03-19T14:04:05.247+0000][21.311s][info ][safepoint   ] Safepoint "ICBufferFull", Time since last: 81361283 ns, Reaching safepoint: 37681 ns, Cleanup: 88348 ns, At safepoint: 3592 ns, Total: 129621 ns
[2025-03-19T14:04:05.387+0000][21.451s][debug][safepoint   ] Safepoint synchronization initiated using futex wait barrier. (20 threads)
[2025-03-19T14:04:05.388+0000][21.451s][info ][safepoint   ] Safepoint "ICBufferFull", Time since last: 140049916 ns, Reaching safepoint: 49754 ns, Cleanup: 126416 ns, At safepoint: 2972 ns, Total: 179142 ns
[2025-03-19T14:04:05.476+0000][21.539s][debug][safepoint   ] Safepoint synchronization initiated using futex wait barrier. (19 threads)
[2025-03-19T14:04:05.476+0000][21.539s][info ][safepoint   ] Safepoint "ICBufferFull", Time since last: 88207743 ns, Reaching safepoint: 40494 ns, Cleanup: 116926 ns, At safepoint: 2557 ns, Total: 159977 ns
[2025-03-19T14:04:05.753+0000][21.816s][debug][safepoint   ] Safepoint synchronization initiated using futex wait barrier. (19 threads)
[2025-03-19T14:04:05.753+0000][21.817s][info ][safepoint   ] Safepoint "ICBufferFull", Time since last: 277146429 ns, Reaching safepoint: 51007 ns, Cleanup: 163375 ns, At safepoint: 4828 ns, Total: 219210 ns
[2025-03-19T14:04:05.938+0000][22.001s][debug][safepoint   ] Safepoint synchronization initiated using futex wait barrier. (19 threads)
[2025-03-19T14:04:05.938+0000][22.001s][info ][gc,start    ] GC(40) Pause Young (Normal) (G1 Evacuation Pause)
[2025-03-19T14:04:05.938+0000][22.001s][info ][gc,task     ] GC(40) Using 4 workers of 4 for evacuation
[2025-03-19T14:04:05.944+0000][22.007s][info ][gc,phases   ] GC(40)   Pre Evacuate Collection Set: 0.1ms
[2025-03-19T14:04:05.944+0000][22.007s][info ][gc,phases   ] GC(40)   Merge Heap Roots: 0.1ms
[2025-03-19T14:04:05.944+0000][22.007s][info ][gc,phases   ] GC(40)   Evacuate Collection Set: 4.7ms
[2025-03-19T14:04:05.944+0000][22.007s][info ][gc,phases   ] GC(40)   Post Evacuate Collection Set: 0.8ms
[2025-03-19T14:04:05.944+0000][22.007s][info ][gc,phases   ] GC(40)   Other: 0.1ms
[2025-03-19T14:04:05.944+0000][22.007s][info ][gc,heap     ] GC(40) Eden regions: 170->0(168)
[2025-03-19T14:04:05.944+0000][22.007s][info ][gc,heap     ] GC(40) Survivor regions: 2->4(22)
[2025-03-19T14:04:05.944+0000][22.007s][info ][gc,heap     ] GC(40) Old regions: 72->72
[2025-03-19T14:04:05.944+0000][22.007s][info ][gc,heap     ] GC(40) Archive regions: 2->2
[2025-03-19T14:04:05.944+0000][22.007s][info ][gc,heap     ] GC(40) Humongous regions: 0->0
[2025-03-19T14:04:05.944+0000][22.007s][info ][gc,metaspace] GC(40) Metaspace: 80384K(80896K)->80384K(80896K) NonClass: 69877K(70144K)->69877K(70144K) Class: 10506K(10752K)->10506K(10752K)
[2025-03-19T14:04:05.944+0000][22.007s][info ][gc          ] GC(40) Pause Young (Normal) (G1 Evacuation Pause) 243M->75M(288M) 5.779ms
[2025-03-19T14:04:05.944+0000][22.007s][info ][gc,cpu      ] GC(40) User=0.02s Sys=0.00s Real=0.01s
[2025-03-19T14:04:05.944+0000][22.007s][info ][safepoint   ] Safepoint "G1CollectForAllocation", Time since last: 184612334 ns, Reaching safepoint: 48624 ns, Cleanup: 124448 ns, At safepoint: 5840794 ns, Total: 6013866 ns
[2025-03-19T14:04:06.693+0000][22.756s][debug][safepoint   ] Safepoint synchronization initiated using futex wait barrier. (19 threads)
[2025-03-19T14:04:06.693+0000][22.757s][info ][safepoint   ] Safepoint "ICBufferFull", Time since last: 749057529 ns, Reaching safepoint: 34752 ns, Cleanup: 102280 ns, At safepoint: 2021 ns, Total: 139053 ns
[2025-03-19T14:04:06.815+0000][22.878s][debug][safepoint   ] Safepoint synchronization initiated using futex wait barrier. (19 threads)
[2025-03-19T14:04:06.815+0000][22.878s][info ][gc,start    ] GC(41) Pause Young (Normal) (G1 Evacuation Pause)
[2025-03-19T14:04:06.815+0000][22.878s][info ][gc,task     ] GC(41) Using 4 workers of 4 for evacuation
[2025-03-19T14:04:06.828+0000][22.891s][info ][gc,phases   ] GC(41)   Pre Evacuate Collection Set: 0.1ms
[2025-03-19T14:04:06.828+0000][22.891s][info ][gc,phases   ] GC(41)   Merge Heap Roots: 0.1ms
[2025-03-19T14:04:06.828+0000][22.891s][info ][gc,phases   ] GC(41)   Evacuate Collection Set: 10.1ms
[2025-03-19T14:04:06.828+0000][22.891s][info ][gc,phases   ] GC(41)   Post Evacuate Collection Set: 2.3ms
[2025-03-19T14:04:06.828+0000][22.891s][info ][gc,phases   ] GC(41)   Other: 0.1ms
[2025-03-19T14:04:06.828+0000][22.891s][info ][gc,heap     ] GC(41) Eden regions: 168->0(165)
[2025-03-19T14:04:06.828+0000][22.891s][info ][gc,heap     ] GC(41) Survivor regions: 4->7(22)
[2025-03-19T14:04:06.828+0000][22.891s][info ][gc,heap     ] GC(41) Old regions: 72->72
[2025-03-19T14:04:06.828+0000][22.891s][info ][gc,heap     ] GC(41) Archive regions: 2->2
[2025-03-19T14:04:06.828+0000][22.891s][info ][gc,heap     ] GC(41) Humongous regions: 0->0
[2025-03-19T14:04:06.828+0000][22.891s][info ][gc,metaspace] GC(41) Metaspace: 84144K(84672K)->84144K(84672K) NonClass: 73128K(73408K)->73128K(73408K) Class: 11015K(11264K)->11015K(11264K)
[2025-03-19T14:04:06.828+0000][22.891s][info ][gc          ] GC(41) Pause Young (Normal) (G1 Evacuation Pause) 243M->78M(288M) 12.774ms
[2025-03-19T14:04:06.828+0000][22.891s][info ][gc,cpu      ] GC(41) User=0.04s Sys=0.00s Real=0.01s
[2025-03-19T14:04:06.828+0000][22.891s][info ][safepoint   ] Safepoint "G1CollectForAllocation", Time since last: 121782116 ns, Reaching safepoint: 36818 ns, Cleanup: 41412 ns, At safepoint: 12819482 ns, Total: 12897712 ns
[2025-03-19T14:04:07.403+0000][23.466s][debug][safepoint   ] Safepoint synchronization initiated using futex wait barrier. (20 threads)
[2025-03-19T14:04:07.404+0000][23.467s][info ][safepoint   ] Safepoint "ICBufferFull", Time since last: 575073697 ns, Reaching safepoint: 1043161 ns, Cleanup: 136417 ns, At safepoint: 12860 ns, Total: 1192438 ns
[2025-03-19T14:04:07.919+0000][23.982s][debug][safepoint   ] Safepoint synchronization initiated using futex wait barrier. (20 threads)
[2025-03-19T14:04:07.919+0000][23.983s][info ][safepoint   ] Safepoint "ICBufferFull", Time since last: 515012961 ns, Reaching safepoint: 117459 ns, Cleanup: 133158 ns, At safepoint: 3091 ns, Total: 253708 ns
[2025-03-19T14:04:08.470+0000][24.533s][debug][safepoint   ] Safepoint synchronization initiated using futex wait barrier. (20 threads)
[2025-03-19T14:04:08.470+0000][24.534s][info ][gc,start    ] GC(42) Pause Young (Normal) (G1 Evacuation Pause)
[2025-03-19T14:04:08.470+0000][24.534s][info ][gc,task     ] GC(42) Using 4 workers of 4 for evacuation
[2025-03-19T14:04:08.496+0000][24.560s][info ][gc,phases   ] GC(42)   Pre Evacuate Collection Set: 0.1ms
[2025-03-19T14:04:08.496+0000][24.560s][info ][gc,phases   ] GC(42)   Merge Heap Roots: 0.1ms
[2025-03-19T14:04:08.496+0000][24.560s][info ][gc,phases   ] GC(42)   Evacuate Collection Set: 22.9ms
[2025-03-19T14:04:08.496+0000][24.560s][info ][gc,phases   ] GC(42)   Post Evacuate Collection Set: 3.0ms
[2025-03-19T14:04:08.496+0000][24.560s][info ][gc,phases   ] GC(42)   Other: 0.1ms
[2025-03-19T14:04:08.496+0000][24.560s][info ][gc,heap     ] GC(42) Eden regions: 165->0(161)
[2025-03-19T14:04:08.496+0000][24.560s][info ][gc,heap     ] GC(42) Survivor regions: 7->11(22)
[2025-03-19T14:04:08.496+0000][24.560s][info ][gc,heap     ] GC(42) Old regions: 72->72
[2025-03-19T14:04:08.496+0000][24.560s][info ][gc,heap     ] GC(42) Archive regions: 2->2
[2025-03-19T14:04:08.496+0000][24.560s][info ][gc,heap     ] GC(42) Humongous regions: 0->0
[2025-03-19T14:04:08.496+0000][24.560s][info ][gc,metaspace] GC(42) Metaspace: 87285K(87872K)->87285K(87872K) NonClass: 76073K(76416K)->76073K(76416K) Class: 11211K(11456K)->11211K(11456K)
[2025-03-19T14:04:08.496+0000][24.560s][info ][gc          ] GC(42) Pause Young (Normal) (G1 Evacuation Pause) 243M->83M(288M) 26.327ms
[2025-03-19T14:04:08.496+0000][24.560s][info ][gc,cpu      ] GC(42) User=0.09s Sys=0.00s Real=0.02s
[2025-03-19T14:04:08.497+0000][24.560s][info ][safepoint   ] Safepoint "G1CollectForAllocation", Time since last: 550736504 ns, Reaching safepoint: 49144 ns, Cleanup: 52454 ns, At safepoint: 26391714 ns, Total: 26493312 ns
[2025-03-19T14:04:09.748+0000][25.811s][debug][safepoint   ] Safepoint synchronization initiated using futex wait barrier. (24 threads)
[2025-03-19T14:04:09.748+0000][25.812s][info ][gc,start    ] GC(43) Pause Young (Normal) (G1 Evacuation Pause)
[2025-03-19T14:04:09.748+0000][25.812s][info ][gc,task     ] GC(43) Using 4 workers of 4 for evacuation
[2025-03-19T14:04:09.789+0000][25.853s][info ][gc,phases   ] GC(43)   Pre Evacuate Collection Set: 0.1ms
[2025-03-19T14:04:09.789+0000][25.853s][info ][gc,phases   ] GC(43)   Merge Heap Roots: 0.2ms
[2025-03-19T14:04:09.789+0000][25.853s][info ][gc,phases   ] GC(43)   Evacuate Collection Set: 37.6ms
[2025-03-19T14:04:09.789+0000][25.853s][info ][gc,phases   ] GC(43)   Post Evacuate Collection Set: 3.0ms
[2025-03-19T14:04:09.789+0000][25.853s][info ][gc,phases   ] GC(43)   Other: 0.1ms
[2025-03-19T14:04:09.789+0000][25.853s][info ][gc,heap     ] GC(43) Eden regions: 161->0(155)
[2025-03-19T14:04:09.789+0000][25.853s][info ][gc,heap     ] GC(43) Survivor regions: 11->15(22)
[2025-03-19T14:04:09.789+0000][25.853s][info ][gc,heap     ] GC(43) Old regions: 72->72
[2025-03-19T14:04:09.789+0000][25.853s][info ][gc,heap     ] GC(43) Archive regions: 2->2
[2025-03-19T14:04:09.789+0000][25.853s][info ][gc,heap     ] GC(43) Humongous regions: 0->0
[2025-03-19T14:04:09.789+0000][25.853s][info ][gc,metaspace] GC(43) Metaspace: 90605K(91200K)->90605K(91200K) NonClass: 79044K(79360K)->79044K(79360K) Class: 11561K(11840K)->11561K(11840K)
[2025-03-19T14:04:09.789+0000][25.853s][info ][gc          ] GC(43) Pause Young (Normal) (G1 Evacuation Pause) 244M->87M(288M) 41.193ms
[2025-03-19T14:04:09.789+0000][25.853s][info ][gc,cpu      ] GC(43) User=0.13s Sys=0.00s Real=0.04s
[2025-03-19T14:04:09.789+0000][25.853s][info ][safepoint   ] Safepoint "G1CollectForAllocation", Time since last: 1251546629 ns, Reaching safepoint: 44642 ns, Cleanup: 132116 ns, At safepoint: 41255533 ns, Total: 41432291 ns
[2025-03-19T14:04:10.654+0000][26.718s][debug][safepoint   ] Safepoint synchronization initiated using futex wait barrier. (24 threads)
[2025-03-19T14:04:10.654+0000][26.718s][info ][safepoint   ] Safepoint "ICBufferFull", Time since last: 864646395 ns, Reaching safepoint: 122919 ns, Cleanup: 157934 ns, At safepoint: 8377 ns, Total: 289230 ns
[2025-03-19T14:04:11.035+0000][27.099s][debug][safepoint   ] Safepoint synchronization initiated using futex wait barrier. (24 threads)
[2025-03-19T14:04:11.035+0000][27.099s][info ][gc,start    ] GC(44) Pause Young (Normal) (G1 Evacuation Pause)
[2025-03-19T14:04:11.035+0000][27.099s][info ][gc,task     ] GC(44) Using 4 workers of 4 for evacuation
[2025-03-19T14:04:11.062+0000][27.125s][info ][gc,phases   ] GC(44)   Pre Evacuate Collection Set: 0.1ms
[2025-03-19T14:04:11.062+0000][27.125s][info ][gc,phases   ] GC(44)   Merge Heap Roots: 0.1ms
[2025-03-19T14:04:11.062+0000][27.125s][info ][gc,phases   ] GC(44)   Evacuate Collection Set: 23.7ms
[2025-03-19T14:04:11.062+0000][27.125s][info ][gc,phases   ] GC(44)   Post Evacuate Collection Set: 2.7ms
[2025-03-19T14:04:11.062+0000][27.125s][info ][gc,phases   ] GC(44)   Other: 0.1ms
[2025-03-19T14:04:11.062+0000][27.125s][info ][gc,heap     ] GC(44) Eden regions: 155->0(156)
[2025-03-19T14:04:11.062+0000][27.125s][info ][gc,heap     ] GC(44) Survivor regions: 15->12(22)
[2025-03-19T14:04:11.062+0000][27.125s][info ][gc,heap     ] GC(44) Old regions: 72->77
[2025-03-19T14:04:11.062+0000][27.125s][info ][gc,heap     ] GC(44) Archive regions: 2->2
[2025-03-19T14:04:11.062+0000][27.125s][info ][gc,heap     ] GC(44) Humongous regions: 0->0
[2025-03-19T14:04:11.062+0000][27.125s][info ][gc,metaspace] GC(44) Metaspace: 95486K(96000K)->95486K(96000K) NonClass: 83026K(83264K)->83026K(83264K) Class: 12459K(12736K)->12459K(12736K)
[2025-03-19T14:04:11.062+0000][27.125s][info ][gc          ] GC(44) Pause Young (Normal) (G1 Evacuation Pause) 242M->89M(288M) 26.750ms
[2025-03-19T14:04:11.062+0000][27.125s][info ][gc,cpu      ] GC(44) User=0.09s Sys=0.00s Real=0.03s
[2025-03-19T14:04:11.062+0000][27.126s][info ][safepoint   ] Safepoint "G1CollectForAllocation", Time since last: 380692604 ns, Reaching safepoint: 48524 ns, Cleanup: 96214 ns, At safepoint: 26817966 ns, Total: 26962704 ns
[2025-03-19T14:04:11.853+0000][27.917s][debug][safepoint   ] Safepoint synchronization initiated using futex wait barrier. (25 threads)
[2025-03-19T14:04:11.853+0000][27.917s][info ][gc,start    ] GC(45) Pause Young (Normal) (G1 Evacuation Pause)
[2025-03-19T14:04:11.853+0000][27.917s][info ][gc,task     ] GC(45) Using 4 workers of 4 for evacuation
[2025-03-19T14:04:11.881+0000][27.945s][info ][gc,phases   ] GC(45)   Pre Evacuate Collection Set: 0.1ms
[2025-03-19T14:04:11.881+0000][27.945s][info ][gc,phases   ] GC(45)   Merge Heap Roots: 0.1ms
[2025-03-19T14:04:11.881+0000][27.945s][info ][gc,phases   ] GC(45)   Evacuate Collection Set: 25.3ms
[2025-03-19T14:04:11.881+0000][27.945s][info ][gc,phases   ] GC(45)   Post Evacuate Collection Set: 2.1ms
[2025-03-19T14:04:11.881+0000][27.945s][info ][gc,phases   ] GC(45)   Other: 0.1ms
[2025-03-19T14:04:11.881+0000][27.945s][info ][gc,heap     ] GC(45) Eden regions: 156->0(153)
[2025-03-19T14:04:11.881+0000][27.945s][info ][gc,heap     ] GC(45) Survivor regions: 12->11(21)
[2025-03-19T14:04:11.881+0000][27.945s][info ][gc,heap     ] GC(45) Old regions: 77->82
[2025-03-19T14:04:11.881+0000][27.945s][info ][gc,heap     ] GC(45) Archive regions: 2->2
[2025-03-19T14:04:11.881+0000][27.945s][info ][gc,heap     ] GC(45) Humongous regions: 0->0
[2025-03-19T14:04:11.881+0000][27.945s][info ][gc,metaspace] GC(45) Metaspace: 99222K(99776K)->99222K(99776K) NonClass: 86222K(86528K)->86222K(86528K) Class: 13000K(13248K)->13000K(13248K)
[2025-03-19T14:04:11.881+0000][27.945s][info ][gc          ] GC(45) Pause Young (Normal) (G1 Evacuation Pause) 245M->92M(288M) 27.787ms
[2025-03-19T14:04:11.881+0000][27.945s][info ][gc,cpu      ] GC(45) User=0.09s Sys=0.00s Real=0.03s
[2025-03-19T14:04:11.881+0000][27.945s][info ][safepoint   ] Safepoint "G1CollectForAllocation", Time since last: 791229308 ns, Reaching safepoint: 43460 ns, Cleanup: 88409 ns, At safepoint: 27844224 ns, Total: 27976093 ns
[2025-03-19T14:04:12.882+0000][28.945s][debug][safepoint   ] Safepoint synchronization initiated using futex wait barrier. (27 threads)
[2025-03-19T14:04:12.882+0000][28.945s][debug][safepoint   ] ... found polling page loop exception at pc = 0x00007af8acf81326, stub =0x00007af8ac98eb80
[2025-03-19T14:04:12.882+0000][28.945s][info ][safepoint   ] Safepoint "Cleanup", Time since last: 1000585597 ns, Reaching safepoint: 113291 ns, Cleanup: 71564 ns, At safepoint: 2958 ns, Total: 187813 ns
[2025-03-19T14:04:13.244+0000][29.308s][debug][safepoint   ] Safepoint synchronization initiated using futex wait barrier. (27 threads)
[2025-03-19T14:04:13.245+0000][29.308s][info ][gc,start    ] GC(46) Pause Young (Normal) (G1 Evacuation Pause)
[2025-03-19T14:04:13.245+0000][29.308s][info ][gc,task     ] GC(46) Using 4 workers of 4 for evacuation
[2025-03-19T14:04:13.268+0000][29.332s][info ][gc,phases   ] GC(46)   Pre Evacuate Collection Set: 0.1ms
[2025-03-19T14:04:13.268+0000][29.332s][info ][gc,phases   ] GC(46)   Merge Heap Roots: 0.2ms
[2025-03-19T14:04:13.268+0000][29.332s][info ][gc,phases   ] GC(46)   Evacuate Collection Set: 20.3ms
[2025-03-19T14:04:13.268+0000][29.332s][info ][gc,phases   ] GC(46)   Post Evacuate Collection Set: 2.9ms
[2025-03-19T14:04:13.268+0000][29.332s][info ][gc,phases   ] GC(46)   Other: 0.1ms
[2025-03-19T14:04:13.268+0000][29.332s][info ][gc,heap     ] GC(46) Eden regions: 153->0(149)
[2025-03-19T14:04:13.268+0000][29.332s][info ][gc,heap     ] GC(46) Survivor regions: 11->13(21)
[2025-03-19T14:04:13.268+0000][29.332s][info ][gc,heap     ] GC(46) Old regions: 82->82
[2025-03-19T14:04:13.268+0000][29.332s][info ][gc,heap     ] GC(46) Archive regions: 2->2
[2025-03-19T14:04:13.268+0000][29.332s][info ][gc,heap     ] GC(46) Humongous regions: 0->0
[2025-03-19T14:04:13.268+0000][29.332s][info ][gc,metaspace] GC(46) Metaspace: 103847K(104448K)->103847K(104448K) NonClass: 90201K(90496K)->90201K(90496K) Class: 13645K(13952K)->13645K(13952K)
[2025-03-19T14:04:13.268+0000][29.332s][info ][gc          ] GC(46) Pause Young (Normal) (G1 Evacuation Pause) 245M->95M(288M) 23.672ms
[2025-03-19T14:04:13.268+0000][29.332s][info ][gc,cpu      ] GC(46) User=0.08s Sys=0.00s Real=0.02s
[2025-03-19T14:04:13.268+0000][29.332s][info ][safepoint   ] Safepoint "G1CollectForAllocation", Time since last: 362424873 ns, Reaching safepoint: 47534 ns, Cleanup: 49904 ns, At safepoint: 23727542 ns, Total: 23824980 ns
[2025-03-19T14:04:14.419+0000][30.483s][debug][safepoint   ] Safepoint synchronization initiated using futex wait barrier. (30 threads)
[2025-03-19T14:04:14.419+0000][30.483s][info ][gc,start    ] GC(47) Pause Young (Normal) (G1 Evacuation Pause)
[2025-03-19T14:04:14.419+0000][30.483s][info ][gc,task     ] GC(47) Using 4 workers of 4 for evacuation
[2025-03-19T14:04:14.440+0000][30.503s][info ][gc,phases   ] GC(47)   Pre Evacuate Collection Set: 0.1ms
[2025-03-19T14:04:14.440+0000][30.503s][info ][gc,phases   ] GC(47)   Merge Heap Roots: 0.1ms
[2025-03-19T14:04:14.440+0000][30.503s][info ][gc,phases   ] GC(47)   Evacuate Collection Set: 19.0ms
[2025-03-19T14:04:14.440+0000][30.503s][info ][gc,phases   ] GC(47)   Post Evacuate Collection Set: 1.2ms
[2025-03-19T14:04:14.440+0000][30.503s][info ][gc,phases   ] GC(47)   Other: 0.1ms
[2025-03-19T14:04:14.440+0000][30.503s][info ][gc,heap     ] GC(47) Eden regions: 149->0(145)
[2025-03-19T14:04:14.440+0000][30.503s][info ][gc,heap     ] GC(47) Survivor regions: 13->13(21)
[2025-03-19T14:04:14.440+0000][30.503s][info ][gc,heap     ] GC(47) Old regions: 82->86
[2025-03-19T14:04:14.440+0000][30.503s][info ][gc,heap     ] GC(47) Archive regions: 2->2
[2025-03-19T14:04:14.440+0000][30.503s][info ][gc,heap     ] GC(47) Humongous regions: 0->0
[2025-03-19T14:04:14.440+0000][30.503s][info ][gc,metaspace] GC(47) Metaspace: 107071K(107712K)->107071K(107712K) NonClass: 93101K(93440K)->93101K(93440K) Class: 13969K(14272K)->13969K(14272K)
[2025-03-19T14:04:14.440+0000][30.503s][info ][gc          ] GC(47) Pause Young (Normal) (G1 Evacuation Pause) 244M->98M(288M) 20.578ms
[2025-03-19T14:04:14.440+0000][30.503s][info ][gc,cpu      ] GC(47) User=0.08s Sys=0.00s Real=0.02s
[2025-03-19T14:04:14.440+0000][30.503s][info ][safepoint   ] Safepoint "G1CollectForAllocation", Time since last: 1150761306 ns, Reaching safepoint: 44852 ns, Cleanup: 96178 ns, At safepoint: 20672343 ns, Total: 20813373 ns
[2025-03-19T14:04:15.503+0000][31.566s][debug][safepoint   ] Safepoint synchronization initiated using futex wait barrier. (36 threads)
[2025-03-19T14:04:15.503+0000][31.566s][info ][gc,start    ] GC(48) Pause Young (Normal) (G1 Evacuation Pause)
[2025-03-19T14:04:15.533+0000][31.597s][info ][gc,task     ] GC(48) Using 4 workers of 4 for evacuation
[2025-03-19T14:04:15.559+0000][31.622s][info ][gc,phases   ] GC(48)   Pre Evacuate Collection Set: 0.1ms
[2025-03-19T14:04:15.559+0000][31.622s][info ][gc,phases   ] GC(48)   Merge Heap Roots: 0.1ms
[2025-03-19T14:04:15.559+0000][31.622s][info ][gc,phases   ] GC(48)   Evacuate Collection Set: 22.4ms
[2025-03-19T14:04:15.559+0000][31.622s][info ][gc,phases   ] GC(48)   Post Evacuate Collection Set: 2.5ms
[2025-03-19T14:04:15.559+0000][31.622s][info ][gc,phases   ] GC(48)   Other: 30.6ms
[2025-03-19T14:04:15.559+0000][31.622s][info ][gc,heap     ] GC(48) Eden regions: 145->0(141)
[2025-03-19T14:04:15.559+0000][31.622s][info ][gc,heap     ] GC(48) Survivor regions: 13->14(20)
[2025-03-19T14:04:15.559+0000][31.622s][info ][gc,heap     ] GC(48) Old regions: 86->88
[2025-03-19T14:04:15.559+0000][31.622s][info ][gc,heap     ] GC(48) Archive regions: 2->2
[2025-03-19T14:04:15.559+0000][31.622s][info ][gc,heap     ] GC(48) Humongous regions: 0->0
[2025-03-19T14:04:15.559+0000][31.622s][info ][gc,metaspace] GC(48) Metaspace: 109601K(110208K)->109601K(110208K) NonClass: 95373K(95680K)->95373K(95680K) Class: 14227K(14528K)->14227K(14528K)
[2025-03-19T14:04:15.559+0000][31.622s][info ][gc          ] GC(48) Pause Young (Normal) (G1 Evacuation Pause) 243M->102M(288M) 55.909ms
[2025-03-19T14:04:15.559+0000][31.622s][info ][gc,cpu      ] GC(48) User=0.13s Sys=0.00s Real=0.05s
[2025-03-19T14:04:15.559+0000][31.623s][info ][safepoint   ] Safepoint "G1CollectForAllocation", Time since last: 1062795546 ns, Reaching safepoint: 125038 ns, Cleanup: 93920 ns, At safepoint: 56574694 ns, Total: 56793652 ns
[2025-03-19T14:04:16.265+0000][32.328s][debug][safepoint   ] Safepoint synchronization initiated using futex wait barrier. (40 threads)
[2025-03-19T14:04:16.265+0000][32.328s][info ][gc,start    ] GC(49) Pause Young (Concurrent Start) (Metadata GC Threshold)
[2025-03-19T14:04:16.265+0000][32.328s][info ][gc,task     ] GC(49) Using 4 workers of 4 for evacuation
[2025-03-19T14:04:16.281+0000][32.345s][info ][gc,phases   ] GC(49)   Pre Evacuate Collection Set: 0.2ms
[2025-03-19T14:04:16.281+0000][32.345s][info ][gc,phases   ] GC(49)   Merge Heap Roots: 0.1ms
[2025-03-19T14:04:16.281+0000][32.345s][info ][gc,phases   ] GC(49)   Evacuate Collection Set: 14.7ms
[2025-03-19T14:04:16.281+0000][32.345s][info ][gc,phases   ] GC(49)   Post Evacuate Collection Set: 1.3ms
[2025-03-19T14:04:16.281+0000][32.345s][info ][gc,phases   ] GC(49)   Other: 0.1ms
[2025-03-19T14:04:16.281+0000][32.345s][info ][gc,heap     ] GC(49) Eden regions: 86->0(140)
[2025-03-19T14:04:16.281+0000][32.345s][info ][gc,heap     ] GC(49) Survivor regions: 14->13(20)
[2025-03-19T14:04:16.281+0000][32.345s][info ][gc,heap     ] GC(49) Old regions: 88->91
[2025-03-19T14:04:16.281+0000][32.345s][info ][gc,heap     ] GC(49) Archive regions: 2->2
[2025-03-19T14:04:16.281+0000][32.345s][info ][gc,heap     ] GC(49) Humongous regions: 0->0
[2025-03-19T14:04:16.281+0000][32.345s][info ][gc,metaspace] GC(49) Metaspace: 112173K(112768K)->112173K(112768K) NonClass: 97684K(97984K)->97684K(97984K) Class: 14488K(14784K)->14488K(14784K)
[2025-03-19T14:04:16.281+0000][32.345s][info ][gc          ] GC(49) Pause Young (Concurrent Start) (Metadata GC Threshold) 188M->104M(288M) 16.433ms
[2025-03-19T14:04:16.281+0000][32.345s][info ][gc,cpu      ] GC(49) User=0.06s Sys=0.00s Real=0.02s
[2025-03-19T14:04:16.281+0000][32.345s][info ][gc          ] GC(50) Concurrent Mark Cycle
[2025-03-19T14:04:16.281+0000][32.345s][info ][gc,marking  ] GC(50) Concurrent Clear Claimed Marks
[2025-03-19T14:04:16.281+0000][32.345s][info ][gc,marking  ] GC(50) Concurrent Clear Claimed Marks 0.089ms
[2025-03-19T14:04:16.281+0000][32.345s][info ][gc,marking  ] GC(50) Concurrent Scan Root Regions
[2025-03-19T14:04:16.281+0000][32.345s][info ][safepoint   ] Safepoint "CollectForMetadataAllocation", Time since last: 705113909 ns, Reaching safepoint: 58150 ns, Cleanup: 71563 ns, At safepoint: 16606843 ns, Total: 16736556 ns
[2025-03-19T14:04:16.298+0000][32.361s][info ][gc,marking  ] GC(50) Concurrent Scan Root Regions 16.590ms
[2025-03-19T14:04:16.298+0000][32.361s][info ][gc,marking  ] GC(50) Concurrent Mark
[2025-03-19T14:04:16.298+0000][32.361s][info ][gc,marking  ] GC(50) Concurrent Mark From Roots
[2025-03-19T14:04:16.298+0000][32.361s][info ][gc,task     ] GC(50) Using 1 workers of 1 for marking
[2025-03-19T14:04:16.312+0000][32.376s][debug][safepoint   ] Safepoint synchronization initiated using futex wait barrier. (40 threads)
[2025-03-19T14:04:16.313+0000][32.376s][info ][safepoint   ] Safepoint "CollectForMetadataAllocation", Time since last: 31085517 ns, Reaching safepoint: 63251 ns, Cleanup: 3681 ns, At safepoint: 43932 ns, Total: 110864 ns
[2025-03-19T14:04:16.472+0000][32.535s][info ][gc,marking  ] GC(50) Concurrent Mark From Roots 173.809ms
[2025-03-19T14:04:16.472+0000][32.535s][info ][gc,marking  ] GC(50) Concurrent Preclean
[2025-03-19T14:04:16.477+0000][32.540s][info ][gc,marking  ] GC(50) Concurrent Preclean 5.085ms
[2025-03-19T14:04:16.477+0000][32.541s][debug][safepoint   ] Safepoint synchronization initiated using futex wait barrier. (40 threads)
[2025-03-19T14:04:16.477+0000][32.541s][debug][safepoint   ] ... found polling page loop exception at pc = 0x00007af8ad5ec2e8, stub =0x00007af8ac98f400
[2025-03-19T14:04:16.478+0000][32.541s][info ][gc,start    ] GC(50) Pause Remark
[2025-03-19T14:04:16.485+0000][32.549s][info ][gc          ] GC(50) Pause Remark 131M->131M(288M) 7.761ms
[2025-03-19T14:04:16.485+0000][32.549s][info ][gc,cpu      ] GC(50) User=0.02s Sys=0.00s Real=0.01s
[2025-03-19T14:04:16.486+0000][32.549s][info ][safepoint   ] Safepoint "G1PauseRemark", Time since last: 164839444 ns, Reaching safepoint: 132004 ns, Cleanup: 60163 ns, At safepoint: 8009161 ns, Total: 8201328 ns
[2025-03-19T14:04:16.486+0000][32.549s][info ][gc,marking  ] GC(50) Concurrent Mark 187.637ms
[2025-03-19T14:04:16.486+0000][32.549s][info ][gc,marking  ] GC(50) Concurrent Rebuild Remembered Sets
[2025-03-19T14:04:16.618+0000][32.681s][info ][gc,marking  ] GC(50) Concurrent Rebuild Remembered Sets 132.317ms
[2025-03-19T14:04:16.618+0000][32.681s][debug][safepoint   ] Safepoint synchronization initiated using futex wait barrier. (40 threads)
[2025-03-19T14:04:16.618+0000][32.681s][info ][gc,start    ] GC(50) Pause Cleanup
[2025-03-19T14:04:16.618+0000][32.682s][info ][gc          ] GC(50) Pause Cleanup 140M->140M(288M) 0.135ms
[2025-03-19T14:04:16.618+0000][32.682s][info ][gc,cpu      ] GC(50) User=0.00s Sys=0.00s Real=0.00s
[2025-03-19T14:04:16.618+0000][32.682s][info ][safepoint   ] Safepoint "G1PauseCleanup", Time since last: 132415970 ns, Reaching safepoint: 14401 ns, Cleanup: 50672 ns, At safepoint: 169830 ns, Total: 234903 ns
[2025-03-19T14:04:16.618+0000][32.682s][info ][gc,marking  ] GC(50) Concurrent Cleanup for Next Mark
[2025-03-19T14:04:16.619+0000][32.682s][info ][gc,marking  ] GC(50) Concurrent Cleanup for Next Mark 0.775ms
[2025-03-19T14:04:16.619+0000][32.682s][info ][gc          ] GC(50) Concurrent Mark Cycle 337.835ms
[2025-03-19T14:04:17.023+0000][33.086s][debug][safepoint   ] Safepoint synchronization initiated using futex wait barrier. (41 threads)
[2025-03-19T14:04:17.023+0000][33.087s][info ][safepoint   ] Safepoint "ICBufferFull", Time since last: 404795174 ns, Reaching safepoint: 49546 ns, Cleanup: 137893 ns, At safepoint: 2544 ns, Total: 189983 ns
[2025-03-19T14:04:17.912+0000][33.975s][debug][safepoint   ] Safepoint synchronization initiated using futex wait barrier. (41 threads)
[2025-03-19T14:04:17.912+0000][33.976s][info ][safepoint   ] Safepoint "ICBufferFull", Time since last: 888753622 ns, Reaching safepoint: 45346 ns, Cleanup: 162519 ns, At safepoint: 3379 ns, Total: 211244 ns
[2025-03-19T14:04:17.935+0000][33.998s][debug][safepoint   ] Safepoint synchronization initiated using futex wait barrier. (41 threads)
[2025-03-19T14:04:17.935+0000][33.998s][info ][gc,start    ] GC(51) Pause Young (Prepare Mixed) (G1 Evacuation Pause)
[2025-03-19T14:04:17.935+0000][33.998s][info ][gc,task     ] GC(51) Using 4 workers of 4 for evacuation
[2025-03-19T14:04:17.954+0000][34.018s][info ][gc,phases   ] GC(51)   Pre Evacuate Collection Set: 0.1ms
[2025-03-19T14:04:17.954+0000][34.018s][info ][gc,phases   ] GC(51)   Merge Heap Roots: 0.2ms
[2025-03-19T14:04:17.954+0000][34.018s][info ][gc,phases   ] GC(51)   Evacuate Collection Set: 17.7ms
[2025-03-19T14:04:17.954+0000][34.018s][info ][gc,phases   ] GC(51)   Post Evacuate Collection Set: 1.4ms
[2025-03-19T14:04:17.954+0000][34.018s][info ][gc,phases   ] GC(51)   Other: 0.1ms
[2025-03-19T14:04:17.954+0000][34.018s][info ][gc,heap     ] GC(51) Eden regions: 140->0(1)
[2025-03-19T14:04:17.954+0000][34.018s][info ][gc,heap     ] GC(51) Survivor regions: 13->13(20)
[2025-03-19T14:04:17.954+0000][34.018s][info ][gc,heap     ] GC(51) Old regions: 91->94
[2025-03-19T14:04:17.954+0000][34.018s][info ][gc,heap     ] GC(51) Archive regions: 2->2
[2025-03-19T14:04:17.954+0000][34.018s][info ][gc,heap     ] GC(51) Humongous regions: 0->0
[2025-03-19T14:04:17.954+0000][34.018s][info ][gc,metaspace] GC(51) Metaspace: 115029K(115712K)->115029K(115712K) NonClass: 100205K(100544K)->100205K(100544K) Class: 14824K(15168K)->14824K(15168K)
[2025-03-19T14:04:17.954+0000][34.018s][info ][gc          ] GC(51) Pause Young (Prepare Mixed) (G1 Evacuation Pause) 244M->107M(288M) 19.621ms
[2025-03-19T14:04:17.954+0000][34.018s][info ][gc,cpu      ] GC(51) User=0.07s Sys=0.00s Real=0.02s
[2025-03-19T14:04:17.955+0000][34.018s][info ][safepoint   ] Safepoint "G1CollectForAllocation", Time since last: 22601546 ns, Reaching safepoint: 49125 ns, Cleanup: 9612 ns, At safepoint: 19745608 ns, Total: 19804345 ns
[2025-03-19T14:04:17.966+0000][34.030s][debug][safepoint   ] Safepoint synchronization initiated using futex wait barrier. (41 threads)
[2025-03-19T14:04:17.966+0000][34.030s][info ][gc,start    ] GC(52) Pause Young (Mixed) (G1 Evacuation Pause)
[2025-03-19T14:04:17.966+0000][34.030s][info ][gc,task     ] GC(52) Using 4 workers of 4 for evacuation
[2025-03-19T14:04:17.987+0000][34.051s][info ][gc,phases   ] GC(52)   Pre Evacuate Collection Set: 0.1ms
[2025-03-19T14:04:17.987+0000][34.051s][info ][gc,phases   ] GC(52)   Merge Heap Roots: 0.1ms
[2025-03-19T14:04:17.987+0000][34.051s][info ][gc,phases   ] GC(52)   Evacuate Collection Set: 19.3ms
[2025-03-19T14:04:17.987+0000][34.051s][info ][gc,phases   ] GC(52)   Post Evacuate Collection Set: 1.3ms
[2025-03-19T14:04:17.987+0000][34.051s][info ][gc,phases   ] GC(52)   Other: 0.1ms
[2025-03-19T14:04:17.987+0000][34.051s][info ][gc,heap     ] GC(52) Eden regions: 1->0(140)
[2025-03-19T14:04:17.987+0000][34.051s][info ][gc,heap     ] GC(52) Survivor regions: 13->2(2)
[2025-03-19T14:04:17.987+0000][34.051s][info ][gc,heap     ] GC(52) Old regions: 94->104
[2025-03-19T14:04:17.987+0000][34.051s][info ][gc,heap     ] GC(52) Archive regions: 2->2
[2025-03-19T14:04:17.987+0000][34.051s][info ][gc,heap     ] GC(52) Humongous regions: 0->0
[2025-03-19T14:04:17.987+0000][34.051s][info ][gc,metaspace] GC(52) Metaspace: 115063K(115776K)->115063K(115776K) NonClass: 100237K(100608K)->100237K(100608K) Class: 14826K(15168K)->14826K(15168K)
[2025-03-19T14:04:17.987+0000][34.051s][info ][gc          ] GC(52) Pause Young (Mixed) (G1 Evacuation Pause) 108M->106M(288M) 21.100ms
[2025-03-19T14:04:17.987+0000][34.051s][info ][gc,cpu      ] GC(52) User=0.08s Sys=0.00s Real=0.02s
[2025-03-19T14:04:17.988+0000][34.051s][info ][safepoint   ] Safepoint "G1CollectForAllocation", Time since last: 11747205 ns, Reaching safepoint: 42164 ns, Cleanup: 7387 ns, At safepoint: 21234915 ns, Total: 21284466 ns
[2025-03-19T14:04:18.373+0000][34.437s][debug][safepoint   ] ... found polling page loop exception at pc = 0x00007af8ad582898, stub =0x00007af8ac98f400
[2025-03-19T14:04:19.005+0000][35.069s][debug][safepoint   ] Safepoint synchronization initiated using futex wait barrier. (42 threads)
[2025-03-19T14:04:19.005+0000][35.069s][info ][safepoint   ] Safepoint "ICBufferFull", Time since last: 1017645782 ns, Reaching safepoint: 52086 ns, Cleanup: 178249 ns, At safepoint: 7088 ns, Total: 237423 ns
[2025-03-19T14:04:19.148+0000][35.212s][debug][safepoint   ] Safepoint synchronization initiated using futex wait barrier. (42 threads)
[2025-03-19T14:04:19.148+0000][35.212s][info ][gc,start    ] GC(53) Pause Young (Concurrent Start) (G1 Evacuation Pause)
[2025-03-19T14:04:19.148+0000][35.212s][info ][gc,task     ] GC(53) Using 4 workers of 4 for evacuation
[2025-03-19T14:04:19.167+0000][35.231s][info ][gc,phases   ] GC(53)   Pre Evacuate Collection Set: 0.2ms
[2025-03-19T14:04:19.167+0000][35.231s][info ][gc,phases   ] GC(53)   Merge Heap Roots: 0.2ms
[2025-03-19T14:04:19.167+0000][35.231s][info ][gc,phases   ] GC(53)   Evacuate Collection Set: 15.9ms
[2025-03-19T14:04:19.167+0000][35.231s][info ][gc,phases   ] GC(53)   Post Evacuate Collection Set: 2.3ms
[2025-03-19T14:04:19.167+0000][35.231s][info ][gc,phases   ] GC(53)   Other: 0.1ms
[2025-03-19T14:04:19.167+0000][35.231s][info ][gc,heap     ] GC(53) Eden regions: 140->0(140)
[2025-03-19T14:04:19.167+0000][35.231s][info ][gc,heap     ] GC(53) Survivor regions: 2->3(18)
[2025-03-19T14:04:19.167+0000][35.231s][info ][gc,heap     ] GC(53) Old regions: 104->104
[2025-03-19T14:04:19.167+0000][35.231s][info ][gc,heap     ] GC(53) Archive regions: 2->2
[2025-03-19T14:04:19.167+0000][35.231s][info ][gc,heap     ] GC(53) Humongous regions: 0->0
[2025-03-19T14:04:19.167+0000][35.231s][info ][gc,metaspace] GC(53) Metaspace: 116633K(117376K)->116633K(117376K) NonClass: 101620K(102016K)->101620K(102016K) Class: 15013K(15360K)->15013K(15360K)
[2025-03-19T14:04:19.167+0000][35.231s][info ][gc          ] GC(53) Pause Young (Concurrent Start) (G1 Evacuation Pause) 246M->107M(288M) 18.839ms
[2025-03-19T14:04:19.168+0000][35.231s][info ][gc,cpu      ] GC(53) User=0.05s Sys=0.00s Real=0.02s
[2025-03-19T14:04:19.168+0000][35.231s][info ][gc          ] GC(54) Concurrent Mark Cycle
[2025-03-19T14:04:19.168+0000][35.231s][info ][gc,marking  ] GC(54) Concurrent Clear Claimed Marks
[2025-03-19T14:04:19.168+0000][35.231s][info ][gc,marking  ] GC(54) Concurrent Clear Claimed Marks 0.091ms
[2025-03-19T14:04:19.168+0000][35.231s][info ][gc,marking  ] GC(54) Concurrent Scan Root Regions
[2025-03-19T14:04:19.168+0000][35.231s][info ][safepoint   ] Safepoint "G1CollectForAllocation", Time since last: 142850534 ns, Reaching safepoint: 45682 ns, Cleanup: 27673 ns, At safepoint: 19309593 ns, Total: 19382948 ns
[2025-03-19T14:04:19.178+0000][35.241s][info ][gc,marking  ] GC(54) Concurrent Scan Root Regions 10.236ms
[2025-03-19T14:04:19.178+0000][35.241s][info ][gc,marking  ] GC(54) Concurrent Mark
[2025-03-19T14:04:19.178+0000][35.241s][info ][gc,marking  ] GC(54) Concurrent Mark From Roots
[2025-03-19T14:04:19.178+0000][35.241s][info ][gc,task     ] GC(54) Using 1 workers of 1 for marking
[2025-03-19T14:04:19.456+0000][35.520s][info ][gc,marking  ] GC(54) Concurrent Mark From Roots 278.132ms
[2025-03-19T14:04:19.456+0000][35.520s][info ][gc,marking  ] GC(54) Concurrent Preclean
[2025-03-19T14:04:19.457+0000][35.520s][info ][gc,marking  ] GC(54) Concurrent Preclean 0.391ms
[2025-03-19T14:04:19.457+0000][35.520s][debug][safepoint   ] Safepoint synchronization initiated using futex wait barrier. (45 threads)
[2025-03-19T14:04:19.457+0000][35.520s][info ][gc,start    ] GC(54) Pause Remark
[2025-03-19T14:04:19.467+0000][35.531s][info ][gc          ] GC(54) Pause Remark 131M->131M(288M) 10.590ms
[2025-03-19T14:04:19.467+0000][35.531s][info ][gc,cpu      ] GC(54) User=0.04s Sys=0.00s Real=0.01s
[2025-03-19T14:04:19.468+0000][35.531s][info ][safepoint   ] Safepoint "G1PauseRemark", Time since last: 288874953 ns, Reaching safepoint: 85998 ns, Cleanup: 17181 ns, At safepoint: 11032827 ns, Total: 11136006 ns
[2025-03-19T14:04:19.468+0000][35.531s][info ][gc,marking  ] GC(54) Concurrent Mark 289.778ms
[2025-03-19T14:04:19.468+0000][35.531s][info ][gc,marking  ] GC(54) Concurrent Rebuild Remembered Sets
[2025-03-19T14:04:19.614+0000][35.678s][info ][gc,marking  ] GC(54) Concurrent Rebuild Remembered Sets 146.336ms
[2025-03-19T14:04:19.614+0000][35.678s][debug][safepoint   ] Safepoint synchronization initiated using futex wait barrier. (45 threads)
[2025-03-19T14:04:19.614+0000][35.678s][info ][gc,start    ] GC(54) Pause Cleanup
[2025-03-19T14:04:19.614+0000][35.678s][info ][gc          ] GC(54) Pause Cleanup 140M->140M(288M) 0.154ms
[2025-03-19T14:04:19.614+0000][35.678s][info ][gc,cpu      ] GC(54) User=0.00s Sys=0.00s Real=0.00s
[2025-03-19T14:04:19.614+0000][35.678s][info ][safepoint   ] Safepoint "G1PauseCleanup", Time since last: 146448525 ns, Reaching safepoint: 88375 ns, Cleanup: 18943 ns, At safepoint: 196763 ns, Total: 304081 ns
[2025-03-19T14:04:19.617+0000][35.680s][info ][gc,marking  ] GC(54) Concurrent Cleanup for Next Mark
[2025-03-19T14:04:19.617+0000][35.680s][info ][gc,marking  ] GC(54) Concurrent Cleanup for Next Mark 0.339ms
[2025-03-19T14:04:19.617+0000][35.680s][info ][gc          ] GC(54) Concurrent Mark Cycle 449.393ms
[2025-03-19T14:04:20.595+0000][36.658s][debug][safepoint   ] Safepoint synchronization initiated using futex wait barrier. (45 threads)
[2025-03-19T14:04:20.595+0000][36.659s][info ][gc,start    ] GC(55) Pause Young (Prepare Mixed) (G1 Evacuation Pause)
[2025-03-19T14:04:20.595+0000][36.659s][info ][gc,task     ] GC(55) Using 4 workers of 4 for evacuation
[2025-03-19T14:04:20.606+0000][36.670s][info ][gc,phases   ] GC(55)   Pre Evacuate Collection Set: 0.1ms
[2025-03-19T14:04:20.606+0000][36.670s][info ][gc,phases   ] GC(55)   Merge Heap Roots: 0.1ms
[2025-03-19T14:04:20.606+0000][36.670s][info ][gc,phases   ] GC(55)   Evacuate Collection Set: 9.4ms
[2025-03-19T14:04:20.606+0000][36.670s][info ][gc,phases   ] GC(55)   Post Evacuate Collection Set: 1.1ms
[2025-03-19T14:04:20.606+0000][36.670s][info ][gc,phases   ] GC(55)   Other: 0.1ms
[2025-03-19T14:04:20.606+0000][36.670s][info ][gc,heap     ] GC(55) Eden regions: 140->0(5)
[2025-03-19T14:04:20.606+0000][36.670s][info ][gc,heap     ] GC(55) Survivor regions: 3->9(18)
[2025-03-19T14:04:20.606+0000][36.670s][info ][gc,heap     ] GC(55) Old regions: 104->104
[2025-03-19T14:04:20.606+0000][36.670s][info ][gc,heap     ] GC(55) Archive regions: 2->2
[2025-03-19T14:04:20.606+0000][36.670s][info ][gc,heap     ] GC(55) Humongous regions: 0->0
[2025-03-19T14:04:20.606+0000][36.670s][info ][gc,metaspace] GC(55) Metaspace: 123257K(124160K)->123257K(124160K) NonClass: 107480K(107968K)->107480K(107968K) Class: 15776K(16192K)->15776K(16192K)
[2025-03-19T14:04:20.606+0000][36.670s][info ][gc          ] GC(55) Pause Young (Prepare Mixed) (G1 Evacuation Pause) 247M->112M(288M) 11.012ms
[2025-03-19T14:04:20.606+0000][36.670s][info ][gc,cpu      ] GC(55) User=0.03s Sys=0.01s Real=0.01s
[2025-03-19T14:04:20.606+0000][36.670s][info ][safepoint   ] Safepoint "G1CollectForAllocation", Time since last: 980530382 ns, Reaching safepoint: 54233 ns, Cleanup: 103150 ns, At safepoint: 11282516 ns, Total: 11439899 ns
[2025-03-19T14:04:20.650+0000][36.713s][debug][safepoint   ] Safepoint synchronization initiated using futex wait barrier. (45 threads)
[2025-03-19T14:04:20.650+0000][36.713s][info ][gc,start    ] GC(56) Pause Young (Mixed) (G1 Evacuation Pause)
[2025-03-19T14:04:20.650+0000][36.713s][info ][gc,task     ] GC(56) Using 4 workers of 4 for evacuation
[2025-03-19T14:04:20.669+0000][36.733s][info ][gc,phases   ] GC(56)   Pre Evacuate Collection Set: 0.1ms
[2025-03-19T14:04:20.669+0000][36.733s][info ][gc,phases   ] GC(56)   Merge Heap Roots: 0.2ms
[2025-03-19T14:04:20.669+0000][36.733s][info ][gc,phases   ] GC(56)   Evacuate Collection Set: 17.8ms
[2025-03-19T14:04:20.669+0000][36.733s][info ][gc,phases   ] GC(56)   Post Evacuate Collection Set: 1.4ms
[2025-03-19T14:04:20.669+0000][36.733s][info ][gc,phases   ] GC(56)   Other: 0.1ms
[2025-03-19T14:04:20.669+0000][36.733s][info ][gc,heap     ] GC(56) Eden regions: 5->0(133)
[2025-03-19T14:04:20.669+0000][36.733s][info ][gc,heap     ] GC(56) Survivor regions: 9->1(2)
[2025-03-19T14:04:20.669+0000][36.733s][info ][gc,heap     ] GC(56) Old regions: 104->111
[2025-03-19T14:04:20.669+0000][36.733s][info ][gc,heap     ] GC(56) Archive regions: 2->2
[2025-03-19T14:04:20.669+0000][36.733s][info ][gc,heap     ] GC(56) Humongous regions: 0->0
[2025-03-19T14:04:20.669+0000][36.733s][info ][gc,metaspace] GC(56) Metaspace: 123513K(124416K)->123513K(124416K) NonClass: 107684K(108160K)->107684K(108160K) Class: 15828K(16256K)->15828K(16256K)
[2025-03-19T14:04:20.669+0000][36.733s][info ][gc          ] GC(56) Pause Young (Mixed) (G1 Evacuation Pause) 117M->112M(288M) 19.651ms
[2025-03-19T14:04:20.669+0000][36.733s][info ][gc,cpu      ] GC(56) User=0.07s Sys=0.00s Real=0.02s
[2025-03-19T14:04:20.670+0000][36.733s][info ][safepoint   ] Safepoint "G1CollectForAllocation", Time since last: 43283275 ns, Reaching safepoint: 40006 ns, Cleanup: 20952 ns, At safepoint: 19751668 ns, Total: 19812626 ns
[2025-03-19T14:04:21.513+0000][37.577s][debug][safepoint   ] Safepoint synchronization initiated using futex wait barrier. (53 threads)
[2025-03-19T14:04:21.513+0000][37.577s][info ][safepoint   ] Safepoint "ICBufferFull", Time since last: 843701215 ns, Reaching safepoint: 56307 ns, Cleanup: 139205 ns, At safepoint: 3242 ns, Total: 198754 ns
[2025-03-19T14:04:21.571+0000][37.635s][debug][safepoint   ] Safepoint synchronization initiated using futex wait barrier. (53 threads)
[2025-03-19T14:04:21.571+0000][37.635s][info ][gc,start    ] GC(57) Pause Young (Normal) (G1 Evacuation Pause)
[2025-03-19T14:04:21.571+0000][37.635s][info ][gc,task     ] GC(57) Using 4 workers of 4 for evacuation
[2025-03-19T14:04:21.584+0000][37.648s][info ][gc,phases   ] GC(57)   Pre Evacuate Collection Set: 0.1ms
[2025-03-19T14:04:21.584+0000][37.648s][info ][gc,phases   ] GC(57)   Merge Heap Roots: 0.1ms
[2025-03-19T14:04:21.584+0000][37.648s][info ][gc,phases   ] GC(57)   Evacuate Collection Set: 11.4ms
[2025-03-19T14:04:21.584+0000][37.648s][info ][gc,phases   ] GC(57)   Post Evacuate Collection Set: 1.2ms
[2025-03-19T14:04:21.584+0000][37.648s][info ][gc,phases   ] GC(57)   Other: 0.1ms
[2025-03-19T14:04:21.584+0000][37.648s][info ][gc,heap     ] GC(57) Eden regions: 133->0(132)
[2025-03-19T14:04:21.584+0000][37.648s][info ][gc,heap     ] GC(57) Survivor regions: 1->3(17)
[2025-03-19T14:04:21.584+0000][37.648s][info ][gc,heap     ] GC(57) Old regions: 111->111
[2025-03-19T14:04:21.584+0000][37.648s][info ][gc,heap     ] GC(57) Archive regions: 2->2
[2025-03-19T14:04:21.584+0000][37.648s][info ][gc,heap     ] GC(57) Humongous regions: 1->0
[2025-03-19T14:04:21.584+0000][37.648s][info ][gc,metaspace] GC(57) Metaspace: 129921K(130944K)->129921K(130944K) NonClass: 113476K(113984K)->113476K(113984K) Class: 16444K(16960K)->16444K(16960K)
[2025-03-19T14:04:21.584+0000][37.648s][info ][gc          ] GC(57) Pause Young (Normal) (G1 Evacuation Pause) 246M->113M(288M) 13.051ms
[2025-03-19T14:04:21.584+0000][37.648s][info ][gc,cpu      ] GC(57) User=0.04s Sys=0.00s Real=0.01s
[2025-03-19T14:04:21.584+0000][37.648s][info ][safepoint   ] Safepoint "G1CollectForAllocation", Time since last: 57660158 ns, Reaching safepoint: 48164 ns, Cleanup: 13010 ns, At safepoint: 13117452 ns, Total: 13178626 ns
[2025-03-19T14:04:22.148+0000][38.211s][debug][safepoint   ] Safepoint synchronization initiated using futex wait barrier. (52 threads)
[2025-03-19T14:04:22.148+0000][38.211s][info ][gc,start    ] GC(58) Pause Young (Normal) (G1 Evacuation Pause)
[2025-03-19T14:04:22.148+0000][38.211s][info ][gc,task     ] GC(58) Using 4 workers of 4 for evacuation
[2025-03-19T14:04:22.154+0000][38.218s][info ][gc,phases   ] GC(58)   Pre Evacuate Collection Set: 0.1ms
[2025-03-19T14:04:22.154+0000][38.218s][info ][gc,phases   ] GC(58)   Merge Heap Roots: 0.1ms
[2025-03-19T14:04:22.154+0000][38.218s][info ][gc,phases   ] GC(58)   Evacuate Collection Set: 4.8ms
[2025-03-19T14:04:22.154+0000][38.218s][info ][gc,phases   ] GC(58)   Post Evacuate Collection Set: 1.2ms
[2025-03-19T14:04:22.154+0000][38.218s][info ][gc,phases   ] GC(58)   Other: 0.1ms
[2025-03-19T14:04:22.154+0000][38.218s][info ][gc,heap     ] GC(58) Eden regions: 132->0(132)
[2025-03-19T14:04:22.154+0000][38.218s][info ][gc,heap     ] GC(58) Survivor regions: 3->4(17)
[2025-03-19T14:04:22.154+0000][38.218s][info ][gc,heap     ] GC(58) Old regions: 111->111
[2025-03-19T14:04:22.154+0000][38.218s][info ][gc,heap     ] GC(58) Archive regions: 2->2
[2025-03-19T14:04:22.154+0000][38.218s][info ][gc,heap     ] GC(58) Humongous regions: 0->0
[2025-03-19T14:04:22.154+0000][38.218s][info ][gc,metaspace] GC(58) Metaspace: 132945K(133952K)->132945K(133952K) NonClass: 116118K(116672K)->116118K(116672K) Class: 16826K(17280K)->16826K(17280K)
[2025-03-19T14:04:22.154+0000][38.218s][info ][gc          ] GC(58) Pause Young (Normal) (G1 Evacuation Pause) 245M->114M(288M) 6.353ms
[2025-03-19T14:04:22.154+0000][38.218s][info ][gc,cpu      ] GC(58) User=0.02s Sys=0.00s Real=0.01s
[2025-03-19T14:04:22.154+0000][38.218s][info ][safepoint   ] Safepoint "G1CollectForAllocation", Time since last: 563654529 ns, Reaching safepoint: 39718 ns, Cleanup: 10069 ns, At safepoint: 6408599 ns, Total: 6458386 ns
[2025-03-19T14:04:22.938+0000][39.001s][debug][safepoint   ] Safepoint synchronization initiated using futex wait barrier. (54 threads)
[2025-03-19T14:04:22.938+0000][39.002s][info ][safepoint   ] Safepoint "ICBufferFull", Time since last: 783662900 ns, Reaching safepoint: 59263 ns, Cleanup: 150356 ns, At safepoint: 7353 ns, Total: 216972 ns
[2025-03-19T14:04:23.069+0000][39.133s][debug][safepoint   ] Safepoint synchronization initiated using futex wait barrier. (54 threads)
[2025-03-19T14:04:23.069+0000][39.133s][info ][gc,start    ] GC(59) Pause Young (Normal) (G1 Evacuation Pause)
[2025-03-19T14:04:23.069+0000][39.133s][info ][gc,task     ] GC(59) Using 4 workers of 4 for evacuation
[2025-03-19T14:04:23.081+0000][39.145s][info ][gc,phases   ] GC(59)   Pre Evacuate Collection Set: 0.1ms
[2025-03-19T14:04:23.081+0000][39.145s][info ][gc,phases   ] GC(59)   Merge Heap Roots: 0.1ms
[2025-03-19T14:04:23.081+0000][39.145s][info ][gc,phases   ] GC(59)   Evacuate Collection Set: 9.6ms
[2025-03-19T14:04:23.081+0000][39.145s][info ][gc,phases   ] GC(59)   Post Evacuate Collection Set: 1.8ms
[2025-03-19T14:04:23.081+0000][39.145s][info ][gc,phases   ] GC(59)   Other: 0.1ms
[2025-03-19T14:04:23.081+0000][39.145s][info ][gc,heap     ] GC(59) Eden regions: 132->0(129)
[2025-03-19T14:04:23.081+0000][39.145s][info ][gc,heap     ] GC(59) Survivor regions: 4->7(17)
[2025-03-19T14:04:23.081+0000][39.145s][info ][gc,heap     ] GC(59) Old regions: 111->111
[2025-03-19T14:04:23.081+0000][39.145s][info ][gc,heap     ] GC(59) Archive regions: 2->2
[2025-03-19T14:04:23.081+0000][39.145s][info ][gc,heap     ] GC(59) Humongous regions: 0->0
[2025-03-19T14:04:23.081+0000][39.145s][info ][gc,metaspace] GC(59) Metaspace: 135862K(136896K)->135862K(136896K) NonClass: 118792K(119360K)->118792K(119360K) Class: 17069K(17536K)->17069K(17536K)
[2025-03-19T14:04:23.081+0000][39.145s][info ][gc          ] GC(59) Pause Young (Normal) (G1 Evacuation Pause) 246M->118M(288M) 11.878ms
[2025-03-19T14:04:23.081+0000][39.145s][info ][gc,cpu      ] GC(59) User=0.04s Sys=0.00s Real=0.02s
[2025-03-19T14:04:23.081+0000][39.145s][info ][safepoint   ] Safepoint "G1CollectForAllocation", Time since last: 131008689 ns, Reaching safepoint: 67598 ns, Cleanup: 35528 ns, At safepoint: 11946945 ns, Total: 12050071 ns
[2025-03-19T14:04:23.885+0000][39.949s][debug][safepoint   ] Safepoint synchronization initiated using futex wait barrier. (54 threads)
[2025-03-19T14:04:23.886+0000][39.949s][info ][gc,start    ] GC(60) Pause Young (Normal) (G1 Evacuation Pause)
[2025-03-19T14:04:23.886+0000][39.949s][info ][gc,task     ] GC(60) Using 4 workers of 4 for evacuation
[2025-03-19T14:04:23.902+0000][39.966s][info ][gc,phases   ] GC(60)   Pre Evacuate Collection Set: 0.1ms
[2025-03-19T14:04:23.902+0000][39.966s][info ][gc,phases   ] GC(60)   Merge Heap Roots: 0.2ms
[2025-03-19T14:04:23.902+0000][39.966s][info ][gc,phases   ] GC(60)   Evacuate Collection Set: 15.2ms
[2025-03-19T14:04:23.902+0000][39.966s][info ][gc,phases   ] GC(60)   Post Evacuate Collection Set: 1.2ms
[2025-03-19T14:04:23.902+0000][39.966s][info ][gc,phases   ] GC(60)   Other: 0.1ms
[2025-03-19T14:04:23.902+0000][39.966s][info ][gc,heap     ] GC(60) Eden regions: 129->0(122)
[2025-03-19T14:04:23.902+0000][39.966s][info ][gc,heap     ] GC(60) Survivor regions: 7->12(17)
[2025-03-19T14:04:23.902+0000][39.966s][info ][gc,heap     ] GC(60) Old regions: 111->111
[2025-03-19T14:04:23.902+0000][39.966s][info ][gc,heap     ] GC(60) Archive regions: 2->2
[2025-03-19T14:04:23.902+0000][39.966s][info ][gc,heap     ] GC(60) Humongous regions: 0->0
[2025-03-19T14:04:23.902+0000][39.966s][info ][gc,metaspace] GC(60) Metaspace: 137982K(139008K)->137982K(139008K) NonClass: 120808K(121344K)->120808K(121344K) Class: 17173K(17664K)->17173K(17664K)
[2025-03-19T14:04:23.903+0000][39.966s][info ][gc          ] GC(60) Pause Young (Normal) (G1 Evacuation Pause) 247M->122M(288M) 16.910ms
[2025-03-19T14:04:23.903+0000][39.966s][info ][gc,cpu      ] GC(60) User=0.06s Sys=0.00s Real=0.02s
[2025-03-19T14:04:23.903+0000][39.966s][info ][safepoint   ] Safepoint "G1CollectForAllocation", Time since last: 804097076 ns, Reaching safepoint: 55265 ns, Cleanup: 95948 ns, At safepoint: 17057470 ns, Total: 17208683 ns
[2025-03-19T14:04:24.559+0000][40.623s][debug][safepoint   ] Safepoint synchronization initiated using futex wait barrier. (58 threads)
[2025-03-19T14:04:24.559+0000][40.623s][info ][gc,start    ] GC(61) Pause Young (Normal) (G1 Evacuation Pause)
[2025-03-19T14:04:24.559+0000][40.623s][info ][gc,task     ] GC(61) Using 4 workers of 4 for evacuation
[2025-03-19T14:04:24.577+0000][40.641s][info ][gc,phases   ] GC(61)   Pre Evacuate Collection Set: 0.1ms
[2025-03-19T14:04:24.577+0000][40.641s][info ][gc,phases   ] GC(61)   Merge Heap Roots: 0.2ms
[2025-03-19T14:04:24.577+0000][40.641s][info ][gc,phases   ] GC(61)   Evacuate Collection Set: 15.8ms
[2025-03-19T14:04:24.577+0000][40.641s][info ][gc,phases   ] GC(61)   Post Evacuate Collection Set: 1.8ms
[2025-03-19T14:04:24.577+0000][40.641s][info ][gc,phases   ] GC(61)   Other: 0.1ms
[2025-03-19T14:04:24.577+0000][40.641s][info ][gc,heap     ] GC(61) Eden regions: 122->0(117)
[2025-03-19T14:04:24.577+0000][40.641s][info ][gc,heap     ] GC(61) Survivor regions: 12->13(17)
[2025-03-19T14:04:24.577+0000][40.641s][info ][gc,heap     ] GC(61) Old regions: 111->114
[2025-03-19T14:04:24.577+0000][40.641s][info ][gc,heap     ] GC(61) Archive regions: 2->2
[2025-03-19T14:04:24.577+0000][40.641s][info ][gc,heap     ] GC(61) Humongous regions: 0->0
[2025-03-19T14:04:24.577+0000][40.641s][info ][gc,metaspace] GC(61) Metaspace: 140362K(141440K)->140362K(141440K) NonClass: 123064K(123648K)->123064K(123648K) Class: 17297K(17792K)->17297K(17792K)
[2025-03-19T14:04:24.578+0000][40.641s][info ][gc          ] GC(61) Pause Young (Normal) (G1 Evacuation Pause) 244M->127M(288M) 18.135ms
[2025-03-19T14:04:24.578+0000][40.641s][info ][gc,cpu      ] GC(61) User=0.07s Sys=0.00s Real=0.02s
[2025-03-19T14:04:24.578+0000][40.641s][info ][safepoint   ] Safepoint "G1CollectForAllocation", Time since last: 656604644 ns, Reaching safepoint: 58660 ns, Cleanup: 58311 ns, At safepoint: 18228264 ns, Total: 18345235 ns
[2025-03-19T14:04:25.556+0000][41.620s][info ][cds,heap    ] initialize_from_archived_subgraph jdk.internal.math.FDBigInteger 0x00007af84314d8f0
[2025-03-19T14:04:25.580+0000][41.643s][debug][safepoint   ] Safepoint synchronization initiated using futex wait barrier. (64 threads)
[2025-03-19T14:04:25.580+0000][41.643s][debug][safepoint   ] ... found polling page loop exception at pc = 0x00007af8acfec708, stub =0x00007af8ac98f400
[2025-03-19T14:04:25.580+0000][41.644s][info ][safepoint   ] Safepoint "Cleanup", Time since last: 1002059379 ns, Reaching safepoint: 428693 ns, Cleanup: 68099 ns, At safepoint: 9529 ns, Total: 506321 ns
[2025-03-19T14:04:25.721+0000][41.784s][debug][safepoint   ] Safepoint synchronization initiated using futex wait barrier. (64 threads)
[2025-03-19T14:04:25.721+0000][41.785s][info ][gc,start    ] GC(62) Pause Young (Normal) (G1 Evacuation Pause)
[2025-03-19T14:04:25.721+0000][41.785s][info ][gc,task     ] GC(62) Using 4 workers of 4 for evacuation
[2025-03-19T14:04:25.746+0000][41.810s][info ][gc,phases   ] GC(62)   Pre Evacuate Collection Set: 0.2ms
[2025-03-19T14:04:25.746+0000][41.810s][info ][gc,phases   ] GC(62)   Merge Heap Roots: 0.5ms
[2025-03-19T14:04:25.746+0000][41.810s][info ][gc,phases   ] GC(62)   Evacuate Collection Set: 22.4ms
[2025-03-19T14:04:25.746+0000][41.810s][info ][gc,phases   ] GC(62)   Post Evacuate Collection Set: 1.8ms
[2025-03-19T14:04:25.746+0000][41.810s][info ][gc,phases   ] GC(62)   Other: 0.1ms
[2025-03-19T14:04:25.746+0000][41.810s][info ][gc,heap     ] GC(62) Eden regions: 117->0(116)
[2025-03-19T14:04:25.746+0000][41.810s][info ][gc,heap     ] GC(62) Survivor regions: 13->8(17)
[2025-03-19T14:04:25.746+0000][41.810s][info ][gc,heap     ] GC(62) Old regions: 114->122
[2025-03-19T14:04:25.746+0000][41.810s][info ][gc,heap     ] GC(62) Archive regions: 2->2
[2025-03-19T14:04:25.746+0000][41.810s][info ][gc,heap     ] GC(62) Humongous regions: 0->0
[2025-03-19T14:04:25.746+0000][41.810s][info ][gc,metaspace] GC(62) Metaspace: 145665K(146752K)->145665K(146752K) NonClass: 127807K(128384K)->127807K(128384K) Class: 17857K(18368K)->17857K(18368K)
[2025-03-19T14:04:25.746+0000][41.810s][info ][gc          ] GC(62) Pause Young (Normal) (G1 Evacuation Pause) 244M->130M(288M) 25.125ms
[2025-03-19T14:04:25.746+0000][41.810s][info ][gc,cpu      ] GC(62) User=0.09s Sys=0.00s Real=0.02s
[2025-03-19T14:04:25.746+0000][41.810s][info ][safepoint   ] Safepoint "G1CollectForAllocation", Time since last: 140763832 ns, Reaching safepoint: 75817 ns, Cleanup: 38953 ns, At safepoint: 25220689 ns, Total: 25335459 ns
[2025-03-19T14:04:26.508+0000][42.572s][debug][safepoint   ] Safepoint synchronization initiated using futex wait barrier. (79 threads)
[2025-03-19T14:04:26.509+0000][42.572s][info ][gc,start    ] GC(63) Pause Young (Normal) (G1 Evacuation Pause)
[2025-03-19T14:04:26.509+0000][42.572s][info ][gc,task     ] GC(63) Using 4 workers of 4 for evacuation
[2025-03-19T14:04:26.530+0000][42.594s][info ][gc,phases   ] GC(63)   Pre Evacuate Collection Set: 0.1ms
[2025-03-19T14:04:26.530+0000][42.594s][info ][gc,phases   ] GC(63)   Merge Heap Roots: 0.2ms
[2025-03-19T14:04:26.530+0000][42.594s][info ][gc,phases   ] GC(63)   Evacuate Collection Set: 19.5ms
[2025-03-19T14:04:26.530+0000][42.594s][info ][gc,phases   ] GC(63)   Post Evacuate Collection Set: 1.7ms
[2025-03-19T14:04:26.530+0000][42.594s][info ][gc,phases   ] GC(63)   Other: 0.1ms
[2025-03-19T14:04:26.530+0000][42.594s][info ][gc,heap     ] GC(63) Eden regions: 116->0(115)
[2025-03-19T14:04:26.530+0000][42.594s][info ][gc,heap     ] GC(63) Survivor regions: 8->10(16)
[2025-03-19T14:04:26.530+0000][42.594s][info ][gc,heap     ] GC(63) Old regions: 122->122
[2025-03-19T14:04:26.530+0000][42.594s][info ][gc,heap     ] GC(63) Archive regions: 2->2
[2025-03-19T14:04:26.530+0000][42.594s][info ][gc,heap     ] GC(63) Humongous regions: 0->0
[2025-03-19T14:04:26.530+0000][42.594s][info ][gc,metaspace] GC(63) Metaspace: 149884K(150976K)->149884K(150976K) NonClass: 131534K(132096K)->131534K(132096K) Class: 18350K(18880K)->18350K(18880K)
[2025-03-19T14:04:26.530+0000][42.594s][info ][gc          ] GC(63) Pause Young (Normal) (G1 Evacuation Pause) 246M->132M(288M) 21.654ms
[2025-03-19T14:04:26.530+0000][42.594s][info ][gc,cpu      ] GC(63) User=0.07s Sys=0.00s Real=0.03s
[2025-03-19T14:04:26.530+0000][42.594s][info ][safepoint   ] Safepoint "G1CollectForAllocation", Time since last: 762225242 ns, Reaching safepoint: 46218 ns, Cleanup: 68453 ns, At safepoint: 21769739 ns, Total: 21884410 ns
[2025-03-19T14:04:27.087+0000][43.151s][debug][safepoint   ] Safepoint synchronization initiated using futex wait barrier. (81 threads)
[2025-03-19T14:04:27.088+0000][43.151s][info ][gc,start    ] GC(64) Pause Young (Normal) (G1 Evacuation Pause)
[2025-03-19T14:04:27.088+0000][43.151s][info ][gc,task     ] GC(64) Using 4 workers of 4 for evacuation
[2025-03-19T14:04:27.115+0000][43.179s][info ][gc,phases   ] GC(64)   Pre Evacuate Collection Set: 0.2ms
[2025-03-19T14:04:27.115+0000][43.179s][info ][gc,phases   ] GC(64)   Merge Heap Roots: 0.5ms
[2025-03-19T14:04:27.115+0000][43.179s][info ][gc,phases   ] GC(64)   Evacuate Collection Set: 23.8ms
[2025-03-19T14:04:27.115+0000][43.179s][info ][gc,phases   ] GC(64)   Post Evacuate Collection Set: 3.2ms
[2025-03-19T14:04:27.115+0000][43.179s][info ][gc,phases   ] GC(64)   Other: 0.1ms
[2025-03-19T14:04:27.115+0000][43.179s][info ][gc,heap     ] GC(64) Eden regions: 115->0(162)
[2025-03-19T14:04:27.115+0000][43.179s][info ][gc,heap     ] GC(64) Survivor regions: 10->8(16)
[2025-03-19T14:04:27.115+0000][43.179s][info ][gc,heap     ] GC(64) Old regions: 122->126
[2025-03-19T14:04:27.115+0000][43.179s][info ][gc,heap     ] GC(64) Archive regions: 2->2
[2025-03-19T14:04:27.115+0000][43.179s][info ][gc,heap     ] GC(64) Humongous regions: 0->0
[2025-03-19T14:04:27.115+0000][43.179s][info ][gc,metaspace] GC(64) Metaspace: 151021K(152128K)->151021K(152128K) NonClass: 132507K(133120K)->132507K(133120K) Class: 18514K(19008K)->18514K(19008K)
[2025-03-19T14:04:27.115+0000][43.179s][info ][gc          ] GC(64) Pause Young (Normal) (G1 Evacuation Pause) 247M->133M(346M) 27.888ms
[2025-03-19T14:04:27.115+0000][43.179s][info ][gc,cpu      ] GC(64) User=0.09s Sys=0.00s Real=0.03s
[2025-03-19T14:04:27.116+0000][43.179s][info ][safepoint   ] Safepoint "G1CollectForAllocation", Time since last: 556932345 ns, Reaching safepoint: 60150 ns, Cleanup: 142880 ns, At safepoint: 28061614 ns, Total: 28264644 ns
[2025-03-19T14:04:27.973+0000][44.036s][debug][safepoint   ] Safepoint synchronization initiated using futex wait barrier. (81 threads)
[2025-03-19T14:04:27.975+0000][44.038s][info ][safepoint   ] Safepoint "ICBufferFull", Time since last: 857146942 ns, Reaching safepoint: 72307 ns, Cleanup: 159597 ns, At safepoint: 1951743 ns, Total: 2183647 ns
[2025-03-19T14:04:28.162+0000][44.226s][debug][safepoint   ] Safepoint synchronization initiated using futex wait barrier. (81 threads)
[2025-03-19T14:04:28.162+0000][44.226s][info ][gc,start    ] GC(65) Pause Young (Normal) (G1 Evacuation Pause)
[2025-03-19T14:04:28.162+0000][44.226s][info ][gc,task     ] GC(65) Using 4 workers of 4 for evacuation
[2025-03-19T14:04:28.180+0000][44.243s][info ][gc,phases   ] GC(65)   Pre Evacuate Collection Set: 0.1ms
[2025-03-19T14:04:28.180+0000][44.243s][info ][gc,phases   ] GC(65)   Merge Heap Roots: 0.3ms
[2025-03-19T14:04:28.180+0000][44.243s][info ][gc,phases   ] GC(65)   Evacuate Collection Set: 15.0ms
[2025-03-19T14:04:28.180+0000][44.243s][info ][gc,phases   ] GC(65)   Post Evacuate Collection Set: 1.9ms
[2025-03-19T14:04:28.180+0000][44.244s][info ][gc,phases   ] GC(65)   Other: 0.1ms
[2025-03-19T14:04:28.180+0000][44.244s][info ][gc,heap     ] GC(65) Eden regions: 162->0(156)
[2025-03-19T14:04:28.180+0000][44.244s][info ][gc,heap     ] GC(65) Survivor regions: 8->13(22)
[2025-03-19T14:04:28.180+0000][44.244s][info ][gc,heap     ] GC(65) Old regions: 126->126
[2025-03-19T14:04:28.180+0000][44.244s][info ][gc,heap     ] GC(65) Archive regions: 2->2
[2025-03-19T14:04:28.180+0000][44.244s][info ][gc,heap     ] GC(65) Humongous regions: 0->0
[2025-03-19T14:04:28.180+0000][44.244s][info ][gc,metaspace] GC(65) Metaspace: 152630K(153728K)->152630K(153728K) NonClass: 133896K(134464K)->133896K(134464K) Class: 18734K(19264K)->18734K(19264K)
[2025-03-19T14:04:28.180+0000][44.244s][info ][gc          ] GC(65) Pause Young (Normal) (G1 Evacuation Pause) 295M->138M(346M) 17.655ms
[2025-03-19T14:04:28.180+0000][44.244s][info ][gc,cpu      ] GC(65) User=0.06s Sys=0.00s Real=0.02s
[2025-03-19T14:04:28.180+0000][44.244s][info ][safepoint   ] Safepoint "G1CollectForAllocation", Time since last: 187437491 ns, Reaching safepoint: 56746 ns, Cleanup: 41513 ns, At safepoint: 18029419 ns, Total: 18127678 ns
[2025-03-19T14:04:29.170+0000][45.233s][debug][safepoint   ] Safepoint synchronization initiated using futex wait barrier. (81 threads)
[2025-03-19T14:04:29.170+0000][45.234s][info ][gc,start    ] GC(66) Pause Young (Normal) (G1 Evacuation Pause)
[2025-03-19T14:04:29.170+0000][45.234s][info ][gc,task     ] GC(66) Using 4 workers of 4 for evacuation
[2025-03-19T14:04:29.193+0000][45.256s][info ][gc,phases   ] GC(66)   Pre Evacuate Collection Set: 0.1ms
[2025-03-19T14:04:29.193+0000][45.256s][info ][gc,phases   ] GC(66)   Merge Heap Roots: 0.2ms
[2025-03-19T14:04:29.193+0000][45.256s][info ][gc,phases   ] GC(66)   Evacuate Collection Set: 20.5ms
[2025-03-19T14:04:29.193+0000][45.256s][info ][gc,phases   ] GC(66)   Post Evacuate Collection Set: 1.7ms
[2025-03-19T14:04:29.193+0000][45.256s][info ][gc,phases   ] GC(66)   Other: 0.1ms
[2025-03-19T14:04:29.193+0000][45.256s][info ][gc,heap     ] GC(66) Eden regions: 156->0(154)
[2025-03-19T14:04:29.193+0000][45.256s][info ][gc,heap     ] GC(66) Survivor regions: 13->13(22)
[2025-03-19T14:04:29.193+0000][45.256s][info ][gc,heap     ] GC(66) Old regions: 126->129
[2025-03-19T14:04:29.193+0000][45.256s][info ][gc,heap     ] GC(66) Archive regions: 2->2
[2025-03-19T14:04:29.193+0000][45.256s][info ][gc,heap     ] GC(66) Humongous regions: 0->0
[2025-03-19T14:04:29.193+0000][45.256s][info ][gc,metaspace] GC(66) Metaspace: 154772K(155904K)->154772K(155904K) NonClass: 135706K(136320K)->135706K(136320K) Class: 19065K(19584K)->19065K(19584K)
[2025-03-19T14:04:29.193+0000][45.256s][info ][gc          ] GC(66) Pause Young (Normal) (G1 Evacuation Pause) 294M->142M(346M) 22.727ms
[2025-03-19T14:04:29.193+0000][45.256s][info ][gc,cpu      ] GC(66) User=0.08s Sys=0.00s Real=0.02s
[2025-03-19T14:04:29.194+0000][45.257s][info ][safepoint   ] Safepoint "G1CollectForAllocation", Time since last: 989387254 ns, Reaching safepoint: 120779 ns, Cleanup: 102942 ns, At safepoint: 23930120 ns, Total: 24153841 ns
[2025-03-19T14:04:29.997+0000][46.061s][debug][safepoint   ] Safepoint synchronization initiated using futex wait barrier. (81 threads)
[2025-03-19T14:04:29.998+0000][46.061s][info ][gc,start    ] GC(67) Pause Young (Normal) (G1 Evacuation Pause)
[2025-03-19T14:04:29.998+0000][46.061s][info ][gc,task     ] GC(67) Using 4 workers of 4 for evacuation
[2025-03-19T14:04:30.026+0000][46.090s][info ][gc,phases   ] GC(67)   Pre Evacuate Collection Set: 0.1ms
[2025-03-19T14:04:30.026+0000][46.090s][info ][gc,phases   ] GC(67)   Merge Heap Roots: 0.2ms
[2025-03-19T14:04:30.026+0000][46.090s][info ][gc,phases   ] GC(67)   Evacuate Collection Set: 25.8ms
[2025-03-19T14:04:30.026+0000][46.090s][info ][gc,phases   ] GC(67)   Post Evacuate Collection Set: 2.5ms
[2025-03-19T14:04:30.026+0000][46.090s][info ][gc,phases   ] GC(67)   Other: 0.1ms
[2025-03-19T14:04:30.026+0000][46.090s][info ][gc,heap     ] GC(67) Eden regions: 154->0(148)
[2025-03-19T14:04:30.026+0000][46.090s][info ][gc,heap     ] GC(67) Survivor regions: 13->15(21)
[2025-03-19T14:04:30.026+0000][46.090s][info ][gc,heap     ] GC(67) Old regions: 129->131
[2025-03-19T14:04:30.026+0000][46.090s][info ][gc,heap     ] GC(67) Archive regions: 2->2
[2025-03-19T14:04:30.026+0000][46.090s][info ][gc,heap     ] GC(67) Humongous regions: 0->0
[2025-03-19T14:04:30.026+0000][46.090s][info ][gc,metaspace] GC(67) Metaspace: 156239K(157376K)->156239K(157376K) NonClass: 136983K(137600K)->136983K(137600K) Class: 19255K(19776K)->19255K(19776K)
[2025-03-19T14:04:30.026+0000][46.090s][info ][gc          ] GC(67) Pause Young (Normal) (G1 Evacuation Pause) 296M->145M(346M) 28.839ms
[2025-03-19T14:04:30.026+0000][46.090s][info ][gc,cpu      ] GC(67) User=0.10s Sys=0.00s Real=0.03s
[2025-03-19T14:04:30.026+0000][46.090s][info ][safepoint   ] Safepoint "G1CollectForAllocation", Time since last: 803383806 ns, Reaching safepoint: 56110 ns, Cleanup: 86079 ns, At safepoint: 28908117 ns, Total: 29050306 ns
[2025-03-19T14:04:30.756+0000][46.819s][debug][safepoint   ] Safepoint synchronization initiated using futex wait barrier. (85 threads)
[2025-03-19T14:04:30.756+0000][46.819s][info ][gc,start    ] GC(68) Pause Young (Normal) (G1 Evacuation Pause)
[2025-03-19T14:04:30.756+0000][46.819s][info ][gc,task     ] GC(68) Using 4 workers of 4 for evacuation
[2025-03-19T14:04:30.777+0000][46.840s][info ][gc,phases   ] GC(68)   Pre Evacuate Collection Set: 0.1ms
[2025-03-19T14:04:30.777+0000][46.840s][info ][gc,phases   ] GC(68)   Merge Heap Roots: 0.1ms
[2025-03-19T14:04:30.777+0000][46.840s][info ][gc,phases   ] GC(68)   Evacuate Collection Set: 19.1ms
[2025-03-19T14:04:30.777+0000][46.840s][info ][gc,phases   ] GC(68)   Post Evacuate Collection Set: 1.8ms
[2025-03-19T14:04:30.777+0000][46.840s][info ][gc,phases   ] GC(68)   Other: 0.1ms
[2025-03-19T14:04:30.777+0000][46.840s][info ][gc,heap     ] GC(68) Eden regions: 148->0(149)
[2025-03-19T14:04:30.777+0000][46.840s][info ][gc,heap     ] GC(68) Survivor regions: 15->11(21)
[2025-03-19T14:04:30.777+0000][46.840s][info ][gc,heap     ] GC(68) Old regions: 131->137
[2025-03-19T14:04:30.777+0000][46.840s][info ][gc,heap     ] GC(68) Archive regions: 2->2
[2025-03-19T14:04:30.777+0000][46.840s][info ][gc,heap     ] GC(68) Humongous regions: 0->0
[2025-03-19T14:04:30.777+0000][46.840s][info ][gc,metaspace] GC(68) Metaspace: 158258K(159360K)->158258K(159360K) NonClass: 138669K(139264K)->138669K(139264K) Class: 19588K(20096K)->19588K(20096K)
[2025-03-19T14:04:30.777+0000][46.840s][info ][gc          ] GC(68) Pause Young (Normal) (G1 Evacuation Pause) 293M->148M(346M) 21.240ms
[2025-03-19T14:04:30.777+0000][46.840s][info ][gc,cpu      ] GC(68) User=0.07s Sys=0.00s Real=0.02s
[2025-03-19T14:04:30.777+0000][46.841s][info ][safepoint   ] Safepoint "G1CollectForAllocation", Time since last: 729144653 ns, Reaching safepoint: 48817 ns, Cleanup: 101566 ns, At safepoint: 21354007 ns, Total: 21504390 ns
[2025-03-19T14:04:31.949+0000][48.012s][debug][safepoint   ] Safepoint synchronization initiated using futex wait barrier. (151 threads)
[2025-03-19T14:04:31.949+0000][48.013s][info ][safepoint   ] Safepoint "ICBufferFull", Time since last: 1171839550 ns, Reaching safepoint: 217540 ns, Cleanup: 160304 ns, At safepoint: 23352 ns, Total: 401196 ns
[2025-03-19T14:04:31.954+0000][48.018s][debug][safepoint   ] Safepoint synchronization initiated using futex wait barrier. (151 threads)
[2025-03-19T14:04:31.954+0000][48.018s][debug][safepoint   ] ... found polling page loop exception at pc = 0x00007af8ad0a3c0b, stub =0x00007af8ac98f400
[2025-03-19T14:04:31.954+0000][48.018s][info ][safepoint   ] Safepoint "G1CollectForAllocation", Time since last: 4970469 ns, Reaching safepoint: 120277 ns, Cleanup: 14120 ns, At safepoint: 8924 ns, Total: 143321 ns
[2025-03-19T14:04:31.955+0000][48.018s][debug][safepoint   ] Safepoint synchronization initiated using futex wait barrier. (151 threads)
[2025-03-19T14:04:31.955+0000][48.018s][info ][gc,start    ] GC(69) Pause Young (Normal) (GCLocker Initiated GC)
[2025-03-19T14:04:31.955+0000][48.018s][info ][gc,task     ] GC(69) Using 4 workers of 4 for evacuation
[2025-03-19T14:04:31.988+0000][48.051s][info ][gc,phases   ] GC(69)   Pre Evacuate Collection Set: 0.2ms
[2025-03-19T14:04:31.988+0000][48.051s][info ][gc,phases   ] GC(69)   Merge Heap Roots: 0.3ms
[2025-03-19T14:04:31.988+0000][48.051s][info ][gc,phases   ] GC(69)   Evacuate Collection Set: 30.5ms
[2025-03-19T14:04:31.988+0000][48.051s][info ][gc,phases   ] GC(69)   Post Evacuate Collection Set: 2.1ms
[2025-03-19T14:04:31.988+0000][48.051s][info ][gc,phases   ] GC(69)   Other: 0.1ms
[2025-03-19T14:04:31.988+0000][48.051s][info ][gc,heap     ] GC(69) Eden regions: 150->0(144)
[2025-03-19T14:04:31.988+0000][48.051s][info ][gc,heap     ] GC(69) Survivor regions: 11->14(20)
[2025-03-19T14:04:31.988+0000][48.051s][info ][gc,heap     ] GC(69) Old regions: 137->137
[2025-03-19T14:04:31.988+0000][48.051s][info ][gc,heap     ] GC(69) Archive regions: 2->2
[2025-03-19T14:04:31.988+0000][48.051s][info ][gc,heap     ] GC(69) Humongous regions: 0->0
[2025-03-19T14:04:31.988+0000][48.051s][info ][gc,metaspace] GC(69) Metaspace: 160759K(161920K)->160759K(161920K) NonClass: 140770K(141376K)->140770K(141376K) Class: 19988K(20544K)->19988K(20544K)
[2025-03-19T14:04:31.988+0000][48.051s][info ][gc          ] GC(69) Pause Young (Normal) (GCLocker Initiated GC) 297M->151M(346M) 33.261ms
[2025-03-19T14:04:31.988+0000][48.051s][info ][gc,cpu      ] GC(69) User=0.10s Sys=0.00s Real=0.03s
[2025-03-19T14:04:31.988+0000][48.052s][info ][safepoint   ] Safepoint "G1CollectForAllocation", Time since last: 222345 ns, Reaching safepoint: 26290 ns, Cleanup: 1415 ns, At safepoint: 33485501 ns, Total: 33513206 ns
[2025-03-19T14:04:32.601+0000][48.665s][debug][safepoint   ] Safepoint synchronization initiated using futex wait barrier. (168 threads)
[2025-03-19T14:04:32.601+0000][48.665s][debug][safepoint   ] ... found polling page loop exception at pc = 0x00007af8ad0155ca, stub =0x00007af8ac98f400
[2025-03-19T14:04:32.602+0000][48.665s][info ][gc,start    ] GC(70) Pause Young (Normal) (G1 Evacuation Pause)
[2025-03-19T14:04:32.602+0000][48.665s][info ][gc,task     ] GC(70) Using 4 workers of 4 for evacuation
[2025-03-19T14:04:32.642+0000][48.706s][info ][gc,phases   ] GC(70)   Pre Evacuate Collection Set: 0.1ms
[2025-03-19T14:04:32.642+0000][48.706s][info ][gc,phases   ] GC(70)   Merge Heap Roots: 0.2ms
[2025-03-19T14:04:32.642+0000][48.706s][info ][gc,phases   ] GC(70)   Evacuate Collection Set: 38.0ms
[2025-03-19T14:04:32.642+0000][48.706s][info ][gc,phases   ] GC(70)   Post Evacuate Collection Set: 2.4ms
[2025-03-19T14:04:32.642+0000][48.706s][info ][gc,phases   ] GC(70)   Other: 0.2ms
[2025-03-19T14:04:32.642+0000][48.706s][info ][gc,heap     ] GC(70) Eden regions: 144->0(128)
[2025-03-19T14:04:32.642+0000][48.706s][info ][gc,heap     ] GC(70) Survivor regions: 14->20(20)
[2025-03-19T14:04:32.642+0000][48.706s][info ][gc,heap     ] GC(70) Old regions: 137->141
[2025-03-19T14:04:32.642+0000][48.706s][info ][gc,heap     ] GC(70) Archive regions: 2->2
[2025-03-19T14:04:32.642+0000][48.706s][info ][gc,heap     ] GC(70) Humongous regions: 0->0
[2025-03-19T14:04:32.642+0000][48.706s][info ][gc,metaspace] GC(70) Metaspace: 163362K(164544K)->163362K(164544K) NonClass: 143117K(143744K)->143117K(143744K) Class: 20244K(20800K)->20244K(20800K)
[2025-03-19T14:04:32.643+0000][48.706s][info ][gc          ] GC(70) Pause Young (Normal) (G1 Evacuation Pause) 295M->161M(346M) 41.008ms
[2025-03-19T14:04:32.643+0000][48.706s][info ][gc,cpu      ] GC(70) User=0.14s Sys=0.00s Real=0.04s
[2025-03-19T14:04:32.643+0000][48.706s][info ][safepoint   ] Safepoint "G1CollectForAllocation", Time since last: 613076664 ns, Reaching safepoint: 131226 ns, Cleanup: 109390 ns, At safepoint: 41563488 ns, Total: 41804104 ns
[2025-03-19T14:04:33.009+0000][49.072s][debug][safepoint   ] ... found polling page loop exception at pc = 0x00007af8ad1b3089, stub =0x00007af8ac98f400
[2025-03-19T14:04:33.081+0000][49.144s][debug][safepoint   ] ... found polling page loop exception at pc = 0x00007af8ad60ddbf, stub =0x00007af8ac98f400
[2025-03-19T14:04:33.120+0000][49.183s][debug][safepoint   ] Safepoint synchronization initiated using futex wait barrier. (183 threads)
[2025-03-19T14:04:33.120+0000][49.183s][info ][gc,start    ] GC(71) Pause Young (Normal) (G1 Evacuation Pause)
[2025-03-19T14:04:33.120+0000][49.183s][info ][gc,task     ] GC(71) Using 4 workers of 4 for evacuation
[2025-03-19T14:04:33.151+0000][49.214s][info ][gc,phases   ] GC(71)   Pre Evacuate Collection Set: 0.1ms
[2025-03-19T14:04:33.151+0000][49.214s][info ][gc,phases   ] GC(71)   Merge Heap Roots: 0.3ms
[2025-03-19T14:04:33.151+0000][49.214s][info ][gc,phases   ] GC(71)   Evacuate Collection Set: 28.7ms
[2025-03-19T14:04:33.151+0000][49.214s][info ][gc,phases   ] GC(71)   Post Evacuate Collection Set: 1.8ms
[2025-03-19T14:04:33.151+0000][49.214s][info ][gc,phases   ] GC(71)   Other: 0.2ms
[2025-03-19T14:04:33.151+0000][49.214s][info ][gc,heap     ] GC(71) Eden regions: 128->0(130)
[2025-03-19T14:04:33.151+0000][49.214s][info ][gc,heap     ] GC(71) Survivor regions: 20->7(19)
[2025-03-19T14:04:33.151+0000][49.214s][info ][gc,heap     ] GC(71) Old regions: 141->153
[2025-03-19T14:04:33.151+0000][49.214s][info ][gc,heap     ] GC(71) Archive regions: 2->2
[2025-03-19T14:04:33.151+0000][49.214s][info ][gc,heap     ] GC(71) Humongous regions: 0->0
[2025-03-19T14:04:33.151+0000][49.214s][info ][gc,metaspace] GC(71) Metaspace: 165443K(166656K)->165443K(166656K) NonClass: 144961K(145600K)->144961K(145600K) Class: 20481K(21056K)->20481K(21056K)
[2025-03-19T14:04:33.151+0000][49.214s][info ][gc          ] GC(71) Pause Young (Normal) (G1 Evacuation Pause) 289M->160M(346M) 31.250ms
[2025-03-19T14:04:33.151+0000][49.215s][info ][gc,cpu      ] GC(71) User=0.11s Sys=0.00s Real=0.04s
[2025-03-19T14:04:33.153+0000][49.216s][info ][safepoint   ] Safepoint "G1CollectForAllocation", Time since last: 476475757 ns, Reaching safepoint: 68070 ns, Cleanup: 154438 ns, At safepoint: 32906040 ns, Total: 33128548 ns
[2025-03-19T14:04:33.580+0000][49.643s][debug][safepoint   ] Safepoint synchronization initiated using futex wait barrier. (185 threads)
[2025-03-19T14:04:33.581+0000][49.644s][info ][safepoint   ] Safepoint "ICBufferFull", Time since last: 427240444 ns, Reaching safepoint: 142047 ns, Cleanup: 134108 ns, At safepoint: 772208 ns, Total: 1048363 ns
[2025-03-19T14:04:33.942+0000][50.006s][debug][safepoint   ] Safepoint synchronization initiated using futex wait barrier. (194 threads)
[2025-03-19T14:04:33.942+0000][50.006s][info ][gc,start    ] GC(72) Pause Young (Normal) (G1 Evacuation Pause)
[2025-03-19T14:04:33.942+0000][50.006s][info ][gc,task     ] GC(72) Using 4 workers of 4 for evacuation
[2025-03-19T14:04:33.957+0000][50.021s][info ][gc,phases   ] GC(72)   Pre Evacuate Collection Set: 0.1ms
[2025-03-19T14:04:33.957+0000][50.021s][info ][gc,phases   ] GC(72)   Merge Heap Roots: 0.1ms
[2025-03-19T14:04:33.957+0000][50.021s][info ][gc,phases   ] GC(72)   Evacuate Collection Set: 12.6ms
[2025-03-19T14:04:33.957+0000][50.021s][info ][gc,phases   ] GC(72)   Post Evacuate Collection Set: 1.6ms
[2025-03-19T14:04:33.957+0000][50.021s][info ][gc,phases   ] GC(72)   Other: 0.2ms
[2025-03-19T14:04:33.957+0000][50.021s][info ][gc,heap     ] GC(72) Eden regions: 130->0(200)
[2025-03-19T14:04:33.957+0000][50.021s][info ][gc,heap     ] GC(72) Survivor regions: 7->8(18)
[2025-03-19T14:04:33.957+0000][50.021s][info ][gc,heap     ] GC(72) Old regions: 153->153
[2025-03-19T14:04:33.957+0000][50.021s][info ][gc,heap     ] GC(72) Archive regions: 2->2
[2025-03-19T14:04:33.957+0000][50.021s][info ][gc,heap     ] GC(72) Humongous regions: 0->0
[2025-03-19T14:04:33.957+0000][50.021s][info ][gc,metaspace] GC(72) Metaspace: 167466K(168704K)->167466K(168704K) NonClass: 146715K(147392K)->146715K(147392K) Class: 20751K(21312K)->20751K(21312K)
[2025-03-19T14:04:33.957+0000][50.021s][info ][gc          ] GC(72) Pause Young (Normal) (G1 Evacuation Pause) 290M->161M(429M) 14.826ms
[2025-03-19T14:04:33.957+0000][50.021s][info ][gc,cpu      ] GC(72) User=0.05s Sys=0.01s Real=0.01s
[2025-03-19T14:04:33.958+0000][50.021s][info ][safepoint   ] Safepoint "G1CollectForAllocation", Time since last: 361267678 ns, Reaching safepoint: 125505 ns, Cleanup: 87044 ns, At safepoint: 15123078 ns, Total: 15335627 ns
[2025-03-19T14:04:34.436+0000][50.499s][debug][safepoint   ] Safepoint synchronization initiated using futex wait barrier. (206 threads)
[2025-03-19T14:04:34.436+0000][50.500s][info ][safepoint   ] Safepoint "ICBufferFull", Time since last: 478427729 ns, Reaching safepoint: 389448 ns, Cleanup: 108745 ns, At safepoint: 16420 ns, Total: 514613 ns
[2025-03-19T14:04:34.910+0000][50.973s][debug][safepoint   ] Safepoint synchronization initiated using futex wait barrier. (224 threads)
[2025-03-19T14:04:34.910+0000][50.974s][info ][safepoint   ] Safepoint "ICBufferFull", Time since last: 473362331 ns, Reaching safepoint: 258738 ns, Cleanup: 141765 ns, At safepoint: 26521 ns, Total: 427024 ns
[2025-03-19T14:04:35.082+0000][51.146s][debug][safepoint   ] Safepoint synchronization initiated using futex wait barrier. (224 threads)
[2025-03-19T14:04:35.082+0000][51.146s][info ][gc,start    ] GC(73) Pause Young (Normal) (G1 Evacuation Pause)
[2025-03-19T14:04:35.082+0000][51.146s][info ][gc,task     ] GC(73) Using 4 workers of 4 for evacuation
[2025-03-19T14:04:35.106+0000][51.169s][info ][gc,phases   ] GC(73)   Pre Evacuate Collection Set: 0.2ms
[2025-03-19T14:04:35.106+0000][51.169s][info ][gc,phases   ] GC(73)   Merge Heap Roots: 0.2ms
[2025-03-19T14:04:35.106+0000][51.169s][info ][gc,phases   ] GC(73)   Evacuate Collection Set: 21.2ms
[2025-03-19T14:04:35.106+0000][51.169s][info ][gc,phases   ] GC(73)   Post Evacuate Collection Set: 1.6ms
[2025-03-19T14:04:35.106+0000][51.169s][info ][gc,phases   ] GC(73)   Other: 0.2ms
[2025-03-19T14:04:35.106+0000][51.169s][info ][gc,heap     ] GC(73) Eden regions: 200->0(197)
[2025-03-19T14:04:35.106+0000][51.169s][info ][gc,heap     ] GC(73) Survivor regions: 8->13(26)
[2025-03-19T14:04:35.106+0000][51.169s][info ][gc,heap     ] GC(73) Old regions: 153->153
[2025-03-19T14:04:35.106+0000][51.169s][info ][gc,heap     ] GC(73) Archive regions: 2->2
[2025-03-19T14:04:35.106+0000][51.169s][info ][gc,heap     ] GC(73) Humongous regions: 0->0
[2025-03-19T14:04:35.106+0000][51.169s][info ][gc,metaspace] GC(73) Metaspace: 171138K(172480K)->171138K(172480K) NonClass: 149962K(150656K)->149962K(150656K) Class: 21175K(21824K)->21175K(21824K)
[2025-03-19T14:04:35.106+0000][51.169s][info ][gc          ] GC(73) Pause Young (Normal) (G1 Evacuation Pause) 361M->166M(429M) 23.423ms
[2025-03-19T14:04:35.106+0000][51.169s][info ][gc,cpu      ] GC(73) User=0.07s Sys=0.00s Real=0.02s
[2025-03-19T14:04:35.106+0000][51.170s][info ][safepoint   ] Safepoint "G1CollectForAllocation", Time since last: 171817636 ns, Reaching safepoint: 123134 ns, Cleanup: 73298 ns, At safepoint: 23901757 ns, Total: 24098189 ns
[2025-03-19T14:04:35.809+0000][51.872s][debug][safepoint   ] Safepoint synchronization initiated using futex wait barrier. (229 threads)
[2025-03-19T14:04:35.817+0000][51.880s][info ][safepoint   ] Safepoint "ICBufferFull", Time since last: 699854356 ns, Reaching safepoint: 5028471 ns, Cleanup: 134509 ns, At safepoint: 5626550 ns, Total: 10789530 ns
[2025-03-19T14:04:36.214+0000][52.278s][debug][safepoint   ] Safepoint synchronization initiated using futex wait barrier. (239 threads)
[2025-03-19T14:04:36.215+0000][52.278s][info ][safepoint   ] Safepoint "ICBufferFull", Time since last: 397535352 ns, Reaching safepoint: 63006 ns, Cleanup: 177069 ns, At safepoint: 9349 ns, Total: 249424 ns
[2025-03-19T14:04:37.415+0000][53.479s][debug][safepoint   ] Safepoint synchronization initiated using futex wait barrier. (239 threads)
[2025-03-19T14:04:37.416+0000][53.479s][info ][safepoint   ] Safepoint "Cleanup", Time since last: 1200756365 ns, Reaching safepoint: 75287 ns, Cleanup: 77608 ns, At safepoint: 9934 ns, Total: 162829 ns
[2025-03-19T14:04:38.416+0000][54.479s][debug][safepoint   ] Safepoint synchronization initiated using futex wait barrier. (239 threads)
[2025-03-19T14:04:38.416+0000][54.479s][debug][safepoint   ] ... found polling page loop exception at pc = 0x00007af8adad2eb8, stub =0x00007af8ac98f400
[2025-03-19T14:04:38.416+0000][54.479s][info ][safepoint   ] Safepoint "Cleanup", Time since last: 1000091960 ns, Reaching safepoint: 180638 ns, Cleanup: 87482 ns, At safepoint: 72598 ns, Total: 340718 ns
[2025-03-19T14:04:39.075+0000][55.138s][debug][safepoint   ] Safepoint synchronization initiated using futex wait barrier. (240 threads)
[2025-03-19T14:04:39.075+0000][55.138s][info ][gc,start    ] GC(74) Pause Young (Normal) (G1 Evacuation Pause)
[2025-03-19T14:04:39.075+0000][55.138s][info ][gc,task     ] GC(74) Using 4 workers of 4 for evacuation
[2025-03-19T14:04:39.098+0000][55.161s][info ][gc,phases   ] GC(74)   Pre Evacuate Collection Set: 0.2ms
[2025-03-19T14:04:39.098+0000][55.161s][info ][gc,phases   ] GC(74)   Merge Heap Roots: 0.2ms
[2025-03-19T14:04:39.098+0000][55.161s][info ][gc,phases   ] GC(74)   Evacuate Collection Set: 19.4ms
[2025-03-19T14:04:39.098+0000][55.161s][info ][gc,phases   ] GC(74)   Post Evacuate Collection Set: 3.1ms
[2025-03-19T14:04:39.098+0000][55.161s][info ][gc,phases   ] GC(74)   Other: 0.2ms
[2025-03-19T14:04:39.098+0000][55.161s][info ][gc,heap     ] GC(74) Eden regions: 197->0(192)
[2025-03-19T14:04:39.098+0000][55.161s][info ][gc,heap     ] GC(74) Survivor regions: 13->17(27)
[2025-03-19T14:04:39.098+0000][55.161s][info ][gc,heap     ] GC(74) Old regions: 153->153
[2025-03-19T14:04:39.098+0000][55.161s][info ][gc,heap     ] GC(74) Archive regions: 2->2
[2025-03-19T14:04:39.098+0000][55.161s][info ][gc,heap     ] GC(74) Humongous regions: 28->2
[2025-03-19T14:04:39.098+0000][55.161s][info ][gc,metaspace] GC(74) Metaspace: 179177K(180416K)->179177K(180416K) NonClass: 157067K(157696K)->157067K(157696K) Class: 22109K(22720K)->22109K(22720K)
[2025-03-19T14:04:39.098+0000][55.161s][info ][gc          ] GC(74) Pause Young (Normal) (G1 Evacuation Pause) 390M->172M(429M) 23.054ms
[2025-03-19T14:04:39.098+0000][55.161s][info ][gc,cpu      ] GC(74) User=0.08s Sys=0.00s Real=0.02s
[2025-03-19T14:04:39.098+0000][55.162s][info ][safepoint   ] Safepoint "G1CollectForAllocation", Time since last: 658604396 ns, Reaching safepoint: 61584 ns, Cleanup: 52245 ns, At safepoint: 23463093 ns, Total: 23576922 ns
[2025-03-19T14:04:39.729+0000][55.792s][debug][safepoint   ] Safepoint synchronization initiated using futex wait barrier. (242 threads)
[2025-03-19T14:04:39.729+0000][55.793s][info ][safepoint   ] Safepoint "ICBufferFull", Time since last: 630811608 ns, Reaching safepoint: 84685 ns, Cleanup: 131972 ns, At safepoint: 10953 ns, Total: 227610 ns
[2025-03-19T14:04:40.106+0000][56.169s][debug][safepoint   ] Safepoint synchronization initiated using futex wait barrier. (244 threads)
[2025-03-19T14:04:40.106+0000][56.169s][info ][safepoint   ] Safepoint "ICBufferFull", Time since last: 376641210 ns, Reaching safepoint: 43442 ns, Cleanup: 127317 ns, At safepoint: 5332 ns, Total: 176091 ns
[2025-03-19T14:04:40.251+0000][56.315s][debug][safepoint   ] Safepoint synchronization initiated using futex wait barrier. (244 threads)
[2025-03-19T14:04:40.252+0000][56.315s][info ][gc,start    ] GC(75) Pause Young (Normal) (G1 Evacuation Pause)
[2025-03-19T14:04:40.252+0000][56.315s][info ][gc,task     ] GC(75) Using 4 workers of 4 for evacuation
[2025-03-19T14:04:40.274+0000][56.337s][info ][gc,phases   ] GC(75)   Pre Evacuate Collection Set: 0.1ms
[2025-03-19T14:04:40.274+0000][56.337s][info ][gc,phases   ] GC(75)   Merge Heap Roots: 0.1ms
[2025-03-19T14:04:40.274+0000][56.337s][info ][gc,phases   ] GC(75)   Evacuate Collection Set: 20.4ms
[2025-03-19T14:04:40.274+0000][56.337s][info ][gc,phases   ] GC(75)   Post Evacuate Collection Set: 1.4ms
[2025-03-19T14:04:40.274+0000][56.337s][info ][gc,phases   ] GC(75)   Other: 0.2ms
[2025-03-19T14:04:40.274+0000][56.337s][info ][gc,heap     ] GC(75) Eden regions: 192->0(187)
[2025-03-19T14:04:40.274+0000][56.337s][info ][gc,heap     ] GC(75) Survivor regions: 17->20(27)
[2025-03-19T14:04:40.274+0000][56.337s][info ][gc,heap     ] GC(75) Old regions: 153->155
[2025-03-19T14:04:40.274+0000][56.337s][info ][gc,heap     ] GC(75) Archive regions: 2->2
[2025-03-19T14:04:40.274+0000][56.337s][info ][gc,heap     ] GC(75) Humongous regions: 28->2
[2025-03-19T14:04:40.274+0000][56.337s][info ][gc,metaspace] GC(75) Metaspace: 181747K(183040K)->181747K(183040K) NonClass: 159400K(160064K)->159400K(160064K) Class: 22347K(22976K)->22347K(22976K)
[2025-03-19T14:04:40.274+0000][56.337s][info ][gc          ] GC(75) Pause Young (Normal) (G1 Evacuation Pause) 390M->177M(429M) 22.255ms
[2025-03-19T14:04:40.274+0000][56.337s][info ][gc,cpu      ] GC(75) User=0.08s Sys=0.00s Real=0.02s
[2025-03-19T14:04:40.274+0000][56.338s][info ][safepoint   ] Safepoint "G1CollectForAllocation", Time since last: 145294278 ns, Reaching safepoint: 77964 ns, Cleanup: 160092 ns, At safepoint: 22568256 ns, Total: 22806312 ns
[2025-03-19T14:04:41.301+0000][57.364s][debug][safepoint   ] Safepoint synchronization initiated using futex wait barrier. (243 threads)
[2025-03-19T14:04:41.301+0000][57.365s][info ][safepoint   ] Safepoint "Cleanup", Time since last: 1026752394 ns, Reaching safepoint: 81252 ns, Cleanup: 163404 ns, At safepoint: 7062 ns, Total: 251718 ns
[2025-03-19T14:04:42.301+0000][58.365s][debug][safepoint   ] Safepoint synchronization initiated using futex wait barrier. (243 threads)
[2025-03-19T14:04:42.301+0000][58.365s][info ][safepoint   ] Safepoint "Cleanup", Time since last: 1000186861 ns, Reaching safepoint: 85806 ns, Cleanup: 27093 ns, At safepoint: 7464 ns, Total: 120363 ns
[2025-03-19T14:04:45.066+0000][61.130s][debug][safepoint   ] Safepoint synchronization initiated using futex wait barrier. (243 threads)
[2025-03-19T14:04:45.067+0000][61.130s][info ][safepoint   ] Safepoint "Cleanup", Time since last: 2765046461 ns, Reaching safepoint: 85128 ns, Cleanup: 31479 ns, At safepoint: 6379 ns, Total: 122986 ns
[2025-03-19T14:04:47.067+0000][63.130s][debug][safepoint   ] Safepoint synchronization initiated using futex wait barrier. (242 threads)
[2025-03-19T14:04:47.067+0000][63.130s][info ][safepoint   ] Safepoint "Cleanup", Time since last: 2000204985 ns, Reaching safepoint: 118353 ns, Cleanup: 25958 ns, At safepoint: 9597 ns, Total: 153908 ns
[2025-03-19T14:04:48.067+0000][64.131s][debug][safepoint   ] Safepoint synchronization initiated using futex wait barrier. (242 threads)
[2025-03-19T14:04:48.067+0000][64.131s][info ][safepoint   ] Safepoint "Cleanup", Time since last: 1000104919 ns, Reaching safepoint: 78828 ns, Cleanup: 15165 ns, At safepoint: 5352 ns, Total: 99345 ns
[2025-03-19T14:04:49.067+0000][65.131s][debug][safepoint   ] Safepoint synchronization initiated using futex wait barrier. (242 threads)
[2025-03-19T14:04:49.067+0000][65.131s][info ][safepoint   ] Safepoint "Cleanup", Time since last: 1000096178 ns, Reaching safepoint: 80013 ns, Cleanup: 21018 ns, At safepoint: 6476 ns, Total: 107507 ns
[2025-03-19T14:04:50.067+0000][66.131s][debug][safepoint   ] Safepoint synchronization initiated using futex wait barrier. (242 threads)
[2025-03-19T14:04:50.068+0000][66.131s][info ][safepoint   ] Safepoint "Cleanup", Time since last: 1000113779 ns, Reaching safepoint: 100642 ns, Cleanup: 36186 ns, At safepoint: 6842 ns, Total: 143670 ns
[2025-03-19T14:04:52.068+0000][68.131s][debug][safepoint   ] Safepoint synchronization initiated using futex wait barrier. (242 threads)
[2025-03-19T14:04:52.068+0000][68.131s][info ][safepoint   ] Safepoint "Cleanup", Time since last: 2000218373 ns, Reaching safepoint: 85765 ns, Cleanup: 17469 ns, At safepoint: 6236 ns, Total: 109470 ns
[2025-03-19T14:04:53.068+0000][69.131s][debug][safepoint   ] Safepoint synchronization initiated using futex wait barrier. (242 threads)
[2025-03-19T14:04:53.068+0000][69.132s][info ][safepoint   ] Safepoint "Cleanup", Time since last: 1000085387 ns, Reaching safepoint: 79302 ns, Cleanup: 16994 ns, At safepoint: 7102 ns, Total: 103398 ns
[2025-03-19T14:04:55.068+0000][71.132s][debug][safepoint   ] Safepoint synchronization initiated using futex wait barrier. (242 threads)
[2025-03-19T14:04:55.068+0000][71.132s][info ][safepoint   ] Safepoint "Cleanup", Time since last: 2000188604 ns, Reaching safepoint: 104729 ns, Cleanup: 24184 ns, At safepoint: 7921 ns, Total: 136834 ns
[2025-03-19T14:04:59.069+0000][75.132s][debug][safepoint   ] Safepoint synchronization initiated using futex wait barrier. (242 threads)
[2025-03-19T14:04:59.069+0000][75.132s][info ][safepoint   ] Safepoint "Cleanup", Time since last: 4000344777 ns, Reaching safepoint: 85021 ns, Cleanup: 16400 ns, At safepoint: 5554 ns, Total: 106975 ns
[2025-03-19T14:05:00.069+0000][76.132s][debug][safepoint   ] Safepoint synchronization initiated using futex wait barrier. (242 threads)
[2025-03-19T14:05:00.069+0000][76.133s][info ][safepoint   ] Safepoint "Cleanup", Time since last: 1000087301 ns, Reaching safepoint: 83941 ns, Cleanup: 18815 ns, At safepoint: 5755 ns, Total: 108511 ns
[2025-03-19T14:05:02.069+0000][78.133s][debug][safepoint   ] Safepoint synchronization initiated using futex wait barrier. (242 threads)
[2025-03-19T14:05:02.069+0000][78.133s][info ][safepoint   ] Safepoint "Cleanup", Time since last: 2000171780 ns, Reaching safepoint: 80408 ns, Cleanup: 15121 ns, At safepoint: 5243 ns, Total: 100772 ns
[2025-03-19T14:05:05.070+0000][81.133s][debug][safepoint   ] Safepoint synchronization initiated using futex wait barrier. (242 threads)
[2025-03-19T14:05:05.070+0000][81.133s][info ][safepoint   ] Safepoint "Cleanup", Time since last: 3000340338 ns, Reaching safepoint: 145891 ns, Cleanup: 21151 ns, At safepoint: 69048 ns, Total: 236090 ns
[2025-03-19T14:05:08.070+0000][84.134s][debug][safepoint   ] Safepoint synchronization initiated using futex wait barrier. (242 threads)
[2025-03-19T14:05:08.070+0000][84.134s][info ][safepoint   ] Safepoint "Cleanup", Time since last: 3000235258 ns, Reaching safepoint: 83192 ns, Cleanup: 20992 ns, At safepoint: 7294 ns, Total: 111478 ns
[2025-03-19T14:05:09.070+0000][85.134s][debug][safepoint   ] Safepoint synchronization initiated using futex wait barrier. (242 threads)
[2025-03-19T14:05:09.071+0000][85.134s][info ][safepoint   ] Safepoint "Cleanup", Time since last: 1000116006 ns, Reaching safepoint: 77141 ns, Cleanup: 15786 ns, At safepoint: 7655 ns, Total: 100582 ns
[2025-03-19T14:05:10.071+0000][86.134s][debug][safepoint   ] Safepoint synchronization initiated using futex wait barrier. (242 threads)
[2025-03-19T14:05:10.071+0000][86.134s][info ][safepoint   ] Safepoint "Cleanup", Time since last: 1000135346 ns, Reaching safepoint: 86938 ns, Cleanup: 21806 ns, At safepoint: 7583 ns, Total: 116327 ns
[2025-03-19T14:05:11.071+0000][87.134s][debug][safepoint   ] Safepoint synchronization initiated using futex wait barrier. (242 threads)
[2025-03-19T14:05:11.071+0000][87.134s][info ][safepoint   ] Safepoint "Cleanup", Time since last: 1000165972 ns, Reaching safepoint: 62926 ns, Cleanup: 18374 ns, At safepoint: 4703 ns, Total: 86003 ns
[2025-03-19T14:05:15.072+0000][91.135s][debug][safepoint   ] Safepoint synchronization initiated using futex wait barrier. (242 threads)
[2025-03-19T14:05:15.072+0000][91.135s][info ][safepoint   ] Safepoint "Cleanup", Time since last: 4000728277 ns, Reaching safepoint: 98507 ns, Cleanup: 19344 ns, At safepoint: 7266 ns, Total: 125117 ns
[2025-03-19T14:05:16.072+0000][92.135s][debug][safepoint   ] Safepoint synchronization initiated using futex wait barrier. (242 threads)
[2025-03-19T14:05:16.072+0000][92.136s][info ][safepoint   ] Safepoint "Cleanup", Time since last: 1000119392 ns, Reaching safepoint: 104950 ns, Cleanup: 22520 ns, At safepoint: 9722 ns, Total: 137192 ns
[2025-03-19T14:05:17.072+0000][93.136s][debug][safepoint   ] Safepoint synchronization initiated using futex wait barrier. (242 threads)
[2025-03-19T14:05:17.072+0000][93.136s][info ][safepoint   ] Safepoint "Cleanup", Time since last: 1000111306 ns, Reaching safepoint: 86632 ns, Cleanup: 23853 ns, At safepoint: 7613 ns, Total: 118098 ns
[2025-03-19T14:05:19.073+0000][95.136s][debug][safepoint   ] Safepoint synchronization initiated using futex wait barrier. (242 threads)
[2025-03-19T14:05:19.073+0000][95.136s][info ][safepoint   ] Safepoint "Cleanup", Time since last: 2000213293 ns, Reaching safepoint: 80881 ns, Cleanup: 17293 ns, At safepoint: 7403 ns, Total: 105577 ns
[2025-03-19T14:05:20.073+0000][96.136s][debug][safepoint   ] Safepoint synchronization initiated using futex wait barrier. (242 threads)
[2025-03-19T14:05:20.073+0000][96.136s][info ][safepoint   ] Safepoint "Cleanup", Time since last: 1000098649 ns, Reaching safepoint: 89244 ns, Cleanup: 20837 ns, At safepoint: 6273 ns, Total: 116354 ns
[2025-03-19T14:05:25.073+0000][101.137s][debug][safepoint   ] Safepoint synchronization initiated using futex wait barrier. (242 threads)
[2025-03-19T14:05:25.073+0000][101.137s][info ][safepoint   ] Safepoint "Cleanup", Time since last: 5000430800 ns, Reaching safepoint: 87031 ns, Cleanup: 19389 ns, At safepoint: 6879 ns, Total: 113299 ns
[2025-03-19T14:05:26.074+0000][102.137s][debug][safepoint   ] Safepoint synchronization initiated using futex wait barrier. (243 threads)
[2025-03-19T14:05:26.074+0000][102.137s][info ][safepoint   ] Safepoint "Cleanup", Time since last: 1000133376 ns, Reaching safepoint: 91896 ns, Cleanup: 17505 ns, At safepoint: 7441 ns, Total: 116842 ns
[2025-03-19T14:05:29.074+0000][105.137s][debug][safepoint   ] Safepoint synchronization initiated using futex wait barrier. (243 threads)
[2025-03-19T14:05:29.074+0000][105.138s][info ][safepoint   ] Safepoint "Cleanup", Time since last: 3000247436 ns, Reaching safepoint: 98577 ns, Cleanup: 35686 ns, At safepoint: 6224 ns, Total: 140487 ns
[2025-03-19T14:05:30.074+0000][106.138s][debug][safepoint   ] Safepoint synchronization initiated using futex wait barrier. (243 threads)
[2025-03-19T14:05:30.074+0000][106.138s][info ][safepoint   ] Safepoint "Cleanup", Time since last: 1000056237 ns, Reaching safepoint: 79497 ns, Cleanup: 26415 ns, At safepoint: 3840 ns, Total: 109752 ns
[2025-03-19T14:05:32.074+0000][108.138s][debug][safepoint   ] Safepoint synchronization initiated using futex wait barrier. (240 threads)
[2025-03-19T14:05:32.075+0000][108.138s][info ][safepoint   ] Safepoint "Cleanup", Time since last: 2000159923 ns, Reaching safepoint: 93157 ns, Cleanup: 78033 ns, At safepoint: 11255 ns, Total: 182445 ns
[2025-03-19T14:05:35.075+0000][111.138s][debug][safepoint   ] Safepoint synchronization initiated using futex wait barrier. (237 threads)
[2025-03-19T14:05:35.075+0000][111.139s][info ][safepoint   ] Safepoint "Cleanup", Time since last: 3000405993 ns, Reaching safepoint: 89654 ns, Cleanup: 24651 ns, At safepoint: 7869 ns, Total: 122174 ns
[2025-03-19T14:05:36.075+0000][112.139s][debug][safepoint   ] Safepoint synchronization initiated using futex wait barrier. (236 threads)
[2025-03-19T14:05:36.075+0000][112.139s][info ][safepoint   ] Safepoint "Cleanup", Time since last: 1000113274 ns, Reaching safepoint: 142252 ns, Cleanup: 18167 ns, At safepoint: 6459 ns, Total: 166878 ns
[2025-03-19T14:05:39.076+0000][115.139s][debug][safepoint   ] Safepoint synchronization initiated using futex wait barrier. (235 threads)
[2025-03-19T14:05:39.076+0000][115.139s][info ][safepoint   ] Safepoint "Cleanup", Time since last: 3000328989 ns, Reaching safepoint: 121007 ns, Cleanup: 21153 ns, At safepoint: 8029 ns, Total: 150189 ns
[2025-03-19T14:05:40.076+0000][116.139s][debug][safepoint   ] Safepoint synchronization initiated using futex wait barrier. (235 threads)
[2025-03-19T14:05:40.076+0000][116.140s][info ][safepoint   ] Safepoint "Cleanup", Time since last: 1000137021 ns, Reaching safepoint: 84369 ns, Cleanup: 19363 ns, At safepoint: 7482 ns, Total: 111214 ns
[2025-03-19T14:05:41.076+0000][117.140s][debug][safepoint   ] Safepoint synchronization initiated using futex wait barrier. (233 threads)
[2025-03-19T14:05:41.076+0000][117.140s][info ][safepoint   ] Safepoint "Cleanup", Time since last: 1000093712 ns, Reaching safepoint: 82440 ns, Cleanup: 19321 ns, At safepoint: 5924 ns, Total: 107685 ns
[2025-03-19T14:05:45.087+0000][121.150s][debug][safepoint   ] Safepoint synchronization initiated using futex wait barrier. (230 threads)
[2025-03-19T14:05:45.087+0000][121.150s][info ][safepoint   ] Safepoint "Cleanup", Time since last: 4010425305 ns, Reaching safepoint: 109266 ns, Cleanup: 33426 ns, At safepoint: 6865 ns, Total: 149557 ns
[2025-03-19T14:05:47.087+0000][123.151s][debug][safepoint   ] Safepoint synchronization initiated using futex wait barrier. (230 threads)
[2025-03-19T14:05:47.087+0000][123.151s][info ][safepoint   ] Safepoint "Cleanup", Time since last: 2000174003 ns, Reaching safepoint: 75297 ns, Cleanup: 20634 ns, At safepoint: 5801 ns, Total: 101732 ns
[2025-03-19T14:05:47.912+0000][123.976s][debug][safepoint   ] Safepoint synchronization initiated using futex wait barrier. (231 threads)
[2025-03-19T14:05:47.912+0000][123.976s][info ][gc,start    ] GC(76) Pause Young (Normal) (G1 Evacuation Pause)
[2025-03-19T14:05:47.913+0000][123.976s][info ][gc,task     ] GC(76) Using 4 workers of 4 for evacuation
[2025-03-19T14:05:47.944+0000][124.007s][info ][gc,phases   ] GC(76)   Pre Evacuate Collection Set: 0.2ms
[2025-03-19T14:05:47.944+0000][124.008s][info ][gc,phases   ] GC(76)   Merge Heap Roots: 0.2ms
[2025-03-19T14:05:47.944+0000][124.008s][info ][gc,phases   ] GC(76)   Evacuate Collection Set: 26.7ms
[2025-03-19T14:05:47.944+0000][124.008s][info ][gc,phases   ] GC(76)   Post Evacuate Collection Set: 4.2ms
[2025-03-19T14:05:47.944+0000][124.008s][info ][gc,phases   ] GC(76)   Other: 0.2ms
[2025-03-19T14:05:47.944+0000][124.008s][info ][gc,heap     ] GC(76) Eden regions: 187->0(186)
[2025-03-19T14:05:47.944+0000][124.008s][info ][gc,heap     ] GC(76) Survivor regions: 20->14(26)
[2025-03-19T14:05:47.944+0000][124.008s][info ][gc,heap     ] GC(76) Old regions: 155->164
[2025-03-19T14:05:47.944+0000][124.008s][info ][gc,heap     ] GC(76) Archive regions: 2->2
[2025-03-19T14:05:47.944+0000][124.008s][info ][gc,heap     ] GC(76) Humongous regions: 2->2
[2025-03-19T14:05:47.944+0000][124.008s][info ][gc,metaspace] GC(76) Metaspace: 184716K(186112K)->184716K(186112K) NonClass: 162086K(162816K)->162086K(162816K) Class: 22630K(23296K)->22630K(23296K)
[2025-03-19T14:05:47.944+0000][124.008s][info ][gc          ] GC(76) Pause Young (Normal) (G1 Evacuation Pause) 364M->180M(429M) 31.673ms
[2025-03-19T14:05:47.944+0000][124.008s][info ][gc,cpu      ] GC(76) User=0.09s Sys=0.00s Real=0.03s
[2025-03-19T14:05:47.948+0000][124.012s][info ][safepoint   ] Safepoint "G1CollectForAllocation", Time since last: 824961349 ns, Reaching safepoint: 255050 ns, Cleanup: 55391 ns, At safepoint: 35787580 ns, Total: 36098021 ns
[2025-03-19T14:05:49.003+0000][125.066s][debug][safepoint   ] Safepoint synchronization initiated using futex wait barrier. (231 threads)
[2025-03-19T14:05:49.004+0000][125.068s][info ][safepoint   ] Safepoint "Cleanup", Time since last: 1054794414 ns, Reaching safepoint: 1094800 ns, Cleanup: 100397 ns, At safepoint: 34377 ns, Total: 1229574 ns
[2025-03-19T14:05:50.223+0000][126.286s][debug][safepoint   ] Safepoint synchronization initiated using futex wait barrier. (231 threads)
[2025-03-19T14:05:50.223+0000][126.287s][info ][gc,start    ] GC(77) Pause Young (Normal) (G1 Evacuation Pause)
[2025-03-19T14:05:50.223+0000][126.287s][info ][gc,task     ] GC(77) Using 4 workers of 4 for evacuation
[2025-03-19T14:05:50.251+0000][126.314s][info ][gc,phases   ] GC(77)   Pre Evacuate Collection Set: 0.3ms
[2025-03-19T14:05:50.251+0000][126.314s][info ][gc,phases   ] GC(77)   Merge Heap Roots: 0.2ms
[2025-03-19T14:05:50.251+0000][126.314s][info ][gc,phases   ] GC(77)   Evacuate Collection Set: 24.0ms
[2025-03-19T14:05:50.251+0000][126.314s][info ][gc,phases   ] GC(77)   Post Evacuate Collection Set: 2.8ms
[2025-03-19T14:05:50.251+0000][126.314s][info ][gc,phases   ] GC(77)   Other: 0.2ms
[2025-03-19T14:05:50.251+0000][126.314s][info ][gc,heap     ] GC(77) Eden regions: 186->0(181)
[2025-03-19T14:05:50.251+0000][126.314s][info ][gc,heap     ] GC(77) Survivor regions: 14->16(25)
[2025-03-19T14:05:50.251+0000][126.314s][info ][gc,heap     ] GC(77) Old regions: 164->168
[2025-03-19T14:05:50.251+0000][126.314s][info ][gc,heap     ] GC(77) Archive regions: 2->2
[2025-03-19T14:05:50.251+0000][126.314s][info ][gc,heap     ] GC(77) Humongous regions: 16->2
[2025-03-19T14:05:50.251+0000][126.314s][info ][gc,metaspace] GC(77) Metaspace: 186273K(187648K)->186273K(187648K) NonClass: 163438K(164160K)->163438K(164160K) Class: 22835K(23488K)->22835K(23488K)
[2025-03-19T14:05:50.251+0000][126.314s][info ][gc          ] GC(77) Pause Young (Normal) (G1 Evacuation Pause) 380M->185M(429M) 27.674ms
[2025-03-19T14:05:50.251+0000][126.314s][info ][gc,cpu      ] GC(77) User=0.08s Sys=0.00s Real=0.03s
[2025-03-19T14:05:50.251+0000][126.315s][info ][safepoint   ] Safepoint "G1CollectForAllocation", Time since last: 1218540653 ns, Reaching safepoint: 87975 ns, Cleanup: 154890 ns, At safepoint: 28338392 ns, Total: 28581257 ns
[2025-03-19T14:05:50.608+0000][126.671s][debug][safepoint   ] Safepoint synchronization initiated using futex wait barrier. (231 threads)
[2025-03-19T14:05:50.608+0000][126.672s][info ][safepoint   ] Safepoint "ICBufferFull", Time since last: 356675138 ns, Reaching safepoint: 209744 ns, Cleanup: 159954 ns, At safepoint: 18896 ns, Total: 388594 ns
[2025-03-19T14:05:50.670+0000][126.734s][debug][safepoint   ] ... found polling page loop exception at pc = 0x00007af8ad0c41e0, stub =0x00007af8ac98eb80
[2025-03-19T14:05:51.537+0000][127.600s][debug][safepoint   ] Safepoint synchronization initiated using futex wait barrier. (232 threads)
[2025-03-19T14:05:51.537+0000][127.600s][debug][safepoint   ] ... found polling page loop exception at pc = 0x00007af8ad1b3089, stub =0x00007af8ac98f400
[2025-03-19T14:05:51.537+0000][127.601s][info ][safepoint   ] Safepoint "ICBufferFull", Time since last: 928274089 ns, Reaching safepoint: 359858 ns, Cleanup: 165661 ns, At safepoint: 31940 ns, Total: 557459 ns
[2025-03-19T14:05:52.537+0000][128.601s][debug][safepoint   ] Safepoint synchronization initiated using futex wait barrier. (232 threads)
[2025-03-19T14:05:52.538+0000][128.601s][info ][safepoint   ] Safepoint "Cleanup", Time since last: 1000118322 ns, Reaching safepoint: 110340 ns, Cleanup: 190172 ns, At safepoint: 7307 ns, Total: 307819 ns
[2025-03-19T14:05:52.733+0000][128.796s][debug][safepoint   ] Safepoint synchronization initiated using futex wait barrier. (232 threads)
[2025-03-19T14:05:52.733+0000][128.797s][info ][gc,start    ] GC(78) Pause Young (Normal) (G1 Evacuation Pause)
[2025-03-19T14:05:52.733+0000][128.797s][info ][gc,task     ] GC(78) Using 4 workers of 4 for evacuation
[2025-03-19T14:05:52.765+0000][128.829s][info ][gc,phases   ] GC(78)   Pre Evacuate Collection Set: 0.3ms
[2025-03-19T14:05:52.765+0000][128.829s][info ][gc,phases   ] GC(78)   Merge Heap Roots: 0.4ms
[2025-03-19T14:05:52.765+0000][128.829s][info ][gc,phases   ] GC(78)   Evacuate Collection Set: 28.7ms
[2025-03-19T14:05:52.765+0000][128.829s][info ][gc,phases   ] GC(78)   Post Evacuate Collection Set: 2.4ms
[2025-03-19T14:05:52.765+0000][128.829s][info ][gc,phases   ] GC(78)   Other: 0.3ms
[2025-03-19T14:05:52.765+0000][128.829s][info ][gc,heap     ] GC(78) Eden regions: 181->0(182)
[2025-03-19T14:05:52.765+0000][128.829s][info ][gc,heap     ] GC(78) Survivor regions: 16->11(25)
[2025-03-19T14:05:52.765+0000][128.829s][info ][gc,heap     ] GC(78) Old regions: 168->174
[2025-03-19T14:05:52.765+0000][128.829s][info ][gc,heap     ] GC(78) Archive regions: 2->2
[2025-03-19T14:05:52.765+0000][128.829s][info ][gc,heap     ] GC(78) Humongous regions: 17->2
[2025-03-19T14:05:52.765+0000][128.829s][info ][gc,metaspace] GC(78) Metaspace: 187519K(188928K)->187519K(188928K) NonClass: 164563K(165312K)->164563K(165312K) Class: 22956K(23616K)->22956K(23616K)
[2025-03-19T14:05:52.765+0000][128.829s][info ][gc          ] GC(78) Pause Young (Normal) (G1 Evacuation Pause) 381M->187M(429M) 32.123ms
[2025-03-19T14:05:52.765+0000][128.829s][info ][gc,cpu      ] GC(78) User=0.06s Sys=0.00s Real=0.03s
[2025-03-19T14:05:52.766+0000][128.829s][info ][safepoint   ] Safepoint "G1CollectForAllocation", Time since last: 195180927 ns, Reaching safepoint: 265705 ns, Cleanup: 36467 ns, At safepoint: 32567182 ns, Total: 32869354 ns
[2025-03-19T14:05:53.613+0000][129.676s][debug][safepoint   ] Safepoint synchronization initiated using futex wait barrier. (233 threads)
[2025-03-19T14:05:53.613+0000][129.677s][info ][safepoint   ] Safepoint "ICBufferFull", Time since last: 847057737 ns, Reaching safepoint: 71627 ns, Cleanup: 173007 ns, At safepoint: 10336 ns, Total: 254970 ns
[2025-03-19T14:05:54.614+0000][130.677s][debug][safepoint   ] Safepoint synchronization initiated using futex wait barrier. (233 threads)
[2025-03-19T14:05:54.614+0000][130.677s][info ][safepoint   ] Safepoint "Cleanup", Time since last: 1000785131 ns, Reaching safepoint: 59029 ns, Cleanup: 104369 ns, At safepoint: 4193 ns, Total: 167591 ns
[2025-03-19T14:05:55.614+0000][131.678s][debug][safepoint   ] Safepoint synchronization initiated using futex wait barrier. (234 threads)
[2025-03-19T14:05:55.614+0000][131.678s][info ][safepoint   ] Safepoint "Cleanup", Time since last: 1000096885 ns, Reaching safepoint: 99637 ns, Cleanup: 73721 ns, At safepoint: 6604 ns, Total: 179962 ns
[2025-03-19T14:05:56.614+0000][132.678s][debug][safepoint   ] Safepoint synchronization initiated using futex wait barrier. (234 threads)
[2025-03-19T14:05:56.615+0000][132.678s][info ][safepoint   ] Safepoint "Cleanup", Time since last: 1000098586 ns, Reaching safepoint: 78183 ns, Cleanup: 33333 ns, At safepoint: 5451 ns, Total: 116967 ns
[2025-03-19T14:05:57.615+0000][133.678s][debug][safepoint   ] Safepoint synchronization initiated using futex wait barrier. (234 threads)
[2025-03-19T14:05:57.615+0000][133.678s][info ][safepoint   ] Safepoint "Cleanup", Time since last: 1000096791 ns, Reaching safepoint: 149264 ns, Cleanup: 40037 ns, At safepoint: 4981 ns, Total: 194282 ns
[2025-03-19T14:05:59.615+0000][135.678s][debug][safepoint   ] Safepoint synchronization initiated using futex wait barrier. (235 threads)
[2025-03-19T14:05:59.615+0000][135.679s][info ][safepoint   ] Safepoint "Cleanup", Time since last: 2000117873 ns, Reaching safepoint: 184202 ns, Cleanup: 49818 ns, At safepoint: 11845 ns, Total: 245865 ns
[2025-03-19T14:06:00.615+0000][136.679s][debug][safepoint   ] Safepoint synchronization initiated using futex wait barrier. (234 threads)
[2025-03-19T14:06:00.615+0000][136.679s][info ][safepoint   ] Safepoint "Cleanup", Time since last: 1000128179 ns, Reaching safepoint: 88357 ns, Cleanup: 35635 ns, At safepoint: 5963 ns, Total: 129955 ns
[2025-03-19T14:06:01.386+0000][137.449s][debug][safepoint   ] Safepoint synchronization initiated using futex wait barrier. (234 threads)
[2025-03-19T14:06:01.386+0000][137.450s][info ][gc,start    ] GC(79) Pause Young (Normal) (G1 Evacuation Pause)
[2025-03-19T14:06:01.386+0000][137.450s][info ][gc,task     ] GC(79) Using 4 workers of 4 for evacuation
[2025-03-19T14:06:01.425+0000][137.488s][info ][gc,phases   ] GC(79)   Pre Evacuate Collection Set: 0.3ms
[2025-03-19T14:06:01.425+0000][137.488s][info ][gc,phases   ] GC(79)   Merge Heap Roots: 0.3ms
[2025-03-19T14:06:01.425+0000][137.488s][info ][gc,phases   ] GC(79)   Evacuate Collection Set: 35.3ms
[2025-03-19T14:06:01.425+0000][137.488s][info ][gc,phases   ] GC(79)   Post Evacuate Collection Set: 2.4ms
[2025-03-19T14:06:01.425+0000][137.488s][info ][gc,phases   ] GC(79)   Other: 0.3ms
[2025-03-19T14:06:01.425+0000][137.488s][info ][gc,heap     ] GC(79) Eden regions: 182->0(176)
[2025-03-19T14:06:01.425+0000][137.488s][info ][gc,heap     ] GC(79) Survivor regions: 11->16(25)
[2025-03-19T14:06:01.425+0000][137.488s][info ][gc,heap     ] GC(79) Old regions: 174->174
[2025-03-19T14:06:01.425+0000][137.488s][info ][gc,heap     ] GC(79) Archive regions: 2->2
[2025-03-19T14:06:01.425+0000][137.488s][info ][gc,heap     ] GC(79) Humongous regions: 2->2
[2025-03-19T14:06:01.425+0000][137.488s][info ][gc,metaspace] GC(79) Metaspace: 188952K(190336K)->188952K(190336K) NonClass: 165858K(166592K)->165858K(166592K) Class: 23093K(23744K)->23093K(23744K)
[2025-03-19T14:06:01.425+0000][137.488s][info ][gc          ] GC(79) Pause Young (Normal) (G1 Evacuation Pause) 369M->192M(429M) 38.826ms
[2025-03-19T14:06:01.425+0000][137.488s][info ][gc,cpu      ] GC(79) User=0.12s Sys=0.00s Real=0.04s
[2025-03-19T14:06:01.425+0000][137.489s][info ][safepoint   ] Safepoint "G1CollectForAllocation", Time since last: 770552024 ns, Reaching safepoint: 108826 ns, Cleanup: 5677 ns, At safepoint: 39379406 ns, Total: 39493909 ns
[2025-03-19T14:06:02.426+0000][138.489s][debug][safepoint   ] Safepoint synchronization initiated using futex wait barrier. (235 threads)
[2025-03-19T14:06:02.426+0000][138.489s][info ][safepoint   ] Safepoint "Cleanup", Time since last: 1000118432 ns, Reaching safepoint: 82229 ns, Cleanup: 32621 ns, At safepoint: 4985 ns, Total: 119835 ns
[2025-03-19T14:06:08.426+0000][144.490s][debug][safepoint   ] Safepoint synchronization initiated using futex wait barrier. (235 threads)
[2025-03-19T14:06:08.427+0000][144.490s][info ][safepoint   ] Safepoint "Cleanup", Time since last: 6000767801 ns, Reaching safepoint: 108185 ns, Cleanup: 17382 ns, At safepoint: 6619 ns, Total: 132186 ns
[2025-03-19T14:06:09.427+0000][145.490s][debug][safepoint   ] Safepoint synchronization initiated using futex wait barrier. (235 threads)
[2025-03-19T14:06:09.427+0000][145.490s][info ][safepoint   ] Safepoint "Cleanup", Time since last: 1000104031 ns, Reaching safepoint: 100686 ns, Cleanup: 37779 ns, At safepoint: 6409 ns, Total: 144874 ns
[2025-03-19T14:06:10.427+0000][146.490s][debug][safepoint   ] Safepoint synchronization initiated using futex wait barrier. (235 threads)
[2025-03-19T14:06:10.427+0000][146.491s][info ][safepoint   ] Safepoint "Cleanup", Time since last: 1000104984 ns, Reaching safepoint: 94133 ns, Cleanup: 18503 ns, At safepoint: 6517 ns, Total: 119153 ns
[2025-03-19T14:06:11.427+0000][147.491s][debug][safepoint   ] Safepoint synchronization initiated using futex wait barrier. (235 threads)
[2025-03-19T14:06:11.427+0000][147.491s][info ][safepoint   ] Safepoint "Cleanup", Time since last: 1000092321 ns, Reaching safepoint: 83639 ns, Cleanup: 16298 ns, At safepoint: 5174 ns, Total: 105111 ns
[2025-03-19T14:06:19.428+0000][155.491s][debug][safepoint   ] Safepoint synchronization initiated using futex wait barrier. (235 threads)
[2025-03-19T14:06:19.428+0000][155.492s][info ][safepoint   ] Safepoint "Cleanup", Time since last: 8000675267 ns, Reaching safepoint: 105573 ns, Cleanup: 18541 ns, At safepoint: 7412 ns, Total: 131526 ns
[2025-03-19T14:06:20.428+0000][156.492s][debug][safepoint   ] Safepoint synchronization initiated using futex wait barrier. (235 threads)
[2025-03-19T14:06:20.428+0000][156.492s][info ][safepoint   ] Safepoint "Cleanup", Time since last: 1000106612 ns, Reaching safepoint: 68542 ns, Cleanup: 17071 ns, At safepoint: 5247 ns, Total: 90860 ns
[2025-03-19T14:06:25.429+0000][161.493s][debug][safepoint   ] Safepoint synchronization initiated using futex wait barrier. (235 threads)
[2025-03-19T14:06:25.429+0000][161.493s][info ][safepoint   ] Safepoint "Cleanup", Time since last: 5000781515 ns, Reaching safepoint: 139026 ns, Cleanup: 19795 ns, At safepoint: 6601 ns, Total: 165422 ns
[2025-03-19T14:06:29.430+0000][165.493s][debug][safepoint   ] Safepoint synchronization initiated using futex wait barrier. (235 threads)
[2025-03-19T14:06:29.430+0000][165.493s][info ][safepoint   ] Safepoint "Cleanup", Time since last: 4000332297 ns, Reaching safepoint: 96858 ns, Cleanup: 18365 ns, At safepoint: 5714 ns, Total: 120937 ns
[2025-03-19T14:06:30.430+0000][166.493s][debug][safepoint   ] Safepoint synchronization initiated using futex wait barrier. (235 threads)
[2025-03-19T14:06:30.430+0000][166.493s][info ][safepoint   ] Safepoint "Cleanup", Time since last: 1000103590 ns, Reaching safepoint: 119123 ns, Cleanup: 33649 ns, At safepoint: 7484 ns, Total: 160256 ns
[2025-03-19T14:06:32.430+0000][168.494s][debug][safepoint   ] Safepoint synchronization initiated using futex wait barrier. (234 threads)
[2025-03-19T14:06:32.430+0000][168.494s][info ][safepoint   ] Safepoint "Cleanup", Time since last: 2000156277 ns, Reaching safepoint: 71733 ns, Cleanup: 21033 ns, At safepoint: 4781 ns, Total: 97547 ns
[2025-03-19T14:06:35.431+0000][171.494s][debug][safepoint   ] Safepoint synchronization initiated using futex wait barrier. (233 threads)
[2025-03-19T14:06:35.431+0000][171.494s][info ][safepoint   ] Safepoint "Cleanup", Time since last: 3000356130 ns, Reaching safepoint: 82674 ns, Cleanup: 36211 ns, At safepoint: 7295 ns, Total: 126180 ns
[2025-03-19T14:06:36.431+0000][172.494s][debug][safepoint   ] Safepoint synchronization initiated using futex wait barrier. (232 threads)
[2025-03-19T14:06:36.431+0000][172.494s][info ][safepoint   ] Safepoint "Cleanup", Time since last: 1000092297 ns, Reaching safepoint: 83742 ns, Cleanup: 16687 ns, At safepoint: 6354 ns, Total: 106783 ns
[2025-03-19T14:06:37.431+0000][173.494s][debug][safepoint   ] Safepoint synchronization initiated using futex wait barrier. (232 threads)
[2025-03-19T14:06:37.431+0000][173.495s][info ][safepoint   ] Safepoint "Cleanup", Time since last: 1000088706 ns, Reaching safepoint: 103522 ns, Cleanup: 40653 ns, At safepoint: 6634 ns, Total: 150809 ns
[2025-03-19T14:06:38.431+0000][174.495s][debug][safepoint   ] Safepoint synchronization initiated using futex wait barrier. (232 threads)
[2025-03-19T14:06:38.431+0000][174.495s][info ][safepoint   ] Safepoint "Cleanup", Time since last: 1000096627 ns, Reaching safepoint: 79099 ns, Cleanup: 17067 ns, At safepoint: 6694 ns, Total: 102860 ns
[2025-03-19T14:06:39.431+0000][175.495s][debug][safepoint   ] Safepoint synchronization initiated using futex wait barrier. (232 threads)
[2025-03-19T14:06:39.432+0000][175.495s][info ][safepoint   ] Safepoint "Cleanup", Time since last: 1000137560 ns, Reaching safepoint: 85138 ns, Cleanup: 22525 ns, At safepoint: 8033 ns, Total: 115696 ns
[2025-03-19T14:06:40.432+0000][176.495s][debug][safepoint   ] Safepoint synchronization initiated using futex wait barrier. (232 threads)
[2025-03-19T14:06:40.432+0000][176.495s][info ][safepoint   ] Safepoint "Cleanup", Time since last: 1000084919 ns, Reaching safepoint: 79392 ns, Cleanup: 19196 ns, At safepoint: 5779 ns, Total: 104367 ns
[2025-03-19T14:06:44.122+0000][180.185s][debug][safepoint   ] Safepoint synchronization initiated using futex wait barrier. (230 threads)
[2025-03-19T14:06:44.122+0000][180.185s][info ][safepoint   ] Safepoint "Cleanup", Time since last: 3689948729 ns, Reaching safepoint: 54592 ns, Cleanup: 15462 ns, At safepoint: 7123 ns, Total: 77177 ns
[2025-03-19T14:06:45.122+0000][181.185s][debug][safepoint   ] Safepoint synchronization initiated using futex wait barrier. (230 threads)
[2025-03-19T14:06:45.122+0000][181.186s][info ][safepoint   ] Safepoint "Cleanup", Time since last: 1000212919 ns, Reaching safepoint: 93385 ns, Cleanup: 23813 ns, At safepoint: 8003 ns, Total: 125201 ns
[2025-03-19T14:06:47.122+0000][183.186s][debug][safepoint   ] Safepoint synchronization initiated using futex wait barrier. (230 threads)
[2025-03-19T14:06:47.123+0000][183.186s][info ][safepoint   ] Safepoint "Cleanup", Time since last: 2000331508 ns, Reaching safepoint: 89231 ns, Cleanup: 20014 ns, At safepoint: 7196 ns, Total: 116441 ns
[2025-03-19T14:06:49.123+0000][185.186s][debug][safepoint   ] Safepoint synchronization initiated using futex wait barrier. (230 threads)
[2025-03-19T14:06:49.123+0000][185.186s][info ][safepoint   ] Safepoint "Cleanup", Time since last: 2000190099 ns, Reaching safepoint: 157434 ns, Cleanup: 26069 ns, At safepoint: 7876 ns, Total: 191379 ns
[2025-03-19T14:06:53.124+0000][189.187s][debug][safepoint   ] Safepoint synchronization initiated using futex wait barrier. (230 threads)
[2025-03-19T14:06:53.124+0000][189.187s][info ][safepoint   ] Safepoint "Cleanup", Time since last: 4000595034 ns, Reaching safepoint: 114324 ns, Cleanup: 18989 ns, At safepoint: 7279 ns, Total: 140592 ns
[2025-03-19T14:06:54.124+0000][190.187s][debug][safepoint   ] Safepoint synchronization initiated using futex wait barrier. (230 threads)
[2025-03-19T14:06:54.124+0000][190.187s][info ][safepoint   ] Safepoint "Cleanup", Time since last: 1000131681 ns, Reaching safepoint: 126172 ns, Cleanup: 22658 ns, At safepoint: 8866 ns, Total: 157696 ns
[2025-03-19T14:06:55.124+0000][191.188s][debug][safepoint   ] Safepoint synchronization initiated using futex wait barrier. (230 threads)
[2025-03-19T14:06:55.124+0000][191.188s][info ][safepoint   ] Safepoint "Cleanup", Time since last: 1000101364 ns, Reaching safepoint: 82511 ns, Cleanup: 27515 ns, At safepoint: 7039 ns, Total: 117065 ns
[2025-03-19T14:06:56.124+0000][192.188s][debug][safepoint   ] Safepoint synchronization initiated using futex wait barrier. (230 threads)
[2025-03-19T14:06:56.124+0000][192.188s][info ][safepoint   ] Safepoint "Cleanup", Time since last: 1000120439 ns, Reaching safepoint: 79722 ns, Cleanup: 17182 ns, At safepoint: 6750 ns, Total: 103654 ns
[2025-03-19T14:07:00.125+0000][196.188s][debug][safepoint   ] Safepoint synchronization initiated using futex wait barrier. (230 threads)
[2025-03-19T14:07:00.125+0000][196.188s][info ][safepoint   ] Safepoint "Cleanup", Time since last: 4000448730 ns, Reaching safepoint: 92078 ns, Cleanup: 21521 ns, At safepoint: 6099 ns, Total: 119698 ns
[2025-03-19T14:07:05.125+0000][201.189s][debug][safepoint   ] Safepoint synchronization initiated using futex wait barrier. (229 threads)
[2025-03-19T14:07:05.125+0000][201.189s][info ][safepoint   ] Safepoint "Cleanup", Time since last: 5000346002 ns, Reaching safepoint: 65750 ns, Cleanup: 11874 ns, At safepoint: 4082 ns, Total: 81706 ns
[2025-03-19T14:07:08.548+0000][204.189s][debug][safepoint   ] Safepoint synchronization initiated using futex wait barrier. (229 threads)
[2025-03-19T14:07:08.548+0000][204.189s][info ][safepoint   ] Safepoint "Cleanup", Time since last: 3000293113 ns, Reaching safepoint: 84913 ns, Cleanup: 17223 ns, At safepoint: 6724 ns, Total: 108860 ns
[2025-03-19T14:07:10.548+0000][206.189s][debug][safepoint   ] Safepoint synchronization initiated using futex wait barrier. (229 threads)
[2025-03-19T14:07:10.549+0000][206.190s][info ][safepoint   ] Safepoint "Cleanup", Time since last: 2000171155 ns, Reaching safepoint: 68892 ns, Cleanup: 18760 ns, At safepoint: 4684 ns, Total: 92336 ns
[2025-03-19T14:07:19.550+0000][215.191s][debug][safepoint   ] Safepoint synchronization initiated using futex wait barrier. (229 threads)
[2025-03-19T14:07:19.550+0000][215.191s][info ][safepoint   ] Safepoint "Cleanup", Time since last: 9001005172 ns, Reaching safepoint: 193702 ns, Cleanup: 22047 ns, At safepoint: 8534 ns, Total: 224283 ns
[2025-03-19T14:07:20.550+0000][216.191s][debug][safepoint   ] Safepoint synchronization initiated using futex wait barrier. (229 threads)
[2025-03-19T14:07:20.550+0000][216.191s][info ][safepoint   ] Safepoint "Cleanup", Time since last: 1000113949 ns, Reaching safepoint: 81841 ns, Cleanup: 18775 ns, At safepoint: 5573 ns, Total: 106189 ns
[2025-03-19T14:07:22.550+0000][218.191s][debug][safepoint   ] Safepoint synchronization initiated using futex wait barrier. (229 threads)
[2025-03-19T14:07:22.550+0000][218.191s][info ][safepoint   ] Safepoint "Cleanup", Time since last: 2000165786 ns, Reaching safepoint: 79653 ns, Cleanup: 15543 ns, At safepoint: 6726 ns, Total: 101922 ns
[2025-03-19T14:07:30.551+0000][226.192s][debug][safepoint   ] Safepoint synchronization initiated using futex wait barrier. (229 threads)
[2025-03-19T14:07:30.551+0000][226.192s][info ][safepoint   ] Safepoint "Cleanup", Time since last: 8000605659 ns, Reaching safepoint: 109550 ns, Cleanup: 21032 ns, At safepoint: 6511 ns, Total: 137093 ns
[2025-03-19T14:07:32.551+0000][228.192s][debug][safepoint   ] Safepoint synchronization initiated using futex wait barrier. (228 threads)
[2025-03-19T14:07:32.551+0000][228.192s][info ][safepoint   ] Safepoint "Cleanup", Time since last: 2000188189 ns, Reaching safepoint: 83915 ns, Cleanup: 36994 ns, At safepoint: 8231 ns, Total: 129140 ns
[2025-03-19T14:07:35.552+0000][231.193s][debug][safepoint   ] Safepoint synchronization initiated using futex wait barrier. (227 threads)
[2025-03-19T14:07:35.552+0000][231.193s][info ][safepoint   ] Safepoint "Cleanup", Time since last: 3000211007 ns, Reaching safepoint: 81931 ns, Cleanup: 19782 ns, At safepoint: 3889 ns, Total: 105602 ns
[2025-03-19T14:07:36.552+0000][232.193s][debug][safepoint   ] Safepoint synchronization initiated using futex wait barrier. (226 threads)
[2025-03-19T14:07:36.552+0000][232.193s][info ][safepoint   ] Safepoint "Cleanup", Time since last: 1000096032 ns, Reaching safepoint: 86601 ns, Cleanup: 29428 ns, At safepoint: 6680 ns, Total: 122709 ns
[2025-03-19T14:07:37.552+0000][233.193s][debug][safepoint   ] Safepoint synchronization initiated using futex wait barrier. (226 threads)
[2025-03-19T14:07:37.552+0000][233.193s][info ][safepoint   ] Safepoint "Cleanup", Time since last: 1000104249 ns, Reaching safepoint: 81246 ns, Cleanup: 16565 ns, At safepoint: 6386 ns, Total: 104197 ns
[2025-03-19T14:07:38.552+0000][234.193s][debug][safepoint   ] Safepoint synchronization initiated using futex wait barrier. (226 threads)
[2025-03-19T14:07:38.552+0000][234.193s][info ][safepoint   ] Safepoint "Cleanup", Time since last: 1000116362 ns, Reaching safepoint: 75887 ns, Cleanup: 45695 ns, At safepoint: 7876 ns, Total: 129458 ns
[2025-03-19T14:07:40.552+0000][236.193s][debug][safepoint   ] Safepoint synchronization initiated using futex wait barrier. (226 threads)
[2025-03-19T14:07:40.553+0000][236.194s][info ][safepoint   ] Safepoint "Cleanup", Time since last: 2000168545 ns, Reaching safepoint: 106013 ns, Cleanup: 19541 ns, At safepoint: 7357 ns, Total: 132911 ns
[2025-03-19T14:07:41.553+0000][237.194s][debug][safepoint   ] Safepoint synchronization initiated using futex wait barrier. (226 threads)
[2025-03-19T14:07:41.553+0000][237.194s][info ][safepoint   ] Safepoint "Cleanup", Time since last: 1000143369 ns, Reaching safepoint: 85868 ns, Cleanup: 17212 ns, At safepoint: 7412 ns, Total: 110492 ns
[2025-03-19T14:07:43.553+0000][239.194s][debug][safepoint   ] Safepoint synchronization initiated using futex wait barrier. (225 threads)
[2025-03-19T14:07:43.553+0000][239.194s][info ][safepoint   ] Safepoint "Cleanup", Time since last: 2000209924 ns, Reaching safepoint: 87297 ns, Cleanup: 16914 ns, At safepoint: 14449 ns, Total: 118660 ns
[2025-03-19T14:07:49.569+0000][245.210s][debug][safepoint   ] Safepoint synchronization initiated using futex wait barrier. (225 threads)
[2025-03-19T14:07:49.569+0000][245.210s][info ][safepoint   ] Safepoint "Cleanup", Time since last: 6016121693 ns, Reaching safepoint: 95639 ns, Cleanup: 18227 ns, At safepoint: 8082 ns, Total: 121948 ns
[2025-03-19T14:07:50.570+0000][246.211s][debug][safepoint   ] Safepoint synchronization initiated using futex wait barrier. (225 threads)
[2025-03-19T14:07:50.570+0000][246.211s][info ][safepoint   ] Safepoint "Cleanup", Time since last: 1000107729 ns, Reaching safepoint: 108907 ns, Cleanup: 25643 ns, At safepoint: 6798 ns, Total: 141348 ns
[2025-03-19T14:07:55.570+0000][251.211s][debug][safepoint   ] Safepoint synchronization initiated using futex wait barrier. (225 threads)
[2025-03-19T14:07:55.570+0000][251.211s][info ][safepoint   ] Safepoint "Cleanup", Time since last: 5000442765 ns, Reaching safepoint: 83694 ns, Cleanup: 22085 ns, At safepoint: 5946 ns, Total: 111725 ns
[2025-03-19T14:07:56.570+0000][252.211s][debug][safepoint   ] Safepoint synchronization initiated using futex wait barrier. (225 threads)
[2025-03-19T14:07:56.570+0000][252.211s][info ][safepoint   ] Safepoint "Cleanup", Time since last: 1000099785 ns, Reaching safepoint: 100107 ns, Cleanup: 22690 ns, At safepoint: 5671 ns, Total: 128468 ns
[2025-03-19T14:07:59.571+0000][255.212s][debug][safepoint   ] Safepoint synchronization initiated using futex wait barrier. (225 threads)
[2025-03-19T14:07:59.571+0000][255.212s][info ][safepoint   ] Safepoint "Cleanup", Time since last: 3000280529 ns, Reaching safepoint: 82512 ns, Cleanup: 21803 ns, At safepoint: 7189 ns, Total: 111504 ns
[2025-03-19T14:08:00.571+0000][256.212s][debug][safepoint   ] Safepoint synchronization initiated using futex wait barrier. (225 threads)
[2025-03-19T14:08:00.571+0000][256.212s][info ][safepoint   ] Safepoint "Cleanup", Time since last: 1000129401 ns, Reaching safepoint: 84801 ns, Cleanup: 22916 ns, At safepoint: 7350 ns, Total: 115067 ns
[2025-03-19T14:08:08.572+0000][264.213s][debug][safepoint   ] Safepoint synchronization initiated using futex wait barrier. (224 threads)
[2025-03-19T14:08:08.572+0000][264.213s][info ][safepoint   ] Safepoint "Cleanup", Time since last: 8000720355 ns, Reaching safepoint: 90823 ns, Cleanup: 18579 ns, At safepoint: 7624 ns, Total: 117026 ns
[2025-03-19T14:08:09.206+0000][264.847s][debug][safepoint   ] Safepoint synchronization initiated using futex wait barrier. (224 threads)
[2025-03-19T14:08:09.206+0000][264.847s][info ][gc,start    ] GC(80) Pause Young (Normal) (G1 Evacuation Pause)
[2025-03-19T14:08:09.206+0000][264.847s][info ][gc,task     ] GC(80) Using 4 workers of 4 for evacuation
[2025-03-19T14:08:09.243+0000][264.884s][info ][gc,phases   ] GC(80)   Pre Evacuate Collection Set: 0.3ms
[2025-03-19T14:08:09.243+0000][264.884s][info ][gc,phases   ] GC(80)   Merge Heap Roots: 0.3ms
[2025-03-19T14:08:09.243+0000][264.884s][info ][gc,phases   ] GC(80)   Evacuate Collection Set: 33.6ms
[2025-03-19T14:08:09.243+0000][264.884s][info ][gc,phases   ] GC(80)   Post Evacuate Collection Set: 3.0ms
[2025-03-19T14:08:09.243+0000][264.884s][info ][gc,phases   ] GC(80)   Other: 0.2ms
[2025-03-19T14:08:09.243+0000][264.884s][info ][gc,heap     ] GC(80) Eden regions: 176->0(179)
[2025-03-19T14:08:09.243+0000][264.884s][info ][gc,heap     ] GC(80) Survivor regions: 16->12(24)
[2025-03-19T14:08:09.243+0000][264.884s][info ][gc,heap     ] GC(80) Old regions: 174->178
[2025-03-19T14:08:09.243+0000][264.884s][info ][gc,heap     ] GC(80) Archive regions: 2->2
[2025-03-19T14:08:09.243+0000][264.884s][info ][gc,heap     ] GC(80) Humongous regions: 2->2
[2025-03-19T14:08:09.243+0000][264.884s][info ][gc,metaspace] GC(80) Metaspace: 189491K(190848K)->189491K(190848K) NonClass: 166376K(167104K)->166376K(167104K) Class: 23114K(23744K)->23114K(23744K)
[2025-03-19T14:08:09.243+0000][264.884s][info ][gc          ] GC(80) Pause Young (Normal) (G1 Evacuation Pause) 368M->192M(429M) 37.584ms
[2025-03-19T14:08:09.243+0000][264.884s][info ][gc,cpu      ] GC(80) User=0.13s Sys=0.00s Real=0.04s
[2025-03-19T14:08:09.244+0000][264.885s][info ][safepoint   ] Safepoint "G1CollectForAllocation", Time since last: 633701228 ns, Reaching safepoint: 113178 ns, Cleanup: 7120 ns, At safepoint: 38013305 ns, Total: 38133603 ns
[2025-03-19T14:08:10.244+0000][265.885s][debug][safepoint   ] Safepoint synchronization initiated using futex wait barrier. (224 threads)
[2025-03-19T14:08:10.244+0000][265.885s][info ][safepoint   ] Safepoint "Cleanup", Time since last: 1000131073 ns, Reaching safepoint: 78937 ns, Cleanup: 33812 ns, At safepoint: 5159 ns, Total: 117908 ns
[2025-03-19T14:08:11.244+0000][266.885s][debug][safepoint   ] Safepoint synchronization initiated using futex wait barrier. (224 threads)
[2025-03-19T14:08:11.244+0000][266.885s][info ][safepoint   ] Safepoint "Cleanup", Time since last: 1000113523 ns, Reaching safepoint: 83998 ns, Cleanup: 20537 ns, At safepoint: 7164 ns, Total: 111699 ns
[2025-03-19T14:08:20.245+0000][275.886s][debug][safepoint   ] Safepoint synchronization initiated using futex wait barrier. (224 threads)
[2025-03-19T14:08:20.245+0000][275.886s][info ][safepoint   ] Safepoint "Cleanup", Time since last: 9000804993 ns, Reaching safepoint: 126572 ns, Cleanup: 19759 ns, At safepoint: 7080 ns, Total: 153411 ns
[2025-03-19T14:08:22.245+0000][277.886s][debug][safepoint   ] Safepoint synchronization initiated using futex wait barrier. (224 threads)
[2025-03-19T14:08:22.245+0000][277.886s][info ][safepoint   ] Safepoint "Cleanup", Time since last: 2000181861 ns, Reaching safepoint: 82952 ns, Cleanup: 16521 ns, At safepoint: 7691 ns, Total: 107164 ns
[2025-03-19T14:08:23.246+0000][278.887s][debug][safepoint   ] Safepoint synchronization initiated using futex wait barrier. (224 threads)
[2025-03-19T14:08:23.246+0000][278.887s][info ][safepoint   ] Safepoint "Cleanup", Time since last: 1000097176 ns, Reaching safepoint: 82388 ns, Cleanup: 27214 ns, At safepoint: 6043 ns, Total: 115645 ns
[2025-03-19T14:08:25.246+0000][280.887s][debug][safepoint   ] Safepoint synchronization initiated using futex wait barrier. (224 threads)
[2025-03-19T14:08:25.246+0000][280.887s][info ][safepoint   ] Safepoint "Cleanup", Time since last: 2000179385 ns, Reaching safepoint: 81775 ns, Cleanup: 24921 ns, At safepoint: 7057 ns, Total: 113753 ns
[2025-03-19T14:08:26.246+0000][281.887s][debug][safepoint   ] Safepoint synchronization initiated using futex wait barrier. (224 threads)
[2025-03-19T14:08:26.246+0000][281.887s][info ][safepoint   ] Safepoint "Cleanup", Time since last: 1000114969 ns, Reaching safepoint: 82929 ns, Cleanup: 16329 ns, At safepoint: 7247 ns, Total: 106505 ns
[2025-03-19T14:08:28.246+0000][283.887s][debug][safepoint   ] Safepoint synchronization initiated using futex wait barrier. (224 threads)
[2025-03-19T14:08:28.247+0000][283.888s][info ][safepoint   ] Safepoint "Cleanup", Time since last: 2000182277 ns, Reaching safepoint: 86474 ns, Cleanup: 18661 ns, At safepoint: 7463 ns, Total: 112598 ns
[2025-03-19T14:08:30.247+0000][285.888s][debug][safepoint   ] Safepoint synchronization initiated using futex wait barrier. (224 threads)
[2025-03-19T14:08:30.247+0000][285.888s][info ][safepoint   ] Safepoint "Cleanup", Time since last: 2000159780 ns, Reaching safepoint: 62395 ns, Cleanup: 18723 ns, At safepoint: 4003 ns, Total: 85121 ns
[2025-03-19T14:08:32.247+0000][287.888s][debug][safepoint   ] Safepoint synchronization initiated using futex wait barrier. (224 threads)
[2025-03-19T14:08:32.247+0000][287.888s][info ][safepoint   ] Safepoint "Cleanup", Time since last: 2000177551 ns, Reaching safepoint: 89805 ns, Cleanup: 21669 ns, At safepoint: 7492 ns, Total: 118966 ns
[2025-03-19T14:08:35.247+0000][290.888s][debug][safepoint   ] Safepoint synchronization initiated using futex wait barrier. (223 threads)
[2025-03-19T14:08:35.247+0000][290.888s][info ][safepoint   ] Safepoint "Cleanup", Time since last: 3000239656 ns, Reaching safepoint: 89412 ns, Cleanup: 16734 ns, At safepoint: 6321 ns, Total: 112467 ns
[2025-03-19T14:08:36.247+0000][291.888s][debug][safepoint   ] Safepoint synchronization initiated using futex wait barrier. (222 threads)
[2025-03-19T14:08:36.248+0000][291.889s][info ][safepoint   ] Safepoint "Cleanup", Time since last: 1000083978 ns, Reaching safepoint: 90159 ns, Cleanup: 19686 ns, At safepoint: 5227 ns, Total: 115072 ns
[2025-03-19T14:08:38.248+0000][293.889s][debug][safepoint   ] Safepoint synchronization initiated using futex wait barrier. (222 threads)
[2025-03-19T14:08:38.248+0000][293.889s][info ][safepoint   ] Safepoint "Cleanup", Time since last: 2000204891 ns, Reaching safepoint: 86273 ns, Cleanup: 20063 ns, At safepoint: 7638 ns, Total: 113974 ns
[2025-03-19T14:08:39.248+0000][294.889s][debug][safepoint   ] Safepoint synchronization initiated using futex wait barrier. (222 threads)
[2025-03-19T14:08:39.248+0000][294.889s][info ][safepoint   ] Safepoint "Cleanup", Time since last: 1000094642 ns, Reaching safepoint: 81892 ns, Cleanup: 21798 ns, At safepoint: 7440 ns, Total: 111130 ns
[2025-03-19T14:08:40.248+0000][295.889s][debug][safepoint   ] Safepoint synchronization initiated using futex wait barrier. (222 threads)
[2025-03-19T14:08:40.248+0000][295.889s][info ][safepoint   ] Safepoint "Cleanup", Time since last: 1000120412 ns, Reaching safepoint: 119314 ns, Cleanup: 32264 ns, At safepoint: 7487 ns, Total: 159065 ns
[2025-03-19T14:08:45.590+0000][301.231s][debug][safepoint   ] Safepoint synchronization initiated using futex wait barrier. (221 threads)
[2025-03-19T14:08:45.590+0000][301.231s][info ][safepoint   ] Safepoint "Cleanup", Time since last: 5341855773 ns, Reaching safepoint: 88341 ns, Cleanup: 18106 ns, At safepoint: 5995 ns, Total: 112442 ns
[2025-03-19T14:08:49.591+0000][305.232s][debug][safepoint   ] Safepoint synchronization initiated using futex wait barrier. (221 threads)
[2025-03-19T14:08:49.591+0000][305.232s][info ][safepoint   ] Safepoint "Cleanup", Time since last: 4000332429 ns, Reaching safepoint: 79052 ns, Cleanup: 16032 ns, At safepoint: 6369 ns, Total: 101453 ns
[2025-03-19T14:08:53.591+0000][309.232s][debug][safepoint   ] Safepoint synchronization initiated using futex wait barrier. (221 threads)
[2025-03-19T14:08:53.591+0000][309.232s][info ][safepoint   ] Safepoint "Cleanup", Time since last: 4000382136 ns, Reaching safepoint: 80380 ns, Cleanup: 38623 ns, At safepoint: 7729 ns, Total: 126732 ns
[2025-03-19T14:08:55.591+0000][311.232s][debug][safepoint   ] Safepoint synchronization initiated using futex wait barrier. (221 threads)
[2025-03-19T14:08:55.592+0000][311.233s][info ][safepoint   ] Safepoint "Cleanup", Time since last: 2000176738 ns, Reaching safepoint: 76898 ns, Cleanup: 24980 ns, At safepoint: 7694 ns, Total: 109572 ns
[2025-03-19T14:08:56.592+0000][312.233s][debug][safepoint   ] Safepoint synchronization initiated using futex wait barrier. (221 threads)
[2025-03-19T14:08:56.592+0000][312.233s][info ][safepoint   ] Safepoint "Cleanup", Time since last: 1000111355 ns, Reaching safepoint: 86862 ns, Cleanup: 21173 ns, At safepoint: 7044 ns, Total: 115079 ns
[2025-03-19T14:08:59.592+0000][315.233s][debug][safepoint   ] Safepoint synchronization initiated using futex wait barrier. (221 threads)
[2025-03-19T14:08:59.592+0000][315.233s][info ][safepoint   ] Safepoint "Cleanup", Time since last: 3000255435 ns, Reaching safepoint: 84027 ns, Cleanup: 18388 ns, At safepoint: 6716 ns, Total: 109131 ns
[2025-03-19T14:09:03.129+0000][318.770s][debug][safepoint   ] Safepoint synchronization initiated using futex wait barrier. (220 threads)
[2025-03-19T14:09:03.129+0000][318.770s][info ][safepoint   ] Safepoint "Cleanup", Time since last: 3536308058 ns, Reaching safepoint: 80501 ns, Cleanup: 73483 ns, At safepoint: 7764 ns, Total: 161748 ns
[2025-03-19T14:09:05.129+0000][320.770s][debug][safepoint   ] Safepoint synchronization initiated using futex wait barrier. (220 threads)
[2025-03-19T14:09:05.129+0000][320.770s][info ][safepoint   ] Safepoint "Cleanup", Time since last: 2000213863 ns, Reaching safepoint: 108107 ns, Cleanup: 23599 ns, At safepoint: 7553 ns, Total: 139259 ns
[2025-03-19T14:09:06.129+0000][321.770s][debug][safepoint   ] Safepoint synchronization initiated using futex wait barrier. (220 threads)
[2025-03-19T14:09:06.129+0000][321.770s][info ][safepoint   ] Safepoint "Cleanup", Time since last: 1000123561 ns, Reaching safepoint: 84340 ns, Cleanup: 16011 ns, At safepoint: 6082 ns, Total: 106433 ns
[2025-03-19T14:09:08.129+0000][323.770s][debug][safepoint   ] Safepoint synchronization initiated using futex wait barrier. (220 threads)
[2025-03-19T14:09:08.130+0000][323.771s][info ][safepoint   ] Safepoint "Cleanup", Time since last: 2000158353 ns, Reaching safepoint: 90376 ns, Cleanup: 14453 ns, At safepoint: 5374 ns, Total: 110203 ns
[2025-03-19T14:09:11.130+0000][326.771s][debug][safepoint   ] Safepoint synchronization initiated using futex wait barrier. (220 threads)
[2025-03-19T14:09:11.130+0000][326.771s][info ][safepoint   ] Safepoint "Cleanup", Time since last: 3000267467 ns, Reaching safepoint: 79171 ns, Cleanup: 19440 ns, At safepoint: 5503 ns, Total: 104114 ns
[2025-03-19T14:09:12.130+0000][327.771s][debug][safepoint   ] Safepoint synchronization initiated using futex wait barrier. (220 threads)
[2025-03-19T14:09:12.130+0000][327.771s][info ][safepoint   ] Safepoint "Cleanup", Time since last: 1000119672 ns, Reaching safepoint: 99464 ns, Cleanup: 23291 ns, At safepoint: 7280 ns, Total: 130035 ns
[2025-03-19T14:09:16.131+0000][331.772s][debug][safepoint   ] Safepoint synchronization initiated using futex wait barrier. (220 threads)
[2025-03-19T14:09:16.131+0000][331.772s][info ][safepoint   ] Safepoint "Cleanup", Time since last: 4000398128 ns, Reaching safepoint: 89566 ns, Cleanup: 17751 ns, At safepoint: 7101 ns, Total: 114418 ns
[2025-03-19T14:09:20.131+0000][335.772s][debug][safepoint   ] Safepoint synchronization initiated using futex wait barrier. (220 threads)
[2025-03-19T14:09:20.131+0000][335.772s][info ][safepoint   ] Safepoint "Cleanup", Time since last: 4000465743 ns, Reaching safepoint: 243666 ns, Cleanup: 19481 ns, At safepoint: 78406 ns, Total: 341553 ns
[2025-03-19T14:09:21.132+0000][336.773s][debug][safepoint   ] Safepoint synchronization initiated using futex wait barrier. (220 threads)
[2025-03-19T14:09:21.132+0000][336.773s][info ][safepoint   ] Safepoint "Cleanup", Time since last: 1000859085 ns, Reaching safepoint: 103565 ns, Cleanup: 21275 ns, At safepoint: 7212 ns, Total: 132052 ns
[2025-03-19T14:09:25.133+0000][340.774s][debug][safepoint   ] Safepoint synchronization initiated using futex wait barrier. (220 threads)
[2025-03-19T14:09:25.133+0000][340.774s][info ][safepoint   ] Safepoint "Cleanup", Time since last: 4000731940 ns, Reaching safepoint: 89820 ns, Cleanup: 38774 ns, At safepoint: 5740 ns, Total: 134334 ns
[2025-03-19T14:09:27.134+0000][342.774s][debug][safepoint   ] Safepoint synchronization initiated using futex wait barrier. (220 threads)
[2025-03-19T14:09:27.134+0000][342.775s][info ][safepoint   ] Safepoint "Cleanup", Time since last: 2000178666 ns, Reaching safepoint: 104217 ns, Cleanup: 18918 ns, At safepoint: 6978 ns, Total: 130113 ns
[2025-03-19T14:09:31.134+0000][346.775s][debug][safepoint   ] Safepoint synchronization initiated using futex wait barrier. (220 threads)
[2025-03-19T14:09:31.134+0000][346.775s][info ][safepoint   ] Safepoint "Cleanup", Time since last: 4000380183 ns, Reaching safepoint: 83436 ns, Cleanup: 20724 ns, At safepoint: 7454 ns, Total: 111614 ns
[2025-03-19T14:09:32.134+0000][347.775s][debug][safepoint   ] Safepoint synchronization initiated using futex wait barrier. (220 threads)
[2025-03-19T14:09:32.134+0000][347.775s][info ][safepoint   ] Safepoint "Cleanup", Time since last: 1000116421 ns, Reaching safepoint: 97961 ns, Cleanup: 27893 ns, At safepoint: 6140 ns, Total: 131994 ns
[2025-03-19T14:09:36.135+0000][351.776s][debug][safepoint   ] Safepoint synchronization initiated using futex wait barrier. (219 threads)
[2025-03-19T14:09:36.135+0000][351.776s][info ][safepoint   ] Safepoint "Cleanup", Time since last: 4000355450 ns, Reaching safepoint: 110039 ns, Cleanup: 24103 ns, At safepoint: 7402 ns, Total: 141544 ns
[2025-03-19T14:09:41.135+0000][356.776s][debug][safepoint   ] Safepoint synchronization initiated using futex wait barrier. (219 threads)
[2025-03-19T14:09:41.135+0000][356.776s][info ][safepoint   ] Safepoint "Cleanup", Time since last: 5000433252 ns, Reaching safepoint: 109439 ns, Cleanup: 18918 ns, At safepoint: 6432 ns, Total: 134789 ns
[2025-03-19T14:09:42.136+0000][357.777s][debug][safepoint   ] Safepoint synchronization initiated using futex wait barrier. (219 threads)
[2025-03-19T14:09:42.136+0000][357.777s][info ][safepoint   ] Safepoint "Cleanup", Time since last: 1000106591 ns, Reaching safepoint: 109039 ns, Cleanup: 27154 ns, At safepoint: 6730 ns, Total: 142923 ns
[2025-03-19T14:09:45.612+0000][361.253s][debug][safepoint   ] Safepoint synchronization initiated using futex wait barrier. (219 threads)
[2025-03-19T14:09:45.612+0000][361.253s][info ][safepoint   ] Safepoint "Cleanup", Time since last: 3476154838 ns, Reaching safepoint: 79242 ns, Cleanup: 18436 ns, At safepoint: 6758 ns, Total: 104436 ns
[2025-03-19T14:09:47.612+0000][363.253s][debug][safepoint   ] Safepoint synchronization initiated using futex wait barrier. (219 threads)
[2025-03-19T14:09:47.612+0000][363.253s][info ][safepoint   ] Safepoint "Cleanup", Time since last: 2000199039 ns, Reaching safepoint: 105795 ns, Cleanup: 16060 ns, At safepoint: 7160 ns, Total: 129015 ns
[2025-03-19T14:09:49.612+0000][365.253s][debug][safepoint   ] Safepoint synchronization initiated using futex wait barrier. (219 threads)
[2025-03-19T14:09:49.613+0000][365.254s][info ][safepoint   ] Safepoint "Cleanup", Time since last: 2000204987 ns, Reaching safepoint: 84285 ns, Cleanup: 15843 ns, At safepoint: 6208 ns, Total: 106336 ns
[2025-03-19T14:09:50.613+0000][366.254s][debug][safepoint   ] Safepoint synchronization initiated using futex wait barrier. (219 threads)
[2025-03-19T14:09:50.613+0000][366.254s][info ][safepoint   ] Safepoint "Cleanup", Time since last: 1000092204 ns, Reaching safepoint: 99364 ns, Cleanup: 20245 ns, At safepoint: 5672 ns, Total: 125281 ns
[2025-03-19T14:09:53.613+0000][369.254s][debug][safepoint   ] Safepoint synchronization initiated using futex wait barrier. (219 threads)
[2025-03-19T14:09:53.613+0000][369.254s][info ][safepoint   ] Safepoint "Cleanup", Time since last: 3000234926 ns, Reaching safepoint: 99012 ns, Cleanup: 18381 ns, At safepoint: 6823 ns, Total: 124216 ns
[2025-03-19T14:09:55.613+0000][371.254s][debug][safepoint   ] Safepoint synchronization initiated using futex wait barrier. (219 threads)
[2025-03-19T14:09:55.613+0000][371.254s][info ][safepoint   ] Safepoint "Cleanup", Time since last: 2000159940 ns, Reaching safepoint: 59057 ns, Cleanup: 11359 ns, At safepoint: 3534 ns, Total: 73950 ns
[2025-03-19T14:09:59.614+0000][375.255s][debug][safepoint   ] Safepoint synchronization initiated using futex wait barrier. (219 threads)
[2025-03-19T14:09:59.614+0000][375.255s][info ][safepoint   ] Safepoint "Cleanup", Time since last: 4000363123 ns, Reaching safepoint: 69812 ns, Cleanup: 17926 ns, At safepoint: 3286 ns, Total: 91024 ns
[2025-03-19T14:10:02.614+0000][378.255s][debug][safepoint   ] Safepoint synchronization initiated using futex wait barrier. (218 threads)
[2025-03-19T14:10:02.614+0000][378.255s][info ][safepoint   ] Safepoint "Cleanup", Time since last: 3000250032 ns, Reaching safepoint: 86799 ns, Cleanup: 18409 ns, At safepoint: 7051 ns, Total: 112259 ns
[2025-03-19T14:10:07.615+0000][383.256s][debug][safepoint   ] Safepoint synchronization initiated using futex wait barrier. (218 threads)
[2025-03-19T14:10:07.615+0000][383.256s][info ][safepoint   ] Safepoint "Cleanup", Time since last: 5000391119 ns, Reaching safepoint: 196988 ns, Cleanup: 24369 ns, At safepoint: 11747 ns, Total: 233104 ns
[2025-03-19T14:10:08.615+0000][384.256s][debug][safepoint   ] Safepoint synchronization initiated using futex wait barrier. (218 threads)
[2025-03-19T14:10:08.616+0000][384.257s][info ][safepoint   ] Safepoint "Cleanup", Time since last: 1000147425 ns, Reaching safepoint: 841580 ns, Cleanup: 24520 ns, At safepoint: 8480 ns, Total: 874580 ns
[2025-03-19T14:10:09.616+0000][385.257s][debug][safepoint   ] Safepoint synchronization initiated using futex wait barrier. (218 threads)
[2025-03-19T14:10:09.616+0000][385.257s][info ][safepoint   ] Safepoint "Cleanup", Time since last: 1000121793 ns, Reaching safepoint: 102025 ns, Cleanup: 18041 ns, At safepoint: 6708 ns, Total: 126774 ns
[2025-03-19T14:10:10.616+0000][386.257s][debug][safepoint   ] Safepoint synchronization initiated using futex wait barrier. (218 threads)
[2025-03-19T14:10:10.616+0000][386.257s][info ][safepoint   ] Safepoint "Cleanup", Time since last: 1000113934 ns, Reaching safepoint: 99877 ns, Cleanup: 18960 ns, At safepoint: 5791 ns, Total: 124628 ns
[2025-03-19T14:10:11.616+0000][387.257s][debug][safepoint   ] Safepoint synchronization initiated using futex wait barrier. (218 threads)
[2025-03-19T14:10:11.617+0000][387.258s][info ][safepoint   ] Safepoint "Cleanup", Time since last: 1000124096 ns, Reaching safepoint: 110966 ns, Cleanup: 42885 ns, At safepoint: 7664 ns, Total: 161515 ns
[2025-03-19T14:10:14.617+0000][390.258s][debug][safepoint   ] Safepoint synchronization initiated using futex wait barrier. (218 threads)
[2025-03-19T14:10:14.617+0000][390.258s][info ][safepoint   ] Safepoint "Cleanup", Time since last: 3000268395 ns, Reaching safepoint: 136558 ns, Cleanup: 20762 ns, At safepoint: 6949 ns, Total: 164269 ns
[2025-03-19T14:10:15.617+0000][391.258s][debug][safepoint   ] Safepoint synchronization initiated using futex wait barrier. (218 threads)
[2025-03-19T14:10:15.617+0000][391.258s][info ][safepoint   ] Safepoint "Cleanup", Time since last: 1000097218 ns, Reaching safepoint: 83205 ns, Cleanup: 18398 ns, At safepoint: 5574 ns, Total: 107177 ns
[2025-03-19T14:10:16.617+0000][392.258s][debug][safepoint   ] Safepoint synchronization initiated using futex wait barrier. (218 threads)
[2025-03-19T14:10:16.617+0000][392.258s][info ][safepoint   ] Safepoint "Cleanup", Time since last: 1000097717 ns, Reaching safepoint: 77736 ns, Cleanup: 15719 ns, At safepoint: 4062 ns, Total: 97517 ns
[2025-03-19T14:10:25.618+0000][401.259s][debug][safepoint   ] Safepoint synchronization initiated using futex wait barrier. (218 threads)
[2025-03-19T14:10:25.618+0000][401.259s][info ][safepoint   ] Safepoint "Cleanup", Time since last: 9000699033 ns, Reaching safepoint: 78437 ns, Cleanup: 19718 ns, At safepoint: 6137 ns, Total: 104292 ns
[2025-03-19T14:10:26.618+0000][402.259s][debug][safepoint   ] Safepoint synchronization initiated using futex wait barrier. (218 threads)
[2025-03-19T14:10:26.618+0000][402.259s][info ][safepoint   ] Safepoint "Cleanup", Time since last: 1000080892 ns, Reaching safepoint: 81630 ns, Cleanup: 18667 ns, At safepoint: 6649 ns, Total: 106946 ns
[2025-03-19T14:10:31.322+0000][406.963s][debug][safepoint   ] Safepoint synchronization initiated using futex wait barrier. (218 threads)
[2025-03-19T14:10:31.322+0000][406.963s][info ][gc,start    ] GC(81) Pause Young (Normal) (G1 Evacuation Pause)
[2025-03-19T14:10:31.322+0000][406.963s][info ][gc,task     ] GC(81) Using 4 workers of 4 for evacuation
[2025-03-19T14:10:31.350+0000][406.991s][info ][gc,phases   ] GC(81)   Pre Evacuate Collection Set: 0.2ms
[2025-03-19T14:10:31.350+0000][406.991s][info ][gc,phases   ] GC(81)   Merge Heap Roots: 0.2ms
[2025-03-19T14:10:31.350+0000][406.991s][info ][gc,phases   ] GC(81)   Evacuate Collection Set: 25.4ms
[2025-03-19T14:10:31.350+0000][406.991s][info ][gc,phases   ] GC(81)   Post Evacuate Collection Set: 2.5ms
[2025-03-19T14:10:31.350+0000][406.991s][info ][gc,phases   ] GC(81)   Other: 0.2ms
[2025-03-19T14:10:31.350+0000][406.991s][info ][gc,heap     ] GC(81) Eden regions: 179->0(180)
[2025-03-19T14:10:31.350+0000][406.991s][info ][gc,heap     ] GC(81) Survivor regions: 12->12(24)
[2025-03-19T14:10:31.350+0000][406.991s][info ][gc,heap     ] GC(81) Old regions: 178->178
[2025-03-19T14:10:31.350+0000][406.991s][info ][gc,heap     ] GC(81) Archive regions: 2->2
[2025-03-19T14:10:31.350+0000][406.991s][info ][gc,heap     ] GC(81) Humongous regions: 2->2
[2025-03-19T14:10:31.350+0000][406.991s][info ][gc,metaspace] GC(81) Metaspace: 189838K(191168K)->189838K(191168K) NonClass: 166722K(167424K)->166722K(167424K) Class: 23115K(23744K)->23115K(23744K)
[2025-03-19T14:10:31.350+0000][406.991s][info ][gc          ] GC(81) Pause Young (Normal) (G1 Evacuation Pause) 371M->192M(429M) 28.588ms
[2025-03-19T14:10:31.351+0000][406.992s][info ][gc,cpu      ] GC(81) User=0.10s Sys=0.00s Real=0.03s
[2025-03-19T14:10:31.351+0000][406.992s][info ][safepoint   ] Safepoint "G1CollectForAllocation", Time since last: 4703298973 ns, Reaching safepoint: 80329 ns, Cleanup: 5964 ns, At safepoint: 29016182 ns, Total: 29102475 ns
[2025-03-19T14:10:32.351+0000][407.992s][debug][safepoint   ] Safepoint synchronization initiated using futex wait barrier. (218 threads)
[2025-03-19T14:10:32.351+0000][407.992s][info ][safepoint   ] Safepoint "Cleanup", Time since last: 1000122307 ns, Reaching safepoint: 81437 ns, Cleanup: 16999 ns, At safepoint: 6660 ns, Total: 105096 ns
[2025-03-19T14:10:35.351+0000][410.992s][debug][safepoint   ] Safepoint synchronization initiated using futex wait barrier. (218 threads)
[2025-03-19T14:10:35.351+0000][410.992s][info ][safepoint   ] Safepoint "Cleanup", Time since last: 3000254478 ns, Reaching safepoint: 104488 ns, Cleanup: 19174 ns, At safepoint: 6926 ns, Total: 130588 ns
[2025-03-19T14:10:36.352+0000][411.993s][debug][safepoint   ] Safepoint synchronization initiated using futex wait barrier. (217 threads)
[2025-03-19T14:10:36.352+0000][411.993s][info ][safepoint   ] Safepoint "Cleanup", Time since last: 1000088000 ns, Reaching safepoint: 88849 ns, Cleanup: 27543 ns, At safepoint: 6682 ns, Total: 123074 ns
[2025-03-19T14:10:41.352+0000][416.993s][debug][safepoint   ] Safepoint synchronization initiated using futex wait barrier. (217 threads)
[2025-03-19T14:10:41.352+0000][416.993s][info ][safepoint   ] Safepoint "Cleanup", Time since last: 5000418924 ns, Reaching safepoint: 83144 ns, Cleanup: 25196 ns, At safepoint: 5876 ns, Total: 114216 ns
[2025-03-19T14:10:43.352+0000][418.993s][debug][safepoint   ] Safepoint synchronization initiated using futex wait barrier. (217 threads)
[2025-03-19T14:10:43.353+0000][418.994s][info ][safepoint   ] Safepoint "Cleanup", Time since last: 2000277791 ns, Reaching safepoint: 82336 ns, Cleanup: 16407 ns, At safepoint: 7139 ns, Total: 105882 ns
[2025-03-19T14:10:44.353+0000][419.994s][debug][safepoint   ] Safepoint synchronization initiated using futex wait barrier. (217 threads)
[2025-03-19T14:10:44.353+0000][419.994s][info ][safepoint   ] Safepoint "Cleanup", Time since last: 1000114359 ns, Reaching safepoint: 88348 ns, Cleanup: 17759 ns, At safepoint: 7334 ns, Total: 113441 ns
[2025-03-19T14:10:45.636+0000][421.277s][debug][safepoint   ] Safepoint synchronization initiated using futex wait barrier. (217 threads)
[2025-03-19T14:10:45.636+0000][421.277s][info ][safepoint   ] Safepoint "Cleanup", Time since last: 1282963667 ns, Reaching safepoint: 75964 ns, Cleanup: 27616 ns, At safepoint: 5970 ns, Total: 109550 ns
[2025-03-19T14:10:47.636+0000][423.277s][debug][safepoint   ] Safepoint synchronization initiated using futex wait barrier. (217 threads)
[2025-03-19T14:10:47.636+0000][423.277s][info ][safepoint   ] Safepoint "Cleanup", Time since last: 2000253710 ns, Reaching safepoint: 77616 ns, Cleanup: 21917 ns, At safepoint: 5588 ns, Total: 105121 ns
[2025-03-19T14:10:50.637+0000][426.278s][debug][safepoint   ] Safepoint synchronization initiated using futex wait barrier. (217 threads)
[2025-03-19T14:10:50.637+0000][426.278s][info ][safepoint   ] Safepoint "Cleanup", Time since last: 3000340775 ns, Reaching safepoint: 85881 ns, Cleanup: 23883 ns, At safepoint: 7013 ns, Total: 116777 ns
[2025-03-19T14:10:52.637+0000][428.278s][debug][safepoint   ] Safepoint synchronization initiated using futex wait barrier. (217 threads)
[2025-03-19T14:10:52.637+0000][428.278s][info ][safepoint   ] Safepoint "Cleanup", Time since last: 2000222423 ns, Reaching safepoint: 86628 ns, Cleanup: 18607 ns, At safepoint: 7201 ns, Total: 112436 ns
[2025-03-19T14:10:55.638+0000][431.279s][debug][safepoint   ] Safepoint synchronization initiated using futex wait barrier. (217 threads)
[2025-03-19T14:10:55.638+0000][431.279s][info ][safepoint   ] Safepoint "Cleanup", Time since last: 3000564050 ns, Reaching safepoint: 98641 ns, Cleanup: 23047 ns, At safepoint: 9045 ns, Total: 130733 ns
[2025-03-19T14:11:00.638+0000][436.279s][debug][safepoint   ] Safepoint synchronization initiated using futex wait barrier. (217 threads)
[2025-03-19T14:11:00.638+0000][436.279s][info ][safepoint   ] Safepoint "Cleanup", Time since last: 5000464684 ns, Reaching safepoint: 112744 ns, Cleanup: 19675 ns, At safepoint: 7011 ns, Total: 139430 ns
[2025-03-19T14:11:02.639+0000][438.280s][debug][safepoint   ] Safepoint synchronization initiated using futex wait barrier. (216 threads)
[2025-03-19T14:11:02.639+0000][438.280s][info ][safepoint   ] Safepoint "Cleanup", Time since last: 2000164198 ns, Reaching safepoint: 83788 ns, Cleanup: 18133 ns, At safepoint: 6784 ns, Total: 108705 ns
[2025-03-19T14:11:05.639+0000][441.280s][debug][safepoint   ] Safepoint synchronization initiated using futex wait barrier. (216 threads)
[2025-03-19T14:11:05.639+0000][441.280s][info ][safepoint   ] Safepoint "Cleanup", Time since last: 3000250350 ns, Reaching safepoint: 131574 ns, Cleanup: 18630 ns, At safepoint: 7596 ns, Total: 157800 ns
[2025-03-19T14:11:09.639+0000][445.280s][debug][safepoint   ] Safepoint synchronization initiated using futex wait barrier. (216 threads)
[2025-03-19T14:11:09.639+0000][445.280s][info ][safepoint   ] Safepoint "Cleanup", Time since last: 4000302871 ns, Reaching safepoint: 99550 ns, Cleanup: 16669 ns, At safepoint: 7994 ns, Total: 124213 ns
[2025-03-19T14:11:10.640+0000][446.281s][debug][safepoint   ] Safepoint synchronization initiated using futex wait barrier. (216 threads)
[2025-03-19T14:11:10.640+0000][446.281s][info ][safepoint   ] Safepoint "Cleanup", Time since last: 1000102412 ns, Reaching safepoint: 82284 ns, Cleanup: 24145 ns, At safepoint: 7016 ns, Total: 113445 ns
[2025-03-19T14:11:11.640+0000][447.281s][debug][safepoint   ] Safepoint synchronization initiated using futex wait barrier. (216 threads)
[2025-03-19T14:11:11.640+0000][447.281s][info ][safepoint   ] Safepoint "Cleanup", Time since last: 1000095953 ns, Reaching safepoint: 83468 ns, Cleanup: 17205 ns, At safepoint: 5529 ns, Total: 106202 ns
[2025-03-19T14:11:17.640+0000][453.281s][debug][safepoint   ] Safepoint synchronization initiated using futex wait barrier. (216 threads)
[2025-03-19T14:11:17.641+0000][453.282s][info ][safepoint   ] Safepoint "Cleanup", Time since last: 6000585214 ns, Reaching safepoint: 73466 ns, Cleanup: 15784 ns, At safepoint: 6395 ns, Total: 95645 ns
[2025-03-19T14:11:20.641+0000][456.282s][debug][safepoint   ] Safepoint synchronization initiated using futex wait barrier. (216 threads)
[2025-03-19T14:11:20.641+0000][456.282s][info ][safepoint   ] Safepoint "Cleanup", Time since last: 3000243098 ns, Reaching safepoint: 72800 ns, Cleanup: 19166 ns, At safepoint: 6225 ns, Total: 98191 ns
[2025-03-19T14:11:23.641+0000][459.282s][debug][safepoint   ] Safepoint synchronization initiated using futex wait barrier. (216 threads)
[2025-03-19T14:11:23.641+0000][459.282s][info ][safepoint   ] Safepoint "Cleanup", Time since last: 3000271859 ns, Reaching safepoint: 54390 ns, Cleanup: 10999 ns, At safepoint: 2871 ns, Total: 68260 ns
[2025-03-19T14:11:25.641+0000][461.282s][debug][safepoint   ] Safepoint synchronization initiated using futex wait barrier. (216 threads)
[2025-03-19T14:11:25.642+0000][461.282s][info ][safepoint   ] Safepoint "Cleanup", Time since last: 2000149429 ns, Reaching safepoint: 93076 ns, Cleanup: 21127 ns, At safepoint: 5892 ns, Total: 120095 ns
[2025-03-19T14:11:29.642+0000][465.283s][debug][safepoint   ] Safepoint synchronization initiated using futex wait barrier. (216 threads)
[2025-03-19T14:11:29.642+0000][465.283s][info ][safepoint   ] Safepoint "Cleanup", Time since last: 4000353463 ns, Reaching safepoint: 55464 ns, Cleanup: 11720 ns, At safepoint: 2707 ns, Total: 69891 ns
[2025-03-19T14:11:30.642+0000][466.283s][debug][safepoint   ] Safepoint synchronization initiated using futex wait barrier. (216 threads)
[2025-03-19T14:11:30.642+0000][466.283s][info ][safepoint   ] Safepoint "Cleanup", Time since last: 1000082261 ns, Reaching safepoint: 81700 ns, Cleanup: 30484 ns, At safepoint: 6506 ns, Total: 118690 ns
[2025-03-19T14:11:32.642+0000][468.283s][debug][safepoint   ] Safepoint synchronization initiated using futex wait barrier. (216 threads)
[2025-03-19T14:11:32.642+0000][468.283s][info ][safepoint   ] Safepoint "Cleanup", Time since last: 2000195896 ns, Reaching safepoint: 81825 ns, Cleanup: 15930 ns, At safepoint: 7502 ns, Total: 105257 ns
[2025-03-19T14:11:36.643+0000][472.284s][debug][safepoint   ] Safepoint synchronization initiated using futex wait barrier. (215 threads)
[2025-03-19T14:11:36.643+0000][472.284s][info ][safepoint   ] Safepoint "Cleanup", Time since last: 4000389531 ns, Reaching safepoint: 102003 ns, Cleanup: 18956 ns, At safepoint: 8481 ns, Total: 129440 ns
[2025-03-19T14:11:39.643+0000][475.284s][debug][safepoint   ] Safepoint synchronization initiated using futex wait barrier. (215 threads)
[2025-03-19T14:11:39.643+0000][475.284s][info ][safepoint   ] Safepoint "Cleanup", Time since last: 3000290332 ns, Reaching safepoint: 83997 ns, Cleanup: 12849 ns, At safepoint: 3815 ns, Total: 100661 ns
[2025-03-19T14:11:40.643+0000][476.284s][debug][safepoint   ] Safepoint synchronization initiated using futex wait barrier. (215 threads)
[2025-03-19T14:11:40.644+0000][476.285s][info ][safepoint   ] Safepoint "Cleanup", Time since last: 1000139986 ns, Reaching safepoint: 80943 ns, Cleanup: 19389 ns, At safepoint: 7601 ns, Total: 107933 ns
[2025-03-19T14:11:42.644+0000][478.285s][debug][safepoint   ] Safepoint synchronization initiated using futex wait barrier. (215 threads)
[2025-03-19T14:11:42.644+0000][478.285s][info ][safepoint   ] Safepoint "Cleanup", Time since last: 2000193158 ns, Reaching safepoint: 80380 ns, Cleanup: 16988 ns, At safepoint: 7475 ns, Total: 104843 ns
[2025-03-19T14:11:45.658+0000][481.299s][debug][safepoint   ] Safepoint synchronization initiated using futex wait barrier. (215 threads)
[2025-03-19T14:11:45.658+0000][481.299s][info ][safepoint   ] Safepoint "Cleanup", Time since last: 3014367496 ns, Reaching safepoint: 93634 ns, Cleanup: 15698 ns, At safepoint: 7094 ns, Total: 116426 ns
[2025-03-19T14:11:50.659+0000][486.300s][debug][safepoint   ] Safepoint synchronization initiated using futex wait barrier. (215 threads)
[2025-03-19T14:11:50.659+0000][486.300s][info ][safepoint   ] Safepoint "Cleanup", Time since last: 5000374372 ns, Reaching safepoint: 130975 ns, Cleanup: 20213 ns, At safepoint: 43632 ns, Total: 194820 ns
[2025-03-19T14:11:53.659+0000][489.300s][debug][safepoint   ] Safepoint synchronization initiated using futex wait barrier. (215 threads)
[2025-03-19T14:11:53.659+0000][489.300s][info ][safepoint   ] Safepoint "Cleanup", Time since last: 3000275160 ns, Reaching safepoint: 86383 ns, Cleanup: 17405 ns, At safepoint: 5789 ns, Total: 109577 ns
[2025-03-19T14:11:55.659+0000][491.300s][debug][safepoint   ] Safepoint synchronization initiated using futex wait barrier. (215 threads)
[2025-03-19T14:11:55.660+0000][491.301s][info ][safepoint   ] Safepoint "Cleanup", Time since last: 2000159503 ns, Reaching safepoint: 106755 ns, Cleanup: 117644 ns, At safepoint: 6363 ns, Total: 230762 ns
[2025-03-19T14:11:59.660+0000][495.301s][debug][safepoint   ] Safepoint synchronization initiated using futex wait barrier. (215 threads)
[2025-03-19T14:11:59.660+0000][495.301s][info ][safepoint   ] Safepoint "Cleanup", Time since last: 4000332971 ns, Reaching safepoint: 58430 ns, Cleanup: 14797 ns, At safepoint: 3615 ns, Total: 76842 ns
[2025-03-19T14:12:09.661+0000][505.302s][debug][safepoint   ] Safepoint synchronization initiated using futex wait barrier. (214 threads)
[2025-03-19T14:12:09.661+0000][505.302s][info ][safepoint   ] Safepoint "Cleanup", Time since last: 10000719478 ns, Reaching safepoint: 58493 ns, Cleanup: 11900 ns, At safepoint: 3365 ns, Total: 73758 ns
[2025-03-19T14:12:17.662+0000][513.303s][debug][safepoint   ] Safepoint synchronization initiated using futex wait barrier. (214 threads)
[2025-03-19T14:12:17.662+0000][513.303s][info ][safepoint   ] Safepoint "Cleanup", Time since last: 8000952828 ns, Reaching safepoint: 111637 ns, Cleanup: 20095 ns, At safepoint: 7250 ns, Total: 138982 ns
[2025-03-19T14:12:23.663+0000][519.304s][debug][safepoint   ] Safepoint synchronization initiated using futex wait barrier. (214 threads)
[2025-03-19T14:12:23.663+0000][519.304s][info ][safepoint   ] Safepoint "Cleanup", Time since last: 6000575755 ns, Reaching safepoint: 83509 ns, Cleanup: 20765 ns, At safepoint: 6060 ns, Total: 110334 ns
[2025-03-19T14:12:30.664+0000][526.305s][debug][safepoint   ] Safepoint synchronization initiated using futex wait barrier. (214 threads)
[2025-03-19T14:12:30.664+0000][526.305s][info ][safepoint   ] Safepoint "Cleanup", Time since last: 7001509930 ns, Reaching safepoint: 146166 ns, Cleanup: 41944 ns, At safepoint: 7955 ns, Total: 196065 ns
[2025-03-19T14:12:35.665+0000][531.306s][debug][safepoint   ] Safepoint synchronization initiated using futex wait barrier. (214 threads)
[2025-03-19T14:12:35.665+0000][531.306s][info ][safepoint   ] Safepoint "Cleanup", Time since last: 5000388237 ns, Reaching safepoint: 111092 ns, Cleanup: 19385 ns, At safepoint: 5406 ns, Total: 135883 ns
[2025-03-19T14:12:36.665+0000][532.306s][debug][safepoint   ] Safepoint synchronization initiated using futex wait barrier. (213 threads)
[2025-03-19T14:12:36.665+0000][532.306s][info ][safepoint   ] Safepoint "Cleanup", Time since last: 1000094211 ns, Reaching safepoint: 146270 ns, Cleanup: 17824 ns, At safepoint: 6751 ns, Total: 170845 ns
[2025-03-19T14:12:38.665+0000][534.306s][debug][safepoint   ] Safepoint synchronization initiated using futex wait barrier. (213 threads)
[2025-03-19T14:12:38.665+0000][534.306s][info ][safepoint   ] Safepoint "Cleanup", Time since last: 2000193673 ns, Reaching safepoint: 69371 ns, Cleanup: 15874 ns, At safepoint: 4441 ns, Total: 89686 ns
[2025-03-19T14:12:40.666+0000][536.307s][debug][safepoint   ] Safepoint synchronization initiated using futex wait barrier. (213 threads)
[2025-03-19T14:12:40.666+0000][536.307s][info ][safepoint   ] Safepoint "Cleanup", Time since last: 2000159835 ns, Reaching safepoint: 77774 ns, Cleanup: 23755 ns, At safepoint: 7073 ns, Total: 108602 ns
[2025-03-19T14:12:45.679+0000][541.320s][debug][safepoint   ] Safepoint synchronization initiated using futex wait barrier. (213 threads)
[2025-03-19T14:12:45.679+0000][541.320s][info ][safepoint   ] Safepoint "Cleanup", Time since last: 5013006237 ns, Reaching safepoint: 111601 ns, Cleanup: 20543 ns, At safepoint: 7293 ns, Total: 139437 ns
[2025-03-19T14:12:49.679+0000][545.320s][debug][safepoint   ] Safepoint synchronization initiated using futex wait barrier. (213 threads)
[2025-03-19T14:12:49.679+0000][545.320s][info ][safepoint   ] Safepoint "Cleanup", Time since last: 4000318180 ns, Reaching safepoint: 116180 ns, Cleanup: 22549 ns, At safepoint: 6277 ns, Total: 145006 ns
[2025-03-19T14:12:50.679+0000][546.320s][debug][safepoint   ] Safepoint synchronization initiated using futex wait barrier. (213 threads)
[2025-03-19T14:12:50.680+0000][546.321s][info ][safepoint   ] Safepoint "Cleanup", Time since last: 1000093397 ns, Reaching safepoint: 57999 ns, Cleanup: 13675 ns, At safepoint: 2961 ns, Total: 74635 ns
[2025-03-19T14:12:55.212+0000][550.853s][debug][safepoint   ] Safepoint synchronization initiated using futex wait barrier. (213 threads)
[2025-03-19T14:12:55.212+0000][550.853s][info ][gc,start    ] GC(82) Pause Young (Normal) (G1 Evacuation Pause)
[2025-03-19T14:12:55.212+0000][550.853s][info ][gc,task     ] GC(82) Using 4 workers of 4 for evacuation
[2025-03-19T14:12:55.240+0000][550.881s][info ][gc,phases   ] GC(82)   Pre Evacuate Collection Set: 0.2ms
[2025-03-19T14:12:55.241+0000][550.882s][info ][gc,phases   ] GC(82)   Merge Heap Roots: 0.2ms
[2025-03-19T14:12:55.241+0000][550.882s][info ][gc,phases   ] GC(82)   Evacuate Collection Set: 25.1ms
[2025-03-19T14:12:55.241+0000][550.882s][info ][gc,phases   ] GC(82)   Post Evacuate Collection Set: 2.7ms
[2025-03-19T14:12:55.241+0000][550.882s][info ][gc,phases   ] GC(82)   Other: 0.2ms
[2025-03-19T14:12:55.241+0000][550.882s][info ][gc,heap     ] GC(82) Eden regions: 180->0(180)
[2025-03-19T14:12:55.241+0000][550.882s][info ][gc,heap     ] GC(82) Survivor regions: 12->12(24)
[2025-03-19T14:12:55.241+0000][550.882s][info ][gc,heap     ] GC(82) Old regions: 178->178
[2025-03-19T14:12:55.241+0000][550.882s][info ][gc,heap     ] GC(82) Archive regions: 2->2
[2025-03-19T14:12:55.241+0000][550.882s][info ][gc,heap     ] GC(82) Humongous regions: 2->2
[2025-03-19T14:12:55.241+0000][550.882s][info ][gc,metaspace] GC(82) Metaspace: 190046K(191424K)->190046K(191424K) NonClass: 166931K(167680K)->166931K(167680K) Class: 23115K(23744K)->23115K(23744K)
[2025-03-19T14:12:55.241+0000][550.882s][info ][gc          ] GC(82) Pause Young (Normal) (G1 Evacuation Pause) 372M->192M(429M) 28.573ms
[2025-03-19T14:12:55.241+0000][550.882s][info ][gc,cpu      ] GC(82) User=0.09s Sys=0.00s Real=0.03s
[2025-03-19T14:12:55.241+0000][550.882s][info ][safepoint   ] Safepoint "G1CollectForAllocation", Time since last: 4532394651 ns, Reaching safepoint: 83776 ns, Cleanup: 6271 ns, At safepoint: 29023571 ns, Total: 29113618 ns
[2025-03-19T14:12:56.241+0000][551.882s][debug][safepoint   ] Safepoint synchronization initiated using futex wait barrier. (213 threads)
[2025-03-19T14:12:56.241+0000][551.882s][info ][safepoint   ] Safepoint "Cleanup", Time since last: 1000128468 ns, Reaching safepoint: 99739 ns, Cleanup: 36417 ns, At safepoint: 6881 ns, Total: 143037 ns
[2025-03-19T14:13:00.242+0000][555.883s][debug][safepoint   ] Safepoint synchronization initiated using futex wait barrier. (213 threads)
[2025-03-19T14:13:00.242+0000][555.883s][info ][safepoint   ] Safepoint "Cleanup", Time since last: 4000338850 ns, Reaching safepoint: 96254 ns, Cleanup: 18627 ns, At safepoint: 7053 ns, Total: 121934 ns
[2025-03-19T14:13:01.242+0000][556.883s][debug][safepoint   ] Safepoint synchronization initiated using futex wait barrier. (213 threads)
[2025-03-19T14:13:01.242+0000][556.883s][info ][safepoint   ] Safepoint "Cleanup", Time since last: 1000131908 ns, Reaching safepoint: 83167 ns, Cleanup: 21087 ns, At safepoint: 7449 ns, Total: 111703 ns
[2025-03-19T14:13:06.242+0000][561.883s][debug][safepoint   ] Safepoint synchronization initiated using futex wait barrier. (212 threads)
[2025-03-19T14:13:06.243+0000][561.884s][info ][safepoint   ] Safepoint "Cleanup", Time since last: 5000418175 ns, Reaching safepoint: 85117 ns, Cleanup: 20056 ns, At safepoint: 6748 ns, Total: 111921 ns
[2025-03-19T14:13:10.243+0000][565.884s][debug][safepoint   ] Safepoint synchronization initiated using futex wait barrier. (212 threads)
[2025-03-19T14:13:10.243+0000][565.884s][info ][safepoint   ] Safepoint "Cleanup", Time since last: 4000391516 ns, Reaching safepoint: 82578 ns, Cleanup: 24186 ns, At safepoint: 5457 ns, Total: 112221 ns
[2025-03-19T14:13:11.243+0000][566.884s][debug][safepoint   ] Safepoint synchronization initiated using futex wait barrier. (212 threads)
[2025-03-19T14:13:11.243+0000][566.884s][info ][safepoint   ] Safepoint "Cleanup", Time since last: 1000107123 ns, Reaching safepoint: 74783 ns, Cleanup: 21479 ns, At safepoint: 5420 ns, Total: 101682 ns
[2025-03-19T14:13:15.244+0000][570.885s][debug][safepoint   ] Safepoint synchronization initiated using futex wait barrier. (212 threads)
[2025-03-19T14:13:15.244+0000][570.885s][info ][safepoint   ] Safepoint "Cleanup", Time since last: 4000290777 ns, Reaching safepoint: 79321 ns, Cleanup: 16254 ns, At safepoint: 4955 ns, Total: 100530 ns
[2025-03-19T14:13:16.244+0000][571.885s][debug][safepoint   ] Safepoint synchronization initiated using futex wait barrier. (212 threads)
[2025-03-19T14:13:16.244+0000][571.885s][info ][safepoint   ] Safepoint "Cleanup", Time since last: 1000105327 ns, Reaching safepoint: 77386 ns, Cleanup: 17312 ns, At safepoint: 5179 ns, Total: 99877 ns
[2025-03-19T14:13:21.245+0000][576.886s][debug][safepoint   ] Safepoint synchronization initiated using futex wait barrier. (212 threads)
[2025-03-19T14:13:21.245+0000][576.886s][info ][safepoint   ] Safepoint "Cleanup", Time since last: 5000674585 ns, Reaching safepoint: 111268 ns, Cleanup: 23221 ns, At safepoint: 9322 ns, Total: 143811 ns
[2025-03-19T14:13:26.245+0000][581.886s][debug][safepoint   ] Safepoint synchronization initiated using futex wait barrier. (212 threads)
[2025-03-19T14:13:26.245+0000][581.886s][info ][safepoint   ] Safepoint "Cleanup", Time since last: 5000529448 ns, Reaching safepoint: 88371 ns, Cleanup: 43440 ns, At safepoint: 9900 ns, Total: 141711 ns
[2025-03-19T14:13:31.246+0000][586.887s][debug][safepoint   ] Safepoint synchronization initiated using futex wait barrier. (212 threads)
[2025-03-19T14:13:31.246+0000][586.887s][info ][safepoint   ] Safepoint "Cleanup", Time since last: 5000416756 ns, Reaching safepoint: 88904 ns, Cleanup: 17028 ns, At safepoint: 6817 ns, Total: 112749 ns
[2025-03-19T14:13:33.246+0000][588.887s][debug][safepoint   ] Safepoint synchronization initiated using futex wait barrier. (212 threads)
[2025-03-19T14:13:33.246+0000][588.887s][info ][safepoint   ] Safepoint "Cleanup", Time since last: 2000191439 ns, Reaching safepoint: 109070 ns, Cleanup: 17439 ns, At safepoint: 5781 ns, Total: 132290 ns
[2025-03-19T14:13:36.246+0000][591.887s][debug][safepoint   ] Safepoint synchronization initiated using futex wait barrier. (211 threads)
[2025-03-19T14:13:36.247+0000][591.888s][info ][safepoint   ] Safepoint "Cleanup", Time since last: 3000271114 ns, Reaching safepoint: 111805 ns, Cleanup: 23009 ns, At safepoint: 6609 ns, Total: 141423 ns
[2025-03-19T14:13:40.247+0000][595.888s][debug][safepoint   ] Safepoint synchronization initiated using futex wait barrier. (211 threads)
[2025-03-19T14:13:40.247+0000][595.888s][info ][safepoint   ] Safepoint "Cleanup", Time since last: 4000404510 ns, Reaching safepoint: 83184 ns, Cleanup: 19835 ns, At safepoint: 5398 ns, Total: 108417 ns
[2025-03-19T14:13:41.247+0000][596.888s][debug][safepoint   ] Safepoint synchronization initiated using futex wait barrier. (211 threads)
[2025-03-19T14:13:41.247+0000][596.888s][info ][safepoint   ] Safepoint "Cleanup", Time since last: 1000108131 ns, Reaching safepoint: 124517 ns, Cleanup: 20520 ns, At safepoint: 7109 ns, Total: 152146 ns
[2025-03-19T14:13:50.702+0000][606.343s][debug][safepoint   ] Safepoint synchronization initiated using futex wait barrier. (211 threads)
[2025-03-19T14:13:50.702+0000][606.343s][info ][safepoint   ] Safepoint "Cleanup", Time since last: 9454942412 ns, Reaching safepoint: 104082 ns, Cleanup: 15935 ns, At safepoint: 7506 ns, Total: 127523 ns
[2025-03-19T14:13:56.703+0000][612.344s][debug][safepoint   ] Safepoint synchronization initiated using futex wait barrier. (211 threads)
[2025-03-19T14:13:56.703+0000][612.344s][info ][safepoint   ] Safepoint "Cleanup", Time since last: 6000528038 ns, Reaching safepoint: 80489 ns, Cleanup: 28498 ns, At safepoint: 5109 ns, Total: 114096 ns
[2025-03-19T14:14:01.703+0000][617.344s][debug][safepoint   ] Safepoint synchronization initiated using futex wait barrier. (211 threads)
[2025-03-19T14:14:01.704+0000][617.345s][info ][safepoint   ] Safepoint "Cleanup", Time since last: 5000355913 ns, Reaching safepoint: 85434 ns, Cleanup: 16563 ns, At safepoint: 6716 ns, Total: 108713 ns
[2025-03-19T14:14:06.704+0000][622.345s][debug][safepoint   ] Safepoint synchronization initiated using futex wait barrier. (210 threads)
[2025-03-19T14:14:06.704+0000][622.345s][info ][safepoint   ] Safepoint "Cleanup", Time since last: 5000467907 ns, Reaching safepoint: 87443 ns, Cleanup: 15898 ns, At safepoint: 7027 ns, Total: 110368 ns
[2025-03-19T14:14:11.705+0000][627.346s][debug][safepoint   ] Safepoint synchronization initiated using futex wait barrier. (210 threads)
[2025-03-19T14:14:11.705+0000][627.346s][info ][safepoint   ] Safepoint "Cleanup", Time since last: 5000420910 ns, Reaching safepoint: 71958 ns, Cleanup: 19672 ns, At safepoint: 5670 ns, Total: 97300 ns
[2025-03-19T14:14:13.705+0000][629.346s][debug][safepoint   ] Safepoint synchronization initiated using futex wait barrier. (210 threads)
[2025-03-19T14:14:13.705+0000][629.346s][info ][safepoint   ] Safepoint "Cleanup", Time since last: 2000179491 ns, Reaching safepoint: 66359 ns, Cleanup: 13607 ns, At safepoint: 4605 ns, Total: 84571 ns
[2025-03-19T14:14:16.705+0000][632.346s][debug][safepoint   ] Safepoint synchronization initiated using futex wait barrier. (210 threads)
[2025-03-19T14:14:16.705+0000][632.346s][info ][safepoint   ] Safepoint "Cleanup", Time since last: 3000285455 ns, Reaching safepoint: 73267 ns, Cleanup: 30967 ns, At safepoint: 7281 ns, Total: 111515 ns
[2025-03-19T14:14:19.705+0000][635.346s][debug][safepoint   ] Safepoint synchronization initiated using futex wait barrier. (210 threads)
[2025-03-19T14:14:19.706+0000][635.347s][info ][safepoint   ] Safepoint "Cleanup", Time since last: 3000191878 ns, Reaching safepoint: 40227 ns, Cleanup: 9677 ns, At safepoint: 1892 ns, Total: 51796 ns
[2025-03-19T14:14:23.706+0000][639.347s][debug][safepoint   ] Safepoint synchronization initiated using futex wait barrier. (210 threads)
[2025-03-19T14:14:23.706+0000][639.347s][info ][safepoint   ] Safepoint "Cleanup", Time since last: 4000333422 ns, Reaching safepoint: 83267 ns, Cleanup: 14244 ns, At safepoint: 4865 ns, Total: 102376 ns
[2025-03-19T14:14:24.706+0000][640.347s][debug][safepoint   ] Safepoint synchronization initiated using futex wait barrier. (210 threads)
[2025-03-19T14:14:24.706+0000][640.347s][info ][safepoint   ] Safepoint "Cleanup", Time since last: 1000108105 ns, Reaching safepoint: 69138 ns, Cleanup: 20323 ns, At safepoint: 5671 ns, Total: 95132 ns
[2025-03-19T14:14:26.706+0000][642.347s][debug][safepoint   ] Safepoint synchronization initiated using futex wait barrier. (210 threads)
[2025-03-19T14:14:26.707+0000][642.348s][info ][safepoint   ] Safepoint "Cleanup", Time since last: 2000241474 ns, Reaching safepoint: 117457 ns, Cleanup: 17861 ns, At safepoint: 41667 ns, Total: 176985 ns
[2025-03-19T14:14:31.707+0000][647.348s][debug][safepoint   ] Safepoint synchronization initiated using futex wait barrier. (210 threads)
[2025-03-19T14:14:31.707+0000][647.348s][info ][safepoint   ] Safepoint "Cleanup", Time since last: 5000464358 ns, Reaching safepoint: 106263 ns, Cleanup: 18198 ns, At safepoint: 6802 ns, Total: 131263 ns
[2025-03-19T14:14:32.707+0000][648.348s][debug][safepoint   ] Safepoint synchronization initiated using futex wait barrier. (210 threads)
[2025-03-19T14:14:32.707+0000][648.348s][info ][safepoint   ] Safepoint "Cleanup", Time since last: 1000119246 ns, Reaching safepoint: 62526 ns, Cleanup: 17480 ns, At safepoint: 4732 ns, Total: 84738 ns
[2025-03-19T14:14:35.708+0000][651.349s][debug][safepoint   ] Safepoint synchronization initiated using futex wait barrier. (210 threads)
[2025-03-19T14:14:35.708+0000][651.349s][info ][safepoint   ] Safepoint "Cleanup", Time since last: 3000447384 ns, Reaching safepoint: 86366 ns, Cleanup: 21527 ns, At safepoint: 6462 ns, Total: 114355 ns
[2025-03-19T14:14:38.708+0000][654.349s][debug][safepoint   ] Safepoint synchronization initiated using futex wait barrier. (209 threads)
[2025-03-19T14:14:38.708+0000][654.349s][info ][safepoint   ] Safepoint "Cleanup", Time since last: 3000239233 ns, Reaching safepoint: 105626 ns, Cleanup: 19046 ns, At safepoint: 7347 ns, Total: 132019 ns
[2025-03-19T14:14:39.708+0000][655.349s][debug][safepoint   ] Safepoint synchronization initiated using futex wait barrier. (209 threads)
[2025-03-19T14:14:39.709+0000][655.350s][info ][safepoint   ] Safepoint "Cleanup", Time since last: 1000102694 ns, Reaching safepoint: 86671 ns, Cleanup: 17290 ns, At safepoint: 7124 ns, Total: 111085 ns
[2025-03-19T14:14:44.709+0000][660.350s][debug][safepoint   ] Safepoint synchronization initiated using futex wait barrier. (209 threads)
[2025-03-19T14:14:44.709+0000][660.350s][info ][safepoint   ] Safepoint "Cleanup", Time since last: 5000466619 ns, Reaching safepoint: 88983 ns, Cleanup: 18881 ns, At safepoint: 6641 ns, Total: 114505 ns
[2025-03-19T14:14:51.721+0000][667.362s][debug][safepoint   ] Safepoint synchronization initiated using futex wait barrier. (209 threads)
[2025-03-19T14:14:51.722+0000][667.363s][info ][safepoint   ] Safepoint "Cleanup", Time since last: 7012252092 ns, Reaching safepoint: 91955 ns, Cleanup: 27409 ns, At safepoint: 13934 ns, Total: 133298 ns
[2025-03-19T14:14:52.722+0000][668.363s][debug][safepoint   ] Safepoint synchronization initiated using futex wait barrier. (209 threads)
[2025-03-19T14:14:52.722+0000][668.363s][info ][safepoint   ] Safepoint "Cleanup", Time since last: 1000087319 ns, Reaching safepoint: 73821 ns, Cleanup: 13952 ns, At safepoint: 3937 ns, Total: 91710 ns
[2025-03-19T14:14:53.722+0000][669.363s][debug][safepoint   ] Safepoint synchronization initiated using futex wait barrier. (209 threads)
[2025-03-19T14:14:53.722+0000][669.363s][info ][safepoint   ] Safepoint "Cleanup", Time since last: 1000081634 ns, Reaching safepoint: 81537 ns, Cleanup: 17558 ns, At safepoint: 6927 ns, Total: 106022 ns
[2025-03-19T14:14:54.722+0000][670.363s][debug][safepoint   ] Safepoint synchronization initiated using futex wait barrier. (209 threads)
[2025-03-19T14:14:54.722+0000][670.363s][info ][safepoint   ] Safepoint "Cleanup", Time since last: 1000112812 ns, Reaching safepoint: 104465 ns, Cleanup: 16330 ns, At safepoint: 6110 ns, Total: 126905 ns
[2025-03-19T14:14:56.722+0000][672.363s][debug][safepoint   ] Safepoint synchronization initiated using futex wait barrier. (209 threads)
[2025-03-19T14:14:56.722+0000][672.363s][info ][safepoint   ] Safepoint "Cleanup", Time since last: 2000198985 ns, Reaching safepoint: 77354 ns, Cleanup: 18904 ns, At safepoint: 5872 ns, Total: 102130 ns
[2025-03-19T14:14:59.723+0000][675.364s][debug][safepoint   ] Safepoint synchronization initiated using futex wait barrier. (209 threads)
[2025-03-19T14:14:59.723+0000][675.364s][info ][safepoint   ] Safepoint "Cleanup", Time since last: 3000244203 ns, Reaching safepoint: 110509 ns, Cleanup: 17079 ns, At safepoint: 9979 ns, Total: 137567 ns
[2025-03-19T14:15:01.723+0000][677.364s][debug][safepoint   ] Safepoint synchronization initiated using futex wait barrier. (209 threads)
[2025-03-19T14:15:01.723+0000][677.364s][info ][safepoint   ] Safepoint "Cleanup", Time since last: 2000234111 ns, Reaching safepoint: 80095 ns, Cleanup: 16802 ns, At safepoint: 6997 ns, Total: 103894 ns
[2025-03-19T14:15:02.723+0000][678.364s][debug][safepoint   ] Safepoint synchronization initiated using futex wait barrier. (208 threads)
[2025-03-19T14:15:02.723+0000][678.364s][info ][safepoint   ] Safepoint "Cleanup", Time since last: 1000105513 ns, Reaching safepoint: 69866 ns, Cleanup: 17412 ns, At safepoint: 4703 ns, Total: 91981 ns
[2025-03-19T14:15:08.724+0000][684.365s][debug][safepoint   ] Safepoint synchronization initiated using futex wait barrier. (208 threads)
[2025-03-19T14:15:08.724+0000][684.365s][info ][safepoint   ] Safepoint "Cleanup", Time since last: 6000445798 ns, Reaching safepoint: 226257 ns, Cleanup: 15981 ns, At safepoint: 5186 ns, Total: 247424 ns
[2025-03-19T14:15:09.724+0000][685.365s][debug][safepoint   ] Safepoint synchronization initiated using futex wait barrier. (208 threads)
[2025-03-19T14:15:09.724+0000][685.365s][info ][safepoint   ] Safepoint "Cleanup", Time since last: 1000188655 ns, Reaching safepoint: 41602 ns, Cleanup: 6412 ns, At safepoint: 2104 ns, Total: 50118 ns
[2025-03-19T14:15:11.724+0000][687.365s][debug][safepoint   ] Safepoint synchronization initiated using futex wait barrier. (208 threads)
[2025-03-19T14:15:11.725+0000][687.365s][info ][safepoint   ] Safepoint "Cleanup", Time since last: 2000140788 ns, Reaching safepoint: 64263 ns, Cleanup: 20173 ns, At safepoint: 5379 ns, Total: 89815 ns
[2025-03-19T14:15:12.725+0000][688.366s][debug][safepoint   ] Safepoint synchronization initiated using futex wait barrier. (208 threads)
[2025-03-19T14:15:12.725+0000][688.366s][info ][safepoint   ] Safepoint "Cleanup", Time since last: 1000094683 ns, Reaching safepoint: 67455 ns, Cleanup: 15104 ns, At safepoint: 4764 ns, Total: 87323 ns
[2025-03-19T14:15:14.725+0000][690.366s][debug][safepoint   ] Safepoint synchronization initiated using futex wait barrier. (208 threads)
[2025-03-19T14:15:14.725+0000][690.366s][info ][safepoint   ] Safepoint "Cleanup", Time since last: 2000193296 ns, Reaching safepoint: 67763 ns, Cleanup: 17110 ns, At safepoint: 6372 ns, Total: 91245 ns
[2025-03-19T14:15:19.726+0000][695.367s][debug][safepoint   ] Safepoint synchronization initiated using futex wait barrier. (208 threads)
[2025-03-19T14:15:19.726+0000][695.367s][info ][safepoint   ] Safepoint "Cleanup", Time since last: 5000585219 ns, Reaching safepoint: 86762 ns, Cleanup: 17087 ns, At safepoint: 7165 ns, Total: 111014 ns
[2025-03-19T14:15:20.383+0000][696.024s][debug][safepoint   ] Safepoint synchronization initiated using futex wait barrier. (208 threads)
[2025-03-19T14:15:20.383+0000][696.024s][info ][gc,start    ] GC(83) Pause Young (Normal) (G1 Evacuation Pause)
[2025-03-19T14:15:20.383+0000][696.024s][info ][gc,task     ] GC(83) Using 4 workers of 4 for evacuation
[2025-03-19T14:15:20.400+0000][696.041s][info ][gc,phases   ] GC(83)   Pre Evacuate Collection Set: 0.2ms
[2025-03-19T14:15:20.400+0000][696.041s][info ][gc,phases   ] GC(83)   Merge Heap Roots: 0.2ms
[2025-03-19T14:15:20.400+0000][696.041s][info ][gc,phases   ] GC(83)   Evacuate Collection Set: 15.9ms
[2025-03-19T14:15:20.400+0000][696.041s][info ][gc,phases   ] GC(83)   Post Evacuate Collection Set: 1.0ms
[2025-03-19T14:15:20.400+0000][696.041s][info ][gc,phases   ] GC(83)   Other: 0.2ms
[2025-03-19T14:15:20.400+0000][696.041s][info ][gc,heap     ] GC(83) Eden regions: 180->0(180)
[2025-03-19T14:15:20.400+0000][696.041s][info ][gc,heap     ] GC(83) Survivor regions: 12->12(24)
[2025-03-19T14:15:20.400+0000][696.041s][info ][gc,heap     ] GC(83) Old regions: 178->178
[2025-03-19T14:15:20.400+0000][696.041s][info ][gc,heap     ] GC(83) Archive regions: 2->2
[2025-03-19T14:15:20.400+0000][696.041s][info ][gc,heap     ] GC(83) Humongous regions: 2->2
[2025-03-19T14:15:20.400+0000][696.041s][info ][gc,metaspace] GC(83) Metaspace: 190382K(191744K)->190382K(191744K) NonClass: 167266K(168000K)->167266K(168000K) Class: 23115K(23744K)->23115K(23744K)
[2025-03-19T14:15:20.400+0000][696.041s][info ][gc          ] GC(83) Pause Young (Normal) (G1 Evacuation Pause) 372M->192M(429M) 17.510ms
[2025-03-19T14:15:20.400+0000][696.041s][info ][gc,cpu      ] GC(83) User=0.07s Sys=0.00s Real=0.01s
[2025-03-19T14:15:20.400+0000][696.041s][info ][safepoint   ] Safepoint "G1CollectForAllocation", Time since last: 656885345 ns, Reaching safepoint: 79694 ns, Cleanup: 6871 ns, At safepoint: 17729488 ns, Total: 17816053 ns
[2025-03-19T14:15:21.400+0000][697.041s][debug][safepoint   ] Safepoint synchronization initiated using futex wait barrier. (208 threads)
[2025-03-19T14:15:21.401+0000][697.042s][info ][safepoint   ] Safepoint "Cleanup", Time since last: 1000097314 ns, Reaching safepoint: 78576 ns, Cleanup: 22127 ns, At safepoint: 5578 ns, Total: 106281 ns
[2025-03-19T14:15:32.401+0000][708.042s][debug][safepoint   ] Safepoint synchronization initiated using futex wait barrier. (208 threads)
[2025-03-19T14:15:32.401+0000][708.042s][info ][safepoint   ] Safepoint "Cleanup", Time since last: 11000784562 ns, Reaching safepoint: 72249 ns, Cleanup: 15456 ns, At safepoint: 4922 ns, Total: 92627 ns
[2025-03-19T14:15:35.402+0000][711.043s][debug][safepoint   ] Safepoint synchronization initiated using futex wait barrier. (208 threads)
[2025-03-19T14:15:35.402+0000][711.043s][info ][safepoint   ] Safepoint "Cleanup", Time since last: 3000225159 ns, Reaching safepoint: 80226 ns, Cleanup: 15424 ns, At safepoint: 5202 ns, Total: 100852 ns
[2025-03-19T14:15:36.402+0000][712.043s][debug][safepoint   ] Safepoint synchronization initiated using futex wait barrier. (208 threads)
[2025-03-19T14:15:36.402+0000][712.043s][info ][safepoint   ] Safepoint "Cleanup", Time since last: 1000085175 ns, Reaching safepoint: 53304 ns, Cleanup: 12778 ns, At safepoint: 2997 ns, Total: 69079 ns
[2025-03-19T14:15:41.402+0000][717.043s][debug][safepoint   ] Safepoint synchronization initiated using futex wait barrier. (208 threads)
[2025-03-19T14:15:41.402+0000][717.043s][info ][safepoint   ] Safepoint "Cleanup", Time since last: 5000446814 ns, Reaching safepoint: 45893 ns, Cleanup: 10176 ns, At safepoint: 2589 ns, Total: 58658 ns
[2025-03-19T14:15:46.741+0000][722.382s][debug][safepoint   ] Safepoint synchronization initiated using futex wait barrier. (208 threads)
[2025-03-19T14:15:46.741+0000][722.382s][info ][safepoint   ] Safepoint "Cleanup", Time since last: 5338104350 ns, Reaching safepoint: 66824 ns, Cleanup: 23085 ns, At safepoint: 4582 ns, Total: 94491 ns
[2025-03-19T14:15:47.741+0000][723.382s][debug][safepoint   ] Safepoint synchronization initiated using futex wait barrier. (208 threads)
[2025-03-19T14:15:47.741+0000][723.382s][info ][safepoint   ] Safepoint "Cleanup", Time since last: 1000089813 ns, Reaching safepoint: 84508 ns, Cleanup: 20077 ns, At safepoint: 6433 ns, Total: 111018 ns
[2025-03-19T14:15:53.741+0000][729.382s][debug][safepoint   ] Safepoint synchronization initiated using futex wait barrier. (208 threads)
[2025-03-19T14:15:53.741+0000][729.382s][info ][safepoint   ] Safepoint "Cleanup", Time since last: 6000511008 ns, Reaching safepoint: 50543 ns, Cleanup: 10539 ns, At safepoint: 2377 ns, Total: 63459 ns
[2025-03-19T14:16:02.742+0000][738.383s][debug][safepoint   ] Safepoint synchronization initiated using futex wait barrier. (207 threads)
[2025-03-19T14:16:02.742+0000][738.383s][info ][safepoint   ] Safepoint "Cleanup", Time since last: 9000731977 ns, Reaching safepoint: 45124 ns, Cleanup: 8685 ns, At safepoint: 1871 ns, Total: 55680 ns
[2025-03-19T14:16:26.744+0000][762.385s][debug][safepoint   ] Safepoint synchronization initiated using futex wait barrier. (207 threads)
[2025-03-19T14:16:26.744+0000][762.385s][info ][safepoint   ] Safepoint "Cleanup", Time since last: 24001696594 ns, Reaching safepoint: 50745 ns, Cleanup: 11710 ns, At safepoint: 2427 ns, Total: 64882 ns
[2025-03-19T14:16:31.744+0000][767.385s][debug][safepoint   ] Safepoint synchronization initiated using futex wait barrier. (207 threads)
[2025-03-19T14:16:31.745+0000][767.386s][info ][safepoint   ] Safepoint "Cleanup", Time since last: 5000494233 ns, Reaching safepoint: 72938 ns, Cleanup: 16709 ns, At safepoint: 5803 ns, Total: 95450 ns
[2025-03-19T14:16:44.746+0000][780.387s][debug][safepoint   ] Safepoint synchronization initiated using futex wait barrier. (207 threads)
[2025-03-19T14:16:44.746+0000][780.387s][info ][safepoint   ] Safepoint "Cleanup", Time since last: 13000959570 ns, Reaching safepoint: 51164 ns, Cleanup: 11598 ns, At safepoint: 2086 ns, Total: 64848 ns
[2025-03-19T14:17:04.761+0000][800.402s][debug][safepoint   ] Safepoint synchronization initiated using futex wait barrier. (206 threads)
[2025-03-19T14:17:04.761+0000][800.402s][info ][safepoint   ] Safepoint "Cleanup", Time since last: 20015138395 ns, Reaching safepoint: 50352 ns, Cleanup: 9420 ns, At safepoint: 2238 ns, Total: 62010 ns
[2025-03-19T14:17:06.761+0000][802.402s][debug][safepoint   ] Safepoint synchronization initiated using futex wait barrier. (206 threads)
[2025-03-19T14:17:06.761+0000][802.402s][info ][safepoint   ] Safepoint "Cleanup", Time since last: 2000196513 ns, Reaching safepoint: 69135 ns, Cleanup: 13792 ns, At safepoint: 5468 ns, Total: 88395 ns
[2025-03-19T14:17:14.762+0000][810.403s][debug][safepoint   ] Safepoint synchronization initiated using futex wait barrier. (206 threads)
[2025-03-19T14:17:14.762+0000][810.403s][info ][safepoint   ] Safepoint "Cleanup", Time since last: 8000551257 ns, Reaching safepoint: 68774 ns, Cleanup: 18286 ns, At safepoint: 5412 ns, Total: 92472 ns
[2025-03-19T14:17:15.762+0000][811.403s][debug][safepoint   ] Safepoint synchronization initiated using futex wait barrier. (206 threads)
[2025-03-19T14:17:15.762+0000][811.403s][info ][safepoint   ] Safepoint "Cleanup", Time since last: 1000124190 ns, Reaching safepoint: 55280 ns, Cleanup: 11202 ns, At safepoint: 3711 ns, Total: 70193 ns
[2025-03-19T14:17:19.762+0000][815.403s][debug][safepoint   ] Safepoint synchronization initiated using futex wait barrier. (206 threads)
[2025-03-19T14:17:19.762+0000][815.403s][info ][safepoint   ] Safepoint "Cleanup", Time since last: 4000380091 ns, Reaching safepoint: 80878 ns, Cleanup: 15187 ns, At safepoint: 14089 ns, Total: 110154 ns
[2025-03-19T14:17:32.763+0000][828.404s][debug][safepoint   ] Safepoint synchronization initiated using futex wait barrier. (206 threads)
[2025-03-19T14:17:32.764+0000][828.404s][info ][safepoint   ] Safepoint "Cleanup", Time since last: 13001009848 ns, Reaching safepoint: 85572 ns, Cleanup: 19643 ns, At safepoint: 6509 ns, Total: 111724 ns
[2025-03-19T14:17:35.764+0000][831.405s][debug][safepoint   ] Safepoint synchronization initiated using futex wait barrier. (206 threads)
[2025-03-19T14:17:35.764+0000][831.405s][info ][safepoint   ] Safepoint "Cleanup", Time since last: 3000310246 ns, Reaching safepoint: 86178 ns, Cleanup: 22687 ns, At safepoint: 6749 ns, Total: 115614 ns
[2025-03-19T14:17:45.304+0000][840.945s][debug][safepoint   ] Safepoint synchronization initiated using futex wait barrier. (206 threads)
[2025-03-19T14:17:45.304+0000][840.945s][info ][gc,start    ] GC(84) Pause Young (Normal) (G1 Evacuation Pause)
[2025-03-19T14:17:45.304+0000][840.945s][info ][gc,task     ] GC(84) Using 4 workers of 4 for evacuation
[2025-03-19T14:17:45.317+0000][840.958s][info ][gc,phases   ] GC(84)   Pre Evacuate Collection Set: 0.1ms
[2025-03-19T14:17:45.317+0000][840.958s][info ][gc,phases   ] GC(84)   Merge Heap Roots: 0.1ms
[2025-03-19T14:17:45.317+0000][840.958s][info ][gc,phases   ] GC(84)   Evacuate Collection Set: 11.1ms
[2025-03-19T14:17:45.317+0000][840.958s][info ][gc,phases   ] GC(84)   Post Evacuate Collection Set: 1.4ms
[2025-03-19T14:17:45.317+0000][840.958s][info ][gc,phases   ] GC(84)   Other: 0.2ms
[2025-03-19T14:17:45.317+0000][840.958s][info ][gc,heap     ] GC(84) Eden regions: 180->0(180)
[2025-03-19T14:17:45.317+0000][840.958s][info ][gc,heap     ] GC(84) Survivor regions: 12->12(24)
[2025-03-19T14:17:45.317+0000][840.958s][info ][gc,heap     ] GC(84) Old regions: 178->178
[2025-03-19T14:17:45.317+0000][840.958s][info ][gc,heap     ] GC(84) Archive regions: 2->2
[2025-03-19T14:17:45.317+0000][840.958s][info ][gc,heap     ] GC(84) Humongous regions: 2->2
[2025-03-19T14:17:45.317+0000][840.958s][info ][gc,metaspace] GC(84) Metaspace: 190447K(191808K)->190447K(191808K) NonClass: 167332K(168064K)->167332K(168064K) Class: 23115K(23744K)->23115K(23744K)
[2025-03-19T14:17:45.317+0000][840.958s][info ][gc          ] GC(84) Pause Young (Normal) (G1 Evacuation Pause) 372M->192M(429M) 12.988ms
[2025-03-19T14:17:45.317+0000][840.958s][info ][gc,cpu      ] GC(84) User=0.04s Sys=0.00s Real=0.01s
[2025-03-19T14:17:45.317+0000][840.958s][info ][safepoint   ] Safepoint "G1CollectForAllocation", Time since last: 9539627527 ns, Reaching safepoint: 59021 ns, Cleanup: 4896 ns, At safepoint: 13588717 ns, Total: 13652634 ns
[2025-03-19T14:17:46.317+0000][841.958s][debug][safepoint   ] Safepoint synchronization initiated using futex wait barrier. (206 threads)
[2025-03-19T14:17:46.317+0000][841.958s][info ][safepoint   ] Safepoint "Cleanup", Time since last: 1000117566 ns, Reaching safepoint: 74501 ns, Cleanup: 22775 ns, At safepoint: 4892 ns, Total: 102168 ns
[2025-03-19T14:17:47.318+0000][842.959s][debug][safepoint   ] Safepoint synchronization initiated using futex wait barrier. (206 threads)
[2025-03-19T14:17:47.318+0000][842.959s][info ][safepoint   ] Safepoint "Cleanup", Time since last: 1000088178 ns, Reaching safepoint: 78432 ns, Cleanup: 16943 ns, At safepoint: 5376 ns, Total: 100751 ns
[2025-03-19T14:17:50.318+0000][845.959s][debug][safepoint   ] Safepoint synchronization initiated using futex wait barrier. (206 threads)
[2025-03-19T14:17:50.318+0000][845.959s][info ][safepoint   ] Safepoint "Cleanup", Time since last: 3000213784 ns, Reaching safepoint: 84523 ns, Cleanup: 16148 ns, At safepoint: 5195 ns, Total: 105866 ns
[2025-03-19T14:17:51.318+0000][846.959s][debug][safepoint   ] Safepoint synchronization initiated using futex wait barrier. (206 threads)
[2025-03-19T14:17:51.318+0000][846.959s][info ][safepoint   ] Safepoint "Cleanup", Time since last: 1000117670 ns, Reaching safepoint: 100308 ns, Cleanup: 27100 ns, At safepoint: 7003 ns, Total: 134411 ns
[2025-03-19T14:17:56.319+0000][851.960s][debug][safepoint   ] Safepoint synchronization initiated using futex wait barrier. (206 threads)
[2025-03-19T14:17:56.319+0000][851.960s][info ][safepoint   ] Safepoint "Cleanup", Time since last: 5000408612 ns, Reaching safepoint: 108185 ns, Cleanup: 20758 ns, At safepoint: 7155 ns, Total: 136098 ns
[2025-03-19T14:18:00.319+0000][855.960s][debug][safepoint   ] Safepoint synchronization initiated using futex wait barrier. (206 threads)
[2025-03-19T14:18:00.319+0000][855.960s][info ][safepoint   ] Safepoint "Cleanup", Time since last: 4000641870 ns, Reaching safepoint: 91092 ns, Cleanup: 17403 ns, At safepoint: 7271 ns, Total: 115766 ns
[2025-03-19T14:18:06.320+0000][861.961s][debug][safepoint   ] Safepoint synchronization initiated using futex wait barrier. (205 threads)
[2025-03-19T14:18:06.320+0000][861.961s][info ][safepoint   ] Safepoint "Cleanup", Time since last: 6000481201 ns, Reaching safepoint: 86989 ns, Cleanup: 20421 ns, At safepoint: 7595 ns, Total: 115005 ns
[2025-03-19T14:18:11.321+0000][866.962s][debug][safepoint   ] Safepoint synchronization initiated using futex wait barrier. (205 threads)
[2025-03-19T14:18:11.321+0000][866.962s][info ][safepoint   ] Safepoint "Cleanup", Time since last: 5000447794 ns, Reaching safepoint: 84424 ns, Cleanup: 20157 ns, At safepoint: 5107 ns, Total: 109688 ns
[2025-03-19T14:18:16.321+0000][871.962s][debug][safepoint   ] Safepoint synchronization initiated using futex wait barrier. (205 threads)
[2025-03-19T14:18:16.321+0000][871.962s][info ][safepoint   ] Safepoint "Cleanup", Time since last: 5000484376 ns, Reaching safepoint: 86606 ns, Cleanup: 17682 ns, At safepoint: 6948 ns, Total: 111236 ns
[2025-03-19T14:18:20.322+0000][875.963s][debug][safepoint   ] Safepoint synchronization initiated using futex wait barrier. (205 threads)
[2025-03-19T14:18:20.322+0000][875.963s][info ][safepoint   ] Safepoint "Cleanup", Time since last: 4000501294 ns, Reaching safepoint: 329306 ns, Cleanup: 14328 ns, At safepoint: 4822 ns, Total: 348456 ns
[2025-03-19T14:18:21.322+0000][876.963s][debug][safepoint   ] Safepoint synchronization initiated using futex wait barrier. (205 threads)
[2025-03-19T14:18:21.322+0000][876.963s][info ][safepoint   ] Safepoint "Cleanup", Time since last: 1000114002 ns, Reaching safepoint: 87936 ns, Cleanup: 16527 ns, At safepoint: 5689 ns, Total: 110152 ns
[2025-03-19T14:18:22.322+0000][877.963s][debug][safepoint   ] Safepoint synchronization initiated using futex wait barrier. (205 threads)
[2025-03-19T14:18:22.323+0000][877.963s][info ][safepoint   ] Safepoint "Cleanup", Time since last: 1000093499 ns, Reaching safepoint: 74611 ns, Cleanup: 16796 ns, At safepoint: 4298 ns, Total: 95705 ns
[2025-03-19T14:18:26.323+0000][881.964s][debug][safepoint   ] Safepoint synchronization initiated using futex wait barrier. (205 threads)
[2025-03-19T14:18:26.323+0000][881.964s][info ][safepoint   ] Safepoint "Cleanup", Time since last: 4000320807 ns, Reaching safepoint: 74432 ns, Cleanup: 17749 ns, At safepoint: 4974 ns, Total: 97155 ns
[2025-03-19T14:18:30.323+0000][885.964s][debug][safepoint   ] Safepoint synchronization initiated using futex wait barrier. (205 threads)
[2025-03-19T14:18:30.323+0000][885.964s][info ][safepoint   ] Safepoint "Cleanup", Time since last: 4000388481 ns, Reaching safepoint: 115732 ns, Cleanup: 26330 ns, At safepoint: 8429 ns, Total: 150491 ns
[2025-03-19T14:18:31.324+0000][886.965s][debug][safepoint   ] Safepoint synchronization initiated using futex wait barrier. (205 threads)
[2025-03-19T14:18:31.324+0000][886.965s][info ][safepoint   ] Safepoint "Cleanup", Time since last: 1000260930 ns, Reaching safepoint: 87500 ns, Cleanup: 18102 ns, At safepoint: 6903 ns, Total: 112505 ns
[2025-03-19T14:18:32.324+0000][887.965s][debug][safepoint   ] Safepoint synchronization initiated using futex wait barrier. (205 threads)
[2025-03-19T14:18:32.324+0000][887.965s][info ][safepoint   ] Safepoint "Cleanup", Time since last: 1000110720 ns, Reaching safepoint: 69968 ns, Cleanup: 16630 ns, At safepoint: 4118 ns, Total: 90716 ns
[2025-03-19T14:18:35.324+0000][890.965s][debug][safepoint   ] Safepoint synchronization initiated using futex wait barrier. (205 threads)
[2025-03-19T14:18:35.324+0000][890.965s][info ][safepoint   ] Safepoint "Cleanup", Time since last: 3000189718 ns, Reaching safepoint: 71814 ns, Cleanup: 19124 ns, At safepoint: 3476 ns, Total: 94414 ns
[2025-03-19T14:18:47.799+0000][903.440s][debug][safepoint   ] Safepoint synchronization initiated using futex wait barrier. (205 threads)
[2025-03-19T14:18:47.799+0000][903.440s][info ][safepoint   ] Safepoint "Cleanup", Time since last: 12474970966 ns, Reaching safepoint: 83216 ns, Cleanup: 15323 ns, At safepoint: 6594 ns, Total: 105133 ns
[2025-03-19T14:18:49.800+0000][905.441s][debug][safepoint   ] Safepoint synchronization initiated using futex wait barrier. (205 threads)
[2025-03-19T14:18:49.800+0000][905.441s][info ][safepoint   ] Safepoint "Cleanup", Time since last: 2000211909 ns, Reaching safepoint: 109490 ns, Cleanup: 22046 ns, At safepoint: 7936 ns, Total: 139472 ns
[2025-03-19T14:18:51.800+0000][907.441s][debug][safepoint   ] Safepoint synchronization initiated using futex wait barrier. (205 threads)
[2025-03-19T14:18:51.800+0000][907.441s][info ][safepoint   ] Safepoint "Cleanup", Time since last: 2000242113 ns, Reaching safepoint: 76024 ns, Cleanup: 15425 ns, At safepoint: 5820 ns, Total: 97269 ns
[2025-03-19T14:18:56.801+0000][912.442s][debug][safepoint   ] Safepoint synchronization initiated using futex wait barrier. (205 threads)
[2025-03-19T14:18:56.801+0000][912.442s][info ][safepoint   ] Safepoint "Cleanup", Time since last: 5000519215 ns, Reaching safepoint: 49827 ns, Cleanup: 8795 ns, At safepoint: 2671 ns, Total: 61293 ns
[2025-03-19T14:19:01.801+0000][917.442s][debug][safepoint   ] Safepoint synchronization initiated using futex wait barrier. (205 threads)
[2025-03-19T14:19:01.801+0000][917.442s][info ][safepoint   ] Safepoint "Cleanup", Time since last: 5000387473 ns, Reaching safepoint: 79574 ns, Cleanup: 15253 ns, At safepoint: 5417 ns, Total: 100244 ns
[2025-03-19T14:19:02.801+0000][918.442s][debug][safepoint   ] Safepoint synchronization initiated using futex wait barrier. (205 threads)
[2025-03-19T14:19:02.801+0000][918.442s][info ][safepoint   ] Safepoint "Cleanup", Time since last: 1000111041 ns, Reaching safepoint: 110936 ns, Cleanup: 18379 ns, At safepoint: 5578 ns, Total: 134893 ns
[2025-03-19T14:19:06.802+0000][922.443s][debug][safepoint   ] Safepoint synchronization initiated using futex wait barrier. (205 threads)
[2025-03-19T14:19:06.802+0000][922.443s][info ][safepoint   ] Safepoint "Cleanup", Time since last: 4000330346 ns, Reaching safepoint: 80251 ns, Cleanup: 19222 ns, At safepoint: 6054 ns, Total: 105527 ns
[2025-03-19T14:19:16.803+0000][932.444s][debug][safepoint   ] Safepoint synchronization initiated using futex wait barrier. (205 threads)
[2025-03-19T14:19:16.803+0000][932.444s][info ][safepoint   ] Safepoint "Cleanup", Time since last: 10000751841 ns, Reaching safepoint: 65965 ns, Cleanup: 11638 ns, At safepoint: 3073 ns, Total: 80676 ns
[2025-03-19T14:19:23.803+0000][939.444s][debug][safepoint   ] Safepoint synchronization initiated using futex wait barrier. (205 threads)
[2025-03-19T14:19:23.803+0000][939.444s][info ][safepoint   ] Safepoint "Cleanup", Time since last: 7000493027 ns, Reaching safepoint: 69035 ns, Cleanup: 12625 ns, At safepoint: 3080 ns, Total: 84740 ns
[2025-03-19T14:19:26.804+0000][942.445s][debug][safepoint   ] Safepoint synchronization initiated using futex wait barrier. (205 threads)
[2025-03-19T14:19:26.804+0000][942.445s][info ][safepoint   ] Safepoint "Cleanup", Time since last: 3000266483 ns, Reaching safepoint: 67419 ns, Cleanup: 14831 ns, At safepoint: 2899 ns, Total: 85149 ns
[2025-03-19T14:19:29.804+0000][945.445s][debug][safepoint   ] Safepoint synchronization initiated using futex wait barrier. (205 threads)
[2025-03-19T14:19:29.804+0000][945.445s][info ][safepoint   ] Safepoint "Cleanup", Time since last: 3000246752 ns, Reaching safepoint: 59507 ns, Cleanup: 11085 ns, At safepoint: 2880 ns, Total: 73472 ns
[2025-03-19T14:19:36.804+0000][952.445s][debug][safepoint   ] Safepoint synchronization initiated using futex wait barrier. (205 threads)
[2025-03-19T14:19:36.804+0000][952.445s][info ][safepoint   ] Safepoint "Cleanup", Time since last: 7000446068 ns, Reaching safepoint: 45125 ns, Cleanup: 8589 ns, At safepoint: 1996 ns, Total: 55710 ns
[2025-03-19T14:19:39.805+0000][955.446s][debug][safepoint   ] Safepoint synchronization initiated using futex wait barrier. (205 threads)
[2025-03-19T14:19:39.805+0000][955.446s][info ][safepoint   ] Safepoint "Cleanup", Time since last: 3000184037 ns, Reaching safepoint: 50684 ns, Cleanup: 10621 ns, At safepoint: 2065 ns, Total: 63370 ns
[2025-03-19T14:19:44.805+0000][960.446s][debug][safepoint   ] Safepoint synchronization initiated using futex wait barrier. (205 threads)
[2025-03-19T14:19:44.805+0000][960.446s][info ][safepoint   ] Safepoint "Cleanup", Time since last: 5000352246 ns, Reaching safepoint: 45382 ns, Cleanup: 9788 ns, At safepoint: 2059 ns, Total: 57229 ns
[2025-03-19T14:20:01.820+0000][977.461s][debug][safepoint   ] Safepoint synchronization initiated using futex wait barrier. (205 threads)
[2025-03-19T14:20:01.820+0000][977.461s][info ][safepoint   ] Safepoint "Cleanup", Time since last: 17014428003 ns, Reaching safepoint: 56978 ns, Cleanup: 10302 ns, At safepoint: 2680 ns, Total: 69960 ns
[2025-03-19T14:20:05.820+0000][981.461s][debug][safepoint   ] Safepoint synchronization initiated using futex wait barrier. (205 threads)
[2025-03-19T14:20:05.820+0000][981.461s][info ][safepoint   ] Safepoint "Cleanup", Time since last: 4000305155 ns, Reaching safepoint: 49673 ns, Cleanup: 12042 ns, At safepoint: 2964 ns, Total: 64679 ns
[2025-03-19T14:20:06.820+0000][982.461s][debug][safepoint   ] Safepoint synchronization initiated using futex wait barrier. (205 threads)
[2025-03-19T14:20:06.820+0000][982.461s][info ][safepoint   ] Safepoint "Cleanup", Time since last: 1000076692 ns, Reaching safepoint: 61835 ns, Cleanup: 14157 ns, At safepoint: 2774 ns, Total: 78766 ns
[2025-03-19T14:20:10.766+0000][986.407s][debug][safepoint   ] Safepoint synchronization initiated using futex wait barrier. (205 threads)
[2025-03-19T14:20:10.767+0000][986.408s][info ][gc,start    ] GC(85) Pause Young (Normal) (G1 Evacuation Pause)
[2025-03-19T14:20:10.767+0000][986.408s][info ][gc,task     ] GC(85) Using 4 workers of 4 for evacuation
[2025-03-19T14:20:10.780+0000][986.421s][info ][gc,phases   ] GC(85)   Pre Evacuate Collection Set: 0.1ms
[2025-03-19T14:20:10.780+0000][986.421s][info ][gc,phases   ] GC(85)   Merge Heap Roots: 0.1ms
[2025-03-19T14:20:10.780+0000][986.421s][info ][gc,phases   ] GC(85)   Evacuate Collection Set: 12.1ms
[2025-03-19T14:20:10.780+0000][986.421s][info ][gc,phases   ] GC(85)   Post Evacuate Collection Set: 1.2ms
[2025-03-19T14:20:10.780+0000][986.421s][info ][gc,phases   ] GC(85)   Other: 0.1ms
[2025-03-19T14:20:10.780+0000][986.421s][info ][gc,heap     ] GC(85) Eden regions: 180->0(180)
[2025-03-19T14:20:10.780+0000][986.421s][info ][gc,heap     ] GC(85) Survivor regions: 12->12(24)
[2025-03-19T14:20:10.780+0000][986.421s][info ][gc,heap     ] GC(85) Old regions: 178->178
[2025-03-19T14:20:10.780+0000][986.421s][info ][gc,heap     ] GC(85) Archive regions: 2->2
[2025-03-19T14:20:10.780+0000][986.421s][info ][gc,heap     ] GC(85) Humongous regions: 2->2
[2025-03-19T14:20:10.780+0000][986.421s][info ][gc,metaspace] GC(85) Metaspace: 190705K(192128K)->190705K(192128K) NonClass: 167587K(168320K)->167587K(168320K) Class: 23117K(23808K)->23117K(23808K)
[2025-03-19T14:20:10.780+0000][986.421s][info ][gc          ] GC(85) Pause Young (Normal) (G1 Evacuation Pause) 372M->192M(429M) 13.756ms
[2025-03-19T14:20:10.780+0000][986.421s][info ][gc,cpu      ] GC(85) User=0.03s Sys=0.00s Real=0.01s
[2025-03-19T14:20:10.780+0000][986.421s][info ][safepoint   ] Safepoint "G1CollectForAllocation", Time since last: 3946313712 ns, Reaching safepoint: 58289 ns, Cleanup: 4192 ns, At safepoint: 13931264 ns, Total: 13993745 ns
[2025-03-19T14:20:11.780+0000][987.421s][debug][safepoint   ] Safepoint synchronization initiated using futex wait barrier. (205 threads)
[2025-03-19T14:20:11.781+0000][987.422s][info ][safepoint   ] Safepoint "Cleanup", Time since last: 1000085783 ns, Reaching safepoint: 54836 ns, Cleanup: 16042 ns, At safepoint: 2943 ns, Total: 73821 ns
[2025-03-19T14:20:12.781+0000][988.422s][debug][safepoint   ] Safepoint synchronization initiated using futex wait barrier. (205 threads)
[2025-03-19T14:20:12.781+0000][988.422s][info ][safepoint   ] Safepoint "Cleanup", Time since last: 1000087855 ns, Reaching safepoint: 87921 ns, Cleanup: 17877 ns, At safepoint: 3819 ns, Total: 109617 ns
[2025-03-19T14:20:21.782+0000][997.423s][debug][safepoint   ] Safepoint synchronization initiated using futex wait barrier. (204 threads)
[2025-03-19T14:20:21.782+0000][997.423s][info ][safepoint   ] Safepoint "Cleanup", Time since last: 9000781904 ns, Reaching safepoint: 41627 ns, Cleanup: 8917 ns, At safepoint: 1921 ns, Total: 52465 ns
[2025-03-19T14:20:29.782+0000][1005.423s][debug][safepoint   ] Safepoint synchronization initiated using futex wait barrier. (205 threads)
[2025-03-19T14:20:29.782+0000][1005.423s][info ][safepoint   ] Safepoint "Cleanup", Time since last: 8000625352 ns, Reaching safepoint: 104599 ns, Cleanup: 20636 ns, At safepoint: 6461 ns, Total: 131696 ns
[2025-03-19T14:20:31.783+0000][1007.424s][debug][safepoint   ] Safepoint synchronization initiated using futex wait barrier. (205 threads)
[2025-03-19T14:20:31.783+0000][1007.424s][info ][safepoint   ] Safepoint "Cleanup", Time since last: 2000160537 ns, Reaching safepoint: 87290 ns, Cleanup: 18406 ns, At safepoint: 6636 ns, Total: 112332 ns
[2025-03-19T14:20:39.783+0000][1015.424s][debug][safepoint   ] Safepoint synchronization initiated using futex wait barrier. (205 threads)
[2025-03-19T14:20:39.783+0000][1015.424s][info ][safepoint   ] Safepoint "Cleanup", Time since last: 8000688073 ns, Reaching safepoint: 72435 ns, Cleanup: 15688 ns, At safepoint: 5009 ns, Total: 93132 ns
[2025-03-19T14:20:41.784+0000][1017.425s][debug][safepoint   ] Safepoint synchronization initiated using futex wait barrier. (205 threads)
[2025-03-19T14:20:41.784+0000][1017.425s][info ][safepoint   ] Safepoint "Cleanup", Time since last: 2000160310 ns, Reaching safepoint: 81398 ns, Cleanup: 16195 ns, At safepoint: 6870 ns, Total: 104463 ns
[2025-03-19T14:20:44.784+0000][1020.425s][debug][safepoint   ] Safepoint synchronization initiated using futex wait barrier. (205 threads)
[2025-03-19T14:20:44.784+0000][1020.425s][info ][safepoint   ] Safepoint "Cleanup", Time since last: 3000250747 ns, Reaching safepoint: 60352 ns, Cleanup: 14695 ns, At safepoint: 4190 ns, Total: 79237 ns
[2025-03-19T14:20:46.839+0000][1022.480s][debug][safepoint   ] Safepoint synchronization initiated using futex wait barrier. (205 threads)
[2025-03-19T14:20:46.839+0000][1022.480s][info ][safepoint   ] Safepoint "Cleanup", Time since last: 2054873220 ns, Reaching safepoint: 74238 ns, Cleanup: 17423 ns, At safepoint: 5488 ns, Total: 97149 ns
[2025-03-19T14:20:49.839+0000][1025.480s][debug][safepoint   ] Safepoint synchronization initiated using futex wait barrier. (205 threads)
[2025-03-19T14:20:49.839+0000][1025.480s][info ][safepoint   ] Safepoint "Cleanup", Time since last: 3000244036 ns, Reaching safepoint: 89855 ns, Cleanup: 31345 ns, At safepoint: 5173 ns, Total: 126373 ns
[2025-03-19T14:20:53.840+0000][1029.481s][debug][safepoint   ] Safepoint synchronization initiated using futex wait barrier. (205 threads)
[2025-03-19T14:20:53.840+0000][1029.481s][info ][safepoint   ] Safepoint "Cleanup", Time since last: 4000289233 ns, Reaching safepoint: 41374 ns, Cleanup: 8641 ns, At safepoint: 2506 ns, Total: 52521 ns
[2025-03-19T14:20:56.840+0000][1032.481s][debug][safepoint   ] Safepoint synchronization initiated using futex wait barrier. (205 threads)
[2025-03-19T14:20:56.840+0000][1032.481s][info ][safepoint   ] Safepoint "Cleanup", Time since last: 3000554572 ns, Reaching safepoint: 89996 ns, Cleanup: 18493 ns, At safepoint: 5728 ns, Total: 114217 ns
[2025-03-19T14:21:11.841+0000][1047.482s][debug][safepoint   ] Safepoint synchronization initiated using futex wait barrier. (205 threads)
[2025-03-19T14:21:11.842+0000][1047.482s][info ][safepoint   ] Safepoint "Cleanup", Time since last: 15001061608 ns, Reaching safepoint: 68754 ns, Cleanup: 12843 ns, At safepoint: 2677 ns, Total: 84274 ns
[2025-03-19T14:21:16.842+0000][1052.483s][debug][safepoint   ] Safepoint synchronization initiated using futex wait barrier. (205 threads)
[2025-03-19T14:21:16.842+0000][1052.483s][info ][safepoint   ] Safepoint "Cleanup", Time since last: 5000375945 ns, Reaching safepoint: 87460 ns, Cleanup: 14928 ns, At safepoint: 2977 ns, Total: 105365 ns
[2025-03-19T14:21:19.842+0000][1055.483s][debug][safepoint   ] Safepoint synchronization initiated using futex wait barrier. (205 threads)
[2025-03-19T14:21:19.842+0000][1055.483s][info ][safepoint   ] Safepoint "Cleanup", Time since last: 3000238583 ns, Reaching safepoint: 66813 ns, Cleanup: 50304 ns, At safepoint: 3430 ns, Total: 120547 ns
[2025-03-19T14:21:34.844+0000][1070.485s][debug][safepoint   ] Safepoint synchronization initiated using futex wait barrier. (205 threads)
[2025-03-19T14:21:34.844+0000][1070.485s][info ][safepoint   ] Safepoint "Cleanup", Time since last: 15001208378 ns, Reaching safepoint: 64250 ns, Cleanup: 10640 ns, At safepoint: 3086 ns, Total: 77976 ns
[2025-03-19T14:21:41.844+0000][1077.485s][debug][safepoint   ] Safepoint synchronization initiated using futex wait barrier. (205 threads)
[2025-03-19T14:21:41.844+0000][1077.485s][info ][safepoint   ] Safepoint "Cleanup", Time since last: 7000699044 ns, Reaching safepoint: 76797 ns, Cleanup: 19363 ns, At safepoint: 6321 ns, Total: 102481 ns
[2025-03-19T14:21:43.845+0000][1079.486s][debug][safepoint   ] Safepoint synchronization initiated using futex wait barrier. (205 threads)
[2025-03-19T14:21:43.845+0000][1079.486s][info ][safepoint   ] Safepoint "Cleanup", Time since last: 2000142385 ns, Reaching safepoint: 60729 ns, Cleanup: 13623 ns, At safepoint: 4021 ns, Total: 78373 ns
[2025-03-19T14:21:44.845+0000][1080.486s][debug][safepoint   ] Safepoint synchronization initiated using futex wait barrier. (205 threads)
[2025-03-19T14:21:44.845+0000][1080.486s][info ][safepoint   ] Safepoint "Cleanup", Time since last: 1000101839 ns, Reaching safepoint: 46118 ns, Cleanup: 9255 ns, At safepoint: 2260 ns, Total: 57633 ns
[2025-03-19T14:21:51.861+0000][1087.502s][debug][safepoint   ] Safepoint synchronization initiated using futex wait barrier. (205 threads)
[2025-03-19T14:21:51.861+0000][1087.502s][info ][safepoint   ] Safepoint "Cleanup", Time since last: 7016100246 ns, Reaching safepoint: 63530 ns, Cleanup: 13116 ns, At safepoint: 3711 ns, Total: 80357 ns
[2025-03-19T14:21:54.861+0000][1090.502s][debug][safepoint   ] Safepoint synchronization initiated using futex wait barrier. (205 threads)
[2025-03-19T14:21:54.862+0000][1090.503s][info ][safepoint   ] Safepoint "Cleanup", Time since last: 3000423719 ns, Reaching safepoint: 107674 ns, Cleanup: 22305 ns, At safepoint: 7406 ns, Total: 137385 ns
[2025-03-19T14:21:55.862+0000][1091.503s][debug][safepoint   ] Safepoint synchronization initiated using futex wait barrier. (205 threads)
[2025-03-19T14:21:55.862+0000][1091.503s][info ][safepoint   ] Safepoint "Cleanup", Time since last: 1000124110 ns, Reaching safepoint: 72645 ns, Cleanup: 16296 ns, At safepoint: 6353 ns, Total: 95294 ns
[2025-03-19T14:21:57.862+0000][1093.503s][debug][safepoint   ] Safepoint synchronization initiated using futex wait barrier. (205 threads)
[2025-03-19T14:21:57.862+0000][1093.503s][info ][safepoint   ] Safepoint "Cleanup", Time since last: 2000185628 ns, Reaching safepoint: 59908 ns, Cleanup: 12238 ns, At safepoint: 3636 ns, Total: 75782 ns
[2025-03-19T14:21:59.862+0000][1095.503s][debug][safepoint   ] Safepoint synchronization initiated using futex wait barrier. (205 threads)
[2025-03-19T14:21:59.862+0000][1095.503s][info ][safepoint   ] Safepoint "Cleanup", Time since last: 2000185490 ns, Reaching safepoint: 102606 ns, Cleanup: 27457 ns, At safepoint: 6728 ns, Total: 136791 ns
[2025-03-19T14:22:01.863+0000][1097.504s][debug][safepoint   ] Safepoint synchronization initiated using futex wait barrier. (205 threads)
[2025-03-19T14:22:01.863+0000][1097.504s][info ][safepoint   ] Safepoint "Cleanup", Time since last: 2000159427 ns, Reaching safepoint: 44714 ns, Cleanup: 10314 ns, At safepoint: 2103 ns, Total: 57131 ns
[2025-03-19T14:22:09.863+0000][1105.504s][debug][safepoint   ] Safepoint synchronization initiated using futex wait barrier. (205 threads)
[2025-03-19T14:22:09.863+0000][1105.504s][info ][safepoint   ] Safepoint "Cleanup", Time since last: 8000633655 ns, Reaching safepoint: 119311 ns, Cleanup: 19340 ns, At safepoint: 7276 ns, Total: 145927 ns
[2025-03-19T14:22:21.864+0000][1117.505s][debug][safepoint   ] Safepoint synchronization initiated using futex wait barrier. (205 threads)
[2025-03-19T14:22:21.864+0000][1117.505s][info ][safepoint   ] Safepoint "Cleanup", Time since last: 12000949768 ns, Reaching safepoint: 107935 ns, Cleanup: 22078 ns, At safepoint: 5656 ns, Total: 135669 ns
[2025-03-19T14:22:32.867+0000][1128.508s][debug][safepoint   ] Safepoint synchronization initiated using futex wait barrier. (205 threads)
[2025-03-19T14:22:32.867+0000][1128.508s][info ][safepoint   ] Safepoint "Cleanup", Time since last: 11002423365 ns, Reaching safepoint: 105200 ns, Cleanup: 32759 ns, At safepoint: 6040 ns, Total: 143999 ns
[2025-03-19T14:22:36.237+0000][1131.878s][debug][safepoint   ] Safepoint synchronization initiated using futex wait barrier. (205 threads)
[2025-03-19T14:22:36.237+0000][1131.878s][info ][gc,start    ] GC(86) Pause Young (Normal) (G1 Evacuation Pause)
[2025-03-19T14:22:36.237+0000][1131.878s][info ][gc,task     ] GC(86) Using 4 workers of 4 for evacuation
[2025-03-19T14:22:36.253+0000][1131.894s][info ][gc,phases   ] GC(86)   Pre Evacuate Collection Set: 0.2ms
[2025-03-19T14:22:36.253+0000][1131.894s][info ][gc,phases   ] GC(86)   Merge Heap Roots: 0.2ms
[2025-03-19T14:22:36.253+0000][1131.894s][info ][gc,phases   ] GC(86)   Evacuate Collection Set: 14.7ms
[2025-03-19T14:22:36.253+0000][1131.894s][info ][gc,phases   ] GC(86)   Post Evacuate Collection Set: 0.9ms
[2025-03-19T14:22:36.253+0000][1131.894s][info ][gc,phases   ] GC(86)   Other: 0.2ms
[2025-03-19T14:22:36.253+0000][1131.894s][info ][gc,heap     ] GC(86) Eden regions: 180->0(180)
[2025-03-19T14:22:36.253+0000][1131.894s][info ][gc,heap     ] GC(86) Survivor regions: 12->12(24)
[2025-03-19T14:22:36.253+0000][1131.894s][info ][gc,heap     ] GC(86) Old regions: 178->178
[2025-03-19T14:22:36.253+0000][1131.894s][info ][gc,heap     ] GC(86) Archive regions: 2->2
[2025-03-19T14:22:36.253+0000][1131.894s][info ][gc,heap     ] GC(86) Humongous regions: 2->2
[2025-03-19T14:22:36.253+0000][1131.894s][info ][gc,metaspace] GC(86) Metaspace: 190763K(192192K)->190763K(192192K) NonClass: 167644K(168384K)->167644K(168384K) Class: 23119K(23808K)->23119K(23808K)
[2025-03-19T14:22:36.253+0000][1131.894s][info ][gc          ] GC(86) Pause Young (Normal) (G1 Evacuation Pause) 372M->191M(429M) 16.195ms
[2025-03-19T14:22:36.253+0000][1131.894s][info ][gc,cpu      ] GC(86) User=0.06s Sys=0.00s Real=0.02s
[2025-03-19T14:22:36.253+0000][1131.894s][info ][safepoint   ] Safepoint "G1CollectForAllocation", Time since last: 3369841053 ns, Reaching safepoint: 67656 ns, Cleanup: 6130 ns, At safepoint: 16369391 ns, Total: 16443177 ns
[2025-03-19T14:22:42.254+0000][1137.895s][debug][safepoint   ] Safepoint synchronization initiated using futex wait barrier. (205 threads)
[2025-03-19T14:22:42.254+0000][1137.895s][info ][safepoint   ] Safepoint "Cleanup", Time since last: 6000417719 ns, Reaching safepoint: 100901 ns, Cleanup: 27633 ns, At safepoint: 33124 ns, Total: 161658 ns
[2025-03-19T14:22:44.254+0000][1139.895s][debug][safepoint   ] Safepoint synchronization initiated using futex wait barrier. (204 threads)
[2025-03-19T14:22:44.254+0000][1139.895s][info ][safepoint   ] Safepoint "Cleanup", Time since last: 2000179837 ns, Reaching safepoint: 85828 ns, Cleanup: 19650 ns, At safepoint: 6611 ns, Total: 112089 ns
[2025-03-19T14:23:07.462+0000][1163.103s][debug][safepoint   ] Safepoint synchronization initiated using futex wait barrier. (204 threads)
[2025-03-19T14:23:07.462+0000][1163.103s][info ][safepoint   ] Safepoint "Cleanup", Time since last: 23207542448 ns, Reaching safepoint: 54934 ns, Cleanup: 67914 ns, At safepoint: 2537 ns, Total: 125385 ns
[2025-03-19T14:23:16.464+0000][1172.105s][debug][safepoint   ] Safepoint synchronization initiated using futex wait barrier. (204 threads)
[2025-03-19T14:23:16.464+0000][1172.105s][info ][safepoint   ] Safepoint "Cleanup", Time since last: 9002526805 ns, Reaching safepoint: 57871 ns, Cleanup: 9097 ns, At safepoint: 2110 ns, Total: 69078 ns
[2025-03-19T14:23:20.465+0000][1176.106s][debug][safepoint   ] Safepoint synchronization initiated using futex wait barrier. (204 threads)
[2025-03-19T14:23:20.465+0000][1176.106s][info ][safepoint   ] Safepoint "Cleanup", Time since last: 4000756841 ns, Reaching safepoint: 73991 ns, Cleanup: 26063 ns, At safepoint: 9590 ns, Total: 109644 ns
[2025-03-19T14:23:23.466+0000][1179.107s][debug][safepoint   ] Safepoint synchronization initiated using futex wait barrier. (204 threads)
[2025-03-19T14:23:23.466+0000][1179.107s][info ][safepoint   ] Safepoint "Cleanup", Time since last: 3000297086 ns, Reaching safepoint: 113132 ns, Cleanup: 21314 ns, At safepoint: 18574 ns, Total: 153020 ns
[2025-03-19T14:23:28.466+0000][1184.107s][debug][safepoint   ] Safepoint synchronization initiated using futex wait barrier. (204 threads)
[2025-03-19T14:23:28.466+0000][1184.107s][info ][safepoint   ] Safepoint "Cleanup", Time since last: 5000497727 ns, Reaching safepoint: 109061 ns, Cleanup: 17364 ns, At safepoint: 7008 ns, Total: 133433 ns
[2025-03-19T14:23:39.467+0000][1195.108s][debug][safepoint   ] Safepoint synchronization initiated using futex wait barrier. (204 threads)
[2025-03-19T14:23:39.467+0000][1195.108s][info ][safepoint   ] Safepoint "Cleanup", Time since last: 11000996580 ns, Reaching safepoint: 90331 ns, Cleanup: 16108 ns, At safepoint: 7002 ns, Total: 113441 ns
[2025-03-19T14:24:11.901+0000][1227.542s][debug][safepoint   ] Safepoint synchronization initiated using futex wait barrier. (204 threads)
[2025-03-19T14:24:11.901+0000][1227.542s][info ][safepoint   ] Safepoint "Cleanup", Time since last: 32433888661 ns, Reaching safepoint: 62892 ns, Cleanup: 16408 ns, At safepoint: 3718 ns, Total: 83018 ns
[2025-03-19T14:24:19.902+0000][1235.543s][debug][safepoint   ] Safepoint synchronization initiated using futex wait barrier. (204 threads)
[2025-03-19T14:24:19.902+0000][1235.543s][info ][safepoint   ] Safepoint "Cleanup", Time since last: 8000613985 ns, Reaching safepoint: 73706 ns, Cleanup: 15022 ns, At safepoint: 5660 ns, Total: 94388 ns
[2025-03-19T14:24:21.902+0000][1237.543s][debug][safepoint   ] Safepoint synchronization initiated using futex wait barrier. (204 threads)
[2025-03-19T14:24:21.903+0000][1237.544s][info ][safepoint   ] Safepoint "Cleanup", Time since last: 2000285748 ns, Reaching safepoint: 96608 ns, Cleanup: 20570 ns, At safepoint: 7396 ns, Total: 124574 ns
[2025-03-19T14:24:23.903+0000][1239.544s][debug][safepoint   ] Safepoint synchronization initiated using futex wait barrier. (204 threads)
[2025-03-19T14:24:23.903+0000][1239.544s][info ][safepoint   ] Safepoint "Cleanup", Time since last: 2000193947 ns, Reaching safepoint: 85023 ns, Cleanup: 16613 ns, At safepoint: 6194 ns, Total: 107830 ns
[2025-03-19T14:24:24.903+0000][1240.544s][debug][safepoint   ] Safepoint synchronization initiated using futex wait barrier. (204 threads)
[2025-03-19T14:24:24.903+0000][1240.544s][info ][safepoint   ] Safepoint "Cleanup", Time since last: 1000171420 ns, Reaching safepoint: 52316 ns, Cleanup: 10183 ns, At safepoint: 3054 ns, Total: 65553 ns
[2025-03-19T14:24:26.903+0000][1242.544s][debug][safepoint   ] Safepoint synchronization initiated using futex wait barrier. (204 threads)
[2025-03-19T14:24:26.903+0000][1242.544s][info ][safepoint   ] Safepoint "Cleanup", Time since last: 2000133094 ns, Reaching safepoint: 67762 ns, Cleanup: 10527 ns, At safepoint: 3800 ns, Total: 82089 ns
[2025-03-19T14:24:30.540+0000][1246.181s][debug][safepoint   ] Safepoint synchronization initiated using futex wait barrier. (204 threads)
[2025-03-19T14:24:30.541+0000][1246.182s][info ][safepoint   ] Safepoint "Cleanup", Time since last: 3637111774 ns, Reaching safepoint: 70072 ns, Cleanup: 20221 ns, At safepoint: 2889 ns, Total: 93182 ns
[2025-03-19T14:24:35.542+0000][1251.183s][debug][safepoint   ] Safepoint synchronization initiated using futex wait barrier. (204 threads)
[2025-03-19T14:24:35.542+0000][1251.183s][info ][safepoint   ] Safepoint "Cleanup", Time since last: 5001598926 ns, Reaching safepoint: 58566 ns, Cleanup: 11802 ns, At safepoint: 2581 ns, Total: 72949 ns
[2025-03-19T14:24:42.543+0000][1258.184s][debug][safepoint   ] Safepoint synchronization initiated using futex wait barrier. (204 threads)
[2025-03-19T14:24:42.543+0000][1258.184s][info ][safepoint   ] Safepoint "Cleanup", Time since last: 7000631576 ns, Reaching safepoint: 54182 ns, Cleanup: 12909 ns, At safepoint: 3067 ns, Total: 70158 ns
[2025-03-19T14:24:53.922+0000][1269.563s][debug][safepoint   ] Safepoint synchronization initiated using futex wait barrier. (205 threads)
[2025-03-19T14:24:53.922+0000][1269.563s][info ][safepoint   ] Safepoint "Cleanup", Time since last: 11379250074 ns, Reaching safepoint: 41724 ns, Cleanup: 8683 ns, At safepoint: 2379 ns, Total: 52786 ns
[2025-03-19T14:25:01.923+0000][1277.564s][debug][safepoint   ] Safepoint synchronization initiated using futex wait barrier. (205 threads)
[2025-03-19T14:25:01.923+0000][1277.564s][info ][safepoint   ] Safepoint "Cleanup", Time since last: 8000614457 ns, Reaching safepoint: 76532 ns, Cleanup: 19945 ns, At safepoint: 8400 ns, Total: 104877 ns
[2025-03-19T14:25:02.073+0000][1277.714s][debug][safepoint   ] Safepoint synchronization initiated using futex wait barrier. (205 threads)
[2025-03-19T14:25:02.073+0000][1277.714s][info ][gc,start    ] GC(87) Pause Young (Normal) (G1 Evacuation Pause)
[2025-03-19T14:25:02.073+0000][1277.714s][info ][gc,task     ] GC(87) Using 4 workers of 4 for evacuation
[2025-03-19T14:25:02.084+0000][1277.725s][info ][gc,phases   ] GC(87)   Pre Evacuate Collection Set: 0.1ms
[2025-03-19T14:25:02.084+0000][1277.725s][info ][gc,phases   ] GC(87)   Merge Heap Roots: 0.1ms
[2025-03-19T14:25:02.084+0000][1277.725s][info ][gc,phases   ] GC(87)   Evacuate Collection Set: 9.3ms
[2025-03-19T14:25:02.084+0000][1277.725s][info ][gc,phases   ] GC(87)   Post Evacuate Collection Set: 0.9ms
[2025-03-19T14:25:02.084+0000][1277.725s][info ][gc,phases   ] GC(87)   Other: 0.1ms
[2025-03-19T14:25:02.084+0000][1277.725s][info ][gc,heap     ] GC(87) Eden regions: 180->0(184)
[2025-03-19T14:25:02.084+0000][1277.725s][info ][gc,heap     ] GC(87) Survivor regions: 12->8(24)
[2025-03-19T14:25:02.084+0000][1277.725s][info ][gc,heap     ] GC(87) Old regions: 178->182
[2025-03-19T14:25:02.084+0000][1277.725s][info ][gc,heap     ] GC(87) Archive regions: 2->2
[2025-03-19T14:25:02.084+0000][1277.725s][info ][gc,heap     ] GC(87) Humongous regions: 2->2
[2025-03-19T14:25:02.084+0000][1277.725s][info ][gc,metaspace] GC(87) Metaspace: 190997K(192384K)->190997K(192384K) NonClass: 167876K(168576K)->167876K(168576K) Class: 23120K(23808K)->23120K(23808K)
[2025-03-19T14:25:02.084+0000][1277.725s][info ][gc          ] GC(87) Pause Young (Normal) (G1 Evacuation Pause) 371M->192M(429M) 10.469ms
[2025-03-19T14:25:02.084+0000][1277.725s][info ][gc,cpu      ] GC(87) User=0.04s Sys=0.00s Real=0.01s
[2025-03-19T14:25:02.084+0000][1277.725s][info ][safepoint   ] Safepoint "G1CollectForAllocation", Time since last: 150396516 ns, Reaching safepoint: 38791 ns, Cleanup: 3944 ns, At safepoint: 10596801 ns, Total: 10639536 ns
[2025-03-19T14:25:07.084+0000][1282.725s][debug][safepoint   ] Safepoint synchronization initiated using futex wait barrier. (205 threads)
[2025-03-19T14:25:07.084+0000][1282.725s][info ][safepoint   ] Safepoint "Cleanup", Time since last: 5000356705 ns, Reaching safepoint: 49381 ns, Cleanup: 9951 ns, At safepoint: 2362 ns, Total: 61694 ns
[2025-03-19T14:25:10.085+0000][1285.726s][debug][safepoint   ] Safepoint synchronization initiated using futex wait barrier. (205 threads)
[2025-03-19T14:25:10.085+0000][1285.726s][info ][safepoint   ] Safepoint "Cleanup", Time since last: 3000190860 ns, Reaching safepoint: 92099 ns, Cleanup: 18231 ns, At safepoint: 3143 ns, Total: 113473 ns
[2025-03-19T14:25:22.086+0000][1297.727s][debug][safepoint   ] Safepoint synchronization initiated using futex wait barrier. (205 threads)
[2025-03-19T14:25:22.086+0000][1297.727s][info ][safepoint   ] Safepoint "Cleanup", Time since last: 12001366648 ns, Reaching safepoint: 58295 ns, Cleanup: 14692 ns, At safepoint: 2060 ns, Total: 75047 ns
[2025-03-19T14:25:24.086+0000][1299.727s][debug][safepoint   ] Safepoint synchronization initiated using futex wait barrier. (205 threads)
[2025-03-19T14:25:24.086+0000][1299.727s][info ][safepoint   ] Safepoint "Cleanup", Time since last: 2000161316 ns, Reaching safepoint: 75915 ns, Cleanup: 15068 ns, At safepoint: 5590 ns, Total: 96573 ns
[2025-03-19T14:25:49.942+0000][1325.583s][debug][safepoint   ] Safepoint synchronization initiated using futex wait barrier. (205 threads)
[2025-03-19T14:25:49.942+0000][1325.583s][info ][safepoint   ] Safepoint "Cleanup", Time since last: 25856044856 ns, Reaching safepoint: 52840 ns, Cleanup: 11635 ns, At safepoint: 2189 ns, Total: 66664 ns
[2025-03-19T14:25:51.943+0000][1327.584s][debug][safepoint   ] Safepoint synchronization initiated using futex wait barrier. (205 threads)
[2025-03-19T14:25:51.943+0000][1327.584s][info ][safepoint   ] Safepoint "Cleanup", Time since last: 2000137624 ns, Reaching safepoint: 76846 ns, Cleanup: 17059 ns, At safepoint: 6761 ns, Total: 100666 ns
[2025-03-19T14:25:52.943+0000][1328.584s][debug][safepoint   ] Safepoint synchronization initiated using futex wait barrier. (205 threads)
[2025-03-19T14:25:52.943+0000][1328.584s][info ][safepoint   ] Safepoint "Cleanup", Time since last: 1000084604 ns, Reaching safepoint: 37906 ns, Cleanup: 10352 ns, At safepoint: 2618 ns, Total: 50876 ns
[2025-03-19T14:25:56.943+0000][1332.584s][debug][safepoint   ] Safepoint synchronization initiated using futex wait barrier. (205 threads)
[2025-03-19T14:25:56.943+0000][1332.584s][info ][safepoint   ] Safepoint "Cleanup", Time since last: 4000349762 ns, Reaching safepoint: 96596 ns, Cleanup: 18480 ns, At safepoint: 6289 ns, Total: 121365 ns
[2025-03-19T14:25:59.944+0000][1335.585s][debug][safepoint   ] Safepoint synchronization initiated using futex wait barrier. (205 threads)
[2025-03-19T14:25:59.944+0000][1335.585s][info ][safepoint   ] Safepoint "Cleanup", Time since last: 3000239831 ns, Reaching safepoint: 79351 ns, Cleanup: 15710 ns, At safepoint: 5518 ns, Total: 100579 ns
[2025-03-19T14:26:22.946+0000][1358.587s][debug][safepoint   ] Safepoint synchronization initiated using futex wait barrier. (205 threads)
[2025-03-19T14:26:22.946+0000][1358.587s][info ][safepoint   ] Safepoint "Cleanup", Time since last: 23001998070 ns, Reaching safepoint: 81150 ns, Cleanup: 15047 ns, At safepoint: 4803 ns, Total: 101000 ns
[2025-03-19T14:26:26.946+0000][1362.587s][debug][safepoint   ] Safepoint synchronization initiated using futex wait barrier. (205 threads)
[2025-03-19T14:26:26.946+0000][1362.587s][info ][safepoint   ] Safepoint "Cleanup", Time since last: 4000319940 ns, Reaching safepoint: 70827 ns, Cleanup: 15016 ns, At safepoint: 4508 ns, Total: 90351 ns
[2025-03-19T14:26:32.947+0000][1368.588s][debug][safepoint   ] Safepoint synchronization initiated using futex wait barrier. (205 threads)
[2025-03-19T14:26:32.947+0000][1368.588s][info ][safepoint   ] Safepoint "Cleanup", Time since last: 6000684038 ns, Reaching safepoint: 89047 ns, Cleanup: 16076 ns, At safepoint: 6112 ns, Total: 111235 ns
[2025-03-19T14:26:36.241+0000][1371.882s][debug][safepoint   ] Safepoint synchronization initiated using futex wait barrier. (205 threads)
[2025-03-19T14:26:36.241+0000][1371.882s][info ][safepoint   ] Safepoint "Cleanup", Time since last: 3294090801 ns, Reaching safepoint: 86357 ns, Cleanup: 23890 ns, At safepoint: 7195 ns, Total: 117442 ns
[2025-03-19T14:26:53.964+0000][1389.605s][debug][safepoint   ] Safepoint synchronization initiated using futex wait barrier. (205 threads)
[2025-03-19T14:26:53.964+0000][1389.605s][info ][safepoint   ] Safepoint "Cleanup", Time since last: 17722616067 ns, Reaching safepoint: 90684 ns, Cleanup: 16828 ns, At safepoint: 6395 ns, Total: 113907 ns
[2025-03-19T14:27:23.966+0000][1419.607s][debug][safepoint   ] Safepoint synchronization initiated using futex wait barrier. (205 threads)
[2025-03-19T14:27:23.966+0000][1419.607s][info ][safepoint   ] Safepoint "Cleanup", Time since last: 30002268515 ns, Reaching safepoint: 45309 ns, Cleanup: 8768 ns, At safepoint: 2245 ns, Total: 56322 ns
[2025-03-19T14:27:31.010+0000][1426.651s][debug][safepoint   ] Safepoint synchronization initiated using futex wait barrier. (205 threads)
[2025-03-19T14:27:31.010+0000][1426.651s][info ][gc,start    ] GC(88) Pause Young (Normal) (G1 Evacuation Pause)
[2025-03-19T14:27:31.010+0000][1426.651s][info ][gc,task     ] GC(88) Using 4 workers of 4 for evacuation
[2025-03-19T14:27:31.029+0000][1426.670s][info ][gc,phases   ] GC(88)   Pre Evacuate Collection Set: 0.3ms
[2025-03-19T14:27:31.029+0000][1426.670s][info ][gc,phases   ] GC(88)   Merge Heap Roots: 0.3ms
[2025-03-19T14:27:31.029+0000][1426.670s][info ][gc,phases   ] GC(88)   Evacuate Collection Set: 17.0ms
[2025-03-19T14:27:31.029+0000][1426.670s][info ][gc,phases   ] GC(88)   Post Evacuate Collection Set: 1.3ms
[2025-03-19T14:27:31.029+0000][1426.670s][info ][gc,phases   ] GC(88)   Other: 0.3ms
[2025-03-19T14:27:31.029+0000][1426.670s][info ][gc,heap     ] GC(88) Eden regions: 184->0(184)
[2025-03-19T14:27:31.029+0000][1426.670s][info ][gc,heap     ] GC(88) Survivor regions: 8->7(24)
[2025-03-19T14:27:31.029+0000][1426.670s][info ][gc,heap     ] GC(88) Old regions: 182->184
[2025-03-19T14:27:31.029+0000][1426.670s][info ][gc,heap     ] GC(88) Archive regions: 2->2
[2025-03-19T14:27:31.029+0000][1426.670s][info ][gc,heap     ] GC(88) Humongous regions: 2->2
[2025-03-19T14:27:31.029+0000][1426.670s][info ][gc,metaspace] GC(88) Metaspace: 191069K(192448K)->191069K(192448K) NonClass: 167947K(168640K)->167947K(168640K) Class: 23121K(23808K)->23121K(23808K)
[2025-03-19T14:27:31.029+0000][1426.670s][info ][gc          ] GC(88) Pause Young (Normal) (G1 Evacuation Pause) 376M->192M(429M) 19.145ms
[2025-03-19T14:27:31.029+0000][1426.670s][info ][gc,cpu      ] GC(88) User=0.07s Sys=0.00s Real=0.02s
[2025-03-19T14:27:31.029+0000][1426.670s][info ][safepoint   ] Safepoint "G1CollectForAllocation", Time since last: 7043768788 ns, Reaching safepoint: 90063 ns, Cleanup: 7823 ns, At safepoint: 19300467 ns, Total: 19398353 ns
[2025-03-19T14:27:32.030+0000][1427.671s][debug][safepoint   ] Safepoint synchronization initiated using futex wait barrier. (205 threads)
[2025-03-19T14:27:32.030+0000][1427.671s][info ][safepoint   ] Safepoint "Cleanup", Time since last: 1000097331 ns, Reaching safepoint: 131275 ns, Cleanup: 21466 ns, At safepoint: 6041 ns, Total: 158782 ns
[2025-03-19T14:27:33.030+0000][1428.671s][debug][safepoint   ] Safepoint synchronization initiated using futex wait barrier. (205 threads)
[2025-03-19T14:27:33.030+0000][1428.671s][info ][safepoint   ] Safepoint "Cleanup", Time since last: 1000077277 ns, Reaching safepoint: 46675 ns, Cleanup: 10726 ns, At safepoint: 2412 ns, Total: 59813 ns
[2025-03-19T14:27:35.030+0000][1430.671s][debug][safepoint   ] Safepoint synchronization initiated using futex wait barrier. (205 threads)
[2025-03-19T14:27:35.030+0000][1430.671s][info ][safepoint   ] Safepoint "Cleanup", Time since last: 2000211317 ns, Reaching safepoint: 78834 ns, Cleanup: 18283 ns, At safepoint: 6867 ns, Total: 103984 ns
[2025-03-19T14:27:44.983+0000][1440.624s][debug][safepoint   ] Safepoint synchronization initiated using futex wait barrier. (205 threads)
[2025-03-19T14:27:44.983+0000][1440.624s][info ][safepoint   ] Safepoint "Cleanup", Time since last: 9953192679 ns, Reaching safepoint: 76088 ns, Cleanup: 14257 ns, At safepoint: 4498 ns, Total: 94843 ns
[2025-03-19T14:27:56.985+0000][1452.626s][debug][safepoint   ] Safepoint synchronization initiated using futex wait barrier. (205 threads)
[2025-03-19T14:27:56.985+0000][1452.626s][info ][safepoint   ] Safepoint "Cleanup", Time since last: 12001104961 ns, Reaching safepoint: 80601 ns, Cleanup: 15763 ns, At safepoint: 5029 ns, Total: 101393 ns
[2025-03-19T14:27:59.985+0000][1455.626s][debug][safepoint   ] Safepoint synchronization initiated using futex wait barrier. (205 threads)
[2025-03-19T14:27:59.985+0000][1455.626s][info ][safepoint   ] Safepoint "Cleanup", Time since last: 3000261734 ns, Reaching safepoint: 80128 ns, Cleanup: 17386 ns, At safepoint: 6069 ns, Total: 103583 ns
[2025-03-19T14:28:02.985+0000][1458.626s][debug][safepoint   ] Safepoint synchronization initiated using futex wait barrier. (205 threads)
[2025-03-19T14:28:02.985+0000][1458.626s][info ][safepoint   ] Safepoint "Cleanup", Time since last: 3000280969 ns, Reaching safepoint: 80972 ns, Cleanup: 16384 ns, At safepoint: 2556 ns, Total: 99912 ns
[2025-03-19T14:28:09.986+0000][1465.627s][debug][safepoint   ] Safepoint synchronization initiated using futex wait barrier. (205 threads)
[2025-03-19T14:28:09.986+0000][1465.627s][info ][safepoint   ] Safepoint "Cleanup", Time since last: 7000621628 ns, Reaching safepoint: 74731 ns, Cleanup: 15024 ns, At safepoint: 8009 ns, Total: 97764 ns
[2025-03-19T14:28:34.988+0000][1490.629s][debug][safepoint   ] Safepoint synchronization initiated using futex wait barrier. (205 threads)
[2025-03-19T14:28:34.988+0000][1490.629s][info ][safepoint   ] Safepoint "Cleanup", Time since last: 25002022646 ns, Reaching safepoint: 83117 ns, Cleanup: 16037 ns, At safepoint: 7128 ns, Total: 106282 ns
[2025-03-19T14:28:36.988+0000][1492.629s][debug][safepoint   ] Safepoint synchronization initiated using futex wait barrier. (205 threads)
[2025-03-19T14:28:36.989+0000][1492.630s][info ][safepoint   ] Safepoint "Cleanup", Time since last: 2000264459 ns, Reaching safepoint: 84375 ns, Cleanup: 19711 ns, At safepoint: 6960 ns, Total: 111046 ns
[2025-03-19T14:28:50.005+0000][1505.646s][debug][safepoint   ] Safepoint synchronization initiated using futex wait barrier. (205 threads)
[2025-03-19T14:28:50.005+0000][1505.646s][info ][safepoint   ] Safepoint "Cleanup", Time since last: 13016726832 ns, Reaching safepoint: 69670 ns, Cleanup: 10738 ns, At safepoint: 3410 ns, Total: 83818 ns
[2025-03-19T14:29:00.006+0000][1515.647s][debug][safepoint   ] Safepoint synchronization initiated using futex wait barrier. (205 threads)
[2025-03-19T14:29:00.006+0000][1515.647s][info ][safepoint   ] Safepoint "Cleanup", Time since last: 10000806656 ns, Reaching safepoint: 98931 ns, Cleanup: 20837 ns, At safepoint: 5412 ns, Total: 125180 ns
[2025-03-19T14:29:03.007+0000][1518.648s][debug][safepoint   ] Safepoint synchronization initiated using futex wait barrier. (205 threads)
[2025-03-19T14:29:03.007+0000][1518.648s][info ][safepoint   ] Safepoint "Cleanup", Time since last: 3000234952 ns, Reaching safepoint: 81436 ns, Cleanup: 16993 ns, At safepoint: 6166 ns, Total: 104595 ns
[2025-03-19T14:29:06.007+0000][1521.648s][debug][safepoint   ] Safepoint synchronization initiated using futex wait barrier. (205 threads)
[2025-03-19T14:29:06.007+0000][1521.648s][info ][safepoint   ] Safepoint "Cleanup", Time since last: 3000267016 ns, Reaching safepoint: 82647 ns, Cleanup: 16900 ns, At safepoint: 6281 ns, Total: 105828 ns
[2025-03-19T14:29:15.008+0000][1530.649s][debug][safepoint   ] Safepoint synchronization initiated using futex wait barrier. (205 threads)
[2025-03-19T14:29:15.008+0000][1530.649s][info ][safepoint   ] Safepoint "Cleanup", Time since last: 9000791255 ns, Reaching safepoint: 82855 ns, Cleanup: 16865 ns, At safepoint: 5247 ns, Total: 104967 ns
[2025-03-19T14:29:22.009+0000][1537.650s][debug][safepoint   ] Safepoint synchronization initiated using futex wait barrier. (204 threads)
[2025-03-19T14:29:22.009+0000][1537.650s][info ][safepoint   ] Safepoint "Cleanup", Time since last: 7000763516 ns, Reaching safepoint: 89920 ns, Cleanup: 17449 ns, At safepoint: 8702 ns, Total: 116071 ns
[2025-03-19T14:29:33.010+0000][1548.651s][debug][safepoint   ] Safepoint synchronization initiated using futex wait barrier. (205 threads)
[2025-03-19T14:29:33.010+0000][1548.651s][info ][safepoint   ] Safepoint "Cleanup", Time since last: 11000878162 ns, Reaching safepoint: 78714 ns, Cleanup: 18567 ns, At safepoint: 5457 ns, Total: 102738 ns
[2025-03-19T14:29:42.011+0000][1557.652s][debug][safepoint   ] Safepoint synchronization initiated using futex wait barrier. (205 threads)
[2025-03-19T14:29:42.011+0000][1557.652s][info ][safepoint   ] Safepoint "Cleanup", Time since last: 9000738465 ns, Reaching safepoint: 73516 ns, Cleanup: 24279 ns, At safepoint: 5218 ns, Total: 103013 ns
[2025-03-19T14:29:52.029+0000][1567.670s][debug][safepoint   ] Safepoint synchronization initiated using futex wait barrier. (205 threads)
[2025-03-19T14:29:52.029+0000][1567.670s][info ][safepoint   ] Safepoint "Cleanup", Time since last: 10018008926 ns, Reaching safepoint: 46871 ns, Cleanup: 12304 ns, At safepoint: 2080 ns, Total: 61255 ns
[2025-03-19T14:29:59.992+0000][1575.633s][debug][safepoint   ] Safepoint synchronization initiated using futex wait barrier. (205 threads)
[2025-03-19T14:29:59.992+0000][1575.633s][info ][gc,start    ] GC(89) Pause Young (Normal) (G1 Evacuation Pause)
[2025-03-19T14:29:59.992+0000][1575.633s][info ][gc,task     ] GC(89) Using 4 workers of 4 for evacuation
[2025-03-19T14:30:00.009+0000][1575.650s][info ][gc,phases   ] GC(89)   Pre Evacuate Collection Set: 0.2ms
[2025-03-19T14:30:00.009+0000][1575.650s][info ][gc,phases   ] GC(89)   Merge Heap Roots: 0.2ms
[2025-03-19T14:30:00.009+0000][1575.650s][info ][gc,phases   ] GC(89)   Evacuate Collection Set: 14.7ms
[2025-03-19T14:30:00.009+0000][1575.650s][info ][gc,phases   ] GC(89)   Post Evacuate Collection Set: 2.0ms
[2025-03-19T14:30:00.009+0000][1575.650s][info ][gc,phases   ] GC(89)   Other: 0.2ms
[2025-03-19T14:30:00.009+0000][1575.650s][info ][gc,heap     ] GC(89) Eden regions: 184->0(190)
[2025-03-19T14:30:00.009+0000][1575.650s][info ][gc,heap     ] GC(89) Survivor regions: 7->1(24)
[2025-03-19T14:30:00.009+0000][1575.650s][info ][gc,heap     ] GC(89) Old regions: 184->189
[2025-03-19T14:30:00.009+0000][1575.650s][info ][gc,heap     ] GC(89) Archive regions: 2->2
[2025-03-19T14:30:00.009+0000][1575.650s][info ][gc,heap     ] GC(89) Humongous regions: 2->2
[2025-03-19T14:30:00.009+0000][1575.650s][info ][gc,metaspace] GC(89) Metaspace: 191119K(192512K)->191119K(192512K) NonClass: 167997K(168704K)->167997K(168704K) Class: 23121K(23808K)->23121K(23808K)
[2025-03-19T14:30:00.009+0000][1575.650s][info ][gc          ] GC(89) Pause Young (Normal) (G1 Evacuation Pause) 376M->192M(429M) 17.253ms
[2025-03-19T14:30:00.009+0000][1575.650s][info ][gc,cpu      ] GC(89) User=0.06s Sys=0.00s Real=0.02s
[2025-03-19T14:30:00.009+0000][1575.650s][info ][safepoint   ] Safepoint "G1CollectForAllocation", Time since last: 7962827404 ns, Reaching safepoint: 79699 ns, Cleanup: 6290 ns, At safepoint: 17515159 ns, Total: 17601148 ns
[2025-03-19T14:30:33.012+0000][1608.653s][debug][safepoint   ] Safepoint synchronization initiated using futex wait barrier. (205 threads)
[2025-03-19T14:30:33.012+0000][1608.653s][info ][safepoint   ] Safepoint "Cleanup", Time since last: 33002487821 ns, Reaching safepoint: 87722 ns, Cleanup: 17963 ns, At safepoint: 6709 ns, Total: 112394 ns
[2025-03-19T14:30:43.013+0000][1618.653s][debug][safepoint   ] Safepoint synchronization initiated using futex wait barrier. (205 threads)
[2025-03-19T14:30:43.013+0000][1618.654s][info ][safepoint   ] Safepoint "Cleanup", Time since last: 10000758399 ns, Reaching safepoint: 78051 ns, Cleanup: 16896 ns, At safepoint: 4997 ns, Total: 99944 ns
[2025-03-19T14:30:45.013+0000][1620.654s][debug][safepoint   ] Safepoint synchronization initiated using futex wait barrier. (205 threads)
[2025-03-19T14:30:45.013+0000][1620.654s][info ][safepoint   ] Safepoint "Cleanup", Time since last: 2000180681 ns, Reaching safepoint: 81964 ns, Cleanup: 16709 ns, At safepoint: 6739 ns, Total: 105412 ns
[2025-03-19T14:30:53.051+0000][1628.692s][debug][safepoint   ] Safepoint synchronization initiated using futex wait barrier. (205 threads)
[2025-03-19T14:30:53.052+0000][1628.693s][info ][safepoint   ] Safepoint "Cleanup", Time since last: 8038525564 ns, Reaching safepoint: 83663 ns, Cleanup: 20035 ns, At safepoint: 7927 ns, Total: 111625 ns
[2025-03-19T14:30:58.052+0000][1633.693s][debug][safepoint   ] Safepoint synchronization initiated using futex wait barrier. (205 threads)
[2025-03-19T14:30:58.052+0000][1633.693s][info ][safepoint   ] Safepoint "Cleanup", Time since last: 5000406496 ns, Reaching safepoint: 62195 ns, Cleanup: 11018 ns, At safepoint: 3129 ns, Total: 76342 ns
[2025-03-19T14:31:00.052+0000][1635.693s][debug][safepoint   ] Safepoint synchronization initiated using futex wait barrier. (205 threads)
[2025-03-19T14:31:00.052+0000][1635.693s][info ][safepoint   ] Safepoint "Cleanup", Time since last: 2000189870 ns, Reaching safepoint: 94923 ns, Cleanup: 17329 ns, At safepoint: 6802 ns, Total: 119054 ns
[2025-03-19T14:31:05.053+0000][1640.694s][debug][safepoint   ] Safepoint synchronization initiated using futex wait barrier. (205 threads)
[2025-03-19T14:31:05.053+0000][1640.694s][info ][safepoint   ] Safepoint "Cleanup", Time since last: 5000347344 ns, Reaching safepoint: 105077 ns, Cleanup: 24124 ns, At safepoint: 7172 ns, Total: 136373 ns
[2025-03-19T14:31:13.053+0000][1648.694s][debug][safepoint   ] Safepoint synchronization initiated using futex wait barrier. (205 threads)
[2025-03-19T14:31:13.054+0000][1648.695s][info ][safepoint   ] Safepoint "Cleanup", Time since last: 8000620365 ns, Reaching safepoint: 85259 ns, Cleanup: 16048 ns, At safepoint: 6924 ns, Total: 108231 ns
[2025-03-19T14:31:15.054+0000][1650.695s][debug][safepoint   ] Safepoint synchronization initiated using futex wait barrier. (205 threads)
[2025-03-19T14:31:15.054+0000][1650.695s][info ][safepoint   ] Safepoint "Cleanup", Time since last: 2000184373 ns, Reaching safepoint: 70756 ns, Cleanup: 11469 ns, At safepoint: 2147 ns, Total: 84372 ns
[2025-03-19T14:31:18.054+0000][1653.695s][debug][safepoint   ] Safepoint synchronization initiated using futex wait barrier. (205 threads)
[2025-03-19T14:31:18.054+0000][1653.695s][info ][safepoint   ] Safepoint "Cleanup", Time since last: 3000259357 ns, Reaching safepoint: 78177 ns, Cleanup: 15030 ns, At safepoint: 6005 ns, Total: 99212 ns
[2025-03-19T14:31:23.055+0000][1658.696s][debug][safepoint   ] Safepoint synchronization initiated using futex wait barrier. (205 threads)
[2025-03-19T14:31:23.055+0000][1658.696s][info ][safepoint   ] Safepoint "Cleanup", Time since last: 5000380088 ns, Reaching safepoint: 78179 ns, Cleanup: 17303 ns, At safepoint: 5302 ns, Total: 100784 ns
[2025-03-19T14:31:28.055+0000][1663.696s][debug][safepoint   ] Safepoint synchronization initiated using futex wait barrier. (205 threads)
[2025-03-19T14:31:28.055+0000][1663.696s][info ][safepoint   ] Safepoint "Cleanup", Time since last: 5000410943 ns, Reaching safepoint: 71178 ns, Cleanup: 13834 ns, At safepoint: 3048 ns, Total: 88060 ns
[2025-03-19T14:31:32.055+0000][1667.696s][debug][safepoint   ] Safepoint synchronization initiated using futex wait barrier. (205 threads)
[2025-03-19T14:31:32.056+0000][1667.696s][info ][safepoint   ] Safepoint "Cleanup", Time since last: 4000308020 ns, Reaching safepoint: 48915 ns, Cleanup: 9947 ns, At safepoint: 2610 ns, Total: 61472 ns
[2025-03-19T14:31:33.056+0000][1668.697s][debug][safepoint   ] Safepoint synchronization initiated using futex wait barrier. (205 threads)
[2025-03-19T14:31:33.056+0000][1668.697s][info ][safepoint   ] Safepoint "Cleanup", Time since last: 1000076397 ns, Reaching safepoint: 73688 ns, Cleanup: 19098 ns, At safepoint: 4527 ns, Total: 97313 ns
[2025-03-19T14:31:40.056+0000][1675.697s][debug][safepoint   ] Safepoint synchronization initiated using futex wait barrier. (205 threads)
[2025-03-19T14:31:40.056+0000][1675.697s][info ][safepoint   ] Safepoint "Cleanup", Time since last: 7000470205 ns, Reaching safepoint: 62445 ns, Cleanup: 11968 ns, At safepoint: 2700 ns, Total: 77113 ns
[2025-03-19T14:31:43.056+0000][1678.697s][debug][safepoint   ] Safepoint synchronization initiated using futex wait barrier. (205 threads)
[2025-03-19T14:31:43.056+0000][1678.697s][info ][safepoint   ] Safepoint "Cleanup", Time since last: 3000203930 ns, Reaching safepoint: 41593 ns, Cleanup: 12393 ns, At safepoint: 2282 ns, Total: 56268 ns
[2025-03-19T14:31:45.057+0000][1680.698s][debug][safepoint   ] Safepoint synchronization initiated using futex wait barrier. (205 threads)
[2025-03-19T14:31:45.057+0000][1680.698s][info ][safepoint   ] Safepoint "Cleanup", Time since last: 2000158376 ns, Reaching safepoint: 99123 ns, Cleanup: 11635 ns, At safepoint: 2946 ns, Total: 113704 ns
[2025-03-19T14:31:54.070+0000][1689.711s][debug][safepoint   ] Safepoint synchronization initiated using futex wait barrier. (205 threads)
[2025-03-19T14:31:54.070+0000][1689.711s][info ][safepoint   ] Safepoint "Cleanup", Time since last: 9013260303 ns, Reaching safepoint: 182328 ns, Cleanup: 11707 ns, At safepoint: 2940 ns, Total: 196975 ns
[2025-03-19T14:32:01.071+0000][1696.712s][debug][safepoint   ] Safepoint synchronization initiated using futex wait barrier. (205 threads)
[2025-03-19T14:32:01.071+0000][1696.712s][info ][safepoint   ] Safepoint "Cleanup", Time since last: 7000514456 ns, Reaching safepoint: 70296 ns, Cleanup: 15342 ns, At safepoint: 4637 ns, Total: 90275 ns
[2025-03-19T14:32:02.071+0000][1697.712s][debug][safepoint   ] Safepoint synchronization initiated using futex wait barrier. (205 threads)
[2025-03-19T14:32:02.071+0000][1697.712s][info ][safepoint   ] Safepoint "Cleanup", Time since last: 1000082502 ns, Reaching safepoint: 61596 ns, Cleanup: 14259 ns, At safepoint: 4845 ns, Total: 80700 ns
[2025-03-19T14:32:13.072+0000][1708.713s][debug][safepoint   ] Safepoint synchronization initiated using futex wait barrier. (205 threads)
[2025-03-19T14:32:13.072+0000][1708.713s][info ][safepoint   ] Safepoint "Cleanup", Time since last: 11000691350 ns, Reaching safepoint: 72344 ns, Cleanup: 16586 ns, At safepoint: 3622 ns, Total: 92552 ns
[2025-03-19T14:32:34.394+0000][1730.035s][debug][safepoint   ] Safepoint synchronization initiated using futex wait barrier. (205 threads)
[2025-03-19T14:32:34.394+0000][1730.035s][info ][gc,start    ] GC(90) Pause Young (Normal) (G1 Evacuation Pause)
[2025-03-19T14:32:34.394+0000][1730.035s][info ][gc,task     ] GC(90) Using 4 workers of 4 for evacuation
[2025-03-19T14:32:34.398+0000][1730.039s][info ][gc,phases   ] GC(90)   Pre Evacuate Collection Set: 0.1ms
[2025-03-19T14:32:34.398+0000][1730.039s][info ][gc,phases   ] GC(90)   Merge Heap Roots: 0.1ms
[2025-03-19T14:32:34.398+0000][1730.039s][info ][gc,phases   ] GC(90)   Evacuate Collection Set: 2.1ms
[2025-03-19T14:32:34.398+0000][1730.039s][info ][gc,phases   ] GC(90)   Post Evacuate Collection Set: 1.6ms
[2025-03-19T14:32:34.398+0000][1730.039s][info ][gc,phases   ] GC(90)   Other: 0.1ms
[2025-03-19T14:32:34.398+0000][1730.039s][info ][gc,heap     ] GC(90) Eden regions: 190->0(189)
[2025-03-19T14:32:34.398+0000][1730.039s][info ][gc,heap     ] GC(90) Survivor regions: 1->1(24)
[2025-03-19T14:32:34.398+0000][1730.039s][info ][gc,heap     ] GC(90) Old regions: 189->190
[2025-03-19T14:32:34.398+0000][1730.039s][info ][gc,heap     ] GC(90) Archive regions: 2->2
[2025-03-19T14:32:34.398+0000][1730.039s][info ][gc,heap     ] GC(90) Humongous regions: 2->2
[2025-03-19T14:32:34.398+0000][1730.039s][info ][gc,metaspace] GC(90) Metaspace: 191166K(192576K)->191166K(192576K) NonClass: 168044K(168768K)->168044K(168768K) Class: 23121K(23808K)->23121K(23808K)
[2025-03-19T14:32:34.398+0000][1730.039s][info ][gc          ] GC(90) Pause Young (Normal) (G1 Evacuation Pause) 382M->192M(429M) 4.106ms
[2025-03-19T14:32:34.398+0000][1730.039s][info ][gc,cpu      ] GC(90) User=0.01s Sys=0.00s Real=0.00s
[2025-03-19T14:32:34.398+0000][1730.039s][info ][safepoint   ] Safepoint "G1CollectForAllocation", Time since last: 21322393841 ns, Reaching safepoint: 56796 ns, Cleanup: 5233 ns, At safepoint: 4231713 ns, Total: 4293742 ns
[2025-03-19T14:32:35.399+0000][1731.040s][debug][safepoint   ] Safepoint synchronization initiated using futex wait barrier. (204 threads)
[2025-03-19T14:32:35.399+0000][1731.040s][info ][safepoint   ] Safepoint "Cleanup", Time since last: 1000097634 ns, Reaching safepoint: 104746 ns, Cleanup: 24847 ns, At safepoint: 6690 ns, Total: 136283 ns
[2025-03-19T14:32:50.091+0000][1745.732s][debug][safepoint   ] Safepoint synchronization initiated using futex wait barrier. (204 threads)
[2025-03-19T14:32:50.091+0000][1745.732s][info ][safepoint   ] Safepoint "Cleanup", Time since last: 14692294286 ns, Reaching safepoint: 51679 ns, Cleanup: 14271 ns, At safepoint: 2483 ns, Total: 68433 ns
[2025-03-19T14:33:03.092+0000][1758.733s][debug][safepoint   ] Safepoint synchronization initiated using futex wait barrier. (204 threads)
[2025-03-19T14:33:03.092+0000][1758.733s][info ][safepoint   ] Safepoint "Cleanup", Time since last: 13001132425 ns, Reaching safepoint: 100367 ns, Cleanup: 19725 ns, At safepoint: 6223 ns, Total: 126315 ns
[2025-03-19T14:33:09.093+0000][1764.734s][debug][safepoint   ] Safepoint synchronization initiated using futex wait barrier. (204 threads)
[2025-03-19T14:33:09.093+0000][1764.734s][info ][safepoint   ] Safepoint "Cleanup", Time since last: 6000431615 ns, Reaching safepoint: 61323 ns, Cleanup: 12154 ns, At safepoint: 3025 ns, Total: 76502 ns
[2025-03-19T14:33:17.093+0000][1772.734s][debug][safepoint   ] Safepoint synchronization initiated using futex wait barrier. (206 threads)
[2025-03-19T14:33:17.093+0000][1772.734s][info ][safepoint   ] Safepoint "Cleanup", Time since last: 8000577685 ns, Reaching safepoint: 70853 ns, Cleanup: 24050 ns, At safepoint: 3947 ns, Total: 98850 ns
[2025-03-19T14:33:20.094+0000][1775.735s][debug][safepoint   ] Safepoint synchronization initiated using futex wait barrier. (206 threads)
[2025-03-19T14:33:20.094+0000][1775.735s][info ][safepoint   ] Safepoint "Cleanup", Time since last: 3000265814 ns, Reaching safepoint: 84025 ns, Cleanup: 15343 ns, At safepoint: 2252 ns, Total: 101620 ns
[2025-03-19T14:33:21.094+0000][1776.735s][debug][safepoint   ] Safepoint synchronization initiated using futex wait barrier. (206 threads)
[2025-03-19T14:33:21.094+0000][1776.735s][info ][safepoint   ] Safepoint "Cleanup", Time since last: 1000097331 ns, Reaching safepoint: 49382 ns, Cleanup: 11599 ns, At safepoint: 2210 ns, Total: 63191 ns
[2025-03-19T14:33:23.094+0000][1778.735s][debug][safepoint   ] Safepoint synchronization initiated using futex wait barrier. (206 threads)
[2025-03-19T14:33:23.094+0000][1778.735s][info ][safepoint   ] Safepoint "Cleanup", Time since last: 2000153752 ns, Reaching safepoint: 83919 ns, Cleanup: 25683 ns, At safepoint: 6385 ns, Total: 115987 ns
[2025-03-19T14:33:27.095+0000][1782.736s][debug][safepoint   ] Safepoint synchronization initiated using futex wait barrier. (206 threads)
[2025-03-19T14:33:27.095+0000][1782.736s][info ][safepoint   ] Safepoint "Cleanup", Time since last: 4000297544 ns, Reaching safepoint: 52918 ns, Cleanup: 10670 ns, At safepoint: 2973 ns, Total: 66561 ns
[2025-03-19T14:33:32.095+0000][1787.736s][debug][safepoint   ] Safepoint synchronization initiated using futex wait barrier. (206 threads)
[2025-03-19T14:33:32.095+0000][1787.736s][info ][safepoint   ] Safepoint "Cleanup", Time since last: 5000524404 ns, Reaching safepoint: 70191 ns, Cleanup: 13306 ns, At safepoint: 3389 ns, Total: 86886 ns
[2025-03-19T14:33:39.516+0000][1795.157s][debug][safepoint   ] Safepoint synchronization initiated using futex wait barrier. (206 threads)
[2025-03-19T14:33:39.517+0000][1795.158s][info ][safepoint   ] Safepoint "Cleanup", Time since last: 7421230417 ns, Reaching safepoint: 105720 ns, Cleanup: 10053 ns, At safepoint: 2499 ns, Total: 118272 ns
[2025-03-19T14:33:40.517+0000][1796.158s][debug][safepoint   ] Safepoint synchronization initiated using futex wait barrier. (206 threads)
[2025-03-19T14:33:40.517+0000][1796.158s][info ][safepoint   ] Safepoint "Cleanup", Time since last: 1000103446 ns, Reaching safepoint: 96142 ns, Cleanup: 22105 ns, At safepoint: 6876 ns, Total: 125123 ns
[2025-03-19T14:33:48.112+0000][1803.753s][debug][safepoint   ] Safepoint synchronization initiated using futex wait barrier. (205 threads)
[2025-03-19T14:33:48.112+0000][1803.753s][info ][safepoint   ] Safepoint "Cleanup", Time since last: 7595238574 ns, Reaching safepoint: 88821 ns, Cleanup: 18791 ns, At safepoint: 7557 ns, Total: 115169 ns
[2025-03-19T14:33:50.113+0000][1805.753s][debug][safepoint   ] Safepoint synchronization initiated using futex wait barrier. (205 threads)
[2025-03-19T14:33:50.113+0000][1805.754s][info ][safepoint   ] Safepoint "Cleanup", Time since last: 2000296815 ns, Reaching safepoint: 111940 ns, Cleanup: 22088 ns, At safepoint: 8181 ns, Total: 142209 ns
[2025-03-19T14:33:51.113+0000][1806.754s][debug][safepoint   ] Safepoint synchronization initiated using futex wait barrier. (205 threads)
[2025-03-19T14:33:51.113+0000][1806.754s][info ][safepoint   ] Safepoint "Cleanup", Time since last: 1000123608 ns, Reaching safepoint: 81263 ns, Cleanup: 19395 ns, At safepoint: 7275 ns, Total: 107933 ns
[2025-03-19T14:33:52.113+0000][1807.754s][debug][safepoint   ] Safepoint synchronization initiated using futex wait barrier. (207 threads)
[2025-03-19T14:33:52.113+0000][1807.754s][info ][safepoint   ] Safepoint "Cleanup", Time since last: 1000117089 ns, Reaching safepoint: 89547 ns, Cleanup: 18463 ns, At safepoint: 6602 ns, Total: 114612 ns
[2025-03-19T14:33:53.113+0000][1808.754s][debug][safepoint   ] Safepoint synchronization initiated using futex wait barrier. (207 threads)
[2025-03-19T14:33:53.113+0000][1808.754s][info ][safepoint   ] Safepoint "Cleanup", Time since last: 1000097177 ns, Reaching safepoint: 117719 ns, Cleanup: 12334 ns, At safepoint: 23776 ns, Total: 153829 ns
[2025-03-19T14:33:55.114+0000][1810.755s][debug][safepoint   ] Safepoint synchronization initiated using futex wait barrier. (207 threads)
[2025-03-19T14:33:55.114+0000][1810.755s][info ][safepoint   ] Safepoint "Cleanup", Time since last: 2000252792 ns, Reaching safepoint: 112529 ns, Cleanup: 22507 ns, At safepoint: 7465 ns, Total: 142501 ns
[2025-03-19T14:34:00.114+0000][1815.755s][debug][safepoint   ] Safepoint synchronization initiated using futex wait barrier. (206 threads)
[2025-03-19T14:34:00.114+0000][1815.755s][info ][safepoint   ] Safepoint "Cleanup", Time since last: 5000523398 ns, Reaching safepoint: 115597 ns, Cleanup: 20146 ns, At safepoint: 6766 ns, Total: 142509 ns
[2025-03-19T14:34:03.115+0000][1818.756s][debug][safepoint   ] Safepoint synchronization initiated using futex wait barrier. (206 threads)
[2025-03-19T14:34:03.115+0000][1818.756s][info ][safepoint   ] Safepoint "Cleanup", Time since last: 3000282705 ns, Reaching safepoint: 76047 ns, Cleanup: 19531 ns, At safepoint: 5385 ns, Total: 100963 ns
[2025-03-19T14:34:04.115+0000][1819.756s][debug][safepoint   ] Safepoint synchronization initiated using futex wait barrier. (206 threads)
[2025-03-19T14:34:04.115+0000][1819.756s][info ][safepoint   ] Safepoint "Cleanup", Time since last: 1000102244 ns, Reaching safepoint: 67835 ns, Cleanup: 15680 ns, At safepoint: 5747 ns, Total: 89262 ns
[2025-03-19T14:34:05.115+0000][1820.756s][debug][safepoint   ] Safepoint synchronization initiated using futex wait barrier. (204 threads)
[2025-03-19T14:34:05.115+0000][1820.756s][info ][safepoint   ] Safepoint "Cleanup", Time since last: 1000090678 ns, Reaching safepoint: 90187 ns, Cleanup: 12451 ns, At safepoint: 9952 ns, Total: 112590 ns
[2025-03-19T14:34:06.115+0000][1821.756s][debug][safepoint   ] Safepoint synchronization initiated using futex wait barrier. (204 threads)
[2025-03-19T14:34:06.115+0000][1821.756s][info ][safepoint   ] Safepoint "Cleanup", Time since last: 1000109352 ns, Reaching safepoint: 70862 ns, Cleanup: 14697 ns, At safepoint: 5157 ns, Total: 90716 ns
[2025-03-19T14:34:08.116+0000][1823.757s][debug][safepoint   ] Safepoint synchronization initiated using futex wait barrier. (204 threads)
[2025-03-19T14:34:08.116+0000][1823.757s][info ][safepoint   ] Safepoint "Cleanup", Time since last: 2000157290 ns, Reaching safepoint: 59034 ns, Cleanup: 14536 ns, At safepoint: 2632 ns, Total: 76202 ns
[2025-03-19T14:34:09.116+0000][1824.757s][debug][safepoint   ] Safepoint synchronization initiated using futex wait barrier. (204 threads)
[2025-03-19T14:34:09.116+0000][1824.757s][info ][safepoint   ] Safepoint "Cleanup", Time since last: 1000106340 ns, Reaching safepoint: 65298 ns, Cleanup: 17157 ns, At safepoint: 6255 ns, Total: 88710 ns
[2025-03-19T14:34:28.117+0000][1843.758s][debug][safepoint   ] Safepoint synchronization initiated using futex wait barrier. (204 threads)
[2025-03-19T14:34:28.117+0000][1843.758s][info ][safepoint   ] Safepoint "Cleanup", Time since last: 19001351457 ns, Reaching safepoint: 47515 ns, Cleanup: 14384 ns, At safepoint: 2289 ns, Total: 64188 ns
[2025-03-19T14:34:33.118+0000][1848.759s][debug][safepoint   ] Safepoint synchronization initiated using futex wait barrier. (204 threads)
[2025-03-19T14:34:33.118+0000][1848.759s][info ][safepoint   ] Safepoint "Cleanup", Time since last: 5000308719 ns, Reaching safepoint: 100588 ns, Cleanup: 17294 ns, At safepoint: 7526 ns, Total: 125408 ns
[2025-03-19T14:34:35.118+0000][1850.759s][debug][safepoint   ] Safepoint synchronization initiated using futex wait barrier. (205 threads)
[2025-03-19T14:34:35.118+0000][1850.759s][info ][safepoint   ] Safepoint "Cleanup", Time since last: 2000229675 ns, Reaching safepoint: 46264 ns, Cleanup: 13217 ns, At safepoint: 2727 ns, Total: 62208 ns
[2025-03-19T14:34:40.118+0000][1855.759s][debug][safepoint   ] Safepoint synchronization initiated using futex wait barrier. (204 threads)
[2025-03-19T14:34:40.118+0000][1855.759s][info ][safepoint   ] Safepoint "Cleanup", Time since last: 5000448950 ns, Reaching safepoint: 50286 ns, Cleanup: 13024 ns, At safepoint: 2674 ns, Total: 65984 ns
[2025-03-19T14:34:42.119+0000][1857.760s][debug][safepoint   ] Safepoint synchronization initiated using futex wait barrier. (204 threads)
[2025-03-19T14:34:42.119+0000][1857.760s][info ][safepoint   ] Safepoint "Cleanup", Time since last: 2000159413 ns, Reaching safepoint: 63810 ns, Cleanup: 12969 ns, At safepoint: 4102 ns, Total: 80881 ns
[2025-03-19T14:34:43.119+0000][1858.760s][debug][safepoint   ] Safepoint synchronization initiated using futex wait barrier. (204 threads)
[2025-03-19T14:34:43.119+0000][1858.760s][info ][safepoint   ] Safepoint "Cleanup", Time since last: 1000120220 ns, Reaching safepoint: 80599 ns, Cleanup: 14827 ns, At safepoint: 6382 ns, Total: 101808 ns
[2025-03-19T14:34:50.131+0000][1865.772s][debug][safepoint   ] Safepoint synchronization initiated using futex wait barrier. (204 threads)
[2025-03-19T14:34:50.131+0000][1865.772s][info ][safepoint   ] Safepoint "Cleanup", Time since last: 7012311153 ns, Reaching safepoint: 99614 ns, Cleanup: 15611 ns, At safepoint: 5463 ns, Total: 120688 ns
[2025-03-19T14:35:06.161+0000][1881.802s][debug][safepoint   ] Safepoint synchronization initiated using futex wait barrier. (204 threads)
[2025-03-19T14:35:06.161+0000][1881.802s][info ][gc,start    ] GC(91) Pause Young (Normal) (G1 Evacuation Pause)
[2025-03-19T14:35:06.161+0000][1881.802s][info ][gc,task     ] GC(91) Using 4 workers of 4 for evacuation
[2025-03-19T14:35:06.165+0000][1881.806s][info ][gc,phases   ] GC(91)   Pre Evacuate Collection Set: 0.1ms
[2025-03-19T14:35:06.165+0000][1881.806s][info ][gc,phases   ] GC(91)   Merge Heap Roots: 0.1ms
[2025-03-19T14:35:06.165+0000][1881.806s][info ][gc,phases   ] GC(91)   Evacuate Collection Set: 2.5ms
[2025-03-19T14:35:06.165+0000][1881.806s][info ][gc,phases   ] GC(91)   Post Evacuate Collection Set: 1.0ms
[2025-03-19T14:35:06.165+0000][1881.806s][info ][gc,phases   ] GC(91)   Other: 0.1ms
[2025-03-19T14:35:06.165+0000][1881.806s][info ][gc,heap     ] GC(91) Eden regions: 189->0(188)
[2025-03-19T14:35:06.165+0000][1881.806s][info ][gc,heap     ] GC(91) Survivor regions: 1->1(24)
[2025-03-19T14:35:06.165+0000][1881.806s][info ][gc,heap     ] GC(91) Old regions: 190->190
[2025-03-19T14:35:06.165+0000][1881.806s][info ][gc,heap     ] GC(91) Archive regions: 2->2
[2025-03-19T14:35:06.165+0000][1881.806s][info ][gc,heap     ] GC(91) Humongous regions: 2->2
[2025-03-19T14:35:06.165+0000][1881.806s][info ][gc,metaspace] GC(91) Metaspace: 191256K(192640K)->191256K(192640K) NonClass: 168133K(168832K)->168133K(168832K) Class: 23123K(23808K)->23123K(23808K)
[2025-03-19T14:35:06.165+0000][1881.806s][info ][gc          ] GC(91) Pause Young (Normal) (G1 Evacuation Pause) 381M->193M(429M) 3.826ms
[2025-03-19T14:35:06.165+0000][1881.806s][info ][gc,cpu      ] GC(91) User=0.01s Sys=0.00s Real=0.01s
[2025-03-19T14:35:06.165+0000][1881.806s][info ][safepoint   ] Safepoint "G1CollectForAllocation", Time since last: 16029643651 ns, Reaching safepoint: 52085 ns, Cleanup: 3830 ns, At safepoint: 3959483 ns, Total: 4015398 ns
[2025-03-19T14:35:08.165+0000][1883.806s][debug][safepoint   ] Safepoint synchronization initiated using futex wait barrier. (204 threads)
[2025-03-19T14:35:08.165+0000][1883.806s][info ][safepoint   ] Safepoint "Cleanup", Time since last: 2000153386 ns, Reaching safepoint: 71973 ns, Cleanup: 15804 ns, At safepoint: 7518 ns, Total: 95295 ns
[2025-03-19T14:35:10.165+0000][1885.806s][debug][safepoint   ] Safepoint synchronization initiated using futex wait barrier. (204 threads)
[2025-03-19T14:35:10.167+0000][1885.808s][info ][safepoint   ] Safepoint "Cleanup", Time since last: 2000170678 ns, Reaching safepoint: 1263324 ns, Cleanup: 15317 ns, At safepoint: 5024 ns, Total: 1283665 ns
[2025-03-19T14:35:18.167+0000][1893.808s][debug][safepoint   ] Safepoint synchronization initiated using futex wait barrier. (204 threads)
[2025-03-19T14:35:18.167+0000][1893.808s][info ][safepoint   ] Safepoint "Cleanup", Time since last: 8000665878 ns, Reaching safepoint: 53058 ns, Cleanup: 8464 ns, At safepoint: 2391 ns, Total: 63913 ns
[2025-03-19T14:35:23.168+0000][1898.809s][debug][safepoint   ] Safepoint synchronization initiated using futex wait barrier. (204 threads)
[2025-03-19T14:35:23.168+0000][1898.809s][info ][safepoint   ] Safepoint "Cleanup", Time since last: 5000417330 ns, Reaching safepoint: 50749 ns, Cleanup: 16579 ns, At safepoint: 2255 ns, Total: 69583 ns
[2025-03-19T14:35:25.168+0000][1900.809s][debug][safepoint   ] Safepoint synchronization initiated using futex wait barrier. (204 threads)
[2025-03-19T14:35:25.168+0000][1900.809s][info ][safepoint   ] Safepoint "Cleanup", Time since last: 2000130126 ns, Reaching safepoint: 61073 ns, Cleanup: 13939 ns, At safepoint: 2770 ns, Total: 77782 ns
[2025-03-19T14:35:28.168+0000][1903.809s][debug][safepoint   ] Safepoint synchronization initiated using futex wait barrier. (204 threads)
[2025-03-19T14:35:28.168+0000][1903.809s][info ][safepoint   ] Safepoint "Cleanup", Time since last: 3000244552 ns, Reaching safepoint: 53675 ns, Cleanup: 10303 ns, At safepoint: 2740 ns, Total: 66718 ns
[2025-03-19T14:35:35.169+0000][1910.810s][debug][safepoint   ] Safepoint synchronization initiated using futex wait barrier. (204 threads)
[2025-03-19T14:35:35.169+0000][1910.810s][info ][safepoint   ] Safepoint "Cleanup", Time since last: 7000581187 ns, Reaching safepoint: 83364 ns, Cleanup: 16927 ns, At safepoint: 6489 ns, Total: 106780 ns
[2025-03-19T14:35:50.150+0000][1925.791s][debug][safepoint   ] Safepoint synchronization initiated using futex wait barrier. (203 threads)
[2025-03-19T14:35:50.150+0000][1925.791s][info ][safepoint   ] Safepoint "Cleanup", Time since last: 14980418104 ns, Reaching safepoint: 77836 ns, Cleanup: 14681 ns, At safepoint: 5143 ns, Total: 97660 ns
[2025-03-19T14:35:52.150+0000][1927.791s][debug][safepoint   ] Safepoint synchronization initiated using futex wait barrier. (203 threads)
[2025-03-19T14:35:52.150+0000][1927.791s][info ][safepoint   ] Safepoint "Cleanup", Time since last: 2000171273 ns, Reaching safepoint: 47728 ns, Cleanup: 10470 ns, At safepoint: 2386 ns, Total: 60584 ns
[2025-03-19T14:35:53.150+0000][1928.791s][debug][safepoint   ] Safepoint synchronization initiated using futex wait barrier. (203 threads)
[2025-03-19T14:35:53.150+0000][1928.791s][info ][safepoint   ] Safepoint "Cleanup", Time since last: 1000082776 ns, Reaching safepoint: 45210 ns, Cleanup: 8188 ns, At safepoint: 2917 ns, Total: 56315 ns
[2025-03-19T14:36:00.150+0000][1935.791s][debug][safepoint   ] Safepoint synchronization initiated using futex wait barrier. (203 threads)
[2025-03-19T14:36:00.151+0000][1935.792s][info ][safepoint   ] Safepoint "Cleanup", Time since last: 7000428074 ns, Reaching safepoint: 60873 ns, Cleanup: 9613 ns, At safepoint: 3037 ns, Total: 73523 ns
[2025-03-19T14:36:02.151+0000][1937.792s][debug][safepoint   ] Safepoint synchronization initiated using futex wait barrier. (203 threads)
[2025-03-19T14:36:02.151+0000][1937.792s][info ][safepoint   ] Safepoint "Cleanup", Time since last: 2000333682 ns, Reaching safepoint: 65816 ns, Cleanup: 10911 ns, At safepoint: 2626 ns, Total: 79353 ns
[2025-03-19T14:36:03.151+0000][1938.792s][debug][safepoint   ] Safepoint synchronization initiated using futex wait barrier. (203 threads)
[2025-03-19T14:36:03.151+0000][1938.792s][info ][safepoint   ] Safepoint "Cleanup", Time since last: 1000089593 ns, Reaching safepoint: 61727 ns, Cleanup: 11129 ns, At safepoint: 2721 ns, Total: 75577 ns
[2025-03-19T14:36:08.153+0000][1943.794s][debug][safepoint   ] Safepoint synchronization initiated using futex wait barrier. (203 threads)
[2025-03-19T14:36:08.153+0000][1943.794s][info ][safepoint   ] Safepoint "Cleanup", Time since last: 5002280956 ns, Reaching safepoint: 50407 ns, Cleanup: 9827 ns, At safepoint: 2419 ns, Total: 62653 ns
[2025-03-19T14:36:13.154+0000][1948.795s][debug][safepoint   ] Safepoint synchronization initiated using futex wait barrier. (203 threads)
[2025-03-19T14:36:13.154+0000][1948.795s][info ][safepoint   ] Safepoint "Cleanup", Time since last: 5000358245 ns, Reaching safepoint: 81572 ns, Cleanup: 20120 ns, At safepoint: 6253 ns, Total: 107945 ns
[2025-03-19T14:36:18.154+0000][1953.795s][debug][safepoint   ] Safepoint synchronization initiated using futex wait barrier. (204 threads)
[2025-03-19T14:36:18.154+0000][1953.795s][info ][safepoint   ] Safepoint "Cleanup", Time since last: 5000426861 ns, Reaching safepoint: 86468 ns, Cleanup: 14524 ns, At safepoint: 5178 ns, Total: 106170 ns
[2025-03-19T14:36:20.155+0000][1955.796s][debug][safepoint   ] Safepoint synchronization initiated using futex wait barrier. (204 threads)
[2025-03-19T14:36:20.155+0000][1955.796s][info ][safepoint   ] Safepoint "Cleanup", Time since last: 2000195049 ns, Reaching safepoint: 76570 ns, Cleanup: 18034 ns, At safepoint: 6122 ns, Total: 100726 ns
[2025-03-19T14:36:23.155+0000][1958.796s][debug][safepoint   ] Safepoint synchronization initiated using futex wait barrier. (204 threads)
[2025-03-19T14:36:23.155+0000][1958.796s][info ][safepoint   ] Safepoint "Cleanup", Time since last: 3000252436 ns, Reaching safepoint: 57695 ns, Cleanup: 11838 ns, At safepoint: 4025 ns, Total: 73558 ns
[2025-03-19T14:36:26.155+0000][1961.796s][debug][safepoint   ] Safepoint synchronization initiated using futex wait barrier. (204 threads)
[2025-03-19T14:36:26.156+0000][1961.797s][info ][safepoint   ] Safepoint "Cleanup", Time since last: 3000331531 ns, Reaching safepoint: 80282 ns, Cleanup: 15709 ns, At safepoint: 6452 ns, Total: 102443 ns
[2025-03-19T14:36:30.156+0000][1965.797s][debug][safepoint   ] Safepoint synchronization initiated using futex wait barrier. (204 threads)
[2025-03-19T14:36:30.156+0000][1965.797s][info ][safepoint   ] Safepoint "Cleanup", Time since last: 4000357612 ns, Reaching safepoint: 73587 ns, Cleanup: 19621 ns, At safepoint: 6129 ns, Total: 99337 ns
[2025-03-19T14:36:40.157+0000][1975.798s][debug][safepoint   ] Safepoint synchronization initiated using futex wait barrier. (204 threads)
[2025-03-19T14:36:40.157+0000][1975.798s][info ][safepoint   ] Safepoint "Cleanup", Time since last: 10000879493 ns, Reaching safepoint: 86590 ns, Cleanup: 17735 ns, At safepoint: 5911 ns, Total: 110236 ns
[2025-03-19T14:36:58.169+0000][1993.810s][debug][safepoint   ] Safepoint synchronization initiated using futex wait barrier. (204 threads)
[2025-03-19T14:36:58.170+0000][1993.811s][info ][safepoint   ] Safepoint "Cleanup", Time since last: 18012496242 ns, Reaching safepoint: 83447 ns, Cleanup: 14866 ns, At safepoint: 6003 ns, Total: 104316 ns
[2025-03-19T14:36:59.170+0000][1994.811s][debug][safepoint   ] Safepoint synchronization initiated using futex wait barrier. (204 threads)
[2025-03-19T14:36:59.170+0000][1994.811s][info ][safepoint   ] Safepoint "Cleanup", Time since last: 1000110949 ns, Reaching safepoint: 84825 ns, Cleanup: 20996 ns, At safepoint: 5246 ns, Total: 111067 ns
[2025-03-19T14:37:03.170+0000][1998.811s][debug][safepoint   ] Safepoint synchronization initiated using futex wait barrier. (204 threads)
[2025-03-19T14:37:03.170+0000][1998.811s][info ][safepoint   ] Safepoint "Cleanup", Time since last: 4000341520 ns, Reaching safepoint: 87950 ns, Cleanup: 20492 ns, At safepoint: 6545 ns, Total: 114987 ns
[2025-03-19T14:37:05.170+0000][2000.811s][debug][safepoint   ] Safepoint synchronization initiated using futex wait barrier. (204 threads)
[2025-03-19T14:37:05.171+0000][2000.812s][info ][safepoint   ] Safepoint "Cleanup", Time since last: 2000172558 ns, Reaching safepoint: 73883 ns, Cleanup: 14731 ns, At safepoint: 5373 ns, Total: 93987 ns
[2025-03-19T14:37:38.711+0000][2034.352s][debug][safepoint   ] Safepoint synchronization initiated using futex wait barrier. (204 threads)
[2025-03-19T14:37:38.712+0000][2034.353s][info ][gc,start    ] GC(92) Pause Young (Normal) (G1 Evacuation Pause)
[2025-03-19T14:37:38.712+0000][2034.353s][info ][gc,task     ] GC(92) Using 4 workers of 4 for evacuation
[2025-03-19T14:37:38.717+0000][2034.358s][info ][gc,phases   ] GC(92)   Pre Evacuate Collection Set: 0.2ms
[2025-03-19T14:37:38.717+0000][2034.358s][info ][gc,phases   ] GC(92)   Merge Heap Roots: 0.3ms
[2025-03-19T14:37:38.717+0000][2034.358s][info ][gc,phases   ] GC(92)   Evacuate Collection Set: 3.1ms
[2025-03-19T14:37:38.717+0000][2034.358s][info ][gc,phases   ] GC(92)   Post Evacuate Collection Set: 2.2ms
[2025-03-19T14:37:38.717+0000][2034.358s][info ][gc,phases   ] GC(92)   Other: 0.2ms
[2025-03-19T14:37:38.717+0000][2034.358s][info ][gc,heap     ] GC(92) Eden regions: 188->0(188)
[2025-03-19T14:37:38.717+0000][2034.358s][info ][gc,heap     ] GC(92) Survivor regions: 1->2(24)
[2025-03-19T14:37:38.717+0000][2034.358s][info ][gc,heap     ] GC(92) Old regions: 190->190
[2025-03-19T14:37:38.717+0000][2034.358s][info ][gc,heap     ] GC(92) Archive regions: 2->2
[2025-03-19T14:37:38.717+0000][2034.358s][info ][gc,heap     ] GC(92) Humongous regions: 2->2
[2025-03-19T14:37:38.718+0000][2034.359s][info ][gc,metaspace] GC(92) Metaspace: 191294K(192704K)->191294K(192704K) NonClass: 168171K(168896K)->168171K(168896K) Class: 23123K(23808K)->23123K(23808K)
[2025-03-19T14:37:38.718+0000][2034.359s][info ][gc          ] GC(92) Pause Young (Normal) (G1 Evacuation Pause) 381M->193M(429M) 6.023ms
[2025-03-19T14:37:38.718+0000][2034.359s][info ][gc,cpu      ] GC(92) User=0.02s Sys=0.00s Real=0.01s
[2025-03-19T14:37:38.718+0000][2034.359s][info ][safepoint   ] Safepoint "G1CollectForAllocation", Time since last: 33540866774 ns, Reaching safepoint: 80709 ns, Cleanup: 6307 ns, At safepoint: 6155069 ns, Total: 6242085 ns
[2025-03-19T14:38:35.197+0000][2090.838s][debug][safepoint   ] Safepoint synchronization initiated using futex wait barrier. (204 threads)
[2025-03-19T14:38:35.197+0000][2090.838s][info ][safepoint   ] Safepoint "Cleanup", Time since last: 56479664862 ns, Reaching safepoint: 185149 ns, Cleanup: 14600 ns, At safepoint: 2973 ns, Total: 202722 ns
[2025-03-19T14:38:53.210+0000][2108.851s][debug][safepoint   ] Safepoint synchronization initiated using futex wait barrier. (204 threads)
[2025-03-19T14:38:53.210+0000][2108.851s][info ][safepoint   ] Safepoint "Cleanup", Time since last: 18012024761 ns, Reaching safepoint: 58914 ns, Cleanup: 13523 ns, At safepoint: 2551 ns, Total: 74988 ns
[2025-03-19T14:38:59.210+0000][2114.851s][debug][safepoint   ] Safepoint synchronization initiated using futex wait barrier. (204 threads)
[2025-03-19T14:38:59.210+0000][2114.851s][info ][safepoint   ] Safepoint "Cleanup", Time since last: 6000516895 ns, Reaching safepoint: 83228 ns, Cleanup: 15325 ns, At safepoint: 6649 ns, Total: 105202 ns
[2025-03-19T14:39:00.210+0000][2115.851s][debug][safepoint   ] Safepoint synchronization initiated using futex wait barrier. (204 threads)
[2025-03-19T14:39:00.210+0000][2115.851s][info ][safepoint   ] Safepoint "Cleanup", Time since last: 1000093348 ns, Reaching safepoint: 127422 ns, Cleanup: 24043 ns, At safepoint: 14669 ns, Total: 166134 ns
[2025-03-19T14:39:18.212+0000][2133.853s][debug][safepoint   ] Safepoint synchronization initiated using futex wait barrier. (203 threads)
[2025-03-19T14:39:18.212+0000][2133.853s][info ][safepoint   ] Safepoint "Cleanup", Time since last: 18001217741 ns, Reaching safepoint: 76006 ns, Cleanup: 15046 ns, At safepoint: 5748 ns, Total: 96800 ns
[2025-03-19T14:39:36.213+0000][2151.854s][debug][safepoint   ] Safepoint synchronization initiated using futex wait barrier. (203 threads)
[2025-03-19T14:39:36.213+0000][2151.854s][info ][safepoint   ] Safepoint "Cleanup", Time since last: 18001384163 ns, Reaching safepoint: 80987 ns, Cleanup: 14351 ns, At safepoint: 5087 ns, Total: 100425 ns
[2025-03-19T14:39:43.214+0000][2158.855s][debug][safepoint   ] Safepoint synchronization initiated using futex wait barrier. (204 threads)
[2025-03-19T14:39:43.214+0000][2158.855s][info ][safepoint   ] Safepoint "Cleanup", Time since last: 7000556968 ns, Reaching safepoint: 63832 ns, Cleanup: 15318 ns, At safepoint: 4936 ns, Total: 84086 ns
[2025-03-19T14:39:45.214+0000][2160.855s][debug][safepoint   ] Safepoint synchronization initiated using futex wait barrier. (204 threads)
[2025-03-19T14:39:45.214+0000][2160.855s][info ][safepoint   ] Safepoint "Cleanup", Time since last: 2000205922 ns, Reaching safepoint: 55931 ns, Cleanup: 11960 ns, At safepoint: 3361 ns, Total: 71252 ns
[2025-03-19T14:39:48.229+0000][2163.870s][debug][safepoint   ] Safepoint synchronization initiated using futex wait barrier. (204 threads)
[2025-03-19T14:39:48.229+0000][2163.870s][info ][safepoint   ] Safepoint "Cleanup", Time since last: 3015145736 ns, Reaching safepoint: 57758 ns, Cleanup: 12914 ns, At safepoint: 2979 ns, Total: 73651 ns
[2025-03-19T14:39:50.230+0000][2165.871s][debug][safepoint   ] Safepoint synchronization initiated using futex wait barrier. (204 threads)
[2025-03-19T14:39:50.230+0000][2165.871s][info ][safepoint   ] Safepoint "Cleanup", Time since last: 2000128227 ns, Reaching safepoint: 39773 ns, Cleanup: 8552 ns, At safepoint: 2403 ns, Total: 50728 ns
[2025-03-19T14:40:11.323+0000][2186.964s][debug][safepoint   ] Safepoint synchronization initiated using futex wait barrier. (204 threads)
[2025-03-19T14:40:11.323+0000][2186.964s][info ][gc,start    ] GC(93) Pause Young (Normal) (G1 Evacuation Pause)
[2025-03-19T14:40:11.323+0000][2186.964s][info ][gc,task     ] GC(93) Using 4 workers of 4 for evacuation
[2025-03-19T14:40:11.360+0000][2187.001s][info ][gc,phases   ] GC(93)   Pre Evacuate Collection Set: 0.3ms
[2025-03-19T14:40:11.360+0000][2187.001s][info ][gc,phases   ] GC(93)   Merge Heap Roots: 0.1ms
[2025-03-19T14:40:11.360+0000][2187.001s][info ][gc,phases   ] GC(93)   Evacuate Collection Set: 34.1ms
[2025-03-19T14:40:11.360+0000][2187.001s][info ][gc,phases   ] GC(93)   Post Evacuate Collection Set: 2.4ms
[2025-03-19T14:40:11.360+0000][2187.001s][info ][gc,phases   ] GC(93)   Other: 0.2ms
[2025-03-19T14:40:11.360+0000][2187.001s][info ][gc,heap     ] GC(93) Eden regions: 188->0(188)
[2025-03-19T14:40:11.360+0000][2187.001s][info ][gc,heap     ] GC(93) Survivor regions: 2->2(24)
[2025-03-19T14:40:11.360+0000][2187.001s][info ][gc,heap     ] GC(93) Old regions: 190->190
[2025-03-19T14:40:11.360+0000][2187.001s][info ][gc,heap     ] GC(93) Archive regions: 2->2
[2025-03-19T14:40:11.360+0000][2187.001s][info ][gc,heap     ] GC(93) Humongous regions: 2->2
[2025-03-19T14:40:11.360+0000][2187.001s][info ][gc,metaspace] GC(93) Metaspace: 191304K(192704K)->191304K(192704K) NonClass: 168181K(168896K)->168181K(168896K) Class: 23123K(23808K)->23123K(23808K)
[2025-03-19T14:40:11.360+0000][2187.001s][info ][gc          ] GC(93) Pause Young (Normal) (G1 Evacuation Pause) 381M->193M(429M) 37.308ms
[2025-03-19T14:40:11.360+0000][2187.001s][info ][gc,cpu      ] GC(93) User=0.02s Sys=0.00s Real=0.03s
[2025-03-19T14:40:11.361+0000][2187.002s][info ][safepoint   ] Safepoint "G1CollectForAllocation", Time since last: 21093267679 ns, Reaching safepoint: 77789 ns, Cleanup: 5617 ns, At safepoint: 37606754 ns, Total: 37690160 ns
[2025-03-19T14:40:28.362+0000][2204.003s][debug][safepoint   ] Safepoint synchronization initiated using futex wait barrier. (204 threads)
[2025-03-19T14:40:28.362+0000][2204.003s][info ][safepoint   ] Safepoint "Cleanup", Time since last: 17001365855 ns, Reaching safepoint: 62564 ns, Cleanup: 12818 ns, At safepoint: 2766 ns, Total: 78148 ns
[2025-03-19T14:40:33.362+0000][2209.003s][debug][safepoint   ] Safepoint synchronization initiated using futex wait barrier. (204 threads)
[2025-03-19T14:40:33.362+0000][2209.003s][info ][safepoint   ] Safepoint "Cleanup", Time since last: 5000357332 ns, Reaching safepoint: 40914 ns, Cleanup: 11928 ns, At safepoint: 2643 ns, Total: 55485 ns
[2025-03-19T14:40:35.363+0000][2211.004s][debug][safepoint   ] Safepoint synchronization initiated using futex wait barrier. (204 threads)
[2025-03-19T14:40:35.363+0000][2211.004s][info ][safepoint   ] Safepoint "Cleanup", Time since last: 2000157250 ns, Reaching safepoint: 72452 ns, Cleanup: 13495 ns, At safepoint: 3191 ns, Total: 89138 ns
[2025-03-19T14:40:38.363+0000][2214.004s][debug][safepoint   ] Safepoint synchronization initiated using futex wait barrier. (204 threads)
[2025-03-19T14:40:38.363+0000][2214.004s][info ][safepoint   ] Safepoint "Cleanup", Time since last: 3000190114 ns, Reaching safepoint: 48101 ns, Cleanup: 10565 ns, At safepoint: 2300 ns, Total: 60966 ns
[2025-03-19T14:40:53.249+0000][2228.890s][debug][safepoint   ] Safepoint synchronization initiated using futex wait barrier. (204 threads)
[2025-03-19T14:40:53.249+0000][2228.890s][info ][safepoint   ] Safepoint "Cleanup", Time since last: 14886221589 ns, Reaching safepoint: 82699 ns, Cleanup: 20520 ns, At safepoint: 6084 ns, Total: 109303 ns
[2025-03-19T14:41:23.252+0000][2258.893s][debug][safepoint   ] Safepoint synchronization initiated using futex wait barrier. (204 threads)
[2025-03-19T14:41:23.252+0000][2258.893s][info ][safepoint   ] Safepoint "Cleanup", Time since last: 30002306403 ns, Reaching safepoint: 44515 ns, Cleanup: 9421 ns, At safepoint: 2885 ns, Total: 56821 ns
[2025-03-19T14:41:28.252+0000][2263.893s][debug][safepoint   ] Safepoint synchronization initiated using futex wait barrier. (204 threads)
[2025-03-19T14:41:28.252+0000][2263.893s][info ][safepoint   ] Safepoint "Cleanup", Time since last: 5000369783 ns, Reaching safepoint: 52024 ns, Cleanup: 13062 ns, At safepoint: 2366 ns, Total: 67452 ns
[2025-03-19T14:41:30.252+0000][2265.893s][debug][safepoint   ] Safepoint synchronization initiated using futex wait barrier. (204 threads)
[2025-03-19T14:41:30.252+0000][2265.893s][info ][safepoint   ] Safepoint "Cleanup", Time since last: 2000231117 ns, Reaching safepoint: 100178 ns, Cleanup: 17213 ns, At safepoint: 6984 ns, Total: 124375 ns
[2025-03-19T14:41:33.253+0000][2268.894s][debug][safepoint   ] Safepoint synchronization initiated using futex wait barrier. (204 threads)
[2025-03-19T14:41:33.253+0000][2268.894s][info ][safepoint   ] Safepoint "Cleanup", Time since last: 3000300833 ns, Reaching safepoint: 67758 ns, Cleanup: 16516 ns, At safepoint: 5160 ns, Total: 89434 ns
[2025-03-19T14:41:44.254+0000][2279.895s][debug][safepoint   ] Safepoint synchronization initiated using futex wait barrier. (204 threads)
[2025-03-19T14:41:44.254+0000][2279.895s][info ][safepoint   ] Safepoint "Cleanup", Time since last: 11000879950 ns, Reaching safepoint: 74022 ns, Cleanup: 13131 ns, At safepoint: 2825 ns, Total: 89978 ns
[2025-03-19T14:41:53.271+0000][2288.912s][debug][safepoint   ] Safepoint synchronization initiated using futex wait barrier. (204 threads)
[2025-03-19T14:41:53.271+0000][2288.912s][info ][safepoint   ] Safepoint "Cleanup", Time since last: 9017093923 ns, Reaching safepoint: 117647 ns, Cleanup: 23837 ns, At safepoint: 7497 ns, Total: 148981 ns
[2025-03-19T14:42:03.272+0000][2298.913s][debug][safepoint   ] Safepoint synchronization initiated using futex wait barrier. (204 threads)
[2025-03-19T14:42:03.272+0000][2298.913s][info ][safepoint   ] Safepoint "Cleanup", Time since last: 10000734691 ns, Reaching safepoint: 92227 ns, Cleanup: 19684 ns, At safepoint: 5412 ns, Total: 117323 ns
[2025-03-19T14:42:30.274+0000][2325.915s][debug][safepoint   ] Safepoint synchronization initiated using futex wait barrier. (204 threads)
[2025-03-19T14:42:30.274+0000][2325.915s][info ][safepoint   ] Safepoint "Cleanup", Time since last: 27002093207 ns, Reaching safepoint: 149753 ns, Cleanup: 17275 ns, At safepoint: 36332 ns, Total: 203360 ns
[2025-03-19T14:42:43.659+0000][2339.300s][debug][safepoint   ] Safepoint synchronization initiated using futex wait barrier. (204 threads)
[2025-03-19T14:42:43.659+0000][2339.300s][info ][gc,start    ] GC(94) Pause Young (Normal) (G1 Evacuation Pause)
[2025-03-19T14:42:43.659+0000][2339.300s][info ][gc,task     ] GC(94) Using 4 workers of 4 for evacuation
[2025-03-19T14:42:43.662+0000][2339.303s][info ][gc,phases   ] GC(94)   Pre Evacuate Collection Set: 0.1ms
[2025-03-19T14:42:43.662+0000][2339.303s][info ][gc,phases   ] GC(94)   Merge Heap Roots: 0.0ms
[2025-03-19T14:42:43.662+0000][2339.303s][info ][gc,phases   ] GC(94)   Evacuate Collection Set: 2.1ms
[2025-03-19T14:42:43.662+0000][2339.303s][info ][gc,phases   ] GC(94)   Post Evacuate Collection Set: 0.8ms
[2025-03-19T14:42:43.662+0000][2339.303s][info ][gc,phases   ] GC(94)   Other: 0.1ms
[2025-03-19T14:42:43.662+0000][2339.303s][info ][gc,heap     ] GC(94) Eden regions: 188->0(188)
[2025-03-19T14:42:43.662+0000][2339.303s][info ][gc,heap     ] GC(94) Survivor regions: 2->2(24)
[2025-03-19T14:42:43.662+0000][2339.303s][info ][gc,heap     ] GC(94) Old regions: 190->190
[2025-03-19T14:42:43.662+0000][2339.303s][info ][gc,heap     ] GC(94) Archive regions: 2->2
[2025-03-19T14:42:43.662+0000][2339.303s][info ][gc,heap     ] GC(94) Humongous regions: 2->2
[2025-03-19T14:42:43.662+0000][2339.303s][info ][gc,metaspace] GC(94) Metaspace: 191313K(192704K)->191313K(192704K) NonClass: 168190K(168896K)->168190K(168896K) Class: 23123K(23808K)->23123K(23808K)
[2025-03-19T14:42:43.662+0000][2339.303s][info ][gc          ] GC(94) Pause Young (Normal) (G1 Evacuation Pause) 381M->193M(429M) 3.213ms
[2025-03-19T14:42:43.663+0000][2339.304s][info ][gc,cpu      ] GC(94) User=0.01s Sys=0.01s Real=0.01s
[2025-03-19T14:42:43.663+0000][2339.304s][info ][safepoint   ] Safepoint "G1CollectForAllocation", Time since last: 13385053753 ns, Reaching safepoint: 50392 ns, Cleanup: 4543 ns, At safepoint: 3289843 ns, Total: 3344778 ns
[2025-03-19T14:42:48.290+0000][2343.931s][debug][safepoint   ] Safepoint synchronization initiated using futex wait barrier. (204 threads)
[2025-03-19T14:42:48.291+0000][2343.932s][info ][safepoint   ] Safepoint "Cleanup", Time since last: 4627916564 ns, Reaching safepoint: 44838 ns, Cleanup: 12031 ns, At safepoint: 2214 ns, Total: 59083 ns
[2025-03-19T14:42:58.291+0000][2353.932s][debug][safepoint   ] Safepoint synchronization initiated using futex wait barrier. (204 threads)
[2025-03-19T14:42:58.291+0000][2353.932s][info ][safepoint   ] Safepoint "Cleanup", Time since last: 10000796838 ns, Reaching safepoint: 82647 ns, Cleanup: 19483 ns, At safepoint: 6630 ns, Total: 108760 ns
[2025-03-19T14:43:03.292+0000][2358.933s][debug][safepoint   ] Safepoint synchronization initiated using futex wait barrier. (204 threads)
[2025-03-19T14:43:03.292+0000][2358.933s][info ][safepoint   ] Safepoint "Cleanup", Time since last: 5000412686 ns, Reaching safepoint: 88132 ns, Cleanup: 16709 ns, At safepoint: 5944 ns, Total: 110785 ns
[2025-03-19T14:43:13.293+0000][2368.934s][debug][safepoint   ] Safepoint synchronization initiated using futex wait barrier. (204 threads)
[2025-03-19T14:43:13.293+0000][2368.934s][info ][safepoint   ] Safepoint "Cleanup", Time since last: 10000849223 ns, Reaching safepoint: 78773 ns, Cleanup: 21117 ns, At safepoint: 5622 ns, Total: 105512 ns
[2025-03-19T14:43:14.293+0000][2369.934s][debug][safepoint   ] Safepoint synchronization initiated using futex wait barrier. (204 threads)
[2025-03-19T14:43:14.293+0000][2369.934s][info ][safepoint   ] Safepoint "Cleanup", Time since last: 1000093349 ns, Reaching safepoint: 79812 ns, Cleanup: 17282 ns, At safepoint: 4970 ns, Total: 102064 ns
[2025-03-19T14:43:18.293+0000][2373.934s][debug][safepoint   ] Safepoint synchronization initiated using futex wait barrier. (204 threads)
[2025-03-19T14:43:18.294+0000][2373.935s][info ][safepoint   ] Safepoint "Cleanup", Time since last: 4000367829 ns, Reaching safepoint: 83868 ns, Cleanup: 17643 ns, At safepoint: 5964 ns, Total: 107475 ns
[2025-03-19T14:43:29.295+0000][2384.936s][debug][safepoint   ] Safepoint synchronization initiated using futex wait barrier. (204 threads)
[2025-03-19T14:43:29.295+0000][2384.936s][info ][safepoint   ] Safepoint "Cleanup", Time since last: 11000997411 ns, Reaching safepoint: 91597 ns, Cleanup: 16890 ns, At safepoint: 6795 ns, Total: 115282 ns
[2025-03-19T14:43:58.312+0000][2413.953s][debug][safepoint   ] Safepoint synchronization initiated using futex wait barrier. (204 threads)
[2025-03-19T14:43:58.312+0000][2413.953s][info ][safepoint   ] Safepoint "Cleanup", Time since last: 29017160345 ns, Reaching safepoint: 85602 ns, Cleanup: 18456 ns, At safepoint: 6502 ns, Total: 110560 ns
[2025-03-19T14:44:30.315+0000][2445.956s][debug][safepoint   ] Safepoint synchronization initiated using futex wait barrier. (204 threads)
[2025-03-19T14:44:30.315+0000][2445.956s][info ][safepoint   ] Safepoint "Cleanup", Time since last: 32003174255 ns, Reaching safepoint: 88587 ns, Cleanup: 15686 ns, At safepoint: 7001 ns, Total: 111274 ns
[2025-03-19T14:44:31.315+0000][2446.956s][debug][safepoint   ] Safepoint synchronization initiated using futex wait barrier. (204 threads)
[2025-03-19T14:44:31.315+0000][2446.956s][info ][safepoint   ] Safepoint "Cleanup", Time since last: 1000098357 ns, Reaching safepoint: 85329 ns, Cleanup: 17093 ns, At safepoint: 7787 ns, Total: 110209 ns
[2025-03-19T14:44:49.331+0000][2464.972s][debug][safepoint   ] Safepoint synchronization initiated using futex wait barrier. (204 threads)
[2025-03-19T14:44:49.331+0000][2464.972s][info ][safepoint   ] Safepoint "Cleanup", Time since last: 18015681479 ns, Reaching safepoint: 90858 ns, Cleanup: 15144 ns, At safepoint: 5659 ns, Total: 111661 ns
[2025-03-19T14:44:54.332+0000][2469.973s][debug][safepoint   ] Safepoint synchronization initiated using futex wait barrier. (204 threads)
[2025-03-19T14:44:54.332+0000][2469.973s][info ][safepoint   ] Safepoint "Cleanup", Time since last: 5000381263 ns, Reaching safepoint: 89250 ns, Cleanup: 17600 ns, At safepoint: 6541 ns, Total: 113391 ns
[2025-03-19T14:45:00.332+0000][2475.973s][debug][safepoint   ] Safepoint synchronization initiated using futex wait barrier. (204 threads)
[2025-03-19T14:45:00.333+0000][2475.974s][info ][safepoint   ] Safepoint "Cleanup", Time since last: 6000670714 ns, Reaching safepoint: 86788 ns, Cleanup: 17415 ns, At safepoint: 6419 ns, Total: 110622 ns
[2025-03-19T14:45:16.302+0000][2491.943s][debug][safepoint   ] Safepoint synchronization initiated using futex wait barrier. (204 threads)
[2025-03-19T14:45:16.302+0000][2491.943s][info ][gc,start    ] GC(95) Pause Young (Normal) (G1 Evacuation Pause)
[2025-03-19T14:45:16.302+0000][2491.943s][info ][gc,task     ] GC(95) Using 4 workers of 4 for evacuation
[2025-03-19T14:45:16.308+0000][2491.949s][info ][gc,phases   ] GC(95)   Pre Evacuate Collection Set: 0.6ms
[2025-03-19T14:45:16.308+0000][2491.949s][info ][gc,phases   ] GC(95)   Merge Heap Roots: 0.2ms
[2025-03-19T14:45:16.308+0000][2491.949s][info ][gc,phases   ] GC(95)   Evacuate Collection Set: 3.4ms
[2025-03-19T14:45:16.308+0000][2491.949s][info ][gc,phases   ] GC(95)   Post Evacuate Collection Set: 2.1ms
[2025-03-19T14:45:16.308+0000][2491.949s][info ][gc,phases   ] GC(95)   Other: 0.2ms
[2025-03-19T14:45:16.308+0000][2491.949s][info ][gc,heap     ] GC(95) Eden regions: 188->0(190)
[2025-03-19T14:45:16.308+0000][2491.949s][info ][gc,heap     ] GC(95) Survivor regions: 2->1(24)
[2025-03-19T14:45:16.308+0000][2491.949s][info ][gc,heap     ] GC(95) Old regions: 190->190
[2025-03-19T14:45:16.308+0000][2491.949s][info ][gc,heap     ] GC(95) Archive regions: 2->2
[2025-03-19T14:45:16.308+0000][2491.949s][info ][gc,heap     ] GC(95) Humongous regions: 2->2
[2025-03-19T14:45:16.308+0000][2491.949s][info ][gc,metaspace] GC(95) Metaspace: 191338K(192704K)->191338K(192704K) NonClass: 168215K(168896K)->168215K(168896K) Class: 23123K(23808K)->23123K(23808K)
[2025-03-19T14:45:16.308+0000][2491.949s][info ][gc          ] GC(95) Pause Young (Normal) (G1 Evacuation Pause) 381M->193M(429M) 6.524ms
[2025-03-19T14:45:16.308+0000][2491.949s][info ][gc,cpu      ] GC(95) User=0.02s Sys=0.01s Real=0.01s
[2025-03-19T14:45:16.309+0000][2491.950s][info ][safepoint   ] Safepoint "G1CollectForAllocation", Time since last: 15969062027 ns, Reaching safepoint: 86808 ns, Cleanup: 8197 ns, At safepoint: 6912004 ns, Total: 7007009 ns
[2025-03-19T14:45:34.310+0000][2509.951s][debug][safepoint   ] Safepoint synchronization initiated using futex wait barrier. (204 threads)
[2025-03-19T14:45:34.310+0000][2509.951s][info ][safepoint   ] Safepoint "Cleanup", Time since last: 18001723179 ns, Reaching safepoint: 148158 ns, Cleanup: 21064 ns, At safepoint: 7663 ns, Total: 176885 ns
[2025-03-19T14:45:35.311+0000][2510.952s][debug][safepoint   ] Safepoint synchronization initiated using futex wait barrier. (204 threads)
[2025-03-19T14:45:35.311+0000][2510.952s][info ][safepoint   ] Safepoint "Cleanup", Time since last: 1000099036 ns, Reaching safepoint: 51365 ns, Cleanup: 12326 ns, At safepoint: 4373 ns, Total: 68064 ns
[2025-03-19T14:46:32.355+0000][2567.996s][debug][safepoint   ] Safepoint synchronization initiated using futex wait barrier. (204 threads)
[2025-03-19T14:46:32.355+0000][2567.996s][info ][safepoint   ] Safepoint "Cleanup", Time since last: 57044659261 ns, Reaching safepoint: 50642 ns, Cleanup: 9375 ns, At safepoint: 3374 ns, Total: 63391 ns
[2025-03-19T14:46:34.356+0000][2569.997s][debug][safepoint   ] Safepoint synchronization initiated using futex wait barrier. (204 threads)
[2025-03-19T14:46:34.356+0000][2569.997s][info ][safepoint   ] Safepoint "Cleanup", Time since last: 2000167661 ns, Reaching safepoint: 80422 ns, Cleanup: 19016 ns, At safepoint: 6257 ns, Total: 105695 ns
[2025-03-19T14:46:59.373+0000][2595.014s][debug][safepoint   ] Safepoint synchronization initiated using futex wait barrier. (204 threads)
[2025-03-19T14:46:59.373+0000][2595.014s][info ][safepoint   ] Safepoint "Cleanup", Time since last: 25017337105 ns, Reaching safepoint: 83701 ns, Cleanup: 18909 ns, At safepoint: 10755 ns, Total: 113365 ns
[2025-03-19T14:47:00.373+0000][2596.014s][debug][safepoint   ] Safepoint synchronization initiated using futex wait barrier. (204 threads)
[2025-03-19T14:47:00.373+0000][2596.014s][info ][safepoint   ] Safepoint "Cleanup", Time since last: 1000125263 ns, Reaching safepoint: 129358 ns, Cleanup: 17126 ns, At safepoint: 6138 ns, Total: 152622 ns
[2025-03-19T14:47:20.375+0000][2616.016s][debug][safepoint   ] Safepoint synchronization initiated using futex wait barrier. (204 threads)
[2025-03-19T14:47:20.375+0000][2616.016s][info ][safepoint   ] Safepoint "Cleanup", Time since last: 20001732554 ns, Reaching safepoint: 77777 ns, Cleanup: 14633 ns, At safepoint: 5876 ns, Total: 98286 ns
[2025-03-19T14:47:32.376+0000][2628.017s][debug][safepoint   ] Safepoint synchronization initiated using futex wait barrier. (204 threads)
[2025-03-19T14:47:32.377+0000][2628.018s][info ][safepoint   ] Safepoint "Cleanup", Time since last: 12001172838 ns, Reaching safepoint: 85210 ns, Cleanup: 63962 ns, At safepoint: 8318 ns, Total: 157490 ns
[2025-03-19T14:47:49.392+0000][2645.033s][debug][safepoint   ] Safepoint synchronization initiated using futex wait barrier. (204 threads)
[2025-03-19T14:47:49.392+0000][2645.033s][info ][safepoint   ] Safepoint "Cleanup", Time since last: 17015538145 ns, Reaching safepoint: 90179 ns, Cleanup: 21858 ns, At safepoint: 7169 ns, Total: 119206 ns
[2025-03-19T14:47:50.390+0000][2646.031s][debug][safepoint   ] Safepoint synchronization initiated using futex wait barrier. (204 threads)
[2025-03-19T14:47:50.391+0000][2646.032s][info ][gc,start    ] GC(96) Pause Young (Normal) (G1 Evacuation Pause)
[2025-03-19T14:47:50.391+0000][2646.032s][info ][gc,task     ] GC(96) Using 4 workers of 4 for evacuation
[2025-03-19T14:47:50.423+0000][2646.064s][info ][gc,phases   ] GC(96)   Pre Evacuate Collection Set: 0.2ms
[2025-03-19T14:47:50.423+0000][2646.064s][info ][gc,phases   ] GC(96)   Merge Heap Roots: 0.1ms
[2025-03-19T14:47:50.423+0000][2646.064s][info ][gc,phases   ] GC(96)   Evacuate Collection Set: 29.8ms
[2025-03-19T14:47:50.423+0000][2646.064s][info ][gc,phases   ] GC(96)   Post Evacuate Collection Set: 2.0ms
[2025-03-19T14:47:50.423+0000][2646.064s][info ][gc,phases   ] GC(96)   Other: 0.2ms
[2025-03-19T14:47:50.423+0000][2646.064s][info ][gc,heap     ] GC(96) Eden regions: 190->0(190)
[2025-03-19T14:47:50.423+0000][2646.064s][info ][gc,heap     ] GC(96) Survivor regions: 1->1(24)
[2025-03-19T14:47:50.423+0000][2646.064s][info ][gc,heap     ] GC(96) Old regions: 190->190
[2025-03-19T14:47:50.423+0000][2646.064s][info ][gc,heap     ] GC(96) Archive regions: 2->2
[2025-03-19T14:47:50.423+0000][2646.064s][info ][gc,heap     ] GC(96) Humongous regions: 2->2
[2025-03-19T14:47:50.423+0000][2646.064s][info ][gc,metaspace] GC(96) Metaspace: 191410K(192768K)->191410K(192768K) NonClass: 168287K(168960K)->168287K(168960K) Class: 23123K(23808K)->23123K(23808K)
[2025-03-19T14:47:50.423+0000][2646.064s][info ][gc          ] GC(96) Pause Young (Normal) (G1 Evacuation Pause) 383M->193M(429M) 32.392ms
[2025-03-19T14:47:50.423+0000][2646.064s][info ][gc,cpu      ] GC(96) User=0.01s Sys=0.00s Real=0.04s
[2025-03-19T14:47:50.423+0000][2646.064s][info ][safepoint   ] Safepoint "G1CollectForAllocation", Time since last: 998233650 ns, Reaching safepoint: 85481 ns, Cleanup: 6585 ns, At safepoint: 32705388 ns, Total: 32797454 ns
[2025-03-19T14:48:19.426+0000][2675.067s][debug][safepoint   ] Safepoint synchronization initiated using futex wait barrier. (204 threads)
[2025-03-19T14:48:19.426+0000][2675.067s][info ][safepoint   ] Safepoint "Cleanup", Time since last: 29002537569 ns, Reaching safepoint: 87743 ns, Cleanup: 20961 ns, At safepoint: 6824 ns, Total: 115528 ns
[2025-03-19T14:48:29.427+0000][2685.068s][debug][safepoint   ] Safepoint synchronization initiated using futex wait barrier. (204 threads)
[2025-03-19T14:48:29.427+0000][2685.068s][info ][safepoint   ] Safepoint "Cleanup", Time since last: 10000873862 ns, Reaching safepoint: 87064 ns, Cleanup: 21402 ns, At safepoint: 6870 ns, Total: 115336 ns
[2025-03-19T14:48:50.414+0000][2706.055s][debug][safepoint   ] Safepoint synchronization initiated using futex wait barrier. (204 threads)
[2025-03-19T14:48:50.415+0000][2706.056s][info ][safepoint   ] Safepoint "Cleanup", Time since last: 20987568789 ns, Reaching safepoint: 80758 ns, Cleanup: 18309 ns, At safepoint: 5368 ns, Total: 104435 ns
[2025-03-19T14:48:54.415+0000][2710.056s][debug][safepoint   ] Safepoint synchronization initiated using futex wait barrier. (204 threads)
[2025-03-19T14:48:54.415+0000][2710.056s][info ][safepoint   ] Safepoint "Cleanup", Time since last: 4000429881 ns, Reaching safepoint: 88953 ns, Cleanup: 19491 ns, At safepoint: 6579 ns, Total: 115023 ns
[2025-03-19T14:48:55.415+0000][2711.056s][debug][safepoint   ] Safepoint synchronization initiated using futex wait barrier. (204 threads)
[2025-03-19T14:48:55.415+0000][2711.056s][info ][safepoint   ] Safepoint "Cleanup", Time since last: 1000125667 ns, Reaching safepoint: 90163 ns, Cleanup: 16024 ns, At safepoint: 6913 ns, Total: 113100 ns
[2025-03-19T14:49:00.416+0000][2716.057s][debug][safepoint   ] Safepoint synchronization initiated using futex wait barrier. (204 threads)
[2025-03-19T14:49:00.416+0000][2716.057s][info ][safepoint   ] Safepoint "Cleanup", Time since last: 5000587674 ns, Reaching safepoint: 77845 ns, Cleanup: 33868 ns, At safepoint: 5060 ns, Total: 116773 ns
[2025-03-19T14:49:02.416+0000][2718.057s][debug][safepoint   ] Safepoint synchronization initiated using futex wait barrier. (204 threads)
[2025-03-19T14:49:02.416+0000][2718.057s][info ][safepoint   ] Safepoint "Cleanup", Time since last: 2000167506 ns, Reaching safepoint: 96126 ns, Cleanup: 17942 ns, At safepoint: 6007 ns, Total: 120075 ns
[2025-03-19T14:49:30.419+0000][2746.060s][debug][safepoint   ] Safepoint synchronization initiated using futex wait barrier. (204 threads)
[2025-03-19T14:49:30.419+0000][2746.060s][info ][safepoint   ] Safepoint "Cleanup", Time since last: 28002986505 ns, Reaching safepoint: 85040 ns, Cleanup: 15283 ns, At safepoint: 6000 ns, Total: 106323 ns
[2025-03-19T14:49:40.420+0000][2756.061s][debug][safepoint   ] Safepoint synchronization initiated using futex wait barrier. (204 threads)
[2025-03-19T14:49:40.421+0000][2756.062s][info ][safepoint   ] Safepoint "Cleanup", Time since last: 10001043643 ns, Reaching safepoint: 96308 ns, Cleanup: 17432 ns, At safepoint: 7655 ns, Total: 121395 ns
[2025-03-19T14:49:50.437+0000][2766.078s][debug][safepoint   ] Safepoint synchronization initiated using futex wait barrier. (204 threads)
[2025-03-19T14:49:50.438+0000][2766.079s][info ][safepoint   ] Safepoint "Cleanup", Time since last: 10016911824 ns, Reaching safepoint: 107593 ns, Cleanup: 17935 ns, At safepoint: 6832 ns, Total: 132360 ns
[2025-03-19T14:50:04.439+0000][2780.080s][debug][safepoint   ] Safepoint synchronization initiated using futex wait barrier. (204 threads)
[2025-03-19T14:50:04.439+0000][2780.080s][info ][safepoint   ] Safepoint "Cleanup", Time since last: 14001458225 ns, Reaching safepoint: 115030 ns, Cleanup: 28367 ns, At safepoint: 6465 ns, Total: 149862 ns
[2025-03-19T14:50:09.440+0000][2785.081s][debug][safepoint   ] Safepoint synchronization initiated using futex wait barrier. (204 threads)
[2025-03-19T14:50:09.440+0000][2785.081s][info ][safepoint   ] Safepoint "Cleanup", Time since last: 5000492634 ns, Reaching safepoint: 79184 ns, Cleanup: 17409 ns, At safepoint: 5187 ns, Total: 101780 ns
[2025-03-19T14:50:19.441+0000][2795.082s][debug][safepoint   ] Safepoint synchronization initiated using futex wait barrier. (204 threads)
[2025-03-19T14:50:19.441+0000][2795.082s][info ][safepoint   ] Safepoint "Cleanup", Time since last: 10000857750 ns, Reaching safepoint: 86603 ns, Cleanup: 19104 ns, At safepoint: 6503 ns, Total: 112210 ns
[2025-03-19T14:50:24.869+0000][2800.510s][debug][safepoint   ] Safepoint synchronization initiated using futex wait barrier. (204 threads)
[2025-03-19T14:50:24.869+0000][2800.510s][info ][gc,start    ] GC(97) Pause Young (Normal) (G1 Evacuation Pause)
[2025-03-19T14:50:24.869+0000][2800.510s][info ][gc,task     ] GC(97) Using 4 workers of 4 for evacuation
[2025-03-19T14:50:24.878+0000][2800.519s][info ][gc,phases   ] GC(97)   Pre Evacuate Collection Set: 0.2ms
[2025-03-19T14:50:24.878+0000][2800.519s][info ][gc,phases   ] GC(97)   Merge Heap Roots: 0.1ms
[2025-03-19T14:50:24.878+0000][2800.519s][info ][gc,phases   ] GC(97)   Evacuate Collection Set: 6.4ms
[2025-03-19T14:50:24.878+0000][2800.519s][info ][gc,phases   ] GC(97)   Post Evacuate Collection Set: 2.1ms
[2025-03-19T14:50:24.878+0000][2800.519s][info ][gc,phases   ] GC(97)   Other: 0.2ms
[2025-03-19T14:50:24.878+0000][2800.519s][info ][gc,heap     ] GC(97) Eden regions: 190->0(190)
[2025-03-19T14:50:24.878+0000][2800.519s][info ][gc,heap     ] GC(97) Survivor regions: 1->1(24)
[2025-03-19T14:50:24.878+0000][2800.519s][info ][gc,heap     ] GC(97) Old regions: 190->190
[2025-03-19T14:50:24.878+0000][2800.519s][info ][gc,heap     ] GC(97) Archive regions: 2->2
[2025-03-19T14:50:24.878+0000][2800.519s][info ][gc,heap     ] GC(97) Humongous regions: 2->2
[2025-03-19T14:50:24.878+0000][2800.519s][info ][gc,metaspace] GC(97) Metaspace: 191428K(192832K)->191428K(192832K) NonClass: 168304K(169024K)->168304K(169024K) Class: 23124K(23808K)->23124K(23808K)
[2025-03-19T14:50:24.878+0000][2800.519s][info ][gc          ] GC(97) Pause Young (Normal) (G1 Evacuation Pause) 383M->193M(429M) 9.194ms
[2025-03-19T14:50:24.878+0000][2800.519s][info ][gc,cpu      ] GC(97) User=0.02s Sys=0.00s Real=0.01s
[2025-03-19T14:50:24.878+0000][2800.519s][info ][safepoint   ] Safepoint "G1CollectForAllocation", Time since last: 5428187568 ns, Reaching safepoint: 83971 ns, Cleanup: 7021 ns, At safepoint: 9345838 ns, Total: 9436830 ns
[2025-03-19T14:50:50.461+0000][2826.102s][debug][safepoint   ] Safepoint synchronization initiated using futex wait barrier. (204 threads)
[2025-03-19T14:50:50.461+0000][2826.102s][info ][safepoint   ] Safepoint "Cleanup", Time since last: 25582847569 ns, Reaching safepoint: 121275 ns, Cleanup: 17369 ns, At safepoint: 7026 ns, Total: 145670 ns
[2025-03-19T14:51:00.069+0000][2835.710s][debug][safepoint   ] Safepoint synchronization initiated using futex wait barrier. (204 threads)
[2025-03-19T14:51:00.069+0000][2835.710s][info ][safepoint   ] Safepoint "Cleanup", Time since last: 9607279602 ns, Reaching safepoint: 87935 ns, Cleanup: 75114 ns, At safepoint: 5691 ns, Total: 168740 ns
[2025-03-19T14:51:21.071+0000][2856.712s][debug][safepoint   ] Safepoint synchronization initiated using futex wait barrier. (204 threads)
[2025-03-19T14:51:21.071+0000][2856.712s][info ][safepoint   ] Safepoint "Cleanup", Time since last: 21001823225 ns, Reaching safepoint: 87022 ns, Cleanup: 17641 ns, At safepoint: 4452 ns, Total: 109115 ns
[2025-03-19T14:51:30.072+0000][2865.713s][debug][safepoint   ] Safepoint synchronization initiated using futex wait barrier. (204 threads)
[2025-03-19T14:51:30.072+0000][2865.713s][info ][safepoint   ] Safepoint "Cleanup", Time since last: 9000752751 ns, Reaching safepoint: 78763 ns, Cleanup: 15863 ns, At safepoint: 5991 ns, Total: 100617 ns
[2025-03-19T14:51:35.072+0000][2870.713s][debug][safepoint   ] Safepoint synchronization initiated using futex wait barrier. (204 threads)
[2025-03-19T14:51:35.072+0000][2870.713s][info ][safepoint   ] Safepoint "Cleanup", Time since last: 5000395561 ns, Reaching safepoint: 62179 ns, Cleanup: 20528 ns, At safepoint: 2927 ns, Total: 85634 ns
[2025-03-19T14:52:45.487+0000][2941.128s][debug][safepoint   ] Safepoint synchronization initiated using futex wait barrier. (204 threads)
[2025-03-19T14:52:45.488+0000][2941.129s][info ][safepoint   ] Safepoint "Cleanup", Time since last: 70415312561 ns, Reaching safepoint: 78908 ns, Cleanup: 15244 ns, At safepoint: 4878 ns, Total: 99030 ns
[2025-03-19T14:52:50.503+0000][2946.144s][debug][safepoint   ] Safepoint synchronization initiated using futex wait barrier. (204 threads)
[2025-03-19T14:52:50.503+0000][2946.144s][info ][safepoint   ] Safepoint "Cleanup", Time since last: 5014968601 ns, Reaching safepoint: 65285 ns, Cleanup: 12818 ns, At safepoint: 2744 ns, Total: 80847 ns
[2025-03-19T14:52:59.211+0000][2954.852s][debug][safepoint   ] Safepoint synchronization initiated using futex wait barrier. (204 threads)
[2025-03-19T14:52:59.211+0000][2954.852s][info ][gc,start    ] GC(98) Pause Young (Normal) (G1 Evacuation Pause)
[2025-03-19T14:52:59.211+0000][2954.852s][info ][gc,task     ] GC(98) Using 4 workers of 4 for evacuation
[2025-03-19T14:52:59.215+0000][2954.856s][info ][gc,phases   ] GC(98)   Pre Evacuate Collection Set: 0.2ms
[2025-03-19T14:52:59.215+0000][2954.856s][info ][gc,phases   ] GC(98)   Merge Heap Roots: 0.1ms
[2025-03-19T14:52:59.215+0000][2954.856s][info ][gc,phases   ] GC(98)   Evacuate Collection Set: 2.4ms
[2025-03-19T14:52:59.215+0000][2954.856s][info ][gc,phases   ] GC(98)   Post Evacuate Collection Set: 1.4ms
[2025-03-19T14:52:59.215+0000][2954.856s][info ][gc,phases   ] GC(98)   Other: 0.2ms
[2025-03-19T14:52:59.215+0000][2954.856s][info ][gc,heap     ] GC(98) Eden regions: 190->0(190)
[2025-03-19T14:52:59.215+0000][2954.856s][info ][gc,heap     ] GC(98) Survivor regions: 1->1(24)
[2025-03-19T14:52:59.215+0000][2954.856s][info ][gc,heap     ] GC(98) Old regions: 190->190
[2025-03-19T14:52:59.215+0000][2954.856s][info ][gc,heap     ] GC(98) Archive regions: 2->2
[2025-03-19T14:52:59.215+0000][2954.856s][info ][gc,heap     ] GC(98) Humongous regions: 2->2
[2025-03-19T14:52:59.215+0000][2954.856s][info ][gc,metaspace] GC(98) Metaspace: 191461K(192832K)->191461K(192832K) NonClass: 168337K(169024K)->168337K(169024K) Class: 23124K(23808K)->23124K(23808K)
[2025-03-19T14:52:59.215+0000][2954.856s][info ][gc          ] GC(98) Pause Young (Normal) (G1 Evacuation Pause) 383M->193M(429M) 4.243ms
[2025-03-19T14:52:59.215+0000][2954.856s][info ][gc,cpu      ] GC(98) User=0.01s Sys=0.00s Real=0.01s
[2025-03-19T14:52:59.215+0000][2954.856s][info ][safepoint   ] Safepoint "G1CollectForAllocation", Time since last: 8708062102 ns, Reaching safepoint: 61573 ns, Cleanup: 5316 ns, At safepoint: 4356637 ns, Total: 4423526 ns
[2025-03-19T14:53:10.216+0000][2965.857s][debug][safepoint   ] Safepoint synchronization initiated using futex wait barrier. (204 threads)
[2025-03-19T14:53:10.216+0000][2965.857s][info ][safepoint   ] Safepoint "Cleanup", Time since last: 11000862251 ns, Reaching safepoint: 109008 ns, Cleanup: 25178 ns, At safepoint: 10020 ns, Total: 144206 ns
[2025-03-19T14:53:37.218+0000][2992.859s][debug][safepoint   ] Safepoint synchronization initiated using futex wait barrier. (207 threads)
[2025-03-19T14:53:37.218+0000][2992.859s][info ][safepoint   ] Safepoint "Cleanup", Time since last: 27002101436 ns, Reaching safepoint: 84065 ns, Cleanup: 87734 ns, At safepoint: 4989 ns, Total: 176788 ns
[2025-03-19T14:53:40.219+0000][2995.860s][debug][safepoint   ] Safepoint synchronization initiated using futex wait barrier. (207 threads)
[2025-03-19T14:53:40.219+0000][2995.860s][info ][safepoint   ] Safepoint "Cleanup", Time since last: 3000258471 ns, Reaching safepoint: 86358 ns, Cleanup: 18573 ns, At safepoint: 6676 ns, Total: 111607 ns
[2025-03-19T14:53:42.219+0000][2997.860s][debug][safepoint   ] Safepoint synchronization initiated using futex wait barrier. (207 threads)
[2025-03-19T14:53:42.219+0000][2997.860s][info ][safepoint   ] Safepoint "Cleanup", Time since last: 2000195511 ns, Reaching safepoint: 109314 ns, Cleanup: 30435 ns, At safepoint: 8008 ns, Total: 147757 ns
[2025-03-19T14:53:57.522+0000][3013.163s][debug][safepoint   ] Safepoint synchronization initiated using futex wait barrier. (207 threads)
[2025-03-19T14:53:57.523+0000][3013.164s][info ][safepoint   ] Safepoint "Cleanup", Time since last: 15303379214 ns, Reaching safepoint: 57747 ns, Cleanup: 15042 ns, At safepoint: 2517 ns, Total: 75306 ns
