[2025-03-19T15:17:32.120+0000][0.009s][info][gc] Using G1
[2025-03-19T15:17:32.122+0000][0.011s][info][gc,init] Version: 17.0.13+11-Debian-2deb12u1 (release)
[2025-03-19T15:17:32.122+0000][0.011s][info][gc,init] CPUs: 4 total, 4 available
[2025-03-19T15:17:32.122+0000][0.011s][info][gc,init] Memory: 7213M
[2025-03-19T15:17:32.122+0000][0.011s][info][gc,init] Large Page Support: Disabled
[2025-03-19T15:17:32.122+0000][0.011s][info][gc,init] NUMA Support: Disabled
[2025-03-19T15:17:32.122+0000][0.011s][info][gc,init] Compressed Oops: Enabled (32-bit)
[2025-03-19T15:17:32.122+0000][0.011s][info][gc,init] Heap Region Size: 1M
[2025-03-19T15:17:32.122+0000][0.011s][info][gc,init] Heap Min Capacity: 8M
[2025-03-19T15:17:32.122+0000][0.011s][info][gc,init] Heap Initial Capacity: 114M
[2025-03-19T15:17:32.122+0000][0.011s][info][gc,init] Heap Max Capacity: 1804M
[2025-03-19T15:17:32.122+0000][0.011s][info][gc,init] Pre-touch: Disabled
[2025-03-19T15:17:32.122+0000][0.011s][info][gc,init] Parallel Workers: 4
[2025-03-19T15:17:32.122+0000][0.011s][info][gc,init] Concurrent Workers: 1
[2025-03-19T15:17:32.122+0000][0.011s][info][gc,init] Concurrent Refinement Workers: 4
[2025-03-19T15:17:32.122+0000][0.011s][info][gc,init] Periodic GC: Disabled
[2025-03-19T15:17:32.129+0000][0.018s][info][gc,metaspace] CDS archive(s) mapped at: [0x000072ea5b000000-0x000072ea5bbc9000-0x000072ea5bbc9000), size 12357632, SharedBaseAddress: 0x000072ea5b000000, ArchiveRelocationMode: 1.
[2025-03-19T15:17:32.129+0000][0.018s][info][gc,metaspace] Compressed class space mapped at: 0x000072ea5c000000-0x000072ea9c000000, reserved size: 1073741824
[2025-03-19T15:17:32.129+0000][0.018s][info][gc,metaspace] Narrow klass base: 0x000072ea5b000000, Narrow klass shift: 0, Narrow klass range: 0x100000000
[2025-03-19T15:17:32.136+0000][0.025s][info][cds,heap    ] initialize_from_archived_subgraph java.lang.Module$ArchivedData 0x000072ea5b183388 (early)
[2025-03-19T15:17:32.136+0000][0.025s][info][cds,heap    ] initialize_from_archived_subgraph java.util.ImmutableCollections 0x000072ea5b070cd8 (early)
[2025-03-19T15:17:32.137+0000][0.026s][info][cds,heap    ] initialize_from_archived_subgraph java.lang.Integer$IntegerCache 0x000072ea5b036060 (early)
[2025-03-19T15:17:32.139+0000][0.028s][info][cds,heap    ] initialize_from_archived_subgraph java.lang.module.Configuration 0x000072ea5b171308 (early)
[2025-03-19T15:17:32.139+0000][0.028s][info][cds,heap    ] initialize_from_archived_subgraph java.lang.ModuleLayer 0x000072ea5b145c58 (early)
[2025-03-19T15:17:32.139+0000][0.028s][info][cds,heap    ] initialize_from_archived_subgraph jdk.internal.loader.ArchivedClassLoaders 0x000072ea5b1a79f0 (early)
[2025-03-19T15:17:32.139+0000][0.028s][info][cds,heap    ] initialize_from_archived_subgraph jdk.internal.module.ArchivedBootLayer 0x000072ea5b177f48 (early)
[2025-03-19T15:17:32.142+0000][0.031s][info][cds,heap    ] initialize_from_archived_subgraph sun.util.locale.BaseLocale 0x000072ea5b26bb10
[2025-03-19T15:17:32.150+0000][0.039s][info][cds,heap    ] initialize_from_archived_subgraph java.util.jar.Attributes$Name 0x000072ea5b199468
[2025-03-19T15:17:32.169+0000][0.058s][info][cds,heap    ] initialize_from_archived_subgraph java.lang.Long$LongCache 0x000072ea5b01f998
[2025-03-19T15:17:32.236+0000][0.125s][info][cds,heap    ] initialize_from_archived_subgraph java.lang.Character$CharacterCache 0x000072ea5b0393e8
[2025-03-19T15:17:32.540+0000][0.429s][debug][safepoint   ] Safepoint synchronization initiated using futex wait barrier. (13 threads)
[2025-03-19T15:17:32.540+0000][0.429s][info ][gc,start    ] GC(0) Pause Young (Normal) (G1 Evacuation Pause)
[2025-03-19T15:17:32.540+0000][0.429s][info ][gc,task     ] GC(0) Using 2 workers of 4 for evacuation
[2025-03-19T15:17:32.545+0000][0.434s][info ][gc,phases   ] GC(0)   Pre Evacuate Collection Set: 0.0ms
[2025-03-19T15:17:32.545+0000][0.434s][info ][gc,phases   ] GC(0)   Merge Heap Roots: 0.0ms
[2025-03-19T15:17:32.545+0000][0.434s][info ][gc,phases   ] GC(0)   Evacuate Collection Set: 4.9ms
[2025-03-19T15:17:32.545+0000][0.434s][info ][gc,phases   ] GC(0)   Post Evacuate Collection Set: 0.5ms
[2025-03-19T15:17:32.545+0000][0.435s][info ][gc,phases   ] GC(0)   Other: 0.2ms
[2025-03-19T15:17:32.545+0000][0.435s][info ][gc,heap     ] GC(0) Eden regions: 37->0(48)
[2025-03-19T15:17:32.545+0000][0.435s][info ][gc,heap     ] GC(0) Survivor regions: 0->5(5)
[2025-03-19T15:17:32.545+0000][0.435s][info ][gc,heap     ] GC(0) Old regions: 0->2
[2025-03-19T15:17:32.545+0000][0.435s][info ][gc,heap     ] GC(0) Archive regions: 2->2
[2025-03-19T15:17:32.545+0000][0.435s][info ][gc,heap     ] GC(0) Humongous regions: 0->0
[2025-03-19T15:17:32.545+0000][0.435s][info ][gc,metaspace] GC(0) Metaspace: 2066K(2304K)->2066K(2304K) NonClass: 1860K(1984K)->1860K(1984K) Class: 205K(320K)->205K(320K)
[2025-03-19T15:17:32.545+0000][0.435s][info ][gc          ] GC(0) Pause Young (Normal) (G1 Evacuation Pause) 37M->7M(116M) 5.659ms
[2025-03-19T15:17:32.545+0000][0.435s][info ][gc,cpu      ] GC(0) User=0.02s Sys=0.01s Real=0.01s
[2025-03-19T15:17:32.545+0000][0.435s][info ][safepoint   ] Safepoint "G1CollectForAllocation", Time since last: 404548157 ns, Reaching safepoint: 28659 ns, Cleanup: 51252 ns, At safepoint: 5704949 ns, Total: 5784860 ns
[2025-03-19T15:17:32.876+0000][0.765s][debug][safepoint   ] Safepoint synchronization initiated using futex wait barrier. (13 threads)
[2025-03-19T15:17:32.876+0000][0.765s][info ][gc,start    ] GC(1) Pause Young (Normal) (G1 Evacuation Pause)
[2025-03-19T15:17:32.876+0000][0.765s][info ][gc,task     ] GC(1) Using 2 workers of 4 for evacuation
[2025-03-19T15:17:32.883+0000][0.772s][info ][gc,phases   ] GC(1)   Pre Evacuate Collection Set: 0.0ms
[2025-03-19T15:17:32.883+0000][0.772s][info ][gc,phases   ] GC(1)   Merge Heap Roots: 0.0ms
[2025-03-19T15:17:32.883+0000][0.772s][info ][gc,phases   ] GC(1)   Evacuate Collection Set: 6.9ms
[2025-03-19T15:17:32.883+0000][0.772s][info ][gc,phases   ] GC(1)   Post Evacuate Collection Set: 0.5ms
[2025-03-19T15:17:32.883+0000][0.772s][info ][gc,phases   ] GC(1)   Other: 0.1ms
[2025-03-19T15:17:32.883+0000][0.772s][info ][gc,heap     ] GC(1) Eden regions: 48->0(64)
[2025-03-19T15:17:32.883+0000][0.772s][info ][gc,heap     ] GC(1) Survivor regions: 5->4(7)
[2025-03-19T15:17:32.883+0000][0.772s][info ][gc,heap     ] GC(1) Old regions: 2->7
[2025-03-19T15:17:32.883+0000][0.772s][info ][gc,heap     ] GC(1) Archive regions: 2->2
[2025-03-19T15:17:32.883+0000][0.772s][info ][gc,heap     ] GC(1) Humongous regions: 0->0
[2025-03-19T15:17:32.883+0000][0.772s][info ][gc,metaspace] GC(1) Metaspace: 3538K(3840K)->3538K(3840K) NonClass: 3171K(3328K)->3171K(3328K) Class: 366K(512K)->366K(512K)
[2025-03-19T15:17:32.883+0000][0.772s][info ][gc          ] GC(1) Pause Young (Normal) (G1 Evacuation Pause) 55M->11M(116M) 7.561ms
[2025-03-19T15:17:32.883+0000][0.772s][info ][gc,cpu      ] GC(1) User=0.02s Sys=0.01s Real=0.01s
[2025-03-19T15:17:32.883+0000][0.772s][info ][safepoint   ] Safepoint "G1CollectForAllocation", Time since last: 330197923 ns, Reaching safepoint: 36014 ns, Cleanup: 51246 ns, At safepoint: 7598547 ns, Total: 7685807 ns
[2025-03-19T15:17:33.294+0000][1.183s][debug][safepoint   ] Safepoint synchronization initiated using futex wait barrier. (14 threads)
[2025-03-19T15:17:33.294+0000][1.183s][info ][gc,start    ] GC(2) Pause Young (Normal) (G1 Evacuation Pause)
[2025-03-19T15:17:33.294+0000][1.183s][info ][gc,task     ] GC(2) Using 2 workers of 4 for evacuation
[2025-03-19T15:17:33.298+0000][1.188s][info ][gc,phases   ] GC(2)   Pre Evacuate Collection Set: 0.0ms
[2025-03-19T15:17:33.298+0000][1.188s][info ][gc,phases   ] GC(2)   Merge Heap Roots: 0.0ms
[2025-03-19T15:17:33.298+0000][1.188s][info ][gc,phases   ] GC(2)   Evacuate Collection Set: 3.9ms
[2025-03-19T15:17:33.298+0000][1.188s][info ][gc,phases   ] GC(2)   Post Evacuate Collection Set: 0.3ms
[2025-03-19T15:17:33.298+0000][1.188s][info ][gc,phases   ] GC(2)   Other: 0.1ms
[2025-03-19T15:17:33.298+0000][1.188s][info ][gc,heap     ] GC(2) Eden regions: 64->0(63)
[2025-03-19T15:17:33.298+0000][1.188s][info ][gc,heap     ] GC(2) Survivor regions: 4->5(9)
[2025-03-19T15:17:33.298+0000][1.188s][info ][gc,heap     ] GC(2) Old regions: 7->7
[2025-03-19T15:17:33.298+0000][1.188s][info ][gc,heap     ] GC(2) Archive regions: 2->2
[2025-03-19T15:17:33.298+0000][1.188s][info ][gc,heap     ] GC(2) Humongous regions: 0->0
[2025-03-19T15:17:33.298+0000][1.188s][info ][gc,metaspace] GC(2) Metaspace: 6228K(6592K)->6228K(6592K) NonClass: 5464K(5632K)->5464K(5632K) Class: 763K(960K)->763K(960K)
[2025-03-19T15:17:33.298+0000][1.188s][info ][gc          ] GC(2) Pause Young (Normal) (G1 Evacuation Pause) 75M->12M(116M) 4.409ms
[2025-03-19T15:17:33.298+0000][1.188s][info ][gc,cpu      ] GC(2) User=0.01s Sys=0.00s Real=0.00s
[2025-03-19T15:17:33.298+0000][1.188s][info ][safepoint   ] Safepoint "G1CollectForAllocation", Time since last: 410544789 ns, Reaching safepoint: 38606 ns, Cleanup: 149287 ns, At safepoint: 4445938 ns, Total: 4633831 ns
[2025-03-19T15:17:33.658+0000][1.548s][debug][safepoint   ] Safepoint synchronization initiated using futex wait barrier. (14 threads)
[2025-03-19T15:17:33.658+0000][1.548s][info ][gc,start    ] GC(3) Pause Young (Normal) (G1 Evacuation Pause)
[2025-03-19T15:17:33.658+0000][1.548s][info ][gc,task     ] GC(3) Using 2 workers of 4 for evacuation
[2025-03-19T15:17:33.664+0000][1.553s][info ][gc,phases   ] GC(3)   Pre Evacuate Collection Set: 0.0ms
[2025-03-19T15:17:33.664+0000][1.553s][info ][gc,phases   ] GC(3)   Merge Heap Roots: 0.0ms
[2025-03-19T15:17:33.664+0000][1.553s][info ][gc,phases   ] GC(3)   Evacuate Collection Set: 4.9ms
[2025-03-19T15:17:33.664+0000][1.553s][info ][gc,phases   ] GC(3)   Post Evacuate Collection Set: 0.4ms
[2025-03-19T15:17:33.664+0000][1.553s][info ][gc,phases   ] GC(3)   Other: 0.1ms
[2025-03-19T15:17:33.664+0000][1.553s][info ][gc,heap     ] GC(3) Eden regions: 63->0(65)
[2025-03-19T15:17:33.664+0000][1.553s][info ][gc,heap     ] GC(3) Survivor regions: 5->3(9)
[2025-03-19T15:17:33.664+0000][1.553s][info ][gc,heap     ] GC(3) Old regions: 7->10
[2025-03-19T15:17:33.664+0000][1.553s][info ][gc,heap     ] GC(3) Archive regions: 2->2
[2025-03-19T15:17:33.664+0000][1.553s][info ][gc,heap     ] GC(3) Humongous regions: 0->0
[2025-03-19T15:17:33.664+0000][1.553s][info ][gc,metaspace] GC(3) Metaspace: 9697K(9984K)->9697K(9984K) NonClass: 8449K(8576K)->8449K(8576K) Class: 1247K(1408K)->1247K(1408K)
[2025-03-19T15:17:33.664+0000][1.553s][info ][gc          ] GC(3) Pause Young (Normal) (G1 Evacuation Pause) 75M->13M(116M) 5.454ms
[2025-03-19T15:17:33.664+0000][1.553s][info ][gc,cpu      ] GC(3) User=0.01s Sys=0.00s Real=0.01s
[2025-03-19T15:17:33.664+0000][1.553s][info ][safepoint   ] Safepoint "G1CollectForAllocation", Time since last: 359913309 ns, Reaching safepoint: 25922 ns, Cleanup: 46141 ns, At safepoint: 5480690 ns, Total: 5552753 ns
[2025-03-19T15:17:33.892+0000][1.782s][debug][safepoint   ] Safepoint synchronization initiated using futex wait barrier. (14 threads)
[2025-03-19T15:17:33.893+0000][1.782s][info ][gc,start    ] GC(4) Pause Young (Normal) (G1 Evacuation Pause)
[2025-03-19T15:17:33.893+0000][1.782s][info ][gc,task     ] GC(4) Using 2 workers of 4 for evacuation
[2025-03-19T15:17:33.897+0000][1.786s][info ][gc,phases   ] GC(4)   Pre Evacuate Collection Set: 0.0ms
[2025-03-19T15:17:33.897+0000][1.786s][info ][gc,phases   ] GC(4)   Merge Heap Roots: 0.0ms
[2025-03-19T15:17:33.897+0000][1.786s][info ][gc,phases   ] GC(4)   Evacuate Collection Set: 3.2ms
[2025-03-19T15:17:33.897+0000][1.786s][info ][gc,phases   ] GC(4)   Post Evacuate Collection Set: 0.8ms
[2025-03-19T15:17:33.897+0000][1.786s][info ][gc,phases   ] GC(4)   Other: 0.1ms
[2025-03-19T15:17:33.897+0000][1.786s][info ][gc,heap     ] GC(4) Eden regions: 65->0(80)
[2025-03-19T15:17:33.897+0000][1.786s][info ][gc,heap     ] GC(4) Survivor regions: 3->4(9)
[2025-03-19T15:17:33.897+0000][1.786s][info ][gc,heap     ] GC(4) Old regions: 10->10
[2025-03-19T15:17:33.897+0000][1.786s][info ][gc,heap     ] GC(4) Archive regions: 2->2
[2025-03-19T15:17:33.897+0000][1.786s][info ][gc,heap     ] GC(4) Humongous regions: 0->0
[2025-03-19T15:17:33.897+0000][1.786s][info ][gc,metaspace] GC(4) Metaspace: 11284K(11584K)->11284K(11584K) NonClass: 9800K(9984K)->9800K(9984K) Class: 1484K(1600K)->1484K(1600K)
[2025-03-19T15:17:33.897+0000][1.786s][info ][gc          ] GC(4) Pause Young (Normal) (G1 Evacuation Pause) 78M->13M(140M) 4.229ms
[2025-03-19T15:17:33.897+0000][1.786s][info ][gc,cpu      ] GC(4) User=0.01s Sys=0.00s Real=0.00s
[2025-03-19T15:17:33.897+0000][1.786s][info ][safepoint   ] Safepoint "G1CollectForAllocation", Time since last: 228610720 ns, Reaching safepoint: 107502 ns, Cleanup: 35197 ns, At safepoint: 4269507 ns, Total: 4412206 ns
[2025-03-19T15:17:33.971+0000][1.860s][debug][safepoint   ] Safepoint synchronization initiated using futex wait barrier. (14 threads)
[2025-03-19T15:17:33.971+0000][1.861s][info ][safepoint   ] Safepoint "ICBufferFull", Time since last: 74318835 ns, Reaching safepoint: 81019 ns, Cleanup: 71175 ns, At safepoint: 2054 ns, Total: 154248 ns
[2025-03-19T15:17:34.159+0000][2.049s][debug][safepoint   ] Safepoint synchronization initiated using futex wait barrier. (15 threads)
[2025-03-19T15:17:34.160+0000][2.049s][debug][safepoint   ] ... found polling page loop exception at pc = 0x000072eac4fd811d, stub =0x000072eac498f400
[2025-03-19T15:17:34.160+0000][2.049s][info ][safepoint   ] Safepoint "ICBufferFull", Time since last: 188073111 ns, Reaching safepoint: 171074 ns, Cleanup: 85397 ns, At safepoint: 3024 ns, Total: 259495 ns
[2025-03-19T15:17:34.206+0000][2.095s][debug][safepoint   ] Safepoint synchronization initiated using futex wait barrier. (15 threads)
[2025-03-19T15:17:34.206+0000][2.096s][info ][gc,start    ] GC(5) Pause Young (Normal) (G1 Evacuation Pause)
[2025-03-19T15:17:34.206+0000][2.096s][info ][gc,task     ] GC(5) Using 4 workers of 4 for evacuation
[2025-03-19T15:17:34.211+0000][2.100s][info ][gc,phases   ] GC(5)   Pre Evacuate Collection Set: 0.1ms
[2025-03-19T15:17:34.211+0000][2.100s][info ][gc,phases   ] GC(5)   Merge Heap Roots: 0.0ms
[2025-03-19T15:17:34.211+0000][2.100s][info ][gc,phases   ] GC(5)   Evacuate Collection Set: 4.2ms
[2025-03-19T15:17:34.211+0000][2.100s][info ][gc,phases   ] GC(5)   Post Evacuate Collection Set: 0.4ms
[2025-03-19T15:17:34.211+0000][2.100s][info ][gc,phases   ] GC(5)   Other: 0.1ms
[2025-03-19T15:17:34.211+0000][2.100s][info ][gc,heap     ] GC(5) Eden regions: 80->0(78)
[2025-03-19T15:17:34.211+0000][2.100s][info ][gc,heap     ] GC(5) Survivor regions: 4->6(11)
[2025-03-19T15:17:34.211+0000][2.100s][info ][gc,heap     ] GC(5) Old regions: 10->10
[2025-03-19T15:17:34.211+0000][2.100s][info ][gc,heap     ] GC(5) Archive regions: 2->2
[2025-03-19T15:17:34.211+0000][2.100s][info ][gc,heap     ] GC(5) Humongous regions: 0->0
[2025-03-19T15:17:34.211+0000][2.100s][info ][gc,metaspace] GC(5) Metaspace: 14399K(14784K)->14399K(14784K) NonClass: 12535K(12736K)->12535K(12736K) Class: 1863K(2048K)->1863K(2048K)
[2025-03-19T15:17:34.211+0000][2.100s][info ][gc          ] GC(5) Pause Young (Normal) (G1 Evacuation Pause) 93M->16M(140M) 4.845ms
[2025-03-19T15:17:34.211+0000][2.100s][info ][gc,cpu      ] GC(5) User=0.02s Sys=0.00s Real=0.00s
[2025-03-19T15:17:34.211+0000][2.100s][info ][safepoint   ] Safepoint "G1CollectForAllocation", Time since last: 46562456 ns, Reaching safepoint: 112151 ns, Cleanup: 22814 ns, At safepoint: 4875788 ns, Total: 5010753 ns
[2025-03-19T15:17:34.309+0000][2.198s][info ][cds,heap    ] initialize_from_archived_subgraph java.lang.Byte$ByteCache 0x000072ea5b0395f8
[2025-03-19T15:17:34.309+0000][2.198s][info ][cds,heap    ] initialize_from_archived_subgraph java.lang.Short$ShortCache 0x000072ea5b03fce8
[2025-03-19T15:17:34.357+0000][2.247s][debug][safepoint   ] Safepoint synchronization initiated using futex wait barrier. (15 threads)
[2025-03-19T15:17:34.357+0000][2.247s][info ][gc,start    ] GC(6) Pause Young (Normal) (G1 Evacuation Pause)
[2025-03-19T15:17:34.357+0000][2.247s][info ][gc,task     ] GC(6) Using 4 workers of 4 for evacuation
[2025-03-19T15:17:34.361+0000][2.250s][info ][gc,phases   ] GC(6)   Pre Evacuate Collection Set: 0.0ms
[2025-03-19T15:17:34.361+0000][2.250s][info ][gc,phases   ] GC(6)   Merge Heap Roots: 0.0ms
[2025-03-19T15:17:34.361+0000][2.250s][info ][gc,phases   ] GC(6)   Evacuate Collection Set: 3.3ms
[2025-03-19T15:17:34.361+0000][2.250s][info ][gc,phases   ] GC(6)   Post Evacuate Collection Set: 0.4ms
[2025-03-19T15:17:34.361+0000][2.250s][info ][gc,phases   ] GC(6)   Other: 0.1ms
[2025-03-19T15:17:34.361+0000][2.250s][info ][gc,heap     ] GC(6) Eden regions: 78->0(77)
[2025-03-19T15:17:34.361+0000][2.250s][info ][gc,heap     ] GC(6) Survivor regions: 6->7(11)
[2025-03-19T15:17:34.361+0000][2.250s][info ][gc,heap     ] GC(6) Old regions: 10->10
[2025-03-19T15:17:34.361+0000][2.250s][info ][gc,heap     ] GC(6) Archive regions: 2->2
[2025-03-19T15:17:34.361+0000][2.250s][info ][gc,heap     ] GC(6) Humongous regions: 0->0
[2025-03-19T15:17:34.361+0000][2.250s][info ][gc,metaspace] GC(6) Metaspace: 16657K(16960K)->16657K(16960K) NonClass: 14393K(14528K)->14393K(14528K) Class: 2264K(2432K)->2264K(2432K)
[2025-03-19T15:17:34.361+0000][2.251s][info ][gc          ] GC(6) Pause Young (Normal) (G1 Evacuation Pause) 94M->16M(140M) 3.903ms
[2025-03-19T15:17:34.361+0000][2.251s][info ][gc,cpu      ] GC(6) User=0.02s Sys=0.00s Real=0.00s
[2025-03-19T15:17:34.361+0000][2.251s][info ][safepoint   ] Safepoint "G1CollectForAllocation", Time since last: 146031120 ns, Reaching safepoint: 34988 ns, Cleanup: 38604 ns, At safepoint: 3938573 ns, Total: 4012165 ns
[2025-03-19T15:17:34.460+0000][2.349s][debug][safepoint   ] ... found polling page loop exception at pc = 0x000072eac4ee717c, stub =0x000072eac498f400
[2025-03-19T15:17:34.581+0000][2.470s][debug][safepoint   ] Safepoint synchronization initiated using futex wait barrier. (15 threads)
[2025-03-19T15:17:34.581+0000][2.470s][info ][gc,start    ] GC(7) Pause Young (Normal) (G1 Evacuation Pause)
[2025-03-19T15:17:34.581+0000][2.470s][info ][gc,task     ] GC(7) Using 4 workers of 4 for evacuation
[2025-03-19T15:17:34.591+0000][2.480s][info ][gc,phases   ] GC(7)   Pre Evacuate Collection Set: 0.0ms
[2025-03-19T15:17:34.591+0000][2.480s][info ][gc,phases   ] GC(7)   Merge Heap Roots: 0.0ms
[2025-03-19T15:17:34.591+0000][2.480s][info ][gc,phases   ] GC(7)   Evacuate Collection Set: 9.0ms
[2025-03-19T15:17:34.591+0000][2.480s][info ][gc,phases   ] GC(7)   Post Evacuate Collection Set: 0.6ms
[2025-03-19T15:17:34.591+0000][2.480s][info ][gc,phases   ] GC(7)   Other: 0.1ms
[2025-03-19T15:17:34.591+0000][2.480s][info ][gc,heap     ] GC(7) Eden regions: 77->0(76)
[2025-03-19T15:17:34.591+0000][2.480s][info ][gc,heap     ] GC(7) Survivor regions: 7->8(11)
[2025-03-19T15:17:34.591+0000][2.480s][info ][gc,heap     ] GC(7) Old regions: 10->12
[2025-03-19T15:17:34.591+0000][2.480s][info ][gc,heap     ] GC(7) Archive regions: 2->2
[2025-03-19T15:17:34.591+0000][2.480s][info ][gc,heap     ] GC(7) Humongous regions: 0->0
[2025-03-19T15:17:34.591+0000][2.480s][info ][gc,metaspace] GC(7) Metaspace: 19767K(20160K)->19767K(20160K) NonClass: 17163K(17344K)->17163K(17344K) Class: 2603K(2816K)->2603K(2816K)
[2025-03-19T15:17:34.591+0000][2.480s][info ][gc          ] GC(7) Pause Young (Normal) (G1 Evacuation Pause) 93M->19M(140M) 9.834ms
[2025-03-19T15:17:34.591+0000][2.480s][info ][gc,cpu      ] GC(7) User=0.03s Sys=0.00s Real=0.01s
[2025-03-19T15:17:34.591+0000][2.480s][info ][safepoint   ] Safepoint "G1CollectForAllocation", Time since last: 219611842 ns, Reaching safepoint: 163069 ns, Cleanup: 38760 ns, At safepoint: 9872815 ns, Total: 10074644 ns
[2025-03-19T15:17:34.702+0000][2.591s][debug][safepoint   ] Safepoint synchronization initiated using futex wait barrier. (15 threads)
[2025-03-19T15:17:34.702+0000][2.591s][info ][gc,start    ] GC(8) Pause Young (Concurrent Start) (Metadata GC Threshold)
[2025-03-19T15:17:34.702+0000][2.591s][info ][gc,task     ] GC(8) Using 4 workers of 4 for evacuation
[2025-03-19T15:17:34.707+0000][2.596s][info ][gc,phases   ] GC(8)   Pre Evacuate Collection Set: 0.1ms
[2025-03-19T15:17:34.707+0000][2.596s][info ][gc,phases   ] GC(8)   Merge Heap Roots: 0.0ms
[2025-03-19T15:17:34.707+0000][2.596s][info ][gc,phases   ] GC(8)   Evacuate Collection Set: 4.3ms
[2025-03-19T15:17:34.707+0000][2.596s][info ][gc,phases   ] GC(8)   Post Evacuate Collection Set: 0.6ms
[2025-03-19T15:17:34.707+0000][2.596s][info ][gc,phases   ] GC(8)   Other: 0.1ms
[2025-03-19T15:17:34.707+0000][2.596s][info ][gc,heap     ] GC(8) Eden regions: 31->0(94)
[2025-03-19T15:17:34.707+0000][2.596s][info ][gc,heap     ] GC(8) Survivor regions: 8->6(11)
[2025-03-19T15:17:34.707+0000][2.596s][info ][gc,heap     ] GC(8) Old regions: 12->15
[2025-03-19T15:17:34.707+0000][2.596s][info ][gc,heap     ] GC(8) Archive regions: 2->2
[2025-03-19T15:17:34.707+0000][2.596s][info ][gc,heap     ] GC(8) Humongous regions: 0->0
[2025-03-19T15:17:34.707+0000][2.596s][info ][gc,metaspace] GC(8) Metaspace: 21170K(21504K)->21170K(21504K) NonClass: 18404K(18560K)->18404K(18560K) Class: 2765K(2944K)->2765K(2944K)
[2025-03-19T15:17:34.707+0000][2.596s][info ][gc          ] GC(8) Pause Young (Concurrent Start) (Metadata GC Threshold) 50M->21M(168M) 5.225ms
[2025-03-19T15:17:34.707+0000][2.596s][info ][gc,cpu      ] GC(8) User=0.02s Sys=0.00s Real=0.01s
[2025-03-19T15:17:34.707+0000][2.596s][info ][safepoint   ] Safepoint "CollectForMetadataAllocation", Time since last: 110513380 ns, Reaching safepoint: 101536 ns, Cleanup: 25514 ns, At safepoint: 5274527 ns, Total: 5401577 ns
[2025-03-19T15:17:34.707+0000][2.596s][info ][gc          ] GC(9) Concurrent Mark Cycle
[2025-03-19T15:17:34.707+0000][2.596s][info ][gc,marking  ] GC(9) Concurrent Clear Claimed Marks
[2025-03-19T15:17:34.707+0000][2.596s][info ][gc,marking  ] GC(9) Concurrent Clear Claimed Marks 0.025ms
[2025-03-19T15:17:34.707+0000][2.596s][info ][gc,marking  ] GC(9) Concurrent Scan Root Regions
[2025-03-19T15:17:34.716+0000][2.605s][info ][gc,marking  ] GC(9) Concurrent Scan Root Regions 8.697ms
[2025-03-19T15:17:34.716+0000][2.605s][info ][gc,marking  ] GC(9) Concurrent Mark
[2025-03-19T15:17:34.716+0000][2.605s][info ][gc,marking  ] GC(9) Concurrent Mark From Roots
[2025-03-19T15:17:34.716+0000][2.605s][info ][gc,task     ] GC(9) Using 1 workers of 1 for marking
[2025-03-19T15:17:34.731+0000][2.621s][debug][safepoint   ] Safepoint synchronization initiated using futex wait barrier. (15 threads)
[2025-03-19T15:17:34.732+0000][2.621s][info ][safepoint   ] Safepoint "CollectForMetadataAllocation", Time since last: 24532033 ns, Reaching safepoint: 136105 ns, Cleanup: 15832 ns, At safepoint: 27578 ns, Total: 179515 ns
[2025-03-19T15:17:34.737+0000][2.626s][info ][gc,marking  ] GC(9) Concurrent Mark From Roots 21.268ms
[2025-03-19T15:17:34.737+0000][2.626s][info ][gc,marking  ] GC(9) Concurrent Preclean
[2025-03-19T15:17:34.737+0000][2.627s][debug][safepoint   ] Safepoint synchronization initiated using futex wait barrier. (15 threads)
[2025-03-19T15:17:34.738+0000][2.627s][info ][safepoint   ] Safepoint "CollectForMetadataAllocation", Time since last: 5462006 ns, Reaching safepoint: 475477 ns, Cleanup: 8674 ns, At safepoint: 6927 ns, Total: 491078 ns
[2025-03-19T15:17:34.738+0000][2.627s][info ][gc,marking  ] GC(9) Concurrent Preclean 0.783ms
[2025-03-19T15:17:34.738+0000][2.627s][debug][safepoint   ] Safepoint synchronization initiated using futex wait barrier. (15 threads)
[2025-03-19T15:17:34.738+0000][2.627s][info ][gc,start    ] GC(9) Pause Remark
[2025-03-19T15:17:34.741+0000][2.630s][info ][gc          ] GC(9) Pause Remark 25M->25M(90M) 2.592ms
[2025-03-19T15:17:34.741+0000][2.630s][info ][gc,cpu      ] GC(9) User=0.01s Sys=0.00s Real=0.00s
[2025-03-19T15:17:34.741+0000][2.630s][info ][safepoint   ] Safepoint "G1PauseRemark", Time since last: 245616 ns, Reaching safepoint: 131456 ns, Cleanup: 1518 ns, At safepoint: 2648066 ns, Total: 2781040 ns
[2025-03-19T15:17:34.741+0000][2.631s][info ][gc,marking  ] GC(9) Concurrent Mark 25.596ms
[2025-03-19T15:17:34.741+0000][2.631s][info ][gc,marking  ] GC(9) Concurrent Rebuild Remembered Sets
[2025-03-19T15:17:34.754+0000][2.643s][info ][gc,marking  ] GC(9) Concurrent Rebuild Remembered Sets 12.508ms
[2025-03-19T15:17:34.754+0000][2.643s][debug][safepoint   ] Safepoint synchronization initiated using futex wait barrier. (15 threads)
[2025-03-19T15:17:34.754+0000][2.643s][info ][gc,start    ] GC(9) Pause Cleanup
[2025-03-19T15:17:34.754+0000][2.643s][info ][gc          ] GC(9) Pause Cleanup 27M->27M(90M) 0.061ms
[2025-03-19T15:17:34.754+0000][2.643s][info ][gc,cpu      ] GC(9) User=0.00s Sys=0.00s Real=0.00s
[2025-03-19T15:17:34.754+0000][2.643s][info ][safepoint   ] Safepoint "G1PauseCleanup", Time since last: 13277656 ns, Reaching safepoint: 210729 ns, Cleanup: 8519 ns, At safepoint: 79335 ns, Total: 298583 ns
[2025-03-19T15:17:34.754+0000][2.643s][info ][gc,marking  ] GC(9) Concurrent Cleanup for Next Mark
[2025-03-19T15:17:34.755+0000][2.644s][info ][gc,marking  ] GC(9) Concurrent Cleanup for Next Mark 0.559ms
[2025-03-19T15:17:34.755+0000][2.644s][info ][gc          ] GC(9) Concurrent Mark Cycle 47.854ms
[2025-03-19T15:17:34.936+0000][2.826s][debug][safepoint   ] Safepoint synchronization initiated using futex wait barrier. (15 threads)
[2025-03-19T15:17:34.936+0000][2.826s][info ][gc,start    ] GC(10) Pause Young (Concurrent Start) (G1 Preventive Collection)
[2025-03-19T15:17:34.936+0000][2.826s][info ][gc,task     ] GC(10) Using 4 workers of 4 for evacuation
[2025-03-19T15:17:34.943+0000][2.832s][info ][gc,phases   ] GC(10)   Pre Evacuate Collection Set: 0.1ms
[2025-03-19T15:17:34.943+0000][2.832s][info ][gc,phases   ] GC(10)   Merge Heap Roots: 0.0ms
[2025-03-19T15:17:34.943+0000][2.832s][info ][gc,phases   ] GC(10)   Evacuate Collection Set: 5.7ms
[2025-03-19T15:17:34.943+0000][2.832s][info ][gc,phases   ] GC(10)   Post Evacuate Collection Set: 0.6ms
[2025-03-19T15:17:34.943+0000][2.832s][info ][gc,phases   ] GC(10)   Other: 0.1ms
[2025-03-19T15:17:34.943+0000][2.832s][info ][gc,heap     ] GC(10) Eden regions: 57->0(46)
[2025-03-19T15:17:34.943+0000][2.832s][info ][gc,heap     ] GC(10) Survivor regions: 6->8(13)
[2025-03-19T15:17:34.943+0000][2.832s][info ][gc,heap     ] GC(10) Old regions: 15->15
[2025-03-19T15:17:34.943+0000][2.832s][info ][gc,heap     ] GC(10) Archive regions: 2->2
[2025-03-19T15:17:34.943+0000][2.832s][info ][gc,heap     ] GC(10) Humongous regions: 0->0
[2025-03-19T15:17:34.943+0000][2.832s][info ][gc,metaspace] GC(10) Metaspace: 23172K(23488K)->23172K(23488K) NonClass: 20136K(20288K)->20136K(20288K) Class: 3035K(3200K)->3035K(3200K)
[2025-03-19T15:17:34.943+0000][2.832s][info ][gc          ] GC(10) Pause Young (Concurrent Start) (G1 Preventive Collection) 78M->23M(90M) 6.578ms
[2025-03-19T15:17:34.943+0000][2.832s][info ][gc,cpu      ] GC(10) User=0.02s Sys=0.00s Real=0.01s
[2025-03-19T15:17:34.943+0000][2.832s][info ][gc          ] GC(11) Concurrent Mark Cycle
[2025-03-19T15:17:34.943+0000][2.832s][info ][gc,marking  ] GC(11) Concurrent Clear Claimed Marks
[2025-03-19T15:17:34.943+0000][2.832s][info ][gc,marking  ] GC(11) Concurrent Clear Claimed Marks 0.028ms
[2025-03-19T15:17:34.943+0000][2.832s][info ][gc,marking  ] GC(11) Concurrent Scan Root Regions
[2025-03-19T15:17:34.943+0000][2.832s][info ][safepoint   ] Safepoint "G1CollectForAllocation", Time since last: 182114239 ns, Reaching safepoint: 104543 ns, Cleanup: 51196 ns, At safepoint: 6616043 ns, Total: 6771782 ns
[2025-03-19T15:17:34.947+0000][2.836s][info ][gc,marking  ] GC(11) Concurrent Scan Root Regions 3.727ms
[2025-03-19T15:17:34.947+0000][2.836s][info ][gc,marking  ] GC(11) Concurrent Mark
[2025-03-19T15:17:34.947+0000][2.836s][info ][gc,marking  ] GC(11) Concurrent Mark From Roots
[2025-03-19T15:17:34.947+0000][2.836s][info ][gc,task     ] GC(11) Using 1 workers of 1 for marking
[2025-03-19T15:17:34.968+0000][2.858s][info ][gc,marking  ] GC(11) Concurrent Mark From Roots 21.491ms
[2025-03-19T15:17:34.968+0000][2.858s][info ][gc,marking  ] GC(11) Concurrent Preclean
[2025-03-19T15:17:34.969+0000][2.858s][info ][gc,marking  ] GC(11) Concurrent Preclean 0.222ms
[2025-03-19T15:17:34.969+0000][2.858s][debug][safepoint   ] Safepoint synchronization initiated using futex wait barrier. (15 threads)
[2025-03-19T15:17:34.969+0000][2.858s][info ][gc,start    ] GC(11) Pause Remark
[2025-03-19T15:17:34.974+0000][2.863s][info ][gc          ] GC(11) Pause Remark 29M->29M(90M) 4.761ms
[2025-03-19T15:17:34.974+0000][2.863s][info ][gc,cpu      ] GC(11) User=0.02s Sys=0.00s Real=0.01s
[2025-03-19T15:17:34.974+0000][2.863s][info ][safepoint   ] Safepoint "G1PauseRemark", Time since last: 25592666 ns, Reaching safepoint: 81715 ns, Cleanup: 12821 ns, At safepoint: 4842740 ns, Total: 4937276 ns
[2025-03-19T15:17:34.974+0000][2.863s][info ][gc,marking  ] GC(11) Concurrent Mark 26.736ms
[2025-03-19T15:17:34.974+0000][2.863s][info ][gc,marking  ] GC(11) Concurrent Rebuild Remembered Sets
[2025-03-19T15:17:34.983+0000][2.872s][info ][gc,marking  ] GC(11) Concurrent Rebuild Remembered Sets 9.253ms
[2025-03-19T15:17:34.983+0000][2.872s][debug][safepoint   ] Safepoint synchronization initiated using futex wait barrier. (15 threads)
[2025-03-19T15:17:34.983+0000][2.872s][info ][gc,start    ] GC(11) Pause Cleanup
[2025-03-19T15:17:34.983+0000][2.872s][info ][gc          ] GC(11) Pause Cleanup 30M->30M(90M) 0.049ms
[2025-03-19T15:17:34.983+0000][2.872s][info ][gc,cpu      ] GC(11) User=0.00s Sys=0.00s Real=0.00s
[2025-03-19T15:17:34.983+0000][2.872s][info ][safepoint   ] Safepoint "G1PauseCleanup", Time since last: 9322285 ns, Reaching safepoint: 83075 ns, Cleanup: 3036 ns, At safepoint: 72674 ns, Total: 158785 ns
[2025-03-19T15:17:34.986+0000][2.875s][info ][gc,marking  ] GC(11) Concurrent Cleanup for Next Mark
[2025-03-19T15:17:34.987+0000][2.876s][info ][gc,marking  ] GC(11) Concurrent Cleanup for Next Mark 0.587ms
[2025-03-19T15:17:34.987+0000][2.876s][info ][gc          ] GC(11) Concurrent Mark Cycle 43.767ms
[2025-03-19T15:17:35.086+0000][2.975s][debug][safepoint   ] Safepoint synchronization initiated using futex wait barrier. (15 threads)
[2025-03-19T15:17:35.086+0000][2.976s][info ][gc,start    ] GC(12) Pause Young (Normal) (G1 Evacuation Pause)
[2025-03-19T15:17:35.086+0000][2.976s][info ][gc,task     ] GC(12) Using 4 workers of 4 for evacuation
[2025-03-19T15:17:35.092+0000][2.982s][info ][gc,phases   ] GC(12)   Pre Evacuate Collection Set: 0.0ms
[2025-03-19T15:17:35.092+0000][2.982s][info ][gc,phases   ] GC(12)   Merge Heap Roots: 0.0ms
[2025-03-19T15:17:35.092+0000][2.982s][info ][gc,phases   ] GC(12)   Evacuate Collection Set: 5.2ms
[2025-03-19T15:17:35.092+0000][2.982s][info ][gc,phases   ] GC(12)   Post Evacuate Collection Set: 0.6ms
[2025-03-19T15:17:35.092+0000][2.982s][info ][gc,phases   ] GC(12)   Other: 0.1ms
[2025-03-19T15:17:35.092+0000][2.982s][info ][gc,heap     ] GC(12) Eden regions: 46->0(46)
[2025-03-19T15:17:35.092+0000][2.982s][info ][gc,heap     ] GC(12) Survivor regions: 8->7(7)
[2025-03-19T15:17:35.092+0000][2.982s][info ][gc,heap     ] GC(12) Old regions: 15->19
[2025-03-19T15:17:35.092+0000][2.982s][info ][gc,heap     ] GC(12) Archive regions: 2->2
[2025-03-19T15:17:35.092+0000][2.982s][info ][gc,heap     ] GC(12) Humongous regions: 0->0
[2025-03-19T15:17:35.092+0000][2.982s][info ][gc,metaspace] GC(12) Metaspace: 24057K(24384K)->24057K(24384K) NonClass: 20923K(21120K)->20923K(21120K) Class: 3133K(3264K)->3133K(3264K)
[2025-03-19T15:17:35.092+0000][2.982s][info ][gc          ] GC(12) Pause Young (Normal) (G1 Evacuation Pause) 69M->26M(90M) 5.984ms
[2025-03-19T15:17:35.092+0000][2.982s][info ][gc,cpu      ] GC(12) User=0.02s Sys=0.00s Real=0.01s
[2025-03-19T15:17:35.092+0000][2.982s][info ][safepoint   ] Safepoint "G1CollectForAllocation", Time since last: 103146587 ns, Reaching safepoint: 184673 ns, Cleanup: 37231 ns, At safepoint: 6017310 ns, Total: 6239214 ns
[2025-03-19T15:17:35.166+0000][3.055s][debug][safepoint   ] Safepoint synchronization initiated using futex wait barrier. (14 threads)
[2025-03-19T15:17:35.166+0000][3.056s][info ][gc,start    ] GC(13) Pause Young (Normal) (G1 Evacuation Pause)
[2025-03-19T15:17:35.166+0000][3.056s][info ][gc,task     ] GC(13) Using 3 workers of 4 for evacuation
[2025-03-19T15:17:35.175+0000][3.064s][info ][gc,phases   ] GC(13)   Pre Evacuate Collection Set: 0.0ms
[2025-03-19T15:17:35.175+0000][3.064s][info ][gc,phases   ] GC(13)   Merge Heap Roots: 0.0ms
[2025-03-19T15:17:35.175+0000][3.064s][info ][gc,phases   ] GC(13)   Evacuate Collection Set: 7.5ms
[2025-03-19T15:17:35.175+0000][3.064s][info ][gc,phases   ] GC(13)   Post Evacuate Collection Set: 0.8ms
[2025-03-19T15:17:35.175+0000][3.064s][info ][gc,phases   ] GC(13)   Other: 0.1ms
[2025-03-19T15:17:35.175+0000][3.064s][info ][gc,heap     ] GC(13) Eden regions: 46->0(39)
[2025-03-19T15:17:35.175+0000][3.064s][info ][gc,heap     ] GC(13) Survivor regions: 7->7(7)
[2025-03-19T15:17:35.175+0000][3.064s][info ][gc,heap     ] GC(13) Old regions: 19->24
[2025-03-19T15:17:35.175+0000][3.064s][info ][gc,heap     ] GC(13) Archive regions: 2->2
[2025-03-19T15:17:35.175+0000][3.064s][info ][gc,heap     ] GC(13) Humongous regions: 0->0
[2025-03-19T15:17:35.175+0000][3.064s][info ][gc,metaspace] GC(13) Metaspace: 24473K(24896K)->24473K(24896K) NonClass: 21279K(21504K)->21279K(21504K) Class: 3194K(3392K)->3194K(3392K)
[2025-03-19T15:17:35.175+0000][3.064s][info ][gc          ] GC(13) Pause Young (Normal) (G1 Evacuation Pause) 72M->31M(90M) 8.480ms
[2025-03-19T15:17:35.175+0000][3.064s][info ][gc,cpu      ] GC(13) User=0.04s Sys=0.00s Real=0.01s
[2025-03-19T15:17:35.175+0000][3.064s][info ][safepoint   ] Safepoint "G1CollectForAllocation", Time since last: 73736130 ns, Reaching safepoint: 85468 ns, Cleanup: 17211 ns, At safepoint: 8513541 ns, Total: 8616220 ns
[2025-03-19T15:17:35.228+0000][3.117s][debug][safepoint   ] Safepoint synchronization initiated using futex wait barrier. (14 threads)
[2025-03-19T15:17:35.228+0000][3.117s][info ][gc,start    ] GC(14) Pause Young (Normal) (G1 Evacuation Pause)
[2025-03-19T15:17:35.228+0000][3.117s][info ][gc,task     ] GC(14) Using 2 workers of 4 for evacuation
[2025-03-19T15:17:35.240+0000][3.129s][info ][gc,phases   ] GC(14)   Pre Evacuate Collection Set: 0.0ms
[2025-03-19T15:17:35.240+0000][3.129s][info ][gc,phases   ] GC(14)   Merge Heap Roots: 0.0ms
[2025-03-19T15:17:35.240+0000][3.129s][info ][gc,phases   ] GC(14)   Evacuate Collection Set: 10.8ms
[2025-03-19T15:17:35.240+0000][3.129s][info ][gc,phases   ] GC(14)   Post Evacuate Collection Set: 0.7ms
[2025-03-19T15:17:35.240+0000][3.129s][info ][gc,phases   ] GC(14)   Other: 0.1ms
[2025-03-19T15:17:35.240+0000][3.129s][info ][gc,heap     ] GC(14) Eden regions: 39->0(33)
[2025-03-19T15:17:35.240+0000][3.129s][info ][gc,heap     ] GC(14) Survivor regions: 7->6(6)
[2025-03-19T15:17:35.240+0000][3.129s][info ][gc,heap     ] GC(14) Old regions: 24->31
[2025-03-19T15:17:35.240+0000][3.129s][info ][gc,heap     ] GC(14) Archive regions: 2->2
[2025-03-19T15:17:35.240+0000][3.129s][info ][gc,heap     ] GC(14) Humongous regions: 0->0
[2025-03-19T15:17:35.240+0000][3.129s][info ][gc,metaspace] GC(14) Metaspace: 24479K(24896K)->24479K(24896K) NonClass: 21283K(21504K)->21283K(21504K) Class: 3195K(3392K)->3195K(3392K)
[2025-03-19T15:17:35.240+0000][3.129s][info ][gc          ] GC(14) Pause Young (Normal) (G1 Evacuation Pause) 70M->37M(90M) 11.760ms
[2025-03-19T15:17:35.240+0000][3.129s][info ][gc,cpu      ] GC(14) User=0.03s Sys=0.00s Real=0.01s
[2025-03-19T15:17:35.240+0000][3.129s][info ][safepoint   ] Safepoint "G1CollectForAllocation", Time since last: 53342130 ns, Reaching safepoint: 30990 ns, Cleanup: 10704 ns, At safepoint: 11791352 ns, Total: 11833046 ns
[2025-03-19T15:17:35.306+0000][3.195s][debug][safepoint   ] Safepoint synchronization initiated using futex wait barrier. (14 threads)
[2025-03-19T15:17:35.306+0000][3.195s][info ][gc,start    ] GC(15) Pause Young (Normal) (G1 Evacuation Pause)
[2025-03-19T15:17:35.306+0000][3.195s][info ][gc,task     ] GC(15) Using 2 workers of 4 for evacuation
[2025-03-19T15:17:35.316+0000][3.205s][info ][gc,phases   ] GC(15)   Pre Evacuate Collection Set: 0.0ms
[2025-03-19T15:17:35.316+0000][3.205s][info ][gc,phases   ] GC(15)   Merge Heap Roots: 0.0ms
[2025-03-19T15:17:35.316+0000][3.205s][info ][gc,phases   ] GC(15)   Evacuate Collection Set: 9.4ms
[2025-03-19T15:17:35.316+0000][3.205s][info ][gc,phases   ] GC(15)   Post Evacuate Collection Set: 0.6ms
[2025-03-19T15:17:35.316+0000][3.205s][info ][gc,phases   ] GC(15)   Other: 0.1ms
[2025-03-19T15:17:35.316+0000][3.205s][info ][gc,heap     ] GC(15) Eden regions: 33->0(30)
[2025-03-19T15:17:35.316+0000][3.205s][info ][gc,heap     ] GC(15) Survivor regions: 6->4(5)
[2025-03-19T15:17:35.316+0000][3.205s][info ][gc,heap     ] GC(15) Old regions: 31->37
[2025-03-19T15:17:35.316+0000][3.205s][info ][gc,heap     ] GC(15) Archive regions: 2->2
[2025-03-19T15:17:35.316+0000][3.205s][info ][gc,heap     ] GC(15) Humongous regions: 0->0
[2025-03-19T15:17:35.316+0000][3.205s][info ][gc,metaspace] GC(15) Metaspace: 24576K(24960K)->24576K(24960K) NonClass: 21371K(21568K)->21371K(21568K) Class: 3204K(3392K)->3204K(3392K)
[2025-03-19T15:17:35.316+0000][3.205s][info ][gc          ] GC(15) Pause Young (Normal) (G1 Evacuation Pause) 70M->40M(90M) 10.207ms
[2025-03-19T15:17:35.316+0000][3.205s][info ][gc,cpu      ] GC(15) User=0.03s Sys=0.00s Real=0.01s
[2025-03-19T15:17:35.316+0000][3.205s][info ][safepoint   ] Safepoint "G1CollectForAllocation", Time since last: 65896273 ns, Reaching safepoint: 28604 ns, Cleanup: 17075 ns, At safepoint: 10241170 ns, Total: 10286849 ns
[2025-03-19T15:17:35.400+0000][3.290s][debug][safepoint   ] Safepoint synchronization initiated using futex wait barrier. (14 threads)
[2025-03-19T15:17:35.401+0000][3.290s][info ][gc,start    ] GC(16) Pause Young (Normal) (G1 Evacuation Pause)
[2025-03-19T15:17:35.401+0000][3.290s][info ][gc,task     ] GC(16) Using 2 workers of 4 for evacuation
[2025-03-19T15:17:35.408+0000][3.297s][info ][gc,phases   ] GC(16)   Pre Evacuate Collection Set: 0.0ms
[2025-03-19T15:17:35.408+0000][3.297s][info ][gc,phases   ] GC(16)   Merge Heap Roots: 0.0ms
[2025-03-19T15:17:35.408+0000][3.297s][info ][gc,phases   ] GC(16)   Evacuate Collection Set: 5.8ms
[2025-03-19T15:17:35.408+0000][3.297s][info ][gc,phases   ] GC(16)   Post Evacuate Collection Set: 1.4ms
[2025-03-19T15:17:35.408+0000][3.297s][info ][gc,phases   ] GC(16)   Other: 0.1ms
[2025-03-19T15:17:35.408+0000][3.297s][info ][gc,heap     ] GC(16) Eden regions: 30->0(91)
[2025-03-19T15:17:35.408+0000][3.297s][info ][gc,heap     ] GC(16) Survivor regions: 4->3(5)
[2025-03-19T15:17:35.408+0000][3.297s][info ][gc,heap     ] GC(16) Old regions: 37->40
[2025-03-19T15:17:35.408+0000][3.297s][info ][gc,heap     ] GC(16) Archive regions: 2->2
[2025-03-19T15:17:35.408+0000][3.297s][info ][gc,heap     ] GC(16) Humongous regions: 0->0
[2025-03-19T15:17:35.408+0000][3.297s][info ][gc,metaspace] GC(16) Metaspace: 24752K(25088K)->24752K(25088K) NonClass: 21513K(21696K)->21513K(21696K) Class: 3238K(3392K)->3238K(3392K)
[2025-03-19T15:17:35.408+0000][3.297s][info ][gc          ] GC(16) Pause Young (Normal) (G1 Evacuation Pause) 70M->43M(180M) 7.339ms
[2025-03-19T15:17:35.408+0000][3.297s][info ][gc,cpu      ] GC(16) User=0.03s Sys=0.01s Real=0.01s
[2025-03-19T15:17:35.408+0000][3.297s][info ][safepoint   ] Safepoint "G1CollectForAllocation", Time since last: 84324446 ns, Reaching safepoint: 34124 ns, Cleanup: 14040 ns, At safepoint: 7374962 ns, Total: 7423126 ns
[2025-03-19T15:17:35.693+0000][3.583s][debug][safepoint   ] Safepoint synchronization initiated using futex wait barrier. (14 threads)
[2025-03-19T15:17:35.694+0000][3.583s][info ][safepoint   ] Safepoint "ICBufferFull", Time since last: 285388951 ns, Reaching safepoint: 39690 ns, Cleanup: 103686 ns, At safepoint: 245196 ns, Total: 388572 ns
[2025-03-19T15:17:35.788+0000][3.677s][debug][safepoint   ] Safepoint synchronization initiated using futex wait barrier. (14 threads)
[2025-03-19T15:17:35.788+0000][3.677s][info ][gc,start    ] GC(17) Pause Young (Normal) (G1 Evacuation Pause)
[2025-03-19T15:17:35.788+0000][3.677s][info ][gc,task     ] GC(17) Using 4 workers of 4 for evacuation
[2025-03-19T15:17:35.796+0000][3.686s][info ][gc,phases   ] GC(17)   Pre Evacuate Collection Set: 0.1ms
[2025-03-19T15:17:35.796+0000][3.686s][info ][gc,phases   ] GC(17)   Merge Heap Roots: 0.1ms
[2025-03-19T15:17:35.796+0000][3.686s][info ][gc,phases   ] GC(17)   Evacuate Collection Set: 8.0ms
[2025-03-19T15:17:35.796+0000][3.686s][info ][gc,phases   ] GC(17)   Post Evacuate Collection Set: 0.6ms
[2025-03-19T15:17:35.796+0000][3.686s][info ][gc,phases   ] GC(17)   Other: 0.1ms
[2025-03-19T15:17:35.796+0000][3.686s][info ][gc,heap     ] GC(17) Eden regions: 91->0(87)
[2025-03-19T15:17:35.796+0000][3.686s][info ][gc,heap     ] GC(17) Survivor regions: 3->9(12)
[2025-03-19T15:17:35.796+0000][3.686s][info ][gc,heap     ] GC(17) Old regions: 40->40
[2025-03-19T15:17:35.796+0000][3.686s][info ][gc,heap     ] GC(17) Archive regions: 2->2
[2025-03-19T15:17:35.796+0000][3.686s][info ][gc,heap     ] GC(17) Humongous regions: 0->0
[2025-03-19T15:17:35.796+0000][3.686s][info ][gc,metaspace] GC(17) Metaspace: 25115K(25472K)->25115K(25472K) NonClass: 21851K(22016K)->21851K(22016K) Class: 3263K(3456K)->3263K(3456K)
[2025-03-19T15:17:35.796+0000][3.686s][info ][gc          ] GC(17) Pause Young (Normal) (G1 Evacuation Pause) 134M->49M(180M) 8.851ms
[2025-03-19T15:17:35.796+0000][3.686s][info ][gc,cpu      ] GC(17) User=0.03s Sys=0.01s Real=0.01s
[2025-03-19T15:17:35.797+0000][3.686s][info ][safepoint   ] Safepoint "G1CollectForAllocation", Time since last: 93841203 ns, Reaching safepoint: 35948 ns, Cleanup: 18002 ns, At safepoint: 9025687 ns, Total: 9079637 ns
[2025-03-19T15:17:36.026+0000][3.915s][debug][safepoint   ] Safepoint synchronization initiated using futex wait barrier. (14 threads)
[2025-03-19T15:17:36.026+0000][3.915s][info ][gc,start    ] GC(18) Pause Young (Normal) (G1 Evacuation Pause)
[2025-03-19T15:17:36.026+0000][3.915s][info ][gc,task     ] GC(18) Using 4 workers of 4 for evacuation
[2025-03-19T15:17:36.034+0000][3.924s][info ][gc,phases   ] GC(18)   Pre Evacuate Collection Set: 0.0ms
[2025-03-19T15:17:36.034+0000][3.924s][info ][gc,phases   ] GC(18)   Merge Heap Roots: 0.0ms
[2025-03-19T15:17:36.034+0000][3.924s][info ][gc,phases   ] GC(18)   Evacuate Collection Set: 7.3ms
[2025-03-19T15:17:36.034+0000][3.924s][info ][gc,phases   ] GC(18)   Post Evacuate Collection Set: 0.6ms
[2025-03-19T15:17:36.034+0000][3.924s][info ][gc,phases   ] GC(18)   Other: 0.1ms
[2025-03-19T15:17:36.034+0000][3.924s][info ][gc,heap     ] GC(18) Eden regions: 87->0(86)
[2025-03-19T15:17:36.034+0000][3.924s][info ][gc,heap     ] GC(18) Survivor regions: 9->11(12)
[2025-03-19T15:17:36.034+0000][3.924s][info ][gc,heap     ] GC(18) Old regions: 40->43
[2025-03-19T15:17:36.034+0000][3.924s][info ][gc,heap     ] GC(18) Archive regions: 2->2
[2025-03-19T15:17:36.034+0000][3.924s][info ][gc,heap     ] GC(18) Humongous regions: 0->0
[2025-03-19T15:17:36.034+0000][3.924s][info ][gc,metaspace] GC(18) Metaspace: 25184K(25600K)->25184K(25600K) NonClass: 21918K(22144K)->21918K(22144K) Class: 3266K(3456K)->3266K(3456K)
[2025-03-19T15:17:36.034+0000][3.924s][info ][gc          ] GC(18) Pause Young (Normal) (G1 Evacuation Pause) 136M->53M(180M) 8.148ms
[2025-03-19T15:17:36.034+0000][3.924s][info ][gc,cpu      ] GC(18) User=0.03s Sys=0.01s Real=0.01s
[2025-03-19T15:17:36.034+0000][3.924s][info ][safepoint   ] Safepoint "G1CollectForAllocation", Time since last: 229515668 ns, Reaching safepoint: 31949 ns, Cleanup: 37222 ns, At safepoint: 8182473 ns, Total: 8251644 ns
[2025-03-19T15:17:36.297+0000][4.187s][debug][safepoint   ] Safepoint synchronization initiated using futex wait barrier. (15 threads)
[2025-03-19T15:17:36.298+0000][4.187s][info ][gc,start    ] GC(19) Pause Young (Normal) (G1 Evacuation Pause)
[2025-03-19T15:17:36.298+0000][4.187s][info ][gc,task     ] GC(19) Using 4 workers of 4 for evacuation
[2025-03-19T15:17:36.304+0000][4.193s][info ][gc,phases   ] GC(19)   Pre Evacuate Collection Set: 0.0ms
[2025-03-19T15:17:36.304+0000][4.193s][info ][gc,phases   ] GC(19)   Merge Heap Roots: 0.0ms
[2025-03-19T15:17:36.304+0000][4.193s][info ][gc,phases   ] GC(19)   Evacuate Collection Set: 5.5ms
[2025-03-19T15:17:36.304+0000][4.193s][info ][gc,phases   ] GC(19)   Post Evacuate Collection Set: 0.7ms
[2025-03-19T15:17:36.304+0000][4.193s][info ][gc,phases   ] GC(19)   Other: 0.1ms
[2025-03-19T15:17:36.304+0000][4.193s][info ][gc,heap     ] GC(19) Eden regions: 86->0(87)
[2025-03-19T15:17:36.304+0000][4.193s][info ][gc,heap     ] GC(19) Survivor regions: 11->7(13)
[2025-03-19T15:17:36.304+0000][4.193s][info ][gc,heap     ] GC(19) Old regions: 43->49
[2025-03-19T15:17:36.304+0000][4.193s][info ][gc,heap     ] GC(19) Archive regions: 2->2
[2025-03-19T15:17:36.304+0000][4.193s][info ][gc,heap     ] GC(19) Humongous regions: 0->0
[2025-03-19T15:17:36.304+0000][4.193s][info ][gc,metaspace] GC(19) Metaspace: 26160K(26560K)->26160K(26560K) NonClass: 22822K(23040K)->22822K(23040K) Class: 3337K(3520K)->3337K(3520K)
[2025-03-19T15:17:36.304+0000][4.193s][info ][gc          ] GC(19) Pause Young (Normal) (G1 Evacuation Pause) 139M->55M(180M) 6.407ms
[2025-03-19T15:17:36.304+0000][4.193s][info ][gc,cpu      ] GC(19) User=0.02s Sys=0.00s Real=0.01s
[2025-03-19T15:17:36.304+0000][4.193s][info ][safepoint   ] Safepoint "G1CollectForAllocation", Time since last: 263112603 ns, Reaching safepoint: 96483 ns, Cleanup: 58837 ns, At safepoint: 6441701 ns, Total: 6597021 ns
[2025-03-19T15:17:36.436+0000][4.326s][debug][safepoint   ] Safepoint synchronization initiated using futex wait barrier. (15 threads)
[2025-03-19T15:17:36.437+0000][4.326s][info ][gc,start    ] GC(20) Pause Young (Normal) (G1 Evacuation Pause)
[2025-03-19T15:17:36.437+0000][4.326s][info ][gc,task     ] GC(20) Using 4 workers of 4 for evacuation
[2025-03-19T15:17:36.441+0000][4.330s][info ][gc,phases   ] GC(20)   Pre Evacuate Collection Set: 0.0ms
[2025-03-19T15:17:36.441+0000][4.330s][info ][gc,phases   ] GC(20)   Merge Heap Roots: 0.0ms
[2025-03-19T15:17:36.441+0000][4.330s][info ][gc,phases   ] GC(20)   Evacuate Collection Set: 3.6ms
[2025-03-19T15:17:36.441+0000][4.330s][info ][gc,phases   ] GC(20)   Post Evacuate Collection Set: 0.9ms
[2025-03-19T15:17:36.441+0000][4.330s][info ][gc,phases   ] GC(20)   Other: 0.1ms
[2025-03-19T15:17:36.441+0000][4.330s][info ][gc,heap     ] GC(20) Eden regions: 87->0(134)
[2025-03-19T15:17:36.441+0000][4.330s][info ][gc,heap     ] GC(20) Survivor regions: 7->7(12)
[2025-03-19T15:17:36.441+0000][4.330s][info ][gc,heap     ] GC(20) Old regions: 49->49
[2025-03-19T15:17:36.441+0000][4.330s][info ][gc,heap     ] GC(20) Archive regions: 2->2
[2025-03-19T15:17:36.441+0000][4.330s][info ][gc,heap     ] GC(20) Humongous regions: 0->0
[2025-03-19T15:17:36.441+0000][4.330s][info ][gc,metaspace] GC(20) Metaspace: 26883K(27264K)->26883K(27264K) NonClass: 23478K(23680K)->23478K(23680K) Class: 3404K(3584K)->3404K(3584K)
[2025-03-19T15:17:36.441+0000][4.330s][info ][gc          ] GC(20) Pause Young (Normal) (G1 Evacuation Pause) 142M->56M(237M) 4.642ms
[2025-03-19T15:17:36.441+0000][4.330s][info ][gc,cpu      ] GC(20) User=0.02s Sys=0.00s Real=0.00s
[2025-03-19T15:17:36.441+0000][4.330s][info ][safepoint   ] Safepoint "G1CollectForAllocation", Time since last: 132359026 ns, Reaching safepoint: 101704 ns, Cleanup: 13485 ns, At safepoint: 4673229 ns, Total: 4788418 ns
[2025-03-19T15:17:36.925+0000][4.814s][debug][safepoint   ] Safepoint synchronization initiated using futex wait barrier. (14 threads)
[2025-03-19T15:17:36.925+0000][4.814s][info ][gc,start    ] GC(21) Pause Young (Normal) (G1 Evacuation Pause)
[2025-03-19T15:17:36.925+0000][4.814s][info ][gc,task     ] GC(21) Using 4 workers of 4 for evacuation
[2025-03-19T15:17:36.930+0000][4.819s][info ][gc,phases   ] GC(21)   Pre Evacuate Collection Set: 0.0ms
[2025-03-19T15:17:36.930+0000][4.819s][info ][gc,phases   ] GC(21)   Merge Heap Roots: 0.0ms
[2025-03-19T15:17:36.930+0000][4.819s][info ][gc,phases   ] GC(21)   Evacuate Collection Set: 4.1ms
[2025-03-19T15:17:36.930+0000][4.819s][info ][gc,phases   ] GC(21)   Post Evacuate Collection Set: 0.8ms
[2025-03-19T15:17:36.930+0000][4.819s][info ][gc,phases   ] GC(21)   Other: 0.1ms
[2025-03-19T15:17:36.930+0000][4.819s][info ][gc,heap     ] GC(21) Eden regions: 134->0(133)
[2025-03-19T15:17:36.930+0000][4.819s][info ][gc,heap     ] GC(21) Survivor regions: 7->9(18)
[2025-03-19T15:17:36.930+0000][4.819s][info ][gc,heap     ] GC(21) Old regions: 49->49
[2025-03-19T15:17:36.930+0000][4.819s][info ][gc,heap     ] GC(21) Archive regions: 2->2
[2025-03-19T15:17:36.930+0000][4.819s][info ][gc,heap     ] GC(21) Humongous regions: 0->0
[2025-03-19T15:17:36.930+0000][4.819s][info ][gc,metaspace] GC(21) Metaspace: 32978K(33408K)->32978K(33408K) NonClass: 28897K(29120K)->28897K(29120K) Class: 4081K(4288K)->4081K(4288K)
[2025-03-19T15:17:36.930+0000][4.819s][info ][gc          ] GC(21) Pause Young (Normal) (G1 Evacuation Pause) 190M->58M(237M) 5.143ms
[2025-03-19T15:17:36.930+0000][4.820s][info ][gc,cpu      ] GC(21) User=0.02s Sys=0.00s Real=0.00s
[2025-03-19T15:17:36.930+0000][4.820s][info ][safepoint   ] Safepoint "G1CollectForAllocation", Time since last: 483798381 ns, Reaching safepoint: 26369 ns, Cleanup: 48385 ns, At safepoint: 5181196 ns, Total: 5255950 ns
[2025-03-19T15:17:37.511+0000][5.400s][debug][safepoint   ] Safepoint synchronization initiated using futex wait barrier. (14 threads)
[2025-03-19T15:17:37.511+0000][5.401s][info ][gc,start    ] GC(22) Pause Young (Normal) (G1 Evacuation Pause)
[2025-03-19T15:17:37.511+0000][5.401s][info ][gc,task     ] GC(22) Using 4 workers of 4 for evacuation
[2025-03-19T15:17:37.520+0000][5.409s][info ][gc,phases   ] GC(22)   Pre Evacuate Collection Set: 0.1ms
[2025-03-19T15:17:37.520+0000][5.409s][info ][gc,phases   ] GC(22)   Merge Heap Roots: 0.1ms
[2025-03-19T15:17:37.520+0000][5.409s][info ][gc,phases   ] GC(22)   Evacuate Collection Set: 7.7ms
[2025-03-19T15:17:37.520+0000][5.409s][info ][gc,phases   ] GC(22)   Post Evacuate Collection Set: 0.7ms
[2025-03-19T15:17:37.520+0000][5.409s][info ][gc,phases   ] GC(22)   Other: 0.1ms
[2025-03-19T15:17:37.520+0000][5.409s][info ][gc,heap     ] GC(22) Eden regions: 133->0(133)
[2025-03-19T15:17:37.520+0000][5.409s][info ][gc,heap     ] GC(22) Survivor regions: 9->9(18)
[2025-03-19T15:17:37.520+0000][5.409s][info ][gc,heap     ] GC(22) Old regions: 49->49
[2025-03-19T15:17:37.520+0000][5.409s][info ][gc,heap     ] GC(22) Archive regions: 2->2
[2025-03-19T15:17:37.520+0000][5.409s][info ][gc,heap     ] GC(22) Humongous regions: 0->0
[2025-03-19T15:17:37.520+0000][5.409s][info ][gc,metaspace] GC(22) Metaspace: 34681K(35072K)->34681K(35072K) NonClass: 30375K(30592K)->30375K(30592K) Class: 4306K(4480K)->4306K(4480K)
[2025-03-19T15:17:37.520+0000][5.409s][info ][gc          ] GC(22) Pause Young (Normal) (G1 Evacuation Pause) 191M->57M(237M) 8.728ms
[2025-03-19T15:17:37.520+0000][5.409s][info ][gc,cpu      ] GC(22) User=0.03s Sys=0.00s Real=0.01s
[2025-03-19T15:17:37.520+0000][5.409s][info ][safepoint   ] Safepoint "G1CollectForAllocation", Time since last: 580892296 ns, Reaching safepoint: 40885 ns, Cleanup: 111692 ns, At safepoint: 8767437 ns, Total: 8920014 ns
[2025-03-19T15:17:37.963+0000][5.852s][debug][safepoint   ] Safepoint synchronization initiated using futex wait barrier. (14 threads)
[2025-03-19T15:17:37.963+0000][5.852s][info ][safepoint   ] Safepoint "ICBufferFull", Time since last: 442965842 ns, Reaching safepoint: 27526 ns, Cleanup: 82961 ns, At safepoint: 1423 ns, Total: 111910 ns
[2025-03-19T15:17:38.030+0000][5.919s][debug][safepoint   ] Safepoint synchronization initiated using futex wait barrier. (14 threads)
[2025-03-19T15:17:38.030+0000][5.919s][info ][gc,start    ] GC(23) Pause Young (Normal) (G1 Evacuation Pause)
[2025-03-19T15:17:38.030+0000][5.919s][info ][gc,task     ] GC(23) Using 4 workers of 4 for evacuation
[2025-03-19T15:17:38.036+0000][5.925s][info ][gc,phases   ] GC(23)   Pre Evacuate Collection Set: 0.1ms
[2025-03-19T15:17:38.036+0000][5.925s][info ][gc,phases   ] GC(23)   Merge Heap Roots: 0.0ms
[2025-03-19T15:17:38.036+0000][5.925s][info ][gc,phases   ] GC(23)   Evacuate Collection Set: 5.5ms
[2025-03-19T15:17:38.036+0000][5.925s][info ][gc,phases   ] GC(23)   Post Evacuate Collection Set: 0.6ms
[2025-03-19T15:17:38.036+0000][5.925s][info ][gc,phases   ] GC(23)   Other: 0.1ms
[2025-03-19T15:17:38.036+0000][5.925s][info ][gc,heap     ] GC(23) Eden regions: 133->0(132)
[2025-03-19T15:17:38.036+0000][5.925s][info ][gc,heap     ] GC(23) Survivor regions: 9->10(18)
[2025-03-19T15:17:38.036+0000][5.925s][info ][gc,heap     ] GC(23) Old regions: 49->49
[2025-03-19T15:17:38.036+0000][5.925s][info ][gc,heap     ] GC(23) Archive regions: 2->2
[2025-03-19T15:17:38.036+0000][5.925s][info ][gc,heap     ] GC(23) Humongous regions: 0->0
[2025-03-19T15:17:38.036+0000][5.925s][info ][gc,metaspace] GC(23) Metaspace: 37759K(38144K)->37759K(38144K) NonClass: 32948K(33152K)->32948K(33152K) Class: 4811K(4992K)->4811K(4992K)
[2025-03-19T15:17:38.036+0000][5.925s][info ][gc          ] GC(23) Pause Young (Normal) (G1 Evacuation Pause) 190M->58M(237M) 6.345ms
[2025-03-19T15:17:38.036+0000][5.925s][info ][gc,cpu      ] GC(23) User=0.03s Sys=0.00s Real=0.01s
[2025-03-19T15:17:38.036+0000][5.925s][info ][safepoint   ] Safepoint "G1CollectForAllocation", Time since last: 66613483 ns, Reaching safepoint: 39043 ns, Cleanup: 30520 ns, At safepoint: 6383289 ns, Total: 6452852 ns
[2025-03-19T15:17:38.250+0000][6.140s][debug][safepoint   ] Safepoint synchronization initiated using futex wait barrier. (14 threads)
[2025-03-19T15:17:38.250+0000][6.140s][info ][gc,start    ] GC(24) Pause Young (Concurrent Start) (Metadata GC Threshold)
[2025-03-19T15:17:38.250+0000][6.140s][info ][gc,task     ] GC(24) Using 4 workers of 4 for evacuation
[2025-03-19T15:17:38.257+0000][6.146s][info ][gc,phases   ] GC(24)   Pre Evacuate Collection Set: 0.1ms
[2025-03-19T15:17:38.257+0000][6.146s][info ][gc,phases   ] GC(24)   Merge Heap Roots: 0.0ms
[2025-03-19T15:17:38.257+0000][6.146s][info ][gc,phases   ] GC(24)   Evacuate Collection Set: 5.9ms
[2025-03-19T15:17:38.257+0000][6.146s][info ][gc,phases   ] GC(24)   Post Evacuate Collection Set: 0.6ms
[2025-03-19T15:17:38.257+0000][6.146s][info ][gc,phases   ] GC(24)   Other: 0.1ms
[2025-03-19T15:17:38.257+0000][6.146s][info ][gc,heap     ] GC(24) Eden regions: 53->0(134)
[2025-03-19T15:17:38.257+0000][6.146s][info ][gc,heap     ] GC(24) Survivor regions: 10->8(18)
[2025-03-19T15:17:38.257+0000][6.146s][info ][gc,heap     ] GC(24) Old regions: 49->51
[2025-03-19T15:17:38.257+0000][6.146s][info ][gc,heap     ] GC(24) Archive regions: 2->2
[2025-03-19T15:17:38.257+0000][6.146s][info ][gc,heap     ] GC(24) Humongous regions: 0->0
[2025-03-19T15:17:38.257+0000][6.146s][info ][gc,metaspace] GC(24) Metaspace: 38991K(39360K)->38991K(39360K) NonClass: 34079K(34240K)->34079K(34240K) Class: 4911K(5120K)->4911K(5120K)
[2025-03-19T15:17:38.257+0000][6.146s][info ][gc          ] GC(24) Pause Young (Concurrent Start) (Metadata GC Threshold) 111M->59M(237M) 6.706ms
[2025-03-19T15:17:38.257+0000][6.146s][info ][gc,cpu      ] GC(24) User=0.02s Sys=0.00s Real=0.01s
[2025-03-19T15:17:38.257+0000][6.146s][info ][gc          ] GC(25) Concurrent Mark Cycle
[2025-03-19T15:17:38.257+0000][6.146s][info ][gc,marking  ] GC(25) Concurrent Clear Claimed Marks
[2025-03-19T15:17:38.257+0000][6.146s][info ][safepoint   ] Safepoint "CollectForMetadataAllocation", Time since last: 214046341 ns, Reaching safepoint: 94204 ns, Cleanup: 21712 ns, At safepoint: 6764431 ns, Total: 6880347 ns
[2025-03-19T15:17:38.257+0000][6.146s][info ][gc,marking  ] GC(25) Concurrent Clear Claimed Marks 0.029ms
[2025-03-19T15:17:38.257+0000][6.146s][info ][gc,marking  ] GC(25) Concurrent Scan Root Regions
[2025-03-19T15:17:38.265+0000][6.154s][info ][gc,marking  ] GC(25) Concurrent Scan Root Regions 7.751ms
[2025-03-19T15:17:38.265+0000][6.154s][info ][gc,marking  ] GC(25) Concurrent Mark
[2025-03-19T15:17:38.265+0000][6.154s][info ][gc,marking  ] GC(25) Concurrent Mark From Roots
[2025-03-19T15:17:38.265+0000][6.154s][info ][gc,task     ] GC(25) Using 1 workers of 1 for marking
[2025-03-19T15:17:38.322+0000][6.212s][info ][gc,marking  ] GC(25) Concurrent Mark From Roots 57.450ms
[2025-03-19T15:17:38.322+0000][6.212s][info ][gc,marking  ] GC(25) Concurrent Preclean
[2025-03-19T15:17:38.323+0000][6.212s][info ][gc,marking  ] GC(25) Concurrent Preclean 0.242ms
[2025-03-19T15:17:38.323+0000][6.212s][debug][safepoint   ] Safepoint synchronization initiated using futex wait barrier. (14 threads)
[2025-03-19T15:17:38.323+0000][6.212s][info ][gc,start    ] GC(25) Pause Remark
[2025-03-19T15:17:38.325+0000][6.215s][info ][gc          ] GC(25) Pause Remark 77M->77M(237M) 2.506ms
[2025-03-19T15:17:38.325+0000][6.215s][info ][gc,cpu      ] GC(25) User=0.01s Sys=0.00s Real=0.00s
[2025-03-19T15:17:38.325+0000][6.215s][info ][safepoint   ] Safepoint "G1PauseRemark", Time since last: 65678780 ns, Reaching safepoint: 12867 ns, Cleanup: 30311 ns, At safepoint: 2569714 ns, Total: 2612892 ns
[2025-03-19T15:17:38.328+0000][6.218s][info ][gc,marking  ] GC(25) Concurrent Mark 63.314ms
[2025-03-19T15:17:38.328+0000][6.218s][info ][gc,marking  ] GC(25) Concurrent Rebuild Remembered Sets
[2025-03-19T15:17:38.361+0000][6.250s][info ][gc,marking  ] GC(25) Concurrent Rebuild Remembered Sets 32.600ms
[2025-03-19T15:17:38.361+0000][6.250s][debug][safepoint   ] Safepoint synchronization initiated using futex wait barrier. (14 threads)
[2025-03-19T15:17:38.361+0000][6.250s][info ][gc,start    ] GC(25) Pause Cleanup
[2025-03-19T15:17:38.361+0000][6.250s][info ][gc          ] GC(25) Pause Cleanup 78M->78M(237M) 0.069ms
[2025-03-19T15:17:38.361+0000][6.250s][info ][gc,cpu      ] GC(25) User=0.00s Sys=0.00s Real=0.00s
[2025-03-19T15:17:38.361+0000][6.250s][info ][safepoint   ] Safepoint "G1PauseCleanup", Time since last: 35580736 ns, Reaching safepoint: 13026 ns, Cleanup: 11529 ns, At safepoint: 86503 ns, Total: 111058 ns
[2025-03-19T15:17:38.361+0000][6.250s][info ][gc,marking  ] GC(25) Concurrent Cleanup for Next Mark
[2025-03-19T15:17:38.362+0000][6.251s][info ][gc,marking  ] GC(25) Concurrent Cleanup for Next Mark 0.903ms
[2025-03-19T15:17:38.362+0000][6.251s][info ][gc          ] GC(25) Concurrent Mark Cycle 104.937ms
[2025-03-19T15:17:39.056+0000][6.946s][debug][safepoint   ] Safepoint synchronization initiated using futex wait barrier. (14 threads)
[2025-03-19T15:17:39.056+0000][6.946s][info ][gc,start    ] GC(26) Pause Young (Prepare Mixed) (G1 Evacuation Pause)
[2025-03-19T15:17:39.057+0000][6.946s][info ][gc,task     ] GC(26) Using 4 workers of 4 for evacuation
[2025-03-19T15:17:39.063+0000][6.952s][info ][gc,phases   ] GC(26)   Pre Evacuate Collection Set: 0.1ms
[2025-03-19T15:17:39.063+0000][6.952s][info ][gc,phases   ] GC(26)   Merge Heap Roots: 0.1ms
[2025-03-19T15:17:39.063+0000][6.952s][info ][gc,phases   ] GC(26)   Evacuate Collection Set: 5.8ms
[2025-03-19T15:17:39.063+0000][6.952s][info ][gc,phases   ] GC(26)   Post Evacuate Collection Set: 0.7ms
[2025-03-19T15:17:39.063+0000][6.952s][info ][gc,phases   ] GC(26)   Other: 0.1ms
[2025-03-19T15:17:39.063+0000][6.952s][info ][gc,heap     ] GC(26) Eden regions: 134->0(1)
[2025-03-19T15:17:39.063+0000][6.952s][info ][gc,heap     ] GC(26) Survivor regions: 8->10(18)
[2025-03-19T15:17:39.063+0000][6.952s][info ][gc,heap     ] GC(26) Old regions: 51->51
[2025-03-19T15:17:39.063+0000][6.952s][info ][gc,heap     ] GC(26) Archive regions: 2->2
[2025-03-19T15:17:39.063+0000][6.952s][info ][gc,heap     ] GC(26) Humongous regions: 0->0
[2025-03-19T15:17:39.063+0000][6.952s][info ][gc,metaspace] GC(26) Metaspace: 41141K(41472K)->41141K(41472K) NonClass: 35923K(36096K)->35923K(36096K) Class: 5217K(5376K)->5217K(5376K)
[2025-03-19T15:17:39.063+0000][6.952s][info ][gc          ] GC(26) Pause Young (Prepare Mixed) (G1 Evacuation Pause) 193M->60M(237M) 6.750ms
[2025-03-19T15:17:39.063+0000][6.952s][info ][gc,cpu      ] GC(26) User=0.02s Sys=0.00s Real=0.01s
[2025-03-19T15:17:39.063+0000][6.952s][info ][safepoint   ] Safepoint "G1CollectForAllocation", Time since last: 695213726 ns, Reaching safepoint: 29733 ns, Cleanup: 72558 ns, At safepoint: 6782136 ns, Total: 6884427 ns
[2025-03-19T15:17:39.067+0000][6.956s][debug][safepoint   ] Safepoint synchronization initiated using futex wait barrier. (14 threads)
[2025-03-19T15:17:39.067+0000][6.956s][info ][gc,start    ] GC(27) Pause Young (Mixed) (G1 Evacuation Pause)
[2025-03-19T15:17:39.067+0000][6.956s][info ][gc,task     ] GC(27) Using 4 workers of 4 for evacuation
[2025-03-19T15:17:39.073+0000][6.963s][info ][gc,phases   ] GC(27)   Pre Evacuate Collection Set: 0.0ms
[2025-03-19T15:17:39.073+0000][6.963s][info ][gc,phases   ] GC(27)   Merge Heap Roots: 0.0ms
[2025-03-19T15:17:39.073+0000][6.963s][info ][gc,phases   ] GC(27)   Evacuate Collection Set: 5.7ms
[2025-03-19T15:17:39.073+0000][6.963s][info ][gc,phases   ] GC(27)   Post Evacuate Collection Set: 0.6ms
[2025-03-19T15:17:39.073+0000][6.963s][info ][gc,phases   ] GC(27)   Other: 0.1ms
[2025-03-19T15:17:39.073+0000][6.963s][info ][gc,heap     ] GC(27) Eden regions: 1->0(140)
[2025-03-19T15:17:39.073+0000][6.963s][info ][gc,heap     ] GC(27) Survivor regions: 10->2(2)
[2025-03-19T15:17:39.073+0000][6.963s][info ][gc,heap     ] GC(27) Old regions: 51->58
[2025-03-19T15:17:39.073+0000][6.963s][info ][gc,heap     ] GC(27) Archive regions: 2->2
[2025-03-19T15:17:39.073+0000][6.963s][info ][gc,heap     ] GC(27) Humongous regions: 0->0
[2025-03-19T15:17:39.073+0000][6.963s][info ][gc,metaspace] GC(27) Metaspace: 41149K(41472K)->41149K(41472K) NonClass: 35929K(36096K)->35929K(36096K) Class: 5219K(5376K)->5219K(5376K)
[2025-03-19T15:17:39.073+0000][6.963s][info ][gc          ] GC(27) Pause Young (Mixed) (G1 Evacuation Pause) 61M->59M(237M) 6.582ms
[2025-03-19T15:17:39.073+0000][6.963s][info ][gc,cpu      ] GC(27) User=0.02s Sys=0.00s Real=0.01s
[2025-03-19T15:17:39.073+0000][6.963s][info ][safepoint   ] Safepoint "G1CollectForAllocation", Time since last: 3566285 ns, Reaching safepoint: 23738 ns, Cleanup: 2234 ns, At safepoint: 6610585 ns, Total: 6636557 ns
[2025-03-19T15:17:39.664+0000][7.554s][debug][safepoint   ] Safepoint synchronization initiated using futex wait barrier. (14 threads)
[2025-03-19T15:17:39.665+0000][7.554s][info ][safepoint   ] Safepoint "ICBufferFull", Time since last: 590926374 ns, Reaching safepoint: 103360 ns, Cleanup: 105599 ns, At safepoint: 1752 ns, Total: 210711 ns
[2025-03-19T15:17:39.709+0000][7.599s][debug][safepoint   ] Safepoint synchronization initiated using futex wait barrier. (14 threads)
[2025-03-19T15:17:39.709+0000][7.599s][info ][gc,start    ] GC(28) Pause Young (Normal) (G1 Evacuation Pause)
[2025-03-19T15:17:39.709+0000][7.599s][info ][gc,task     ] GC(28) Using 4 workers of 4 for evacuation
[2025-03-19T15:17:39.714+0000][7.603s][info ][gc,phases   ] GC(28)   Pre Evacuate Collection Set: 0.1ms
[2025-03-19T15:17:39.714+0000][7.603s][info ][gc,phases   ] GC(28)   Merge Heap Roots: 0.1ms
[2025-03-19T15:17:39.714+0000][7.603s][info ][gc,phases   ] GC(28)   Evacuate Collection Set: 3.6ms
[2025-03-19T15:17:39.714+0000][7.603s][info ][gc,phases   ] GC(28)   Post Evacuate Collection Set: 0.8ms
[2025-03-19T15:17:39.714+0000][7.603s][info ][gc,phases   ] GC(28)   Other: 0.1ms
[2025-03-19T15:17:39.714+0000][7.603s][info ][gc,heap     ] GC(28) Eden regions: 140->0(139)
[2025-03-19T15:17:39.714+0000][7.603s][info ][gc,heap     ] GC(28) Survivor regions: 2->3(18)
[2025-03-19T15:17:39.714+0000][7.603s][info ][gc,heap     ] GC(28) Old regions: 58->58
[2025-03-19T15:17:39.714+0000][7.603s][info ][gc,heap     ] GC(28) Archive regions: 2->2
[2025-03-19T15:17:39.714+0000][7.603s][info ][gc,heap     ] GC(28) Humongous regions: 0->0
[2025-03-19T15:17:39.714+0000][7.603s][info ][gc,metaspace] GC(28) Metaspace: 44471K(44864K)->44471K(44864K) NonClass: 38785K(38976K)->38785K(38976K) Class: 5685K(5888K)->5685K(5888K)
[2025-03-19T15:17:39.714+0000][7.603s][info ][gc          ] GC(28) Pause Young (Normal) (G1 Evacuation Pause) 199M->60M(237M) 4.646ms
[2025-03-19T15:17:39.714+0000][7.603s][info ][gc,cpu      ] GC(28) User=0.01s Sys=0.00s Real=0.01s
[2025-03-19T15:17:39.714+0000][7.603s][info ][safepoint   ] Safepoint "G1CollectForAllocation", Time since last: 44713127 ns, Reaching safepoint: 39692 ns, Cleanup: 17507 ns, At safepoint: 4678684 ns, Total: 4735883 ns
[2025-03-19T15:17:40.542+0000][8.431s][debug][safepoint   ] Safepoint synchronization initiated using futex wait barrier. (14 threads)
[2025-03-19T15:17:40.542+0000][8.431s][info ][safepoint   ] Safepoint "ICBufferFull", Time since last: 827961815 ns, Reaching safepoint: 36298 ns, Cleanup: 109033 ns, At safepoint: 2226 ns, Total: 147557 ns
[2025-03-19T15:17:40.565+0000][8.454s][debug][safepoint   ] Safepoint synchronization initiated using futex wait barrier. (14 threads)
[2025-03-19T15:17:40.565+0000][8.454s][info ][gc,start    ] GC(29) Pause Young (Normal) (G1 Evacuation Pause)
[2025-03-19T15:17:40.565+0000][8.454s][info ][gc,task     ] GC(29) Using 4 workers of 4 for evacuation
[2025-03-19T15:17:40.572+0000][8.461s][info ][gc,phases   ] GC(29)   Pre Evacuate Collection Set: 0.1ms
[2025-03-19T15:17:40.572+0000][8.461s][info ][gc,phases   ] GC(29)   Merge Heap Roots: 0.1ms
[2025-03-19T15:17:40.572+0000][8.461s][info ][gc,phases   ] GC(29)   Evacuate Collection Set: 5.8ms
[2025-03-19T15:17:40.572+0000][8.461s][info ][gc,phases   ] GC(29)   Post Evacuate Collection Set: 0.7ms
[2025-03-19T15:17:40.572+0000][8.461s][info ][gc,phases   ] GC(29)   Other: 0.1ms
[2025-03-19T15:17:40.572+0000][8.461s][info ][gc,heap     ] GC(29) Eden regions: 139->0(136)
[2025-03-19T15:17:40.572+0000][8.461s][info ][gc,heap     ] GC(29) Survivor regions: 3->6(18)
[2025-03-19T15:17:40.572+0000][8.461s][info ][gc,heap     ] GC(29) Old regions: 58->58
[2025-03-19T15:17:40.572+0000][8.461s][info ][gc,heap     ] GC(29) Archive regions: 2->2
[2025-03-19T15:17:40.572+0000][8.461s][info ][gc,heap     ] GC(29) Humongous regions: 0->0
[2025-03-19T15:17:40.572+0000][8.461s][info ][gc,metaspace] GC(29) Metaspace: 49371K(49792K)->49371K(49792K) NonClass: 43027K(43200K)->43027K(43200K) Class: 6344K(6592K)->6344K(6592K)
[2025-03-19T15:17:40.572+0000][8.461s][info ][gc          ] GC(29) Pause Young (Normal) (G1 Evacuation Pause) 199M->63M(237M) 6.756ms
[2025-03-19T15:17:40.572+0000][8.461s][info ][gc,cpu      ] GC(29) User=0.03s Sys=0.00s Real=0.00s
[2025-03-19T15:17:40.572+0000][8.461s][info ][safepoint   ] Safepoint "G1CollectForAllocation", Time since last: 22682227 ns, Reaching safepoint: 37546 ns, Cleanup: 21458 ns, At safepoint: 6788828 ns, Total: 6847832 ns
[2025-03-19T15:17:41.877+0000][9.766s][debug][safepoint   ] Safepoint synchronization initiated using futex wait barrier. (16 threads)
[2025-03-19T15:17:41.877+0000][9.766s][info ][safepoint   ] Safepoint "Cleanup", Time since last: 1305177549 ns, Reaching safepoint: 75948 ns, Cleanup: 90113 ns, At safepoint: 4764 ns, Total: 170825 ns
[2025-03-19T15:17:42.033+0000][9.922s][debug][safepoint   ] Safepoint synchronization initiated using futex wait barrier. (16 threads)
[2025-03-19T15:17:42.033+0000][9.922s][info ][safepoint   ] Safepoint "ICBufferFull", Time since last: 155713551 ns, Reaching safepoint: 108362 ns, Cleanup: 105398 ns, At safepoint: 2247 ns, Total: 216007 ns
[2025-03-19T15:17:42.462+0000][10.351s][debug][safepoint   ] Safepoint synchronization initiated using futex wait barrier. (16 threads)
[2025-03-19T15:17:42.462+0000][10.351s][info ][gc,start    ] GC(30) Pause Young (Normal) (G1 Evacuation Pause)
[2025-03-19T15:17:42.462+0000][10.351s][info ][gc,task     ] GC(30) Using 4 workers of 4 for evacuation
[2025-03-19T15:17:42.470+0000][10.359s][info ][gc,phases   ] GC(30)   Pre Evacuate Collection Set: 0.1ms
[2025-03-19T15:17:42.470+0000][10.359s][info ][gc,phases   ] GC(30)   Merge Heap Roots: 0.1ms
[2025-03-19T15:17:42.470+0000][10.359s][info ][gc,phases   ] GC(30)   Evacuate Collection Set: 7.0ms
[2025-03-19T15:17:42.470+0000][10.359s][info ][gc,phases   ] GC(30)   Post Evacuate Collection Set: 0.8ms
[2025-03-19T15:17:42.470+0000][10.359s][info ][gc,phases   ] GC(30)   Other: 0.1ms
[2025-03-19T15:17:42.470+0000][10.359s][info ][gc,heap     ] GC(30) Eden regions: 136->0(133)
[2025-03-19T15:17:42.470+0000][10.359s][info ][gc,heap     ] GC(30) Survivor regions: 6->9(18)
[2025-03-19T15:17:42.470+0000][10.359s][info ][gc,heap     ] GC(30) Old regions: 58->58
[2025-03-19T15:17:42.470+0000][10.359s][info ][gc,heap     ] GC(30) Archive regions: 2->2
[2025-03-19T15:17:42.470+0000][10.359s][info ][gc,heap     ] GC(30) Humongous regions: 0->0
[2025-03-19T15:17:42.470+0000][10.359s][info ][gc,metaspace] GC(30) Metaspace: 55714K(56192K)->55714K(56192K) NonClass: 48660K(48896K)->48660K(48896K) Class: 7054K(7296K)->7054K(7296K)
[2025-03-19T15:17:42.470+0000][10.359s][info ][gc          ] GC(30) Pause Young (Normal) (G1 Evacuation Pause) 199M->67M(237M) 8.025ms
[2025-03-19T15:17:42.470+0000][10.359s][info ][gc,cpu      ] GC(30) User=0.03s Sys=0.00s Real=0.01s
[2025-03-19T15:17:42.470+0000][10.359s][info ][safepoint   ] Safepoint "G1CollectForAllocation", Time since last: 428843517 ns, Reaching safepoint: 34688 ns, Cleanup: 79475 ns, At safepoint: 8073548 ns, Total: 8187711 ns
[2025-03-19T15:17:43.002+0000][10.891s][debug][safepoint   ] Safepoint synchronization initiated using futex wait barrier. (18 threads)
[2025-03-19T15:17:43.002+0000][10.891s][info ][gc,start    ] GC(31) Pause Young (Normal) (G1 Evacuation Pause)
[2025-03-19T15:17:43.002+0000][10.891s][info ][gc,task     ] GC(31) Using 4 workers of 4 for evacuation
[2025-03-19T15:17:43.009+0000][10.898s][info ][gc,phases   ] GC(31)   Pre Evacuate Collection Set: 0.1ms
[2025-03-19T15:17:43.009+0000][10.898s][info ][gc,phases   ] GC(31)   Merge Heap Roots: 0.1ms
[2025-03-19T15:17:43.009+0000][10.898s][info ][gc,phases   ] GC(31)   Evacuate Collection Set: 6.1ms
[2025-03-19T15:17:43.009+0000][10.898s][info ][gc,phases   ] GC(31)   Post Evacuate Collection Set: 0.7ms
[2025-03-19T15:17:43.009+0000][10.898s][info ][gc,phases   ] GC(31)   Other: 0.1ms
[2025-03-19T15:17:43.009+0000][10.898s][info ][gc,heap     ] GC(31) Eden regions: 133->0(132)
[2025-03-19T15:17:43.009+0000][10.898s][info ][gc,heap     ] GC(31) Survivor regions: 9->10(18)
[2025-03-19T15:17:43.009+0000][10.898s][info ][gc,heap     ] GC(31) Old regions: 58->58
[2025-03-19T15:17:43.009+0000][10.898s][info ][gc,heap     ] GC(31) Archive regions: 2->2
[2025-03-19T15:17:43.009+0000][10.898s][info ][gc,heap     ] GC(31) Humongous regions: 0->0
[2025-03-19T15:17:43.009+0000][10.898s][info ][gc,metaspace] GC(31) Metaspace: 60470K(60928K)->60470K(60928K) NonClass: 52755K(52992K)->52755K(52992K) Class: 7714K(7936K)->7714K(7936K)
[2025-03-19T15:17:43.009+0000][10.898s][info ][gc          ] GC(31) Pause Young (Normal) (G1 Evacuation Pause) 200M->68M(237M) 7.021ms
[2025-03-19T15:17:43.009+0000][10.898s][info ][gc,cpu      ] GC(31) User=0.03s Sys=0.00s Real=0.01s
[2025-03-19T15:17:43.009+0000][10.898s][info ][safepoint   ] Safepoint "G1CollectForAllocation", Time since last: 531721777 ns, Reaching safepoint: 101861 ns, Cleanup: 55190 ns, At safepoint: 7057264 ns, Total: 7214315 ns
[2025-03-19T15:17:43.663+0000][11.553s][debug][safepoint   ] Safepoint synchronization initiated using futex wait barrier. (19 threads)
[2025-03-19T15:17:43.664+0000][11.554s][info ][safepoint   ] Safepoint "ICBufferFull", Time since last: 654438032 ns, Reaching safepoint: 42454 ns, Cleanup: 1019718 ns, At safepoint: 13207 ns, Total: 1075379 ns
[2025-03-19T15:17:43.694+0000][11.583s][debug][safepoint   ] Safepoint synchronization initiated using futex wait barrier. (19 threads)
[2025-03-19T15:17:43.694+0000][11.583s][info ][gc,start    ] GC(32) Pause Young (Normal) (G1 Evacuation Pause)
[2025-03-19T15:17:43.694+0000][11.583s][info ][gc,task     ] GC(32) Using 4 workers of 4 for evacuation
[2025-03-19T15:17:43.702+0000][11.591s][info ][gc,phases   ] GC(32)   Pre Evacuate Collection Set: 0.1ms
[2025-03-19T15:17:43.702+0000][11.591s][info ][gc,phases   ] GC(32)   Merge Heap Roots: 0.1ms
[2025-03-19T15:17:43.702+0000][11.591s][info ][gc,phases   ] GC(32)   Evacuate Collection Set: 6.7ms
[2025-03-19T15:17:43.702+0000][11.591s][info ][gc,phases   ] GC(32)   Post Evacuate Collection Set: 0.8ms
[2025-03-19T15:17:43.702+0000][11.591s][info ][gc,phases   ] GC(32)   Other: 0.1ms
[2025-03-19T15:17:43.702+0000][11.591s][info ][gc,heap     ] GC(32) Eden regions: 132->0(133)
[2025-03-19T15:17:43.702+0000][11.591s][info ][gc,heap     ] GC(32) Survivor regions: 10->9(18)
[2025-03-19T15:17:43.702+0000][11.591s][info ][gc,heap     ] GC(32) Old regions: 58->60
[2025-03-19T15:17:43.702+0000][11.591s][info ][gc,heap     ] GC(32) Archive regions: 2->2
[2025-03-19T15:17:43.702+0000][11.591s][info ][gc,heap     ] GC(32) Humongous regions: 0->0
[2025-03-19T15:17:43.702+0000][11.591s][info ][gc,metaspace] GC(32) Metaspace: 63619K(64064K)->63619K(64064K) NonClass: 55528K(55744K)->55528K(55744K) Class: 8090K(8320K)->8090K(8320K)
[2025-03-19T15:17:43.702+0000][11.591s][info ][gc          ] GC(32) Pause Young (Normal) (G1 Evacuation Pause) 200M->69M(237M) 7.852ms
[2025-03-19T15:17:43.702+0000][11.591s][info ][gc,cpu      ] GC(32) User=0.04s Sys=0.00s Real=0.00s
[2025-03-19T15:17:43.703+0000][11.593s][info ][safepoint   ] Safepoint "G1CollectForAllocation", Time since last: 29655164 ns, Reaching safepoint: 34806 ns, Cleanup: 10324 ns, At safepoint: 9139793 ns, Total: 9184923 ns
[2025-03-19T15:17:43.894+0000][11.784s][debug][safepoint   ] Safepoint synchronization initiated using futex wait barrier. (19 threads)
[2025-03-19T15:17:43.894+0000][11.784s][info ][gc,start    ] GC(33) Pause Young (Concurrent Start) (Metadata GC Threshold)
[2025-03-19T15:17:43.894+0000][11.784s][info ][gc,task     ] GC(33) Using 4 workers of 4 for evacuation
[2025-03-19T15:17:43.901+0000][11.790s][info ][gc,phases   ] GC(33)   Pre Evacuate Collection Set: 0.1ms
[2025-03-19T15:17:43.901+0000][11.790s][info ][gc,phases   ] GC(33)   Merge Heap Roots: 0.0ms
[2025-03-19T15:17:43.901+0000][11.790s][info ][gc,phases   ] GC(33)   Evacuate Collection Set: 5.6ms
[2025-03-19T15:17:43.901+0000][11.790s][info ][gc,phases   ] GC(33)   Post Evacuate Collection Set: 0.8ms
[2025-03-19T15:17:43.901+0000][11.790s][info ][gc,phases   ] GC(33)   Other: 0.1ms
[2025-03-19T15:17:43.901+0000][11.790s][info ][gc,heap     ] GC(33) Eden regions: 90->0(131)
[2025-03-19T15:17:43.901+0000][11.790s][info ][gc,heap     ] GC(33) Survivor regions: 9->10(18)
[2025-03-19T15:17:43.901+0000][11.790s][info ][gc,heap     ] GC(33) Old regions: 60->60
[2025-03-19T15:17:43.901+0000][11.790s][info ][gc,heap     ] GC(33) Archive regions: 2->2
[2025-03-19T15:17:43.901+0000][11.790s][info ][gc,heap     ] GC(33) Humongous regions: 0->0
[2025-03-19T15:17:43.901+0000][11.790s][info ][gc,metaspace] GC(33) Metaspace: 65432K(65856K)->65432K(65856K) NonClass: 57017K(57216K)->57017K(57216K) Class: 8414K(8640K)->8414K(8640K)
[2025-03-19T15:17:43.901+0000][11.790s][info ][gc          ] GC(33) Pause Young (Concurrent Start) (Metadata GC Threshold) 158M->69M(237M) 6.654ms
[2025-03-19T15:17:43.901+0000][11.790s][info ][gc,cpu      ] GC(33) User=0.02s Sys=0.00s Real=0.00s
[2025-03-19T15:17:43.901+0000][11.790s][info ][gc          ] GC(34) Concurrent Mark Cycle
[2025-03-19T15:17:43.901+0000][11.790s][info ][gc,marking  ] GC(34) Concurrent Clear Claimed Marks
[2025-03-19T15:17:43.901+0000][11.790s][info ][safepoint   ] Safepoint "CollectForMetadataAllocation", Time since last: 191091610 ns, Reaching safepoint: 31809 ns, Cleanup: 16923 ns, At safepoint: 6719631 ns, Total: 6768363 ns
[2025-03-19T15:17:43.901+0000][11.790s][info ][gc,marking  ] GC(34) Concurrent Clear Claimed Marks 0.039ms
[2025-03-19T15:17:43.901+0000][11.790s][info ][gc,marking  ] GC(34) Concurrent Scan Root Regions
[2025-03-19T15:17:43.906+0000][11.796s][info ][gc,marking  ] GC(34) Concurrent Scan Root Regions 5.317ms
[2025-03-19T15:17:43.907+0000][11.796s][info ][gc,marking  ] GC(34) Concurrent Mark
[2025-03-19T15:17:43.907+0000][11.796s][info ][gc,marking  ] GC(34) Concurrent Mark From Roots
[2025-03-19T15:17:43.907+0000][11.796s][info ][gc,task     ] GC(34) Using 1 workers of 1 for marking
[2025-03-19T15:17:43.917+0000][11.806s][debug][safepoint   ] Safepoint synchronization initiated using futex wait barrier. (19 threads)
[2025-03-19T15:17:43.917+0000][11.806s][info ][safepoint   ] Safepoint "CollectForMetadataAllocation", Time since last: 15634829 ns, Reaching safepoint: 41378 ns, Cleanup: 2878 ns, At safepoint: 18967 ns, Total: 63223 ns
[2025-03-19T15:17:43.942+0000][11.831s][debug][safepoint   ] Safepoint synchronization initiated using futex wait barrier. (19 threads)
[2025-03-19T15:17:43.942+0000][11.831s][info ][safepoint   ] Safepoint "CollectForMetadataAllocation", Time since last: 25061474 ns, Reaching safepoint: 47458 ns, Cleanup: 9508 ns, At safepoint: 22285 ns, Total: 79251 ns
[2025-03-19T15:17:43.963+0000][11.852s][info ][gc,marking  ] GC(34) Concurrent Mark From Roots 55.975ms
[2025-03-19T15:17:43.963+0000][11.852s][info ][gc,marking  ] GC(34) Concurrent Preclean
[2025-03-19T15:17:43.963+0000][11.852s][info ][gc,marking  ] GC(34) Concurrent Preclean 0.142ms
[2025-03-19T15:17:43.963+0000][11.852s][debug][safepoint   ] Safepoint synchronization initiated using futex wait barrier. (19 threads)
[2025-03-19T15:17:43.963+0000][11.852s][debug][safepoint   ] ... found polling page loop exception at pc = 0x000072eac51a2c3e, stub =0x000072eac498f400
[2025-03-19T15:17:43.963+0000][11.852s][info ][gc,start    ] GC(34) Pause Remark
[2025-03-19T15:17:43.967+0000][11.856s][info ][gc          ] GC(34) Pause Remark 83M->83M(237M) 3.873ms
[2025-03-19T15:17:43.967+0000][11.856s][info ][gc,cpu      ] GC(34) User=0.01s Sys=0.00s Real=0.00s
[2025-03-19T15:17:43.967+0000][11.856s][info ][safepoint   ] Safepoint "G1PauseRemark", Time since last: 20710553 ns, Reaching safepoint: 72673 ns, Cleanup: 6939 ns, At safepoint: 3932732 ns, Total: 4012344 ns
[2025-03-19T15:17:43.969+0000][11.859s][info ][gc,marking  ] GC(34) Concurrent Mark 62.769ms
[2025-03-19T15:17:43.969+0000][11.859s][info ][gc,marking  ] GC(34) Concurrent Rebuild Remembered Sets
[2025-03-19T15:17:44.012+0000][11.901s][info ][gc,marking  ] GC(34) Concurrent Rebuild Remembered Sets 42.471ms
[2025-03-19T15:17:44.012+0000][11.901s][debug][safepoint   ] Safepoint synchronization initiated using futex wait barrier. (19 threads)
[2025-03-19T15:17:44.012+0000][11.901s][info ][gc,start    ] GC(34) Pause Cleanup
[2025-03-19T15:17:44.012+0000][11.901s][info ][gc          ] GC(34) Pause Cleanup 94M->94M(237M) 0.064ms
[2025-03-19T15:17:44.012+0000][11.901s][info ][gc,cpu      ] GC(34) User=0.00s Sys=0.00s Real=0.00s
[2025-03-19T15:17:44.012+0000][11.901s][info ][safepoint   ] Safepoint "G1PauseCleanup", Time since last: 45128104 ns, Reaching safepoint: 80775 ns, Cleanup: 15110 ns, At safepoint: 81063 ns, Total: 176948 ns
[2025-03-19T15:17:44.012+0000][11.901s][info ][gc,marking  ] GC(34) Concurrent Cleanup for Next Mark
[2025-03-19T15:17:44.013+0000][11.902s][info ][gc,marking  ] GC(34) Concurrent Cleanup for Next Mark 1.071ms
[2025-03-19T15:17:44.013+0000][11.902s][info ][gc          ] GC(34) Concurrent Mark Cycle 111.992ms
[2025-03-19T15:17:44.449+0000][12.339s][debug][safepoint   ] Safepoint synchronization initiated using futex wait barrier. (20 threads)
[2025-03-19T15:17:44.450+0000][12.339s][info ][safepoint   ] Safepoint "ICBufferFull", Time since last: 437289886 ns, Reaching safepoint: 40631 ns, Cleanup: 110463 ns, At safepoint: 78072 ns, Total: 229166 ns
[2025-03-19T15:17:44.521+0000][12.410s][debug][safepoint   ] Safepoint synchronization initiated using futex wait barrier. (20 threads)
[2025-03-19T15:17:44.521+0000][12.410s][info ][gc,start    ] GC(35) Pause Young (Prepare Mixed) (G1 Evacuation Pause)
[2025-03-19T15:17:44.521+0000][12.410s][info ][gc,task     ] GC(35) Using 4 workers of 4 for evacuation
[2025-03-19T15:17:44.531+0000][12.420s][info ][gc,phases   ] GC(35)   Pre Evacuate Collection Set: 0.1ms
[2025-03-19T15:17:44.531+0000][12.420s][info ][gc,phases   ] GC(35)   Merge Heap Roots: 0.2ms
[2025-03-19T15:17:44.531+0000][12.420s][info ][gc,phases   ] GC(35)   Evacuate Collection Set: 8.4ms
[2025-03-19T15:17:44.531+0000][12.420s][info ][gc,phases   ] GC(35)   Post Evacuate Collection Set: 0.8ms
[2025-03-19T15:17:44.531+0000][12.420s][info ][gc,phases   ] GC(35)   Other: 0.1ms
[2025-03-19T15:17:44.531+0000][12.420s][info ][gc,heap     ] GC(35) Eden regions: 131->0(1)
[2025-03-19T15:17:44.531+0000][12.420s][info ][gc,heap     ] GC(35) Survivor regions: 10->14(18)
[2025-03-19T15:17:44.531+0000][12.420s][info ][gc,heap     ] GC(35) Old regions: 60->60
[2025-03-19T15:17:44.531+0000][12.420s][info ][gc,heap     ] GC(35) Archive regions: 2->2
[2025-03-19T15:17:44.531+0000][12.420s][info ][gc,heap     ] GC(35) Humongous regions: 0->0
[2025-03-19T15:17:44.531+0000][12.420s][info ][gc,metaspace] GC(35) Metaspace: 68217K(68736K)->68217K(68736K) NonClass: 59454K(59712K)->59454K(59712K) Class: 8762K(9024K)->8762K(9024K)
[2025-03-19T15:17:44.531+0000][12.420s][info ][gc          ] GC(35) Pause Young (Prepare Mixed) (G1 Evacuation Pause) 200M->73M(237M) 9.711ms
[2025-03-19T15:17:44.531+0000][12.420s][info ][gc,cpu      ] GC(35) User=0.04s Sys=0.01s Real=0.01s
[2025-03-19T15:17:44.532+0000][12.421s][info ][safepoint   ] Safepoint "G1CollectForAllocation", Time since last: 71612540 ns, Reaching safepoint: 43088 ns, Cleanup: 29904 ns, At safepoint: 10945864 ns, Total: 11018856 ns
[2025-03-19T15:17:44.538+0000][12.427s][debug][safepoint   ] Safepoint synchronization initiated using futex wait barrier. (20 threads)
[2025-03-19T15:17:44.538+0000][12.427s][info ][gc,start    ] GC(36) Pause Young (Mixed) (G1 Evacuation Pause)
[2025-03-19T15:17:44.538+0000][12.427s][info ][gc,task     ] GC(36) Using 4 workers of 4 for evacuation
[2025-03-19T15:17:44.547+0000][12.436s][info ][gc,phases   ] GC(36)   Pre Evacuate Collection Set: 0.1ms
[2025-03-19T15:17:44.547+0000][12.436s][info ][gc,phases   ] GC(36)   Merge Heap Roots: 0.1ms
[2025-03-19T15:17:44.547+0000][12.436s][info ][gc,phases   ] GC(36)   Evacuate Collection Set: 8.6ms
[2025-03-19T15:17:44.547+0000][12.436s][info ][gc,phases   ] GC(36)   Post Evacuate Collection Set: 0.6ms
[2025-03-19T15:17:44.547+0000][12.436s][info ][gc,phases   ] GC(36)   Other: 0.1ms
[2025-03-19T15:17:44.547+0000][12.436s][info ][gc,heap     ] GC(36) Eden regions: 1->0(131)
[2025-03-19T15:17:44.547+0000][12.436s][info ][gc,heap     ] GC(36) Survivor regions: 14->1(2)
[2025-03-19T15:17:44.547+0000][12.436s][info ][gc,heap     ] GC(36) Old regions: 60->71
[2025-03-19T15:17:44.547+0000][12.436s][info ][gc,heap     ] GC(36) Archive regions: 2->2
[2025-03-19T15:17:44.547+0000][12.436s][info ][gc,heap     ] GC(36) Humongous regions: 0->0
[2025-03-19T15:17:44.547+0000][12.436s][info ][gc,metaspace] GC(36) Metaspace: 68218K(68736K)->68218K(68736K) NonClass: 59455K(59712K)->59455K(59712K) Class: 8762K(9024K)->8762K(9024K)
[2025-03-19T15:17:44.547+0000][12.436s][info ][gc          ] GC(36) Pause Young (Mixed) (G1 Evacuation Pause) 74M->72M(237M) 9.451ms
[2025-03-19T15:17:44.547+0000][12.436s][info ][gc,cpu      ] GC(36) User=0.04s Sys=0.00s Real=0.01s
[2025-03-19T15:17:44.547+0000][12.436s][info ][safepoint   ] Safepoint "G1CollectForAllocation", Time since last: 5450833 ns, Reaching safepoint: 34841 ns, Cleanup: 3731 ns, At safepoint: 9485071 ns, Total: 9523643 ns
[2025-03-19T15:17:44.883+0000][12.772s][debug][safepoint   ] Safepoint synchronization initiated using futex wait barrier. (20 threads)
[2025-03-19T15:17:44.883+0000][12.772s][info ][safepoint   ] Safepoint "ICBufferFull", Time since last: 335920941 ns, Reaching safepoint: 38315 ns, Cleanup: 112951 ns, At safepoint: 3501 ns, Total: 154767 ns
[2025-03-19T15:17:45.037+0000][12.926s][debug][safepoint   ] Safepoint synchronization initiated using futex wait barrier. (20 threads)
[2025-03-19T15:17:45.037+0000][12.926s][info ][gc,start    ] GC(37) Pause Young (Concurrent Start) (G1 Evacuation Pause)
[2025-03-19T15:17:45.037+0000][12.926s][info ][gc,task     ] GC(37) Using 4 workers of 4 for evacuation
[2025-03-19T15:17:45.043+0000][12.932s][info ][gc,phases   ] GC(37)   Pre Evacuate Collection Set: 0.1ms
[2025-03-19T15:17:45.043+0000][12.932s][info ][gc,phases   ] GC(37)   Merge Heap Roots: 0.1ms
[2025-03-19T15:17:45.043+0000][12.932s][info ][gc,phases   ] GC(37)   Evacuate Collection Set: 4.9ms
[2025-03-19T15:17:45.043+0000][12.932s][info ][gc,phases   ] GC(37)   Post Evacuate Collection Set: 0.7ms
[2025-03-19T15:17:45.043+0000][12.932s][info ][gc,phases   ] GC(37)   Other: 0.1ms
[2025-03-19T15:17:45.043+0000][12.932s][info ][gc,heap     ] GC(37) Eden regions: 131->0(129)
[2025-03-19T15:17:45.043+0000][12.932s][info ][gc,heap     ] GC(37) Survivor regions: 1->3(17)
[2025-03-19T15:17:45.043+0000][12.932s][info ][gc,heap     ] GC(37) Old regions: 71->71
[2025-03-19T15:17:45.043+0000][12.932s][info ][gc,heap     ] GC(37) Archive regions: 2->2
[2025-03-19T15:17:45.043+0000][12.932s][info ][gc,heap     ] GC(37) Humongous regions: 0->0
[2025-03-19T15:17:45.043+0000][12.932s][info ][gc,metaspace] GC(37) Metaspace: 72288K(72768K)->72288K(72768K) NonClass: 63048K(63296K)->63048K(63296K) Class: 9239K(9472K)->9239K(9472K)
[2025-03-19T15:17:45.043+0000][12.932s][info ][gc          ] GC(37) Pause Young (Concurrent Start) (G1 Evacuation Pause) 203M->73M(237M) 5.991ms
[2025-03-19T15:17:45.043+0000][12.932s][info ][gc,cpu      ] GC(37) User=0.03s Sys=0.00s Real=0.01s
[2025-03-19T15:17:45.043+0000][12.932s][info ][gc          ] GC(38) Concurrent Mark Cycle
[2025-03-19T15:17:45.045+0000][12.934s][info ][gc,marking  ] GC(38) Concurrent Clear Claimed Marks
[2025-03-19T15:17:45.043+0000][12.932s][info ][safepoint   ] Safepoint "G1CollectForAllocation", Time since last: 153537425 ns, Reaching safepoint: 38756 ns, Cleanup: 93228 ns, At safepoint: 6052392 ns, Total: 6184376 ns
[2025-03-19T15:17:45.045+0000][12.934s][info ][gc,marking  ] GC(38) Concurrent Clear Claimed Marks 0.060ms
[2025-03-19T15:17:45.045+0000][12.934s][info ][gc,marking  ] GC(38) Concurrent Scan Root Regions
[2025-03-19T15:17:45.048+0000][12.937s][info ][gc,marking  ] GC(38) Concurrent Scan Root Regions 3.492ms
[2025-03-19T15:17:45.048+0000][12.937s][info ][gc,marking  ] GC(38) Concurrent Mark
[2025-03-19T15:17:45.048+0000][12.937s][info ][gc,marking  ] GC(38) Concurrent Mark From Roots
[2025-03-19T15:17:45.048+0000][12.937s][info ][gc,task     ] GC(38) Using 1 workers of 1 for marking
[2025-03-19T15:17:45.123+0000][13.012s][info ][gc,marking  ] GC(38) Concurrent Mark From Roots 74.685ms
[2025-03-19T15:17:45.123+0000][13.012s][info ][gc,marking  ] GC(38) Concurrent Preclean
[2025-03-19T15:17:45.123+0000][13.012s][info ][gc,marking  ] GC(38) Concurrent Preclean 0.169ms
[2025-03-19T15:17:45.123+0000][13.012s][debug][safepoint   ] Safepoint synchronization initiated using futex wait barrier. (20 threads)
[2025-03-19T15:17:45.123+0000][13.012s][info ][gc,start    ] GC(38) Pause Remark
[2025-03-19T15:17:45.128+0000][13.017s][info ][gc          ] GC(38) Pause Remark 94M->94M(237M) 4.429ms
[2025-03-19T15:17:45.128+0000][13.017s][info ][gc,cpu      ] GC(38) User=0.02s Sys=0.00s Real=0.00s
[2025-03-19T15:17:45.128+0000][13.017s][info ][safepoint   ] Safepoint "G1PauseRemark", Time since last: 80168442 ns, Reaching safepoint: 83286 ns, Cleanup: 74970 ns, At safepoint: 4517621 ns, Total: 4675877 ns
[2025-03-19T15:17:45.128+0000][13.017s][info ][gc,marking  ] GC(38) Concurrent Mark 79.678ms
[2025-03-19T15:17:45.128+0000][13.017s][info ][gc,marking  ] GC(38) Concurrent Rebuild Remembered Sets
[2025-03-19T15:17:45.183+0000][13.072s][info ][gc,marking  ] GC(38) Concurrent Rebuild Remembered Sets 54.612ms
[2025-03-19T15:17:45.183+0000][13.072s][debug][safepoint   ] Safepoint synchronization initiated using futex wait barrier. (20 threads)
[2025-03-19T15:17:45.183+0000][13.072s][debug][safepoint   ] ... found polling page loop exception at pc = 0x000072eac4f88236, stub =0x000072eac498eb80
[2025-03-19T15:17:45.183+0000][13.072s][info ][gc,start    ] GC(38) Pause Cleanup
[2025-03-19T15:17:45.183+0000][13.072s][info ][gc          ] GC(38) Pause Cleanup 107M->107M(237M) 0.069ms
[2025-03-19T15:17:45.183+0000][13.072s][info ][gc,cpu      ] GC(38) User=0.00s Sys=0.00s Real=0.00s
[2025-03-19T15:17:45.183+0000][13.072s][info ][safepoint   ] Safepoint "G1PauseCleanup", Time since last: 54802757 ns, Reaching safepoint: 79438 ns, Cleanup: 9976 ns, At safepoint: 87405 ns, Total: 176819 ns
[2025-03-19T15:17:45.183+0000][13.072s][info ][gc,marking  ] GC(38) Concurrent Cleanup for Next Mark
[2025-03-19T15:17:45.183+0000][13.072s][info ][gc,marking  ] GC(38) Concurrent Cleanup for Next Mark 0.203ms
[2025-03-19T15:17:45.183+0000][13.072s][info ][gc          ] GC(38) Concurrent Mark Cycle 140.057ms
[2025-03-19T15:17:45.400+0000][13.289s][debug][safepoint   ] Safepoint synchronization initiated using futex wait barrier. (19 threads)
[2025-03-19T15:17:45.400+0000][13.289s][info ][gc,start    ] GC(39) Pause Young (Prepare Mixed) (G1 Evacuation Pause)
[2025-03-19T15:17:45.400+0000][13.289s][info ][gc,task     ] GC(39) Using 4 workers of 4 for evacuation
[2025-03-19T15:17:45.405+0000][13.295s][info ][gc,phases   ] GC(39)   Pre Evacuate Collection Set: 0.1ms
[2025-03-19T15:17:45.406+0000][13.295s][info ][gc,phases   ] GC(39)   Merge Heap Roots: 0.1ms
[2025-03-19T15:17:45.406+0000][13.295s][info ][gc,phases   ] GC(39)   Evacuate Collection Set: 4.5ms
[2025-03-19T15:17:45.406+0000][13.295s][info ][gc,phases   ] GC(39)   Post Evacuate Collection Set: 1.1ms
[2025-03-19T15:17:45.406+0000][13.295s][info ][gc,phases   ] GC(39)   Other: 0.1ms
[2025-03-19T15:17:45.406+0000][13.295s][info ][gc,heap     ] GC(39) Eden regions: 129->0(7)
[2025-03-19T15:17:45.406+0000][13.295s][info ][gc,heap     ] GC(39) Survivor regions: 3->4(17)
[2025-03-19T15:17:45.406+0000][13.295s][info ][gc,heap     ] GC(39) Old regions: 71->71
[2025-03-19T15:17:45.406+0000][13.295s][info ][gc,heap     ] GC(39) Archive regions: 2->2
[2025-03-19T15:17:45.406+0000][13.295s][info ][gc,heap     ] GC(39) Humongous regions: 0->0
[2025-03-19T15:17:45.406+0000][13.295s][info ][gc,metaspace] GC(39) Metaspace: 76918K(77376K)->76918K(77376K) NonClass: 66874K(67072K)->66874K(67072K) Class: 10044K(10304K)->10044K(10304K)
[2025-03-19T15:17:45.406+0000][13.295s][info ][gc          ] GC(39) Pause Young (Prepare Mixed) (G1 Evacuation Pause) 202M->74M(237M) 5.866ms
[2025-03-19T15:17:45.406+0000][13.295s][info ][gc,cpu      ] GC(39) User=0.02s Sys=0.00s Real=0.01s
[2025-03-19T15:17:45.406+0000][13.295s][info ][safepoint   ] Safepoint "G1CollectForAllocation", Time since last: 216878027 ns, Reaching safepoint: 39592 ns, Cleanup: 18198 ns, At safepoint: 5906090 ns, Total: 5963880 ns
[2025-03-19T15:17:45.420+0000][13.309s][debug][safepoint   ] Safepoint synchronization initiated using futex wait barrier. (19 threads)
[2025-03-19T15:17:45.420+0000][13.309s][info ][gc,start    ] GC(40) Pause Young (Mixed) (G1 Evacuation Pause)
[2025-03-19T15:17:45.420+0000][13.309s][info ][gc,task     ] GC(40) Using 4 workers of 4 for evacuation
[2025-03-19T15:17:45.425+0000][13.314s][info ][gc,phases   ] GC(40)   Pre Evacuate Collection Set: 0.1ms
[2025-03-19T15:17:45.425+0000][13.314s][info ][gc,phases   ] GC(40)   Merge Heap Roots: 0.0ms
[2025-03-19T15:17:45.425+0000][13.314s][info ][gc,phases   ] GC(40)   Evacuate Collection Set: 4.3ms
[2025-03-19T15:17:45.425+0000][13.314s][info ][gc,phases   ] GC(40)   Post Evacuate Collection Set: 0.6ms
[2025-03-19T15:17:45.425+0000][13.314s][info ][gc,phases   ] GC(40)   Other: 0.1ms
[2025-03-19T15:17:45.425+0000][13.314s][info ][gc,heap     ] GC(40) Eden regions: 7->0(130)
[2025-03-19T15:17:45.425+0000][13.314s][info ][gc,heap     ] GC(40) Survivor regions: 4->2(2)
[2025-03-19T15:17:45.425+0000][13.314s][info ][gc,heap     ] GC(40) Old regions: 71->72
[2025-03-19T15:17:45.425+0000][13.314s][info ][gc,heap     ] GC(40) Archive regions: 2->2
[2025-03-19T15:17:45.425+0000][13.314s][info ][gc,heap     ] GC(40) Humongous regions: 0->0
[2025-03-19T15:17:45.425+0000][13.314s][info ][gc,metaspace] GC(40) Metaspace: 77022K(77504K)->77022K(77504K) NonClass: 66954K(67200K)->66954K(67200K) Class: 10067K(10304K)->10067K(10304K)
[2025-03-19T15:17:45.425+0000][13.314s][info ][gc          ] GC(40) Pause Young (Mixed) (G1 Evacuation Pause) 81M->73M(237M) 5.093ms
[2025-03-19T15:17:45.425+0000][13.314s][info ][gc,cpu      ] GC(40) User=0.01s Sys=0.00s Real=0.01s
[2025-03-19T15:17:45.425+0000][13.314s][info ][safepoint   ] Safepoint "G1CollectForAllocation", Time since last: 14410619 ns, Reaching safepoint: 34274 ns, Cleanup: 9506 ns, At safepoint: 5126185 ns, Total: 5169965 ns
[2025-03-19T15:17:45.673+0000][13.562s][debug][safepoint   ] Safepoint synchronization initiated using futex wait barrier. (20 threads)
[2025-03-19T15:17:45.673+0000][13.563s][info ][safepoint   ] Safepoint "ICBufferFull", Time since last: 248062457 ns, Reaching safepoint: 32000 ns, Cleanup: 76215 ns, At safepoint: 1711 ns, Total: 109926 ns
[2025-03-19T15:17:45.723+0000][13.613s][debug][safepoint   ] Safepoint synchronization initiated using futex wait barrier. (20 threads)
[2025-03-19T15:17:45.724+0000][13.613s][info ][safepoint   ] Safepoint "ICBufferFull", Time since last: 50083148 ns, Reaching safepoint: 36431 ns, Cleanup: 82124 ns, At safepoint: 3305 ns, Total: 121860 ns
[2025-03-19T15:17:45.765+0000][13.654s][debug][safepoint   ] Safepoint synchronization initiated using futex wait barrier. (20 threads)
[2025-03-19T15:17:45.765+0000][13.655s][info ][safepoint   ] Safepoint "ICBufferFull", Time since last: 41634065 ns, Reaching safepoint: 47142 ns, Cleanup: 118557 ns, At safepoint: 1667 ns, Total: 167366 ns
[2025-03-19T15:17:45.807+0000][13.696s][debug][safepoint   ] Safepoint synchronization initiated using futex wait barrier. (20 threads)
[2025-03-19T15:17:45.807+0000][13.696s][info ][safepoint   ] Safepoint "ICBufferFull", Time since last: 41290999 ns, Reaching safepoint: 36665 ns, Cleanup: 98995 ns, At safepoint: 2335 ns, Total: 137995 ns
[2025-03-19T15:17:45.891+0000][13.781s][debug][safepoint   ] Safepoint synchronization initiated using futex wait barrier. (20 threads)
[2025-03-19T15:17:45.891+0000][13.781s][info ][gc,start    ] GC(41) Pause Young (Normal) (G1 Evacuation Pause)
[2025-03-19T15:17:45.891+0000][13.781s][info ][gc,task     ] GC(41) Using 4 workers of 4 for evacuation
[2025-03-19T15:17:45.895+0000][13.785s][info ][gc,phases   ] GC(41)   Pre Evacuate Collection Set: 0.0ms
[2025-03-19T15:17:45.896+0000][13.785s][info ][gc,phases   ] GC(41)   Merge Heap Roots: 0.1ms
[2025-03-19T15:17:45.896+0000][13.785s][info ][gc,phases   ] GC(41)   Evacuate Collection Set: 3.2ms
[2025-03-19T15:17:45.896+0000][13.785s][info ][gc,phases   ] GC(41)   Post Evacuate Collection Set: 0.7ms
[2025-03-19T15:17:45.896+0000][13.785s][info ][gc,phases   ] GC(41)   Other: 0.1ms
[2025-03-19T15:17:45.896+0000][13.785s][info ][gc,heap     ] GC(41) Eden regions: 130->0(130)
[2025-03-19T15:17:45.896+0000][13.785s][info ][gc,heap     ] GC(41) Survivor regions: 2->3(17)
[2025-03-19T15:17:45.896+0000][13.785s][info ][gc,heap     ] GC(41) Old regions: 72->72
[2025-03-19T15:17:45.896+0000][13.785s][info ][gc,heap     ] GC(41) Archive regions: 2->2
[2025-03-19T15:17:45.896+0000][13.785s][info ][gc,heap     ] GC(41) Humongous regions: 0->0
[2025-03-19T15:17:45.896+0000][13.785s][info ][gc,metaspace] GC(41) Metaspace: 79672K(80192K)->79672K(80192K) NonClass: 69238K(69504K)->69238K(69504K) Class: 10433K(10688K)->10433K(10688K)
[2025-03-19T15:17:45.896+0000][13.785s][info ][gc          ] GC(41) Pause Young (Normal) (G1 Evacuation Pause) 203M->74M(237M) 4.103ms
[2025-03-19T15:17:45.896+0000][13.785s][info ][gc,cpu      ] GC(41) User=0.01s Sys=0.00s Real=0.01s
[2025-03-19T15:17:45.896+0000][13.785s][info ][safepoint   ] Safepoint "G1CollectForAllocation", Time since last: 84523891 ns, Reaching safepoint: 31885 ns, Cleanup: 78658 ns, At safepoint: 4135213 ns, Total: 4245756 ns
[2025-03-19T15:17:46.020+0000][13.909s][debug][safepoint   ] Safepoint synchronization initiated using futex wait barrier. (20 threads)
[2025-03-19T15:17:46.020+0000][13.909s][info ][safepoint   ] Safepoint "ICBufferFull", Time since last: 124305290 ns, Reaching safepoint: 34182 ns, Cleanup: 75351 ns, At safepoint: 1939 ns, Total: 111472 ns
[2025-03-19T15:17:46.335+0000][14.224s][debug][safepoint   ] Safepoint synchronization initiated using futex wait barrier. (20 threads)
[2025-03-19T15:17:46.335+0000][14.224s][info ][gc,start    ] GC(42) Pause Young (Normal) (G1 Evacuation Pause)
[2025-03-19T15:17:46.335+0000][14.224s][info ][gc,task     ] GC(42) Using 4 workers of 4 for evacuation
[2025-03-19T15:17:46.339+0000][14.228s][info ][gc,phases   ] GC(42)   Pre Evacuate Collection Set: 0.0ms
[2025-03-19T15:17:46.339+0000][14.228s][info ][gc,phases   ] GC(42)   Merge Heap Roots: 0.0ms
[2025-03-19T15:17:46.339+0000][14.228s][info ][gc,phases   ] GC(42)   Evacuate Collection Set: 3.4ms
[2025-03-19T15:17:46.339+0000][14.228s][info ][gc,phases   ] GC(42)   Post Evacuate Collection Set: 0.7ms
[2025-03-19T15:17:46.339+0000][14.228s][info ][gc,phases   ] GC(42)   Other: 0.1ms
[2025-03-19T15:17:46.339+0000][14.228s][info ][gc,heap     ] GC(42) Eden regions: 130->0(127)
[2025-03-19T15:17:46.339+0000][14.228s][info ][gc,heap     ] GC(42) Survivor regions: 3->5(17)
[2025-03-19T15:17:46.339+0000][14.228s][info ][gc,heap     ] GC(42) Old regions: 72->72
[2025-03-19T15:17:46.339+0000][14.228s][info ][gc,heap     ] GC(42) Archive regions: 2->2
[2025-03-19T15:17:46.339+0000][14.228s][info ][gc,heap     ] GC(42) Humongous regions: 0->0
[2025-03-19T15:17:46.339+0000][14.228s][info ][gc,metaspace] GC(42) Metaspace: 83073K(83584K)->83073K(83584K) NonClass: 72146K(72384K)->72146K(72384K) Class: 10927K(11200K)->10927K(11200K)
[2025-03-19T15:17:46.339+0000][14.229s][info ][gc          ] GC(42) Pause Young (Normal) (G1 Evacuation Pause) 204M->76M(237M) 4.326ms
[2025-03-19T15:17:46.339+0000][14.229s][info ][gc,cpu      ] GC(42) User=0.01s Sys=0.00s Real=0.00s
[2025-03-19T15:17:46.339+0000][14.229s][info ][safepoint   ] Safepoint "G1CollectForAllocation", Time since last: 314868821 ns, Reaching safepoint: 27131 ns, Cleanup: 75319 ns, At safepoint: 4358397 ns, Total: 4460847 ns
[2025-03-19T15:17:46.623+0000][14.512s][debug][safepoint   ] Safepoint synchronization initiated using futex wait barrier. (20 threads)
[2025-03-19T15:17:46.623+0000][14.512s][info ][safepoint   ] Safepoint "ICBufferFull", Time since last: 283560093 ns, Reaching safepoint: 44957 ns, Cleanup: 127298 ns, At safepoint: 1940 ns, Total: 174195 ns
[2025-03-19T15:17:46.768+0000][14.657s][debug][safepoint   ] Safepoint synchronization initiated using futex wait barrier. (20 threads)
[2025-03-19T15:17:46.768+0000][14.657s][info ][gc,start    ] GC(43) Pause Young (Concurrent Start) (G1 Evacuation Pause)
[2025-03-19T15:17:46.768+0000][14.657s][info ][gc,task     ] GC(43) Using 4 workers of 4 for evacuation
[2025-03-19T15:17:46.777+0000][14.666s][info ][gc,phases   ] GC(43)   Pre Evacuate Collection Set: 0.1ms
[2025-03-19T15:17:46.777+0000][14.666s][info ][gc,phases   ] GC(43)   Merge Heap Roots: 0.0ms
[2025-03-19T15:17:46.777+0000][14.666s][info ][gc,phases   ] GC(43)   Evacuate Collection Set: 7.0ms
[2025-03-19T15:17:46.777+0000][14.666s][info ][gc,phases   ] GC(43)   Post Evacuate Collection Set: 2.0ms
[2025-03-19T15:17:46.777+0000][14.666s][info ][gc,phases   ] GC(43)   Other: 0.1ms
[2025-03-19T15:17:46.777+0000][14.666s][info ][gc,heap     ] GC(43) Eden regions: 127->0(125)
[2025-03-19T15:17:46.777+0000][14.666s][info ][gc,heap     ] GC(43) Survivor regions: 5->7(17)
[2025-03-19T15:17:46.777+0000][14.666s][info ][gc,heap     ] GC(43) Old regions: 72->72
[2025-03-19T15:17:46.777+0000][14.666s][info ][gc,heap     ] GC(43) Archive regions: 2->2
[2025-03-19T15:17:46.777+0000][14.666s][info ][gc,heap     ] GC(43) Humongous regions: 0->0
[2025-03-19T15:17:46.777+0000][14.666s][info ][gc,metaspace] GC(43) Metaspace: 84656K(85248K)->84656K(85248K) NonClass: 73606K(73920K)->73606K(73920K) Class: 11050K(11328K)->11050K(11328K)
[2025-03-19T15:17:46.777+0000][14.666s][info ][gc          ] GC(43) Pause Young (Concurrent Start) (G1 Evacuation Pause) 203M->78M(237M) 9.230ms
[2025-03-19T15:17:46.777+0000][14.667s][info ][gc,cpu      ] GC(43) User=0.03s Sys=0.00s Real=0.01s
[2025-03-19T15:17:46.777+0000][14.667s][info ][safepoint   ] Safepoint "G1CollectForAllocation", Time since last: 144823627 ns, Reaching safepoint: 96311 ns, Cleanup: 57486 ns, At safepoint: 9279412 ns, Total: 9433209 ns
[2025-03-19T15:17:46.777+0000][14.667s][info ][gc          ] GC(44) Concurrent Mark Cycle
[2025-03-19T15:17:46.779+0000][14.668s][info ][gc,marking  ] GC(44) Concurrent Clear Claimed Marks
[2025-03-19T15:17:46.779+0000][14.668s][info ][gc,marking  ] GC(44) Concurrent Clear Claimed Marks 0.061ms
[2025-03-19T15:17:46.779+0000][14.668s][info ][gc,marking  ] GC(44) Concurrent Scan Root Regions
[2025-03-19T15:17:46.787+0000][14.676s][info ][gc,marking  ] GC(44) Concurrent Scan Root Regions 8.465ms
[2025-03-19T15:17:46.787+0000][14.676s][info ][gc,marking  ] GC(44) Concurrent Mark
[2025-03-19T15:17:46.787+0000][14.676s][info ][gc,marking  ] GC(44) Concurrent Mark From Roots
[2025-03-19T15:17:46.787+0000][14.676s][info ][gc,task     ] GC(44) Using 1 workers of 1 for marking
[2025-03-19T15:17:46.891+0000][14.780s][info ][gc,marking  ] GC(44) Concurrent Mark From Roots 103.828ms
[2025-03-19T15:17:46.891+0000][14.780s][info ][gc,marking  ] GC(44) Concurrent Preclean
[2025-03-19T15:17:46.891+0000][14.781s][info ][gc,marking  ] GC(44) Concurrent Preclean 0.317ms
[2025-03-19T15:17:46.891+0000][14.781s][debug][safepoint   ] Safepoint synchronization initiated using futex wait barrier. (20 threads)
[2025-03-19T15:17:46.891+0000][14.781s][info ][gc,start    ] GC(44) Pause Remark
[2025-03-19T15:17:46.896+0000][14.785s][info ][gc          ] GC(44) Pause Remark 93M->93M(237M) 4.394ms
[2025-03-19T15:17:46.896+0000][14.785s][info ][gc,cpu      ] GC(44) User=0.02s Sys=0.00s Real=0.01s
[2025-03-19T15:17:46.896+0000][14.785s][info ][safepoint   ] Safepoint "G1PauseRemark", Time since last: 114037202 ns, Reaching safepoint: 91842 ns, Cleanup: 19087 ns, At safepoint: 4459773 ns, Total: 4570702 ns
[2025-03-19T15:17:46.896+0000][14.785s][info ][gc,marking  ] GC(44) Concurrent Mark 108.805ms
[2025-03-19T15:17:46.896+0000][14.785s][info ][gc,marking  ] GC(44) Concurrent Rebuild Remembered Sets
[2025-03-19T15:17:46.950+0000][14.839s][info ][gc,marking  ] GC(44) Concurrent Rebuild Remembered Sets 53.598ms
[2025-03-19T15:17:46.950+0000][14.839s][debug][safepoint   ] Safepoint synchronization initiated using futex wait barrier. (20 threads)
[2025-03-19T15:17:46.950+0000][14.839s][info ][gc,start    ] GC(44) Pause Cleanup
[2025-03-19T15:17:46.950+0000][14.839s][info ][gc          ] GC(44) Pause Cleanup 102M->102M(237M) 0.117ms
[2025-03-19T15:17:46.950+0000][14.839s][info ][gc,cpu      ] GC(44) User=0.00s Sys=0.00s Real=0.00s
[2025-03-19T15:17:46.950+0000][14.840s][info ][safepoint   ] Safepoint "G1PauseCleanup", Time since last: 53707067 ns, Reaching safepoint: 490240 ns, Cleanup: 18293 ns, At safepoint: 160742 ns, Total: 669275 ns
[2025-03-19T15:17:46.950+0000][14.840s][info ][gc,marking  ] GC(44) Concurrent Cleanup for Next Mark
[2025-03-19T15:17:46.951+0000][14.840s][info ][gc,marking  ] GC(44) Concurrent Cleanup for Next Mark 0.306ms
[2025-03-19T15:17:46.951+0000][14.840s][info ][gc          ] GC(44) Concurrent Mark Cycle 173.345ms
[2025-03-19T15:17:47.512+0000][15.402s][debug][safepoint   ] Safepoint synchronization initiated using futex wait barrier. (20 threads)
[2025-03-19T15:17:47.513+0000][15.402s][info ][gc,start    ] GC(45) Pause Young (Prepare Mixed) (G1 Evacuation Pause)
[2025-03-19T15:17:47.513+0000][15.402s][info ][gc,task     ] GC(45) Using 4 workers of 4 for evacuation
[2025-03-19T15:17:47.527+0000][15.417s][info ][gc,phases   ] GC(45)   Pre Evacuate Collection Set: 0.1ms
[2025-03-19T15:17:47.527+0000][15.417s][info ][gc,phases   ] GC(45)   Merge Heap Roots: 0.1ms
[2025-03-19T15:17:47.527+0000][15.417s][info ][gc,phases   ] GC(45)   Evacuate Collection Set: 12.7ms
[2025-03-19T15:17:47.527+0000][15.417s][info ][gc,phases   ] GC(45)   Post Evacuate Collection Set: 1.9ms
[2025-03-19T15:17:47.527+0000][15.417s][info ][gc,phases   ] GC(45)   Other: 0.1ms
[2025-03-19T15:17:47.527+0000][15.417s][info ][gc,heap     ] GC(45) Eden regions: 125->0(1)
[2025-03-19T15:17:47.527+0000][15.417s][info ][gc,heap     ] GC(45) Survivor regions: 7->11(17)
[2025-03-19T15:17:47.527+0000][15.417s][info ][gc,heap     ] GC(45) Old regions: 72->72
[2025-03-19T15:17:47.527+0000][15.417s][info ][gc,heap     ] GC(45) Archive regions: 2->2
[2025-03-19T15:17:47.527+0000][15.417s][info ][gc,heap     ] GC(45) Humongous regions: 0->0
[2025-03-19T15:17:47.527+0000][15.417s][info ][gc,metaspace] GC(45) Metaspace: 86817K(87360K)->86817K(87360K) NonClass: 75630K(75904K)->75630K(75904K) Class: 11187K(11456K)->11187K(11456K)
[2025-03-19T15:17:47.527+0000][15.417s][info ][gc          ] GC(45) Pause Young (Prepare Mixed) (G1 Evacuation Pause) 203M->82M(237M) 14.949ms
[2025-03-19T15:17:47.527+0000][15.417s][info ][gc,cpu      ] GC(45) User=0.04s Sys=0.00s Real=0.01s
[2025-03-19T15:17:47.528+0000][15.417s][info ][safepoint   ] Safepoint "G1CollectForAllocation", Time since last: 562132897 ns, Reaching safepoint: 34427 ns, Cleanup: 64766 ns, At safepoint: 14996958 ns, Total: 15096151 ns
[2025-03-19T15:17:47.536+0000][15.425s][debug][safepoint   ] Safepoint synchronization initiated using futex wait barrier. (20 threads)
[2025-03-19T15:17:47.536+0000][15.425s][info ][gc,start    ] GC(46) Pause Young (Mixed) (G1 Evacuation Pause)
[2025-03-19T15:17:47.536+0000][15.425s][info ][gc,task     ] GC(46) Using 4 workers of 4 for evacuation
[2025-03-19T15:17:47.562+0000][15.452s][info ][gc,phases   ] GC(46)   Pre Evacuate Collection Set: 0.1ms
[2025-03-19T15:17:47.562+0000][15.452s][info ][gc,phases   ] GC(46)   Merge Heap Roots: 0.1ms
[2025-03-19T15:17:47.562+0000][15.452s][info ][gc,phases   ] GC(46)   Evacuate Collection Set: 21.1ms
[2025-03-19T15:17:47.562+0000][15.452s][info ][gc,phases   ] GC(46)   Post Evacuate Collection Set: 5.5ms
[2025-03-19T15:17:47.562+0000][15.452s][info ][gc,phases   ] GC(46)   Other: 0.1ms
[2025-03-19T15:17:47.562+0000][15.452s][info ][gc,heap     ] GC(46) Eden regions: 1->0(361)
[2025-03-19T15:17:47.562+0000][15.452s][info ][gc,heap     ] GC(46) Survivor regions: 11->2(2)
[2025-03-19T15:17:47.562+0000][15.452s][info ][gc,heap     ] GC(46) Old regions: 72->81
[2025-03-19T15:17:47.562+0000][15.452s][info ][gc,heap     ] GC(46) Archive regions: 2->2
[2025-03-19T15:17:47.562+0000][15.452s][info ][gc,heap     ] GC(46) Humongous regions: 0->0
[2025-03-19T15:17:47.562+0000][15.452s][info ][gc,metaspace] GC(46) Metaspace: 86870K(87424K)->86870K(87424K) NonClass: 75679K(75968K)->75679K(75968K) Class: 11191K(11456K)->11191K(11456K)
[2025-03-19T15:17:47.563+0000][15.452s][info ][gc          ] GC(46) Pause Young (Mixed) (G1 Evacuation Pause) 83M->82M(606M) 26.899ms
[2025-03-19T15:17:47.563+0000][15.452s][info ][gc,cpu      ] GC(46) User=0.03s Sys=0.00s Real=0.03s
[2025-03-19T15:17:47.565+0000][15.455s][info ][safepoint   ] Safepoint "G1CollectForAllocation", Time since last: 8032644 ns, Reaching safepoint: 38742 ns, Cleanup: 10882 ns, At safepoint: 29696427 ns, Total: 29746051 ns
[2025-03-19T15:17:48.649+0000][16.539s][debug][safepoint   ] Safepoint synchronization initiated using futex wait barrier. (23 threads)
[2025-03-19T15:17:48.650+0000][16.539s][info ][safepoint   ] Safepoint "Cleanup", Time since last: 1084075478 ns, Reaching safepoint: 109627 ns, Cleanup: 58773 ns, At safepoint: 2189 ns, Total: 170589 ns
[2025-03-19T15:17:49.083+0000][16.972s][debug][safepoint   ] Safepoint synchronization initiated using futex wait barrier. (23 threads)
[2025-03-19T15:17:49.083+0000][16.973s][info ][safepoint   ] Safepoint "ICBufferFull", Time since last: 433719392 ns, Reaching safepoint: 46513 ns, Cleanup: 117586 ns, At safepoint: 1773 ns, Total: 165872 ns
[2025-03-19T15:17:49.516+0000][17.405s][debug][safepoint   ] Safepoint synchronization initiated using futex wait barrier. (23 threads)
[2025-03-19T15:17:49.516+0000][17.406s][info ][safepoint   ] Safepoint "ICBufferFull", Time since last: 432752930 ns, Reaching safepoint: 38127 ns, Cleanup: 99502 ns, At safepoint: 4149 ns, Total: 141778 ns
[2025-03-19T15:17:49.851+0000][17.740s][debug][safepoint   ] Safepoint synchronization initiated using futex wait barrier. (23 threads)
[2025-03-19T15:17:49.851+0000][17.740s][info ][gc,start    ] GC(47) Pause Young (Normal) (G1 Evacuation Pause)
[2025-03-19T15:17:49.851+0000][17.740s][info ][gc,task     ] GC(47) Using 4 workers of 4 for evacuation
[2025-03-19T15:17:49.863+0000][17.752s][info ][gc,phases   ] GC(47)   Pre Evacuate Collection Set: 0.1ms
[2025-03-19T15:17:49.863+0000][17.752s][info ][gc,phases   ] GC(47)   Merge Heap Roots: 0.1ms
[2025-03-19T15:17:49.863+0000][17.752s][info ][gc,phases   ] GC(47)   Evacuate Collection Set: 10.5ms
[2025-03-19T15:17:49.863+0000][17.752s][info ][gc,phases   ] GC(47)   Post Evacuate Collection Set: 1.0ms
[2025-03-19T15:17:49.863+0000][17.752s][info ][gc,phases   ] GC(47)   Other: 0.1ms
[2025-03-19T15:17:49.863+0000][17.752s][info ][gc,heap     ] GC(47) Eden regions: 361->0(352)
[2025-03-19T15:17:49.863+0000][17.752s][info ][gc,heap     ] GC(47) Survivor regions: 2->11(46)
[2025-03-19T15:17:49.863+0000][17.752s][info ][gc,heap     ] GC(47) Old regions: 81->81
[2025-03-19T15:17:49.863+0000][17.752s][info ][gc,heap     ] GC(47) Archive regions: 2->2
[2025-03-19T15:17:49.863+0000][17.752s][info ][gc,heap     ] GC(47) Humongous regions: 0->0
[2025-03-19T15:17:49.863+0000][17.752s][info ][gc,metaspace] GC(47) Metaspace: 95631K(96192K)->95631K(96192K) NonClass: 83072K(83392K)->83072K(83392K) Class: 12558K(12800K)->12558K(12800K)
[2025-03-19T15:17:49.863+0000][17.752s][info ][gc          ] GC(47) Pause Young (Normal) (G1 Evacuation Pause) 443M->91M(606M) 11.865ms
[2025-03-19T15:17:49.863+0000][17.752s][info ][gc,cpu      ] GC(47) User=0.04s Sys=0.00s Real=0.02s
[2025-03-19T15:17:49.863+0000][17.753s][info ][safepoint   ] Safepoint "G1CollectForAllocation", Time since last: 334536683 ns, Reaching safepoint: 37123 ns, Cleanup: 50782 ns, At safepoint: 12348813 ns, Total: 12436718 ns
[2025-03-19T15:17:50.458+0000][18.348s][debug][safepoint   ] Safepoint synchronization initiated using futex wait barrier. (24 threads)
[2025-03-19T15:17:50.459+0000][18.348s][info ][safepoint   ] Safepoint "ICBufferFull", Time since last: 595065481 ns, Reaching safepoint: 44534 ns, Cleanup: 134181 ns, At safepoint: 2644 ns, Total: 181359 ns
[2025-03-19T15:17:51.451+0000][19.340s][debug][safepoint   ] Safepoint synchronization initiated using futex wait barrier. (26 threads)
[2025-03-19T15:17:51.451+0000][19.340s][info ][safepoint   ] Safepoint "ICBufferFull", Time since last: 992060480 ns, Reaching safepoint: 41884 ns, Cleanup: 118302 ns, At safepoint: 3027 ns, Total: 163213 ns
[2025-03-19T15:17:51.477+0000][19.366s][debug][safepoint   ] Safepoint synchronization initiated using futex wait barrier. (26 threads)
[2025-03-19T15:17:51.477+0000][19.366s][info ][gc,start    ] GC(48) Pause Young (Normal) (G1 Evacuation Pause)
[2025-03-19T15:17:51.477+0000][19.366s][info ][gc,task     ] GC(48) Using 4 workers of 4 for evacuation
[2025-03-19T15:17:51.504+0000][19.393s][info ][gc,phases   ] GC(48)   Pre Evacuate Collection Set: 0.1ms
[2025-03-19T15:17:51.504+0000][19.393s][info ][gc,phases   ] GC(48)   Merge Heap Roots: 0.2ms
[2025-03-19T15:17:51.504+0000][19.393s][info ][gc,phases   ] GC(48)   Evacuate Collection Set: 22.7ms
[2025-03-19T15:17:51.504+0000][19.393s][info ][gc,phases   ] GC(48)   Post Evacuate Collection Set: 4.0ms
[2025-03-19T15:17:51.504+0000][19.393s][info ][gc,phases   ] GC(48)   Other: 0.1ms
[2025-03-19T15:17:51.504+0000][19.393s][info ][gc,heap     ] GC(48) Eden regions: 352->0(348)
[2025-03-19T15:17:51.504+0000][19.393s][info ][gc,heap     ] GC(48) Survivor regions: 11->15(46)
[2025-03-19T15:17:51.504+0000][19.393s][info ][gc,heap     ] GC(48) Old regions: 81->81
[2025-03-19T15:17:51.504+0000][19.393s][info ][gc,heap     ] GC(48) Archive regions: 2->2
[2025-03-19T15:17:51.504+0000][19.393s][info ][gc,heap     ] GC(48) Humongous regions: 0->0
[2025-03-19T15:17:51.504+0000][19.393s][info ][gc,metaspace] GC(48) Metaspace: 105731K(106368K)->105731K(106368K) NonClass: 91839K(92160K)->91839K(92160K) Class: 13891K(14208K)->13891K(14208K)
[2025-03-19T15:17:51.504+0000][19.393s][info ][gc          ] GC(48) Pause Young (Normal) (G1 Evacuation Pause) 443M->95M(606M) 27.265ms
[2025-03-19T15:17:51.504+0000][19.393s][info ][gc,cpu      ] GC(48) User=0.10s Sys=0.00s Real=0.03s
[2025-03-19T15:17:51.504+0000][19.393s][info ][safepoint   ] Safepoint "G1CollectForAllocation", Time since last: 26030626 ns, Reaching safepoint: 41941 ns, Cleanup: 17976 ns, At safepoint: 27322794 ns, Total: 27382711 ns
[2025-03-19T15:17:52.160+0000][20.049s][debug][safepoint   ] Safepoint synchronization initiated using futex wait barrier. (29 threads)
[2025-03-19T15:17:52.160+0000][20.049s][info ][safepoint   ] Safepoint "ICBufferFull", Time since last: 655743667 ns, Reaching safepoint: 113119 ns, Cleanup: 101549 ns, At safepoint: 3825 ns, Total: 218493 ns
[2025-03-19T15:17:52.666+0000][20.556s][debug][safepoint   ] Safepoint synchronization initiated using futex wait barrier. (35 threads)
[2025-03-19T15:17:52.667+0000][20.556s][info ][safepoint   ] Safepoint "ICBufferFull", Time since last: 506303721 ns, Reaching safepoint: 42580 ns, Cleanup: 124716 ns, At safepoint: 4574 ns, Total: 171870 ns
[2025-03-19T15:17:53.395+0000][21.284s][debug][safepoint   ] Safepoint synchronization initiated using futex wait barrier. (39 threads)
[2025-03-19T15:17:53.395+0000][21.284s][info ][safepoint   ] Safepoint "ICBufferFull", Time since last: 728184773 ns, Reaching safepoint: 107584 ns, Cleanup: 92178 ns, At safepoint: 2235 ns, Total: 201997 ns
[2025-03-19T15:17:53.626+0000][21.515s][debug][safepoint   ] Safepoint synchronization initiated using futex wait barrier. (39 threads)
[2025-03-19T15:17:53.626+0000][21.515s][info ][gc,start    ] GC(49) Pause Young (Normal) (G1 Evacuation Pause)
[2025-03-19T15:17:53.626+0000][21.515s][info ][gc,task     ] GC(49) Using 4 workers of 4 for evacuation
[2025-03-19T15:17:53.647+0000][21.536s][info ][gc,phases   ] GC(49)   Pre Evacuate Collection Set: 0.1ms
[2025-03-19T15:17:53.647+0000][21.536s][info ][gc,phases   ] GC(49)   Merge Heap Roots: 0.1ms
[2025-03-19T15:17:53.647+0000][21.536s][info ][gc,phases   ] GC(49)   Evacuate Collection Set: 18.8ms
[2025-03-19T15:17:53.647+0000][21.536s][info ][gc,phases   ] GC(49)   Post Evacuate Collection Set: 1.5ms
[2025-03-19T15:17:53.647+0000][21.536s][info ][gc,phases   ] GC(49)   Other: 0.1ms
[2025-03-19T15:17:53.647+0000][21.536s][info ][gc,heap     ] GC(49) Eden regions: 348->0(339)
[2025-03-19T15:17:53.647+0000][21.536s][info ][gc,heap     ] GC(49) Survivor regions: 15->24(46)
[2025-03-19T15:17:53.647+0000][21.536s][info ][gc,heap     ] GC(49) Old regions: 81->81
[2025-03-19T15:17:53.647+0000][21.536s][info ][gc,heap     ] GC(49) Archive regions: 2->2
[2025-03-19T15:17:53.647+0000][21.536s][info ][gc,heap     ] GC(49) Humongous regions: 0->0
[2025-03-19T15:17:53.647+0000][21.536s][info ][gc,metaspace] GC(49) Metaspace: 113472K(114176K)->113472K(114176K) NonClass: 98857K(99200K)->98857K(99200K) Class: 14615K(14976K)->14615K(14976K)
[2025-03-19T15:17:53.647+0000][21.536s][info ][gc          ] GC(49) Pause Young (Normal) (G1 Evacuation Pause) 443M->104M(606M) 20.569ms
[2025-03-19T15:17:53.647+0000][21.536s][info ][gc,cpu      ] GC(49) User=0.08s Sys=0.00s Real=0.02s
[2025-03-19T15:17:53.649+0000][21.538s][info ][safepoint   ] Safepoint "G1CollectForAllocation", Time since last: 230947614 ns, Reaching safepoint: 103403 ns, Cleanup: 76308 ns, At safepoint: 22719838 ns, Total: 22899549 ns
[2025-03-19T15:17:54.103+0000][21.992s][debug][safepoint   ] Safepoint synchronization initiated using futex wait barrier. (40 threads)
[2025-03-19T15:17:54.103+0000][21.992s][info ][safepoint   ] Safepoint "ICBufferFull", Time since last: 453940322 ns, Reaching safepoint: 40276 ns, Cleanup: 139778 ns, At safepoint: 2779 ns, Total: 182833 ns
[2025-03-19T15:17:54.929+0000][22.818s][debug][safepoint   ] Safepoint synchronization initiated using futex wait barrier. (41 threads)
[2025-03-19T15:17:54.929+0000][22.818s][info ][safepoint   ] Safepoint "ICBufferFull", Time since last: 825804314 ns, Reaching safepoint: 33336 ns, Cleanup: 94593 ns, At safepoint: 1648 ns, Total: 129577 ns
[2025-03-19T15:17:55.729+0000][23.619s][debug][safepoint   ] Safepoint synchronization initiated using futex wait barrier. (44 threads)
[2025-03-19T15:17:55.730+0000][23.619s][info ][gc,start    ] GC(50) Pause Young (Normal) (G1 Evacuation Pause)
[2025-03-19T15:17:55.730+0000][23.619s][info ][gc,task     ] GC(50) Using 4 workers of 4 for evacuation
[2025-03-19T15:17:55.752+0000][23.641s][info ][gc,phases   ] GC(50)   Pre Evacuate Collection Set: 0.1ms
[2025-03-19T15:17:55.752+0000][23.641s][info ][gc,phases   ] GC(50)   Merge Heap Roots: 0.1ms
[2025-03-19T15:17:55.752+0000][23.641s][info ][gc,phases   ] GC(50)   Evacuate Collection Set: 20.3ms
[2025-03-19T15:17:55.752+0000][23.641s][info ][gc,phases   ] GC(50)   Post Evacuate Collection Set: 1.5ms
[2025-03-19T15:17:55.752+0000][23.641s][info ][gc,phases   ] GC(50)   Other: 0.1ms
[2025-03-19T15:17:55.752+0000][23.641s][info ][gc,heap     ] GC(50) Eden regions: 339->0(331)
[2025-03-19T15:17:55.752+0000][23.641s][info ][gc,heap     ] GC(50) Survivor regions: 24->32(46)
[2025-03-19T15:17:55.752+0000][23.641s][info ][gc,heap     ] GC(50) Old regions: 81->81
[2025-03-19T15:17:55.752+0000][23.641s][info ][gc,heap     ] GC(50) Archive regions: 2->2
[2025-03-19T15:17:55.752+0000][23.641s][info ][gc,heap     ] GC(50) Humongous regions: 0->0
[2025-03-19T15:17:55.752+0000][23.641s][info ][gc,metaspace] GC(50) Metaspace: 121584K(122304K)->121584K(122304K) NonClass: 106069K(106432K)->106069K(106432K) Class: 15514K(15872K)->15514K(15872K)
[2025-03-19T15:17:55.752+0000][23.641s][info ][gc          ] GC(50) Pause Young (Normal) (G1 Evacuation Pause) 443M->113M(606M) 22.172ms
[2025-03-19T15:17:55.752+0000][23.641s][info ][gc,cpu      ] GC(50) User=0.09s Sys=0.00s Real=0.02s
[2025-03-19T15:17:55.752+0000][23.641s][info ][safepoint   ] Safepoint "G1CollectForAllocation", Time since last: 800497476 ns, Reaching safepoint: 29704 ns, Cleanup: 59981 ns, At safepoint: 22216651 ns, Total: 22306336 ns
[2025-03-19T15:17:56.518+0000][24.407s][debug][safepoint   ] ... found polling page loop exception at pc = 0x000072eac56fae21, stub =0x000072eac498f400
[2025-03-19T15:17:56.524+0000][24.413s][debug][safepoint   ] Safepoint synchronization initiated using futex wait barrier. (52 threads)
[2025-03-19T15:17:56.524+0000][24.413s][info ][safepoint   ] Safepoint "ICBufferFull", Time since last: 771818505 ns, Reaching safepoint: 111754 ns, Cleanup: 122741 ns, At safepoint: 6892 ns, Total: 241387 ns
[2025-03-19T15:17:57.061+0000][24.951s][debug][safepoint   ] Safepoint synchronization initiated using futex wait barrier. (52 threads)
[2025-03-19T15:17:57.061+0000][24.951s][info ][gc,start    ] GC(51) Pause Young (Normal) (G1 Evacuation Pause)
[2025-03-19T15:17:57.061+0000][24.951s][info ][gc,task     ] GC(51) Using 4 workers of 4 for evacuation
[2025-03-19T15:17:57.084+0000][24.974s][info ][gc,phases   ] GC(51)   Pre Evacuate Collection Set: 0.1ms
[2025-03-19T15:17:57.084+0000][24.974s][info ][gc,phases   ] GC(51)   Merge Heap Roots: 0.1ms
[2025-03-19T15:17:57.084+0000][24.974s][info ][gc,phases   ] GC(51)   Evacuate Collection Set: 21.0ms
[2025-03-19T15:17:57.084+0000][24.974s][info ][gc,phases   ] GC(51)   Post Evacuate Collection Set: 1.8ms
[2025-03-19T15:17:57.084+0000][24.974s][info ][gc,phases   ] GC(51)   Other: 0.1ms
[2025-03-19T15:17:57.084+0000][24.974s][info ][gc,heap     ] GC(51) Eden regions: 331->0(340)
[2025-03-19T15:17:57.085+0000][24.974s][info ][gc,heap     ] GC(51) Survivor regions: 32->23(46)
[2025-03-19T15:17:57.085+0000][24.974s][info ][gc,heap     ] GC(51) Old regions: 81->94
[2025-03-19T15:17:57.085+0000][24.974s][info ][gc,heap     ] GC(51) Archive regions: 2->2
[2025-03-19T15:17:57.085+0000][24.974s][info ][gc,heap     ] GC(51) Humongous regions: 1->0
[2025-03-19T15:17:57.085+0000][24.974s][info ][gc,metaspace] GC(51) Metaspace: 134119K(135168K)->134119K(135168K) NonClass: 117197K(117760K)->117197K(117760K) Class: 16922K(17408K)->16922K(17408K)
[2025-03-19T15:17:57.085+0000][24.974s][info ][gc          ] GC(51) Pause Young (Normal) (G1 Evacuation Pause) 445M->117M(606M) 23.102ms
[2025-03-19T15:17:57.085+0000][24.974s][info ][gc,cpu      ] GC(51) User=0.09s Sys=0.00s Real=0.03s
[2025-03-19T15:17:57.085+0000][24.974s][info ][safepoint   ] Safepoint "G1CollectForAllocation", Time since last: 537540307 ns, Reaching safepoint: 31476 ns, Cleanup: 66914 ns, At safepoint: 23194553 ns, Total: 23292943 ns
[2025-03-19T15:17:57.983+0000][25.872s][debug][safepoint   ] Safepoint synchronization initiated using futex wait barrier. (53 threads)
[2025-03-19T15:17:57.983+0000][25.873s][info ][safepoint   ] Safepoint "ICBufferFull", Time since last: 898547679 ns, Reaching safepoint: 46680 ns, Cleanup: 125820 ns, At safepoint: 2221 ns, Total: 174721 ns
[2025-03-19T15:17:58.515+0000][26.405s][debug][safepoint   ] Safepoint synchronization initiated using futex wait barrier. (57 threads)
[2025-03-19T15:17:58.515+0000][26.405s][info ][gc,start    ] GC(52) Pause Young (Normal) (G1 Evacuation Pause)
[2025-03-19T15:17:58.515+0000][26.405s][info ][gc,task     ] GC(52) Using 4 workers of 4 for evacuation
[2025-03-19T15:17:58.547+0000][26.436s][info ][gc,phases   ] GC(52)   Pre Evacuate Collection Set: 0.1ms
[2025-03-19T15:17:58.547+0000][26.436s][info ][gc,phases   ] GC(52)   Merge Heap Roots: 0.2ms
[2025-03-19T15:17:58.547+0000][26.436s][info ][gc,phases   ] GC(52)   Evacuate Collection Set: 28.0ms
[2025-03-19T15:17:58.547+0000][26.436s][info ][gc,phases   ] GC(52)   Post Evacuate Collection Set: 2.8ms
[2025-03-19T15:17:58.547+0000][26.436s][info ][gc,phases   ] GC(52)   Other: 0.1ms
[2025-03-19T15:17:58.547+0000][26.436s][info ][gc,heap     ] GC(52) Eden regions: 340->0(330)
[2025-03-19T15:17:58.547+0000][26.436s][info ][gc,heap     ] GC(52) Survivor regions: 23->33(46)
[2025-03-19T15:17:58.547+0000][26.436s][info ][gc,heap     ] GC(52) Old regions: 94->94
[2025-03-19T15:17:58.547+0000][26.436s][info ][gc,heap     ] GC(52) Archive regions: 2->2
[2025-03-19T15:17:58.547+0000][26.436s][info ][gc,heap     ] GC(52) Humongous regions: 0->0
[2025-03-19T15:17:58.547+0000][26.436s][info ][gc,metaspace] GC(52) Metaspace: 140282K(141376K)->140282K(141376K) NonClass: 123003K(123584K)->123003K(123584K) Class: 17278K(17792K)->17278K(17792K)
[2025-03-19T15:17:58.547+0000][26.436s][info ][gc          ] GC(52) Pause Young (Normal) (G1 Evacuation Pause) 457M->127M(606M) 31.370ms
[2025-03-19T15:17:58.547+0000][26.436s][info ][gc,cpu      ] GC(52) User=0.12s Sys=0.00s Real=0.03s
[2025-03-19T15:17:58.547+0000][26.436s][info ][safepoint   ] Safepoint "G1CollectForAllocation", Time since last: 531973022 ns, Reaching safepoint: 66397 ns, Cleanup: 44898 ns, At safepoint: 31568345 ns, Total: 31679640 ns
[2025-03-19T15:17:58.765+0000][26.654s][debug][safepoint   ] Safepoint synchronization initiated using futex wait barrier. (57 threads)
[2025-03-19T15:17:58.765+0000][26.654s][info ][gc,start    ] GC(53) Pause Young (Concurrent Start) (Metadata GC Threshold)
[2025-03-19T15:17:58.765+0000][26.654s][info ][gc,task     ] GC(53) Using 4 workers of 4 for evacuation
[2025-03-19T15:17:58.792+0000][26.681s][info ][gc,phases   ] GC(53)   Pre Evacuate Collection Set: 0.2ms
[2025-03-19T15:17:58.792+0000][26.681s][info ][gc,phases   ] GC(53)   Merge Heap Roots: 0.2ms
[2025-03-19T15:17:58.792+0000][26.681s][info ][gc,phases   ] GC(53)   Evacuate Collection Set: 25.1ms
[2025-03-19T15:17:58.792+0000][26.681s][info ][gc,phases   ] GC(53)   Post Evacuate Collection Set: 1.3ms
[2025-03-19T15:17:58.792+0000][26.681s][info ][gc,phases   ] GC(53)   Other: 0.1ms
[2025-03-19T15:17:58.792+0000][26.681s][info ][gc,heap     ] GC(53) Eden regions: 63->0(345)
[2025-03-19T15:17:58.792+0000][26.681s][info ][gc,heap     ] GC(53) Survivor regions: 33->18(46)
[2025-03-19T15:17:58.792+0000][26.681s][info ][gc,heap     ] GC(53) Old regions: 94->110
[2025-03-19T15:17:58.792+0000][26.681s][info ][gc,heap     ] GC(53) Archive regions: 2->2
[2025-03-19T15:17:58.792+0000][26.681s][info ][gc,heap     ] GC(53) Humongous regions: 0->0
[2025-03-19T15:17:58.792+0000][26.681s][info ][gc,metaspace] GC(53) Metaspace: 141495K(142528K)->141495K(142528K) NonClass: 124155K(124672K)->124155K(124672K) Class: 17339K(17856K)->17339K(17856K)
[2025-03-19T15:17:58.792+0000][26.681s][info ][gc          ] GC(53) Pause Young (Concurrent Start) (Metadata GC Threshold) 189M->128M(606M) 26.969ms
[2025-03-19T15:17:58.792+0000][26.681s][info ][gc,cpu      ] GC(53) User=0.09s Sys=0.00s Real=0.02s
[2025-03-19T15:17:58.792+0000][26.681s][info ][gc          ] GC(54) Concurrent Mark Cycle
[2025-03-19T15:17:58.792+0000][26.681s][info ][gc,marking  ] GC(54) Concurrent Clear Claimed Marks
[2025-03-19T15:17:58.792+0000][26.681s][info ][safepoint   ] Safepoint "CollectForMetadataAllocation", Time since last: 217818062 ns, Reaching safepoint: 31453 ns, Cleanup: 21801 ns, At safepoint: 27151503 ns, Total: 27204757 ns
[2025-03-19T15:17:58.792+0000][26.681s][info ][gc,marking  ] GC(54) Concurrent Clear Claimed Marks 0.122ms
[2025-03-19T15:17:58.792+0000][26.681s][info ][gc,marking  ] GC(54) Concurrent Scan Root Regions
[2025-03-19T15:17:58.821+0000][26.710s][info ][gc,marking  ] GC(54) Concurrent Scan Root Regions 28.940ms
[2025-03-19T15:17:58.821+0000][26.710s][info ][gc,marking  ] GC(54) Concurrent Mark
[2025-03-19T15:17:58.821+0000][26.710s][info ][gc,marking  ] GC(54) Concurrent Mark From Roots
[2025-03-19T15:17:58.821+0000][26.710s][info ][gc,task     ] GC(54) Using 1 workers of 1 for marking
[2025-03-19T15:17:58.875+0000][26.764s][debug][safepoint   ] Safepoint synchronization initiated using futex wait barrier. (57 threads)
[2025-03-19T15:17:58.875+0000][26.764s][info ][safepoint   ] Safepoint "CollectForMetadataAllocation", Time since last: 82762277 ns, Reaching safepoint: 71804 ns, Cleanup: 15434 ns, At safepoint: 35045 ns, Total: 122283 ns
[2025-03-19T15:17:58.881+0000][26.770s][debug][safepoint   ] Safepoint synchronization initiated using futex wait barrier. (57 threads)
[2025-03-19T15:17:58.881+0000][26.770s][info ][safepoint   ] Safepoint "CollectForMetadataAllocation", Time since last: 5602068 ns, Reaching safepoint: 86229 ns, Cleanup: 3481 ns, At safepoint: 20941 ns, Total: 110651 ns
[2025-03-19T15:17:58.937+0000][26.826s][debug][safepoint   ] Safepoint synchronization initiated using futex wait barrier. (57 threads)
[2025-03-19T15:17:58.937+0000][26.827s][info ][safepoint   ] Safepoint "CollectForMetadataAllocation", Time since last: 56643130 ns, Reaching safepoint: 57656 ns, Cleanup: 7153 ns, At safepoint: 26517 ns, Total: 91326 ns
[2025-03-19T15:17:58.952+0000][26.842s][debug][safepoint   ] Safepoint synchronization initiated using futex wait barrier. (57 threads)
[2025-03-19T15:17:58.952+0000][26.842s][info ][safepoint   ] Safepoint "CollectForMetadataAllocation", Time since last: 14934717 ns, Reaching safepoint: 67729 ns, Cleanup: 7694 ns, At safepoint: 25857 ns, Total: 101280 ns
[2025-03-19T15:17:58.966+0000][26.855s][debug][safepoint   ] Safepoint synchronization initiated using futex wait barrier. (57 threads)
[2025-03-19T15:17:58.966+0000][26.855s][info ][safepoint   ] Safepoint "CollectForMetadataAllocation", Time since last: 13699354 ns, Reaching safepoint: 59407 ns, Cleanup: 2482 ns, At safepoint: 25345 ns, Total: 87234 ns
[2025-03-19T15:17:58.967+0000][26.857s][info ][gc,marking  ] GC(54) Concurrent Mark From Roots 146.289ms
[2025-03-19T15:17:58.967+0000][26.857s][info ][gc,marking  ] GC(54) Concurrent Preclean
[2025-03-19T15:17:58.968+0000][26.857s][info ][gc,marking  ] GC(54) Concurrent Preclean 0.258ms
[2025-03-19T15:17:58.968+0000][26.857s][debug][safepoint   ] Safepoint synchronization initiated using futex wait barrier. (57 threads)
[2025-03-19T15:17:58.968+0000][26.857s][info ][gc,start    ] GC(54) Pause Remark
[2025-03-19T15:17:58.976+0000][26.865s][info ][gc          ] GC(54) Pause Remark 148M->148M(504M) 7.986ms
[2025-03-19T15:17:58.976+0000][26.865s][info ][gc,cpu      ] GC(54) User=0.03s Sys=0.00s Real=0.01s
[2025-03-19T15:17:58.976+0000][26.865s][info ][safepoint   ] Safepoint "G1PauseRemark", Time since last: 1474394 ns, Reaching safepoint: 208174 ns, Cleanup: 2823 ns, At safepoint: 8153664 ns, Total: 8364661 ns
[2025-03-19T15:17:58.976+0000][26.865s][info ][gc,marking  ] GC(54) Concurrent Mark 154.991ms
[2025-03-19T15:17:58.976+0000][26.865s][info ][gc,marking  ] GC(54) Concurrent Rebuild Remembered Sets
[2025-03-19T15:17:59.086+0000][26.975s][info ][gc,marking  ] GC(54) Concurrent Rebuild Remembered Sets 109.736ms
[2025-03-19T15:17:59.086+0000][26.975s][debug][safepoint   ] Safepoint synchronization initiated using futex wait barrier. (58 threads)
[2025-03-19T15:17:59.086+0000][26.975s][info ][gc,start    ] GC(54) Pause Cleanup
[2025-03-19T15:17:59.086+0000][26.975s][info ][gc          ] GC(54) Pause Cleanup 166M->166M(504M) 0.116ms
[2025-03-19T15:17:59.086+0000][26.975s][info ][gc,cpu      ] GC(54) User=0.00s Sys=0.00s Real=0.00s
[2025-03-19T15:17:59.086+0000][26.975s][info ][safepoint   ] Safepoint "G1PauseCleanup", Time since last: 109839251 ns, Reaching safepoint: 22299 ns, Cleanup: 12179 ns, At safepoint: 148620 ns, Total: 183098 ns
[2025-03-19T15:17:59.086+0000][26.975s][info ][gc,marking  ] GC(54) Concurrent Cleanup for Next Mark
[2025-03-19T15:17:59.088+0000][26.978s][info ][gc,marking  ] GC(54) Concurrent Cleanup for Next Mark 2.341ms
[2025-03-19T15:17:59.088+0000][26.978s][info ][gc          ] GC(54) Concurrent Mark Cycle 296.559ms
[2025-03-19T15:17:59.220+0000][27.109s][info ][cds,heap    ] initialize_from_archived_subgraph jdk.internal.math.FDBigInteger 0x000072ea5b14d8f0
[2025-03-19T15:18:00.209+0000][28.099s][debug][safepoint   ] Safepoint synchronization initiated using futex wait barrier. (77 threads)
[2025-03-19T15:18:00.210+0000][28.099s][info ][gc,start    ] GC(55) Pause Young (Prepare Mixed) (G1 Evacuation Pause)
[2025-03-19T15:18:00.210+0000][28.099s][info ][gc,task     ] GC(55) Using 4 workers of 4 for evacuation
[2025-03-19T15:18:00.229+0000][28.119s][info ][gc,phases   ] GC(55)   Pre Evacuate Collection Set: 0.1ms
[2025-03-19T15:18:00.229+0000][28.119s][info ][gc,phases   ] GC(55)   Merge Heap Roots: 0.2ms
[2025-03-19T15:18:00.229+0000][28.119s][info ][gc,phases   ] GC(55)   Evacuate Collection Set: 17.5ms
[2025-03-19T15:18:00.229+0000][28.119s][info ][gc,phases   ] GC(55)   Post Evacuate Collection Set: 1.8ms
[2025-03-19T15:18:00.229+0000][28.119s][info ][gc,phases   ] GC(55)   Other: 0.1ms
[2025-03-19T15:18:00.229+0000][28.119s][info ][gc,heap     ] GC(55) Eden regions: 284->0(2)
[2025-03-19T15:18:00.229+0000][28.119s][info ][gc,heap     ] GC(55) Survivor regions: 18->23(38)
[2025-03-19T15:18:00.229+0000][28.119s][info ][gc,heap     ] GC(55) Old regions: 110->110
[2025-03-19T15:18:00.229+0000][28.119s][info ][gc,heap     ] GC(55) Archive regions: 2->2
[2025-03-19T15:18:00.229+0000][28.119s][info ][gc,heap     ] GC(55) Humongous regions: 0->0
[2025-03-19T15:18:00.229+0000][28.119s][info ][gc,metaspace] GC(55) Metaspace: 149624K(150656K)->149624K(150656K) NonClass: 131279K(131776K)->131279K(131776K) Class: 18344K(18880K)->18344K(18880K)
[2025-03-19T15:18:00.229+0000][28.119s][info ][gc          ] GC(55) Pause Young (Prepare Mixed) (G1 Evacuation Pause) 412M->133M(504M) 19.817ms
[2025-03-19T15:18:00.229+0000][28.119s][info ][gc,cpu      ] GC(55) User=0.07s Sys=0.00s Real=0.02s
[2025-03-19T15:18:00.230+0000][28.119s][info ][safepoint   ] Safepoint "G1CollectForAllocation", Time since last: 1123440238 ns, Reaching safepoint: 46493 ns, Cleanup: 98373 ns, At safepoint: 19905348 ns, Total: 20050214 ns
[2025-03-19T15:18:00.234+0000][28.123s][debug][safepoint   ] Safepoint synchronization initiated using futex wait barrier. (77 threads)
[2025-03-19T15:18:00.234+0000][28.123s][info ][gc,start    ] GC(56) Pause Young (Mixed) (G1 Evacuation Pause)
[2025-03-19T15:18:00.234+0000][28.123s][info ][gc,task     ] GC(56) Using 4 workers of 4 for evacuation
[2025-03-19T15:18:00.250+0000][28.139s][info ][gc,phases   ] GC(56)   Pre Evacuate Collection Set: 0.1ms
[2025-03-19T15:18:00.250+0000][28.139s][info ][gc,phases   ] GC(56)   Merge Heap Roots: 0.1ms
[2025-03-19T15:18:00.250+0000][28.139s][info ][gc,phases   ] GC(56)   Evacuate Collection Set: 14.6ms
[2025-03-19T15:18:00.250+0000][28.139s][info ][gc,phases   ] GC(56)   Post Evacuate Collection Set: 1.2ms
[2025-03-19T15:18:00.250+0000][28.139s][info ][gc,phases   ] GC(56)   Other: 0.1ms
[2025-03-19T15:18:00.250+0000][28.140s][info ][gc,heap     ] GC(56) Eden regions: 2->0(297)
[2025-03-19T15:18:00.250+0000][28.140s][info ][gc,heap     ] GC(56) Survivor regions: 23->2(4)
[2025-03-19T15:18:00.250+0000][28.140s][info ][gc,heap     ] GC(56) Old regions: 110->131
[2025-03-19T15:18:00.250+0000][28.140s][info ][gc,heap     ] GC(56) Archive regions: 2->2
[2025-03-19T15:18:00.250+0000][28.140s][info ][gc,heap     ] GC(56) Humongous regions: 0->0
[2025-03-19T15:18:00.250+0000][28.140s][info ][gc,metaspace] GC(56) Metaspace: 149624K(150656K)->149624K(150656K) NonClass: 131279K(131776K)->131279K(131776K) Class: 18344K(18880K)->18344K(18880K)
[2025-03-19T15:18:00.250+0000][28.140s][info ][gc          ] GC(56) Pause Young (Mixed) (G1 Evacuation Pause) 135M->132M(504M) 16.070ms
[2025-03-19T15:18:00.250+0000][28.140s][info ][gc,cpu      ] GC(56) User=0.06s Sys=0.00s Real=0.01s
[2025-03-19T15:18:00.250+0000][28.140s][info ][safepoint   ] Safepoint "G1CollectForAllocation", Time since last: 4680685 ns, Reaching safepoint: 31819 ns, Cleanup: 5221 ns, At safepoint: 16117434 ns, Total: 16154474 ns
[2025-03-19T15:18:00.766+0000][28.655s][debug][safepoint   ] Safepoint synchronization initiated using futex wait barrier. (77 threads)
[2025-03-19T15:18:00.766+0000][28.655s][debug][safepoint   ] ... found polling page loop exception at pc = 0x000072eac51a2b2c, stub =0x000072eac498f400
[2025-03-19T15:18:00.766+0000][28.656s][info ][safepoint   ] Safepoint "ICBufferFull", Time since last: 515787427 ns, Reaching safepoint: 107376 ns, Cleanup: 91904 ns, At safepoint: 2472 ns, Total: 201752 ns
[2025-03-19T15:18:01.251+0000][29.140s][debug][safepoint   ] Safepoint synchronization initiated using futex wait barrier. (77 threads)
[2025-03-19T15:18:01.251+0000][29.140s][info ][gc,start    ] GC(57) Pause Young (Concurrent Start) (G1 Evacuation Pause)
[2025-03-19T15:18:01.251+0000][29.140s][info ][gc,task     ] GC(57) Using 4 workers of 4 for evacuation
[2025-03-19T15:18:01.271+0000][29.160s][info ][gc,phases   ] GC(57)   Pre Evacuate Collection Set: 0.2ms
[2025-03-19T15:18:01.271+0000][29.160s][info ][gc,phases   ] GC(57)   Merge Heap Roots: 0.2ms
[2025-03-19T15:18:01.271+0000][29.160s][info ][gc,phases   ] GC(57)   Evacuate Collection Set: 17.4ms
[2025-03-19T15:18:01.271+0000][29.160s][info ][gc,phases   ] GC(57)   Post Evacuate Collection Set: 1.7ms
[2025-03-19T15:18:01.271+0000][29.160s][info ][gc,phases   ] GC(57)   Other: 0.1ms
[2025-03-19T15:18:01.271+0000][29.160s][info ][gc,heap     ] GC(57) Eden regions: 297->0(289)
[2025-03-19T15:18:01.271+0000][29.160s][info ][gc,heap     ] GC(57) Survivor regions: 2->9(38)
[2025-03-19T15:18:01.271+0000][29.160s][info ][gc,heap     ] GC(57) Old regions: 131->131
[2025-03-19T15:18:01.271+0000][29.160s][info ][gc,heap     ] GC(57) Archive regions: 2->2
[2025-03-19T15:18:01.271+0000][29.160s][info ][gc,heap     ] GC(57) Humongous regions: 0->0
[2025-03-19T15:18:01.271+0000][29.160s][info ][gc,metaspace] GC(57) Metaspace: 152338K(153344K)->152338K(153344K) NonClass: 133574K(134080K)->133574K(134080K) Class: 18764K(19264K)->18764K(19264K)
[2025-03-19T15:18:01.271+0000][29.160s][info ][gc          ] GC(57) Pause Young (Concurrent Start) (G1 Evacuation Pause) 429M->139M(504M) 19.628ms
[2025-03-19T15:18:01.271+0000][29.160s][info ][gc,cpu      ] GC(57) User=0.08s Sys=0.00s Real=0.02s
[2025-03-19T15:18:01.271+0000][29.160s][info ][gc          ] GC(58) Concurrent Mark Cycle
[2025-03-19T15:18:01.271+0000][29.160s][info ][gc,marking  ] GC(58) Concurrent Clear Claimed Marks
[2025-03-19T15:18:01.271+0000][29.160s][info ][gc,marking  ] GC(58) Concurrent Clear Claimed Marks 0.106ms
[2025-03-19T15:18:01.271+0000][29.160s][info ][gc,marking  ] GC(58) Concurrent Scan Root Regions
[2025-03-19T15:18:01.271+0000][29.160s][info ][safepoint   ] Safepoint "G1CollectForAllocation", Time since last: 484617900 ns, Reaching safepoint: 41458 ns, Cleanup: 60112 ns, At safepoint: 19944230 ns, Total: 20045800 ns
[2025-03-19T15:18:01.283+0000][29.172s][info ][gc,marking  ] GC(58) Concurrent Scan Root Regions 12.144ms
[2025-03-19T15:18:01.283+0000][29.172s][info ][gc,marking  ] GC(58) Concurrent Mark
[2025-03-19T15:18:01.283+0000][29.172s][info ][gc,marking  ] GC(58) Concurrent Mark From Roots
[2025-03-19T15:18:01.283+0000][29.172s][info ][gc,task     ] GC(58) Using 1 workers of 1 for marking
[2025-03-19T15:18:01.513+0000][29.402s][info ][gc,marking  ] GC(58) Concurrent Mark From Roots 229.796ms
[2025-03-19T15:18:01.513+0000][29.402s][info ][gc,marking  ] GC(58) Concurrent Preclean
[2025-03-19T15:18:01.513+0000][29.402s][info ][gc,marking  ] GC(58) Concurrent Preclean 0.255ms
[2025-03-19T15:18:01.513+0000][29.402s][debug][safepoint   ] Safepoint synchronization initiated using futex wait barrier. (77 threads)
[2025-03-19T15:18:01.513+0000][29.402s][info ][gc,start    ] GC(58) Pause Remark
[2025-03-19T15:18:01.519+0000][29.409s][info ][gc          ] GC(58) Pause Remark 180M->180M(504M) 6.248ms
[2025-03-19T15:18:01.520+0000][29.409s][info ][gc,cpu      ] GC(58) User=0.02s Sys=0.00s Real=0.00s
[2025-03-19T15:18:01.520+0000][29.409s][info ][safepoint   ] Safepoint "G1PauseRemark", Time since last: 242166124 ns, Reaching safepoint: 13991 ns, Cleanup: 39565 ns, At safepoint: 6350442 ns, Total: 6403998 ns
[2025-03-19T15:18:01.520+0000][29.409s][info ][gc,marking  ] GC(58) Concurrent Mark 236.548ms
[2025-03-19T15:18:01.520+0000][29.409s][info ][gc,marking  ] GC(58) Concurrent Rebuild Remembered Sets
[2025-03-19T15:18:01.642+0000][29.531s][info ][gc,marking  ] GC(58) Concurrent Rebuild Remembered Sets 122.454ms
[2025-03-19T15:18:01.642+0000][29.531s][debug][safepoint   ] Safepoint synchronization initiated using futex wait barrier. (77 threads)
[2025-03-19T15:18:01.642+0000][29.532s][info ][gc,start    ] GC(58) Pause Cleanup
[2025-03-19T15:18:01.642+0000][29.532s][info ][gc          ] GC(58) Pause Cleanup 213M->213M(504M) 0.138ms
[2025-03-19T15:18:01.642+0000][29.532s][info ][gc,cpu      ] GC(58) User=0.00s Sys=0.00s Real=0.01s
[2025-03-19T15:18:01.642+0000][29.532s][info ][safepoint   ] Safepoint "G1PauseCleanup", Time since last: 122548695 ns, Reaching safepoint: 15616 ns, Cleanup: 24927 ns, At safepoint: 305260 ns, Total: 345803 ns
[2025-03-19T15:18:01.643+0000][29.532s][info ][gc,marking  ] GC(58) Concurrent Cleanup for Next Mark
[2025-03-19T15:18:01.645+0000][29.534s][info ][gc,marking  ] GC(58) Concurrent Cleanup for Next Mark 2.255ms
[2025-03-19T15:18:01.645+0000][29.534s][info ][gc          ] GC(58) Concurrent Mark Cycle 374.237ms
[2025-03-19T15:18:02.383+0000][30.272s][debug][safepoint   ] Safepoint synchronization initiated using futex wait barrier. (77 threads)
[2025-03-19T15:18:02.383+0000][30.273s][info ][gc,start    ] GC(59) Pause Young (Prepare Mixed) (G1 Evacuation Pause)
[2025-03-19T15:18:02.383+0000][30.273s][info ][gc,task     ] GC(59) Using 4 workers of 4 for evacuation
[2025-03-19T15:18:02.397+0000][30.286s][info ][gc,phases   ] GC(59)   Pre Evacuate Collection Set: 0.1ms
[2025-03-19T15:18:02.397+0000][30.286s][info ][gc,phases   ] GC(59)   Merge Heap Roots: 0.1ms
[2025-03-19T15:18:02.397+0000][30.286s][info ][gc,phases   ] GC(59)   Evacuate Collection Set: 12.3ms
[2025-03-19T15:18:02.397+0000][30.286s][info ][gc,phases   ] GC(59)   Post Evacuate Collection Set: 1.3ms
[2025-03-19T15:18:02.397+0000][30.286s][info ][gc,phases   ] GC(59)   Other: 0.1ms
[2025-03-19T15:18:02.397+0000][30.286s][info ][gc,heap     ] GC(59) Eden regions: 289->0(10)
[2025-03-19T15:18:02.397+0000][30.286s][info ][gc,heap     ] GC(59) Survivor regions: 9->15(38)
[2025-03-19T15:18:02.397+0000][30.286s][info ][gc,heap     ] GC(59) Old regions: 131->131
[2025-03-19T15:18:02.397+0000][30.286s][info ][gc,heap     ] GC(59) Archive regions: 2->2
[2025-03-19T15:18:02.397+0000][30.286s][info ][gc,heap     ] GC(59) Humongous regions: 0->0
[2025-03-19T15:18:02.397+0000][30.286s][info ][gc,metaspace] GC(59) Metaspace: 156438K(157568K)->156438K(157568K) NonClass: 137086K(137664K)->137086K(137664K) Class: 19351K(19904K)->19351K(19904K)
[2025-03-19T15:18:02.397+0000][30.286s][info ][gc          ] GC(59) Pause Young (Prepare Mixed) (G1 Evacuation Pause) 428M->146M(504M) 13.863ms
[2025-03-19T15:18:02.397+0000][30.286s][info ][gc,cpu      ] GC(59) User=0.06s Sys=0.00s Real=0.01s
[2025-03-19T15:18:02.397+0000][30.286s][info ][safepoint   ] Safepoint "G1CollectForAllocation", Time since last: 740699077 ns, Reaching safepoint: 30733 ns, Cleanup: 96238 ns, At safepoint: 13917460 ns, Total: 14044431 ns
[2025-03-19T15:18:02.422+0000][30.312s][debug][safepoint   ] Safepoint synchronization initiated using futex wait barrier. (82 threads)
[2025-03-19T15:18:02.422+0000][30.312s][info ][gc,start    ] GC(60) Pause Young (Mixed) (G1 Evacuation Pause)
[2025-03-19T15:18:02.422+0000][30.312s][info ][gc,task     ] GC(60) Using 4 workers of 4 for evacuation
[2025-03-19T15:18:02.437+0000][30.326s][info ][gc,phases   ] GC(60)   Pre Evacuate Collection Set: 0.1ms
[2025-03-19T15:18:02.437+0000][30.326s][info ][gc,phases   ] GC(60)   Merge Heap Roots: 0.1ms
[2025-03-19T15:18:02.437+0000][30.326s][info ][gc,phases   ] GC(60)   Evacuate Collection Set: 12.8ms
[2025-03-19T15:18:02.437+0000][30.326s][info ][gc,phases   ] GC(60)   Post Evacuate Collection Set: 1.1ms
[2025-03-19T15:18:02.437+0000][30.326s][info ][gc,phases   ] GC(60)   Other: 0.1ms
[2025-03-19T15:18:02.437+0000][30.326s][info ][gc,heap     ] GC(60) Eden regions: 10->0(283)
[2025-03-19T15:18:02.437+0000][30.326s][info ][gc,heap     ] GC(60) Survivor regions: 15->2(4)
[2025-03-19T15:18:02.437+0000][30.326s][info ][gc,heap     ] GC(60) Old regions: 131->144
[2025-03-19T15:18:02.437+0000][30.326s][info ][gc,heap     ] GC(60) Archive regions: 2->2
[2025-03-19T15:18:02.437+0000][30.326s][info ][gc,heap     ] GC(60) Humongous regions: 0->0
[2025-03-19T15:18:02.437+0000][30.326s][info ][gc,metaspace] GC(60) Metaspace: 156709K(157824K)->156709K(157824K) NonClass: 137323K(137920K)->137323K(137920K) Class: 19385K(19904K)->19385K(19904K)
[2025-03-19T15:18:02.437+0000][30.326s][info ][gc          ] GC(60) Pause Young (Mixed) (G1 Evacuation Pause) 156M->146M(504M) 14.268ms
[2025-03-19T15:18:02.437+0000][30.326s][info ][gc,cpu      ] GC(60) User=0.06s Sys=0.00s Real=0.01s
[2025-03-19T15:18:02.437+0000][30.326s][info ][safepoint   ] Safepoint "G1CollectForAllocation", Time since last: 25190630 ns, Reaching safepoint: 28966 ns, Cleanup: 6831 ns, At safepoint: 14366994 ns, Total: 14402791 ns
[2025-03-19T15:18:03.120+0000][31.009s][debug][safepoint   ] Safepoint synchronization initiated using futex wait barrier. (110 threads)
[2025-03-19T15:18:03.125+0000][31.014s][info ][safepoint   ] Safepoint "ICBufferFull", Time since last: 683294989 ns, Reaching safepoint: 254192 ns, Cleanup: 127051 ns, At safepoint: 4603066 ns, Total: 4984309 ns
[2025-03-19T15:18:03.400+0000][31.289s][debug][safepoint   ] Safepoint synchronization initiated using futex wait barrier. (153 threads)
[2025-03-19T15:18:03.400+0000][31.290s][info ][gc,start    ] GC(61) Pause Young (Normal) (G1 Evacuation Pause)
[2025-03-19T15:18:03.400+0000][31.290s][info ][gc,task     ] GC(61) Using 4 workers of 4 for evacuation
[2025-03-19T15:18:03.421+0000][31.310s][info ][gc,phases   ] GC(61)   Pre Evacuate Collection Set: 0.1ms
[2025-03-19T15:18:03.421+0000][31.310s][info ][gc,phases   ] GC(61)   Merge Heap Roots: 0.1ms
[2025-03-19T15:18:03.421+0000][31.310s][info ][gc,phases   ] GC(61)   Evacuate Collection Set: 17.3ms
[2025-03-19T15:18:03.421+0000][31.310s][info ][gc,phases   ] GC(61)   Post Evacuate Collection Set: 2.9ms
[2025-03-19T15:18:03.421+0000][31.310s][info ][gc,phases   ] GC(61)   Other: 0.1ms
[2025-03-19T15:18:03.421+0000][31.310s][info ][gc,heap     ] GC(61) Eden regions: 283->0(275)
[2025-03-19T15:18:03.421+0000][31.310s][info ][gc,heap     ] GC(61) Survivor regions: 2->9(36)
[2025-03-19T15:18:03.421+0000][31.310s][info ][gc,heap     ] GC(61) Old regions: 144->144
[2025-03-19T15:18:03.421+0000][31.310s][info ][gc,heap     ] GC(61) Archive regions: 2->2
[2025-03-19T15:18:03.421+0000][31.310s][info ][gc,heap     ] GC(61) Humongous regions: 0->0
[2025-03-19T15:18:03.421+0000][31.310s][info ][gc,metaspace] GC(61) Metaspace: 161432K(162624K)->161432K(162624K) NonClass: 141418K(142016K)->141418K(142016K) Class: 20013K(20608K)->20013K(20608K)
[2025-03-19T15:18:03.421+0000][31.310s][info ][gc          ] GC(61) Pause Young (Normal) (G1 Evacuation Pause) 429M->153M(504M) 20.690ms
[2025-03-19T15:18:03.421+0000][31.310s][info ][gc,cpu      ] GC(61) User=0.08s Sys=0.00s Real=0.02s
[2025-03-19T15:18:03.421+0000][31.311s][info ][safepoint   ] Safepoint "G1CollectForAllocation", Time since last: 275059974 ns, Reaching safepoint: 103912 ns, Cleanup: 85206 ns, At safepoint: 21086865 ns, Total: 21275983 ns
[2025-03-19T15:18:03.923+0000][31.812s][debug][safepoint   ] Safepoint synchronization initiated using futex wait barrier. (180 threads)
[2025-03-19T15:18:03.923+0000][31.812s][debug][safepoint   ] ... found polling page loop exception at pc = 0x000072eac51a2c3e, stub =0x000072eac498f400
[2025-03-19T15:18:03.923+0000][31.812s][info ][safepoint   ] Safepoint "ICBufferFull", Time since last: 501458856 ns, Reaching safepoint: 121284 ns, Cleanup: 136632 ns, At safepoint: 45485 ns, Total: 303401 ns
[2025-03-19T15:18:04.092+0000][31.981s][debug][safepoint   ] Safepoint synchronization initiated using futex wait barrier. (181 threads)
[2025-03-19T15:18:04.092+0000][31.981s][info ][gc,start    ] GC(62) Pause Young (Normal) (G1 Evacuation Pause)
[2025-03-19T15:18:04.092+0000][31.981s][info ][gc,task     ] GC(62) Using 4 workers of 4 for evacuation
[2025-03-19T15:18:04.120+0000][32.009s][info ][gc,phases   ] GC(62)   Pre Evacuate Collection Set: 0.1ms
[2025-03-19T15:18:04.120+0000][32.009s][info ][gc,phases   ] GC(62)   Merge Heap Roots: 0.2ms
[2025-03-19T15:18:04.120+0000][32.009s][info ][gc,phases   ] GC(62)   Evacuate Collection Set: 25.5ms
[2025-03-19T15:18:04.120+0000][32.009s][info ][gc,phases   ] GC(62)   Post Evacuate Collection Set: 2.0ms
[2025-03-19T15:18:04.120+0000][32.009s][info ][gc,phases   ] GC(62)   Other: 0.2ms
[2025-03-19T15:18:04.120+0000][32.009s][info ][gc,heap     ] GC(62) Eden regions: 275->0(272)
[2025-03-19T15:18:04.120+0000][32.009s][info ][gc,heap     ] GC(62) Survivor regions: 9->13(36)
[2025-03-19T15:18:04.120+0000][32.009s][info ][gc,heap     ] GC(62) Old regions: 144->144
[2025-03-19T15:18:04.120+0000][32.009s][info ][gc,heap     ] GC(62) Archive regions: 2->2
[2025-03-19T15:18:04.120+0000][32.009s][info ][gc,heap     ] GC(62) Humongous regions: 0->0
[2025-03-19T15:18:04.120+0000][32.009s][info ][gc,metaspace] GC(62) Metaspace: 167887K(169088K)->167887K(169088K) NonClass: 147087K(147712K)->147087K(147712K) Class: 20800K(21376K)->20800K(21376K)
[2025-03-19T15:18:04.120+0000][32.009s][info ][gc          ] GC(62) Pause Young (Normal) (G1 Evacuation Pause) 428M->157M(504M) 28.248ms
[2025-03-19T15:18:04.120+0000][32.009s][info ][gc,cpu      ] GC(62) User=0.08s Sys=0.00s Real=0.03s
[2025-03-19T15:18:04.120+0000][32.009s][info ][safepoint   ] Safepoint "G1CollectForAllocation", Time since last: 168327702 ns, Reaching safepoint: 204389 ns, Cleanup: 64831 ns, At safepoint: 28468085 ns, Total: 28737305 ns
[2025-03-19T15:18:04.388+0000][32.277s][debug][safepoint   ] Safepoint synchronization initiated using futex wait barrier. (192 threads)
[2025-03-19T15:18:04.388+0000][32.277s][debug][safepoint   ] ... found polling page loop exception at pc = 0x000072eac4f88236, stub =0x000072eac498eb80
[2025-03-19T15:18:04.388+0000][32.277s][info ][safepoint   ] Safepoint "ICBufferFull", Time since last: 267453929 ns, Reaching safepoint: 178242 ns, Cleanup: 87496 ns, At safepoint: 13287 ns, Total: 279025 ns
[2025-03-19T15:18:04.465+0000][32.354s][debug][safepoint   ] ... found polling page loop exception at pc = 0x000072eac4fd811d, stub =0x000072eac498f400
[2025-03-19T15:18:04.633+0000][32.522s][debug][safepoint   ] Safepoint synchronization initiated using futex wait barrier. (207 threads)
[2025-03-19T15:18:04.633+0000][32.522s][debug][safepoint   ] ... found polling page loop exception at pc = 0x000072eac4f88236, stub =0x000072eac498eb80
[2025-03-19T15:18:04.634+0000][32.523s][info ][safepoint   ] Safepoint "ICBufferFull", Time since last: 245076773 ns, Reaching safepoint: 546714 ns, Cleanup: 75215 ns, At safepoint: 12552 ns, Total: 634481 ns
[2025-03-19T15:18:04.637+0000][32.526s][debug][safepoint   ] Safepoint synchronization initiated using futex wait barrier. (208 threads)
[2025-03-19T15:18:04.637+0000][32.526s][info ][safepoint   ] Safepoint "ICBufferFull", Time since last: 2873838 ns, Reaching safepoint: 52226 ns, Cleanup: 8420 ns, At safepoint: 6920 ns, Total: 67566 ns
[2025-03-19T15:18:04.647+0000][32.536s][debug][safepoint   ] Safepoint synchronization initiated using futex wait barrier. (208 threads)
[2025-03-19T15:18:04.649+0000][32.538s][info ][safepoint   ] Safepoint "ICBufferFull", Time since last: 10322544 ns, Reaching safepoint: 117312 ns, Cleanup: 15035 ns, At safepoint: 1501735 ns, Total: 1634082 ns
[2025-03-19T15:18:05.011+0000][32.900s][debug][safepoint   ] Safepoint synchronization initiated using futex wait barrier. (212 threads)
[2025-03-19T15:18:05.011+0000][32.900s][info ][safepoint   ] Safepoint "ICBufferFull", Time since last: 361920771 ns, Reaching safepoint: 56716 ns, Cleanup: 123178 ns, At safepoint: 3891 ns, Total: 183785 ns
[2025-03-19T15:18:05.674+0000][33.563s][debug][safepoint   ] Safepoint synchronization initiated using futex wait barrier. (213 threads)
[2025-03-19T15:18:05.674+0000][33.563s][info ][gc,start    ] GC(63) Pause Young (Normal) (G1 Evacuation Pause)
[2025-03-19T15:18:05.674+0000][33.563s][info ][gc,task     ] GC(63) Using 4 workers of 4 for evacuation
[2025-03-19T15:18:05.690+0000][33.579s][info ][gc,phases   ] GC(63)   Pre Evacuate Collection Set: 0.2ms
[2025-03-19T15:18:05.690+0000][33.579s][info ][gc,phases   ] GC(63)   Merge Heap Roots: 0.1ms
[2025-03-19T15:18:05.690+0000][33.579s][info ][gc,phases   ] GC(63)   Evacuate Collection Set: 14.3ms
[2025-03-19T15:18:05.690+0000][33.579s][info ][gc,phases   ] GC(63)   Post Evacuate Collection Set: 1.2ms
[2025-03-19T15:18:05.690+0000][33.579s][info ][gc,phases   ] GC(63)   Other: 0.1ms
[2025-03-19T15:18:05.690+0000][33.579s][info ][gc,heap     ] GC(63) Eden regions: 272->0(267)
[2025-03-19T15:18:05.690+0000][33.579s][info ][gc,heap     ] GC(63) Survivor regions: 13->19(36)
[2025-03-19T15:18:05.690+0000][33.579s][info ][gc,heap     ] GC(63) Old regions: 144->144
[2025-03-19T15:18:05.690+0000][33.579s][info ][gc,heap     ] GC(63) Archive regions: 2->2
[2025-03-19T15:18:05.690+0000][33.579s][info ][gc,heap     ] GC(63) Humongous regions: 0->0
[2025-03-19T15:18:05.690+0000][33.579s][info ][gc,metaspace] GC(63) Metaspace: 173972K(175296K)->173972K(175296K) NonClass: 152363K(153024K)->152363K(153024K) Class: 21609K(22272K)->21609K(22272K)
[2025-03-19T15:18:05.690+0000][33.579s][info ][gc          ] GC(63) Pause Young (Normal) (G1 Evacuation Pause) 429M->163M(504M) 15.927ms
[2025-03-19T15:18:05.690+0000][33.579s][info ][gc,cpu      ] GC(63) User=0.07s Sys=0.00s Real=0.01s
[2025-03-19T15:18:05.690+0000][33.579s][info ][safepoint   ] Safepoint "G1CollectForAllocation", Time since last: 662842210 ns, Reaching safepoint: 50081 ns, Cleanup: 88980 ns, At safepoint: 16278117 ns, Total: 16417178 ns
[2025-03-19T15:18:06.594+0000][34.483s][debug][safepoint   ] Safepoint synchronization initiated using futex wait barrier. (219 threads)
[2025-03-19T15:18:06.595+0000][34.484s][info ][safepoint   ] Safepoint "ICBufferFull", Time since last: 904206086 ns, Reaching safepoint: 191420 ns, Cleanup: 103076 ns, At safepoint: 84419 ns, Total: 378915 ns
[2025-03-19T15:18:06.719+0000][34.609s][debug][safepoint   ] Safepoint synchronization initiated using futex wait barrier. (219 threads)
[2025-03-19T15:18:06.720+0000][34.609s][info ][gc,start    ] GC(64) Pause Young (Normal) (G1 Evacuation Pause)
[2025-03-19T15:18:06.720+0000][34.609s][info ][gc,task     ] GC(64) Using 4 workers of 4 for evacuation
[2025-03-19T15:18:06.736+0000][34.625s][info ][gc,phases   ] GC(64)   Pre Evacuate Collection Set: 0.1ms
[2025-03-19T15:18:06.736+0000][34.625s][info ][gc,phases   ] GC(64)   Merge Heap Roots: 0.1ms
[2025-03-19T15:18:06.736+0000][34.625s][info ][gc,phases   ] GC(64)   Evacuate Collection Set: 15.1ms
[2025-03-19T15:18:06.736+0000][34.625s][info ][gc,phases   ] GC(64)   Post Evacuate Collection Set: 1.2ms
[2025-03-19T15:18:06.736+0000][34.625s][info ][gc,phases   ] GC(64)   Other: 0.1ms
[2025-03-19T15:18:06.736+0000][34.625s][info ][gc,heap     ] GC(64) Eden regions: 267->0(261)
[2025-03-19T15:18:06.736+0000][34.625s][info ][gc,heap     ] GC(64) Survivor regions: 19->23(36)
[2025-03-19T15:18:06.736+0000][34.625s][info ][gc,heap     ] GC(64) Old regions: 144->144
[2025-03-19T15:18:06.736+0000][34.625s][info ][gc,heap     ] GC(64) Archive regions: 2->2
[2025-03-19T15:18:06.736+0000][34.626s][info ][gc,heap     ] GC(64) Humongous regions: 0->0
[2025-03-19T15:18:06.736+0000][34.626s][info ][gc,metaspace] GC(64) Metaspace: 179963K(181184K)->179963K(181184K) NonClass: 157663K(158272K)->157663K(158272K) Class: 22299K(22912K)->22299K(22912K)
[2025-03-19T15:18:06.736+0000][34.626s][info ][gc          ] GC(64) Pause Young (Normal) (G1 Evacuation Pause) 430M->167M(504M) 16.784ms
[2025-03-19T15:18:06.736+0000][34.626s][info ][gc,cpu      ] GC(64) User=0.06s Sys=0.00s Real=0.02s
[2025-03-19T15:18:06.737+0000][34.626s][info ][safepoint   ] Safepoint "G1CollectForAllocation", Time since last: 124833791 ns, Reaching safepoint: 55507 ns, Cleanup: 59371 ns, At safepoint: 17325244 ns, Total: 17440122 ns
[2025-03-19T15:18:08.025+0000][35.914s][debug][safepoint   ] Safepoint synchronization initiated using futex wait barrier. (230 threads)
[2025-03-19T15:18:08.025+0000][35.915s][info ][safepoint   ] Safepoint "Cleanup", Time since last: 1288424866 ns, Reaching safepoint: 62176 ns, Cleanup: 92211 ns, At safepoint: 3845 ns, Total: 158232 ns
[2025-03-19T15:18:08.115+0000][36.005s][debug][safepoint   ] Safepoint synchronization initiated using futex wait barrier. (230 threads)
[2025-03-19T15:18:08.115+0000][36.005s][info ][gc,start    ] GC(65) Pause Young (Normal) (G1 Evacuation Pause)
[2025-03-19T15:18:08.115+0000][36.005s][info ][gc,task     ] GC(65) Using 4 workers of 4 for evacuation
[2025-03-19T15:18:08.133+0000][36.022s][info ][gc,phases   ] GC(65)   Pre Evacuate Collection Set: 0.1ms
[2025-03-19T15:18:08.133+0000][36.022s][info ][gc,phases   ] GC(65)   Merge Heap Roots: 0.1ms
[2025-03-19T15:18:08.133+0000][36.022s][info ][gc,phases   ] GC(65)   Evacuate Collection Set: 15.5ms
[2025-03-19T15:18:08.133+0000][36.022s][info ][gc,phases   ] GC(65)   Post Evacuate Collection Set: 1.3ms
[2025-03-19T15:18:08.133+0000][36.022s][info ][gc,phases   ] GC(65)   Other: 0.1ms
[2025-03-19T15:18:08.133+0000][36.022s][info ][gc,heap     ] GC(65) Eden regions: 261->0(265)
[2025-03-19T15:18:08.133+0000][36.022s][info ][gc,heap     ] GC(65) Survivor regions: 23->18(36)
[2025-03-19T15:18:08.133+0000][36.022s][info ][gc,heap     ] GC(65) Old regions: 144->150
[2025-03-19T15:18:08.133+0000][36.022s][info ][gc,heap     ] GC(65) Archive regions: 2->2
[2025-03-19T15:18:08.133+0000][36.022s][info ][gc,heap     ] GC(65) Humongous regions: 0->0
[2025-03-19T15:18:08.133+0000][36.022s][info ][gc,metaspace] GC(65) Metaspace: 180699K(181952K)->180699K(181952K) NonClass: 158325K(158976K)->158325K(158976K) Class: 22373K(22976K)->22373K(22976K)
[2025-03-19T15:18:08.133+0000][36.022s][info ][gc          ] GC(65) Pause Young (Normal) (G1 Evacuation Pause) 428M->168M(504M) 17.217ms
[2025-03-19T15:18:08.133+0000][36.022s][info ][gc,cpu      ] GC(65) User=0.07s Sys=0.00s Real=0.02s
[2025-03-19T15:18:08.133+0000][36.022s][info ][safepoint   ] Safepoint "G1CollectForAllocation", Time since last: 89981090 ns, Reaching safepoint: 36242 ns, Cleanup: 4152 ns, At safepoint: 17478417 ns, Total: 17518811 ns
[2025-03-19T15:18:09.163+0000][37.052s][debug][safepoint   ] Safepoint synchronization initiated using futex wait barrier. (231 threads)
[2025-03-19T15:18:09.163+0000][37.053s][info ][safepoint   ] Safepoint "Cleanup", Time since last: 1030288980 ns, Reaching safepoint: 84681 ns, Cleanup: 101759 ns, At safepoint: 26368 ns, Total: 212808 ns
[2025-03-19T15:18:10.163+0000][38.053s][debug][safepoint   ] Safepoint synchronization initiated using futex wait barrier. (230 threads)
[2025-03-19T15:18:10.164+0000][38.053s][info ][safepoint   ] Safepoint "Cleanup", Time since last: 1000093021 ns, Reaching safepoint: 74870 ns, Cleanup: 37260 ns, At safepoint: 6192 ns, Total: 118322 ns
[2025-03-19T15:18:11.164+0000][39.053s][debug][safepoint   ] Safepoint synchronization initiated using futex wait barrier. (229 threads)
[2025-03-19T15:18:11.164+0000][39.053s][info ][safepoint   ] Safepoint "Cleanup", Time since last: 1000118219 ns, Reaching safepoint: 80750 ns, Cleanup: 29626 ns, At safepoint: 7372 ns, Total: 117748 ns
[2025-03-19T15:18:12.164+0000][40.053s][debug][safepoint   ] Safepoint synchronization initiated using futex wait barrier. (229 threads)
[2025-03-19T15:18:12.164+0000][40.053s][info ][safepoint   ] Safepoint "Cleanup", Time since last: 1000101563 ns, Reaching safepoint: 61129 ns, Cleanup: 43661 ns, At safepoint: 4839 ns, Total: 109629 ns
[2025-03-19T15:18:13.144+0000][41.033s][debug][safepoint   ] Safepoint synchronization initiated using futex wait barrier. (232 threads)
[2025-03-19T15:18:13.144+0000][41.033s][info ][gc,start    ] GC(66) Pause Young (Concurrent Start) (G1 Humongous Allocation)
[2025-03-19T15:18:13.144+0000][41.033s][info ][gc,task     ] GC(66) Using 4 workers of 4 for evacuation
[2025-03-19T15:18:13.159+0000][41.048s][info ][gc,phases   ] GC(66)   Pre Evacuate Collection Set: 0.3ms
[2025-03-19T15:18:13.159+0000][41.048s][info ][gc,phases   ] GC(66)   Merge Heap Roots: 0.1ms
[2025-03-19T15:18:13.159+0000][41.048s][info ][gc,phases   ] GC(66)   Evacuate Collection Set: 13.6ms
[2025-03-19T15:18:13.159+0000][41.048s][info ][gc,phases   ] GC(66)   Post Evacuate Collection Set: 1.2ms
[2025-03-19T15:18:13.159+0000][41.048s][info ][gc,phases   ] GC(66)   Other: 0.2ms
[2025-03-19T15:18:13.159+0000][41.048s][info ][gc,heap     ] GC(66) Eden regions: 161->0(254)
[2025-03-19T15:18:13.159+0000][41.048s][info ][gc,heap     ] GC(66) Survivor regions: 18->22(36)
[2025-03-19T15:18:13.159+0000][41.048s][info ][gc,heap     ] GC(66) Old regions: 150->150
[2025-03-19T15:18:13.159+0000][41.048s][info ][gc,heap     ] GC(66) Archive regions: 2->2
[2025-03-19T15:18:13.159+0000][41.048s][info ][gc,heap     ] GC(66) Humongous regions: 27->3
[2025-03-19T15:18:13.159+0000][41.048s][info ][gc,metaspace] GC(66) Metaspace: 182191K(183424K)->182191K(183424K) NonClass: 159671K(160320K)->159671K(160320K) Class: 22519K(23104K)->22519K(23104K)
[2025-03-19T15:18:13.159+0000][41.048s][info ][gc          ] GC(66) Pause Young (Concurrent Start) (G1 Humongous Allocation) 356M->175M(504M) 15.410ms
[2025-03-19T15:18:13.159+0000][41.048s][info ][gc,cpu      ] GC(66) User=0.05s Sys=0.00s Real=0.01s
[2025-03-19T15:18:13.159+0000][41.048s][info ][gc          ] GC(67) Concurrent Undo Cycle
[2025-03-19T15:18:13.159+0000][41.048s][info ][gc,marking  ] GC(67) Concurrent Cleanup for Next Mark
[2025-03-19T15:18:13.159+0000][41.048s][info ][safepoint   ] Safepoint "G1TryInitiateConcMark", Time since last: 979478539 ns, Reaching safepoint: 66622 ns, Cleanup: 88252 ns, At safepoint: 15521572 ns, Total: 15676446 ns
[2025-03-19T15:18:13.161+0000][41.051s][info ][gc,marking  ] GC(67) Concurrent Cleanup for Next Mark 2.246ms
[2025-03-19T15:18:13.161+0000][41.051s][info ][gc          ] GC(67) Concurrent Undo Cycle 2.310ms
[2025-03-19T15:18:13.607+0000][41.496s][debug][safepoint   ] Safepoint synchronization initiated using futex wait barrier. (234 threads)
[2025-03-19T15:18:13.607+0000][41.496s][info ][safepoint   ] Safepoint "ICBufferFull", Time since last: 447382433 ns, Reaching safepoint: 63086 ns, Cleanup: 114033 ns, At safepoint: 4159 ns, Total: 181278 ns
[2025-03-19T15:18:14.739+0000][42.629s][debug][safepoint   ] Safepoint synchronization initiated using futex wait barrier. (234 threads)
[2025-03-19T15:18:14.740+0000][42.629s][info ][safepoint   ] Safepoint "Cleanup", Time since last: 1132691087 ns, Reaching safepoint: 89303 ns, Cleanup: 130316 ns, At safepoint: 8095 ns, Total: 227714 ns
[2025-03-19T15:18:15.740+0000][43.629s][debug][safepoint   ] Safepoint synchronization initiated using futex wait barrier. (234 threads)
[2025-03-19T15:18:15.740+0000][43.629s][info ][safepoint   ] Safepoint "Cleanup", Time since last: 1000124694 ns, Reaching safepoint: 74281 ns, Cleanup: 18165 ns, At safepoint: 6667 ns, Total: 99113 ns
[2025-03-19T15:18:17.740+0000][45.629s][debug][safepoint   ] Safepoint synchronization initiated using futex wait barrier. (234 threads)
[2025-03-19T15:18:17.740+0000][45.629s][info ][safepoint   ] Safepoint "Cleanup", Time since last: 2000199042 ns, Reaching safepoint: 84082 ns, Cleanup: 27975 ns, At safepoint: 7777 ns, Total: 119834 ns
[2025-03-19T15:18:18.740+0000][46.630s][debug][safepoint   ] Safepoint synchronization initiated using futex wait barrier. (234 threads)
[2025-03-19T15:18:18.741+0000][46.630s][info ][safepoint   ] Safepoint "Cleanup", Time since last: 1000229610 ns, Reaching safepoint: 113229 ns, Cleanup: 22507 ns, At safepoint: 63657 ns, Total: 199393 ns
[2025-03-19T15:18:19.741+0000][47.630s][debug][safepoint   ] Safepoint synchronization initiated using futex wait barrier. (234 threads)
[2025-03-19T15:18:19.741+0000][47.630s][info ][safepoint   ] Safepoint "Cleanup", Time since last: 1000125462 ns, Reaching safepoint: 78346 ns, Cleanup: 32658 ns, At safepoint: 6682 ns, Total: 117686 ns
[2025-03-19T15:18:21.741+0000][49.630s][debug][safepoint   ] Safepoint synchronization initiated using futex wait barrier. (234 threads)
[2025-03-19T15:18:21.741+0000][49.631s][info ][safepoint   ] Safepoint "Cleanup", Time since last: 2000298250 ns, Reaching safepoint: 101695 ns, Cleanup: 27289 ns, At safepoint: 8088 ns, Total: 137072 ns
[2025-03-19T15:18:22.741+0000][50.631s][debug][safepoint   ] Safepoint synchronization initiated using futex wait barrier. (234 threads)
[2025-03-19T15:18:22.742+0000][50.631s][info ][safepoint   ] Safepoint "Cleanup", Time since last: 1000120688 ns, Reaching safepoint: 68821 ns, Cleanup: 16739 ns, At safepoint: 5493 ns, Total: 91053 ns
[2025-03-19T15:18:23.742+0000][51.631s][debug][safepoint   ] Safepoint synchronization initiated using futex wait barrier. (233 threads)
[2025-03-19T15:18:23.742+0000][51.631s][info ][safepoint   ] Safepoint "Cleanup", Time since last: 1000100965 ns, Reaching safepoint: 65934 ns, Cleanup: 15404 ns, At safepoint: 4703 ns, Total: 86041 ns
[2025-03-19T15:18:29.742+0000][57.632s][debug][safepoint   ] Safepoint synchronization initiated using futex wait barrier. (233 threads)
[2025-03-19T15:18:29.743+0000][57.632s][info ][safepoint   ] Safepoint "Cleanup", Time since last: 6000650157 ns, Reaching safepoint: 83482 ns, Cleanup: 27659 ns, At safepoint: 7249 ns, Total: 118390 ns
[2025-03-19T15:18:31.743+0000][59.632s][debug][safepoint   ] Safepoint synchronization initiated using futex wait barrier. (233 threads)
[2025-03-19T15:18:31.743+0000][59.632s][info ][safepoint   ] Safepoint "Cleanup", Time since last: 2000207932 ns, Reaching safepoint: 96778 ns, Cleanup: 25044 ns, At safepoint: 7567 ns, Total: 129389 ns
[2025-03-19T15:18:35.196+0000][63.085s][debug][safepoint   ] Safepoint synchronization initiated using futex wait barrier. (233 threads)
[2025-03-19T15:18:35.196+0000][63.085s][info ][safepoint   ] Safepoint "Cleanup", Time since last: 3453223062 ns, Reaching safepoint: 90402 ns, Cleanup: 18266 ns, At safepoint: 8321 ns, Total: 116989 ns
[2025-03-19T15:18:38.196+0000][66.086s][debug][safepoint   ] Safepoint synchronization initiated using futex wait barrier. (233 threads)
[2025-03-19T15:18:38.197+0000][66.086s][info ][safepoint   ] Safepoint "Cleanup", Time since last: 3000314062 ns, Reaching safepoint: 88854 ns, Cleanup: 18601 ns, At safepoint: 8146 ns, Total: 115601 ns
[2025-03-19T15:18:40.197+0000][68.086s][debug][safepoint   ] Safepoint synchronization initiated using futex wait barrier. (233 threads)
[2025-03-19T15:18:40.197+0000][68.086s][info ][safepoint   ] Safepoint "Cleanup", Time since last: 2000340381 ns, Reaching safepoint: 80208 ns, Cleanup: 16787 ns, At safepoint: 6693 ns, Total: 103688 ns
[2025-03-19T15:18:42.197+0000][70.086s][debug][safepoint   ] Safepoint synchronization initiated using futex wait barrier. (232 threads)
[2025-03-19T15:18:42.197+0000][70.087s][info ][safepoint   ] Safepoint "Cleanup", Time since last: 2000206195 ns, Reaching safepoint: 75078 ns, Cleanup: 24518 ns, At safepoint: 7180 ns, Total: 106776 ns
[2025-03-19T15:18:43.197+0000][71.087s][debug][safepoint   ] Safepoint synchronization initiated using futex wait barrier. (232 threads)
[2025-03-19T15:18:43.198+0000][71.087s][info ][safepoint   ] Safepoint "Cleanup", Time since last: 1000116272 ns, Reaching safepoint: 82935 ns, Cleanup: 18267 ns, At safepoint: 7166 ns, Total: 108368 ns
[2025-03-19T15:18:45.198+0000][73.087s][debug][safepoint   ] Safepoint synchronization initiated using futex wait barrier. (232 threads)
[2025-03-19T15:18:45.198+0000][73.087s][info ][safepoint   ] Safepoint "Cleanup", Time since last: 2000245295 ns, Reaching safepoint: 102991 ns, Cleanup: 24423 ns, At safepoint: 9297 ns, Total: 136711 ns
[2025-03-19T15:18:50.199+0000][78.088s][debug][safepoint   ] Safepoint synchronization initiated using futex wait barrier. (232 threads)
[2025-03-19T15:18:50.199+0000][78.088s][info ][safepoint   ] Safepoint "Cleanup", Time since last: 5000543760 ns, Reaching safepoint: 86220 ns, Cleanup: 44129 ns, At safepoint: 7472 ns, Total: 137821 ns
[2025-03-19T15:18:52.199+0000][80.088s][debug][safepoint   ] Safepoint synchronization initiated using futex wait barrier. (232 threads)
[2025-03-19T15:18:52.199+0000][80.088s][info ][safepoint   ] Safepoint "Cleanup", Time since last: 2000186788 ns, Reaching safepoint: 55914 ns, Cleanup: 13090 ns, At safepoint: 5466 ns, Total: 74470 ns
[2025-03-19T15:18:53.199+0000][81.088s][debug][safepoint   ] Safepoint synchronization initiated using futex wait barrier. (232 threads)
[2025-03-19T15:18:53.199+0000][81.088s][info ][safepoint   ] Safepoint "Cleanup", Time since last: 1000130617 ns, Reaching safepoint: 80771 ns, Cleanup: 17966 ns, At safepoint: 6672 ns, Total: 105409 ns
[2025-03-19T15:18:54.199+0000][82.089s][debug][safepoint   ] Safepoint synchronization initiated using futex wait barrier. (232 threads)
[2025-03-19T15:18:54.199+0000][82.089s][info ][safepoint   ] Safepoint "Cleanup", Time since last: 1000145355 ns, Reaching safepoint: 84713 ns, Cleanup: 24486 ns, At safepoint: 7032 ns, Total: 116231 ns
[2025-03-19T15:19:00.200+0000][88.089s][debug][safepoint   ] Safepoint synchronization initiated using futex wait barrier. (232 threads)
[2025-03-19T15:19:00.200+0000][88.089s][info ][safepoint   ] Safepoint "Cleanup", Time since last: 6000583110 ns, Reaching safepoint: 73920 ns, Cleanup: 17550 ns, At safepoint: 6790 ns, Total: 98260 ns
[2025-03-19T15:19:02.200+0000][90.090s][debug][safepoint   ] Safepoint synchronization initiated using futex wait barrier. (232 threads)
[2025-03-19T15:19:02.200+0000][90.090s][info ][safepoint   ] Safepoint "Cleanup", Time since last: 2000222319 ns, Reaching safepoint: 80976 ns, Cleanup: 22808 ns, At safepoint: 6643 ns, Total: 110427 ns
[2025-03-19T15:19:03.201+0000][91.090s][debug][safepoint   ] Safepoint synchronization initiated using futex wait barrier. (230 threads)
[2025-03-19T15:19:03.201+0000][91.090s][info ][safepoint   ] Safepoint "Cleanup", Time since last: 1000240810 ns, Reaching safepoint: 85626 ns, Cleanup: 55508 ns, At safepoint: 8003 ns, Total: 149137 ns
[2025-03-19T15:19:04.201+0000][92.090s][debug][safepoint   ] Safepoint synchronization initiated using futex wait barrier. (228 threads)
[2025-03-19T15:19:04.201+0000][92.090s][info ][safepoint   ] Safepoint "Cleanup", Time since last: 1000117727 ns, Reaching safepoint: 77366 ns, Cleanup: 21988 ns, At safepoint: 7232 ns, Total: 106586 ns
[2025-03-19T15:19:06.201+0000][94.090s][debug][safepoint   ] Safepoint synchronization initiated using futex wait barrier. (227 threads)
[2025-03-19T15:19:06.201+0000][94.091s][info ][safepoint   ] Safepoint "Cleanup", Time since last: 2000167291 ns, Reaching safepoint: 109292 ns, Cleanup: 35570 ns, At safepoint: 7704 ns, Total: 152566 ns
[2025-03-19T15:19:10.202+0000][98.091s][debug][safepoint   ] Safepoint synchronization initiated using futex wait barrier. (223 threads)
[2025-03-19T15:19:10.202+0000][98.091s][info ][safepoint   ] Safepoint "Cleanup", Time since last: 4000647175 ns, Reaching safepoint: 92403 ns, Cleanup: 31544 ns, At safepoint: 6836 ns, Total: 130783 ns
[2025-03-19T15:19:12.202+0000][100.092s][debug][safepoint   ] Safepoint synchronization initiated using futex wait barrier. (223 threads)
[2025-03-19T15:19:12.202+0000][100.092s][info ][safepoint   ] Safepoint "Cleanup", Time since last: 2000172211 ns, Reaching safepoint: 65314 ns, Cleanup: 27678 ns, At safepoint: 5412 ns, Total: 98404 ns
[2025-03-19T15:19:13.203+0000][101.092s][debug][safepoint   ] Safepoint synchronization initiated using futex wait barrier. (223 threads)
[2025-03-19T15:19:13.203+0000][101.092s][info ][safepoint   ] Safepoint "Cleanup", Time since last: 1000092233 ns, Reaching safepoint: 107254 ns, Cleanup: 20486 ns, At safepoint: 7595 ns, Total: 135335 ns
[2025-03-19T15:19:14.203+0000][102.092s][debug][safepoint   ] Safepoint synchronization initiated using futex wait barrier. (220 threads)
[2025-03-19T15:19:14.203+0000][102.092s][info ][safepoint   ] Safepoint "Cleanup", Time since last: 1000152055 ns, Reaching safepoint: 97008 ns, Cleanup: 21334 ns, At safepoint: 8392 ns, Total: 126734 ns
[2025-03-19T15:19:15.203+0000][103.092s][debug][safepoint   ] Safepoint synchronization initiated using futex wait barrier. (220 threads)
[2025-03-19T15:19:15.203+0000][103.092s][debug][safepoint   ] ... found polling page loop exception at pc = 0x000072eac5a3adec, stub =0x000072eac498f400
[2025-03-19T15:19:15.203+0000][103.093s][info ][safepoint   ] Safepoint "Cleanup", Time since last: 1000124000 ns, Reaching safepoint: 244997 ns, Cleanup: 21021 ns, At safepoint: 100185 ns, Total: 366203 ns
[2025-03-19T15:19:19.204+0000][107.093s][debug][safepoint   ] Safepoint synchronization initiated using futex wait barrier. (220 threads)
[2025-03-19T15:19:19.204+0000][107.093s][info ][safepoint   ] Safepoint "Cleanup", Time since last: 4000461122 ns, Reaching safepoint: 84609 ns, Cleanup: 19949 ns, At safepoint: 6155 ns, Total: 110713 ns
[2025-03-19T15:19:20.204+0000][108.093s][debug][safepoint   ] Safepoint synchronization initiated using futex wait barrier. (220 threads)
[2025-03-19T15:19:20.204+0000][108.094s][info ][safepoint   ] Safepoint "Cleanup", Time since last: 1000241164 ns, Reaching safepoint: 121249 ns, Cleanup: 18799 ns, At safepoint: 7913 ns, Total: 147961 ns
[2025-03-19T15:19:22.205+0000][110.094s][debug][safepoint   ] Safepoint synchronization initiated using futex wait barrier. (220 threads)
[2025-03-19T15:19:22.205+0000][110.094s][info ][safepoint   ] Safepoint "Cleanup", Time since last: 2000254481 ns, Reaching safepoint: 76422 ns, Cleanup: 20468 ns, At safepoint: 6344 ns, Total: 103234 ns
[2025-03-19T15:19:24.205+0000][112.094s][debug][safepoint   ] Safepoint synchronization initiated using futex wait barrier. (220 threads)
[2025-03-19T15:19:24.205+0000][112.095s][info ][safepoint   ] Safepoint "Cleanup", Time since last: 2000413096 ns, Reaching safepoint: 126701 ns, Cleanup: 43079 ns, At safepoint: 74670 ns, Total: 244450 ns
[2025-03-19T15:19:27.206+0000][115.095s][debug][safepoint   ] Safepoint synchronization initiated using futex wait barrier. (220 threads)
[2025-03-19T15:19:27.206+0000][115.095s][info ][safepoint   ] Safepoint "Cleanup", Time since last: 3000272696 ns, Reaching safepoint: 77585 ns, Cleanup: 18560 ns, At safepoint: 5590 ns, Total: 101735 ns
[2025-03-19T15:19:30.206+0000][118.095s][debug][safepoint   ] Safepoint synchronization initiated using futex wait barrier. (220 threads)
[2025-03-19T15:19:30.206+0000][118.096s][info ][safepoint   ] Safepoint "Cleanup", Time since last: 3000482618 ns, Reaching safepoint: 101702 ns, Cleanup: 17787 ns, At safepoint: 7473 ns, Total: 126962 ns
[2025-03-19T15:19:32.207+0000][120.096s][debug][safepoint   ] Safepoint synchronization initiated using futex wait barrier. (220 threads)
[2025-03-19T15:19:32.207+0000][120.096s][info ][safepoint   ] Safepoint "Cleanup", Time since last: 2000170821 ns, Reaching safepoint: 81706 ns, Cleanup: 18203 ns, At safepoint: 6880 ns, Total: 106789 ns
[2025-03-19T15:19:33.221+0000][121.110s][debug][safepoint   ] Safepoint synchronization initiated using futex wait barrier. (220 threads)
[2025-03-19T15:19:33.221+0000][121.110s][info ][safepoint   ] Safepoint "Cleanup", Time since last: 1014245177 ns, Reaching safepoint: 87792 ns, Cleanup: 19976 ns, At safepoint: 7364 ns, Total: 115132 ns
[2025-03-19T15:19:35.221+0000][123.110s][debug][safepoint   ] Safepoint synchronization initiated using futex wait barrier. (220 threads)
[2025-03-19T15:19:35.221+0000][123.111s][info ][safepoint   ] Safepoint "Cleanup", Time since last: 2000195730 ns, Reaching safepoint: 102488 ns, Cleanup: 17183 ns, At safepoint: 6967 ns, Total: 126638 ns
[2025-03-19T15:19:38.222+0000][126.111s][debug][safepoint   ] Safepoint synchronization initiated using futex wait barrier. (220 threads)
[2025-03-19T15:19:38.222+0000][126.111s][info ][safepoint   ] Safepoint "Cleanup", Time since last: 3000377111 ns, Reaching safepoint: 90859 ns, Cleanup: 19119 ns, At safepoint: 7479 ns, Total: 117457 ns
[2025-03-19T15:19:40.222+0000][128.111s][debug][safepoint   ] Safepoint synchronization initiated using futex wait barrier. (220 threads)
[2025-03-19T15:19:40.222+0000][128.111s][info ][safepoint   ] Safepoint "Cleanup", Time since last: 2000329625 ns, Reaching safepoint: 79778 ns, Cleanup: 19271 ns, At safepoint: 7348 ns, Total: 106397 ns
[2025-03-19T15:19:41.222+0000][129.112s][debug][safepoint   ] Safepoint synchronization initiated using futex wait barrier. (220 threads)
[2025-03-19T15:19:41.223+0000][129.112s][info ][safepoint   ] Safepoint "Cleanup", Time since last: 1000180725 ns, Reaching safepoint: 102590 ns, Cleanup: 21999 ns, At safepoint: 7388 ns, Total: 131977 ns
[2025-03-19T15:19:42.223+0000][130.112s][debug][safepoint   ] Safepoint synchronization initiated using futex wait barrier. (220 threads)
[2025-03-19T15:19:42.223+0000][130.112s][info ][safepoint   ] Safepoint "Cleanup", Time since last: 1000153678 ns, Reaching safepoint: 84151 ns, Cleanup: 24426 ns, At safepoint: 7951 ns, Total: 116528 ns
[2025-03-19T15:19:45.223+0000][133.112s][debug][safepoint   ] Safepoint synchronization initiated using futex wait barrier. (220 threads)
[2025-03-19T15:19:45.223+0000][133.112s][info ][safepoint   ] Safepoint "Cleanup", Time since last: 3000274425 ns, Reaching safepoint: 88431 ns, Cleanup: 18402 ns, At safepoint: 6877 ns, Total: 113710 ns
[2025-03-19T15:19:50.224+0000][138.113s][debug][safepoint   ] Safepoint synchronization initiated using futex wait barrier. (220 threads)
[2025-03-19T15:19:50.224+0000][138.113s][info ][safepoint   ] Safepoint "Cleanup", Time since last: 5000384896 ns, Reaching safepoint: 81423 ns, Cleanup: 17114 ns, At safepoint: 6540 ns, Total: 105077 ns
[2025-03-19T15:19:52.224+0000][140.113s][debug][safepoint   ] Safepoint synchronization initiated using futex wait barrier. (220 threads)
[2025-03-19T15:19:52.224+0000][140.113s][info ][safepoint   ] Safepoint "Cleanup", Time since last: 2000209421 ns, Reaching safepoint: 88768 ns, Cleanup: 24672 ns, At safepoint: 10544 ns, Total: 123984 ns
[2025-03-19T15:19:55.225+0000][143.114s][debug][safepoint   ] Safepoint synchronization initiated using futex wait barrier. (220 threads)
[2025-03-19T15:19:55.225+0000][143.114s][info ][safepoint   ] Safepoint "Cleanup", Time since last: 3000549823 ns, Reaching safepoint: 75382 ns, Cleanup: 20864 ns, At safepoint: 6073 ns, Total: 102319 ns
[2025-03-19T15:19:57.225+0000][145.114s][debug][safepoint   ] Safepoint synchronization initiated using futex wait barrier. (220 threads)
[2025-03-19T15:19:57.225+0000][145.114s][info ][safepoint   ] Safepoint "Cleanup", Time since last: 2000323100 ns, Reaching safepoint: 85980 ns, Cleanup: 18799 ns, At safepoint: 7724 ns, Total: 112503 ns
[2025-03-19T15:20:00.225+0000][148.115s][debug][safepoint   ] Safepoint synchronization initiated using futex wait barrier. (220 threads)
[2025-03-19T15:20:00.225+0000][148.115s][info ][safepoint   ] Safepoint "Cleanup", Time since last: 3000252215 ns, Reaching safepoint: 76536 ns, Cleanup: 21304 ns, At safepoint: 6341 ns, Total: 104181 ns
[2025-03-19T15:20:02.226+0000][150.115s][debug][safepoint   ] Safepoint synchronization initiated using futex wait barrier. (220 threads)
[2025-03-19T15:20:02.226+0000][150.115s][info ][safepoint   ] Safepoint "Cleanup", Time since last: 2000175437 ns, Reaching safepoint: 80304 ns, Cleanup: 24696 ns, At safepoint: 7201 ns, Total: 112201 ns
[2025-03-19T15:20:03.226+0000][151.115s][debug][safepoint   ] Safepoint synchronization initiated using futex wait barrier. (219 threads)
[2025-03-19T15:20:03.226+0000][151.115s][info ][safepoint   ] Safepoint "Cleanup", Time since last: 1000112947 ns, Reaching safepoint: 85811 ns, Cleanup: 29872 ns, At safepoint: 7158 ns, Total: 122841 ns
[2025-03-19T15:20:06.226+0000][154.116s][debug][safepoint   ] Safepoint synchronization initiated using futex wait barrier. (217 threads)
[2025-03-19T15:20:06.226+0000][154.116s][info ][safepoint   ] Safepoint "Cleanup", Time since last: 3000270453 ns, Reaching safepoint: 85206 ns, Cleanup: 25243 ns, At safepoint: 7616 ns, Total: 118065 ns
[2025-03-19T15:20:09.227+0000][157.116s][debug][safepoint   ] Safepoint synchronization initiated using futex wait barrier. (215 threads)
[2025-03-19T15:20:09.227+0000][157.116s][info ][safepoint   ] Safepoint "Cleanup", Time since last: 3000246015 ns, Reaching safepoint: 81834 ns, Cleanup: 16611 ns, At safepoint: 7154 ns, Total: 105599 ns
[2025-03-19T15:20:10.227+0000][158.116s][debug][safepoint   ] Safepoint synchronization initiated using futex wait barrier. (215 threads)
[2025-03-19T15:20:10.227+0000][158.116s][info ][safepoint   ] Safepoint "Cleanup", Time since last: 1000118628 ns, Reaching safepoint: 275884 ns, Cleanup: 18168 ns, At safepoint: 38039 ns, Total: 332091 ns
[2025-03-19T15:20:12.228+0000][160.117s][debug][safepoint   ] Safepoint synchronization initiated using futex wait barrier. (215 threads)
[2025-03-19T15:20:12.228+0000][160.117s][info ][safepoint   ] Safepoint "Cleanup", Time since last: 2000312426 ns, Reaching safepoint: 85889 ns, Cleanup: 27617 ns, At safepoint: 6784 ns, Total: 120290 ns
[2025-03-19T15:20:13.228+0000][161.117s][debug][safepoint   ] Safepoint synchronization initiated using futex wait barrier. (215 threads)
[2025-03-19T15:20:13.228+0000][161.117s][info ][safepoint   ] Safepoint "Cleanup", Time since last: 1000133123 ns, Reaching safepoint: 82690 ns, Cleanup: 33078 ns, At safepoint: 8308 ns, Total: 124076 ns
[2025-03-19T15:20:14.852+0000][162.741s][debug][safepoint   ] Safepoint synchronization initiated using futex wait barrier. (215 threads)
[2025-03-19T15:20:14.852+0000][162.741s][info ][gc,start    ] GC(68) Pause Young (Normal) (G1 Evacuation Pause)
[2025-03-19T15:20:14.852+0000][162.741s][info ][gc,task     ] GC(68) Using 4 workers of 4 for evacuation
[2025-03-19T15:20:14.881+0000][162.771s][info ][gc,phases   ] GC(68)   Pre Evacuate Collection Set: 0.3ms
[2025-03-19T15:20:14.881+0000][162.771s][info ][gc,phases   ] GC(68)   Merge Heap Roots: 0.3ms
[2025-03-19T15:20:14.881+0000][162.771s][info ][gc,phases   ] GC(68)   Evacuate Collection Set: 27.5ms
[2025-03-19T15:20:14.881+0000][162.771s][info ][gc,phases   ] GC(68)   Post Evacuate Collection Set: 1.2ms
[2025-03-19T15:20:14.881+0000][162.771s][info ][gc,phases   ] GC(68)   Other: 0.2ms
[2025-03-19T15:20:14.881+0000][162.771s][info ][gc,heap     ] GC(68) Eden regions: 254->0(251)
[2025-03-19T15:20:14.881+0000][162.771s][info ][gc,heap     ] GC(68) Survivor regions: 22->21(35)
[2025-03-19T15:20:14.881+0000][162.771s][info ][gc,heap     ] GC(68) Old regions: 150->156
[2025-03-19T15:20:14.881+0000][162.771s][info ][gc,heap     ] GC(68) Archive regions: 2->2
[2025-03-19T15:20:14.881+0000][162.771s][info ][gc,heap     ] GC(68) Humongous regions: 11->2
[2025-03-19T15:20:14.881+0000][162.771s][info ][gc,metaspace] GC(68) Metaspace: 185747K(187072K)->185747K(187072K) NonClass: 162951K(163648K)->162951K(163648K) Class: 22795K(23424K)->22795K(23424K)
[2025-03-19T15:20:14.881+0000][162.771s][info ][gc          ] GC(68) Pause Young (Normal) (G1 Evacuation Pause) 437M->178M(504M) 29.559ms
[2025-03-19T15:20:14.881+0000][162.771s][info ][gc,cpu      ] GC(68) User=0.12s Sys=0.00s Real=0.03s
[2025-03-19T15:20:14.882+0000][162.771s][info ][safepoint   ] Safepoint "G1CollectForAllocation", Time since last: 1623772046 ns, Reaching safepoint: 108751 ns, Cleanup: 22001 ns, At safepoint: 29870045 ns, Total: 30000797 ns
[2025-03-19T15:20:15.882+0000][163.771s][debug][safepoint   ] Safepoint synchronization initiated using futex wait barrier. (215 threads)
[2025-03-19T15:20:15.882+0000][163.771s][info ][safepoint   ] Safepoint "Cleanup", Time since last: 1000123211 ns, Reaching safepoint: 81789 ns, Cleanup: 32308 ns, At safepoint: 8097 ns, Total: 122194 ns
[2025-03-19T15:20:17.882+0000][165.771s][debug][safepoint   ] Safepoint synchronization initiated using futex wait barrier. (215 threads)
[2025-03-19T15:20:17.882+0000][165.771s][info ][safepoint   ] Safepoint "Cleanup", Time since last: 2000201205 ns, Reaching safepoint: 81499 ns, Cleanup: 18198 ns, At safepoint: 5912 ns, Total: 105609 ns
[2025-03-19T15:20:19.913+0000][167.803s][debug][safepoint   ] Safepoint synchronization initiated using futex wait barrier. (215 threads)
[2025-03-19T15:20:19.914+0000][167.803s][info ][safepoint   ] Safepoint "Cleanup", Time since last: 2031178143 ns, Reaching safepoint: 101194 ns, Cleanup: 23235 ns, At safepoint: 7406 ns, Total: 131835 ns
[2025-03-19T15:20:20.914+0000][168.803s][debug][safepoint   ] Safepoint synchronization initiated using futex wait barrier. (215 threads)
[2025-03-19T15:20:20.914+0000][168.803s][info ][safepoint   ] Safepoint "Cleanup", Time since last: 1000102482 ns, Reaching safepoint: 100066 ns, Cleanup: 17301 ns, At safepoint: 6978 ns, Total: 124345 ns
[2025-03-19T15:20:23.914+0000][171.803s][debug][safepoint   ] Safepoint synchronization initiated using futex wait barrier. (215 threads)
[2025-03-19T15:20:23.914+0000][171.803s][info ][safepoint   ] Safepoint "Cleanup", Time since last: 3000275840 ns, Reaching safepoint: 45826 ns, Cleanup: 14041 ns, At safepoint: 2567 ns, Total: 62434 ns
[2025-03-19T15:20:26.915+0000][174.804s][debug][safepoint   ] Safepoint synchronization initiated using futex wait barrier. (215 threads)
[2025-03-19T15:20:26.915+0000][174.804s][info ][safepoint   ] Safepoint "Cleanup", Time since last: 3000521877 ns, Reaching safepoint: 88561 ns, Cleanup: 31425 ns, At safepoint: 7879 ns, Total: 127865 ns
[2025-03-19T15:20:36.246+0000][184.136s][debug][safepoint   ] Safepoint synchronization initiated using futex wait barrier. (215 threads)
[2025-03-19T15:20:36.246+0000][184.136s][info ][safepoint   ] Safepoint "Cleanup", Time since last: 9331576756 ns, Reaching safepoint: 84561 ns, Cleanup: 16584 ns, At safepoint: 6628 ns, Total: 107773 ns
[2025-03-19T15:20:38.247+0000][186.136s][debug][safepoint   ] Safepoint synchronization initiated using futex wait barrier. (215 threads)
[2025-03-19T15:20:38.247+0000][186.136s][info ][safepoint   ] Safepoint "Cleanup", Time since last: 2000187841 ns, Reaching safepoint: 88834 ns, Cleanup: 16904 ns, At safepoint: 6927 ns, Total: 112665 ns
[2025-03-19T15:20:41.247+0000][189.136s][debug][safepoint   ] Safepoint synchronization initiated using futex wait barrier. (215 threads)
[2025-03-19T15:20:41.247+0000][189.136s][info ][safepoint   ] Safepoint "Cleanup", Time since last: 3000267309 ns, Reaching safepoint: 88170 ns, Cleanup: 19631 ns, At safepoint: 16699 ns, Total: 124500 ns
[2025-03-19T15:20:42.247+0000][190.136s][debug][safepoint   ] Safepoint synchronization initiated using futex wait barrier. (215 threads)
[2025-03-19T15:20:42.247+0000][190.137s][info ][safepoint   ] Safepoint "Cleanup", Time since last: 1000086350 ns, Reaching safepoint: 78630 ns, Cleanup: 14959 ns, At safepoint: 5905 ns, Total: 99494 ns
[2025-03-19T15:20:50.248+0000][198.137s][debug][safepoint   ] Safepoint synchronization initiated using futex wait barrier. (215 threads)
[2025-03-19T15:20:50.248+0000][198.137s][info ][safepoint   ] Safepoint "Cleanup", Time since last: 8000826084 ns, Reaching safepoint: 99037 ns, Cleanup: 19122 ns, At safepoint: 7887 ns, Total: 126046 ns
[2025-03-19T15:20:57.249+0000][205.138s][debug][safepoint   ] Safepoint synchronization initiated using futex wait barrier. (215 threads)
[2025-03-19T15:20:57.249+0000][205.138s][info ][safepoint   ] Safepoint "Cleanup", Time since last: 7000869643 ns, Reaching safepoint: 55696 ns, Cleanup: 14446 ns, At safepoint: 2988 ns, Total: 73130 ns
[2025-03-19T15:21:00.180+0000][208.070s][debug][safepoint   ] Safepoint synchronization initiated using futex wait barrier. (215 threads)
[2025-03-19T15:21:00.181+0000][208.070s][info ][safepoint   ] Safepoint "Cleanup", Time since last: 2931171301 ns, Reaching safepoint: 101567 ns, Cleanup: 20644 ns, At safepoint: 2226 ns, Total: 124437 ns
[2025-03-19T15:21:01.078+0000][208.967s][debug][safepoint   ] Safepoint synchronization initiated using futex wait barrier. (216 threads)
[2025-03-19T15:21:01.078+0000][208.967s][debug][safepoint   ] ... found polling page loop exception at pc = 0x000072eac5c14cc4, stub =0x000072eac498f400
[2025-03-19T15:21:01.078+0000][208.967s][info ][safepoint   ] Safepoint "ICBufferFull", Time since last: 897161581 ns, Reaching safepoint: 132441 ns, Cleanup: 107966 ns, At safepoint: 5849 ns, Total: 246256 ns
[2025-03-19T15:21:01.518+0000][209.408s][debug][safepoint   ] Safepoint synchronization initiated using futex wait barrier. (216 threads)
[2025-03-19T15:21:01.519+0000][209.408s][info ][safepoint   ] Safepoint "ICBufferFull", Time since last: 440552707 ns, Reaching safepoint: 128840 ns, Cleanup: 122826 ns, At safepoint: 4697 ns, Total: 256363 ns
[2025-03-19T15:21:02.541+0000][210.430s][debug][safepoint   ] Safepoint synchronization initiated using futex wait barrier. (215 threads)
[2025-03-19T15:21:02.541+0000][210.430s][info ][safepoint   ] Safepoint "Cleanup", Time since last: 1021853775 ns, Reaching safepoint: 86753 ns, Cleanup: 89109 ns, At safepoint: 7727 ns, Total: 183589 ns
[2025-03-19T15:21:03.541+0000][211.430s][debug][safepoint   ] Safepoint synchronization initiated using futex wait barrier. (214 threads)
[2025-03-19T15:21:03.541+0000][211.430s][info ][safepoint   ] Safepoint "Cleanup", Time since last: 1000099077 ns, Reaching safepoint: 101584 ns, Cleanup: 23971 ns, At safepoint: 5377 ns, Total: 130932 ns
[2025-03-19T15:21:04.329+0000][212.218s][debug][safepoint   ] Safepoint synchronization initiated using futex wait barrier. (213 threads)
[2025-03-19T15:21:04.329+0000][212.218s][info ][gc,start    ] GC(69) Pause Young (Normal) (G1 Evacuation Pause)
[2025-03-19T15:21:04.329+0000][212.218s][info ][gc,task     ] GC(69) Using 4 workers of 4 for evacuation
[2025-03-19T15:21:04.365+0000][212.254s][info ][gc,phases   ] GC(69)   Pre Evacuate Collection Set: 0.1ms
[2025-03-19T15:21:04.365+0000][212.254s][info ][gc,phases   ] GC(69)   Merge Heap Roots: 0.2ms
[2025-03-19T15:21:04.365+0000][212.254s][info ][gc,phases   ] GC(69)   Evacuate Collection Set: 32.6ms
[2025-03-19T15:21:04.365+0000][212.254s][info ][gc,phases   ] GC(69)   Post Evacuate Collection Set: 2.8ms
[2025-03-19T15:21:04.365+0000][212.254s][info ][gc,phases   ] GC(69)   Other: 0.2ms
[2025-03-19T15:21:04.365+0000][212.254s][info ][gc,heap     ] GC(69) Eden regions: 251->0(248)
[2025-03-19T15:21:04.365+0000][212.254s][info ][gc,heap     ] GC(69) Survivor regions: 21->20(34)
[2025-03-19T15:21:04.365+0000][212.254s][info ][gc,heap     ] GC(69) Old regions: 156->161
[2025-03-19T15:21:04.365+0000][212.254s][info ][gc,heap     ] GC(69) Archive regions: 2->2
[2025-03-19T15:21:04.365+0000][212.254s][info ][gc,heap     ] GC(69) Humongous regions: 16->2
[2025-03-19T15:21:04.365+0000][212.254s][info ][gc,metaspace] GC(69) Metaspace: 187160K(188544K)->187160K(188544K) NonClass: 164241K(164928K)->164241K(164928K) Class: 22919K(23616K)->22919K(23616K)
[2025-03-19T15:21:04.365+0000][212.254s][info ][gc          ] GC(69) Pause Young (Normal) (G1 Evacuation Pause) 443M->183M(504M) 35.977ms
[2025-03-19T15:21:04.365+0000][212.254s][info ][gc,cpu      ] GC(69) User=0.07s Sys=0.00s Real=0.04s
[2025-03-19T15:21:04.365+0000][212.254s][info ][safepoint   ] Safepoint "G1CollectForAllocation", Time since last: 787826176 ns, Reaching safepoint: 64175 ns, Cleanup: 28033 ns, At safepoint: 36322784 ns, Total: 36414992 ns
[2025-03-19T15:21:05.365+0000][213.255s][debug][safepoint   ] Safepoint synchronization initiated using futex wait barrier. (212 threads)
[2025-03-19T15:21:05.365+0000][213.255s][info ][safepoint   ] Safepoint "Cleanup", Time since last: 1000079480 ns, Reaching safepoint: 51909 ns, Cleanup: 64288 ns, At safepoint: 3463 ns, Total: 119660 ns
[2025-03-19T15:21:06.366+0000][214.255s][debug][safepoint   ] Safepoint synchronization initiated using futex wait barrier. (213 threads)
[2025-03-19T15:21:06.366+0000][214.255s][info ][safepoint   ] Safepoint "Cleanup", Time since last: 1000075841 ns, Reaching safepoint: 54039 ns, Cleanup: 28654 ns, At safepoint: 3103 ns, Total: 85796 ns
[2025-03-19T15:21:07.366+0000][215.255s][debug][safepoint   ] Safepoint synchronization initiated using futex wait barrier. (210 threads)
[2025-03-19T15:21:07.366+0000][215.255s][info ][safepoint   ] Safepoint "Cleanup", Time since last: 1000129148 ns, Reaching safepoint: 60115 ns, Cleanup: 17813 ns, At safepoint: 5474 ns, Total: 83402 ns
[2025-03-19T15:21:08.367+0000][216.256s][debug][safepoint   ] Safepoint synchronization initiated using futex wait barrier. (210 threads)
[2025-03-19T15:21:08.367+0000][216.256s][info ][safepoint   ] Safepoint "Cleanup", Time since last: 1000897124 ns, Reaching safepoint: 91438 ns, Cleanup: 27453 ns, At safepoint: 5740 ns, Total: 124631 ns
[2025-03-19T15:21:12.368+0000][220.257s][debug][safepoint   ] Safepoint synchronization initiated using futex wait barrier. (210 threads)
[2025-03-19T15:21:12.368+0000][220.257s][info ][safepoint   ] Safepoint "Cleanup", Time since last: 4001278380 ns, Reaching safepoint: 88129 ns, Cleanup: 33526 ns, At safepoint: 8032 ns, Total: 129687 ns
[2025-03-19T15:21:13.368+0000][221.258s][debug][safepoint   ] Safepoint synchronization initiated using futex wait barrier. (210 threads)
[2025-03-19T15:21:13.369+0000][221.258s][info ][safepoint   ] Safepoint "Cleanup", Time since last: 1000199904 ns, Reaching safepoint: 79964 ns, Cleanup: 23072 ns, At safepoint: 7282 ns, Total: 110318 ns
[2025-03-19T15:21:15.369+0000][223.258s][debug][safepoint   ] Safepoint synchronization initiated using futex wait barrier. (210 threads)
[2025-03-19T15:21:15.369+0000][223.259s][info ][safepoint   ] Safepoint "Cleanup", Time since last: 2000219917 ns, Reaching safepoint: 442455 ns, Cleanup: 54446 ns, At safepoint: 130414 ns, Total: 627315 ns
[2025-03-19T15:21:18.370+0000][226.259s][debug][safepoint   ] Safepoint synchronization initiated using futex wait barrier. (210 threads)
[2025-03-19T15:21:18.370+0000][226.259s][info ][safepoint   ] Safepoint "Cleanup", Time since last: 3000668731 ns, Reaching safepoint: 83252 ns, Cleanup: 39515 ns, At safepoint: 7464 ns, Total: 130231 ns
[2025-03-19T15:21:19.370+0000][227.259s][debug][safepoint   ] Safepoint synchronization initiated using futex wait barrier. (210 threads)
[2025-03-19T15:21:19.389+0000][227.278s][info ][safepoint   ] Safepoint "Cleanup", Time since last: 1000081928 ns, Reaching safepoint: 18724104 ns, Cleanup: 17483 ns, At safepoint: 8935 ns, Total: 18750522 ns
[2025-03-19T15:21:20.389+0000][228.278s][debug][safepoint   ] Safepoint synchronization initiated using futex wait barrier. (210 threads)
[2025-03-19T15:21:20.389+0000][228.278s][info ][safepoint   ] Safepoint "Cleanup", Time since last: 1000099690 ns, Reaching safepoint: 46020 ns, Cleanup: 9472 ns, At safepoint: 2060 ns, Total: 57552 ns
[2025-03-19T15:21:22.389+0000][230.279s][debug][safepoint   ] Safepoint synchronization initiated using futex wait barrier. (210 threads)
[2025-03-19T15:21:22.390+0000][230.279s][info ][safepoint   ] Safepoint "Cleanup", Time since last: 2000248652 ns, Reaching safepoint: 81132 ns, Cleanup: 24150 ns, At safepoint: 7655 ns, Total: 112937 ns
[2025-03-19T15:21:23.390+0000][231.279s][debug][safepoint   ] Safepoint synchronization initiated using futex wait barrier. (210 threads)
[2025-03-19T15:21:23.390+0000][231.279s][info ][safepoint   ] Safepoint "Cleanup", Time since last: 1000113722 ns, Reaching safepoint: 82613 ns, Cleanup: 21187 ns, At safepoint: 6992 ns, Total: 110792 ns
[2025-03-19T15:21:24.390+0000][232.279s][debug][safepoint   ] Safepoint synchronization initiated using futex wait barrier. (210 threads)
[2025-03-19T15:21:24.390+0000][232.279s][info ][safepoint   ] Safepoint "Cleanup", Time since last: 1000099643 ns, Reaching safepoint: 97452 ns, Cleanup: 40094 ns, At safepoint: 7911 ns, Total: 145457 ns
[2025-03-19T15:21:27.391+0000][235.280s][debug][safepoint   ] Safepoint synchronization initiated using futex wait barrier. (210 threads)
[2025-03-19T15:21:27.391+0000][235.280s][info ][safepoint   ] Safepoint "Cleanup", Time since last: 3000724787 ns, Reaching safepoint: 82901 ns, Cleanup: 17477 ns, At safepoint: 6712 ns, Total: 107090 ns
[2025-03-19T15:21:32.272+0000][240.161s][debug][safepoint   ] Safepoint synchronization initiated using futex wait barrier. (210 threads)
[2025-03-19T15:21:32.272+0000][240.162s][info ][safepoint   ] Safepoint "Cleanup", Time since last: 4881332438 ns, Reaching safepoint: 74109 ns, Cleanup: 38108 ns, At safepoint: 7871 ns, Total: 120088 ns
[2025-03-19T15:21:33.272+0000][241.162s][debug][safepoint   ] Safepoint synchronization initiated using futex wait barrier. (210 threads)
[2025-03-19T15:21:33.273+0000][241.162s][info ][safepoint   ] Safepoint "Cleanup", Time since last: 1000098361 ns, Reaching safepoint: 78111 ns, Cleanup: 30087 ns, At safepoint: 7598 ns, Total: 115796 ns
[2025-03-19T15:21:39.273+0000][247.162s][debug][safepoint   ] Safepoint synchronization initiated using futex wait barrier. (210 threads)
[2025-03-19T15:21:39.273+0000][247.162s][info ][safepoint   ] Safepoint "Cleanup", Time since last: 6000630786 ns, Reaching safepoint: 92716 ns, Cleanup: 16593 ns, At safepoint: 6767 ns, Total: 116076 ns
[2025-03-19T15:21:42.273+0000][250.163s][debug][safepoint   ] Safepoint synchronization initiated using futex wait barrier. (210 threads)
[2025-03-19T15:21:42.274+0000][250.163s][info ][safepoint   ] Safepoint "Cleanup", Time since last: 3000239559 ns, Reaching safepoint: 79135 ns, Cleanup: 18365 ns, At safepoint: 7247 ns, Total: 104747 ns
[2025-03-19T15:21:43.274+0000][251.163s][debug][safepoint   ] Safepoint synchronization initiated using futex wait barrier. (210 threads)
[2025-03-19T15:21:43.274+0000][251.163s][info ][safepoint   ] Safepoint "Cleanup", Time since last: 1000119310 ns, Reaching safepoint: 78111 ns, Cleanup: 17099 ns, At safepoint: 6538 ns, Total: 101748 ns
[2025-03-19T15:21:50.274+0000][258.164s][debug][safepoint   ] Safepoint synchronization initiated using futex wait barrier. (210 threads)
[2025-03-19T15:21:50.275+0000][258.164s][info ][safepoint   ] Safepoint "Cleanup", Time since last: 7000578959 ns, Reaching safepoint: 85169 ns, Cleanup: 18098 ns, At safepoint: 6633 ns, Total: 109900 ns
[2025-03-19T15:21:52.275+0000][260.164s][debug][safepoint   ] Safepoint synchronization initiated using futex wait barrier. (210 threads)
[2025-03-19T15:21:52.275+0000][260.164s][info ][safepoint   ] Safepoint "Cleanup", Time since last: 2000195944 ns, Reaching safepoint: 80334 ns, Cleanup: 32047 ns, At safepoint: 5469 ns, Total: 117850 ns
[2025-03-19T15:21:53.275+0000][261.164s][debug][safepoint   ] Safepoint synchronization initiated using futex wait barrier. (210 threads)
[2025-03-19T15:21:53.275+0000][261.164s][info ][safepoint   ] Safepoint "Cleanup", Time since last: 1000100466 ns, Reaching safepoint: 67289 ns, Cleanup: 17773 ns, At safepoint: 2826 ns, Total: 87888 ns
[2025-03-19T15:21:54.275+0000][262.164s][debug][safepoint   ] Safepoint synchronization initiated using futex wait barrier. (210 threads)
[2025-03-19T15:21:54.275+0000][262.164s][info ][safepoint   ] Safepoint "Cleanup", Time since last: 1000080040 ns, Reaching safepoint: 84743 ns, Cleanup: 19984 ns, At safepoint: 5353 ns, Total: 110080 ns
[2025-03-19T15:21:55.275+0000][263.165s][debug][safepoint   ] Safepoint synchronization initiated using futex wait barrier. (210 threads)
[2025-03-19T15:21:55.275+0000][263.165s][info ][safepoint   ] Safepoint "Cleanup", Time since last: 1000102470 ns, Reaching safepoint: 80766 ns, Cleanup: 17281 ns, At safepoint: 6761 ns, Total: 104808 ns
[2025-03-19T15:21:59.276+0000][267.165s][debug][safepoint   ] Safepoint synchronization initiated using futex wait barrier. (210 threads)
[2025-03-19T15:21:59.276+0000][267.165s][info ][safepoint   ] Safepoint "Cleanup", Time since last: 4000304944 ns, Reaching safepoint: 101968 ns, Cleanup: 19922 ns, At safepoint: 7044 ns, Total: 128934 ns
[2025-03-19T15:22:00.276+0000][268.165s][debug][safepoint   ] Safepoint synchronization initiated using futex wait barrier. (210 threads)
[2025-03-19T15:22:00.276+0000][268.165s][info ][safepoint   ] Safepoint "Cleanup", Time since last: 1000083491 ns, Reaching safepoint: 65595 ns, Cleanup: 15223 ns, At safepoint: 4203 ns, Total: 85021 ns
[2025-03-19T15:22:02.276+0000][270.165s][debug][safepoint   ] Safepoint synchronization initiated using futex wait barrier. (210 threads)
[2025-03-19T15:22:02.276+0000][270.165s][info ][safepoint   ] Safepoint "Cleanup", Time since last: 2000173586 ns, Reaching safepoint: 53936 ns, Cleanup: 11225 ns, At safepoint: 2797 ns, Total: 67958 ns
[2025-03-19T15:22:03.276+0000][271.166s][debug][safepoint   ] Safepoint synchronization initiated using futex wait barrier. (210 threads)
[2025-03-19T15:22:03.277+0000][271.166s][info ][safepoint   ] Safepoint "Cleanup", Time since last: 1000152873 ns, Reaching safepoint: 81979 ns, Cleanup: 23097 ns, At safepoint: 6820 ns, Total: 111896 ns
[2025-03-19T15:22:04.277+0000][272.166s][debug][safepoint   ] Safepoint synchronization initiated using futex wait barrier. (209 threads)
[2025-03-19T15:22:04.277+0000][272.166s][info ][safepoint   ] Safepoint "Cleanup", Time since last: 1000118270 ns, Reaching safepoint: 71043 ns, Cleanup: 15992 ns, At safepoint: 5175 ns, Total: 92210 ns
[2025-03-19T15:22:05.277+0000][273.166s][debug][safepoint   ] Safepoint synchronization initiated using futex wait barrier. (208 threads)
[2025-03-19T15:22:05.277+0000][273.166s][info ][safepoint   ] Safepoint "Cleanup", Time since last: 1000084331 ns, Reaching safepoint: 66342 ns, Cleanup: 16004 ns, At safepoint: 5235 ns, Total: 87581 ns
[2025-03-19T15:22:09.278+0000][277.167s][debug][safepoint   ] Safepoint synchronization initiated using futex wait barrier. (207 threads)
[2025-03-19T15:22:09.278+0000][277.167s][info ][safepoint   ] Safepoint "Cleanup", Time since last: 4001206046 ns, Reaching safepoint: 93255 ns, Cleanup: 19587 ns, At safepoint: 7192 ns, Total: 120034 ns
[2025-03-19T15:22:13.279+0000][281.168s][debug][safepoint   ] Safepoint synchronization initiated using futex wait barrier. (207 threads)
[2025-03-19T15:22:13.279+0000][281.168s][info ][safepoint   ] Safepoint "Cleanup", Time since last: 4000555134 ns, Reaching safepoint: 92166 ns, Cleanup: 22330 ns, At safepoint: 5540 ns, Total: 120036 ns
[2025-03-19T15:22:15.279+0000][283.168s][debug][safepoint   ] Safepoint synchronization initiated using futex wait barrier. (207 threads)
[2025-03-19T15:22:15.279+0000][283.168s][info ][safepoint   ] Safepoint "Cleanup", Time since last: 2000186327 ns, Reaching safepoint: 91004 ns, Cleanup: 17177 ns, At safepoint: 6413 ns, Total: 114594 ns
[2025-03-19T15:22:20.280+0000][288.169s][debug][safepoint   ] Safepoint synchronization initiated using futex wait barrier. (207 threads)
[2025-03-19T15:22:20.280+0000][288.169s][info ][safepoint   ] Safepoint "Cleanup", Time since last: 5000509385 ns, Reaching safepoint: 86584 ns, Cleanup: 16934 ns, At safepoint: 5632 ns, Total: 109150 ns
[2025-03-19T15:22:22.280+0000][290.169s][debug][safepoint   ] Safepoint synchronization initiated using futex wait barrier. (207 threads)
[2025-03-19T15:22:22.280+0000][290.169s][info ][safepoint   ] Safepoint "Cleanup", Time since last: 2000217156 ns, Reaching safepoint: 85053 ns, Cleanup: 23560 ns, At safepoint: 6985 ns, Total: 115598 ns
[2025-03-19T15:22:23.280+0000][291.169s][debug][safepoint   ] Safepoint synchronization initiated using futex wait barrier. (207 threads)
[2025-03-19T15:22:23.280+0000][291.170s][info ][safepoint   ] Safepoint "Cleanup", Time since last: 1000106678 ns, Reaching safepoint: 86182 ns, Cleanup: 16745 ns, At safepoint: 6855 ns, Total: 109782 ns
[2025-03-19T15:22:24.280+0000][292.170s][debug][safepoint   ] Safepoint synchronization initiated using futex wait barrier. (206 threads)
[2025-03-19T15:22:24.281+0000][292.170s][info ][safepoint   ] Safepoint "Cleanup", Time since last: 1000085818 ns, Reaching safepoint: 74113 ns, Cleanup: 21802 ns, At safepoint: 5099 ns, Total: 101014 ns
[2025-03-19T15:22:32.281+0000][300.170s][debug][safepoint   ] Safepoint synchronization initiated using futex wait barrier. (206 threads)
[2025-03-19T15:22:32.281+0000][300.170s][info ][safepoint   ] Safepoint "Cleanup", Time since last: 8000607702 ns, Reaching safepoint: 84282 ns, Cleanup: 9502 ns, At safepoint: 2920 ns, Total: 96704 ns
[2025-03-19T15:22:33.295+0000][301.184s][debug][safepoint   ] Safepoint synchronization initiated using futex wait barrier. (206 threads)
[2025-03-19T15:22:33.295+0000][301.184s][info ][safepoint   ] Safepoint "Cleanup", Time since last: 1013415371 ns, Reaching safepoint: 77914 ns, Cleanup: 22015 ns, At safepoint: 4570 ns, Total: 104499 ns
[2025-03-19T15:22:35.295+0000][303.184s][debug][safepoint   ] Safepoint synchronization initiated using futex wait barrier. (206 threads)
[2025-03-19T15:22:35.295+0000][303.184s][info ][safepoint   ] Safepoint "Cleanup", Time since last: 2000185463 ns, Reaching safepoint: 102506 ns, Cleanup: 21188 ns, At safepoint: 7333 ns, Total: 131027 ns
[2025-03-19T15:22:36.295+0000][304.184s][debug][safepoint   ] Safepoint synchronization initiated using futex wait barrier. (206 threads)
[2025-03-19T15:22:36.295+0000][304.185s][info ][safepoint   ] Safepoint "Cleanup", Time since last: 1000144174 ns, Reaching safepoint: 95253 ns, Cleanup: 18814 ns, At safepoint: 5936 ns, Total: 120003 ns
[2025-03-19T15:22:39.296+0000][307.185s][debug][safepoint   ] Safepoint synchronization initiated using futex wait barrier. (206 threads)
[2025-03-19T15:22:39.296+0000][307.185s][info ][safepoint   ] Safepoint "Cleanup", Time since last: 3000215589 ns, Reaching safepoint: 75217 ns, Cleanup: 15264 ns, At safepoint: 6570 ns, Total: 97051 ns
[2025-03-19T15:22:45.296+0000][313.185s][debug][safepoint   ] Safepoint synchronization initiated using futex wait barrier. (206 threads)
[2025-03-19T15:22:45.296+0000][313.186s][info ][safepoint   ] Safepoint "Cleanup", Time since last: 6000527799 ns, Reaching safepoint: 86839 ns, Cleanup: 21824 ns, At safepoint: 6730 ns, Total: 115393 ns
[2025-03-19T15:22:52.297+0000][320.186s][debug][safepoint   ] Safepoint synchronization initiated using futex wait barrier. (206 threads)
[2025-03-19T15:22:52.297+0000][320.186s][info ][safepoint   ] Safepoint "Cleanup", Time since last: 7000529624 ns, Reaching safepoint: 80201 ns, Cleanup: 24454 ns, At safepoint: 5244 ns, Total: 109899 ns
[2025-03-19T15:22:54.297+0000][322.186s][debug][safepoint   ] Safepoint synchronization initiated using futex wait barrier. (206 threads)
[2025-03-19T15:22:54.297+0000][322.186s][info ][safepoint   ] Safepoint "Cleanup", Time since last: 2000166908 ns, Reaching safepoint: 82400 ns, Cleanup: 25206 ns, At safepoint: 5427 ns, Total: 113033 ns
[2025-03-19T15:22:55.297+0000][323.187s][debug][safepoint   ] Safepoint synchronization initiated using futex wait barrier. (206 threads)
[2025-03-19T15:22:55.298+0000][323.187s][info ][safepoint   ] Safepoint "Cleanup", Time since last: 1000200275 ns, Reaching safepoint: 89063 ns, Cleanup: 46647 ns, At safepoint: 7359 ns, Total: 143069 ns
[2025-03-19T15:22:56.298+0000][324.187s][debug][safepoint   ] Safepoint synchronization initiated using futex wait barrier. (210 threads)
[2025-03-19T15:22:56.298+0000][324.187s][info ][safepoint   ] Safepoint "Cleanup", Time since last: 1000118375 ns, Reaching safepoint: 91209 ns, Cleanup: 43091 ns, At safepoint: 7723 ns, Total: 142023 ns
[2025-03-19T15:22:57.960+0000][325.849s][debug][safepoint   ] Safepoint synchronization initiated using futex wait barrier. (216 threads)
[2025-03-19T15:22:57.960+0000][325.849s][info ][safepoint   ] Safepoint "Cleanup", Time since last: 1662042203 ns, Reaching safepoint: 77205 ns, Cleanup: 142254 ns, At safepoint: 5781 ns, Total: 225240 ns
[2025-03-19T15:22:59.960+0000][327.849s][debug][safepoint   ] Safepoint synchronization initiated using futex wait barrier. (216 threads)
[2025-03-19T15:22:59.960+0000][327.850s][info ][safepoint   ] Safepoint "Cleanup", Time since last: 2000154191 ns, Reaching safepoint: 88048 ns, Cleanup: 18979 ns, At safepoint: 5755 ns, Total: 112782 ns
[2025-03-19T15:23:03.961+0000][331.850s][debug][safepoint   ] Safepoint synchronization initiated using futex wait barrier. (215 threads)
[2025-03-19T15:23:03.961+0000][331.850s][info ][safepoint   ] Safepoint "Cleanup", Time since last: 4000330398 ns, Reaching safepoint: 83865 ns, Cleanup: 20311 ns, At safepoint: 6532 ns, Total: 110708 ns
[2025-03-19T15:23:05.961+0000][333.850s][debug][safepoint   ] Safepoint synchronization initiated using futex wait barrier. (214 threads)
[2025-03-19T15:23:05.961+0000][333.850s][info ][safepoint   ] Safepoint "Cleanup", Time since last: 2000287375 ns, Reaching safepoint: 72949 ns, Cleanup: 15246 ns, At safepoint: 4912 ns, Total: 93107 ns
[2025-03-19T15:23:08.961+0000][336.851s][debug][safepoint   ] Safepoint synchronization initiated using futex wait barrier. (214 threads)
[2025-03-19T15:23:08.962+0000][336.851s][info ][safepoint   ] Safepoint "Cleanup", Time since last: 3000269543 ns, Reaching safepoint: 78697 ns, Cleanup: 33123 ns, At safepoint: 5463 ns, Total: 117283 ns
[2025-03-19T15:23:12.962+0000][340.851s][debug][safepoint   ] Safepoint synchronization initiated using futex wait barrier. (214 threads)
[2025-03-19T15:23:12.962+0000][340.851s][info ][safepoint   ] Safepoint "Cleanup", Time since last: 4000458640 ns, Reaching safepoint: 75235 ns, Cleanup: 44325 ns, At safepoint: 6178 ns, Total: 125738 ns
[2025-03-19T15:23:15.962+0000][343.852s][debug][safepoint   ] Safepoint synchronization initiated using futex wait barrier. (214 threads)
[2025-03-19T15:23:15.963+0000][343.852s][info ][safepoint   ] Safepoint "Cleanup", Time since last: 3000267453 ns, Reaching safepoint: 364233 ns, Cleanup: 32971 ns, At safepoint: 53387 ns, Total: 450591 ns
[2025-03-19T15:23:18.963+0000][346.852s][debug][safepoint   ] Safepoint synchronization initiated using futex wait barrier. (214 threads)
[2025-03-19T15:23:18.963+0000][346.852s][info ][safepoint   ] Safepoint "Cleanup", Time since last: 3000258365 ns, Reaching safepoint: 59424 ns, Cleanup: 61537 ns, At safepoint: 2858 ns, Total: 123819 ns
[2025-03-19T15:23:19.100+0000][346.989s][debug][safepoint   ] Safepoint synchronization initiated using futex wait barrier. (214 threads)
[2025-03-19T15:23:19.100+0000][346.989s][info ][safepoint   ] Safepoint "G1CollectForAllocation", Time since last: 136439686 ns, Reaching safepoint: 53637 ns, Cleanup: 33487 ns, At safepoint: 11758 ns, Total: 98882 ns
[2025-03-19T15:23:19.100+0000][346.989s][debug][safepoint   ] Safepoint synchronization initiated using futex wait barrier. (214 threads)
[2025-03-19T15:23:19.100+0000][346.990s][info ][gc,start    ] GC(70) Pause Young (Normal) (GCLocker Initiated GC)
[2025-03-19T15:23:19.100+0000][346.990s][info ][gc,task     ] GC(70) Using 4 workers of 4 for evacuation
[2025-03-19T15:23:19.123+0000][347.012s][info ][gc,phases   ] GC(70)   Pre Evacuate Collection Set: 0.2ms
[2025-03-19T15:23:19.123+0000][347.012s][info ][gc,phases   ] GC(70)   Merge Heap Roots: 0.3ms
[2025-03-19T15:23:19.123+0000][347.012s][info ][gc,phases   ] GC(70)   Evacuate Collection Set: 20.5ms
[2025-03-19T15:23:19.123+0000][347.013s][info ][gc,phases   ] GC(70)   Post Evacuate Collection Set: 1.8ms
[2025-03-19T15:23:19.123+0000][347.013s][info ][gc,phases   ] GC(70)   Other: 0.2ms
[2025-03-19T15:23:19.123+0000][347.013s][info ][gc,heap     ] GC(70) Eden regions: 248->0(244)
[2025-03-19T15:23:19.123+0000][347.013s][info ][gc,heap     ] GC(70) Survivor regions: 20->17(34)
[2025-03-19T15:23:19.123+0000][347.013s][info ][gc,heap     ] GC(70) Old regions: 161->165
[2025-03-19T15:23:19.123+0000][347.013s][info ][gc,heap     ] GC(70) Archive regions: 2->2
[2025-03-19T15:23:19.123+0000][347.013s][info ][gc,heap     ] GC(70) Humongous regions: 15->8
[2025-03-19T15:23:19.123+0000][347.013s][info ][gc,metaspace] GC(70) Metaspace: 188186K(189568K)->188186K(189568K) NonClass: 165226K(165952K)->165226K(165952K) Class: 22959K(23616K)->22959K(23616K)
[2025-03-19T15:23:19.123+0000][347.013s][info ][gc          ] GC(70) Pause Young (Normal) (GCLocker Initiated GC) 444M->190M(504M) 23.013ms
[2025-03-19T15:23:19.123+0000][347.013s][info ][gc,cpu      ] GC(70) User=0.07s Sys=0.00s Real=0.03s
[2025-03-19T15:23:19.124+0000][347.013s][info ][safepoint   ] Safepoint "G1CollectForAllocation", Time since last: 424768 ns, Reaching safepoint: 36280 ns, Cleanup: 2086 ns, At safepoint: 23242117 ns, Total: 23280483 ns
[2025-03-19T15:23:20.124+0000][348.013s][debug][safepoint   ] Safepoint synchronization initiated using futex wait barrier. (214 threads)
[2025-03-19T15:23:20.124+0000][348.013s][info ][safepoint   ] Safepoint "Cleanup", Time since last: 1000119007 ns, Reaching safepoint: 81994 ns, Cleanup: 77489 ns, At safepoint: 5855 ns, Total: 165338 ns
[2025-03-19T15:23:23.124+0000][351.013s][debug][safepoint   ] Safepoint synchronization initiated using futex wait barrier. (214 threads)
[2025-03-19T15:23:23.124+0000][351.013s][info ][safepoint   ] Safepoint "Cleanup", Time since last: 3000298311 ns, Reaching safepoint: 84918 ns, Cleanup: 20668 ns, At safepoint: 5953 ns, Total: 111539 ns
[2025-03-19T15:23:26.125+0000][354.014s][debug][safepoint   ] Safepoint synchronization initiated using futex wait barrier. (214 threads)
[2025-03-19T15:23:26.125+0000][354.014s][info ][safepoint   ] Safepoint "Cleanup", Time since last: 3000358455 ns, Reaching safepoint: 45360 ns, Cleanup: 15361 ns, At safepoint: 2231 ns, Total: 62952 ns
[2025-03-19T15:23:27.125+0000][355.014s][debug][safepoint   ] Safepoint synchronization initiated using futex wait barrier. (214 threads)
[2025-03-19T15:23:27.125+0000][355.014s][info ][safepoint   ] Safepoint "Cleanup", Time since last: 1000103583 ns, Reaching safepoint: 91200 ns, Cleanup: 14657 ns, At safepoint: 4743 ns, Total: 110600 ns
[2025-03-19T15:23:28.125+0000][356.014s][debug][safepoint   ] Safepoint synchronization initiated using futex wait barrier. (214 threads)
[2025-03-19T15:23:28.125+0000][356.014s][info ][safepoint   ] Safepoint "Cleanup", Time since last: 1000101658 ns, Reaching safepoint: 97954 ns, Cleanup: 45228 ns, At safepoint: 7783 ns, Total: 150965 ns
[2025-03-19T15:23:29.125+0000][357.014s][debug][safepoint   ] Safepoint synchronization initiated using futex wait barrier. (214 threads)
[2025-03-19T15:23:29.125+0000][357.015s][info ][safepoint   ] Safepoint "Cleanup", Time since last: 1000108725 ns, Reaching safepoint: 122204 ns, Cleanup: 20103 ns, At safepoint: 7018 ns, Total: 149325 ns
[2025-03-19T15:23:30.125+0000][358.015s][debug][safepoint   ] Safepoint synchronization initiated using futex wait barrier. (214 threads)
[2025-03-19T15:23:30.126+0000][358.015s][info ][safepoint   ] Safepoint "Cleanup", Time since last: 1000093842 ns, Reaching safepoint: 71566 ns, Cleanup: 29473 ns, At safepoint: 5312 ns, Total: 106351 ns
[2025-03-19T15:23:35.316+0000][363.205s][debug][safepoint   ] Safepoint synchronization initiated using futex wait barrier. (214 threads)
[2025-03-19T15:23:35.316+0000][363.205s][info ][safepoint   ] Safepoint "Cleanup", Time since last: 5190021110 ns, Reaching safepoint: 78675 ns, Cleanup: 19542 ns, At safepoint: 4721 ns, Total: 102938 ns
[2025-03-19T15:23:36.316+0000][364.205s][debug][safepoint   ] Safepoint synchronization initiated using futex wait barrier. (214 threads)
[2025-03-19T15:23:36.316+0000][364.205s][info ][safepoint   ] Safepoint "Cleanup", Time since last: 1000232176 ns, Reaching safepoint: 84833 ns, Cleanup: 25944 ns, At safepoint: 7385 ns, Total: 118162 ns
[2025-03-19T15:23:38.316+0000][366.205s][debug][safepoint   ] Safepoint synchronization initiated using futex wait barrier. (214 threads)
[2025-03-19T15:23:38.316+0000][366.206s][info ][safepoint   ] Safepoint "Cleanup", Time since last: 2000215903 ns, Reaching safepoint: 86815 ns, Cleanup: 15220 ns, At safepoint: 5970 ns, Total: 108005 ns
[2025-03-19T15:23:39.316+0000][367.206s][debug][safepoint   ] Safepoint synchronization initiated using futex wait barrier. (214 threads)
[2025-03-19T15:23:39.317+0000][367.206s][info ][safepoint   ] Safepoint "Cleanup", Time since last: 1000084816 ns, Reaching safepoint: 67671 ns, Cleanup: 19573 ns, At safepoint: 4411 ns, Total: 91655 ns
[2025-03-19T15:23:42.317+0000][370.206s][debug][safepoint   ] Safepoint synchronization initiated using futex wait barrier. (214 threads)
[2025-03-19T15:23:42.317+0000][370.206s][info ][safepoint   ] Safepoint "Cleanup", Time since last: 3000306107 ns, Reaching safepoint: 64631 ns, Cleanup: 10152 ns, At safepoint: 5320 ns, Total: 80103 ns
[2025-03-19T15:23:46.317+0000][374.206s][debug][safepoint   ] Safepoint synchronization initiated using futex wait barrier. (214 threads)
[2025-03-19T15:23:46.317+0000][374.207s][info ][safepoint   ] Safepoint "Cleanup", Time since last: 4000340640 ns, Reaching safepoint: 51162 ns, Cleanup: 11815 ns, At safepoint: 2156 ns, Total: 65133 ns
[2025-03-19T15:23:49.318+0000][377.207s][debug][safepoint   ] Safepoint synchronization initiated using futex wait barrier. (214 threads)
[2025-03-19T15:23:49.318+0000][377.207s][info ][safepoint   ] Safepoint "Cleanup", Time since last: 3000215222 ns, Reaching safepoint: 79543 ns, Cleanup: 16181 ns, At safepoint: 5294 ns, Total: 101018 ns
[2025-03-19T15:23:50.318+0000][378.207s][debug][safepoint   ] Safepoint synchronization initiated using futex wait barrier. (214 threads)
[2025-03-19T15:23:50.318+0000][378.207s][info ][safepoint   ] Safepoint "Cleanup", Time since last: 1000129069 ns, Reaching safepoint: 97656 ns, Cleanup: 21711 ns, At safepoint: 9582 ns, Total: 128949 ns
[2025-03-19T15:23:56.318+0000][384.208s][debug][safepoint   ] Safepoint synchronization initiated using futex wait barrier. (214 threads)
[2025-03-19T15:23:56.319+0000][384.208s][info ][safepoint   ] Safepoint "Cleanup", Time since last: 6000545588 ns, Reaching safepoint: 82653 ns, Cleanup: 29183 ns, At safepoint: 5923 ns, Total: 117759 ns
[2025-03-19T15:23:57.319+0000][385.208s][debug][safepoint   ] Safepoint synchronization initiated using futex wait barrier. (211 threads)
[2025-03-19T15:23:57.319+0000][385.208s][info ][safepoint   ] Safepoint "Cleanup", Time since last: 1000196468 ns, Reaching safepoint: 85118 ns, Cleanup: 18766 ns, At safepoint: 7527 ns, Total: 111411 ns
[2025-03-19T15:23:59.319+0000][387.208s][debug][safepoint   ] Safepoint synchronization initiated using futex wait barrier. (211 threads)
[2025-03-19T15:23:59.319+0000][387.208s][info ][safepoint   ] Safepoint "Cleanup", Time since last: 2000219451 ns, Reaching safepoint: 82067 ns, Cleanup: 23508 ns, At safepoint: 7660 ns, Total: 113235 ns
[2025-03-19T15:24:00.322+0000][388.212s][debug][safepoint   ] Safepoint synchronization initiated using futex wait barrier. (211 threads)
[2025-03-19T15:24:00.322+0000][388.212s][info ][safepoint   ] Safepoint "Cleanup", Time since last: 1003108991 ns, Reaching safepoint: 62530 ns, Cleanup: 17296 ns, At safepoint: 3755 ns, Total: 83581 ns
[2025-03-19T15:24:03.323+0000][391.212s][debug][safepoint   ] Safepoint synchronization initiated using futex wait barrier. (211 threads)
[2025-03-19T15:24:03.323+0000][391.212s][info ][safepoint   ] Safepoint "Cleanup", Time since last: 3000236630 ns, Reaching safepoint: 84751 ns, Cleanup: 19651 ns, At safepoint: 5305 ns, Total: 109707 ns
[2025-03-19T15:24:06.323+0000][394.212s][debug][safepoint   ] Safepoint synchronization initiated using futex wait barrier. (210 threads)
[2025-03-19T15:24:06.323+0000][394.212s][info ][safepoint   ] Safepoint "Cleanup", Time since last: 3000273197 ns, Reaching safepoint: 109010 ns, Cleanup: 26836 ns, At safepoint: 8118 ns, Total: 143964 ns
[2025-03-19T15:24:10.324+0000][398.213s][debug][safepoint   ] Safepoint synchronization initiated using futex wait barrier. (210 threads)
[2025-03-19T15:24:10.324+0000][398.213s][info ][safepoint   ] Safepoint "Cleanup", Time since last: 4000911172 ns, Reaching safepoint: 49141 ns, Cleanup: 15030 ns, At safepoint: 2873 ns, Total: 67044 ns
[2025-03-19T15:24:11.324+0000][399.213s][debug][safepoint   ] Safepoint synchronization initiated using futex wait barrier. (210 threads)
[2025-03-19T15:24:11.324+0000][399.214s][info ][safepoint   ] Safepoint "Cleanup", Time since last: 1000107186 ns, Reaching safepoint: 89495 ns, Cleanup: 17268 ns, At safepoint: 5848 ns, Total: 112611 ns
[2025-03-19T15:24:18.325+0000][406.214s][debug][safepoint   ] Safepoint synchronization initiated using futex wait barrier. (210 threads)
[2025-03-19T15:24:18.325+0000][406.214s][info ][safepoint   ] Safepoint "Cleanup", Time since last: 7000524300 ns, Reaching safepoint: 68281 ns, Cleanup: 11950 ns, At safepoint: 3098 ns, Total: 83329 ns
[2025-03-19T15:24:20.325+0000][408.214s][debug][safepoint   ] Safepoint synchronization initiated using futex wait barrier. (210 threads)
[2025-03-19T15:24:20.325+0000][408.214s][info ][safepoint   ] Safepoint "Cleanup", Time since last: 2000134209 ns, Reaching safepoint: 64070 ns, Cleanup: 14342 ns, At safepoint: 3166 ns, Total: 81578 ns
[2025-03-19T15:24:26.326+0000][414.215s][debug][safepoint   ] Safepoint synchronization initiated using futex wait barrier. (210 threads)
[2025-03-19T15:24:26.326+0000][414.215s][info ][safepoint   ] Safepoint "Cleanup", Time since last: 6000650132 ns, Reaching safepoint: 78011 ns, Cleanup: 26012 ns, At safepoint: 5357 ns, Total: 109380 ns
[2025-03-19T15:24:39.336+0000][427.225s][debug][safepoint   ] Safepoint synchronization initiated using futex wait barrier. (209 threads)
[2025-03-19T15:24:39.336+0000][427.225s][info ][safepoint   ] Safepoint "Cleanup", Time since last: 13010084676 ns, Reaching safepoint: 109396 ns, Cleanup: 18266 ns, At safepoint: 8162 ns, Total: 135824 ns
[2025-03-19T15:24:46.337+0000][434.226s][debug][safepoint   ] Safepoint synchronization initiated using futex wait barrier. (209 threads)
[2025-03-19T15:24:46.337+0000][434.226s][info ][safepoint   ] Safepoint "Cleanup", Time since last: 7000504093 ns, Reaching safepoint: 63974 ns, Cleanup: 20357 ns, At safepoint: 4141 ns, Total: 88472 ns
[2025-03-19T15:24:57.338+0000][445.227s][debug][safepoint   ] Safepoint synchronization initiated using futex wait barrier. (208 threads)
[2025-03-19T15:24:57.338+0000][445.227s][info ][safepoint   ] Safepoint "Cleanup", Time since last: 11000907026 ns, Reaching safepoint: 79806 ns, Cleanup: 15472 ns, At safepoint: 5053 ns, Total: 100331 ns
[2025-03-19T15:25:00.338+0000][448.227s][debug][safepoint   ] Safepoint synchronization initiated using futex wait barrier. (208 threads)
[2025-03-19T15:25:00.338+0000][448.227s][info ][safepoint   ] Safepoint "Cleanup", Time since last: 3000262090 ns, Reaching safepoint: 78853 ns, Cleanup: 19146 ns, At safepoint: 5476 ns, Total: 103475 ns
[2025-03-19T15:25:05.339+0000][453.228s][debug][safepoint   ] Safepoint synchronization initiated using futex wait barrier. (207 threads)
[2025-03-19T15:25:05.339+0000][453.228s][info ][safepoint   ] Safepoint "Cleanup", Time since last: 5000545636 ns, Reaching safepoint: 85887 ns, Cleanup: 16537 ns, At safepoint: 5869 ns, Total: 108293 ns
[2025-03-19T15:25:06.339+0000][454.228s][debug][safepoint   ] Safepoint synchronization initiated using futex wait barrier. (207 threads)
[2025-03-19T15:25:06.339+0000][454.228s][info ][safepoint   ] Safepoint "Cleanup", Time since last: 1000090988 ns, Reaching safepoint: 81465 ns, Cleanup: 18942 ns, At safepoint: 3167 ns, Total: 103574 ns
[2025-03-19T15:25:09.339+0000][457.228s][debug][safepoint   ] Safepoint synchronization initiated using futex wait barrier. (207 threads)
[2025-03-19T15:25:09.339+0000][457.229s][info ][safepoint   ] Safepoint "Cleanup", Time since last: 3000256410 ns, Reaching safepoint: 89294 ns, Cleanup: 36943 ns, At safepoint: 11506 ns, Total: 137743 ns
[2025-03-19T15:25:10.339+0000][458.229s][debug][safepoint   ] Safepoint synchronization initiated using futex wait barrier. (207 threads)
[2025-03-19T15:25:10.340+0000][458.229s][info ][safepoint   ] Safepoint "Cleanup", Time since last: 1000116575 ns, Reaching safepoint: 92061 ns, Cleanup: 18003 ns, At safepoint: 6671 ns, Total: 116735 ns
[2025-03-19T15:25:23.341+0000][471.230s][debug][safepoint   ] Safepoint synchronization initiated using futex wait barrier. (207 threads)
[2025-03-19T15:25:23.341+0000][471.230s][info ][safepoint   ] Safepoint "Cleanup", Time since last: 13001109504 ns, Reaching safepoint: 123343 ns, Cleanup: 18961 ns, At safepoint: 7375 ns, Total: 149679 ns
[2025-03-19T15:25:26.341+0000][474.231s][debug][safepoint   ] Safepoint synchronization initiated using futex wait barrier. (207 threads)
[2025-03-19T15:25:26.341+0000][474.231s][info ][safepoint   ] Safepoint "Cleanup", Time since last: 3000431961 ns, Reaching safepoint: 79509 ns, Cleanup: 25394 ns, At safepoint: 6649 ns, Total: 111552 ns
[2025-03-19T15:25:27.341+0000][475.231s][debug][safepoint   ] Safepoint synchronization initiated using futex wait barrier. (207 threads)
[2025-03-19T15:25:27.342+0000][475.231s][info ][safepoint   ] Safepoint "Cleanup", Time since last: 1000063767 ns, Reaching safepoint: 78484 ns, Cleanup: 18290 ns, At safepoint: 6475 ns, Total: 103249 ns
[2025-03-19T15:25:30.342+0000][478.231s][debug][safepoint   ] Safepoint synchronization initiated using futex wait barrier. (207 threads)
[2025-03-19T15:25:30.342+0000][478.231s][info ][safepoint   ] Safepoint "Cleanup", Time since last: 3000261067 ns, Reaching safepoint: 92344 ns, Cleanup: 16502 ns, At safepoint: 4872 ns, Total: 113718 ns
[2025-03-19T15:25:36.356+0000][484.246s][debug][safepoint   ] Safepoint synchronization initiated using futex wait barrier. (207 threads)
[2025-03-19T15:25:36.357+0000][484.246s][info ][safepoint   ] Safepoint "Cleanup", Time since last: 6014534470 ns, Reaching safepoint: 130610 ns, Cleanup: 23183 ns, At safepoint: 7533 ns, Total: 161326 ns
[2025-03-19T15:25:40.357+0000][488.246s][debug][safepoint   ] Safepoint synchronization initiated using futex wait barrier. (206 threads)
[2025-03-19T15:25:40.357+0000][488.246s][info ][safepoint   ] Safepoint "Cleanup", Time since last: 4000369775 ns, Reaching safepoint: 70681 ns, Cleanup: 16653 ns, At safepoint: 9381 ns, Total: 96715 ns
[2025-03-19T15:25:46.358+0000][494.247s][debug][safepoint   ] Safepoint synchronization initiated using futex wait barrier. (206 threads)
[2025-03-19T15:25:46.358+0000][494.247s][info ][safepoint   ] Safepoint "Cleanup", Time since last: 6000591497 ns, Reaching safepoint: 82294 ns, Cleanup: 21293 ns, At safepoint: 6516 ns, Total: 110103 ns
[2025-03-19T15:25:48.358+0000][496.247s][debug][safepoint   ] Safepoint synchronization initiated using futex wait barrier. (206 threads)
[2025-03-19T15:25:48.358+0000][496.247s][info ][safepoint   ] Safepoint "Cleanup", Time since last: 2000256014 ns, Reaching safepoint: 106905 ns, Cleanup: 21643 ns, At safepoint: 7854 ns, Total: 136402 ns
[2025-03-19T15:25:56.359+0000][504.248s][debug][safepoint   ] Safepoint synchronization initiated using futex wait barrier. (206 threads)
[2025-03-19T15:25:56.359+0000][504.248s][info ][safepoint   ] Safepoint "Cleanup", Time since last: 8000818118 ns, Reaching safepoint: 105347 ns, Cleanup: 18332 ns, At safepoint: 7583 ns, Total: 131262 ns
[2025-03-19T15:25:57.359+0000][505.248s][debug][safepoint   ] Safepoint synchronization initiated using futex wait barrier. (205 threads)
[2025-03-19T15:25:57.359+0000][505.249s][info ][safepoint   ] Safepoint "Cleanup", Time since last: 1000109817 ns, Reaching safepoint: 120535 ns, Cleanup: 28679 ns, At safepoint: 8878 ns, Total: 158092 ns
[2025-03-19T15:26:03.360+0000][511.249s][debug][safepoint   ] Safepoint synchronization initiated using futex wait barrier. (205 threads)
[2025-03-19T15:26:03.360+0000][511.249s][info ][safepoint   ] Safepoint "Cleanup", Time since last: 6000605653 ns, Reaching safepoint: 110976 ns, Cleanup: 21247 ns, At safepoint: 8658 ns, Total: 140881 ns
[2025-03-19T15:26:06.361+0000][514.250s][debug][safepoint   ] Safepoint synchronization initiated using futex wait barrier. (204 threads)
[2025-03-19T15:26:06.361+0000][514.250s][info ][safepoint   ] Safepoint "Cleanup", Time since last: 3000509227 ns, Reaching safepoint: 97427 ns, Cleanup: 31004 ns, At safepoint: 6222 ns, Total: 134653 ns
[2025-03-19T15:26:07.361+0000][515.250s][debug][safepoint   ] Safepoint synchronization initiated using futex wait barrier. (204 threads)
[2025-03-19T15:26:07.361+0000][515.250s][info ][safepoint   ] Safepoint "Cleanup", Time since last: 1000110123 ns, Reaching safepoint: 80255 ns, Cleanup: 24593 ns, At safepoint: 7387 ns, Total: 112235 ns
[2025-03-19T15:26:10.362+0000][518.251s][debug][safepoint   ] Safepoint synchronization initiated using futex wait barrier. (204 threads)
[2025-03-19T15:26:10.362+0000][518.251s][info ][safepoint   ] Safepoint "Cleanup", Time since last: 3000952465 ns, Reaching safepoint: 66595 ns, Cleanup: 13380 ns, At safepoint: 3356 ns, Total: 83331 ns
[2025-03-19T15:26:11.959+0000][519.848s][debug][safepoint   ] Safepoint synchronization initiated using futex wait barrier. (204 threads)
[2025-03-19T15:26:11.959+0000][519.848s][info ][gc,start    ] GC(71) Pause Young (Normal) (G1 Evacuation Pause)
[2025-03-19T15:26:11.959+0000][519.848s][info ][gc,task     ] GC(71) Using 4 workers of 4 for evacuation
[2025-03-19T15:26:12.006+0000][519.895s][info ][gc,phases   ] GC(71)   Pre Evacuate Collection Set: 0.3ms
[2025-03-19T15:26:12.006+0000][519.895s][info ][gc,phases   ] GC(71)   Merge Heap Roots: 0.5ms
[2025-03-19T15:26:12.006+0000][519.895s][info ][gc,phases   ] GC(71)   Evacuate Collection Set: 43.5ms
[2025-03-19T15:26:12.006+0000][519.895s][info ][gc,phases   ] GC(71)   Post Evacuate Collection Set: 2.0ms
[2025-03-19T15:26:12.006+0000][519.895s][info ][gc,phases   ] GC(71)   Other: 0.3ms
[2025-03-19T15:26:12.006+0000][519.895s][info ][gc,heap     ] GC(71) Eden regions: 244->0(248)
[2025-03-19T15:26:12.006+0000][519.895s][info ][gc,heap     ] GC(71) Survivor regions: 17->18(33)
[2025-03-19T15:26:12.006+0000][519.895s][info ][gc,heap     ] GC(71) Old regions: 165->165
[2025-03-19T15:26:12.006+0000][519.895s][info ][gc,heap     ] GC(71) Archive regions: 2->2
[2025-03-19T15:26:12.006+0000][519.895s][info ][gc,heap     ] GC(71) Humongous regions: 9->2
[2025-03-19T15:26:12.006+0000][519.895s][info ][gc,metaspace] GC(71) Metaspace: 188670K(190080K)->188670K(190080K) NonClass: 165678K(166400K)->165678K(166400K) Class: 22991K(23680K)->22991K(23680K)
[2025-03-19T15:26:12.006+0000][519.895s][info ][gc          ] GC(71) Pause Young (Normal) (G1 Evacuation Pause) 435M->185M(504M) 46.621ms
[2025-03-19T15:26:12.006+0000][519.895s][info ][gc,cpu      ] GC(71) User=0.11s Sys=0.00s Real=0.05s
[2025-03-19T15:26:12.006+0000][519.895s][info ][safepoint   ] Safepoint "G1CollectForAllocation", Time since last: 1596979567 ns, Reaching safepoint: 107548 ns, Cleanup: 9699 ns, At safepoint: 47057276 ns, Total: 47174523 ns
[2025-03-19T15:26:13.006+0000][520.896s][debug][safepoint   ] Safepoint synchronization initiated using futex wait barrier. (204 threads)
[2025-03-19T15:26:13.006+0000][520.896s][info ][safepoint   ] Safepoint "Cleanup", Time since last: 1000098526 ns, Reaching safepoint: 73836 ns, Cleanup: 22143 ns, At safepoint: 6759 ns, Total: 102738 ns
[2025-03-19T15:26:16.007+0000][523.896s][debug][safepoint   ] Safepoint synchronization initiated using futex wait barrier. (204 threads)
[2025-03-19T15:26:16.007+0000][523.896s][info ][safepoint   ] Safepoint "Cleanup", Time since last: 3000235334 ns, Reaching safepoint: 57726 ns, Cleanup: 12757 ns, At safepoint: 4205 ns, Total: 74688 ns
[2025-03-19T15:26:18.007+0000][525.896s][debug][safepoint   ] Safepoint synchronization initiated using futex wait barrier. (204 threads)
[2025-03-19T15:26:18.007+0000][525.896s][info ][safepoint   ] Safepoint "Cleanup", Time since last: 2000190414 ns, Reaching safepoint: 73720 ns, Cleanup: 27079 ns, At safepoint: 4994 ns, Total: 105793 ns
[2025-03-19T15:26:26.008+0000][533.897s][debug][safepoint   ] Safepoint synchronization initiated using futex wait barrier. (204 threads)
[2025-03-19T15:26:26.008+0000][533.897s][info ][safepoint   ] Safepoint "Cleanup", Time since last: 8000700843 ns, Reaching safepoint: 76579 ns, Cleanup: 18358 ns, At safepoint: 5770 ns, Total: 100707 ns
[2025-03-19T15:26:36.377+0000][544.266s][debug][safepoint   ] Safepoint synchronization initiated using futex wait barrier. (204 threads)
[2025-03-19T15:26:36.377+0000][544.266s][info ][safepoint   ] Safepoint "Cleanup", Time since last: 10368906286 ns, Reaching safepoint: 75216 ns, Cleanup: 15620 ns, At safepoint: 4489 ns, Total: 95325 ns
[2025-03-19T15:26:47.084+0000][554.973s][debug][safepoint   ] Safepoint synchronization initiated using futex wait barrier. (203 threads)
[2025-03-19T15:26:47.084+0000][554.973s][info ][safepoint   ] Safepoint "Cleanup", Time since last: 10707050286 ns, Reaching safepoint: 74086 ns, Cleanup: 36962 ns, At safepoint: 5339 ns, Total: 116387 ns
[2025-03-19T15:26:56.085+0000][563.974s][debug][safepoint   ] Safepoint synchronization initiated using futex wait barrier. (203 threads)
[2025-03-19T15:26:56.085+0000][563.974s][info ][safepoint   ] Safepoint "Cleanup", Time since last: 9000641397 ns, Reaching safepoint: 53504 ns, Cleanup: 12423 ns, At safepoint: 3140 ns, Total: 69067 ns
[2025-03-19T15:26:57.085+0000][564.974s][debug][safepoint   ] Safepoint synchronization initiated using futex wait barrier. (203 threads)
[2025-03-19T15:26:57.085+0000][564.974s][info ][safepoint   ] Safepoint "Cleanup", Time since last: 1000073099 ns, Reaching safepoint: 50679 ns, Cleanup: 14085 ns, At safepoint: 2392 ns, Total: 67156 ns
[2025-03-19T15:27:00.085+0000][567.974s][debug][safepoint   ] Safepoint synchronization initiated using futex wait barrier. (203 threads)
[2025-03-19T15:27:00.085+0000][567.974s][debug][safepoint   ] ... found polling page loop exception at pc = 0x000072eac4f88236, stub =0x000072eac498eb80
[2025-03-19T15:27:00.088+0000][567.978s][info ][safepoint   ] Safepoint "Cleanup", Time since last: 3000252051 ns, Reaching safepoint: 698941 ns, Cleanup: 44550 ns, At safepoint: 2462288 ns, Total: 3205779 ns
[2025-03-19T15:27:01.718+0000][569.607s][debug][safepoint   ] Safepoint synchronization initiated using futex wait barrier. (206 threads)
[2025-03-19T15:27:01.718+0000][569.607s][info ][safepoint   ] Safepoint "Cleanup", Time since last: 1629798232 ns, Reaching safepoint: 41497 ns, Cleanup: 92619 ns, At safepoint: 2063 ns, Total: 136179 ns
[2025-03-19T15:27:03.718+0000][571.608s][debug][safepoint   ] Safepoint synchronization initiated using futex wait barrier. (205 threads)
[2025-03-19T15:27:03.719+0000][571.608s][info ][safepoint   ] Safepoint "Cleanup", Time since last: 2000105852 ns, Reaching safepoint: 326337 ns, Cleanup: 134695 ns, At safepoint: 79665 ns, Total: 540697 ns
[2025-03-19T15:27:06.719+0000][574.609s][debug][safepoint   ] Safepoint synchronization initiated using futex wait barrier. (204 threads)
[2025-03-19T15:27:06.719+0000][574.609s][info ][safepoint   ] Safepoint "Cleanup", Time since last: 3000411901 ns, Reaching safepoint: 44519 ns, Cleanup: 15661 ns, At safepoint: 2155 ns, Total: 62335 ns
[2025-03-19T15:27:08.719+0000][576.609s][debug][safepoint   ] Safepoint synchronization initiated using futex wait barrier. (204 threads)
[2025-03-19T15:27:08.720+0000][576.610s][debug][safepoint   ] ... found polling page loop exception at pc = 0x000072eac51a2b2c, stub =0x000072eac498f400
[2025-03-19T15:27:08.724+0000][576.614s][info ][safepoint   ] Safepoint "Cleanup", Time since last: 2000136923 ns, Reaching safepoint: 1813229 ns, Cleanup: 21847 ns, At safepoint: 2963328 ns, Total: 4798404 ns
[2025-03-19T15:27:09.724+0000][577.614s][debug][safepoint   ] Safepoint synchronization initiated using futex wait barrier. (204 threads)
[2025-03-19T15:27:09.725+0000][577.614s][info ][safepoint   ] Safepoint "Cleanup", Time since last: 1000117441 ns, Reaching safepoint: 71746 ns, Cleanup: 41830 ns, At safepoint: 4731 ns, Total: 118307 ns
[2025-03-19T15:27:11.725+0000][579.614s][debug][safepoint   ] Safepoint synchronization initiated using futex wait barrier. (204 threads)
[2025-03-19T15:27:11.725+0000][579.614s][info ][safepoint   ] Safepoint "Cleanup", Time since last: 2000183796 ns, Reaching safepoint: 43991 ns, Cleanup: 10815 ns, At safepoint: 1920 ns, Total: 56726 ns
[2025-03-19T15:27:13.725+0000][581.614s][debug][safepoint   ] Safepoint synchronization initiated using futex wait barrier. (204 threads)
[2025-03-19T15:27:13.725+0000][581.614s][info ][safepoint   ] Safepoint "Cleanup", Time since last: 2000168908 ns, Reaching safepoint: 78247 ns, Cleanup: 15715 ns, At safepoint: 5286 ns, Total: 99248 ns
[2025-03-19T15:27:16.725+0000][584.614s][debug][safepoint   ] Safepoint synchronization initiated using futex wait barrier. (204 threads)
[2025-03-19T15:27:16.725+0000][584.615s][info ][safepoint   ] Safepoint "Cleanup", Time since last: 3000220122 ns, Reaching safepoint: 92591 ns, Cleanup: 18628 ns, At safepoint: 4826 ns, Total: 116045 ns
[2025-03-19T15:27:26.726+0000][594.616s][debug][safepoint   ] Safepoint synchronization initiated using futex wait barrier. (204 threads)
[2025-03-19T15:27:26.726+0000][594.616s][info ][safepoint   ] Safepoint "Cleanup", Time since last: 10000923925 ns, Reaching safepoint: 81935 ns, Cleanup: 25457 ns, At safepoint: 6315 ns, Total: 113707 ns
[2025-03-19T15:27:35.399+0000][603.288s][debug][safepoint   ] Safepoint synchronization initiated using futex wait barrier. (205 threads)
[2025-03-19T15:27:35.399+0000][603.288s][info ][safepoint   ] Safepoint "Cleanup", Time since last: 8672182837 ns, Reaching safepoint: 72099 ns, Cleanup: 28472 ns, At safepoint: 12170 ns, Total: 112741 ns
[2025-03-19T15:27:36.399+0000][604.288s][debug][safepoint   ] Safepoint synchronization initiated using futex wait barrier. (204 threads)
[2025-03-19T15:27:36.399+0000][604.288s][info ][safepoint   ] Safepoint "Cleanup", Time since last: 1000110607 ns, Reaching safepoint: 93714 ns, Cleanup: 17435 ns, At safepoint: 5100 ns, Total: 116249 ns
[2025-03-19T15:27:37.654+0000][605.544s][debug][safepoint   ] Safepoint synchronization initiated using futex wait barrier. (204 threads)
[2025-03-19T15:27:37.655+0000][605.544s][info ][gc,start    ] GC(72) Pause Young (Normal) (G1 Evacuation Pause)
[2025-03-19T15:27:37.655+0000][605.544s][info ][gc,task     ] GC(72) Using 4 workers of 4 for evacuation
[2025-03-19T15:27:37.685+0000][605.574s][info ][gc,phases   ] GC(72)   Pre Evacuate Collection Set: 0.2ms
[2025-03-19T15:27:37.685+0000][605.574s][info ][gc,phases   ] GC(72)   Merge Heap Roots: 2.5ms
[2025-03-19T15:27:37.685+0000][605.574s][info ][gc,phases   ] GC(72)   Evacuate Collection Set: 25.4ms
[2025-03-19T15:27:37.685+0000][605.574s][info ][gc,phases   ] GC(72)   Post Evacuate Collection Set: 2.1ms
[2025-03-19T15:27:37.685+0000][605.574s][info ][gc,phases   ] GC(72)   Other: 0.1ms
[2025-03-19T15:27:37.685+0000][605.574s][info ][gc,heap     ] GC(72) Eden regions: 248->0(242)
[2025-03-19T15:27:37.685+0000][605.574s][info ][gc,heap     ] GC(72) Survivor regions: 18->21(34)
[2025-03-19T15:27:37.685+0000][605.574s][info ][gc,heap     ] GC(72) Old regions: 165->165
[2025-03-19T15:27:37.685+0000][605.574s][info ][gc,heap     ] GC(72) Archive regions: 2->2
[2025-03-19T15:27:37.685+0000][605.574s][info ][gc,heap     ] GC(72) Humongous regions: 3->2
[2025-03-19T15:27:37.685+0000][605.574s][info ][gc,metaspace] GC(72) Metaspace: 189396K(190784K)->189396K(190784K) NonClass: 166343K(167040K)->166343K(167040K) Class: 23052K(23744K)->23052K(23744K)
[2025-03-19T15:27:37.685+0000][605.574s][info ][gc          ] GC(72) Pause Young (Normal) (G1 Evacuation Pause) 434M->188M(504M) 30.376ms
[2025-03-19T15:27:37.685+0000][605.574s][info ][gc,cpu      ] GC(72) User=0.05s Sys=0.00s Real=0.03s
[2025-03-19T15:27:37.686+0000][605.575s][info ][safepoint   ] Safepoint "G1CollectForAllocation", Time since last: 1255515905 ns, Reaching safepoint: 53824 ns, Cleanup: 9450 ns, At safepoint: 31144073 ns, Total: 31207347 ns
[2025-03-19T15:27:38.718+0000][606.607s][debug][safepoint   ] Safepoint synchronization initiated using futex wait barrier. (207 threads)
[2025-03-19T15:27:38.718+0000][606.607s][info ][safepoint   ] Safepoint "Cleanup", Time since last: 1032283796 ns, Reaching safepoint: 52881 ns, Cleanup: 135493 ns, At safepoint: 2907 ns, Total: 191281 ns
[2025-03-19T15:27:39.718+0000][607.607s][debug][safepoint   ] Safepoint synchronization initiated using futex wait barrier. (206 threads)
[2025-03-19T15:27:39.718+0000][607.608s][info ][safepoint   ] Safepoint "Cleanup", Time since last: 1000106333 ns, Reaching safepoint: 89801 ns, Cleanup: 17355 ns, At safepoint: 6597 ns, Total: 113753 ns
[2025-03-19T15:27:40.718+0000][608.608s][debug][safepoint   ] Safepoint synchronization initiated using futex wait barrier. (208 threads)
[2025-03-19T15:27:40.719+0000][608.608s][info ][safepoint   ] Safepoint "Cleanup", Time since last: 1000088138 ns, Reaching safepoint: 72978 ns, Cleanup: 110362 ns, At safepoint: 3847 ns, Total: 187187 ns
[2025-03-19T15:27:41.719+0000][609.608s][debug][safepoint   ] Safepoint synchronization initiated using futex wait barrier. (207 threads)
[2025-03-19T15:27:41.719+0000][609.608s][info ][safepoint   ] Safepoint "Cleanup", Time since last: 1000093352 ns, Reaching safepoint: 40234 ns, Cleanup: 21274 ns, At safepoint: 2366 ns, Total: 63874 ns
[2025-03-19T15:27:43.719+0000][611.608s][debug][safepoint   ] Safepoint synchronization initiated using futex wait barrier. (207 threads)
[2025-03-19T15:27:43.719+0000][611.608s][info ][safepoint   ] Safepoint "Cleanup", Time since last: 2000191147 ns, Reaching safepoint: 78734 ns, Cleanup: 19873 ns, At safepoint: 6252 ns, Total: 104859 ns
[2025-03-19T15:27:45.719+0000][613.608s][debug][safepoint   ] Safepoint synchronization initiated using futex wait barrier. (206 threads)
[2025-03-19T15:27:45.719+0000][613.609s][info ][safepoint   ] Safepoint "Cleanup", Time since last: 2000156130 ns, Reaching safepoint: 96702 ns, Cleanup: 14490 ns, At safepoint: 4037 ns, Total: 115229 ns
[2025-03-19T15:27:46.719+0000][614.609s][debug][safepoint   ] Safepoint synchronization initiated using futex wait barrier. (206 threads)
[2025-03-19T15:27:46.720+0000][614.609s][info ][safepoint   ] Safepoint "Cleanup", Time since last: 1000077617 ns, Reaching safepoint: 76090 ns, Cleanup: 15459 ns, At safepoint: 6239 ns, Total: 97788 ns
[2025-03-19T15:27:49.720+0000][617.609s][debug][safepoint   ] Safepoint synchronization initiated using futex wait barrier. (206 threads)
[2025-03-19T15:27:49.720+0000][617.609s][info ][safepoint   ] Safepoint "Cleanup", Time since last: 3000246474 ns, Reaching safepoint: 81880 ns, Cleanup: 15960 ns, At safepoint: 6694 ns, Total: 104534 ns
[2025-03-19T15:27:56.720+0000][624.610s][debug][safepoint   ] Safepoint synchronization initiated using futex wait barrier. (206 threads)
[2025-03-19T15:27:56.720+0000][624.610s][info ][safepoint   ] Safepoint "Cleanup", Time since last: 7000509736 ns, Reaching safepoint: 72193 ns, Cleanup: 15290 ns, At safepoint: 2316 ns, Total: 89799 ns
[2025-03-19T15:27:58.546+0000][626.435s][debug][safepoint   ] Safepoint synchronization initiated using futex wait barrier. (207 threads)
[2025-03-19T15:27:58.546+0000][626.435s][info ][safepoint   ] Safepoint "Cleanup", Time since last: 1825090416 ns, Reaching safepoint: 62973 ns, Cleanup: 118395 ns, At safepoint: 5084 ns, Total: 186452 ns
[2025-03-19T15:27:59.546+0000][627.435s][debug][safepoint   ] Safepoint synchronization initiated using futex wait barrier. (206 threads)
[2025-03-19T15:27:59.546+0000][627.435s][info ][safepoint   ] Safepoint "Cleanup", Time since last: 1000085098 ns, Reaching safepoint: 61272 ns, Cleanup: 18159 ns, At safepoint: 3045 ns, Total: 82476 ns
[2025-03-19T15:28:01.549+0000][629.438s][debug][safepoint   ] Safepoint synchronization initiated using futex wait barrier. (206 threads)
[2025-03-19T15:28:01.549+0000][629.438s][info ][safepoint   ] Safepoint "Cleanup", Time since last: 2002662090 ns, Reaching safepoint: 71658 ns, Cleanup: 72093 ns, At safepoint: 2943 ns, Total: 146694 ns
[2025-03-19T15:28:02.549+0000][630.438s][debug][safepoint   ] Safepoint synchronization initiated using futex wait barrier. (207 threads)
[2025-03-19T15:28:02.549+0000][630.438s][info ][safepoint   ] Safepoint "Cleanup", Time since last: 1000108388 ns, Reaching safepoint: 48086 ns, Cleanup: 14424 ns, At safepoint: 2549 ns, Total: 65059 ns
[2025-03-19T15:28:03.549+0000][631.438s][debug][safepoint   ] Safepoint synchronization initiated using futex wait barrier. (206 threads)
[2025-03-19T15:28:03.549+0000][631.438s][info ][safepoint   ] Safepoint "Cleanup", Time since last: 1000076141 ns, Reaching safepoint: 72936 ns, Cleanup: 15166 ns, At safepoint: 5149 ns, Total: 93251 ns
[2025-03-19T15:28:06.549+0000][634.439s][debug][safepoint   ] Safepoint synchronization initiated using futex wait barrier. (205 threads)
[2025-03-19T15:28:06.550+0000][634.439s][info ][safepoint   ] Safepoint "Cleanup", Time since last: 3000373702 ns, Reaching safepoint: 86142 ns, Cleanup: 24341 ns, At safepoint: 7346 ns, Total: 117829 ns
[2025-03-19T15:28:07.550+0000][635.439s][debug][safepoint   ] Safepoint synchronization initiated using futex wait barrier. (206 threads)
[2025-03-19T15:28:07.550+0000][635.439s][info ][safepoint   ] Safepoint "Cleanup", Time since last: 1000122081 ns, Reaching safepoint: 81624 ns, Cleanup: 84657 ns, At safepoint: 7274 ns, Total: 173555 ns
[2025-03-19T15:28:09.550+0000][637.439s][debug][safepoint   ] Safepoint synchronization initiated using futex wait barrier. (205 threads)
[2025-03-19T15:28:09.550+0000][637.439s][info ][safepoint   ] Safepoint "Cleanup", Time since last: 2000196198 ns, Reaching safepoint: 83186 ns, Cleanup: 18457 ns, At safepoint: 7060 ns, Total: 108703 ns
[2025-03-19T15:28:10.550+0000][638.439s][debug][safepoint   ] Safepoint synchronization initiated using futex wait barrier. (205 threads)
[2025-03-19T15:28:10.550+0000][638.440s][info ][safepoint   ] Safepoint "Cleanup", Time since last: 1000089464 ns, Reaching safepoint: 121949 ns, Cleanup: 69980 ns, At safepoint: 7261 ns, Total: 199190 ns
[2025-03-19T15:28:14.551+0000][642.440s][debug][safepoint   ] Safepoint synchronization initiated using futex wait barrier. (205 threads)
[2025-03-19T15:28:14.551+0000][642.440s][info ][safepoint   ] Safepoint "Cleanup", Time since last: 4000340566 ns, Reaching safepoint: 78500 ns, Cleanup: 16846 ns, At safepoint: 5788 ns, Total: 101134 ns
[2025-03-19T15:28:15.551+0000][643.440s][debug][safepoint   ] Safepoint synchronization initiated using futex wait barrier. (206 threads)
[2025-03-19T15:28:15.551+0000][643.440s][info ][safepoint   ] Safepoint "Cleanup", Time since last: 1000085131 ns, Reaching safepoint: 75014 ns, Cleanup: 41037 ns, At safepoint: 5089 ns, Total: 121140 ns
[2025-03-19T15:28:16.551+0000][644.441s][debug][safepoint   ] Safepoint synchronization initiated using futex wait barrier. (205 threads)
[2025-03-19T15:28:16.551+0000][644.441s][info ][safepoint   ] Safepoint "Cleanup", Time since last: 1000200194 ns, Reaching safepoint: 43312 ns, Cleanup: 13131 ns, At safepoint: 2738 ns, Total: 59181 ns
[2025-03-19T15:28:17.551+0000][645.441s][debug][safepoint   ] Safepoint synchronization initiated using futex wait barrier. (205 threads)
[2025-03-19T15:28:17.552+0000][645.441s][info ][safepoint   ] Safepoint "Cleanup", Time since last: 1000088370 ns, Reaching safepoint: 38679 ns, Cleanup: 28670 ns, At safepoint: 2057 ns, Total: 69406 ns
[2025-03-19T15:28:18.552+0000][646.441s][debug][safepoint   ] Safepoint synchronization initiated using futex wait barrier. (205 threads)
[2025-03-19T15:28:18.552+0000][646.441s][info ][safepoint   ] Safepoint "Cleanup", Time since last: 1000068094 ns, Reaching safepoint: 48757 ns, Cleanup: 22306 ns, At safepoint: 2367 ns, Total: 73430 ns
[2025-03-19T15:28:19.552+0000][647.441s][debug][safepoint   ] Safepoint synchronization initiated using futex wait barrier. (205 threads)
[2025-03-19T15:28:19.552+0000][647.441s][info ][safepoint   ] Safepoint "Cleanup", Time since last: 1000094685 ns, Reaching safepoint: 46591 ns, Cleanup: 24166 ns, At safepoint: 2846 ns, Total: 73603 ns
[2025-03-19T15:28:21.552+0000][649.441s][debug][safepoint   ] Safepoint synchronization initiated using futex wait barrier. (205 threads)
[2025-03-19T15:28:21.552+0000][649.441s][info ][safepoint   ] Safepoint "Cleanup", Time since last: 2000156192 ns, Reaching safepoint: 81461 ns, Cleanup: 43310 ns, At safepoint: 6692 ns, Total: 131463 ns
[2025-03-19T15:28:22.552+0000][650.441s][debug][safepoint   ] Safepoint synchronization initiated using futex wait barrier. (205 threads)
[2025-03-19T15:28:22.552+0000][650.442s][info ][safepoint   ] Safepoint "Cleanup", Time since last: 1000116170 ns, Reaching safepoint: 49076 ns, Cleanup: 15407 ns, At safepoint: 2441 ns, Total: 66924 ns
[2025-03-19T15:28:23.552+0000][651.442s][debug][safepoint   ] Safepoint synchronization initiated using futex wait barrier. (205 threads)
[2025-03-19T15:28:23.552+0000][651.442s][info ][safepoint   ] Safepoint "Cleanup", Time since last: 1000070385 ns, Reaching safepoint: 47581 ns, Cleanup: 10440 ns, At safepoint: 2049 ns, Total: 60070 ns
[2025-03-19T15:28:25.553+0000][653.442s][debug][safepoint   ] Safepoint synchronization initiated using futex wait barrier. (206 threads)
[2025-03-19T15:28:25.553+0000][653.442s][info ][safepoint   ] Safepoint "Cleanup", Time since last: 2000164369 ns, Reaching safepoint: 81120 ns, Cleanup: 66376 ns, At safepoint: 7606 ns, Total: 155102 ns
[2025-03-19T15:28:26.553+0000][654.442s][debug][safepoint   ] Safepoint synchronization initiated using futex wait barrier. (205 threads)
[2025-03-19T15:28:26.553+0000][654.442s][info ][safepoint   ] Safepoint "Cleanup", Time since last: 1000106419 ns, Reaching safepoint: 47494 ns, Cleanup: 35829 ns, At safepoint: 3074 ns, Total: 86397 ns
[2025-03-19T15:28:28.553+0000][656.442s][debug][safepoint   ] Safepoint synchronization initiated using futex wait barrier. (205 threads)
[2025-03-19T15:28:28.553+0000][656.443s][info ][safepoint   ] Safepoint "Cleanup", Time since last: 2000189108 ns, Reaching safepoint: 117834 ns, Cleanup: 59315 ns, At safepoint: 20282 ns, Total: 197431 ns
[2025-03-19T15:28:29.584+0000][657.473s][debug][safepoint   ] Safepoint synchronization initiated using futex wait barrier. (205 threads)
[2025-03-19T15:28:29.584+0000][657.474s][info ][safepoint   ] Safepoint "Cleanup", Time since last: 1030858270 ns, Reaching safepoint: 74307 ns, Cleanup: 52246 ns, At safepoint: 5389 ns, Total: 131942 ns
[2025-03-19T15:28:31.584+0000][659.474s][debug][safepoint   ] Safepoint synchronization initiated using futex wait barrier. (205 threads)
[2025-03-19T15:28:31.585+0000][659.474s][info ][safepoint   ] Safepoint "Cleanup", Time since last: 2000174587 ns, Reaching safepoint: 110608 ns, Cleanup: 48703 ns, At safepoint: 8346 ns, Total: 167657 ns
[2025-03-19T15:28:33.443+0000][661.332s][debug][safepoint   ] Safepoint synchronization initiated using futex wait barrier. (205 threads)
[2025-03-19T15:28:33.443+0000][661.332s][info ][safepoint   ] Safepoint "Cleanup", Time since last: 1858161822 ns, Reaching safepoint: 67521 ns, Cleanup: 58081 ns, At safepoint: 3479 ns, Total: 129081 ns
[2025-03-19T15:28:34.443+0000][662.332s][debug][safepoint   ] Safepoint synchronization initiated using futex wait barrier. (205 threads)
[2025-03-19T15:28:34.443+0000][662.332s][info ][safepoint   ] Safepoint "Cleanup", Time since last: 1000117824 ns, Reaching safepoint: 47190 ns, Cleanup: 29030 ns, At safepoint: 2820 ns, Total: 79040 ns
[2025-03-19T15:28:35.443+0000][663.332s][debug][safepoint   ] Safepoint synchronization initiated using futex wait barrier. (206 threads)
[2025-03-19T15:28:35.443+0000][663.333s][info ][safepoint   ] Safepoint "Cleanup", Time since last: 1000091308 ns, Reaching safepoint: 111919 ns, Cleanup: 57190 ns, At safepoint: 9121 ns, Total: 178230 ns
[2025-03-19T15:28:36.444+0000][664.333s][debug][safepoint   ] Safepoint synchronization initiated using futex wait barrier. (205 threads)
[2025-03-19T15:28:36.444+0000][664.333s][info ][safepoint   ] Safepoint "Cleanup", Time since last: 1000095862 ns, Reaching safepoint: 74745 ns, Cleanup: 64035 ns, At safepoint: 6375 ns, Total: 145155 ns
[2025-03-19T15:28:38.444+0000][666.333s][debug][safepoint   ] Safepoint synchronization initiated using futex wait barrier. (202 threads)
[2025-03-19T15:28:38.444+0000][666.333s][info ][safepoint   ] Safepoint "Cleanup", Time since last: 2000173047 ns, Reaching safepoint: 72906 ns, Cleanup: 24066 ns, At safepoint: 5318 ns, Total: 102290 ns
[2025-03-19T15:28:39.444+0000][667.333s][debug][safepoint   ] Safepoint synchronization initiated using futex wait barrier. (202 threads)
[2025-03-19T15:28:39.444+0000][667.333s][info ][safepoint   ] Safepoint "Cleanup", Time since last: 1000114269 ns, Reaching safepoint: 77242 ns, Cleanup: 26530 ns, At safepoint: 4960 ns, Total: 108732 ns
[2025-03-19T15:28:43.651+0000][671.541s][debug][safepoint   ] Safepoint synchronization initiated using futex wait barrier. (202 threads)
[2025-03-19T15:28:43.651+0000][671.541s][info ][gc,start    ] GC(73) Pause Young (Normal) (G1 Evacuation Pause)
[2025-03-19T15:28:43.651+0000][671.541s][info ][gc,task     ] GC(73) Using 4 workers of 4 for evacuation
[2025-03-19T15:28:43.696+0000][671.585s][info ][gc,phases   ] GC(73)   Pre Evacuate Collection Set: 0.3ms
[2025-03-19T15:28:43.696+0000][671.585s][info ][gc,phases   ] GC(73)   Merge Heap Roots: 0.2ms
[2025-03-19T15:28:43.696+0000][671.585s][info ][gc,phases   ] GC(73)   Evacuate Collection Set: 40.5ms
[2025-03-19T15:28:43.696+0000][671.585s][info ][gc,phases   ] GC(73)   Post Evacuate Collection Set: 3.0ms
[2025-03-19T15:28:43.696+0000][671.585s][info ][gc,phases   ] GC(73)   Other: 0.1ms
[2025-03-19T15:28:43.696+0000][671.585s][info ][gc,heap     ] GC(73) Eden regions: 242->0(246)
[2025-03-19T15:28:43.696+0000][671.585s][info ][gc,heap     ] GC(73) Survivor regions: 21->16(33)
[2025-03-19T15:28:43.696+0000][671.585s][info ][gc,heap     ] GC(73) Old regions: 165->171
[2025-03-19T15:28:43.696+0000][671.585s][info ][gc,heap     ] GC(73) Archive regions: 2->2
[2025-03-19T15:28:43.696+0000][671.585s][info ][gc,heap     ] GC(73) Humongous regions: 2->2
[2025-03-19T15:28:43.696+0000][671.585s][info ][gc,metaspace] GC(73) Metaspace: 191775K(193216K)->191775K(193216K) NonClass: 168626K(169344K)->168626K(169344K) Class: 23149K(23872K)->23149K(23872K)
[2025-03-19T15:28:43.696+0000][671.585s][info ][gc          ] GC(73) Pause Young (Normal) (G1 Evacuation Pause) 430M->189M(504M) 44.288ms
[2025-03-19T15:28:43.696+0000][671.585s][info ][gc,cpu      ] GC(73) User=0.06s Sys=0.00s Real=0.05s
[2025-03-19T15:28:43.698+0000][671.587s][info ][safepoint   ] Safepoint "G1CollectForAllocation", Time since last: 4207141193 ns, Reaching safepoint: 52801 ns, Cleanup: 11370 ns, At safepoint: 46373944 ns, Total: 46438115 ns
[2025-03-19T15:28:44.698+0000][672.587s][debug][safepoint   ] Safepoint synchronization initiated using futex wait barrier. (202 threads)
[2025-03-19T15:28:44.698+0000][672.587s][info ][safepoint   ] Safepoint "Cleanup", Time since last: 1000162382 ns, Reaching safepoint: 84401 ns, Cleanup: 76062 ns, At safepoint: 7991 ns, Total: 168454 ns
[2025-03-19T15:28:45.698+0000][673.587s][debug][safepoint   ] Safepoint synchronization initiated using futex wait barrier. (202 threads)
[2025-03-19T15:28:45.698+0000][673.588s][info ][safepoint   ] Safepoint "Cleanup", Time since last: 1000163871 ns, Reaching safepoint: 118358 ns, Cleanup: 35589 ns, At safepoint: 7477 ns, Total: 161424 ns
[2025-03-19T15:28:46.698+0000][674.588s][debug][safepoint   ] Safepoint synchronization initiated using futex wait barrier. (202 threads)
[2025-03-19T15:28:46.699+0000][674.588s][info ][safepoint   ] Safepoint "Cleanup", Time since last: 1000088345 ns, Reaching safepoint: 78337 ns, Cleanup: 16419 ns, At safepoint: 6290 ns, Total: 101046 ns
[2025-03-19T15:28:48.699+0000][676.588s][debug][safepoint   ] Safepoint synchronization initiated using futex wait barrier. (202 threads)
[2025-03-19T15:28:48.699+0000][676.588s][info ][safepoint   ] Safepoint "Cleanup", Time since last: 2000193256 ns, Reaching safepoint: 79076 ns, Cleanup: 42297 ns, At safepoint: 6164 ns, Total: 127537 ns
[2025-03-19T15:28:50.699+0000][678.588s][debug][safepoint   ] Safepoint synchronization initiated using futex wait barrier. (202 threads)
[2025-03-19T15:28:50.699+0000][678.588s][info ][safepoint   ] Safepoint "Cleanup", Time since last: 2000180650 ns, Reaching safepoint: 53602 ns, Cleanup: 10817 ns, At safepoint: 2592 ns, Total: 67011 ns
[2025-03-19T15:28:52.699+0000][680.589s][debug][safepoint   ] Safepoint synchronization initiated using futex wait barrier. (202 threads)
[2025-03-19T15:28:52.699+0000][680.589s][info ][safepoint   ] Safepoint "Cleanup", Time since last: 2000181883 ns, Reaching safepoint: 82026 ns, Cleanup: 15958 ns, At safepoint: 7308 ns, Total: 105292 ns
[2025-03-19T15:28:53.700+0000][681.589s][debug][safepoint   ] Safepoint synchronization initiated using futex wait barrier. (202 threads)
[2025-03-19T15:28:53.700+0000][681.589s][info ][safepoint   ] Safepoint "Cleanup", Time since last: 1000116078 ns, Reaching safepoint: 113816 ns, Cleanup: 22005 ns, At safepoint: 35077 ns, Total: 170898 ns
[2025-03-19T15:28:55.700+0000][683.589s][debug][safepoint   ] Safepoint synchronization initiated using futex wait barrier. (202 threads)
[2025-03-19T15:28:55.700+0000][683.589s][info ][safepoint   ] Safepoint "Cleanup", Time since last: 2000208006 ns, Reaching safepoint: 78867 ns, Cleanup: 29823 ns, At safepoint: 7437 ns, Total: 116127 ns
[2025-03-19T15:28:57.168+0000][685.057s][debug][safepoint   ] Safepoint synchronization initiated using futex wait barrier. (202 threads)
[2025-03-19T15:28:57.168+0000][685.058s][info ][safepoint   ] Safepoint "Cleanup", Time since last: 1468062536 ns, Reaching safepoint: 111114 ns, Cleanup: 102237 ns, At safepoint: 8844 ns, Total: 222195 ns
[2025-03-19T15:29:00.169+0000][688.058s][debug][safepoint   ] Safepoint synchronization initiated using futex wait barrier. (202 threads)
[2025-03-19T15:29:00.169+0000][688.058s][info ][safepoint   ] Safepoint "Cleanup", Time since last: 3000273738 ns, Reaching safepoint: 128933 ns, Cleanup: 47156 ns, At safepoint: 7494 ns, Total: 183583 ns
[2025-03-19T15:29:01.169+0000][689.058s][debug][safepoint   ] Safepoint synchronization initiated using futex wait barrier. (202 threads)
[2025-03-19T15:29:01.169+0000][689.058s][info ][safepoint   ] Safepoint "Cleanup", Time since last: 1000124934 ns, Reaching safepoint: 156654 ns, Cleanup: 36589 ns, At safepoint: 7826 ns, Total: 201069 ns
[2025-03-19T15:29:02.169+0000][690.058s][debug][safepoint   ] Safepoint synchronization initiated using futex wait barrier. (202 threads)
[2025-03-19T15:29:02.169+0000][690.059s][info ][safepoint   ] Safepoint "Cleanup", Time since last: 1000103064 ns, Reaching safepoint: 82231 ns, Cleanup: 40586 ns, At safepoint: 5847 ns, Total: 128664 ns
[2025-03-19T15:29:03.169+0000][691.059s][debug][safepoint   ] Safepoint synchronization initiated using futex wait barrier. (202 threads)
[2025-03-19T15:29:03.170+0000][691.059s][info ][safepoint   ] Safepoint "Cleanup", Time since last: 1000091688 ns, Reaching safepoint: 79735 ns, Cleanup: 16530 ns, At safepoint: 6335 ns, Total: 102600 ns
[2025-03-19T15:29:06.170+0000][694.059s][debug][safepoint   ] Safepoint synchronization initiated using futex wait barrier. (201 threads)
[2025-03-19T15:29:06.170+0000][694.059s][info ][safepoint   ] Safepoint "Cleanup", Time since last: 3000188968 ns, Reaching safepoint: 67812 ns, Cleanup: 56740 ns, At safepoint: 3189 ns, Total: 127741 ns
[2025-03-19T15:29:07.170+0000][695.059s][debug][safepoint   ] Safepoint synchronization initiated using futex wait barrier. (201 threads)
[2025-03-19T15:29:07.170+0000][695.059s][info ][safepoint   ] Safepoint "Cleanup", Time since last: 1000082677 ns, Reaching safepoint: 40373 ns, Cleanup: 26142 ns, At safepoint: 2252 ns, Total: 68767 ns
[2025-03-19T15:29:16.171+0000][704.060s][debug][safepoint   ] Safepoint synchronization initiated using futex wait barrier. (201 threads)
[2025-03-19T15:29:16.171+0000][704.060s][info ][safepoint   ] Safepoint "Cleanup", Time since last: 9000605455 ns, Reaching safepoint: 66615 ns, Cleanup: 16682 ns, At safepoint: 3818 ns, Total: 87115 ns
[2025-03-19T15:29:21.141+0000][709.030s][debug][safepoint   ] Safepoint synchronization initiated using futex wait barrier. (201 threads)
[2025-03-19T15:29:21.141+0000][709.030s][info ][safepoint   ] Safepoint "Cleanup", Time since last: 4969959605 ns, Reaching safepoint: 118457 ns, Cleanup: 27391 ns, At safepoint: 7480 ns, Total: 153328 ns
[2025-03-19T15:29:22.141+0000][710.030s][debug][safepoint   ] Safepoint synchronization initiated using futex wait barrier. (201 threads)
[2025-03-19T15:29:22.141+0000][710.030s][info ][safepoint   ] Safepoint "Cleanup", Time since last: 1000105113 ns, Reaching safepoint: 48443 ns, Cleanup: 75101 ns, At safepoint: 3159 ns, Total: 126703 ns
[2025-03-19T15:29:24.141+0000][712.030s][debug][safepoint   ] Safepoint synchronization initiated using futex wait barrier. (201 threads)
[2025-03-19T15:29:24.141+0000][712.031s][info ][safepoint   ] Safepoint "Cleanup", Time since last: 2000156345 ns, Reaching safepoint: 66720 ns, Cleanup: 41313 ns, At safepoint: 3032 ns, Total: 111065 ns
[2025-03-19T15:29:27.142+0000][715.031s][debug][safepoint   ] Safepoint synchronization initiated using futex wait barrier. (201 threads)
[2025-03-19T15:29:27.142+0000][715.031s][info ][safepoint   ] Safepoint "Cleanup", Time since last: 3000311648 ns, Reaching safepoint: 83632 ns, Cleanup: 59128 ns, At safepoint: 7142 ns, Total: 149902 ns
[2025-03-19T15:29:29.142+0000][717.031s][debug][safepoint   ] Safepoint synchronization initiated using futex wait barrier. (201 threads)
[2025-03-19T15:29:29.142+0000][717.031s][info ][safepoint   ] Safepoint "Cleanup", Time since last: 2000197512 ns, Reaching safepoint: 48011 ns, Cleanup: 21301 ns, At safepoint: 2771 ns, Total: 72083 ns
[2025-03-19T15:29:30.142+0000][718.031s][debug][safepoint   ] Safepoint synchronization initiated using futex wait barrier. (201 threads)
[2025-03-19T15:29:30.142+0000][718.031s][info ][safepoint   ] Safepoint "Cleanup", Time since last: 1000090254 ns, Reaching safepoint: 86380 ns, Cleanup: 16975 ns, At safepoint: 4809 ns, Total: 108164 ns
[2025-03-19T15:29:31.142+0000][719.032s][debug][safepoint   ] Safepoint synchronization initiated using futex wait barrier. (202 threads)
[2025-03-19T15:29:31.142+0000][719.032s][info ][safepoint   ] Safepoint "Cleanup", Time since last: 1000072695 ns, Reaching safepoint: 50542 ns, Cleanup: 26963 ns, At safepoint: 3423 ns, Total: 80928 ns
[2025-03-19T15:29:37.472+0000][725.362s][debug][safepoint   ] Safepoint synchronization initiated using futex wait barrier. (203 threads)
[2025-03-19T15:29:37.473+0000][725.362s][info ][safepoint   ] Safepoint "Cleanup", Time since last: 6330059366 ns, Reaching safepoint: 78980 ns, Cleanup: 15125 ns, At safepoint: 5690 ns, Total: 99795 ns
[2025-03-19T15:29:39.473+0000][727.362s][debug][safepoint   ] Safepoint synchronization initiated using futex wait barrier. (202 threads)
[2025-03-19T15:29:39.473+0000][727.362s][info ][safepoint   ] Safepoint "Cleanup", Time since last: 2000165604 ns, Reaching safepoint: 42780 ns, Cleanup: 47891 ns, At safepoint: 2402 ns, Total: 93073 ns
[2025-03-19T15:29:46.474+0000][734.363s][debug][safepoint   ] Safepoint synchronization initiated using futex wait barrier. (203 threads)
[2025-03-19T15:29:46.474+0000][734.364s][info ][safepoint   ] Safepoint "Cleanup", Time since last: 7001405689 ns, Reaching safepoint: 93042 ns, Cleanup: 27632 ns, At safepoint: 6961 ns, Total: 127635 ns
[2025-03-19T15:29:48.475+0000][736.364s][debug][safepoint   ] Safepoint synchronization initiated using futex wait barrier. (203 threads)
[2025-03-19T15:29:48.475+0000][736.364s][info ][safepoint   ] Safepoint "Cleanup", Time since last: 2000163910 ns, Reaching safepoint: 90309 ns, Cleanup: 17331 ns, At safepoint: 6462 ns, Total: 114102 ns
[2025-03-19T15:29:54.475+0000][742.364s][debug][safepoint   ] Safepoint synchronization initiated using futex wait barrier. (203 threads)
[2025-03-19T15:29:54.475+0000][742.365s][info ][safepoint   ] Safepoint "Cleanup", Time since last: 6000559361 ns, Reaching safepoint: 70345 ns, Cleanup: 29756 ns, At safepoint: 6300 ns, Total: 106401 ns
[2025-03-19T15:29:55.475+0000][743.365s][debug][safepoint   ] Safepoint synchronization initiated using futex wait barrier. (203 threads)
[2025-03-19T15:29:55.476+0000][743.365s][info ][safepoint   ] Safepoint "Cleanup", Time since last: 1000106864 ns, Reaching safepoint: 83356 ns, Cleanup: 17823 ns, At safepoint: 7123 ns, Total: 108302 ns
[2025-03-19T15:29:56.476+0000][744.365s][debug][safepoint   ] Safepoint synchronization initiated using futex wait barrier. (203 threads)
[2025-03-19T15:29:56.476+0000][744.365s][info ][safepoint   ] Safepoint "Cleanup", Time since last: 1000099321 ns, Reaching safepoint: 70868 ns, Cleanup: 15482 ns, At safepoint: 6056 ns, Total: 92406 ns
[2025-03-19T15:29:59.476+0000][747.365s][debug][safepoint   ] Safepoint synchronization initiated using futex wait barrier. (203 threads)
[2025-03-19T15:29:59.476+0000][747.365s][info ][safepoint   ] Safepoint "Cleanup", Time since last: 3000222337 ns, Reaching safepoint: 58830 ns, Cleanup: 28504 ns, At safepoint: 3082 ns, Total: 90416 ns
[2025-03-19T15:30:00.955+0000][748.844s][debug][safepoint   ] Safepoint synchronization initiated using futex wait barrier. (218 threads)
[2025-03-19T15:30:00.955+0000][748.844s][info ][safepoint   ] Safepoint "Cleanup", Time since last: 1478894460 ns, Reaching safepoint: 73837 ns, Cleanup: 49782 ns, At safepoint: 5065 ns, Total: 128684 ns
[2025-03-19T15:30:01.955+0000][749.844s][debug][safepoint   ] Safepoint synchronization initiated using futex wait barrier. (218 threads)
[2025-03-19T15:30:01.955+0000][749.844s][info ][safepoint   ] Safepoint "Cleanup", Time since last: 1000074810 ns, Reaching safepoint: 50151 ns, Cleanup: 11071 ns, At safepoint: 2508 ns, Total: 63730 ns
[2025-03-19T15:30:03.955+0000][751.845s][debug][safepoint   ] Safepoint synchronization initiated using futex wait barrier. (218 threads)
[2025-03-19T15:30:03.955+0000][751.845s][info ][safepoint   ] Safepoint "Cleanup", Time since last: 2000123936 ns, Reaching safepoint: 79399 ns, Cleanup: 19781 ns, At safepoint: 3635 ns, Total: 102815 ns
[2025-03-19T15:30:04.956+0000][752.845s][debug][safepoint   ] Safepoint synchronization initiated using futex wait barrier. (218 threads)
[2025-03-19T15:30:04.956+0000][752.845s][info ][safepoint   ] Safepoint "Cleanup", Time since last: 1000291405 ns, Reaching safepoint: 44690 ns, Cleanup: 10147 ns, At safepoint: 2438 ns, Total: 57275 ns
[2025-03-19T15:30:06.956+0000][754.845s][debug][safepoint   ] Safepoint synchronization initiated using futex wait barrier. (218 threads)
[2025-03-19T15:30:06.956+0000][754.845s][info ][safepoint   ] Safepoint "Cleanup", Time since last: 2000143510 ns, Reaching safepoint: 73146 ns, Cleanup: 24638 ns, At safepoint: 4836 ns, Total: 102620 ns
[2025-03-19T15:30:08.956+0000][756.845s][debug][safepoint   ] Safepoint synchronization initiated using futex wait barrier. (218 threads)
[2025-03-19T15:30:08.956+0000][756.846s][info ][safepoint   ] Safepoint "Cleanup", Time since last: 2000207493 ns, Reaching safepoint: 107837 ns, Cleanup: 17383 ns, At safepoint: 7068 ns, Total: 132288 ns
[2025-03-19T15:30:09.956+0000][757.846s][debug][safepoint   ] Safepoint synchronization initiated using futex wait barrier. (218 threads)
[2025-03-19T15:30:09.957+0000][757.846s][info ][safepoint   ] Safepoint "Cleanup", Time since last: 1000092117 ns, Reaching safepoint: 87409 ns, Cleanup: 17028 ns, At safepoint: 7030 ns, Total: 111467 ns
[2025-03-19T15:30:11.957+0000][759.846s][debug][safepoint   ] Safepoint synchronization initiated using futex wait barrier. (218 threads)
[2025-03-19T15:30:11.957+0000][759.846s][info ][safepoint   ] Safepoint "Cleanup", Time since last: 2000161034 ns, Reaching safepoint: 64305 ns, Cleanup: 22026 ns, At safepoint: 3371 ns, Total: 89702 ns
[2025-03-19T15:30:12.957+0000][760.846s][debug][safepoint   ] Safepoint synchronization initiated using futex wait barrier. (218 threads)
[2025-03-19T15:30:12.957+0000][760.846s][info ][safepoint   ] Safepoint "Cleanup", Time since last: 1000121327 ns, Reaching safepoint: 162437 ns, Cleanup: 20319 ns, At safepoint: 3960 ns, Total: 186716 ns
[2025-03-19T15:30:15.957+0000][763.847s][debug][safepoint   ] Safepoint synchronization initiated using futex wait barrier. (218 threads)
[2025-03-19T15:30:15.957+0000][763.847s][info ][safepoint   ] Safepoint "Cleanup", Time since last: 3000259841 ns, Reaching safepoint: 75233 ns, Cleanup: 24744 ns, At safepoint: 4932 ns, Total: 104909 ns
[2025-03-19T15:30:16.958+0000][764.847s][debug][safepoint   ] Safepoint synchronization initiated using futex wait barrier. (218 threads)
[2025-03-19T15:30:16.958+0000][764.847s][info ][safepoint   ] Safepoint "Cleanup", Time since last: 1000077132 ns, Reaching safepoint: 49182 ns, Cleanup: 10946 ns, At safepoint: 2537 ns, Total: 62665 ns
[2025-03-19T15:30:17.958+0000][765.847s][debug][safepoint   ] Safepoint synchronization initiated using futex wait barrier. (217 threads)
[2025-03-19T15:30:17.958+0000][765.847s][info ][safepoint   ] Safepoint "Cleanup", Time since last: 1000079583 ns, Reaching safepoint: 81009 ns, Cleanup: 20399 ns, At safepoint: 5377 ns, Total: 106785 ns
[2025-03-19T15:30:19.958+0000][767.847s][debug][safepoint   ] Safepoint synchronization initiated using futex wait barrier. (217 threads)
[2025-03-19T15:30:19.958+0000][767.848s][info ][safepoint   ] Safepoint "Cleanup", Time since last: 2000449709 ns, Reaching safepoint: 45363 ns, Cleanup: 9458 ns, At safepoint: 2485 ns, Total: 57306 ns
[2025-03-19T15:30:25.959+0000][773.848s][debug][safepoint   ] Safepoint synchronization initiated using futex wait barrier. (217 threads)
[2025-03-19T15:30:25.959+0000][773.848s][info ][safepoint   ] Safepoint "Cleanup", Time since last: 6000605354 ns, Reaching safepoint: 89067 ns, Cleanup: 17549 ns, At safepoint: 7165 ns, Total: 113781 ns
[2025-03-19T15:30:26.959+0000][774.848s][debug][safepoint   ] Safepoint synchronization initiated using futex wait barrier. (217 threads)
[2025-03-19T15:30:26.959+0000][774.848s][debug][safepoint   ] ... found polling page loop exception at pc = 0x000072eac5fb6169, stub =0x000072eac498f400
[2025-03-19T15:30:26.959+0000][774.848s][info ][safepoint   ] Safepoint "Cleanup", Time since last: 1000079096 ns, Reaching safepoint: 137113 ns, Cleanup: 18193 ns, At safepoint: 7952 ns, Total: 163258 ns
[2025-03-19T15:30:27.959+0000][775.849s][debug][safepoint   ] Safepoint synchronization initiated using futex wait barrier. (217 threads)
[2025-03-19T15:30:27.959+0000][775.849s][info ][safepoint   ] Safepoint "Cleanup", Time since last: 1000078515 ns, Reaching safepoint: 79203 ns, Cleanup: 17304 ns, At safepoint: 5760 ns, Total: 102267 ns
[2025-03-19T15:30:29.960+0000][777.849s][debug][safepoint   ] Safepoint synchronization initiated using futex wait barrier. (217 threads)
[2025-03-19T15:30:29.960+0000][777.849s][info ][safepoint   ] Safepoint "Cleanup", Time since last: 2000162914 ns, Reaching safepoint: 46360 ns, Cleanup: 14292 ns, At safepoint: 2944 ns, Total: 63596 ns
[2025-03-19T15:30:36.493+0000][784.382s][debug][safepoint   ] Safepoint synchronization initiated using futex wait barrier. (217 threads)
[2025-03-19T15:30:36.493+0000][784.382s][info ][safepoint   ] Safepoint "Cleanup", Time since last: 6532850990 ns, Reaching safepoint: 94071 ns, Cleanup: 26429 ns, At safepoint: 7106 ns, Total: 127606 ns
[2025-03-19T15:30:38.807+0000][786.696s][debug][safepoint   ] Safepoint synchronization initiated using futex wait barrier. (217 threads)
[2025-03-19T15:30:38.807+0000][786.696s][info ][gc,start    ] GC(74) Pause Young (Normal) (G1 Evacuation Pause)
[2025-03-19T15:30:38.807+0000][786.696s][info ][gc,task     ] GC(74) Using 4 workers of 4 for evacuation
[2025-03-19T15:30:38.828+0000][786.717s][info ][gc,phases   ] GC(74)   Pre Evacuate Collection Set: 0.2ms
[2025-03-19T15:30:38.828+0000][786.717s][info ][gc,phases   ] GC(74)   Merge Heap Roots: 0.2ms
[2025-03-19T15:30:38.828+0000][786.717s][info ][gc,phases   ] GC(74)   Evacuate Collection Set: 18.6ms
[2025-03-19T15:30:38.828+0000][786.717s][info ][gc,phases   ] GC(74)   Post Evacuate Collection Set: 1.2ms
[2025-03-19T15:30:38.828+0000][786.717s][info ][gc,phases   ] GC(74)   Other: 0.2ms
[2025-03-19T15:30:38.828+0000][786.717s][info ][gc,heap     ] GC(74) Eden regions: 246->0(242)
[2025-03-19T15:30:38.828+0000][786.717s][info ][gc,heap     ] GC(74) Survivor regions: 16->18(33)
[2025-03-19T15:30:38.828+0000][786.717s][info ][gc,heap     ] GC(74) Old regions: 171->171
[2025-03-19T15:30:38.828+0000][786.717s][info ][gc,heap     ] GC(74) Archive regions: 2->2
[2025-03-19T15:30:38.828+0000][786.717s][info ][gc,heap     ] GC(74) Humongous regions: 2->2
[2025-03-19T15:30:38.828+0000][786.717s][info ][gc,metaspace] GC(74) Metaspace: 192708K(194240K)->192708K(194240K) NonClass: 169520K(170304K)->169520K(170304K) Class: 23187K(23936K)->23187K(23936K)
[2025-03-19T15:30:38.828+0000][786.717s][info ][gc          ] GC(74) Pause Young (Normal) (G1 Evacuation Pause) 435M->191M(504M) 20.507ms
[2025-03-19T15:30:38.828+0000][786.717s][info ][gc,cpu      ] GC(74) User=0.06s Sys=0.00s Real=0.02s
[2025-03-19T15:30:38.828+0000][786.717s][info ][safepoint   ] Safepoint "G1CollectForAllocation", Time since last: 2314310160 ns, Reaching safepoint: 72799 ns, Cleanup: 6716 ns, At safepoint: 20665593 ns, Total: 20745108 ns
[2025-03-19T15:30:39.828+0000][787.717s][debug][safepoint   ] Safepoint synchronization initiated using futex wait barrier. (217 threads)
[2025-03-19T15:30:39.828+0000][787.717s][info ][safepoint   ] Safepoint "Cleanup", Time since last: 1000231961 ns, Reaching safepoint: 83852 ns, Cleanup: 23185 ns, At safepoint: 7370 ns, Total: 114407 ns
[2025-03-19T15:30:46.829+0000][794.718s][debug][safepoint   ] Safepoint synchronization initiated using futex wait barrier. (217 threads)
[2025-03-19T15:30:46.829+0000][794.718s][info ][safepoint   ] Safepoint "Cleanup", Time since last: 7000501485 ns, Reaching safepoint: 64483 ns, Cleanup: 11189 ns, At safepoint: 3045 ns, Total: 78717 ns
[2025-03-19T15:30:48.829+0000][796.718s][debug][safepoint   ] Safepoint synchronization initiated using futex wait barrier. (217 threads)
[2025-03-19T15:30:48.829+0000][796.718s][info ][safepoint   ] Safepoint "Cleanup", Time since last: 2000305891 ns, Reaching safepoint: 107046 ns, Cleanup: 16210 ns, At safepoint: 6935 ns, Total: 130191 ns
[2025-03-19T15:30:56.830+0000][804.719s][debug][safepoint   ] Safepoint synchronization initiated using futex wait barrier. (217 threads)
[2025-03-19T15:30:56.830+0000][804.719s][info ][safepoint   ] Safepoint "Cleanup", Time since last: 8000670907 ns, Reaching safepoint: 78400 ns, Cleanup: 19860 ns, At safepoint: 6185 ns, Total: 104445 ns
[2025-03-19T15:30:59.830+0000][807.719s][debug][safepoint   ] Safepoint synchronization initiated using futex wait barrier. (217 threads)
[2025-03-19T15:30:59.830+0000][807.719s][info ][safepoint   ] Safepoint "Cleanup", Time since last: 3000274262 ns, Reaching safepoint: 117006 ns, Cleanup: 10263 ns, At safepoint: 3001 ns, Total: 130270 ns
[2025-03-19T15:31:04.831+0000][812.720s][debug][safepoint   ] Safepoint synchronization initiated using futex wait barrier. (217 threads)
[2025-03-19T15:31:04.831+0000][812.720s][info ][safepoint   ] Safepoint "Cleanup", Time since last: 5000341095 ns, Reaching safepoint: 83859 ns, Cleanup: 19200 ns, At safepoint: 6622 ns, Total: 109681 ns
[2025-03-19T15:31:06.831+0000][814.720s][debug][safepoint   ] Safepoint synchronization initiated using futex wait barrier. (217 threads)
[2025-03-19T15:31:06.831+0000][814.720s][info ][safepoint   ] Safepoint "Cleanup", Time since last: 2000212346 ns, Reaching safepoint: 85248 ns, Cleanup: 19159 ns, At safepoint: 6775 ns, Total: 111182 ns
[2025-03-19T15:31:09.831+0000][817.721s][debug][safepoint   ] Safepoint synchronization initiated using futex wait barrier. (218 threads)
[2025-03-19T15:31:09.831+0000][817.721s][info ][safepoint   ] Safepoint "Cleanup", Time since last: 3000253441 ns, Reaching safepoint: 99441 ns, Cleanup: 16707 ns, At safepoint: 6097 ns, Total: 122245 ns
[2025-03-19T15:31:16.832+0000][824.721s][debug][safepoint   ] Safepoint synchronization initiated using futex wait barrier. (218 threads)
[2025-03-19T15:31:16.832+0000][824.721s][info ][safepoint   ] Safepoint "Cleanup", Time since last: 7000544117 ns, Reaching safepoint: 86172 ns, Cleanup: 17133 ns, At safepoint: 7667 ns, Total: 110972 ns
[2025-03-19T15:31:29.833+0000][837.723s][debug][safepoint   ] Safepoint synchronization initiated using futex wait barrier. (217 threads)
[2025-03-19T15:31:29.833+0000][837.723s][info ][safepoint   ] Safepoint "Cleanup", Time since last: 13001259120 ns, Reaching safepoint: 90208 ns, Cleanup: 15183 ns, At safepoint: 5497 ns, Total: 110888 ns
[2025-03-19T15:31:56.519+0000][864.408s][debug][safepoint   ] Safepoint synchronization initiated using futex wait barrier. (217 threads)
[2025-03-19T15:31:56.519+0000][864.408s][info ][safepoint   ] Safepoint "Cleanup", Time since last: 26685681397 ns, Reaching safepoint: 46706 ns, Cleanup: 9614 ns, At safepoint: 2305 ns, Total: 58625 ns
[2025-03-19T15:32:05.520+0000][873.409s][debug][safepoint   ] Safepoint synchronization initiated using futex wait barrier. (217 threads)
[2025-03-19T15:32:05.520+0000][873.409s][info ][safepoint   ] Safepoint "Cleanup", Time since last: 9000621394 ns, Reaching safepoint: 77476 ns, Cleanup: 15541 ns, At safepoint: 9126 ns, Total: 102143 ns
[2025-03-19T15:32:06.520+0000][874.409s][debug][safepoint   ] Safepoint synchronization initiated using futex wait barrier. (217 threads)
[2025-03-19T15:32:06.520+0000][874.409s][info ][safepoint   ] Safepoint "Cleanup", Time since last: 1000107787 ns, Reaching safepoint: 80197 ns, Cleanup: 15866 ns, At safepoint: 6934 ns, Total: 102997 ns
[2025-03-19T15:32:09.520+0000][877.410s][debug][safepoint   ] Safepoint synchronization initiated using futex wait barrier. (217 threads)
[2025-03-19T15:32:09.521+0000][877.410s][info ][safepoint   ] Safepoint "Cleanup", Time since last: 3000384416 ns, Reaching safepoint: 92393 ns, Cleanup: 19884 ns, At safepoint: 7731 ns, Total: 120008 ns
[2025-03-19T15:32:16.521+0000][884.410s][debug][safepoint   ] Safepoint synchronization initiated using futex wait barrier. (217 threads)
[2025-03-19T15:32:16.521+0000][884.410s][info ][safepoint   ] Safepoint "Cleanup", Time since last: 7000573224 ns, Reaching safepoint: 81307 ns, Cleanup: 12206 ns, At safepoint: 3085 ns, Total: 96598 ns
[2025-03-19T15:32:26.522+0000][894.411s][debug][safepoint   ] Safepoint synchronization initiated using futex wait barrier. (217 threads)
[2025-03-19T15:32:26.522+0000][894.411s][info ][safepoint   ] Safepoint "Cleanup", Time since last: 10000746477 ns, Reaching safepoint: 67050 ns, Cleanup: 10824 ns, At safepoint: 5043 ns, Total: 82917 ns
[2025-03-19T15:32:27.522+0000][895.411s][debug][safepoint   ] Safepoint synchronization initiated using futex wait barrier. (216 threads)
[2025-03-19T15:32:27.522+0000][895.412s][info ][safepoint   ] Safepoint "Cleanup", Time since last: 1000107217 ns, Reaching safepoint: 81656 ns, Cleanup: 16006 ns, At safepoint: 6842 ns, Total: 104504 ns
[2025-03-19T15:32:46.544+0000][914.433s][debug][safepoint   ] Safepoint synchronization initiated using futex wait barrier. (216 threads)
[2025-03-19T15:32:46.544+0000][914.434s][info ][safepoint   ] Safepoint "Cleanup", Time since last: 19021936702 ns, Reaching safepoint: 118703 ns, Cleanup: 20751 ns, At safepoint: 7514 ns, Total: 146968 ns
[2025-03-19T15:32:50.468+0000][918.358s][debug][safepoint   ] Safepoint synchronization initiated using futex wait barrier. (216 threads)
[2025-03-19T15:32:50.469+0000][918.358s][info ][safepoint   ] Safepoint "Cleanup", Time since last: 3923981757 ns, Reaching safepoint: 112486 ns, Cleanup: 71917 ns, At safepoint: 25069 ns, Total: 209472 ns
[2025-03-19T15:32:52.469+0000][920.358s][debug][safepoint   ] Safepoint synchronization initiated using futex wait barrier. (216 threads)
[2025-03-19T15:32:52.469+0000][920.358s][info ][safepoint   ] Safepoint "Cleanup", Time since last: 2000186788 ns, Reaching safepoint: 81728 ns, Cleanup: 20926 ns, At safepoint: 6608 ns, Total: 109262 ns
[2025-03-19T15:32:56.469+0000][924.358s][debug][safepoint   ] Safepoint synchronization initiated using futex wait barrier. (216 threads)
[2025-03-19T15:32:56.469+0000][924.358s][info ][safepoint   ] Safepoint "Cleanup", Time since last: 4000323412 ns, Reaching safepoint: 59411 ns, Cleanup: 10154 ns, At safepoint: 8333 ns, Total: 77898 ns
[2025-03-19T15:32:57.470+0000][925.359s][debug][safepoint   ] Safepoint synchronization initiated using futex wait barrier. (216 threads)
[2025-03-19T15:32:57.470+0000][925.359s][info ][safepoint   ] Safepoint "Cleanup", Time since last: 1000239993 ns, Reaching safepoint: 54156 ns, Cleanup: 16349 ns, At safepoint: 2751 ns, Total: 73256 ns
[2025-03-19T15:33:02.470+0000][930.359s][debug][safepoint   ] Safepoint synchronization initiated using futex wait barrier. (216 threads)
[2025-03-19T15:33:02.470+0000][930.359s][info ][safepoint   ] Safepoint "Cleanup", Time since last: 5000338484 ns, Reaching safepoint: 45523 ns, Cleanup: 9625 ns, At safepoint: 2339 ns, Total: 57487 ns
[2025-03-19T15:33:03.470+0000][931.359s][debug][safepoint   ] Safepoint synchronization initiated using futex wait barrier. (216 threads)
[2025-03-19T15:33:03.470+0000][931.359s][info ][safepoint   ] Safepoint "Cleanup", Time since last: 1000121502 ns, Reaching safepoint: 49147 ns, Cleanup: 12309 ns, At safepoint: 2656 ns, Total: 64112 ns
[2025-03-19T15:33:06.470+0000][934.360s][debug][safepoint   ] Safepoint synchronization initiated using futex wait barrier. (216 threads)
[2025-03-19T15:33:06.470+0000][934.360s][info ][safepoint   ] Safepoint "Cleanup", Time since last: 3000204102 ns, Reaching safepoint: 55050 ns, Cleanup: 13081 ns, At safepoint: 2548 ns, Total: 70679 ns
[2025-03-19T15:33:09.471+0000][937.360s][debug][safepoint   ] Safepoint synchronization initiated using futex wait barrier. (216 threads)
[2025-03-19T15:33:09.471+0000][937.360s][info ][safepoint   ] Safepoint "Cleanup", Time since last: 3000627074 ns, Reaching safepoint: 46602 ns, Cleanup: 10412 ns, At safepoint: 2892 ns, Total: 59906 ns
[2025-03-19T15:33:16.472+0000][944.362s][debug][safepoint   ] Safepoint synchronization initiated using futex wait barrier. (216 threads)
[2025-03-19T15:33:16.473+0000][944.362s][info ][safepoint   ] Safepoint "Cleanup", Time since last: 7001355615 ns, Reaching safepoint: 96156 ns, Cleanup: 28020 ns, At safepoint: 5588 ns, Total: 129764 ns
[2025-03-19T15:33:18.473+0000][946.363s][debug][safepoint   ] Safepoint synchronization initiated using futex wait barrier. (216 threads)
[2025-03-19T15:33:18.473+0000][946.363s][info ][safepoint   ] Safepoint "Cleanup", Time since last: 2000658481 ns, Reaching safepoint: 55023 ns, Cleanup: 12830 ns, At safepoint: 3344 ns, Total: 71197 ns
[2025-03-19T15:33:19.473+0000][947.363s][debug][safepoint   ] Safepoint synchronization initiated using futex wait barrier. (216 threads)
[2025-03-19T15:33:19.474+0000][947.363s][info ][safepoint   ] Safepoint "Cleanup", Time since last: 1000087647 ns, Reaching safepoint: 76040 ns, Cleanup: 17526 ns, At safepoint: 5533 ns, Total: 99099 ns
[2025-03-19T15:33:22.474+0000][950.363s][debug][safepoint   ] Safepoint synchronization initiated using futex wait barrier. (217 threads)
[2025-03-19T15:33:22.474+0000][950.363s][info ][safepoint   ] Safepoint "Cleanup", Time since last: 3000380162 ns, Reaching safepoint: 86773 ns, Cleanup: 23021 ns, At safepoint: 7181 ns, Total: 116975 ns
[2025-03-19T15:33:26.474+0000][954.364s][debug][safepoint   ] Safepoint synchronization initiated using futex wait barrier. (217 threads)
[2025-03-19T15:33:26.475+0000][954.364s][info ][safepoint   ] Safepoint "Cleanup", Time since last: 4000364249 ns, Reaching safepoint: 80108 ns, Cleanup: 15931 ns, At safepoint: 5262 ns, Total: 101301 ns
[2025-03-19T15:33:27.475+0000][955.364s][debug][safepoint   ] Safepoint synchronization initiated using futex wait barrier. (217 threads)
[2025-03-19T15:33:27.475+0000][955.364s][info ][safepoint   ] Safepoint "Cleanup", Time since last: 1000121084 ns, Reaching safepoint: 140669 ns, Cleanup: 19137 ns, At safepoint: 77745 ns, Total: 237551 ns
[2025-03-19T15:33:29.475+0000][957.364s][debug][safepoint   ] Safepoint synchronization initiated using futex wait barrier. (217 threads)
[2025-03-19T15:33:29.475+0000][957.364s][info ][safepoint   ] Safepoint "Cleanup", Time since last: 2000216460 ns, Reaching safepoint: 77165 ns, Cleanup: 15203 ns, At safepoint: 6468 ns, Total: 98836 ns
[2025-03-19T15:33:30.475+0000][958.365s][debug][safepoint   ] Safepoint synchronization initiated using futex wait barrier. (217 threads)
[2025-03-19T15:33:30.475+0000][958.365s][info ][safepoint   ] Safepoint "Cleanup", Time since last: 1000120049 ns, Reaching safepoint: 69096 ns, Cleanup: 24321 ns, At safepoint: 5715 ns, Total: 99132 ns
[2025-03-19T15:33:31.475+0000][959.365s][debug][safepoint   ] Safepoint synchronization initiated using futex wait barrier. (217 threads)
[2025-03-19T15:33:31.476+0000][959.365s][info ][safepoint   ] Safepoint "Cleanup", Time since last: 1000083498 ns, Reaching safepoint: 64522 ns, Cleanup: 14361 ns, At safepoint: 3080 ns, Total: 81963 ns
[2025-03-19T15:33:32.476+0000][960.365s][debug][safepoint   ] Safepoint synchronization initiated using futex wait barrier. (218 threads)
[2025-03-19T15:33:32.476+0000][960.365s][info ][safepoint   ] Safepoint "Cleanup", Time since last: 1000079177 ns, Reaching safepoint: 78520 ns, Cleanup: 15960 ns, At safepoint: 5047 ns, Total: 99527 ns
[2025-03-19T15:33:36.567+0000][964.456s][debug][safepoint   ] Safepoint synchronization initiated using futex wait barrier. (218 threads)
[2025-03-19T15:33:36.567+0000][964.456s][info ][safepoint   ] Safepoint "Cleanup", Time since last: 4090927102 ns, Reaching safepoint: 97337 ns, Cleanup: 17348 ns, At safepoint: 6523 ns, Total: 121208 ns
[2025-03-19T15:33:38.567+0000][966.456s][debug][safepoint   ] Safepoint synchronization initiated using futex wait barrier. (218 threads)
[2025-03-19T15:33:38.567+0000][966.456s][info ][safepoint   ] Safepoint "Cleanup", Time since last: 2000195038 ns, Reaching safepoint: 46351 ns, Cleanup: 19566 ns, At safepoint: 2413 ns, Total: 68330 ns
[2025-03-19T15:33:40.567+0000][968.456s][debug][safepoint   ] Safepoint synchronization initiated using futex wait barrier. (218 threads)
[2025-03-19T15:33:40.567+0000][968.457s][info ][safepoint   ] Safepoint "Cleanup", Time since last: 2000201393 ns, Reaching safepoint: 138140 ns, Cleanup: 19436 ns, At safepoint: 6761 ns, Total: 164337 ns
[2025-03-19T15:33:41.567+0000][969.457s][debug][safepoint   ] Safepoint synchronization initiated using futex wait barrier. (218 threads)
[2025-03-19T15:33:41.568+0000][969.457s][info ][safepoint   ] Safepoint "Cleanup", Time since last: 1000080879 ns, Reaching safepoint: 50763 ns, Cleanup: 11179 ns, At safepoint: 3064 ns, Total: 65006 ns
[2025-03-19T15:33:44.568+0000][972.457s][debug][safepoint   ] Safepoint synchronization initiated using futex wait barrier. (218 threads)
[2025-03-19T15:33:44.568+0000][972.457s][info ][safepoint   ] Safepoint "Cleanup", Time since last: 3000362029 ns, Reaching safepoint: 80313 ns, Cleanup: 45692 ns, At safepoint: 6748 ns, Total: 132753 ns
[2025-03-19T15:33:46.568+0000][974.457s][debug][safepoint   ] Safepoint synchronization initiated using futex wait barrier. (218 threads)
[2025-03-19T15:33:46.568+0000][974.458s][info ][safepoint   ] Safepoint "Cleanup", Time since last: 2000169344 ns, Reaching safepoint: 76458 ns, Cleanup: 22814 ns, At safepoint: 3776 ns, Total: 103048 ns
[2025-03-19T15:33:49.569+0000][977.458s][debug][safepoint   ] Safepoint synchronization initiated using futex wait barrier. (218 threads)
[2025-03-19T15:33:49.569+0000][977.458s][info ][safepoint   ] Safepoint "Cleanup", Time since last: 3000193495 ns, Reaching safepoint: 46259 ns, Cleanup: 9996 ns, At safepoint: 2806 ns, Total: 59061 ns
[2025-03-19T15:33:49.849+0000][977.738s][debug][safepoint   ] Safepoint synchronization initiated using futex wait barrier. (218 threads)
[2025-03-19T15:33:49.849+0000][977.738s][info ][gc,start    ] GC(75) Pause Young (Normal) (G1 Evacuation Pause)
[2025-03-19T15:33:49.849+0000][977.738s][info ][gc,task     ] GC(75) Using 4 workers of 4 for evacuation
[2025-03-19T15:33:49.868+0000][977.758s][info ][gc,phases   ] GC(75)   Pre Evacuate Collection Set: 0.2ms
[2025-03-19T15:33:49.868+0000][977.758s][info ][gc,phases   ] GC(75)   Merge Heap Roots: 0.2ms
[2025-03-19T15:33:49.868+0000][977.758s][info ][gc,phases   ] GC(75)   Evacuate Collection Set: 17.3ms
[2025-03-19T15:33:49.868+0000][977.758s][info ][gc,phases   ] GC(75)   Post Evacuate Collection Set: 1.4ms
[2025-03-19T15:33:49.868+0000][977.758s][info ][gc,phases   ] GC(75)   Other: 0.2ms
[2025-03-19T15:33:49.868+0000][977.758s][info ][gc,heap     ] GC(75) Eden regions: 242->0(246)
[2025-03-19T15:33:49.868+0000][977.758s][info ][gc,heap     ] GC(75) Survivor regions: 18->14(33)
[2025-03-19T15:33:49.868+0000][977.758s][info ][gc,heap     ] GC(75) Old regions: 171->175
[2025-03-19T15:33:49.868+0000][977.758s][info ][gc,heap     ] GC(75) Archive regions: 2->2
[2025-03-19T15:33:49.868+0000][977.758s][info ][gc,heap     ] GC(75) Humongous regions: 2->2
[2025-03-19T15:33:49.868+0000][977.758s][info ][gc,metaspace] GC(75) Metaspace: 193054K(194624K)->193054K(194624K) NonClass: 169851K(170688K)->169851K(170688K) Class: 23203K(23936K)->23203K(23936K)
[2025-03-19T15:33:49.868+0000][977.758s][info ][gc          ] GC(75) Pause Young (Normal) (G1 Evacuation Pause) 433M->191M(504M) 19.347ms
[2025-03-19T15:33:49.868+0000][977.758s][info ][gc,cpu      ] GC(75) User=0.06s Sys=0.00s Real=0.02s
[2025-03-19T15:33:49.868+0000][977.758s][info ][safepoint   ] Safepoint "G1CollectForAllocation", Time since last: 280272691 ns, Reaching safepoint: 110477 ns, Cleanup: 6793 ns, At safepoint: 19521176 ns, Total: 19638446 ns
[2025-03-19T15:33:54.869+0000][982.758s][debug][safepoint   ] Safepoint synchronization initiated using futex wait barrier. (218 threads)
[2025-03-19T15:33:54.869+0000][982.758s][info ][safepoint   ] Safepoint "Cleanup", Time since last: 5000544724 ns, Reaching safepoint: 69765 ns, Cleanup: 15967 ns, At safepoint: 3189 ns, Total: 88921 ns
[2025-03-19T15:33:55.869+0000][983.758s][debug][safepoint   ] Safepoint synchronization initiated using futex wait barrier. (218 threads)
[2025-03-19T15:33:55.869+0000][983.759s][info ][safepoint   ] Safepoint "Cleanup", Time since last: 1000086113 ns, Reaching safepoint: 97173 ns, Cleanup: 19024 ns, At safepoint: 4808 ns, Total: 121005 ns
[2025-03-19T15:33:56.869+0000][984.759s][debug][safepoint   ] Safepoint synchronization initiated using futex wait barrier. (218 threads)
[2025-03-19T15:33:56.870+0000][984.759s][info ][safepoint   ] Safepoint "Cleanup", Time since last: 1000088786 ns, Reaching safepoint: 68970 ns, Cleanup: 27721 ns, At safepoint: 4517 ns, Total: 101208 ns
[2025-03-19T15:33:58.870+0000][986.759s][debug][safepoint   ] Safepoint synchronization initiated using futex wait barrier. (218 threads)
[2025-03-19T15:33:58.870+0000][986.759s][info ][safepoint   ] Safepoint "Cleanup", Time since last: 2000301258 ns, Reaching safepoint: 80320 ns, Cleanup: 18840 ns, At safepoint: 6927 ns, Total: 106087 ns
[2025-03-19T15:33:59.870+0000][987.759s][debug][safepoint   ] Safepoint synchronization initiated using futex wait barrier. (218 threads)
[2025-03-19T15:33:59.870+0000][987.759s][info ][safepoint   ] Safepoint "Cleanup", Time since last: 1000094411 ns, Reaching safepoint: 47275 ns, Cleanup: 11385 ns, At safepoint: 2201 ns, Total: 60861 ns
[2025-03-19T15:34:01.870+0000][989.759s][debug][safepoint   ] Safepoint synchronization initiated using futex wait barrier. (218 threads)
[2025-03-19T15:34:01.870+0000][989.760s][info ][safepoint   ] Safepoint "Cleanup", Time since last: 2000161646 ns, Reaching safepoint: 69824 ns, Cleanup: 14481 ns, At safepoint: 3294 ns, Total: 87599 ns
[2025-03-19T15:34:03.870+0000][991.760s][debug][safepoint   ] Safepoint synchronization initiated using futex wait barrier. (218 threads)
[2025-03-19T15:34:03.871+0000][991.760s][info ][safepoint   ] Safepoint "Cleanup", Time since last: 2000145160 ns, Reaching safepoint: 70948 ns, Cleanup: 26906 ns, At safepoint: 4378 ns, Total: 102232 ns
[2025-03-19T15:34:05.871+0000][993.760s][debug][safepoint   ] Safepoint synchronization initiated using futex wait barrier. (218 threads)
[2025-03-19T15:34:05.871+0000][993.760s][info ][safepoint   ] Safepoint "Cleanup", Time since last: 2000171329 ns, Reaching safepoint: 74217 ns, Cleanup: 20048 ns, At safepoint: 5855 ns, Total: 100120 ns
[2025-03-19T15:34:06.871+0000][994.760s][debug][safepoint   ] Safepoint synchronization initiated using futex wait barrier. (218 threads)
[2025-03-19T15:34:06.871+0000][994.760s][info ][safepoint   ] Safepoint "Cleanup", Time since last: 1000104117 ns, Reaching safepoint: 53668 ns, Cleanup: 18224 ns, At safepoint: 2416 ns, Total: 74308 ns
[2025-03-19T15:34:07.871+0000][995.761s][debug][safepoint   ] Safepoint synchronization initiated using futex wait barrier. (218 threads)
[2025-03-19T15:34:07.871+0000][995.761s][info ][safepoint   ] Safepoint "Cleanup", Time since last: 1000246790 ns, Reaching safepoint: 50296 ns, Cleanup: 11793 ns, At safepoint: 2454 ns, Total: 64543 ns
[2025-03-19T15:34:09.871+0000][997.761s][debug][safepoint   ] Safepoint synchronization initiated using futex wait barrier. (218 threads)
[2025-03-19T15:34:09.872+0000][997.761s][info ][safepoint   ] Safepoint "Cleanup", Time since last: 2000129727 ns, Reaching safepoint: 47510 ns, Cleanup: 20753 ns, At safepoint: 2377 ns, Total: 70640 ns
[2025-03-19T15:34:10.872+0000][998.761s][debug][safepoint   ] Safepoint synchronization initiated using futex wait barrier. (218 threads)
[2025-03-19T15:34:10.872+0000][998.761s][info ][safepoint   ] Safepoint "Cleanup", Time since last: 1000097353 ns, Reaching safepoint: 67322 ns, Cleanup: 16041 ns, At safepoint: 5031 ns, Total: 88394 ns
[2025-03-19T15:34:11.872+0000][999.761s][debug][safepoint   ] Safepoint synchronization initiated using futex wait barrier. (218 threads)
[2025-03-19T15:34:11.872+0000][999.761s][info ][safepoint   ] Safepoint "Cleanup", Time since last: 1000105678 ns, Reaching safepoint: 62404 ns, Cleanup: 14553 ns, At safepoint: 3620 ns, Total: 80577 ns
[2025-03-19T15:34:13.872+0000][1001.761s][debug][safepoint   ] Safepoint synchronization initiated using futex wait barrier. (218 threads)
[2025-03-19T15:34:13.872+0000][1001.761s][info ][safepoint   ] Safepoint "Cleanup", Time since last: 2000181518 ns, Reaching safepoint: 108115 ns, Cleanup: 21504 ns, At safepoint: 6269 ns, Total: 135888 ns
[2025-03-19T15:34:15.872+0000][1003.762s][debug][safepoint   ] Safepoint synchronization initiated using futex wait barrier. (218 threads)
[2025-03-19T15:34:15.872+0000][1003.762s][info ][safepoint   ] Safepoint "Cleanup", Time since last: 2000146517 ns, Reaching safepoint: 48034 ns, Cleanup: 11908 ns, At safepoint: 2674 ns, Total: 62616 ns
[2025-03-19T15:34:16.873+0000][1004.762s][debug][safepoint   ] Safepoint synchronization initiated using futex wait barrier. (218 threads)
[2025-03-19T15:34:16.873+0000][1004.762s][info ][safepoint   ] Safepoint "Cleanup", Time since last: 1000077186 ns, Reaching safepoint: 82736 ns, Cleanup: 29618 ns, At safepoint: 5708 ns, Total: 118062 ns
[2025-03-19T15:34:17.873+0000][1005.762s][debug][safepoint   ] Safepoint synchronization initiated using futex wait barrier. (218 threads)
[2025-03-19T15:34:17.873+0000][1005.762s][info ][safepoint   ] Safepoint "Cleanup", Time since last: 1000080212 ns, Reaching safepoint: 70461 ns, Cleanup: 13807 ns, At safepoint: 2671 ns, Total: 86939 ns
[2025-03-19T15:34:18.873+0000][1006.762s][debug][safepoint   ] Safepoint synchronization initiated using futex wait barrier. (218 threads)
[2025-03-19T15:34:18.873+0000][1006.762s][info ][safepoint   ] Safepoint "Cleanup", Time since last: 1000091637 ns, Reaching safepoint: 60228 ns, Cleanup: 11006 ns, At safepoint: 3402 ns, Total: 74636 ns
[2025-03-19T15:34:22.873+0000][1010.763s][debug][safepoint   ] Safepoint synchronization initiated using futex wait barrier. (218 threads)
[2025-03-19T15:34:22.873+0000][1010.763s][info ][safepoint   ] Safepoint "Cleanup", Time since last: 4000311263 ns, Reaching safepoint: 73587 ns, Cleanup: 13596 ns, At safepoint: 3119 ns, Total: 90302 ns
[2025-03-19T15:34:26.874+0000][1014.763s][debug][safepoint   ] Safepoint synchronization initiated using futex wait barrier. (218 threads)
[2025-03-19T15:34:26.874+0000][1014.763s][info ][safepoint   ] Safepoint "Cleanup", Time since last: 4000286665 ns, Reaching safepoint: 69215 ns, Cleanup: 18443 ns, At safepoint: 3521 ns, Total: 91179 ns
[2025-03-19T15:34:27.874+0000][1015.763s][debug][safepoint   ] Safepoint synchronization initiated using futex wait barrier. (218 threads)
[2025-03-19T15:34:27.874+0000][1015.763s][info ][safepoint   ] Safepoint "Cleanup", Time since last: 1000092855 ns, Reaching safepoint: 51300 ns, Cleanup: 11533 ns, At safepoint: 2731 ns, Total: 65564 ns
[2025-03-19T15:34:28.874+0000][1016.763s][debug][safepoint   ] Safepoint synchronization initiated using futex wait barrier. (218 threads)
[2025-03-19T15:34:28.874+0000][1016.763s][info ][safepoint   ] Safepoint "Cleanup", Time since last: 1000073245 ns, Reaching safepoint: 49602 ns, Cleanup: 16961 ns, At safepoint: 2312 ns, Total: 68875 ns
[2025-03-19T15:34:30.874+0000][1018.763s][debug][safepoint   ] Safepoint synchronization initiated using futex wait barrier. (218 threads)
[2025-03-19T15:34:30.874+0000][1018.764s][info ][safepoint   ] Safepoint "Cleanup", Time since last: 2000200823 ns, Reaching safepoint: 55982 ns, Cleanup: 14273 ns, At safepoint: 2640 ns, Total: 72895 ns
[2025-03-19T15:34:32.586+0000][1020.475s][debug][safepoint   ] Safepoint synchronization initiated using futex wait barrier. (218 threads)
[2025-03-19T15:34:32.586+0000][1020.475s][info ][safepoint   ] Safepoint "Cleanup", Time since last: 1711643162 ns, Reaching safepoint: 72776 ns, Cleanup: 14582 ns, At safepoint: 5466 ns, Total: 92824 ns
[2025-03-19T15:34:36.586+0000][1024.476s][debug][safepoint   ] Safepoint synchronization initiated using futex wait barrier. (218 threads)
[2025-03-19T15:34:36.586+0000][1024.476s][info ][safepoint   ] Safepoint "Cleanup", Time since last: 4000306551 ns, Reaching safepoint: 54013 ns, Cleanup: 19053 ns, At safepoint: 2829 ns, Total: 75895 ns
[2025-03-19T15:34:37.587+0000][1025.476s][debug][safepoint   ] Safepoint synchronization initiated using futex wait barrier. (218 threads)
[2025-03-19T15:34:37.587+0000][1025.476s][info ][safepoint   ] Safepoint "Cleanup", Time since last: 1000088163 ns, Reaching safepoint: 98745 ns, Cleanup: 26280 ns, At safepoint: 6989 ns, Total: 132014 ns
[2025-03-19T15:34:38.587+0000][1026.476s][debug][safepoint   ] Safepoint synchronization initiated using futex wait barrier. (218 threads)
[2025-03-19T15:34:38.587+0000][1026.476s][info ][safepoint   ] Safepoint "Cleanup", Time since last: 1000083531 ns, Reaching safepoint: 46375 ns, Cleanup: 11536 ns, At safepoint: 2729 ns, Total: 60640 ns
[2025-03-19T15:34:49.588+0000][1037.477s][debug][safepoint   ] Safepoint synchronization initiated using futex wait barrier. (219 threads)
[2025-03-19T15:34:49.588+0000][1037.477s][info ][safepoint   ] Safepoint "Cleanup", Time since last: 11000755663 ns, Reaching safepoint: 92994 ns, Cleanup: 25050 ns, At safepoint: 7428 ns, Total: 125472 ns
[2025-03-19T15:34:51.588+0000][1039.477s][debug][safepoint   ] Safepoint synchronization initiated using futex wait barrier. (219 threads)
[2025-03-19T15:34:51.588+0000][1039.477s][info ][safepoint   ] Safepoint "Cleanup", Time since last: 2000190388 ns, Reaching safepoint: 51643 ns, Cleanup: 15299 ns, At safepoint: 3177 ns, Total: 70119 ns
[2025-03-19T15:34:55.589+0000][1043.478s][debug][safepoint   ] Safepoint synchronization initiated using futex wait barrier. (218 threads)
[2025-03-19T15:34:55.589+0000][1043.479s][info ][safepoint   ] Safepoint "Cleanup", Time since last: 4001214401 ns, Reaching safepoint: 86633 ns, Cleanup: 15811 ns, At safepoint: 5875 ns, Total: 108319 ns
[2025-03-19T15:34:56.589+0000][1044.479s][debug][safepoint   ] Safepoint synchronization initiated using futex wait barrier. (218 threads)
[2025-03-19T15:34:56.589+0000][1044.479s][info ][safepoint   ] Safepoint "Cleanup", Time since last: 1000106565 ns, Reaching safepoint: 61277 ns, Cleanup: 19579 ns, At safepoint: 3281 ns, Total: 84137 ns
[2025-03-19T15:34:57.590+0000][1045.479s][debug][safepoint   ] Safepoint synchronization initiated using futex wait barrier. (218 threads)
[2025-03-19T15:34:57.590+0000][1045.479s][info ][safepoint   ] Safepoint "Cleanup", Time since last: 1000073282 ns, Reaching safepoint: 52223 ns, Cleanup: 13561 ns, At safepoint: 2330 ns, Total: 68114 ns
[2025-03-19T15:35:03.590+0000][1051.479s][debug][safepoint   ] Safepoint synchronization initiated using futex wait barrier. (218 threads)
[2025-03-19T15:35:03.590+0000][1051.479s][info ][safepoint   ] Safepoint "Cleanup", Time since last: 6000494865 ns, Reaching safepoint: 70853 ns, Cleanup: 14145 ns, At safepoint: 3119 ns, Total: 88117 ns
[2025-03-19T15:35:06.590+0000][1054.480s][debug][safepoint   ] Safepoint synchronization initiated using futex wait barrier. (218 threads)
[2025-03-19T15:35:06.590+0000][1054.480s][info ][safepoint   ] Safepoint "Cleanup", Time since last: 3000186094 ns, Reaching safepoint: 50391 ns, Cleanup: 14810 ns, At safepoint: 3318 ns, Total: 68519 ns
[2025-03-19T15:35:08.591+0000][1056.480s][debug][safepoint   ] Safepoint synchronization initiated using futex wait barrier. (218 threads)
[2025-03-19T15:35:08.591+0000][1056.480s][info ][safepoint   ] Safepoint "Cleanup", Time since last: 2000151337 ns, Reaching safepoint: 77831 ns, Cleanup: 20137 ns, At safepoint: 5873 ns, Total: 103841 ns
[2025-03-19T15:35:17.592+0000][1065.482s][debug][safepoint   ] Safepoint synchronization initiated using futex wait barrier. (218 threads)
[2025-03-19T15:35:17.592+0000][1065.482s][info ][safepoint   ] Safepoint "Cleanup", Time since last: 9001604800 ns, Reaching safepoint: 93863 ns, Cleanup: 16044 ns, At safepoint: 6328 ns, Total: 116235 ns
[2025-03-19T15:35:19.593+0000][1067.482s][debug][safepoint   ] Safepoint synchronization initiated using futex wait barrier. (218 threads)
[2025-03-19T15:35:19.593+0000][1067.482s][info ][safepoint   ] Safepoint "Cleanup", Time since last: 2000145879 ns, Reaching safepoint: 45849 ns, Cleanup: 10588 ns, At safepoint: 2758 ns, Total: 59195 ns
[2025-03-19T15:35:20.593+0000][1068.482s][debug][safepoint   ] Safepoint synchronization initiated using futex wait barrier. (218 threads)
[2025-03-19T15:35:20.593+0000][1068.482s][info ][safepoint   ] Safepoint "Cleanup", Time since last: 1000075448 ns, Reaching safepoint: 65682 ns, Cleanup: 11421 ns, At safepoint: 2848 ns, Total: 79951 ns
[2025-03-19T15:35:21.593+0000][1069.482s][debug][safepoint   ] Safepoint synchronization initiated using futex wait barrier. (218 threads)
[2025-03-19T15:35:21.593+0000][1069.482s][info ][safepoint   ] Safepoint "Cleanup", Time since last: 1000072950 ns, Reaching safepoint: 60255 ns, Cleanup: 8395 ns, At safepoint: 8547 ns, Total: 77197 ns
[2025-03-19T15:35:28.594+0000][1076.483s][debug][safepoint   ] Safepoint synchronization initiated using futex wait barrier. (218 threads)
[2025-03-19T15:35:28.594+0000][1076.483s][info ][safepoint   ] Safepoint "Cleanup", Time since last: 7000575736 ns, Reaching safepoint: 173701 ns, Cleanup: 13898 ns, At safepoint: 3909 ns, Total: 191508 ns
[2025-03-19T15:35:29.594+0000][1077.483s][debug][safepoint   ] Safepoint synchronization initiated using futex wait barrier. (218 threads)
[2025-03-19T15:35:29.594+0000][1077.483s][info ][safepoint   ] Safepoint "Cleanup", Time since last: 1000106411 ns, Reaching safepoint: 73542 ns, Cleanup: 16633 ns, At safepoint: 6039 ns, Total: 96214 ns
[2025-03-19T15:35:36.605+0000][1084.494s][debug][safepoint   ] Safepoint synchronization initiated using futex wait barrier. (218 threads)
[2025-03-19T15:35:36.605+0000][1084.494s][info ][safepoint   ] Safepoint "Cleanup", Time since last: 7010717378 ns, Reaching safepoint: 106761 ns, Cleanup: 15423 ns, At safepoint: 18356 ns, Total: 140540 ns
[2025-03-19T15:35:38.605+0000][1086.494s][debug][safepoint   ] Safepoint synchronization initiated using futex wait barrier. (218 threads)
[2025-03-19T15:35:38.605+0000][1086.494s][info ][safepoint   ] Safepoint "Cleanup", Time since last: 2000179404 ns, Reaching safepoint: 45465 ns, Cleanup: 10694 ns, At safepoint: 2186 ns, Total: 58345 ns
[2025-03-19T15:35:46.606+0000][1094.495s][debug][safepoint   ] Safepoint synchronization initiated using futex wait barrier. (218 threads)
[2025-03-19T15:35:46.606+0000][1094.495s][info ][safepoint   ] Safepoint "Cleanup", Time since last: 8000628973 ns, Reaching safepoint: 62718 ns, Cleanup: 10036 ns, At safepoint: 3009 ns, Total: 75763 ns
[2025-03-19T15:35:47.606+0000][1095.495s][debug][safepoint   ] Safepoint synchronization initiated using futex wait barrier. (218 threads)
[2025-03-19T15:35:47.606+0000][1095.495s][info ][safepoint   ] Safepoint "Cleanup", Time since last: 1000238226 ns, Reaching safepoint: 83811 ns, Cleanup: 18737 ns, At safepoint: 7355 ns, Total: 109903 ns
[2025-03-19T15:35:49.606+0000][1097.495s][debug][safepoint   ] Safepoint synchronization initiated using futex wait barrier. (218 threads)
[2025-03-19T15:35:49.606+0000][1097.495s][info ][safepoint   ] Safepoint "Cleanup", Time since last: 2000161475 ns, Reaching safepoint: 48174 ns, Cleanup: 10255 ns, At safepoint: 2839 ns, Total: 61268 ns
[2025-03-19T15:35:57.607+0000][1105.496s][debug][safepoint   ] Safepoint synchronization initiated using futex wait barrier. (217 threads)
[2025-03-19T15:35:57.607+0000][1105.496s][info ][safepoint   ] Safepoint "Cleanup", Time since last: 8000601730 ns, Reaching safepoint: 114924 ns, Cleanup: 27592 ns, At safepoint: 8386 ns, Total: 150902 ns
[2025-03-19T15:35:59.607+0000][1107.496s][debug][safepoint   ] Safepoint synchronization initiated using futex wait barrier. (217 threads)
[2025-03-19T15:35:59.607+0000][1107.497s][info ][safepoint   ] Safepoint "Cleanup", Time since last: 2000172701 ns, Reaching safepoint: 116408 ns, Cleanup: 23782 ns, At safepoint: 8299 ns, Total: 148489 ns
[2025-03-19T15:36:03.608+0000][1111.497s][debug][safepoint   ] Safepoint synchronization initiated using futex wait barrier. (217 threads)
[2025-03-19T15:36:03.608+0000][1111.497s][info ][safepoint   ] Safepoint "Cleanup", Time since last: 4000287822 ns, Reaching safepoint: 48710 ns, Cleanup: 14054 ns, At safepoint: 3005 ns, Total: 65769 ns
[2025-03-19T15:36:16.609+0000][1124.498s][debug][safepoint   ] Safepoint synchronization initiated using futex wait barrier. (217 threads)
[2025-03-19T15:36:16.609+0000][1124.498s][info ][safepoint   ] Safepoint "Cleanup", Time since last: 13000965761 ns, Reaching safepoint: 65817 ns, Cleanup: 14361 ns, At safepoint: 5171 ns, Total: 85349 ns
[2025-03-19T15:36:19.609+0000][1127.498s][debug][safepoint   ] Safepoint synchronization initiated using futex wait barrier. (217 threads)
[2025-03-19T15:36:19.609+0000][1127.498s][info ][safepoint   ] Safepoint "Cleanup", Time since last: 3000405700 ns, Reaching safepoint: 84929 ns, Cleanup: 17939 ns, At safepoint: 7092 ns, Total: 109960 ns
[2025-03-19T15:36:22.610+0000][1130.499s][debug][safepoint   ] Safepoint synchronization initiated using futex wait barrier. (217 threads)
[2025-03-19T15:36:22.610+0000][1130.499s][info ][safepoint   ] Safepoint "Cleanup", Time since last: 3000379051 ns, Reaching safepoint: 81845 ns, Cleanup: 18357 ns, At safepoint: 5811 ns, Total: 106013 ns
[2025-03-19T15:36:34.535+0000][1142.424s][debug][safepoint   ] Safepoint synchronization initiated using futex wait barrier. (217 threads)
[2025-03-19T15:36:34.535+0000][1142.424s][info ][safepoint   ] Safepoint "Cleanup", Time since last: 11925315164 ns, Reaching safepoint: 141895 ns, Cleanup: 12235 ns, At safepoint: 6733 ns, Total: 160863 ns
[2025-03-19T15:36:37.535+0000][1145.425s][debug][safepoint   ] Safepoint synchronization initiated using futex wait barrier. (217 threads)
[2025-03-19T15:36:37.536+0000][1145.425s][info ][safepoint   ] Safepoint "Cleanup", Time since last: 3000228045 ns, Reaching safepoint: 100096 ns, Cleanup: 20756 ns, At safepoint: 6280 ns, Total: 127132 ns
[2025-03-19T15:36:38.536+0000][1146.425s][debug][safepoint   ] Safepoint synchronization initiated using futex wait barrier. (217 threads)
[2025-03-19T15:36:38.536+0000][1146.425s][info ][safepoint   ] Safepoint "Cleanup", Time since last: 1000094391 ns, Reaching safepoint: 127028 ns, Cleanup: 20719 ns, At safepoint: 11478 ns, Total: 159225 ns
[2025-03-19T15:36:45.040+0000][1152.929s][debug][safepoint   ] Safepoint synchronization initiated using futex wait barrier. (217 threads)
[2025-03-19T15:36:45.040+0000][1152.929s][info ][gc,start    ] GC(76) Pause Young (Normal) (G1 Evacuation Pause)
[2025-03-19T15:36:45.040+0000][1152.929s][info ][gc,task     ] GC(76) Using 4 workers of 4 for evacuation
[2025-03-19T15:36:45.056+0000][1152.945s][info ][gc,phases   ] GC(76)   Pre Evacuate Collection Set: 0.1ms
[2025-03-19T15:36:45.056+0000][1152.945s][info ][gc,phases   ] GC(76)   Merge Heap Roots: 0.1ms
[2025-03-19T15:36:45.056+0000][1152.945s][info ][gc,phases   ] GC(76)   Evacuate Collection Set: 14.6ms
[2025-03-19T15:36:45.056+0000][1152.945s][info ][gc,phases   ] GC(76)   Post Evacuate Collection Set: 1.4ms
[2025-03-19T15:36:45.056+0000][1152.945s][info ][gc,phases   ] GC(76)   Other: 0.1ms
[2025-03-19T15:36:45.056+0000][1152.945s][info ][gc,heap     ] GC(76) Eden regions: 246->0(246)
[2025-03-19T15:36:45.056+0000][1152.945s][info ][gc,heap     ] GC(76) Survivor regions: 14->14(33)
[2025-03-19T15:36:45.056+0000][1152.945s][info ][gc,heap     ] GC(76) Old regions: 175->175
[2025-03-19T15:36:45.056+0000][1152.945s][info ][gc,heap     ] GC(76) Archive regions: 2->2
[2025-03-19T15:36:45.056+0000][1152.945s][info ][gc,heap     ] GC(76) Humongous regions: 2->2
[2025-03-19T15:36:45.056+0000][1152.945s][info ][gc,metaspace] GC(76) Metaspace: 193491K(195072K)->193491K(195072K) NonClass: 170275K(171072K)->170275K(171072K) Class: 23215K(24000K)->23215K(24000K)
[2025-03-19T15:36:45.056+0000][1152.945s][info ][gc          ] GC(76) Pause Young (Normal) (G1 Evacuation Pause) 437M->191M(504M) 16.431ms
[2025-03-19T15:36:45.056+0000][1152.945s][info ][gc,cpu      ] GC(76) User=0.05s Sys=0.00s Real=0.02s
[2025-03-19T15:36:45.056+0000][1152.946s][info ][safepoint   ] Safepoint "G1CollectForAllocation", Time since last: 6503674685 ns, Reaching safepoint: 70256 ns, Cleanup: 5351 ns, At safepoint: 16706824 ns, Total: 16782431 ns
